Command line invocation:
    /Applications/Xcode.app/Contents/Developer/usr/bin/xcodebuild -workspace Trivial.xcworkspace -scheme Trivial -destination "platform=iOS Simulator,name=iPad (A16)" clean build

2025-12-22 14:06:22.202 xcodebuild[84015:4661468] [MT] IDERunDestination: Supported platforms for the buildables in the current scheme is empty.
CreateBuildRequest

SendProjectDescription

CreateBuildOperation

** CLEAN SUCCEEDED **

ComputePackagePrebuildTargetDependencyGraph

Prepare packages

CreateBuildRequest

SendProjectDescription

CreateBuildOperation

ComputeTargetDependencyGraph
note: Building targets in dependency order
note: Target dependency graph (3 targets)
    Target 'Trivial' in project 'Trivial'
        ➜ Implicit dependency on target 'Pods-Trivial' in project 'Pods' via file 'libPods-Trivial.a' in build phase 'Link Binary'
        ➜ Implicit dependency on target 'MyScriptInteractiveInk-Runtime' in project 'Pods' via options '-lMyScriptInteractiveInk-Runtime' in build setting 'OTHER_LDFLAGS'
    Target 'Pods-Trivial' in project 'Pods'
        ➜ Explicit dependency on target 'MyScriptInteractiveInk-Runtime' in project 'Pods'
    Target 'MyScriptInteractiveInk-Runtime' in project 'Pods' (no dependencies)

GatherProvisioningInputs

CreateBuildDescription

ExecuteExternalTool /Applications/Xcode.app/Contents/Developer/Toolchains/XcodeDefault.xctoolchain/usr/bin/clang -v -E -dM -isysroot /Applications/Xcode.app/Contents/Developer/Platforms/iPhoneSimulator.platform/Developer/SDKs/iPhoneSimulator26.2.sdk -x c -c /dev/null

ExecuteExternalTool /Applications/Xcode.app/Contents/Developer/Toolchains/XcodeDefault.xctoolchain/usr/bin/clang -v -E -dM -arch arm64 -isysroot /Applications/Xcode.app/Contents/Developer/Platforms/iPhoneSimulator.platform/Developer/SDKs/iPhoneSimulator26.2.sdk -x objective-c -c /dev/null

ExecuteExternalTool /Applications/Xcode.app/Contents/Developer/Toolchains/XcodeDefault.xctoolchain/usr/bin/clang -v -E -dM -arch arm64 -isysroot /Applications/Xcode.app/Contents/Developer/Platforms/iPhoneSimulator.platform/Developer/SDKs/iPhoneSimulator26.2.sdk -x c -c /dev/null

ExecuteExternalTool /Applications/Xcode.app/Contents/Developer/Toolchains/XcodeDefault.xctoolchain/usr/bin/swiftc --version

ExecuteExternalTool /Applications/Xcode.app/Contents/Developer/usr/bin/actool --print-asset-tag-combinations --output-format xml1 /Users/andrewallen/Desktop/swift_projects/Trivial/Trivial/Assets.xcassets

ExecuteExternalTool /Applications/Xcode.app/Contents/Developer/Toolchains/XcodeDefault.xctoolchain/usr/bin/libtool -V

ExecuteExternalTool /Applications/Xcode.app/Contents/Developer/usr/bin/actool --version --output-format xml1

ExecuteExternalTool /Applications/Xcode.app/Contents/Developer/Toolchains/XcodeDefault.xctoolchain/usr/bin/ld -version_details

Build description signature: 775b6f82fcd299858e578664873f5fb1
Build description path: /Users/andrewallen/Library/Developer/Xcode/DerivedData/Trivial-glmldcsxtxmqdqdrpsfrewoyidwc/Build/Intermediates.noindex/XCBuildData/775b6f82fcd299858e578664873f5fb1.xcbuilddata
ClangStatCache /Applications/Xcode.app/Contents/Developer/Toolchains/XcodeDefault.xctoolchain/usr/bin/clang-stat-cache /Applications/Xcode.app/Contents/Developer/Platforms/iPhoneSimulator.platform/Developer/SDKs/iPhoneSimulator26.2.sdk /Users/andrewallen/Library/Developer/Xcode/DerivedData/SDKStatCaches.noindex/iphonesimulator26.2-23C53-7d00a8b37fbd7999ea79df8ebc024bf0.sdkstatcache
    cd /Users/andrewallen/Desktop/swift_projects/Trivial
    /Applications/Xcode.app/Contents/Developer/Toolchains/XcodeDefault.xctoolchain/usr/bin/clang-stat-cache /Applications/Xcode.app/Contents/Developer/Platforms/iPhoneSimulator.platform/Developer/SDKs/iPhoneSimulator26.2.sdk -o /Users/andrewallen/Library/Developer/Xcode/DerivedData/SDKStatCaches.noindex/iphonesimulator26.2-23C53-7d00a8b37fbd7999ea79df8ebc024bf0.sdkstatcache

CreateBuildDirectory /Users/andrewallen/Library/Developer/Xcode/DerivedData/Trivial-glmldcsxtxmqdqdrpsfrewoyidwc/Build/Products
    cd /Users/andrewallen/Desktop/swift_projects/Trivial
    builtin-create-build-directory /Users/andrewallen/Library/Developer/Xcode/DerivedData/Trivial-glmldcsxtxmqdqdrpsfrewoyidwc/Build/Products

CreateBuildDirectory /Users/andrewallen/Library/Developer/Xcode/DerivedData/Trivial-glmldcsxtxmqdqdrpsfrewoyidwc/Build/Intermediates.noindex
    cd /Users/andrewallen/Desktop/swift_projects/Trivial
    builtin-create-build-directory /Users/andrewallen/Library/Developer/Xcode/DerivedData/Trivial-glmldcsxtxmqdqdrpsfrewoyidwc/Build/Intermediates.noindex

CreateBuildDirectory /Users/andrewallen/Library/Developer/Xcode/DerivedData/Trivial-glmldcsxtxmqdqdrpsfrewoyidwc/Build/Intermediates.noindex/SwiftExplicitPrecompiledModules
    cd /Users/andrewallen/Desktop/swift_projects/Trivial
    builtin-create-build-directory /Users/andrewallen/Library/Developer/Xcode/DerivedData/Trivial-glmldcsxtxmqdqdrpsfrewoyidwc/Build/Intermediates.noindex/SwiftExplicitPrecompiledModules

CreateBuildDirectory /Users/andrewallen/Library/Developer/Xcode/DerivedData/Trivial-glmldcsxtxmqdqdrpsfrewoyidwc/Build/Intermediates.noindex/ExplicitPrecompiledModules
    cd /Users/andrewallen/Desktop/swift_projects/Trivial
    builtin-create-build-directory /Users/andrewallen/Library/Developer/Xcode/DerivedData/Trivial-glmldcsxtxmqdqdrpsfrewoyidwc/Build/Intermediates.noindex/ExplicitPrecompiledModules

CreateBuildDirectory /Users/andrewallen/Library/Developer/Xcode/DerivedData/Trivial-glmldcsxtxmqdqdrpsfrewoyidwc/Build/Intermediates.noindex/EagerLinkingTBDs/Debug-iphonesimulator
    cd /Users/andrewallen/Desktop/swift_projects/Trivial
    builtin-create-build-directory /Users/andrewallen/Library/Developer/Xcode/DerivedData/Trivial-glmldcsxtxmqdqdrpsfrewoyidwc/Build/Intermediates.noindex/EagerLinkingTBDs/Debug-iphonesimulator

WriteAuxiliaryFile /Users/andrewallen/Library/Developer/Xcode/DerivedData/Trivial-glmldcsxtxmqdqdrpsfrewoyidwc/Build/Intermediates.noindex/Pods.build/Debug-iphonesimulator/Pods-8699adb1dd336b26511df848a716bd42-VFS-iphonesimulator/all-product-headers.yaml
    cd /Users/andrewallen/Desktop/swift_projects/Trivial
    write-file /Users/andrewallen/Library/Developer/Xcode/DerivedData/Trivial-glmldcsxtxmqdqdrpsfrewoyidwc/Build/Intermediates.noindex/Pods.build/Debug-iphonesimulator/Pods-8699adb1dd336b26511df848a716bd42-VFS-iphonesimulator/all-product-headers.yaml

WriteAuxiliaryFile /Users/andrewallen/Library/Developer/Xcode/DerivedData/Trivial-glmldcsxtxmqdqdrpsfrewoyidwc/Build/Intermediates.noindex/Trivial.build/Debug-iphonesimulator/Trivial-68c4b1fd9c03ba609f700fa03ce29a19-VFS-iphonesimulator/all-product-headers.yaml
    cd /Users/andrewallen/Desktop/swift_projects/Trivial
    write-file /Users/andrewallen/Library/Developer/Xcode/DerivedData/Trivial-glmldcsxtxmqdqdrpsfrewoyidwc/Build/Intermediates.noindex/Trivial.build/Debug-iphonesimulator/Trivial-68c4b1fd9c03ba609f700fa03ce29a19-VFS-iphonesimulator/all-product-headers.yaml

CreateBuildDirectory /Users/andrewallen/Library/Developer/Xcode/DerivedData/Trivial-glmldcsxtxmqdqdrpsfrewoyidwc/Build/Products/Debug-iphonesimulator
    cd /Users/andrewallen/Desktop/swift_projects/Trivial
    builtin-create-build-directory /Users/andrewallen/Library/Developer/Xcode/DerivedData/Trivial-glmldcsxtxmqdqdrpsfrewoyidwc/Build/Products/Debug-iphonesimulator

CreateBuildDirectory /Users/andrewallen/Library/Developer/Xcode/DerivedData/Trivial-glmldcsxtxmqdqdrpsfrewoyidwc/Build/Products/Debug-iphonesimulator/MyScriptInteractiveInk-Runtime
    cd /Users/andrewallen/Desktop/swift_projects/Trivial
    builtin-create-build-directory /Users/andrewallen/Library/Developer/Xcode/DerivedData/Trivial-glmldcsxtxmqdqdrpsfrewoyidwc/Build/Products/Debug-iphonesimulator/MyScriptInteractiveInk-Runtime

WriteAuxiliaryFile /Users/andrewallen/Library/Developer/Xcode/DerivedData/Trivial-glmldcsxtxmqdqdrpsfrewoyidwc/Build/Intermediates.noindex/Trivial.build/Debug-iphonesimulator/Trivial.build/empty-Trivial.plist (in target 'Trivial' from project 'Trivial')
    cd /Users/andrewallen/Desktop/swift_projects/Trivial
    write-file /Users/andrewallen/Library/Developer/Xcode/DerivedData/Trivial-glmldcsxtxmqdqdrpsfrewoyidwc/Build/Intermediates.noindex/Trivial.build/Debug-iphonesimulator/Trivial.build/empty-Trivial.plist

WriteAuxiliaryFile /Users/andrewallen/Library/Developer/Xcode/DerivedData/Trivial-glmldcsxtxmqdqdrpsfrewoyidwc/Build/Intermediates.noindex/Trivial.build/Debug-iphonesimulator/Trivial.build/Trivial.DependencyMetadataFileList (in target 'Trivial' from project 'Trivial')
    cd /Users/andrewallen/Desktop/swift_projects/Trivial
    write-file /Users/andrewallen/Library/Developer/Xcode/DerivedData/Trivial-glmldcsxtxmqdqdrpsfrewoyidwc/Build/Intermediates.noindex/Trivial.build/Debug-iphonesimulator/Trivial.build/Trivial.DependencyMetadataFileList

WriteAuxiliaryFile /Users/andrewallen/Library/Developer/Xcode/DerivedData/Trivial-glmldcsxtxmqdqdrpsfrewoyidwc/Build/Intermediates.noindex/Trivial.build/Debug-iphonesimulator/Trivial.build/Trivial.hmap (in target 'Trivial' from project 'Trivial')
    cd /Users/andrewallen/Desktop/swift_projects/Trivial
    write-file /Users/andrewallen/Library/Developer/Xcode/DerivedData/Trivial-glmldcsxtxmqdqdrpsfrewoyidwc/Build/Intermediates.noindex/Trivial.build/Debug-iphonesimulator/Trivial.build/Trivial.hmap

WriteAuxiliaryFile /Users/andrewallen/Library/Developer/Xcode/DerivedData/Trivial-glmldcsxtxmqdqdrpsfrewoyidwc/Build/Intermediates.noindex/Trivial.build/Debug-iphonesimulator/Trivial.build/Trivial-project-headers.hmap (in target 'Trivial' from project 'Trivial')
    cd /Users/andrewallen/Desktop/swift_projects/Trivial
    write-file /Users/andrewallen/Library/Developer/Xcode/DerivedData/Trivial-glmldcsxtxmqdqdrpsfrewoyidwc/Build/Intermediates.noindex/Trivial.build/Debug-iphonesimulator/Trivial.build/Trivial-project-headers.hmap

WriteAuxiliaryFile /Users/andrewallen/Library/Developer/Xcode/DerivedData/Trivial-glmldcsxtxmqdqdrpsfrewoyidwc/Build/Intermediates.noindex/Trivial.build/Debug-iphonesimulator/Trivial.build/Trivial-own-target-headers.hmap (in target 'Trivial' from project 'Trivial')
    cd /Users/andrewallen/Desktop/swift_projects/Trivial
    write-file /Users/andrewallen/Library/Developer/Xcode/DerivedData/Trivial-glmldcsxtxmqdqdrpsfrewoyidwc/Build/Intermediates.noindex/Trivial.build/Debug-iphonesimulator/Trivial.build/Trivial-own-target-headers.hmap

WriteAuxiliaryFile /Users/andrewallen/Library/Developer/Xcode/DerivedData/Trivial-glmldcsxtxmqdqdrpsfrewoyidwc/Build/Intermediates.noindex/Trivial.build/Debug-iphonesimulator/Trivial.build/Trivial-generated-files.hmap (in target 'Trivial' from project 'Trivial')
    cd /Users/andrewallen/Desktop/swift_projects/Trivial
    write-file /Users/andrewallen/Library/Developer/Xcode/DerivedData/Trivial-glmldcsxtxmqdqdrpsfrewoyidwc/Build/Intermediates.noindex/Trivial.build/Debug-iphonesimulator/Trivial.build/Trivial-generated-files.hmap

WriteAuxiliaryFile /Users/andrewallen/Library/Developer/Xcode/DerivedData/Trivial-glmldcsxtxmqdqdrpsfrewoyidwc/Build/Intermediates.noindex/Trivial.build/Debug-iphonesimulator/Trivial.build/Trivial.DependencyStaticMetadataFileList (in target 'Trivial' from project 'Trivial')
    cd /Users/andrewallen/Desktop/swift_projects/Trivial
    write-file /Users/andrewallen/Library/Developer/Xcode/DerivedData/Trivial-glmldcsxtxmqdqdrpsfrewoyidwc/Build/Intermediates.noindex/Trivial.build/Debug-iphonesimulator/Trivial.build/Trivial.DependencyStaticMetadataFileList

WriteAuxiliaryFile /Users/andrewallen/Library/Developer/Xcode/DerivedData/Trivial-glmldcsxtxmqdqdrpsfrewoyidwc/Build/Intermediates.noindex/Trivial.build/Debug-iphonesimulator/Trivial.build/Trivial-all-target-headers.hmap (in target 'Trivial' from project 'Trivial')
    cd /Users/andrewallen/Desktop/swift_projects/Trivial
    write-file /Users/andrewallen/Library/Developer/Xcode/DerivedData/Trivial-glmldcsxtxmqdqdrpsfrewoyidwc/Build/Intermediates.noindex/Trivial.build/Debug-iphonesimulator/Trivial.build/Trivial-all-target-headers.hmap

WriteAuxiliaryFile /Users/andrewallen/Library/Developer/Xcode/DerivedData/Trivial-glmldcsxtxmqdqdrpsfrewoyidwc/Build/Intermediates.noindex/Trivial.build/Debug-iphonesimulator/Trivial.build/Trivial-all-non-framework-target-headers.hmap (in target 'Trivial' from project 'Trivial')
    cd /Users/andrewallen/Desktop/swift_projects/Trivial
    write-file /Users/andrewallen/Library/Developer/Xcode/DerivedData/Trivial-glmldcsxtxmqdqdrpsfrewoyidwc/Build/Intermediates.noindex/Trivial.build/Debug-iphonesimulator/Trivial.build/Trivial-all-non-framework-target-headers.hmap

WriteAuxiliaryFile /Users/andrewallen/Library/Developer/Xcode/DerivedData/Trivial-glmldcsxtxmqdqdrpsfrewoyidwc/Build/Intermediates.noindex/Trivial.build/Debug-iphonesimulator/Trivial.build/Trivial-DebugDylibInstallName-normal-arm64.txt (in target 'Trivial' from project 'Trivial')
    cd /Users/andrewallen/Desktop/swift_projects/Trivial
    write-file /Users/andrewallen/Library/Developer/Xcode/DerivedData/Trivial-glmldcsxtxmqdqdrpsfrewoyidwc/Build/Intermediates.noindex/Trivial.build/Debug-iphonesimulator/Trivial.build/Trivial-DebugDylibInstallName-normal-arm64.txt

WriteAuxiliaryFile /Users/andrewallen/Library/Developer/Xcode/DerivedData/Trivial-glmldcsxtxmqdqdrpsfrewoyidwc/Build/Intermediates.noindex/Trivial.build/Debug-iphonesimulator/Trivial.build/Trivial-DebugDylibPath-normal-arm64.txt (in target 'Trivial' from project 'Trivial')
    cd /Users/andrewallen/Desktop/swift_projects/Trivial
    write-file /Users/andrewallen/Library/Developer/Xcode/DerivedData/Trivial-glmldcsxtxmqdqdrpsfrewoyidwc/Build/Intermediates.noindex/Trivial.build/Debug-iphonesimulator/Trivial.build/Trivial-DebugDylibPath-normal-arm64.txt

WriteAuxiliaryFile /Users/andrewallen/Library/Developer/Xcode/DerivedData/Trivial-glmldcsxtxmqdqdrpsfrewoyidwc/Build/Intermediates.noindex/Trivial.build/Debug-iphonesimulator/Trivial.build/Script-AEA6BC5A2EF8654800D18138.sh (in target 'Trivial' from project 'Trivial')
    cd /Users/andrewallen/Desktop/swift_projects/Trivial
    write-file /Users/andrewallen/Library/Developer/Xcode/DerivedData/Trivial-glmldcsxtxmqdqdrpsfrewoyidwc/Build/Intermediates.noindex/Trivial.build/Debug-iphonesimulator/Trivial.build/Script-AEA6BC5A2EF8654800D18138.sh

WriteAuxiliaryFile /Users/andrewallen/Library/Developer/Xcode/DerivedData/Trivial-glmldcsxtxmqdqdrpsfrewoyidwc/Build/Intermediates.noindex/Trivial.build/Debug-iphonesimulator/Trivial.build/Objects-normal/arm64/Trivial_const_extract_protocols.json (in target 'Trivial' from project 'Trivial')
    cd /Users/andrewallen/Desktop/swift_projects/Trivial
    write-file /Users/andrewallen/Library/Developer/Xcode/DerivedData/Trivial-glmldcsxtxmqdqdrpsfrewoyidwc/Build/Intermediates.noindex/Trivial.build/Debug-iphonesimulator/Trivial.build/Objects-normal/arm64/Trivial_const_extract_protocols.json

WriteAuxiliaryFile /Users/andrewallen/Library/Developer/Xcode/DerivedData/Trivial-glmldcsxtxmqdqdrpsfrewoyidwc/Build/Intermediates.noindex/Trivial.build/Debug-iphonesimulator/Trivial.build/Objects-normal/arm64/Trivial.SwiftFileList (in target 'Trivial' from project 'Trivial')
    cd /Users/andrewallen/Desktop/swift_projects/Trivial
    write-file /Users/andrewallen/Library/Developer/Xcode/DerivedData/Trivial-glmldcsxtxmqdqdrpsfrewoyidwc/Build/Intermediates.noindex/Trivial.build/Debug-iphonesimulator/Trivial.build/Objects-normal/arm64/Trivial.SwiftFileList

WriteAuxiliaryFile /Users/andrewallen/Library/Developer/Xcode/DerivedData/Trivial-glmldcsxtxmqdqdrpsfrewoyidwc/Build/Intermediates.noindex/Trivial.build/Debug-iphonesimulator/Trivial.build/Objects-normal/arm64/Trivial.SwiftConstValuesFileList (in target 'Trivial' from project 'Trivial')
    cd /Users/andrewallen/Desktop/swift_projects/Trivial
    write-file /Users/andrewallen/Library/Developer/Xcode/DerivedData/Trivial-glmldcsxtxmqdqdrpsfrewoyidwc/Build/Intermediates.noindex/Trivial.build/Debug-iphonesimulator/Trivial.build/Objects-normal/arm64/Trivial.SwiftConstValuesFileList

WriteAuxiliaryFile /Users/andrewallen/Library/Developer/Xcode/DerivedData/Trivial-glmldcsxtxmqdqdrpsfrewoyidwc/Build/Intermediates.noindex/Trivial.build/Debug-iphonesimulator/Trivial.build/Objects-normal/arm64/Trivial.LinkFileList (in target 'Trivial' from project 'Trivial')
    cd /Users/andrewallen/Desktop/swift_projects/Trivial
    write-file /Users/andrewallen/Library/Developer/Xcode/DerivedData/Trivial-glmldcsxtxmqdqdrpsfrewoyidwc/Build/Intermediates.noindex/Trivial.build/Debug-iphonesimulator/Trivial.build/Objects-normal/arm64/Trivial.LinkFileList

WriteAuxiliaryFile /Users/andrewallen/Library/Developer/Xcode/DerivedData/Trivial-glmldcsxtxmqdqdrpsfrewoyidwc/Build/Intermediates.noindex/Trivial.build/Debug-iphonesimulator/Trivial.build/Objects-normal/arm64/Trivial-OutputFileMap.json (in target 'Trivial' from project 'Trivial')
    cd /Users/andrewallen/Desktop/swift_projects/Trivial
    write-file /Users/andrewallen/Library/Developer/Xcode/DerivedData/Trivial-glmldcsxtxmqdqdrpsfrewoyidwc/Build/Intermediates.noindex/Trivial.build/Debug-iphonesimulator/Trivial.build/Objects-normal/arm64/Trivial-OutputFileMap.json

WriteAuxiliaryFile /Users/andrewallen/Library/Developer/Xcode/DerivedData/Trivial-glmldcsxtxmqdqdrpsfrewoyidwc/Build/Intermediates.noindex/Trivial.build/Debug-iphonesimulator/Trivial.build/Objects-normal/arm64/7187679823f38a2a940e0043cdf9d637-common-args.resp (in target 'Trivial' from project 'Trivial')
    cd /Users/andrewallen/Desktop/swift_projects/Trivial
    write-file /Users/andrewallen/Library/Developer/Xcode/DerivedData/Trivial-glmldcsxtxmqdqdrpsfrewoyidwc/Build/Intermediates.noindex/Trivial.build/Debug-iphonesimulator/Trivial.build/Objects-normal/arm64/7187679823f38a2a940e0043cdf9d637-common-args.resp
-target arm64-apple-ios26.2-simulator '-std=gnu17' -fmodules -gmodules '-fmodules-cache-path=/Users/andrewallen/Library/Developer/Xcode/DerivedData/ModuleCache.noindex' -fpascal-strings -O0 -fno-common '-DDEBUG=1' '-DCOCOAPODS=1' -isysroot /Applications/Xcode.app/Contents/Developer/Platforms/iPhoneSimulator.platform/Developer/SDKs/iPhoneSimulator26.2.sdk -g -iquote /Users/andrewallen/Library/Developer/Xcode/DerivedData/Trivial-glmldcsxtxmqdqdrpsfrewoyidwc/Build/Intermediates.noindex/Trivial.build/Debug-iphonesimulator/Trivial.build/Trivial-generated-files.hmap -I/Users/andrewallen/Library/Developer/Xcode/DerivedData/Trivial-glmldcsxtxmqdqdrpsfrewoyidwc/Build/Intermediates.noindex/Trivial.build/Debug-iphonesimulator/Trivial.build/Trivial-own-target-headers.hmap -I/Users/andrewallen/Library/Developer/Xcode/DerivedData/Trivial-glmldcsxtxmqdqdrpsfrewoyidwc/Build/Intermediates.noindex/Trivial.build/Debug-iphonesimulator/Trivial.build/Trivial-all-target-headers.hmap -iquote /Users/andrewallen/Library/Developer/Xcode/DerivedData/Trivial-glmldcsxtxmqdqdrpsfrewoyidwc/Build/Intermediates.noindex/Trivial.build/Debug-iphonesimulator/Trivial.build/Trivial-project-headers.hmap -iquote /Users/andrewallen/Desktop/swift_projects/Trivial/Pods/MyScriptInteractiveInk-Runtime/Frameworks/iink.framework/Headers -I/Users/andrewallen/Library/Developer/Xcode/DerivedData/Trivial-glmldcsxtxmqdqdrpsfrewoyidwc/Build/Products/Debug-iphonesimulator/include -I/Users/andrewallen/Desktop/swift_projects/Trivial/Pods/Headers/Public -I/Users/andrewallen/Desktop/swift_projects/Trivial/Pods/Headers/Public/MyScriptInteractiveInk-Runtime -I/Users/andrewallen/Library/Developer/Xcode/DerivedData/Trivial-glmldcsxtxmqdqdrpsfrewoyidwc/Build/Products/Debug-iphonesimulator/XCFrameworkIntermediates/MyScriptInteractiveInk-Runtime/Headers -I/Users/andrewallen/Library/Developer/Xcode/DerivedData/Trivial-glmldcsxtxmqdqdrpsfrewoyidwc/Build/Products/Debug-iphonesimulator/MyScriptInteractiveInk-Runtime/MyScriptInteractiveInk_Runtime.framework/Headers -I/Users/andrewallen/Library/Developer/Xcode/DerivedData/Trivial-glmldcsxtxmqdqdrpsfrewoyidwc/Build/Products/Debug-iphonesimulator/XCFrameworkIntermediates/MyScriptInteractiveInk-Runtime/Headers -I/Users/andrewallen/Desktop/swift_projects/Trivial/Pods/MyScriptInteractiveInk-Runtime/Frameworks/iink.framework/Headers -I/Users/andrewallen/Desktop/swift_projects/Trivial/Pods/Headers/Public -I/Users/andrewallen/Desktop/swift_projects/Trivial/Pods/Headers/Public/MyScriptInteractiveInk-Runtime -I/Users/andrewallen/Library/Developer/Xcode/DerivedData/Trivial-glmldcsxtxmqdqdrpsfrewoyidwc/Build/Products/Debug-iphonesimulator/XCFrameworkIntermediates/MyScriptInteractiveInk-Runtime/Headers -I/Users/andrewallen/Library/Developer/Xcode/DerivedData/Trivial-glmldcsxtxmqdqdrpsfrewoyidwc/Build/Intermediates.noindex/Trivial.build/Debug-iphonesimulator/Trivial.build/DerivedSources-normal/arm64 -I/Users/andrewallen/Library/Developer/Xcode/DerivedData/Trivial-glmldcsxtxmqdqdrpsfrewoyidwc/Build/Intermediates.noindex/Trivial.build/Debug-iphonesimulator/Trivial.build/DerivedSources/arm64 -I/Users/andrewallen/Library/Developer/Xcode/DerivedData/Trivial-glmldcsxtxmqdqdrpsfrewoyidwc/Build/Intermediates.noindex/Trivial.build/Debug-iphonesimulator/Trivial.build/DerivedSources -F/Users/andrewallen/Library/Developer/Xcode/DerivedData/Trivial-glmldcsxtxmqdqdrpsfrewoyidwc/Build/Products/Debug-iphonesimulator -F/Users/andrewallen/Desktop/swift_projects/Trivial/Pods/MyScriptInteractiveInk-Runtime '-fmodule-map-file=/Users/andrewallen/Library/Developer/Xcode/DerivedData/Trivial-glmldcsxtxmqdqdrpsfrewoyidwc/Build/Products/Debug-iphonesimulator/MyScriptInteractiveInk-Runtime/MyScriptInteractiveInk_Runtime.modulemap'

WriteAuxiliaryFile /Users/andrewallen/Library/Developer/Xcode/DerivedData/Trivial-glmldcsxtxmqdqdrpsfrewoyidwc/Build/Intermediates.noindex/Trivial.build/Debug-iphonesimulator/Trivial.build/DerivedSources/Entitlements-Simulated.plist (in target 'Trivial' from project 'Trivial')
    cd /Users/andrewallen/Desktop/swift_projects/Trivial
    write-file /Users/andrewallen/Library/Developer/Xcode/DerivedData/Trivial-glmldcsxtxmqdqdrpsfrewoyidwc/Build/Intermediates.noindex/Trivial.build/Debug-iphonesimulator/Trivial.build/DerivedSources/Entitlements-Simulated.plist

WriteAuxiliaryFile /Users/andrewallen/Library/Developer/Xcode/DerivedData/Trivial-glmldcsxtxmqdqdrpsfrewoyidwc/Build/Intermediates.noindex/Pods.build/Debug-iphonesimulator/Pods-Trivial.build/Pods-Trivial.DependencyStaticMetadataFileList (in target 'Pods-Trivial' from project 'Pods')
    cd /Users/andrewallen/Desktop/swift_projects/Trivial/Pods
    write-file /Users/andrewallen/Library/Developer/Xcode/DerivedData/Trivial-glmldcsxtxmqdqdrpsfrewoyidwc/Build/Intermediates.noindex/Pods.build/Debug-iphonesimulator/Pods-Trivial.build/Pods-Trivial.DependencyStaticMetadataFileList

WriteAuxiliaryFile /Users/andrewallen/Library/Developer/Xcode/DerivedData/Trivial-glmldcsxtxmqdqdrpsfrewoyidwc/Build/Intermediates.noindex/Pods.build/Debug-iphonesimulator/Pods-Trivial.build/Pods-Trivial.hmap (in target 'Pods-Trivial' from project 'Pods')
    cd /Users/andrewallen/Desktop/swift_projects/Trivial/Pods
    write-file /Users/andrewallen/Library/Developer/Xcode/DerivedData/Trivial-glmldcsxtxmqdqdrpsfrewoyidwc/Build/Intermediates.noindex/Pods.build/Debug-iphonesimulator/Pods-Trivial.build/Pods-Trivial.hmap

WriteAuxiliaryFile /Users/andrewallen/Library/Developer/Xcode/DerivedData/Trivial-glmldcsxtxmqdqdrpsfrewoyidwc/Build/Intermediates.noindex/Pods.build/Debug-iphonesimulator/Pods-Trivial.build/Pods-Trivial.DependencyMetadataFileList (in target 'Pods-Trivial' from project 'Pods')
    cd /Users/andrewallen/Desktop/swift_projects/Trivial/Pods
    write-file /Users/andrewallen/Library/Developer/Xcode/DerivedData/Trivial-glmldcsxtxmqdqdrpsfrewoyidwc/Build/Intermediates.noindex/Pods.build/Debug-iphonesimulator/Pods-Trivial.build/Pods-Trivial.DependencyMetadataFileList

WriteAuxiliaryFile /Users/andrewallen/Library/Developer/Xcode/DerivedData/Trivial-glmldcsxtxmqdqdrpsfrewoyidwc/Build/Intermediates.noindex/Pods.build/Debug-iphonesimulator/Pods-Trivial.build/Pods-Trivial-project-headers.hmap (in target 'Pods-Trivial' from project 'Pods')
    cd /Users/andrewallen/Desktop/swift_projects/Trivial/Pods
    write-file /Users/andrewallen/Library/Developer/Xcode/DerivedData/Trivial-glmldcsxtxmqdqdrpsfrewoyidwc/Build/Intermediates.noindex/Pods.build/Debug-iphonesimulator/Pods-Trivial.build/Pods-Trivial-project-headers.hmap

WriteAuxiliaryFile /Users/andrewallen/Library/Developer/Xcode/DerivedData/Trivial-glmldcsxtxmqdqdrpsfrewoyidwc/Build/Intermediates.noindex/Pods.build/Debug-iphonesimulator/Pods-Trivial.build/Pods-Trivial-own-target-headers.hmap (in target 'Pods-Trivial' from project 'Pods')
    cd /Users/andrewallen/Desktop/swift_projects/Trivial/Pods
    write-file /Users/andrewallen/Library/Developer/Xcode/DerivedData/Trivial-glmldcsxtxmqdqdrpsfrewoyidwc/Build/Intermediates.noindex/Pods.build/Debug-iphonesimulator/Pods-Trivial.build/Pods-Trivial-own-target-headers.hmap

WriteAuxiliaryFile /Users/andrewallen/Library/Developer/Xcode/DerivedData/Trivial-glmldcsxtxmqdqdrpsfrewoyidwc/Build/Intermediates.noindex/Pods.build/Debug-iphonesimulator/Pods-Trivial.build/Pods-Trivial-generated-files.hmap (in target 'Pods-Trivial' from project 'Pods')
    cd /Users/andrewallen/Desktop/swift_projects/Trivial/Pods
    write-file /Users/andrewallen/Library/Developer/Xcode/DerivedData/Trivial-glmldcsxtxmqdqdrpsfrewoyidwc/Build/Intermediates.noindex/Pods.build/Debug-iphonesimulator/Pods-Trivial.build/Pods-Trivial-generated-files.hmap

WriteAuxiliaryFile /Users/andrewallen/Library/Developer/Xcode/DerivedData/Trivial-glmldcsxtxmqdqdrpsfrewoyidwc/Build/Intermediates.noindex/Pods.build/Debug-iphonesimulator/Pods-Trivial.build/Pods-Trivial-all-target-headers.hmap (in target 'Pods-Trivial' from project 'Pods')
    cd /Users/andrewallen/Desktop/swift_projects/Trivial/Pods
    write-file /Users/andrewallen/Library/Developer/Xcode/DerivedData/Trivial-glmldcsxtxmqdqdrpsfrewoyidwc/Build/Intermediates.noindex/Pods.build/Debug-iphonesimulator/Pods-Trivial.build/Pods-Trivial-all-target-headers.hmap

WriteAuxiliaryFile /Users/andrewallen/Library/Developer/Xcode/DerivedData/Trivial-glmldcsxtxmqdqdrpsfrewoyidwc/Build/Intermediates.noindex/Pods.build/Debug-iphonesimulator/Pods-Trivial.build/Pods-Trivial-all-non-framework-target-headers.hmap (in target 'Pods-Trivial' from project 'Pods')
    cd /Users/andrewallen/Desktop/swift_projects/Trivial/Pods
    write-file /Users/andrewallen/Library/Developer/Xcode/DerivedData/Trivial-glmldcsxtxmqdqdrpsfrewoyidwc/Build/Intermediates.noindex/Pods.build/Debug-iphonesimulator/Pods-Trivial.build/Pods-Trivial-all-non-framework-target-headers.hmap

WriteAuxiliaryFile /Users/andrewallen/Library/Developer/Xcode/DerivedData/Trivial-glmldcsxtxmqdqdrpsfrewoyidwc/Build/Intermediates.noindex/Pods.build/Debug-iphonesimulator/Pods-Trivial.build/Objects-normal/arm64/e6072d4f65d7061329687fe24e3d63a7-common-args.resp (in target 'Pods-Trivial' from project 'Pods')
    cd /Users/andrewallen/Desktop/swift_projects/Trivial/Pods
    write-file /Users/andrewallen/Library/Developer/Xcode/DerivedData/Trivial-glmldcsxtxmqdqdrpsfrewoyidwc/Build/Intermediates.noindex/Pods.build/Debug-iphonesimulator/Pods-Trivial.build/Objects-normal/arm64/e6072d4f65d7061329687fe24e3d63a7-common-args.resp
-target arm64-apple-ios15.0-simulator '-std=gnu11' -fobjc-arc -fmodules '-fmodules-cache-path=/Users/andrewallen/Library/Developer/Xcode/DerivedData/ModuleCache.noindex' -fpascal-strings -O0 -fno-common '-DPOD_CONFIGURATION_DEBUG=1' '-DDEBUG=1' '-DCOCOAPODS=1' '-DOBJC_OLD_DISPATCH_PROTOTYPES=0' -isysroot /Applications/Xcode.app/Contents/Developer/Platforms/iPhoneSimulator.platform/Developer/SDKs/iPhoneSimulator26.2.sdk -g '-fobjc-abi-version=2' -fobjc-legacy-dispatch -iquote /Users/andrewallen/Library/Developer/Xcode/DerivedData/Trivial-glmldcsxtxmqdqdrpsfrewoyidwc/Build/Intermediates.noindex/Pods.build/Debug-iphonesimulator/Pods-Trivial.build/Pods-Trivial-generated-files.hmap -I/Users/andrewallen/Library/Developer/Xcode/DerivedData/Trivial-glmldcsxtxmqdqdrpsfrewoyidwc/Build/Intermediates.noindex/Pods.build/Debug-iphonesimulator/Pods-Trivial.build/Pods-Trivial-own-target-headers.hmap -I/Users/andrewallen/Library/Developer/Xcode/DerivedData/Trivial-glmldcsxtxmqdqdrpsfrewoyidwc/Build/Intermediates.noindex/Pods.build/Debug-iphonesimulator/Pods-Trivial.build/Pods-Trivial-all-target-headers.hmap -iquote /Users/andrewallen/Library/Developer/Xcode/DerivedData/Trivial-glmldcsxtxmqdqdrpsfrewoyidwc/Build/Intermediates.noindex/Pods.build/Debug-iphonesimulator/Pods-Trivial.build/Pods-Trivial-project-headers.hmap -I/Users/andrewallen/Library/Developer/Xcode/DerivedData/Trivial-glmldcsxtxmqdqdrpsfrewoyidwc/Build/Products/Debug-iphonesimulator/include -I/Users/andrewallen/Desktop/swift_projects/Trivial/Pods/Headers/Public -I/Users/andrewallen/Desktop/swift_projects/Trivial/Pods/Headers/Public/MyScriptInteractiveInk-Runtime -I/Users/andrewallen/Library/Developer/Xcode/DerivedData/Trivial-glmldcsxtxmqdqdrpsfrewoyidwc/Build/Products/Debug-iphonesimulator/XCFrameworkIntermediates/MyScriptInteractiveInk-Runtime/Headers -I/Users/andrewallen/Library/Developer/Xcode/DerivedData/Trivial-glmldcsxtxmqdqdrpsfrewoyidwc/Build/Intermediates.noindex/Pods.build/Debug-iphonesimulator/Pods-Trivial.build/DerivedSources-normal/arm64 -I/Users/andrewallen/Library/Developer/Xcode/DerivedData/Trivial-glmldcsxtxmqdqdrpsfrewoyidwc/Build/Intermediates.noindex/Pods.build/Debug-iphonesimulator/Pods-Trivial.build/DerivedSources/arm64 -I/Users/andrewallen/Library/Developer/Xcode/DerivedData/Trivial-glmldcsxtxmqdqdrpsfrewoyidwc/Build/Intermediates.noindex/Pods.build/Debug-iphonesimulator/Pods-Trivial.build/DerivedSources -F/Users/andrewallen/Library/Developer/Xcode/DerivedData/Trivial-glmldcsxtxmqdqdrpsfrewoyidwc/Build/Products/Debug-iphonesimulator -F/Users/andrewallen/Desktop/swift_projects/Trivial/Pods/MyScriptInteractiveInk-Runtime '-fmodule-map-file=/Users/andrewallen/Library/Developer/Xcode/DerivedData/Trivial-glmldcsxtxmqdqdrpsfrewoyidwc/Build/Products/Debug-iphonesimulator/MyScriptInteractiveInk-Runtime/MyScriptInteractiveInk_Runtime.modulemap'

WriteAuxiliaryFile /Users/andrewallen/Library/Developer/Xcode/DerivedData/Trivial-glmldcsxtxmqdqdrpsfrewoyidwc/Build/Intermediates.noindex/Pods.build/Debug-iphonesimulator/Pods-Trivial.build/Objects-normal/arm64/Pods-Trivial.LinkFileList (in target 'Pods-Trivial' from project 'Pods')
    cd /Users/andrewallen/Desktop/swift_projects/Trivial/Pods
    write-file /Users/andrewallen/Library/Developer/Xcode/DerivedData/Trivial-glmldcsxtxmqdqdrpsfrewoyidwc/Build/Intermediates.noindex/Pods.build/Debug-iphonesimulator/Pods-Trivial.build/Objects-normal/arm64/Pods-Trivial.LinkFileList

MkDir /Users/andrewallen/Library/Developer/Xcode/DerivedData/Trivial-glmldcsxtxmqdqdrpsfrewoyidwc/Build/Products/Debug-iphonesimulator/Trivial.app (in target 'Trivial' from project 'Trivial')
    cd /Users/andrewallen/Desktop/swift_projects/Trivial
    /bin/mkdir -p /Users/andrewallen/Library/Developer/Xcode/DerivedData/Trivial-glmldcsxtxmqdqdrpsfrewoyidwc/Build/Products/Debug-iphonesimulator/Trivial.app

WriteAuxiliaryFile /Users/andrewallen/Library/Developer/Xcode/DerivedData/Trivial-glmldcsxtxmqdqdrpsfrewoyidwc/Build/Intermediates.noindex/Pods.build/Debug-iphonesimulator/MyScriptInteractiveInk-Runtime.build/Script-39CDEF633587C8ABCC20EB5BD6520245.sh (in target 'MyScriptInteractiveInk-Runtime' from project 'Pods')
    cd /Users/andrewallen/Desktop/swift_projects/Trivial/Pods
    write-file /Users/andrewallen/Library/Developer/Xcode/DerivedData/Trivial-glmldcsxtxmqdqdrpsfrewoyidwc/Build/Intermediates.noindex/Pods.build/Debug-iphonesimulator/MyScriptInteractiveInk-Runtime.build/Script-39CDEF633587C8ABCC20EB5BD6520245.sh

WriteAuxiliaryFile /Users/andrewallen/Library/Developer/Xcode/DerivedData/Trivial-glmldcsxtxmqdqdrpsfrewoyidwc/Build/Intermediates.noindex/Pods.build/Debug-iphonesimulator/MyScriptInteractiveInk-Runtime.build/OutputFileList-39CDEF633587C8ABCC20EB5BD6520245-MyScriptInteractiveInk-Runtime-xcframeworks-output-files-e576c35660c1725856dae93e2e365bff-resolved.xcfilelist (in target 'MyScriptInteractiveInk-Runtime' from project 'Pods')
    cd /Users/andrewallen/Desktop/swift_projects/Trivial/Pods
    write-file /Users/andrewallen/Library/Developer/Xcode/DerivedData/Trivial-glmldcsxtxmqdqdrpsfrewoyidwc/Build/Intermediates.noindex/Pods.build/Debug-iphonesimulator/MyScriptInteractiveInk-Runtime.build/OutputFileList-39CDEF633587C8ABCC20EB5BD6520245-MyScriptInteractiveInk-Runtime-xcframeworks-output-files-e576c35660c1725856dae93e2e365bff-resolved.xcfilelist

WriteAuxiliaryFile /Users/andrewallen/Library/Developer/Xcode/DerivedData/Trivial-glmldcsxtxmqdqdrpsfrewoyidwc/Build/Intermediates.noindex/Pods.build/Debug-iphonesimulator/MyScriptInteractiveInk-Runtime.build/Script-4A7B4ECFEDB50C2F025F224FD29FFEA9.sh (in target 'MyScriptInteractiveInk-Runtime' from project 'Pods')
    cd /Users/andrewallen/Desktop/swift_projects/Trivial/Pods
    write-file /Users/andrewallen/Library/Developer/Xcode/DerivedData/Trivial-glmldcsxtxmqdqdrpsfrewoyidwc/Build/Intermediates.noindex/Pods.build/Debug-iphonesimulator/MyScriptInteractiveInk-Runtime.build/Script-4A7B4ECFEDB50C2F025F224FD29FFEA9.sh

WriteAuxiliaryFile /Users/andrewallen/Library/Developer/Xcode/DerivedData/Trivial-glmldcsxtxmqdqdrpsfrewoyidwc/Build/Intermediates.noindex/Pods.build/Debug-iphonesimulator/MyScriptInteractiveInk-Runtime.build/Objects-normal/arm64/e6072d4f65d7061329687fe24e3d63a7-common-args.resp (in target 'MyScriptInteractiveInk-Runtime' from project 'Pods')
    cd /Users/andrewallen/Desktop/swift_projects/Trivial/Pods
    write-file /Users/andrewallen/Library/Developer/Xcode/DerivedData/Trivial-glmldcsxtxmqdqdrpsfrewoyidwc/Build/Intermediates.noindex/Pods.build/Debug-iphonesimulator/MyScriptInteractiveInk-Runtime.build/Objects-normal/arm64/e6072d4f65d7061329687fe24e3d63a7-common-args.resp
-target arm64-apple-ios13.0-simulator '-std=gnu11' -fobjc-arc -fmodules '-fmodules-cache-path=/Users/andrewallen/Library/Developer/Xcode/DerivedData/ModuleCache.noindex' -fpascal-strings -O0 -fno-common '-DPOD_CONFIGURATION_DEBUG=1' '-DDEBUG=1' '-DCOCOAPODS=1' '-DOBJC_OLD_DISPATCH_PROTOTYPES=0' -isysroot /Applications/Xcode.app/Contents/Developer/Platforms/iPhoneSimulator.platform/Developer/SDKs/iPhoneSimulator26.2.sdk -g '-fobjc-abi-version=2' -fobjc-legacy-dispatch -iquote /Users/andrewallen/Library/Developer/Xcode/DerivedData/Trivial-glmldcsxtxmqdqdrpsfrewoyidwc/Build/Intermediates.noindex/Pods.build/Debug-iphonesimulator/MyScriptInteractiveInk-Runtime.build/MyScriptInteractiveInk-Runtime-generated-files.hmap -I/Users/andrewallen/Library/Developer/Xcode/DerivedData/Trivial-glmldcsxtxmqdqdrpsfrewoyidwc/Build/Intermediates.noindex/Pods.build/Debug-iphonesimulator/MyScriptInteractiveInk-Runtime.build/MyScriptInteractiveInk-Runtime-own-target-headers.hmap -I/Users/andrewallen/Library/Developer/Xcode/DerivedData/Trivial-glmldcsxtxmqdqdrpsfrewoyidwc/Build/Intermediates.noindex/Pods.build/Debug-iphonesimulator/MyScriptInteractiveInk-Runtime.build/MyScriptInteractiveInk-Runtime-all-target-headers.hmap -iquote /Users/andrewallen/Library/Developer/Xcode/DerivedData/Trivial-glmldcsxtxmqdqdrpsfrewoyidwc/Build/Intermediates.noindex/Pods.build/Debug-iphonesimulator/MyScriptInteractiveInk-Runtime.build/MyScriptInteractiveInk-Runtime-project-headers.hmap -I/Users/andrewallen/Library/Developer/Xcode/DerivedData/Trivial-glmldcsxtxmqdqdrpsfrewoyidwc/Build/Products/Debug-iphonesimulator/MyScriptInteractiveInk-Runtime/include -I/Users/andrewallen/Desktop/swift_projects/Trivial/Pods/Headers/Private -I/Users/andrewallen/Desktop/swift_projects/Trivial/Pods/Headers/Private/MyScriptInteractiveInk-Runtime -I/Users/andrewallen/Desktop/swift_projects/Trivial/Pods/Headers/Public -I/Users/andrewallen/Desktop/swift_projects/Trivial/Pods/Headers/Public/MyScriptInteractiveInk-Runtime -I/Users/andrewallen/Library/Developer/Xcode/DerivedData/Trivial-glmldcsxtxmqdqdrpsfrewoyidwc/Build/Products/Debug-iphonesimulator/XCFrameworkIntermediates/MyScriptInteractiveInk-Runtime/Headers -I/Users/andrewallen/Library/Developer/Xcode/DerivedData/Trivial-glmldcsxtxmqdqdrpsfrewoyidwc/Build/Products/Debug-iphonesimulator/XCFrameworkIntermediates/MyScriptInteractiveInk-Runtime/Headers -I/Users/andrewallen/Library/Developer/Xcode/DerivedData/Trivial-glmldcsxtxmqdqdrpsfrewoyidwc/Build/Products/Debug-iphonesimulator/XCFrameworkIntermediates/MyScriptInteractiveInk-Runtime/Headers -I/Users/andrewallen/Library/Developer/Xcode/DerivedData/Trivial-glmldcsxtxmqdqdrpsfrewoyidwc/Build/Products/Debug-iphonesimulator/XCFrameworkIntermediates/MyScriptInteractiveInk-Runtime/Headers -I/Users/andrewallen/Library/Developer/Xcode/DerivedData/Trivial-glmldcsxtxmqdqdrpsfrewoyidwc/Build/Products/Debug-iphonesimulator/XCFrameworkIntermediates/MyScriptInteractiveInk-Runtime/Headers -I/Users/andrewallen/Library/Developer/Xcode/DerivedData/Trivial-glmldcsxtxmqdqdrpsfrewoyidwc/Build/Products/Debug-iphonesimulator/XCFrameworkIntermediates/MyScriptInteractiveInk-Runtime/Headers -I/Users/andrewallen/Library/Developer/Xcode/DerivedData/Trivial-glmldcsxtxmqdqdrpsfrewoyidwc/Build/Products/Debug-iphonesimulator/XCFrameworkIntermediates/MyScriptInteractiveInk-Runtime/Headers -I/Users/andrewallen/Library/Developer/Xcode/DerivedData/Trivial-glmldcsxtxmqdqdrpsfrewoyidwc/Build/Products/Debug-iphonesimulator/XCFrameworkIntermediates/MyScriptInteractiveInk-Runtime/Headers -I/Users/andrewallen/Library/Developer/Xcode/DerivedData/Trivial-glmldcsxtxmqdqdrpsfrewoyidwc/Build/Products/Debug-iphonesimulator/XCFrameworkIntermediates/MyScriptInteractiveInk-Runtime/Headers -I/Users/andrewallen/Library/Developer/Xcode/DerivedData/Trivial-glmldcsxtxmqdqdrpsfrewoyidwc/Build/Products/Debug-iphonesimulator/XCFrameworkIntermediates/MyScriptInteractiveInk-Runtime/Headers -I/Users/andrewallen/Library/Developer/Xcode/DerivedData/Trivial-glmldcsxtxmqdqdrpsfrewoyidwc/Build/Products/Debug-iphonesimulator/XCFrameworkIntermediates/MyScriptInteractiveInk-Runtime/Headers -I/Users/andrewallen/Library/Developer/Xcode/DerivedData/Trivial-glmldcsxtxmqdqdrpsfrewoyidwc/Build/Intermediates.noindex/Pods.build/Debug-iphonesimulator/MyScriptInteractiveInk-Runtime.build/DerivedSources-normal/arm64 -I/Users/andrewallen/Library/Developer/Xcode/DerivedData/Trivial-glmldcsxtxmqdqdrpsfrewoyidwc/Build/Intermediates.noindex/Pods.build/Debug-iphonesimulator/MyScriptInteractiveInk-Runtime.build/DerivedSources/arm64 -I/Users/andrewallen/Library/Developer/Xcode/DerivedData/Trivial-glmldcsxtxmqdqdrpsfrewoyidwc/Build/Intermediates.noindex/Pods.build/Debug-iphonesimulator/MyScriptInteractiveInk-Runtime.build/DerivedSources -F/Users/andrewallen/Library/Developer/Xcode/DerivedData/Trivial-glmldcsxtxmqdqdrpsfrewoyidwc/Build/Products/Debug-iphonesimulator/MyScriptInteractiveInk-Runtime -F/Users/andrewallen/Desktop/swift_projects/Trivial/Pods/MyScriptInteractiveInk-Runtime

WriteAuxiliaryFile /Users/andrewallen/Library/Developer/Xcode/DerivedData/Trivial-glmldcsxtxmqdqdrpsfrewoyidwc/Build/Intermediates.noindex/Pods.build/Debug-iphonesimulator/MyScriptInteractiveInk-Runtime.build/Objects-normal/arm64/MyScriptInteractiveInk-Runtime.SwiftFileList (in target 'MyScriptInteractiveInk-Runtime' from project 'Pods')
    cd /Users/andrewallen/Desktop/swift_projects/Trivial/Pods
    write-file /Users/andrewallen/Library/Developer/Xcode/DerivedData/Trivial-glmldcsxtxmqdqdrpsfrewoyidwc/Build/Intermediates.noindex/Pods.build/Debug-iphonesimulator/MyScriptInteractiveInk-Runtime.build/Objects-normal/arm64/MyScriptInteractiveInk-Runtime.SwiftFileList

WriteAuxiliaryFile /Users/andrewallen/Library/Developer/Xcode/DerivedData/Trivial-glmldcsxtxmqdqdrpsfrewoyidwc/Build/Intermediates.noindex/Pods.build/Debug-iphonesimulator/MyScriptInteractiveInk-Runtime.build/Objects-normal/arm64/MyScriptInteractiveInk-Runtime_const_extract_protocols.json (in target 'MyScriptInteractiveInk-Runtime' from project 'Pods')
    cd /Users/andrewallen/Desktop/swift_projects/Trivial/Pods
    write-file /Users/andrewallen/Library/Developer/Xcode/DerivedData/Trivial-glmldcsxtxmqdqdrpsfrewoyidwc/Build/Intermediates.noindex/Pods.build/Debug-iphonesimulator/MyScriptInteractiveInk-Runtime.build/Objects-normal/arm64/MyScriptInteractiveInk-Runtime_const_extract_protocols.json

WriteAuxiliaryFile /Users/andrewallen/Library/Developer/Xcode/DerivedData/Trivial-glmldcsxtxmqdqdrpsfrewoyidwc/Build/Intermediates.noindex/Pods.build/Debug-iphonesimulator/MyScriptInteractiveInk-Runtime.build/Objects-normal/arm64/MyScriptInteractiveInk-Runtime.SwiftConstValuesFileList (in target 'MyScriptInteractiveInk-Runtime' from project 'Pods')
    cd /Users/andrewallen/Desktop/swift_projects/Trivial/Pods
    write-file /Users/andrewallen/Library/Developer/Xcode/DerivedData/Trivial-glmldcsxtxmqdqdrpsfrewoyidwc/Build/Intermediates.noindex/Pods.build/Debug-iphonesimulator/MyScriptInteractiveInk-Runtime.build/Objects-normal/arm64/MyScriptInteractiveInk-Runtime.SwiftConstValuesFileList

WriteAuxiliaryFile /Users/andrewallen/Library/Developer/Xcode/DerivedData/Trivial-glmldcsxtxmqdqdrpsfrewoyidwc/Build/Intermediates.noindex/Pods.build/Debug-iphonesimulator/MyScriptInteractiveInk-Runtime.build/Objects-normal/arm64/MyScriptInteractiveInk-Runtime.LinkFileList (in target 'MyScriptInteractiveInk-Runtime' from project 'Pods')
    cd /Users/andrewallen/Desktop/swift_projects/Trivial/Pods
    write-file /Users/andrewallen/Library/Developer/Xcode/DerivedData/Trivial-glmldcsxtxmqdqdrpsfrewoyidwc/Build/Intermediates.noindex/Pods.build/Debug-iphonesimulator/MyScriptInteractiveInk-Runtime.build/Objects-normal/arm64/MyScriptInteractiveInk-Runtime.LinkFileList

WriteAuxiliaryFile /Users/andrewallen/Library/Developer/Xcode/DerivedData/Trivial-glmldcsxtxmqdqdrpsfrewoyidwc/Build/Intermediates.noindex/Pods.build/Debug-iphonesimulator/MyScriptInteractiveInk-Runtime.build/Objects-normal/arm64/MyScriptInteractiveInk-Runtime-OutputFileMap.json (in target 'MyScriptInteractiveInk-Runtime' from project 'Pods')
    cd /Users/andrewallen/Desktop/swift_projects/Trivial/Pods
    write-file /Users/andrewallen/Library/Developer/Xcode/DerivedData/Trivial-glmldcsxtxmqdqdrpsfrewoyidwc/Build/Intermediates.noindex/Pods.build/Debug-iphonesimulator/MyScriptInteractiveInk-Runtime.build/Objects-normal/arm64/MyScriptInteractiveInk-Runtime-OutputFileMap.json

WriteAuxiliaryFile /Users/andrewallen/Library/Developer/Xcode/DerivedData/Trivial-glmldcsxtxmqdqdrpsfrewoyidwc/Build/Intermediates.noindex/Pods.build/Debug-iphonesimulator/MyScriptInteractiveInk-Runtime.build/MyScriptInteractiveInk-Runtime.hmap (in target 'MyScriptInteractiveInk-Runtime' from project 'Pods')
    cd /Users/andrewallen/Desktop/swift_projects/Trivial/Pods
    write-file /Users/andrewallen/Library/Developer/Xcode/DerivedData/Trivial-glmldcsxtxmqdqdrpsfrewoyidwc/Build/Intermediates.noindex/Pods.build/Debug-iphonesimulator/MyScriptInteractiveInk-Runtime.build/MyScriptInteractiveInk-Runtime.hmap

WriteAuxiliaryFile /Users/andrewallen/Library/Developer/Xcode/DerivedData/Trivial-glmldcsxtxmqdqdrpsfrewoyidwc/Build/Intermediates.noindex/Pods.build/Debug-iphonesimulator/MyScriptInteractiveInk-Runtime.build/MyScriptInteractiveInk-Runtime.DependencyStaticMetadataFileList (in target 'MyScriptInteractiveInk-Runtime' from project 'Pods')
    cd /Users/andrewallen/Desktop/swift_projects/Trivial/Pods
    write-file /Users/andrewallen/Library/Developer/Xcode/DerivedData/Trivial-glmldcsxtxmqdqdrpsfrewoyidwc/Build/Intermediates.noindex/Pods.build/Debug-iphonesimulator/MyScriptInteractiveInk-Runtime.build/MyScriptInteractiveInk-Runtime.DependencyStaticMetadataFileList

WriteAuxiliaryFile /Users/andrewallen/Library/Developer/Xcode/DerivedData/Trivial-glmldcsxtxmqdqdrpsfrewoyidwc/Build/Intermediates.noindex/Pods.build/Debug-iphonesimulator/MyScriptInteractiveInk-Runtime.build/MyScriptInteractiveInk-Runtime.DependencyMetadataFileList (in target 'MyScriptInteractiveInk-Runtime' from project 'Pods')
    cd /Users/andrewallen/Desktop/swift_projects/Trivial/Pods
    write-file /Users/andrewallen/Library/Developer/Xcode/DerivedData/Trivial-glmldcsxtxmqdqdrpsfrewoyidwc/Build/Intermediates.noindex/Pods.build/Debug-iphonesimulator/MyScriptInteractiveInk-Runtime.build/MyScriptInteractiveInk-Runtime.DependencyMetadataFileList

WriteAuxiliaryFile /Users/andrewallen/Library/Developer/Xcode/DerivedData/Trivial-glmldcsxtxmqdqdrpsfrewoyidwc/Build/Intermediates.noindex/Pods.build/Debug-iphonesimulator/MyScriptInteractiveInk-Runtime.build/MyScriptInteractiveInk-Runtime-project-headers.hmap (in target 'MyScriptInteractiveInk-Runtime' from project 'Pods')
    cd /Users/andrewallen/Desktop/swift_projects/Trivial/Pods
    write-file /Users/andrewallen/Library/Developer/Xcode/DerivedData/Trivial-glmldcsxtxmqdqdrpsfrewoyidwc/Build/Intermediates.noindex/Pods.build/Debug-iphonesimulator/MyScriptInteractiveInk-Runtime.build/MyScriptInteractiveInk-Runtime-project-headers.hmap

WriteAuxiliaryFile /Users/andrewallen/Library/Developer/Xcode/DerivedData/Trivial-glmldcsxtxmqdqdrpsfrewoyidwc/Build/Intermediates.noindex/Pods.build/Debug-iphonesimulator/MyScriptInteractiveInk-Runtime.build/MyScriptInteractiveInk-Runtime-own-target-headers.hmap (in target 'MyScriptInteractiveInk-Runtime' from project 'Pods')
    cd /Users/andrewallen/Desktop/swift_projects/Trivial/Pods
    write-file /Users/andrewallen/Library/Developer/Xcode/DerivedData/Trivial-glmldcsxtxmqdqdrpsfrewoyidwc/Build/Intermediates.noindex/Pods.build/Debug-iphonesimulator/MyScriptInteractiveInk-Runtime.build/MyScriptInteractiveInk-Runtime-own-target-headers.hmap

WriteAuxiliaryFile /Users/andrewallen/Library/Developer/Xcode/DerivedData/Trivial-glmldcsxtxmqdqdrpsfrewoyidwc/Build/Intermediates.noindex/Pods.build/Debug-iphonesimulator/MyScriptInteractiveInk-Runtime.build/MyScriptInteractiveInk-Runtime-generated-files.hmap (in target 'MyScriptInteractiveInk-Runtime' from project 'Pods')
    cd /Users/andrewallen/Desktop/swift_projects/Trivial/Pods
    write-file /Users/andrewallen/Library/Developer/Xcode/DerivedData/Trivial-glmldcsxtxmqdqdrpsfrewoyidwc/Build/Intermediates.noindex/Pods.build/Debug-iphonesimulator/MyScriptInteractiveInk-Runtime.build/MyScriptInteractiveInk-Runtime-generated-files.hmap

WriteAuxiliaryFile /Users/andrewallen/Library/Developer/Xcode/DerivedData/Trivial-glmldcsxtxmqdqdrpsfrewoyidwc/Build/Intermediates.noindex/Pods.build/Debug-iphonesimulator/MyScriptInteractiveInk-Runtime.build/MyScriptInteractiveInk-Runtime-all-target-headers.hmap (in target 'MyScriptInteractiveInk-Runtime' from project 'Pods')
    cd /Users/andrewallen/Desktop/swift_projects/Trivial/Pods
    write-file /Users/andrewallen/Library/Developer/Xcode/DerivedData/Trivial-glmldcsxtxmqdqdrpsfrewoyidwc/Build/Intermediates.noindex/Pods.build/Debug-iphonesimulator/MyScriptInteractiveInk-Runtime.build/MyScriptInteractiveInk-Runtime-all-target-headers.hmap

WriteAuxiliaryFile /Users/andrewallen/Library/Developer/Xcode/DerivedData/Trivial-glmldcsxtxmqdqdrpsfrewoyidwc/Build/Intermediates.noindex/Pods.build/Debug-iphonesimulator/MyScriptInteractiveInk-Runtime.build/MyScriptInteractiveInk-Runtime-all-non-framework-target-headers.hmap (in target 'MyScriptInteractiveInk-Runtime' from project 'Pods')
    cd /Users/andrewallen/Desktop/swift_projects/Trivial/Pods
    write-file /Users/andrewallen/Library/Developer/Xcode/DerivedData/Trivial-glmldcsxtxmqdqdrpsfrewoyidwc/Build/Intermediates.noindex/Pods.build/Debug-iphonesimulator/MyScriptInteractiveInk-Runtime.build/MyScriptInteractiveInk-Runtime-all-non-framework-target-headers.hmap

WriteAuxiliaryFile /Users/andrewallen/Library/Developer/Xcode/DerivedData/Trivial-glmldcsxtxmqdqdrpsfrewoyidwc/Build/Intermediates.noindex/Pods.build/Debug-iphonesimulator/MyScriptInteractiveInk-Runtime.build/InputFileList-39CDEF633587C8ABCC20EB5BD6520245-MyScriptInteractiveInk-Runtime-xcframeworks-input-files-8f852a41a9df7be6a4f68341dee18313-resolved.xcfilelist (in target 'MyScriptInteractiveInk-Runtime' from project 'Pods')
    cd /Users/andrewallen/Desktop/swift_projects/Trivial/Pods
    write-file /Users/andrewallen/Library/Developer/Xcode/DerivedData/Trivial-glmldcsxtxmqdqdrpsfrewoyidwc/Build/Intermediates.noindex/Pods.build/Debug-iphonesimulator/MyScriptInteractiveInk-Runtime.build/InputFileList-39CDEF633587C8ABCC20EB5BD6520245-MyScriptInteractiveInk-Runtime-xcframeworks-input-files-8f852a41a9df7be6a4f68341dee18313-resolved.xcfilelist

PhaseScriptExecution [CP]\ Copy\ XCFrameworks /Users/andrewallen/Library/Developer/Xcode/DerivedData/Trivial-glmldcsxtxmqdqdrpsfrewoyidwc/Build/Intermediates.noindex/Pods.build/Debug-iphonesimulator/MyScriptInteractiveInk-Runtime.build/Script-39CDEF633587C8ABCC20EB5BD6520245.sh (in target 'MyScriptInteractiveInk-Runtime' from project 'Pods')
    cd /Users/andrewallen/Desktop/swift_projects/Trivial/Pods
    /bin/sh -c /Users/andrewallen/Library/Developer/Xcode/DerivedData/Trivial-glmldcsxtxmqdqdrpsfrewoyidwc/Build/Intermediates.noindex/Pods.build/Debug-iphonesimulator/MyScriptInteractiveInk-Runtime.build/Script-39CDEF633587C8ABCC20EB5BD6520245.sh
Selected xcframework slice ios-arm64_x86_64-simulator
rsync --delete -av --filter P .*.?????? --links --filter "- CVS/" --filter "- .svn/" --filter "- .git/" --filter "- .hg/" "/Users/andrewallen/Desktop/swift_projects/Trivial/Pods/MyScriptInteractiveInk-Runtime/libMyScript2D.xcframework/ios-arm64_x86_64-simulator/*" "/Users/andrewallen/Library/Developer/Xcode/DerivedData/Trivial-glmldcsxtxmqdqdrpsfrewoyidwc/Build/Products/Debug-iphonesimulator/XCFrameworkIntermediates/MyScriptInteractiveInk-Runtime"
Transfer starting: 1 files
libMyScript2D.a

sent 1230038 bytes  received 42 bytes  151861728 bytes/sec
total size is 1229688  speedup is 1.00
Copied /Users/andrewallen/Desktop/swift_projects/Trivial/Pods/MyScriptInteractiveInk-Runtime/libMyScript2D.xcframework/ios-arm64_x86_64-simulator to /Users/andrewallen/Library/Developer/Xcode/DerivedData/Trivial-glmldcsxtxmqdqdrpsfrewoyidwc/Build/Products/Debug-iphonesimulator/XCFrameworkIntermediates/MyScriptInteractiveInk-Runtime
Selected xcframework slice ios-arm64_x86_64-simulator
rsync --delete -av --filter P .*.?????? --links --filter "- CVS/" --filter "- .svn/" --filter "- .git/" --filter "- .hg/" "/Users/andrewallen/Desktop/swift_projects/Trivial/Pods/MyScriptInteractiveInk-Runtime/libMyScriptAnalyzer.xcframework/ios-arm64_x86_64-simulator/*" "/Users/andrewallen/Library/Developer/Xcode/DerivedData/Trivial-glmldcsxtxmqdqdrpsfrewoyidwc/Build/Products/Debug-iphonesimulator/XCFrameworkIntermediates/MyScriptInteractiveInk-Runtime"
Transfer starting: 1 files
libMyScriptAnalyzer.a

sent 1706520 bytes  received 42 bytes  187534285 bytes/sec
total size is 1706104  speedup is 1.00
Copied /Users/andrewallen/Desktop/swift_projects/Trivial/Pods/MyScriptInteractiveInk-Runtime/libMyScriptAnalyzer.xcframework/ios-arm64_x86_64-simulator to /Users/andrewallen/Library/Developer/Xcode/DerivedData/Trivial-glmldcsxtxmqdqdrpsfrewoyidwc/Build/Products/Debug-iphonesimulator/XCFrameworkIntermediates/MyScriptInteractiveInk-Runtime
Selected xcframework slice ios-arm64_x86_64-simulator
rsync --delete -av --filter P .*.?????? --links --filter "- CVS/" --filter "- .svn/" --filter "- .git/" --filter "- .hg/" "/Users/andrewallen/Desktop/swift_projects/Trivial/Pods/MyScriptInteractiveInk-Runtime/libMyScriptDocument.xcframework/ios-arm64_x86_64-simulator/*" "/Users/andrewallen/Library/Developer/Xcode/DerivedData/Trivial-glmldcsxtxmqdqdrpsfrewoyidwc/Build/Products/Debug-iphonesimulator/XCFrameworkIntermediates/MyScriptInteractiveInk-Runtime"
Transfer starting: 1 files
libMyScriptDocument.a

sent 6817088 bytes  received 42 bytes  194220227 bytes/sec
total size is 6816048  speedup is 1.00
Copied /Users/andrewallen/Desktop/swift_projects/Trivial/Pods/MyScriptInteractiveInk-Runtime/libMyScriptDocument.xcframework/ios-arm64_x86_64-simulator to /Users/andrewallen/Library/Developer/Xcode/DerivedData/Trivial-glmldcsxtxmqdqdrpsfrewoyidwc/Build/Products/Debug-iphonesimulator/XCFrameworkIntermediates/MyScriptInteractiveInk-Runtime
Selected xcframework slice ios-arm64_x86_64-simulator
rsync --delete -av --filter P .*.?????? --links --filter "- CVS/" --filter "- .svn/" --filter "- .git/" --filter "- .hg/" "/Users/andrewallen/Desktop/swift_projects/Trivial/Pods/MyScriptInteractiveInk-Runtime/libMyScriptGesture.xcframework/ios-arm64_x86_64-simulator/*" "/Users/andrewallen/Library/Developer/Xcode/DerivedData/Trivial-glmldcsxtxmqdqdrpsfrewoyidwc/Build/Products/Debug-iphonesimulator/XCFrameworkIntermediates/MyScriptInteractiveInk-Runtime"
Transfer starting: 1 files
libMyScriptGesture.a

sent 1410875 bytes  received 42 bytes  198720704 bytes/sec
total size is 1410496  speedup is 1.00
Copied /Users/andrewallen/Desktop/swift_projects/Trivial/Pods/MyScriptInteractiveInk-Runtime/libMyScriptGesture.xcframework/ios-arm64_x86_64-simulator to /Users/andrewallen/Library/Developer/Xcode/DerivedData/Trivial-glmldcsxtxmqdqdrpsfrewoyidwc/Build/Products/Debug-iphonesimulator/XCFrameworkIntermediates/MyScriptInteractiveInk-Runtime
Selected xcframework slice ios-arm64_x86_64-simulator
rsync --delete -av --filter P .*.?????? --links --filter "- CVS/" --filter "- .svn/" --filter "- .git/" --filter "- .hg/" "/Users/andrewallen/Desktop/swift_projects/Trivial/Pods/MyScriptInteractiveInk-Runtime/libMyScriptInk.xcframework/ios-arm64_x86_64-simulator/*" "/Users/andrewallen/Library/Developer/Xcode/DerivedData/Trivial-glmldcsxtxmqdqdrpsfrewoyidwc/Build/Products/Debug-iphonesimulator/XCFrameworkIntermediates/MyScriptInteractiveInk-Runtime"
Transfer starting: 1 files
libMyScriptInk.a

sent 2592351 bytes  received 42 bytes  183857659 bytes/sec
total size is 2591832  speedup is 1.00
Copied /Users/andrewallen/Desktop/swift_projects/Trivial/Pods/MyScriptInteractiveInk-Runtime/libMyScriptInk.xcframework/ios-arm64_x86_64-simulator to /Users/andrewallen/Library/Developer/Xcode/DerivedData/Trivial-glmldcsxtxmqdqdrpsfrewoyidwc/Build/Products/Debug-iphonesimulator/XCFrameworkIntermediates/MyScriptInteractiveInk-Runtime
Selected xcframework slice ios-arm64_x86_64-simulator
rsync --delete -av --filter P .*.?????? --links --filter "- CVS/" --filter "- .svn/" --filter "- .git/" --filter "- .hg/" "/Users/andrewallen/Desktop/swift_projects/Trivial/Pods/MyScriptInteractiveInk-Runtime/libMyScriptMath.xcframework/ios-arm64_x86_64-simulator/*" "/Users/andrewallen/Library/Developer/Xcode/DerivedData/Trivial-glmldcsxtxmqdqdrpsfrewoyidwc/Build/Products/Debug-iphonesimulator/XCFrameworkIntermediates/MyScriptInteractiveInk-Runtime"
Transfer starting: 1 files
libMyScriptMath.a

sent 1716188 bytes  received 42 bytes  188596703 bytes/sec
total size is 1715776  speedup is 1.00
Copied /Users/andrewallen/Desktop/swift_projects/Trivial/Pods/MyScriptInteractiveInk-Runtime/libMyScriptMath.xcframework/ios-arm64_x86_64-simulator to /Users/andrewallen/Library/Developer/Xcode/DerivedData/Trivial-glmldcsxtxmqdqdrpsfrewoyidwc/Build/Products/Debug-iphonesimulator/XCFrameworkIntermediates/MyScriptInteractiveInk-Runtime
Selected xcframework slice ios-arm64_x86_64-simulator
rsync --delete -av --filter P .*.?????? --links --filter "- CVS/" --filter "- .svn/" --filter "- .git/" --filter "- .hg/" "/Users/andrewallen/Desktop/swift_projects/Trivial/Pods/MyScriptInteractiveInk-Runtime/libMyScriptMLOrt.xcframework/ios-arm64_x86_64-simulator/*" "/Users/andrewallen/Library/Developer/Xcode/DerivedData/Trivial-glmldcsxtxmqdqdrpsfrewoyidwc/Build/Products/Debug-iphonesimulator/XCFrameworkIntermediates/MyScriptInteractiveInk-Runtime"
Transfer starting: 1 files
libMyScriptMLOrt.a

sent 75093481 bytes  received 42 bytes  184913870 bytes/sec
total size is 75084112  speedup is 1.00
Copied /Users/andrewallen/Desktop/swift_projects/Trivial/Pods/MyScriptInteractiveInk-Runtime/libMyScriptMLOrt.xcframework/ios-arm64_x86_64-simulator to /Users/andrewallen/Library/Developer/Xcode/DerivedData/Trivial-glmldcsxtxmqdqdrpsfrewoyidwc/Build/Products/Debug-iphonesimulator/XCFrameworkIntermediates/MyScriptInteractiveInk-Runtime
Selected xcframework slice ios-arm64_x86_64-simulator
rsync --delete -av --filter P .*.?????? --links --filter "- CVS/" --filter "- .svn/" --filter "- .git/" --filter "- .hg/" "/Users/andrewallen/Desktop/swift_projects/Trivial/Pods/MyScriptInteractiveInk-Runtime/libMyScriptShape.xcframework/ios-arm64_x86_64-simulator/*" "/Users/andrewallen/Library/Developer/Xcode/DerivedData/Trivial-glmldcsxtxmqdqdrpsfrewoyidwc/Build/Products/Debug-iphonesimulator/XCFrameworkIntermediates/MyScriptInteractiveInk-Runtime"
Transfer starting: 1 files
libMyScriptShape.a

sent 1422689 bytes  received 42 bytes  175645802 bytes/sec
total size is 1422312  speedup is 1.00
Copied /Users/andrewallen/Desktop/swift_projects/Trivial/Pods/MyScriptInteractiveInk-Runtime/libMyScriptShape.xcframework/ios-arm64_x86_64-simulator to /Users/andrewallen/Library/Developer/Xcode/DerivedData/Trivial-glmldcsxtxmqdqdrpsfrewoyidwc/Build/Products/Debug-iphonesimulator/XCFrameworkIntermediates/MyScriptInteractiveInk-Runtime
Selected xcframework slice ios-arm64_x86_64-simulator
rsync --delete -av --filter P .*.?????? --links --filter "- CVS/" --filter "- .svn/" --filter "- .git/" --filter "- .hg/" "/Users/andrewallen/Desktop/swift_projects/Trivial/Pods/MyScriptInteractiveInk-R