Command line invocation:
    /Applications/Xcode.app/Contents/Developer/usr/bin/xcodebuild test -scheme InkOS -destination "platform=iOS Simulator,name=iPhone 17"

ComputePackagePrebuildTargetDependencyGraph

Prepare packages

CreateBuildRequest

SendProjectDescription

CreateBuildOperation

ComputeTargetDependencyGraph
note: Building targets in dependency order
note: Target dependency graph (2 targets)
    Target 'InkOSTests' in project 'InkOS'
        ➜ Explicit dependency on target 'InkOS' in project 'InkOS'
    Target 'InkOS' in project 'InkOS' (no dependencies)

GatherProvisioningInputs

CreateBuildDescription

ExecuteExternalTool /Applications/Xcode.app/Contents/Developer/Toolchains/XcodeDefault.xctoolchain/usr/bin/clang -v -E -dM -isysroot /Applications/Xcode.app/Contents/Developer/Platforms/iPhoneSimulator.platform/Developer/SDKs/iPhoneSimulator26.2.sdk -x c -c /dev/null

ExecuteExternalTool /Applications/Xcode.app/Contents/Developer/Toolchains/XcodeDefault.xctoolchain/usr/bin/swiftc --version

ExecuteExternalTool /Applications/Xcode.app/Contents/Developer/Toolchains/XcodeDefault.xctoolchain/usr/bin/clang -v -E -dM -arch arm64 -isysroot /Applications/Xcode.app/Contents/Developer/Platforms/iPhoneSimulator.platform/Developer/SDKs/iPhoneSimulator26.2.sdk -x c -c /dev/null

ExecuteExternalTool /Applications/Xcode.app/Contents/Developer/Toolchains/XcodeDefault.xctoolchain/usr/bin/ld -version_details

ExecuteExternalTool /Applications/Xcode.app/Contents/Developer/Toolchains/XcodeDefault.xctoolchain/usr/bin/clang -v -E -dM -arch arm64 -isysroot /Applications/Xcode.app/Contents/Developer/Platforms/iPhoneSimulator.platform/Developer/SDKs/iPhoneSimulator26.2.sdk -x objective-c++ -c /dev/null

ExecuteExternalTool /Applications/Xcode.app/Contents/Developer/usr/bin/actool --print-asset-tag-combinations --output-format xml1 /Users/andrewallen/Desktop/swift_projects/InkOS-testing/InkOS/Assets.xcassets

ExecuteExternalTool /Applications/Xcode.app/Contents/Developer/usr/bin/actool --version --output-format xml1

Build description signature: 01a593f14215cd377f05e69167c48521
Build description path: /Users/andrewallen/Library/Developer/Xcode/DerivedData/InkOS-hihmbestuurshsgyovxqmygopffq/Build/Intermediates.noindex/XCBuildData/01a593f14215cd377f05e69167c48521.xcbuilddata
ClangStatCache /Applications/Xcode.app/Contents/Developer/Toolchains/XcodeDefault.xctoolchain/usr/bin/clang-stat-cache /Applications/Xcode.app/Contents/Developer/Platforms/iPhoneSimulator.platform/Developer/SDKs/iPhoneSimulator26.2.sdk /Users/andrewallen/Library/Developer/Xcode/DerivedData/SDKStatCaches.noindex/iphonesimulator26.2-23C53-3885c01c3e6b6a337905948deab2002e7d00a8b37fbd7999ea79df8ebc024bf0.sdkstatcache
    cd /Users/andrewallen/Desktop/swift_projects/InkOS-testing/InkOS.xcodeproj
    /Applications/Xcode.app/Contents/Developer/Toolchains/XcodeDefault.xctoolchain/usr/bin/clang-stat-cache /Applications/Xcode.app/Contents/Developer/Platforms/iPhoneSimulator.platform/Developer/SDKs/iPhoneSimulator26.2.sdk -o /Users/andrewallen/Library/Developer/Xcode/DerivedData/SDKStatCaches.noindex/iphonesimulator26.2-23C53-3885c01c3e6b6a337905948deab2002e7d00a8b37fbd7999ea79df8ebc024bf0.sdkstatcache

CreateBuildDirectory /Users/andrewallen/Library/Developer/Xcode/DerivedData/InkOS-hihmbestuurshsgyovxqmygopffq/Build/Products
    cd /Users/andrewallen/Desktop/swift_projects/InkOS-testing/InkOS.xcodeproj
    builtin-create-build-directory /Users/andrewallen/Library/Developer/Xcode/DerivedData/InkOS-hihmbestuurshsgyovxqmygopffq/Build/Products

CreateBuildDirectory /Users/andrewallen/Library/Developer/Xcode/DerivedData/InkOS-hihmbestuurshsgyovxqmygopffq/Build/Intermediates.noindex
    cd /Users/andrewallen/Desktop/swift_projects/InkOS-testing/InkOS.xcodeproj
    builtin-create-build-directory /Users/andrewallen/Library/Developer/Xcode/DerivedData/InkOS-hihmbestuurshsgyovxqmygopffq/Build/Intermediates.noindex

CreateBuildDirectory /Users/andrewallen/Library/Developer/Xcode/DerivedData/InkOS-hihmbestuurshsgyovxqmygopffq/Build/Products/Debug-iphonesimulator
    cd /Users/andrewallen/Desktop/swift_projects/InkOS-testing/InkOS.xcodeproj
    builtin-create-build-directory /Users/andrewallen/Library/Developer/Xcode/DerivedData/InkOS-hihmbestuurshsgyovxqmygopffq/Build/Products/Debug-iphonesimulator

CreateBuildDirectory /Users/andrewallen/Library/Developer/Xcode/DerivedData/InkOS-hihmbestuurshsgyovxqmygopffq/Build/Intermediates.noindex/ExplicitPrecompiledModules
    cd /Users/andrewallen/Desktop/swift_projects/InkOS-testing/InkOS.xcodeproj
    builtin-create-build-directory /Users/andrewallen/Library/Developer/Xcode/DerivedData/InkOS-hihmbestuurshsgyovxqmygopffq/Build/Intermediates.noindex/ExplicitPrecompiledModules

CreateBuildDirectory /Users/andrewallen/Library/Developer/Xcode/DerivedData/InkOS-hihmbestuurshsgyovxqmygopffq/Build/Intermediates.noindex/SwiftExplicitPrecompiledModules
    cd /Users/andrewallen/Desktop/swift_projects/InkOS-testing/InkOS.xcodeproj
    builtin-create-build-directory /Users/andrewallen/Library/Developer/Xcode/DerivedData/InkOS-hihmbestuurshsgyovxqmygopffq/Build/Intermediates.noindex/SwiftExplicitPrecompiledModules

WriteAuxiliaryFile /Users/andrewallen/Library/Developer/Xcode/DerivedData/InkOS-hihmbestuurshsgyovxqmygopffq/Build/Intermediates.noindex/InkOS.build/Debug-iphonesimulator/InkOS-313b53d982f07a16f880e4acc6e1f2be-VFS-iphonesimulator/all-product-headers.yaml
    cd /Users/andrewallen/Desktop/swift_projects/InkOS-testing/InkOS.xcodeproj
    write-file /Users/andrewallen/Library/Developer/Xcode/DerivedData/InkOS-hihmbestuurshsgyovxqmygopffq/Build/Intermediates.noindex/InkOS.build/Debug-iphonesimulator/InkOS-313b53d982f07a16f880e4acc6e1f2be-VFS-iphonesimulator/all-product-headers.yaml

CreateBuildDirectory /Users/andrewallen/Library/Developer/Xcode/DerivedData/InkOS-hihmbestuurshsgyovxqmygopffq/Build/Intermediates.noindex/EagerLinkingTBDs/Debug-iphonesimulator
    cd /Users/andrewallen/Desktop/swift_projects/InkOS-testing/InkOS.xcodeproj
    builtin-create-build-directory /Users/andrewallen/Library/Developer/Xcode/DerivedData/InkOS-hihmbestuurshsgyovxqmygopffq/Build/Intermediates.noindex/EagerLinkingTBDs/Debug-iphonesimulator

WriteAuxiliaryFile /Users/andrewallen/Library/Developer/Xcode/DerivedData/InkOS-hihmbestuurshsgyovxqmygopffq/Build/Intermediates.noindex/InkOS.build/Debug-iphonesimulator/InkOS.build/Script-89BBA18F5E78F49FCF8CC369.sh (in target 'InkOS' from project 'InkOS')
    cd /Users/andrewallen/Desktop/swift_projects/InkOS-testing
    write-file /Users/andrewallen/Library/Developer/Xcode/DerivedData/InkOS-hihmbestuurshsgyovxqmygopffq/Build/Intermediates.noindex/InkOS.build/Debug-iphonesimulator/InkOS.build/Script-89BBA18F5E78F49FCF8CC369.sh

WriteAuxiliaryFile /Users/andrewallen/Library/Developer/Xcode/DerivedData/InkOS-hihmbestuurshsgyovxqmygopffq/Build/Intermediates.noindex/InkOS.build/Debug-iphonesimulator/InkOS.build/Script-AEA6BC5A2EF8654800D18138.sh (in target 'InkOS' from project 'InkOS')
    cd /Users/andrewallen/Desktop/swift_projects/InkOS-testing
    write-file /Users/andrewallen/Library/Developer/Xcode/DerivedData/InkOS-hihmbestuurshsgyovxqmygopffq/Build/Intermediates.noindex/InkOS.build/Debug-iphonesimulator/InkOS.build/Script-AEA6BC5A2EF8654800D18138.sh

WriteAuxiliaryFile /Users/andrewallen/Library/Developer/Xcode/DerivedData/InkOS-hihmbestuurshsgyovxqmygopffq/Build/Intermediates.noindex/InkOS.build/Debug-iphonesimulator/InkOS.build/InkOS.hmap (in target 'InkOS' from project 'InkOS')
    cd /Users/andrewallen/Desktop/swift_projects/InkOS-testing
    write-file /Users/andrewallen/Library/Developer/Xcode/DerivedData/InkOS-hihmbestuurshsgyovxqmygopffq/Build/Intermediates.noindex/InkOS.build/Debug-iphonesimulator/InkOS.build/InkOS.hmap

WriteAuxiliaryFile /Users/andrewallen/Library/Developer/Xcode/DerivedData/InkOS-hihmbestuurshsgyovxqmygopffq/Build/Intermediates.noindex/InkOS.build/Debug-iphonesimulator/InkOS.build/Objects-normal/arm64/7187679823f38a2a940e0043cdf9d637-common-args.resp (in target 'InkOS' from project 'InkOS')
    cd /Users/andrewallen/Desktop/swift_projects/InkOS-testing
    write-file /Users/andrewallen/Library/Developer/Xcode/DerivedData/InkOS-hihmbestuurshsgyovxqmygopffq/Build/Intermediates.noindex/InkOS.build/Debug-iphonesimulator/InkOS.build/Objects-normal/arm64/7187679823f38a2a940e0043cdf9d637-common-args.resp
-target arm64-apple-ios26.2-simulator '-std=gnu17' -fmodules -gmodules '-fmodules-cache-path=/Users/andrewallen/Library/Developer/Xcode/DerivedData/ModuleCache.noindex' -fpascal-strings -O0 -fno-common '-DDEBUG=1' '-DCOCOAPODS=1' '-DGET_STARTED=1' -isysroot /Applications/Xcode.app/Contents/Developer/Platforms/iPhoneSimulator.platform/Developer/SDKs/iPhoneSimulator26.2.sdk -g -iquote /Users/andrewallen/Library/Developer/Xcode/DerivedData/InkOS-hihmbestuurshsgyovxqmygopffq/Build/Intermediates.noindex/InkOS.build/Debug-iphonesimulator/InkOS.build/InkOS-generated-files.hmap -I/Users/andrewallen/Library/Developer/Xcode/DerivedData/InkOS-hihmbestuurshsgyovxqmygopffq/Build/Intermediates.noindex/InkOS.build/Debug-iphonesimulator/InkOS.build/InkOS-own-target-headers.hmap -I/Users/andrewallen/Library/Developer/Xcode/DerivedData/InkOS-hihmbestuurshsgyovxqmygopffq/Build/Intermediates.noindex/InkOS.build/Debug-iphonesimulator/InkOS.build/InkOS-all-target-headers.hmap -iquote /Users/andrewallen/Library/Developer/Xcode/DerivedData/InkOS-hihmbestuurshsgyovxqmygopffq/Build/Intermediates.noindex/InkOS.build/Debug-iphonesimulator/InkOS.build/InkOS-project-headers.hmap -iquote /Users/andrewallen/Desktop/swift_projects/InkOS-testing/Pods/MyScriptInteractiveInk-Runtime/Frameworks/iink.framework/Headers -I/Users/andrewallen/Library/Developer/Xcode/DerivedData/InkOS-hihmbestuurshsgyovxqmygopffq/Build/Products/Debug-iphonesimulator/include -I/Users/andrewallen/Desktop/swift_projects/InkOS-testing/Pods/Headers/Public -I/Users/andrewallen/Desktop/swift_projects/InkOS-testing/Pods/Headers/Public/MyScriptInteractiveInk-Runtime -I/Users/andrewallen/Library/Developer/Xcode/DerivedData/InkOS-hihmbestuurshsgyovxqmygopffq/Build/Products/Debug-iphonesimulator/XCFrameworkIntermediates/MyScriptInteractiveInk-Runtime/Headers -I/Users/andrewallen/Library/Developer/Xcode/DerivedData/InkOS-hihmbestuurshsgyovxqmygopffq/Build/Products/Debug-iphonesimulator/MyScriptInteractiveInk-Runtime/MyScriptInteractiveInk_Runtime.framework/Headers -I/Users/andrewallen/Library/Developer/Xcode/DerivedData/InkOS-hihmbestuurshsgyovxqmygopffq/Build/Products/Debug-iphonesimulator/XCFrameworkIntermediates/MyScriptInteractiveInk-Runtime/Headers -I/Users/andrewallen/Desktop/swift_projects/InkOS-testing/Pods/MyScriptInteractiveInk-Runtime/Frameworks/iink.framework/Headers -I/Users/andrewallen/Desktop/swift_projects/InkOS-testing/InkOS/Frameworks -I/Users/andrewallen/Desktop/swift_projects/InkOS-testing/Pods/Headers/Public -I/Users/andrewallen/Desktop/swift_projects/InkOS-testing/Pods/Headers/Public/MyScriptInteractiveInk-Runtime -I/Users/andrewallen/Library/Developer/Xcode/DerivedData/InkOS-hihmbestuurshsgyovxqmygopffq/Build/Products/Debug-iphonesimulator/XCFrameworkIntermediates/MyScriptInteractiveInk-Runtime/Headers -I/Users/andrewallen/Library/Developer/Xcode/DerivedData/InkOS-hihmbestuurshsgyovxqmygopffq/Build/Intermediates.noindex/InkOS.build/Debug-iphonesimulator/InkOS.build/DerivedSources-normal/arm64 -I/Users/andrewallen/Library/Developer/Xcode/DerivedData/InkOS-hihmbestuurshsgyovxqmygopffq/Build/Intermediates.noindex/InkOS.build/Debug-iphonesimulator/InkOS.build/DerivedSources/arm64 -I/Users/andrewallen/Library/Developer/Xcode/DerivedData/InkOS-hihmbestuurshsgyovxqmygopffq/Build/Intermediates.noindex/InkOS.build/Debug-iphonesimulator/InkOS.build/DerivedSources -F/Users/andrewallen/Library/Developer/Xcode/DerivedData/InkOS-hihmbestuurshsgyovxqmygopffq/Build/Products/Debug-iphonesimulator -F/Users/andrewallen/Desktop/swift_projects/InkOS-testing/Pods/MyScriptInteractiveInk-Runtime '-fmodule-map-file=/Users/andrewallen/Library/Developer/Xcode/DerivedData/InkOS-hihmbestuurshsgyovxqmygopffq/Build/Products/Debug-iphonesimulator/MyScriptInteractiveInk-Runtime/MyScriptInteractiveInk_Runtime.modulemap'

WriteAuxiliaryFile /Users/andrewallen/Library/Developer/Xcode/DerivedData/InkOS-hihmbestuurshsgyovxqmygopffq/Build/Intermediates.noindex/InkOS.build/Debug-iphonesimulator/InkOS.build/Objects-normal/arm64/af3fcb34312c57c0f52879cdce924b91-common-args.resp (in target 'InkOS' from project 'InkOS')
    cd /Users/andrewallen/Desktop/swift_projects/InkOS-testing
    write-file /Users/andrewallen/Library/Developer/Xcode/DerivedData/InkOS-hihmbestuurshsgyovxqmygopffq/Build/Intermediates.noindex/InkOS.build/Debug-iphonesimulator/InkOS.build/Objects-normal/arm64/af3fcb34312c57c0f52879cdce924b91-common-args.resp
-target arm64-apple-ios26.2-simulator '-std=gnu++20' -fobjc-arc -fobjc-weak -fmodules -fno-cxx-modules -gmodules '-fmodules-cache-path=/Users/andrewallen/Library/Developer/Xcode/DerivedData/ModuleCache.noindex' '-D_LIBCPP_HARDENING_MODE=_LIBCPP_HARDENING_MODE_DEBUG' -fpascal-strings -O0 -fno-common '-DDEBUG=1' '-DCOCOAPODS=1' '-DGET_STARTED=1' '-DOBJC_OLD_DISPATCH_PROTOTYPES=0' -isysroot /Applications/Xcode.app/Contents/Developer/Platforms/iPhoneSimulator.platform/Developer/SDKs/iPhoneSimulator26.2.sdk -g -fvisibility-inlines-hidden '-fobjc-abi-version=2' -fobjc-legacy-dispatch -iquote /Users/andrewallen/Library/Developer/Xcode/DerivedData/InkOS-hihmbestuurshsgyovxqmygopffq/Build/Intermediates.noindex/InkOS.build/Debug-iphonesimulator/InkOS.build/InkOS-generated-files.hmap -I/Users/andrewallen/Library/Developer/Xcode/DerivedData/InkOS-hihmbestuurshsgyovxqmygopffq/Build/Intermediates.noindex/InkOS.build/Debug-iphonesimulator/InkOS.build/InkOS-own-target-headers.hmap -I/Users/andrewallen/Library/Developer/Xcode/DerivedData/InkOS-hihmbestuurshsgyovxqmygopffq/Build/Intermediates.noindex/InkOS.build/Debug-iphonesimulator/InkOS.build/InkOS-all-target-headers.hmap -iquote /Users/andrewallen/Library/Developer/Xcode/DerivedData/InkOS-hihmbestuurshsgyovxqmygopffq/Build/Intermediates.noindex/InkOS.build/Debug-iphonesimulator/InkOS.build/InkOS-project-headers.hmap -iquote /Users/andrewallen/Desktop/swift_projects/InkOS-testing/Pods/MyScriptInteractiveInk-Runtime/Frameworks/iink.framework/Headers -I/Users/andrewallen/Library/Developer/Xcode/DerivedData/InkOS-hihmbestuurshsgyovxqmygopffq/Build/Products/Debug-iphonesimulator/include -I/Users/andrewallen/Desktop/swift_projects/InkOS-testing/Pods/Headers/Public -I/Users/andrewallen/Desktop/swift_projects/InkOS-testing/Pods/Headers/Public/MyScriptInteractiveInk-Runtime -I/Users/andrewallen/Library/Developer/Xcode/DerivedData/InkOS-hihmbestuurshsgyovxqmygopffq/Build/Products/Debug-iphonesimulator/XCFrameworkIntermediates/MyScriptInteractiveInk-Runtime/Headers -I/Users/andrewallen/Library/Developer/Xcode/DerivedData/InkOS-hihmbestuurshsgyovxqmygopffq/Build/Products/Debug-iphonesimulator/MyScriptInteractiveInk-Runtime/MyScriptInteractiveInk_Runtime.framework/Headers -I/Users/andrewallen/Library/Developer/Xcode/DerivedData/InkOS-hihmbestuurshsgyovxqmygopffq/Build/Products/Debug-iphonesimulator/XCFrameworkIntermediates/MyScriptInteractiveInk-Runtime/Headers -I/Users/andrewallen/Desktop/swift_projects/InkOS-testing/Pods/MyScriptInteractiveInk-Runtime/Frameworks/iink.framework/Headers -I/Users/andrewallen/Desktop/swift_projects/InkOS-testing/InkOS/Frameworks -I/Users/andrewallen/Desktop/swift_projects/InkOS-testing/Pods/Headers/Public -I/Users/andrewallen/Desktop/swift_projects/InkOS-testing/Pods/Headers/Public/MyScriptInteractiveInk-Runtime -I/Users/andrewallen/Library/Developer/Xcode/DerivedData/InkOS-hihmbestuurshsgyovxqmygopffq/Build/Products/Debug-iphonesimulator/XCFrameworkIntermediates/MyScriptInteractiveInk-Runtime/Headers -I/Users/andrewallen/Library/Developer/Xcode/DerivedData/InkOS-hihmbestuurshsgyovxqmygopffq/Build/Intermediates.noindex/InkOS.build/Debug-iphonesimulator/InkOS.build/DerivedSources-normal/arm64 -I/Users/andrewallen/Library/Developer/Xcode/DerivedData/InkOS-hihmbestuurshsgyovxqmygopffq/Build/Intermediates.noindex/InkOS.build/Debug-iphonesimulator/InkOS.build/DerivedSources/arm64 -I/Users/andrewallen/Library/Developer/Xcode/DerivedData/InkOS-hihmbestuurshsgyovxqmygopffq/Build/Intermediates.noindex/InkOS.build/Debug-iphonesimulator/InkOS.build/DerivedSources -F/Users/andrewallen/Library/Developer/Xcode/DerivedData/InkOS-hihmbestuurshsgyovxqmygopffq/Build/Products/Debug-iphonesimulator -F/Users/andrewallen/Desktop/swift_projects/InkOS-testing/Pods/MyScriptInteractiveInk-Runtime '-fmodule-map-file=/Users/andrewallen/Library/Developer/Xcode/DerivedData/InkOS-hihmbestuurshsgyovxqmygopffq/Build/Products/Debug-iphonesimulator/MyScriptInteractiveInk-Runtime/MyScriptInteractiveInk_Runtime.modulemap'

WriteAuxiliaryFile /Users/andrewallen/Library/Developer/Xcode/DerivedData/InkOS-hihmbestuurshsgyovxqmygopffq/Build/Intermediates.noindex/InkOS.build/Debug-iphonesimulator/InkOS.build/Objects-normal/arm64/InkOS_const_extract_protocols.json (in target 'InkOS' from project 'InkOS')
    cd /Users/andrewallen/Desktop/swift_projects/InkOS-testing
    write-file /Users/andrewallen/Library/Developer/Xcode/DerivedData/InkOS-hihmbestuurshsgyovxqmygopffq/Build/Intermediates.noindex/InkOS.build/Debug-iphonesimulator/InkOS.build/Objects-normal/arm64/InkOS_const_extract_protocols.json

WriteAuxiliaryFile /Users/andrewallen/Library/Developer/Xcode/DerivedData/InkOS-hihmbestuurshsgyovxqmygopffq/Build/Intermediates.noindex/InkOS.build/Debug-iphonesimulator/InkOS.build/Objects-normal/arm64/InkOS-OutputFileMap.json (in target 'InkOS' from project 'InkOS')
    cd /Users/andrewallen/Desktop/swift_projects/InkOS-testing
    write-file /Users/andrewallen/Library/Developer/Xcode/DerivedData/InkOS-hihmbestuurshsgyovxqmygopffq/Build/Intermediates.noindex/InkOS.build/Debug-iphonesimulator/InkOS.build/Objects-normal/arm64/InkOS-OutputFileMap.json

WriteAuxiliaryFile /Users/andrewallen/Library/Developer/Xcode/DerivedData/InkOS-hihmbestuurshsgyovxqmygopffq/Build/Intermediates.noindex/InkOS.build/Debug-iphonesimulator/InkOSTests.build/empty-InkOSTests.plist (in target 'InkOSTests' from project 'InkOS')
    cd /Users/andrewallen/Desktop/swift_projects/InkOS-testing
    write-file /Users/andrewallen/Library/Developer/Xcode/DerivedData/InkOS-hihmbestuurshsgyovxqmygopffq/Build/Intermediates.noindex/InkOS.build/Debug-iphonesimulator/InkOSTests.build/empty-InkOSTests.plist

WriteAuxiliaryFile /Users/andrewallen/Library/Developer/Xcode/DerivedData/InkOS-hihmbestuurshsgyovxqmygopffq/Build/Intermediates.noindex/InkOS.build/Debug-iphonesimulator/InkOSTests.build/cf00bb9985676ecf5c759d90702cc1d3.sb (in target 'InkOSTests' from project 'InkOS')
    cd /Users/andrewallen/Desktop/swift_projects/InkOS-testing
    write-file /Users/andrewallen/Library/Developer/Xcode/DerivedData/InkOS-hihmbestuurshsgyovxqmygopffq/Build/Intermediates.noindex/InkOS.build/Debug-iphonesimulator/InkOSTests.build/cf00bb9985676ecf5c759d90702cc1d3.sb

WriteAuxiliaryFile /Users/andrewallen/Library/Developer/Xcode/DerivedData/InkOS-hihmbestuurshsgyovxqmygopffq/Build/Intermediates.noindex/InkOS.build/Debug-iphonesimulator/InkOSTests.build/Script-12CB4D4CBD5D64C8E35D38B7.sh (in target 'InkOSTests' from project 'InkOS')
    cd /Users/andrewallen/Desktop/swift_projects/InkOS-testing
    write-file /Users/andrewallen/Library/Developer/Xcode/DerivedData/InkOS-hihmbestuurshsgyovxqmygopffq/Build/Intermediates.noindex/InkOS.build/Debug-iphonesimulator/InkOSTests.build/Script-12CB4D4CBD5D64C8E35D38B7.sh

WriteAuxiliaryFile /Users/andrewallen/Library/Developer/Xcode/DerivedData/InkOS-hihmbestuurshsgyovxqmygopffq/Build/Intermediates.noindex/InkOS.build/Debug-iphonesimulator/InkOSTests.build/Objects-normal/arm64/InkOSTests.SwiftFileList (in target 'InkOSTests' from project 'InkOS')
    cd /Users/andrewallen/Desktop/swift_projects/InkOS-testing
    write-file /Users/andrewallen/Library/Developer/Xcode/DerivedData/InkOS-hihmbestuurshsgyovxqmygopffq/Build/Intermediates.noindex/InkOS.build/Debug-iphonesimulator/InkOSTests.build/Objects-normal/arm64/InkOSTests.SwiftFileList

WriteAuxiliaryFile /Users/andrewallen/Library/Developer/Xcode/DerivedData/InkOS-hihmbestuurshsgyovxqmygopffq/Build/Intermediates.noindex/InkOS.build/Debug-iphonesimulator/InkOSTests.build/Objects-normal/arm64/InkOSTests_const_extract_protocols.json (in target 'InkOSTests' from project 'InkOS')
    cd /Users/andrewallen/Desktop/swift_projects/InkOS-testing
    write-file /Users/andrewallen/Library/Developer/Xcode/DerivedData/InkOS-hihmbestuurshsgyovxqmygopffq/Build/Intermediates.noindex/InkOS.build/Debug-iphonesimulator/InkOSTests.build/Objects-normal/arm64/InkOSTests_const_extract_protocols.json

WriteAuxiliaryFile /Users/andrewallen/Library/Developer/Xcode/DerivedData/InkOS-hihmbestuurshsgyovxqmygopffq/Build/Intermediates.noindex/InkOS.build/Debug-iphonesimulator/InkOSTests.build/Objects-normal/arm64/InkOSTests.SwiftConstValuesFileList (in target 'InkOSTests' from project 'InkOS')
    cd /Users/andrewallen/Desktop/swift_projects/InkOS-testing
    write-file /Users/andrewallen/Library/Developer/Xcode/DerivedData/InkOS-hihmbestuurshsgyovxqmygopffq/Build/Intermediates.noindex/InkOS.build/Debug-iphonesimulator/InkOSTests.build/Objects-normal/arm64/InkOSTests.SwiftConstValuesFileList

WriteAuxiliaryFile /Users/andrewallen/Library/Developer/Xcode/DerivedData/InkOS-hihmbestuurshsgyovxqmygopffq/Build/Intermediates.noindex/InkOS.build/Debug-iphonesimulator/InkOSTests.build/Objects-normal/arm64/InkOSTests.LinkFileList (in target 'InkOSTests' from project 'InkOS')
    cd /Users/andrewallen/Desktop/swift_projects/InkOS-testing
    write-file /Users/andrewallen/Library/Developer/Xcode/DerivedData/InkOS-hihmbestuurshsgyovxqmygopffq/Build/Intermediates.noindex/InkOS.build/Debug-iphonesimulator/InkOSTests.build/Objects-normal/arm64/InkOSTests.LinkFileList

WriteAuxiliaryFile /Users/andrewallen/Library/Developer/Xcode/DerivedData/InkOS-hihmbestuurshsgyovxqmygopffq/Build/Intermediates.noindex/InkOS.build/Debug-iphonesimulator/InkOSTests.build/Objects-normal/arm64/InkOSTests-OutputFileMap.json (in target 'InkOSTests' from project 'InkOS')
    cd /Users/andrewallen/Desktop/swift_projects/InkOS-testing
    write-file /Users/andrewallen/Library/Developer/Xcode/DerivedData/InkOS-hihmbestuurshsgyovxqmygopffq/Build/Intermediates.noindex/InkOS.build/Debug-iphonesimulator/InkOSTests.build/Objects-normal/arm64/InkOSTests-OutputFileMap.json

WriteAuxiliaryFile /Users/andrewallen/Library/Developer/Xcode/DerivedData/InkOS-hihmbestuurshsgyovxqmygopffq/Build/Intermediates.noindex/InkOS.build/Debug-iphonesimulator/InkOSTests.build/InkOSTests.hmap (in target 'InkOSTests' from project 'InkOS')
    cd /Users/andrewallen/Desktop/swift_projects/InkOS-testing
    write-file /Users/andrewallen/Library/Developer/Xcode/DerivedData/InkOS-hihmbestuurshsgyovxqmygopffq/Build/Intermediates.noindex/InkOS.build/Debug-iphonesimulator/InkOSTests.build/InkOSTests.hmap

WriteAuxiliaryFile /Users/andrewallen/Library/Developer/Xcode/DerivedData/InkOS-hihmbestuurshsgyovxqmygopffq/Build/Intermediates.noindex/InkOS.build/Debug-iphonesimulator/InkOSTests.build/InkOSTests.DependencyStaticMetadataFileList (in target 'InkOSTests' from project 'InkOS')
    cd /Users/andrewallen/Desktop/swift_projects/InkOS-testing
    write-file /Users/andrewallen/Library/Developer/Xcode/DerivedData/InkOS-hihmbestuurshsgyovxqmygopffq/Build/Intermediates.noindex/InkOS.build/Debug-iphonesimulator/InkOSTests.build/InkOSTests.DependencyStaticMetadataFileList

WriteAuxiliaryFile /Users/andrewallen/Library/Developer/Xcode/DerivedData/InkOS-hihmbestuurshsgyovxqmygopffq/Build/Intermediates.noindex/InkOS.build/Debug-iphonesimulator/InkOSTests.build/InkOSTests.DependencyMetadataFileList (in target 'InkOSTests' from project 'InkOS')
    cd /Users/andrewallen/Desktop/swift_projects/InkOS-testing
    write-file /Users/andrewallen/Library/Developer/Xcode/DerivedData/InkOS-hihmbestuurshsgyovxqmygopffq/Build/Intermediates.noindex/InkOS.build/Debug-iphonesimulator/InkOSTests.build/InkOSTests.DependencyMetadataFileList

WriteAuxiliaryFile /Users/andrewallen/Library/Developer/Xcode/DerivedData/InkOS-hihmbestuurshsgyovxqmygopffq/Build/Intermediates.noindex/InkOS.build/Debug-iphonesimulator/InkOSTests.build/InkOSTests-project-headers.hmap (in target 'InkOSTests' from project 'InkOS')
    cd /Users/andrewallen/Desktop/swift_projects/InkOS-testing
    write-file /Users/andrewallen/Library/Developer/Xcode/DerivedData/InkOS-hihmbestuurshsgyovxqmygopffq/Build/Intermediates.noindex/InkOS.build/Debug-iphonesimulator/InkOSTests.build/InkOSTests-project-headers.hmap

WriteAuxiliaryFile /Users/andrewallen/Library/Developer/Xcode/DerivedData/InkOS-hihmbestuurshsgyovxqmygopffq/Build/Intermediates.noindex/InkOS.build/Debug-iphonesimulator/InkOSTests.build/InkOSTests-own-target-headers.hmap (in target 'InkOSTests' from project 'InkOS')
    cd /Users/andrewallen/Desktop/swift_projects/InkOS-testing
    write-file /Users/andrewallen/Library/Developer/Xcode/DerivedData/InkOS-hihmbestuurshsgyovxqmygopffq/Build/Intermediates.noindex/InkOS.build/Debug-iphonesimulator/InkOSTests.build/InkOSTests-own-target-headers.hmap

WriteAuxiliaryFile /Users/andrewallen/Library/Developer/Xcode/DerivedData/InkOS-hihmbestuurshsgyovxqmygopffq/Build/Intermediates.noindex/InkOS.build/Debug-iphonesimulator/InkOSTests.build/InkOSTests-generated-files.hmap (in target 'InkOSTests' from project 'InkOS')
    cd /Users/andrewallen/Desktop/swift_projects/InkOS-testing
    write-file /Users/andrewallen/Library/Developer/Xcode/DerivedData/InkOS-hihmbestuurshsgyovxqmygopffq/Build/Intermediates.noindex/InkOS.build/Debug-iphonesimulator/InkOSTests.build/InkOSTests-generated-files.hmap

WriteAuxiliaryFile /Users/andrewallen/Library/Developer/Xcode/DerivedData/InkOS-hihmbestuurshsgyovxqmygopffq/Build/Intermediates.noindex/InkOS.build/Debug-iphonesimulator/InkOSTests.build/InkOSTests-all-target-headers.hmap (in target 'InkOSTests' from project 'InkOS')
    cd /Users/andrewallen/Desktop/swift_projects/InkOS-testing
    write-file /Users/andrewallen/Library/Developer/Xcode/DerivedData/InkOS-hihmbestuurshsgyovxqmygopffq/Build/Intermediates.noindex/InkOS.build/Debug-iphonesimulator/InkOSTests.build/InkOSTests-all-target-headers.hmap

WriteAuxiliaryFile /Users/andrewallen/Library/Developer/Xcode/DerivedData/InkOS-hihmbestuurshsgyovxqmygopffq/Build/Intermediates.noindex/InkOS.build/Debug-iphonesimulator/InkOSTests.build/InkOSTests-all-non-framework-target-headers.hmap (in target 'InkOSTests' from project 'InkOS')
    cd /Users/andrewallen/Desktop/swift_projects/InkOS-testing
    write-file /Users/andrewallen/Library/Developer/Xcode/DerivedData/InkOS-hihmbestuurshsgyovxqmygopffq/Build/Intermediates.noindex/InkOS.build/Debug-iphonesimulator/InkOSTests.build/InkOSTests-all-non-framework-target-headers.hmap

WriteAuxiliaryFile /Users/andrewallen/Library/Developer/Xcode/DerivedData/InkOS-hihmbestuurshsgyovxqmygopffq/Build/Intermediates.noindex/InkOS.build/Debug-iphonesimulator/InkOS.build/Objects-normal/arm64/InkOS.SwiftFileList (in target 'InkOS' from project 'InkOS')
    cd /Users/andrewallen/Desktop/swift_projects/InkOS-testing
    write-file /Users/andrewallen/Library/Developer/Xcode/DerivedData/InkOS-hihmbestuurshsgyovxqmygopffq/Build/Intermediates.noindex/InkOS.build/Debug-iphonesimulator/InkOS.build/Objects-normal/arm64/InkOS.SwiftFileList

WriteAuxiliaryFile /Users/andrewallen/Library/Developer/Xcode/DerivedData/InkOS-hihmbestuurshsgyovxqmygopffq/Build/Intermediates.noindex/InkOS.build/Debug-iphonesimulator/InkOS.build/Objects-normal/arm64/InkOS.SwiftConstValuesFileList (in target 'InkOS' from project 'InkOS')
    cd /Users/andrewallen/Desktop/swift_projects/InkOS-testing
    write-file /Users/andrewallen/Library/Developer/Xcode/DerivedData/InkOS-hihmbestuurshsgyovxqmygopffq/Build/Intermediates.noindex/InkOS.build/Debug-iphonesimulator/InkOS.build/Objects-normal/arm64/InkOS.SwiftConstValuesFileList

WriteAuxiliaryFile /Users/andrewallen/Library/Developer/Xcode/DerivedData/InkOS-hihmbestuurshsgyovxqmygopffq/Build/Intermediates.noindex/InkOS.build/Debug-iphonesimulator/InkOS.build/Objects-normal/arm64/InkOS.LinkFileList (in target 'InkOS' from project 'InkOS')
    cd /Users/andrewallen/Desktop/swift_projects/InkOS-testing
    write-file /Users/andrewallen/Library/Developer/Xcode/DerivedData/InkOS-hihmbestuurshsgyovxqmygopffq/Build/Intermediates.noindex/InkOS.build/Debug-iphonesimulator/InkOS.build/Objects-normal/arm64/InkOS.LinkFileList

WriteAuxiliaryFile /Users/andrewallen/Library/Developer/Xcode/DerivedData/InkOS-hihmbestuurshsgyovxqmygopffq/Build/Intermediates.noindex/InkOS.build/Debug-iphonesimulator/InkOS.build/InkOS.DependencyStaticMetadataFileList (in target 'InkOS' from project 'InkOS')
    cd /Users/andrewallen/Desktop/swift_projects/InkOS-testing
    write-file /Users/andrewallen/Library/Developer/Xcode/DerivedData/InkOS-hihmbestuurshsgyovxqmygopffq/Build/Intermediates.noindex/InkOS.build/Debug-iphonesimulator/InkOS.build/InkOS.DependencyStaticMetadataFileList

WriteAuxiliaryFile /Users/andrewallen/Library/Developer/Xcode/DerivedData/InkOS-hihmbestuurshsgyovxqmygopffq/Build/Intermediates.noindex/InkOS.build/Debug-iphonesimulator/InkOS.build/InkOS.DependencyMetadataFileList (in target 'InkOS' from project 'InkOS')
    cd /Users/andrewallen/Desktop/swift_projects/InkOS-testing
    write-file /Users/andrewallen/Library/Developer/Xcode/DerivedData/InkOS-hihmbestuurshsgyovxqmygopffq/Build/Intermediates.noindex/InkOS.build/Debug-iphonesimulator/InkOS.build/InkOS.DependencyMetadataFileList

WriteAuxiliaryFile /Users/andrewallen/Library/Developer/Xcode/DerivedData/InkOS-hihmbestuurshsgyovxqmygopffq/Build/Intermediates.noindex/InkOS.build/Debug-iphonesimulator/InkOS.build/InkOS-project-headers.hmap (in target 'InkOS' from project 'InkOS')
    cd /Users/andrewallen/Desktop/swift_projects/InkOS-testing
    write-file /Users/andrewallen/Library/Developer/Xcode/DerivedData/InkOS-hihmbestuurshsgyovxqmygopffq/Build/Intermediates.noindex/InkOS.build/Debug-iphonesimulator/InkOS.build/InkOS-project-headers.hmap

WriteAuxiliaryFile /Users/andrewallen/Library/Developer/Xcode/DerivedData/InkOS-hihmbestuurshsgyovxqmygopffq/Build/Intermediates.noindex/InkOS.build/Debug-iphonesimulator/InkOS.build/InkOS-own-target-headers.hmap (in target 'InkOS' from project 'InkOS')
    cd /Users/andrewallen/Desktop/swift_projects/InkOS-testing
    write-file /Users/andrewallen/Library/Developer/Xcode/DerivedData/InkOS-hihmbestuurshsgyovxqmygopffq/Build/Intermediates.noindex/InkOS.build/Debug-iphonesimulator/InkOS.build/InkOS-own-target-headers.hmap

WriteAuxiliaryFile /Users/andrewallen/Library/Developer/Xcode/DerivedData/InkOS-hihmbestuurshsgyovxqmygopffq/Build/Intermediates.noindex/InkOS.build/Debug-iphonesimulator/InkOS.build/InkOS-generated-files.hmap (in target 'InkOS' from project 'InkOS')
    cd /Users/andrewallen/Desktop/swift_projects/InkOS-testing
    write-file /Users/andrewallen/Library/Developer/Xcode/DerivedData/InkOS-hihmbestuurshsgyovxqmygopffq/Build/Intermediates.noindex/InkOS.build/Debug-iphonesimulator/InkOS.build/InkOS-generated-files.hmap

WriteAuxiliaryFile /Users/andrewallen/Library/Developer/Xcode/DerivedData/InkOS-hihmbestuurshsgyovxqmygopffq/Build/Intermediates.noindex/InkOS.build/Debug-iphonesimulator/InkOS.build/InkOS-all-non-framework-target-headers.hmap (in target 'InkOS' from project 'InkOS')
    cd /Users/andrewallen/Desktop/swift_projects/InkOS-testing
    write-file /Users/andrewallen/Library/Developer/Xcode/DerivedData/InkOS-hihmbestuurshsgyovxqmygopffq/Build/Intermediates.noindex/InkOS.build/Debug-iphonesimulator/InkOS.build/InkOS-all-non-framework-target-headers.hmap

WriteAuxiliaryFile /Users/andrewallen/Library/Developer/Xcode/DerivedData/InkOS-hihmbestuurshsgyovxqmygopffq/Build/Intermediates.noindex/InkOS.build/Debug-iphonesimulator/InkOS.build/InkOS-all-target-headers.hmap (in target 'InkOS' from project 'InkOS')
    cd /Users/andrewallen/Desktop/swift_projects/InkOS-testing
    write-file /Users/andrewallen/Library/Developer/Xcode/DerivedData/InkOS-hihmbestuurshsgyovxqmygopffq/Build/Intermediates.noindex/InkOS.build/Debug-iphonesimulator/InkOS.build/InkOS-all-target-headers.hmap

WriteAuxiliaryFile /Users/andrewallen/Library/Developer/Xcode/DerivedData/InkOS-hihmbestuurshsgyovxqmygopffq/Build/Intermediates.noindex/InkOS.build/Debug-iphonesimulator/InkOS.build/InkOS-DebugDylibPath-normal-arm64.txt (in target 'InkOS' from project 'InkOS')
    cd /Users/andrewallen/Desktop/swift_projects/InkOS-testing
    write-file /Users/andrewallen/Library/Developer/Xcode/DerivedData/InkOS-hihmbestuurshsgyovxqmygopffq/Build/Intermediates.noindex/InkOS.build/Debug-iphonesimulator/InkOS.build/InkOS-DebugDylibPath-normal-arm64.txt

WriteAuxiliaryFile /Users/andrewallen/Library/Developer/Xcode/DerivedData/InkOS-hihmbestuurshsgyovxqmygopffq/Build/Intermediates.noindex/InkOS.build/Debug-iphonesimulator/InkOS.build/InkOS-DebugDylibInstallName-normal-arm64.txt (in target 'InkOS' from project 'InkOS')
    cd /Users/andrewallen/Desktop/swift_projects/InkOS-testing
    write-file /Users/andrewallen/Library/Developer/Xcode/DerivedData/InkOS-hihmbestuurshsgyovxqmygopffq/Build/Intermediates.noindex/InkOS.build/Debug-iphonesimulator/InkOS.build/InkOS-DebugDylibInstallName-normal-arm64.txt

WriteAuxiliaryFile /Users/andrewallen/Library/Developer/Xcode/DerivedData/InkOS-hihmbestuurshsgyovxqmygopffq/Build/Intermediates.noindex/InkOS.build/Debug-iphonesimulator/InkOS.build/DerivedSources/Entitlements-Simulated.plist (in target 'InkOS' from project 'InkOS')
    cd /Users/andrewallen/Desktop/swift_projects/InkOS-testing
    write-file /Users/andrewallen/Library/Developer/Xcode/DerivedData/InkOS-hihmbestuurshsgyovxqmygopffq/Build/Intermediates.noindex/InkOS.build/Debug-iphonesimulator/InkOS.build/DerivedSources/Entitlements-Simulated.plist

MkDir /Users/andrewallen/Library/Developer/Xcode/DerivedData/InkOS-hihmbestuurshsgyovxqmygopffq/Build/Products/Debug-iphonesimulator/InkOS.app/PlugIns/InkOSTests.xctest (in target 'InkOSTests' from project 'InkOS')
    cd /Users/andrewallen/Desktop/swift_projects/InkOS-testing
    /bin/mkdir -p /Users/andrewallen/Library/Developer/Xcode/DerivedData/InkOS-hihmbestuurshsgyovxqmygopffq/Build/Products/Debug-iphonesimulator/InkOS.app/PlugIns/InkOSTests.xctest

MkDir /Users/andrewallen/Library/Developer/Xcode/DerivedData/InkOS-hihmbestuurshsgyovxqmygopffq/Build/Products/Debug-iphonesimulator/InkOS.app/PlugIns (in target 'InkOS' from project 'InkOS')
    cd /Users/andrewallen/Desktop/swift_projects/InkOS-testing
    /bin/mkdir -p /Users/andrewallen/Library/Developer/Xcode/DerivedData/InkOS-hihmbestuurshsgyovxqmygopffq/Build/Products/Debug-iphonesimulator/InkOS.app/PlugIns

MkDir /Users/andrewallen/Library/Developer/Xcode/DerivedData/InkOS-hihmbestuurshsgyovxqmygopffq/Build/Products/Debug-iphonesimulator/InkOS.app/Frameworks (in target 'InkOS' from project 'InkOS')
    cd /Users/andrewallen/Desktop/swift_projects/InkOS-testing
    /bin/mkdir -p /Users/andrewallen/Library/Developer/Xcode/DerivedData/InkOS-hihmbestuurshsgyovxqmygopffq/Build/Products/Debug-iphonesimulator/InkOS.app/Frameworks

MkDir /Users/andrewallen/Library/Developer/Xcode/DerivedData/InkOS-hihmbestuurshsgyovxqmygopffq/Build/Products/Debug-iphonesimulator/InkOS.app (in target 'InkOS' from project 'InkOS')
    cd /Users/andrewallen/Desktop/swift_projects/InkOS-testing
    /bin/mkdir -p /Users/andrewallen/Library/Developer/Xcode/DerivedData/InkOS-hihmbestuurshsgyovxqmygopffq/Build/Products/Debug-iphonesimulator/InkOS.app

ProcessProductPackaging "" /Users/andrewallen/Library/Developer/Xcode/DerivedData/InkOS-hihmbestuurshsgyovxqmygopffq/Build/Intermediates.noindex/InkOS.build/Debug-iphonesimulator/InkOS.build/InkOS.app-Simulated.xcent (in target 'InkOS' from project 'InkOS')
    cd /Users/andrewallen/Desktop/swift_projects/InkOS-testing
    
    Entitlements:
    
    {
    "application-identifier" = "8LSA357AU5.me.andy.allen.Trivial";
}
    
    builtin-productPackagingUtility -entitlements -format xml -o /Users/andrewallen/Library/Developer/Xcode/DerivedData/InkOS-hihmbestuurshsgyovxqmygopffq/Build/Intermediates.noindex/InkOS.build/Debug-iphonesimulator/InkOS.build/InkOS.app-Simulated.xcent

ProcessProductPackagingDER /Users/andrewallen/Library/Developer/Xcode/DerivedData/InkOS-hihmbestuurshsgyovxqmygopffq/Build/Intermediates.noindex/InkOS.build/Debug-iphonesimulator/InkOS.build/InkOS.app-Simulated.xcent /Users/andrewallen/Library/Developer/Xcode/DerivedData/InkOS-hihmbestuurshsgyovxqmygopffq/Build/Intermediates.noindex/InkOS.build/Debug-iphonesimulator/InkOS.build/InkOS.app-Simulated.xcent.der (in target 'InkOS' from project 'InkOS')
    cd /Users/andrewallen/Desktop/swift_projects/InkOS-testing
    /usr/bin/derq query -f xml -i /Users/andrewallen/Library/Developer/Xcode/DerivedData/InkOS-hihmbestuurshsgyovxqmygopffq/Build/Intermediates.noindex/InkOS.build/Debug-iphonesimulator/InkOS.build/InkOS.app-Simulated.xcent -o /Users/andrewallen/Library/Developer/Xcode/DerivedData/InkOS-hihmbestuurshsgyovxqmygopffq/Build/Intermediates.noindex/InkOS.build/Debug-iphonesimulator/InkOS.build/InkOS.app-Simulated.xcent.der --raw

PhaseScriptExecution [CP]\ Check\ Pods\ Manifest.lock /Users/andrewallen/Library/Developer/Xcode/DerivedData/InkOS-hihmbestuurshsgyovxqmygopffq/Build/Intermediates.noindex/InkOS.build/Debug-iphonesimulator/InkOS.build/Script-89BBA18F5E78F49FCF8CC369.sh (in target 'InkOS' from project 'InkOS')
    cd /Users/andrewallen/Desktop/swift_projects/InkOS-testing
    /bin/sh -c /Users/andrewallen/Library/Developer/Xcode/DerivedData/InkOS-hihmbestuurshsgyovxqmygopffq/Build/Intermediates.noindex/InkOS.build/Debug-iphonesimulator/InkOS.build/Script-89BBA18F5E78F49FCF8CC369.sh

Copy /Users/andrewallen/Library/Developer/Xcode/DerivedData/InkOS-hihmbestuurshsgyovxqmygopffq/Build/Products/Debug-iphonesimulator/InkOS.app/Frameworks/libXCTestSwiftSupport.dylib /Applications/Xcode.app/Contents/Developer/Platforms/iPhoneSimulator.platform/Developer/usr/lib/libXCTestSwiftSupport.dylib (in target 'InkOS' from project 'InkOS')
    cd /Users/andrewallen/Desktop/swift_projects/InkOS-testing
    builtin-copy -exclude .DS_Store -exclude CVS -exclude .svn -exclude .git -exclude .hg -exclude Headers -exclude PrivateHeaders -exclude Modules -exclude \*.tbd -resolve-src-symlinks /Applications/Xcode.app/Contents/Developer/Platforms/iPhoneSimulator.platform/Developer/usr/lib/libXCTestSwiftSupport.dylib /Users/andrewallen/Library/Developer/Xcode/DerivedData/InkOS-hihmbestuurshsgyovxqmygopffq/Build/Products/Debug-iphonesimulator/InkOS.app/Frameworks

Copy /Users/andrewallen/Library/Developer/Xcode/DerivedData/InkOS-hihmbestuurshsgyovxqmygopffq/Build/Products/Debug-iphonesimulator/InkOS.app/Frameworks/libXCTestBundleInject.dylib /Applications/Xcode.app/Contents/Developer/Platforms/iPhoneSimulator.platform/Developer/usr/lib/libXCTestBundleInject.dylib (in target 'InkOS' from project 'InkOS')
    cd /Users/andrewallen/Desktop/swift_projects/InkOS-testing
    builtin-copy -exclude .DS_Store -exclude CVS -exclude .svn -exclude .git -exclude .hg -exclude Headers -exclude PrivateHeaders -exclude Modules -exclude \*.tbd -resolve-src-symlinks /Applications/Xcode.app/Contents/Developer/Platforms/iPhoneSimulator.platform/Developer/usr/lib/libXCTestBundleInject.dylib /Users/andrewallen/Library/Developer/Xcode/DerivedData/InkOS-hihmbestuurshsgyovxqmygopffq/Build/Products/Debug-iphonesimulator/InkOS.app/Frameworks

Copy /Users/andrewallen/Library/Developer/Xcode/DerivedData/InkOS-hihmbestuurshsgyovxqmygopffq/Build/Products/Debug-iphonesimulator/InkOS.app/Frameworks/XCTestSupport.framework /Applications/Xcode.app/Contents/Developer/Platforms/iPhoneSimulator.platform/Developer/Library/PrivateFrameworks/XCTestSupport.framework (in target 'InkOS' from project 'InkOS')
    cd /Users/andrewallen/Desktop/swift_projects/InkOS-testing
    builtin-copy -exclude .DS_Store -exclude CVS -exclude .svn -exclude .git -exclude .hg -exclude Headers -exclude PrivateHeaders -exclude Modules -exclude \*.tbd -resolve-src-symlinks /Applications/Xcode.app/Contents/Developer/Platforms/iPhoneSimulator.platform/Developer/Library/PrivateFrameworks/XCTestSupport.framework /Users/andrewallen/Library/Developer/Xcode/DerivedData/InkOS-hihmbestuurshsgyovxqmygopffq/Build/Products/Debug-iphonesimulator/InkOS.app/Frameworks

Copy /Users/andrewallen/Library/Developer/Xcode/DerivedData/InkOS-hihmbestuurshsgyovxqmygopffq/Build/Products/Debug-iphonesimulator/InkOS.app/Frameworks/XCUIAutomation.framework /Applications/Xcode.app/Contents/Developer/Platforms/iPhoneSimulator.platform/Developer/Library/Frameworks/XCUIAutomation.framework (in target 'InkOS' from project 'InkOS')
    cd /Users/andrewallen/Desktop/swift_projects/InkOS-testing
    builtin-copy -exclude .DS_Store -exclude CVS -exclude .svn -exclude .git -exclude .hg -exclude Headers -exclude PrivateHeaders -exclude Modules -exclude \*.tbd -resolve-src-symlinks /Applications/Xcode.app/Contents/Developer/Platforms/iPhoneSimulator.platform/Developer/Library/Frameworks/XCUIAutomation.framework /Users/andrewallen/Library/Developer/Xcode/DerivedData/InkOS-hihmbestuurshsgyovxqmygopffq/Build/Products/Debug-iphonesimulator/InkOS.app/Frameworks

Copy /Users/andrewallen/Library/Developer/Xcode/DerivedData/InkOS-hihmbestuurshsgyovxqmygopffq/Build/Products/Debug-iphonesimulator/InkOS.app/Frameworks/XCTestCore.framework /Applications/Xcode.app/Contents/Developer/Platforms/iPhoneSimulator.platform/Developer/Library/PrivateFrameworks/XCTestCore.framework (in target 'InkOS' from project 'InkOS')
    cd /Users/andrewallen/Desktop/swift_projects/InkOS-testing
    builtin-copy -exclude .DS_Store -exclude CVS -exclude .svn -exclude .git -exclude .hg -exclude Headers -exclude PrivateHeaders -exclude Modules -exclude \*.tbd -resolve-src-symlinks /Applications/Xcode.app/Contents/Developer/Platforms/iPhoneSimulator.platform/Developer/Library/PrivateFrameworks/XCTestCore.framework /Users/andrewallen/Library/Developer/Xcode/DerivedData/InkOS-hihmbestuurshsgyovxqmygopffq/Build/Products/Debug-iphonesimulator/InkOS.app/Frameworks

Copy /Users/andrewallen/Library/Developer/Xcode/DerivedData/InkOS-hihmbestuurshsgyovxqmygopffq/Build/Products/Debug-iphonesimulator/InkOS.app/Frameworks/XCUnit.framework /Applications/Xcode.app/Contents/Developer/Platforms/iPhoneSimulator.platform/Developer/Library/PrivateFrameworks/XCUnit.framework (in target 'InkOS' from project 'InkOS')
    cd /Users/andrewallen/Desktop/swift_projects/InkOS-testing
    builtin-copy -exclude .DS_Store -exclude CVS -exclude .svn -exclude .git -exclude .hg -exclude Headers -exclude PrivateHeaders -exclude Modules -exclude \*.tbd -resolve-src-symlinks /Applications/Xcode.app/Contents/Developer/Platforms/iPhoneSimulator.platform/Developer/Library/PrivateFrameworks/XCUnit.framework /Users/andrewallen/Library/Developer/Xcode/DerivedData/InkOS-hihmbestuurshsgyovxqmygopffq/Build/Products/Debug-iphonesimulator/InkOS.app/Frameworks

Copy /Users/andrewallen/Library/Developer/Xcode/DerivedData/InkOS-hihmbestuurshsgyovxqmygopffq/Build/Products/Debug-iphonesimulator/InkOS.app/Frameworks/XCTest.framework /Applications/Xcode.app/Contents/Developer/Platforms/iPhoneSimulator.platform/Developer/Library/Frameworks/XCTest.framework (in target 'InkOS' from project 'InkOS')
    cd /Users/andrewallen/Desktop/swift_projects/InkOS-testing
    builtin-copy -exclude .DS_Store -exclude CVS -exclude .svn -exclude .git -exclude .hg -exclude Headers -exclude PrivateHeaders -exclude Modules -exclude \*.tbd -resolve-src-symlinks /Applications/Xcode.app/Contents/Developer/Platforms/iPhoneSimulator.platform/Developer/Library/Frameworks/XCTest.framework /Users/andrewallen/Library/Developer/Xcode/DerivedData/InkOS-hihmbestuurshsgyovxqmygopffq/Build/Products/Debug-iphonesimulator/InkOS.app/Frameworks

Copy /Users/andrewallen/Library/Developer/Xcode/DerivedData/InkOS-hihmbestuurshsgyovxqmygopffq/Build/Products/Debug-iphonesimulator/InkOS.app/Frameworks/XCTAutomationSupport.framework /Applications/Xcode.app/Contents/Developer/Platforms/iPhoneSimulator.platform/Developer/Library/PrivateFrameworks/XCTAutomationSupport.framework (in target 'InkOS' from project 'InkOS')
    cd /Users/andrewallen/Desktop/swift_projects/InkOS-testing
    builtin-copy -exclude .DS_Store -exclude CVS -exclude .svn -exclude .git -exclude .hg -exclude Headers -exclude PrivateHeaders -exclude Modules -exclude \*.tbd -resolve-src-symlinks /Applications/Xcode.app/Contents/Developer/Platforms/iPhoneSimulator.platform/Developer/Library/PrivateFrameworks/XCTAutomationSupport.framework /Users/andrewallen/Library/Developer/Xcode/DerivedData/InkOS-hihmbestuurshsgyovxqmygopffq/Build/Products/Debug-iphonesimulator/InkOS.app/Frameworks

Copy /Users/andrewallen/Library/Developer/Xcode/DerivedData/InkOS-hihmbestuurshsgyovxqmygopffq/Build/Products/Debug-iphonesimulator/InkOS.app/Frameworks/Testing.framework /Applications/Xcode.app/Contents/Developer/Platforms/iPhoneSimulator.platform/Developer/Library/Frameworks/Testing.framework (in target 'InkOS' from project 'InkOS')
    cd /Users/andrewallen/Desktop/swift_projects/InkOS-testing
    builtin-copy -exclude .DS_Store -exclude CVS -exclude .svn -exclude .git -exclude .hg -exclude Headers -exclude PrivateHeaders -exclude Modules -exclude \*.tbd -resolve-src-symlinks /Applications/Xcode.app/Contents/Developer/Platforms/iPhoneSimulator.platform/Developer/Library/Frameworks/Testing.framework /Users/andrewallen/Library/Developer/Xcode/DerivedData/InkOS-hihmbestuurshsgyovxqmygopffq/Build/Products/Debug-iphonesimulator/InkOS.app/Frameworks

Ld /Users/andrewallen/Library/Developer/Xcode/DerivedData/InkOS-hihmbestuurshsgyovxqmygopffq/Build/Products/Debug-iphonesimulator/InkOS.app/__preview.dylib normal (in target 'InkOS' from project 'InkOS')
    cd /Users/andrewallen/Desktop/swift_projects/InkOS-testing
    /Applications/Xcode.app/Contents/Developer/Toolchains/XcodeDefault.xctoolchain/usr/bin/clang -Xlinker -reproducible -target arm64-apple-ios26.2-simulator -dynamiclib -isysroot /Applications/Xcode.app/Contents/Developer/Platforms/iPhoneSimulator.platform/Developer/SDKs/iPhoneSimulator26.2.sdk -O0 -L/Users/andrewallen/Library/Developer/Xcode/DerivedData/InkOS-hihmbestuurshsgyovxqmygopffq/Build/Products/Debug-iphonesimulator -L/Users/andrewallen/Library/Developer/Xcode/DerivedData/InkOS-hihmbestuurshsgyovxqmygopffq/Build/Products/Debug-iphonesimulator/MyScriptInteractiveInk-Runtime -L/Users/andrewallen/Library/Developer/Xcode/DerivedData/InkOS-hihmbestuurshsgyovxqmygopffq/Build/Products/Debug-iphonesimulator/XCFrameworkIntermediates/MyScriptInteractiveInk-Runtime -L/var/run/com.apple.security.cryptexd/mnt/com.apple.MobileAsset.MetalToolchain-v17.3.48.0.tQ8HdN/Metal.xctoolchain/usr/lib/swift/iphonesimulator -L/Applications/Xcode.app/Contents/Developer/Platforms/iPhoneSimulator.platform/Developer/SDKs/iPhoneSimulator26.2.sdk/usr/lib/swift -L/Users/andrewallen/Desktop/swift_projects/InkOS-testing/Pods/MyScriptInteractiveInk-Runtime -F/Users/andrewallen/Library/Developer/Xcode/DerivedData/InkOS-hihmbestuurshsgyovxqmygopffq/Build/Products/Debug-iphonesimulator -F/Users/andrewallen/Desktop/swift_projects/InkOS-testing/Pods/MyScriptInteractiveInk-Runtime -install_name @rpath/InkOS.debug.dylib -dead_strip -rdynamic -Xlinker -no_deduplicate -Xlinker -objc_abi_version -Xlinker 2 -Xlinker -dependency_info -Xlinker /Users/andrewallen/Library/Developer/Xcode/DerivedData/InkOS-hihmbestuurshsgyovxqmygopffq/Build/Intermediates.noindex/InkOS.build/Debug-iphonesimulator/InkOS.build/Objects-normal/arm64/InkOS_dependency_info.dat -Xlinker -sectcreate -Xlinker __TEXT -Xlinker __entitlements -Xlinker /Users/andrewallen/Library/Developer/Xcode/DerivedData/InkOS-hihmbestuurshsgyovxqmygopffq/Build/Intermediates.noindex/InkOS.build/Debug-iphonesimulator/InkOS.build/InkOS.app-Simulated.xcent -Xlinker -sectcreate -Xlinker __TEXT -Xlinker __ents_der -Xlinker /Users/andrewallen/Library/Developer/Xcode/DerivedData/InkOS-hihmbestuurshsgyovxqmygopffq/Build/Intermediates.noindex/InkOS.build/Debug-iphonesimulator/InkOS.build/InkOS.app-Simulated.xcent.der -Xlinker -no_adhoc_codesign -o /Users/andrewallen/Library/Developer/Xcode/DerivedData/InkOS-hihmbestuurshsgyovxqmygopffq/Build/Products/Debug-iphonesimulator/InkOS.app/__preview.dylib
ld: warning: search path '/Users/andrewallen/Library/Developer/Xcode/DerivedData/InkOS-hihmbestuurshsgyovxqmygopffq/Build/Products/Debug-iphonesimulator/MyScriptInteractiveInk-Runtime' not found
ld: warning: search path '/Users/andrewallen/Library/Developer/Xcode/DerivedData/InkOS-hihmbestuurshsgyovxqmygopffq/Build/Products/Debug-iphonesimulator/XCFrameworkIntermediates/MyScriptInteractiveInk-Runtime' not found
ld: warning: search path '/var/run/com.apple.security.cryptexd/mnt/com.apple.MobileAsset.MetalToolchain-v17.3.48.0.tQ8HdN/Metal.xctoolchain/usr/lib/swift/iphonesimulator' not found

MkDir /Users/andrewallen/Library/Developer/Xcode/DerivedData/InkOS-hihmbestuurshsgyovxqmygopffq/Build/Intermediates.noindex/InkOS.build/Debug-iphonesimulator/InkOS.build/assetcatalog_output/unthinned (in target 'InkOS' from project 'InkOS')
    cd /Users/andrewallen/Desktop/swift_projects/InkOS-testing
    /bin/mkdir -p /Users/andrewallen/Library/Developer/Xcode/DerivedData/InkOS-hihmbestuurshsgyovxqmygopffq/Build/Intermediates.noindex/InkOS.build/Debug-iphonesimulator/InkOS.build/assetcatalog_output/unthinned

MkDir /Users/andrewallen/Library/Developer/Xcode/DerivedData/InkOS-hihmbestuurshsgyovxqmygopffq/Build/Intermediates.noindex/InkOS.build/Debug-iphonesimulator/InkOS.build/assetcatalog_output/thinned (in target 'InkOS' from project 'InkOS')
    cd /Users/andrewallen/Desktop/swift_projects/InkOS-testing
    /bin/mkdir -p /Users/andrewallen/Library/Developer/Xcode/DerivedData/InkOS-hihmbestuurshsgyovxqmygopffq/Build/Intermediates.noindex/InkOS.build/Debug-iphonesimulator/InkOS.build/assetcatalog_output/thinned

GenerateAssetSymbols /Users/andrewallen/Desktop/swift_projects/InkOS-testing/InkOS/Assets.xcassets (in target 'InkOS' from project 'InkOS')
    cd /Users/andrewallen/Desktop/swift_projects/InkOS-testing
    /Applications/Xcode.app/Contents/Developer/usr/bin/actool /Users/andrewallen/Desktop/swift_projects/InkOS-testing/InkOS/Assets.xcassets --compile /Users/andrewallen/Library/Developer/Xcode/DerivedData/InkOS-hihmbestuurshsgyovxqmygopffq/Build/Products/Debug-iphonesimulator/InkOS.app --output-format human-readable-text --notices --warnings --export-dependency-info /Users/andrewallen/Library/Developer/Xcode/DerivedData/InkOS-hihmbestuurshsgyovxqmygopffq/Build/Intermediates.noindex/InkOS.build/Debug-iphonesimulator/InkOS.build/assetcatalog_dependencies --output-partial-info-plist /Users/andrewallen/Library/Developer/Xcode/DerivedData/InkOS-hihmbestuurshsgyovxqmygopffq/Build/Intermediates.noindex/InkOS.build/Debug-iphonesimulator/InkOS.build/assetcatalog_generated_info.plist --accent-color AccentColor --compress-pngs --enable-on-demand-resources YES --development-region en --target-device iphone --target-device ipad --minimum-deployment-target 26.2 --platform iphonesimulator --bundle-identifier me.andy.allen.Trivial --generate-swift-asset-symbols /Users/andrewallen/Library/Developer/Xcode/DerivedData/InkOS-hihmbestuurshsgyovxqmygopffq/Build/Intermediates.noindex/InkOS.build/Debug-iphonesimulator/InkOS.build/DerivedSources/GeneratedAssetSymbols.swift --generate-objc-asset-symbols /Users/andrewallen/Library/Developer/Xcode/DerivedData/InkOS-hihmbestuurshsgyovxqmygopffq/Build/Intermediates.noindex/InkOS.build/Debug-iphonesimulator/InkOS.build/DerivedSources/GeneratedAssetSymbols.h --generate-asset-symbol-index /Users/andrewallen/Library/Developer/Xcode/DerivedData/InkOS-hihmbestuurshsgyovxqmygopffq/Build/Intermediates.noindex/InkOS.build/Debug-iphonesimulator/InkOS.build/DerivedSources/GeneratedAssetSymbols-Index.plist
/* com.apple.actool.compilation-results */
/Users/andrewallen/Library/Developer/Xcode/DerivedData/InkOS-hihmbestuurshsgyovxqmygopffq/Build/Intermediates.noindex/InkOS.build/Debug-iphonesimulator/InkOS.build/DerivedSources/GeneratedAssetSymbols-Index.plist
/Users/andrewallen/Library/Developer/Xcode/DerivedData/InkOS-hihmbestuurshsgyovxqmygopffq/Build/Intermediates.noindex/InkOS.build/Debug-iphonesimulator/InkOS.build/DerivedSources/GeneratedAssetSymbols.h
/Users/andrewallen/Library/Developer/Xcode/DerivedData/InkOS-hihmbestuurshsgyovxqmygopffq/Build/Intermediates.noindex/InkOS.build/Debug-iphonesimulator/InkOS.build/DerivedSources/GeneratedAssetSymbols.swift


CompileAssetCatalogVariant thinned /Users/andrewallen/Library/Developer/Xcode/DerivedData/InkOS-hihmbestuurshsgyovxqmygopffq/Build/Products/Debug-iphonesimulator/InkOS.app /Users/andrewallen/Desktop/swift_projects/InkOS-testing/InkOS/Assets.xcassets (in target 'InkOS' from project 'InkOS')
    cd /Users/andrewallen/Desktop/swift_projects/InkOS-testing
    /Applications/Xcode.app/Contents/Developer/usr/bin/actool /Users/andrewallen/Desktop/swift_projects/InkOS-testing/InkOS/Assets.xcassets --compile /Users/andrewallen/Library/Developer/Xcode/DerivedData/InkOS-hihmbestuurshsgyovxqmygopffq/Build/Intermediates.noindex/InkOS.build/Debug-iphonesimulator/InkOS.build/assetcatalog_output/thinned --output-format human-readable-text --notices --warnings --export-dependency-info /Users/andrewallen/Library/Developer/Xcode/DerivedData/InkOS-hihmbestuurshsgyovxqmygopffq/Build/Intermediates.noindex/InkOS.build/Debug-iphonesimulator/InkOS.build/assetcatalog_dependencies_thinned --output-partial-info-plist /Users/andrewallen/Library/Developer/Xcode/DerivedData/InkOS-hihmbestuurshsgyovxqmygopffq/Build/Intermediates.noindex/InkOS.build/Debug-iphonesimulator/InkOS.build/assetcatalog_generated_info.plist_thinned --accent-color AccentColor --compress-pngs --enable-on-demand-resources YES --filter-for-thinning-device-configuration iPhone18,3 --filter-for-device-os-version 26.2 --development-region en --target-device iphone --target-device ipad --minimum-deployment-target 26.2 --platform iphonesimulator
/* com.apple.actool.compilation-results */
/Users/andrewallen/Library/Developer/Xcode/DerivedData/InkOS-hihmbestuurshsgyovxqmygopffq/Build/Intermediates.noindex/InkOS.build/Debug-iphonesimulator/InkOS.build/assetcatalog_generated_info.plist_thinned


SwiftDriver InkOS normal arm64 com.apple.xcode.tools.swift.compiler (in target 'InkOS' from project 'InkOS')
    cd /Users/andrewallen/Desktop/swift_projects/InkOS-testing
    builtin-SwiftDriver -- /Applications/Xcode.app/Contents/Developer/Toolchains/XcodeDefault.xctoolchain/usr/bin/swiftc -module-name InkOS -Onone -enforce-exclusivity\=checked @/Users/andrewallen/Library/Developer/Xcode/DerivedData/InkOS-hihmbestuurshsgyovxqmygopffq/Build/Intermediates.noindex/InkOS.build/Debug-iphonesimulator/InkOS.build/Objects-normal/arm64/InkOS.SwiftFileList -DDEBUG -D COCOAPODS -Xcc -fmodule-map-file\=/Users/andrewallen/Library/Developer/Xcode/DerivedData/InkOS-hihmbestuurshsgyovxqmygopffq/Build/Products/Debug-iphonesimulator/MyScriptInteractiveInk-Runtime/MyScriptInteractiveInk_Runtime.modulemap -enable-bare-slash-regex -enable-upcoming-feature DisableOutwardActorInference -enable-upcoming-feature InferSendableFromCaptures -enable-upcoming-feature GlobalActorIsolatedTypesUsability -enable-upcoming-feature MemberImportVisibility -enable-upcoming-feature InferIsolatedConformances -enable-upcoming-feature NonisolatedNonsendingByDefault -enable-experimental-feature DebugDescriptionMacro -sdk /Applications/Xcode.app/Contents/Developer/Platforms/iPhoneSimulator.platform/Developer/SDKs/iPhoneSimulator26.2.sdk -target arm64-apple-ios26.2-simulator -g -module-cache-path /Users/andrewallen/Library/Developer/Xcode/DerivedData/ModuleCache.noindex -Xfrontend -serialize-debugging-options -enable-testing -index-store-path /Users/andrewallen/Library/Developer/Xcode/DerivedData/InkOS-hihmbestuurshsgyovxqmygopffq/Index.noindex/DataStore -Xcc -D_LIBCPP_HARDENING_MODE\=_LIBCPP_HARDENING_MODE_DEBUG -swift-version 5 -I /Users/andrewallen/Library/Developer/Xcode/DerivedData/InkOS-hihmbestuurshsgyovxqmygopffq/Build/Products/Debug-iphonesimulator -I /Users/andrewallen/Library/Developer/Xcode/DerivedData/InkOS-hihmbestuurshsgyovxqmygopffq/Build/Products/Debug-iphonesimulator/MyScriptInteractiveInk-Runtime -F /Users/andrewallen/Library/Developer/Xcode/DerivedData/InkOS-hihmbestuurshsgyovxqmygopffq/Build/Products/Debug-iphonesimulator -F /Users/andrewallen/Desktop/swift_projects/InkOS-testing/Pods/MyScriptInteractiveInk-Runtime -emit-localized-strings -emit-localized-strings-path /Users/andrewallen/Library/Developer/Xcode/DerivedData/InkOS-hihmbestuurshsgyovxqmygopffq/Build/Intermediates.noindex/InkOS.build/Debug-iphonesimulator/InkOS.build/Objects-normal/arm64 -c -j8 -enable-batch-mode -incremental -Xcc -ivfsstatcache -Xcc /Users/andrewallen/Library/Developer/Xcode/DerivedData/SDKStatCaches.noindex/iphonesimulator26.2-23C53-3885c01c3e6b6a337905948deab2002e7d00a8b37fbd7999ea79df8ebc024bf0.sdkstatcache -output-file-map /Users/andrewallen/Library/Developer/Xcode/DerivedData/InkOS-hihmbestuurshsgyovxqmygopffq/Build/Intermediates.noindex/InkOS.build/Debug-iphonesimulator/InkOS.build/Objects-normal/arm64/InkOS-OutputFileMap.json -use-frontend-parseable-output -save-temps -no-color-diagnostics -explicit-module-build -module-cache-path /Users/andrewallen/Library/Developer/Xcode/DerivedData/InkOS-hihmbestuurshsgyovxqmygopffq/Build/Intermediates.noindex/SwiftExplicitPrecompiledModules -clang-scanner-module-cache-path /Users/andrewallen/Library/Developer/Xcode/DerivedData/ModuleCache.noindex -sdk-module-cache-path /Users/andrewallen/Library/Developer/Xcode/DerivedData/ModuleCache.noindex -serialize-diagnostics -emit-dependencies -emit-module -emit-module-path /Users/andrewallen/Library/Developer/Xcode/DerivedData/InkOS-hihmbestuurshsgyovxqmygopffq/Build/Intermediates.noindex/InkOS.build/Debug-iphonesimulator/InkOS.build/Objects-normal/arm64/InkOS.swiftmodule -validate-clang-modules-once -clang-build-session-file /Users/andrewallen/Library/Developer/Xcode/DerivedData/ModuleCache.noindex/Session.modulevalidation -Xcc -I/Users/andrewallen/Library/Developer/Xcode/DerivedData/InkOS-hihmbestuurshsgyovxqmygopffq/Build/Intermediates.noindex/InkOS.build/Debug-iphonesimulator/InkOS.build/swift-overrides.hmap -emit-const-values -Xfrontend -const-gather-protocols-file -Xfrontend /Users/andrewallen/Library/Developer/Xcode/DerivedData/InkOS-hihmbestuurshsgyovxqmygopffq/Build/Intermediates.noindex/InkOS.build/Debug-iphonesimulator/InkOS.build/Objects-normal/arm64/InkOS_const_extract_protocols.json -Xcc -iquote -Xcc /Users/andrewallen/Library/Developer/Xcode/DerivedData/InkOS-hihmbestuurshsgyovxqmygopffq/Build/Intermediates.noindex/InkOS.build/Debug-iphonesimulator/InkOS.build/InkOS-generated-files.hmap -Xcc -I/Users/andrewallen/Library/Developer/Xcode/DerivedData/InkOS-hihmbestuurshsgyovxqmygopffq/Build/Intermediates.noindex/InkOS.build/Debug-iphonesimulator/InkOS.build/InkOS-own-target-headers.hmap -Xcc -I/Users/andrewallen/Library/Developer/Xcode/DerivedData/InkOS-hihmbestuurshsgyovxqmygopffq/Build/Intermediates.noindex/InkOS.build/Debug-iphonesimulator/InkOS.build/InkOS-all-target-headers.hmap -Xcc -iquote -Xcc /Users/andrewallen/Library/Developer/Xcode/DerivedData/InkOS-hihmbestuurshsgyovxqmygopffq/Build/Intermediates.noindex/InkOS.build/Debug-iphonesimulator/InkOS.build/InkOS-project-headers.hmap -Xcc -iquote -Xcc /Users/andrewallen/Desktop/swift_projects/InkOS-testing/Pods/MyScriptInteractiveInk-Runtime/Frameworks/iink.framework/Headers -Xcc -I/Users/andrewallen/Library/Developer/Xcode/DerivedData/InkOS-hihmbestuurshsgyovxqmygopffq/Build/Products/Debug-iphonesimulator/include -Xcc -I/Users/andrewallen/Desktop/swift_projects/InkOS-testing/Pods/Headers/Public -Xcc -I/Users/andrewallen/Desktop/swift_projects/InkOS-testing/Pods/Headers/Public/MyScriptInteractiveInk-Runtime -Xcc -I/Users/andrewallen/Library/Developer/Xcode/DerivedData/InkOS-hihmbestuurshsgyovxqmygopffq/Build/Products/Debug-iphonesimulator/XCFrameworkIntermediates/MyScriptInteractiveInk-Runtime/Headers -Xcc -I/Users/andrewallen/Library/Developer/Xcode/DerivedData/InkOS-hihmbestuurshsgyovxqmygopffq/Build/Products/Debug-iphonesimulator/MyScriptInteractiveInk-Runtime/MyScriptInteractiveInk_Runtime.framework/Headers -Xcc -I/Users/andrewallen/Library/Developer/Xcode/DerivedData/InkOS-hihmbestuurshsgyovxqmygopffq/Build/Products/Debug-iphonesimulator/XCFrameworkIntermediates/MyScriptInteractiveInk-Runtime/Headers -Xcc -I/Users/andrewallen/Desktop/swift_projects/InkOS-testing/Pods/MyScriptInteractiveInk-Runtime/Frameworks/iink.framework/Headers -Xcc -I/Users/andrewallen/Desktop/swift_projects/InkOS-testing/InkOS/Frameworks -Xcc -I/Users/andrewallen/Desktop/swift_projects/InkOS-testing/Pods/Headers/Public -Xcc -I/Users/andrewallen/Desktop/swift_projects/InkOS-testing/Pods/Headers/Public/MyScriptInteractiveInk-Runtime -Xcc -I/Users/andrewallen/Library/Developer/Xcode/DerivedData/InkOS-hihmbestuurshsgyovxqmygopffq/Build/Products/Debug-iphonesimulator/XCFrameworkIntermediates/MyScriptInteractiveInk-Runtime/Headers -Xcc -I/Users/andrewallen/Library/Developer/Xcode/DerivedData/InkOS-hihmbestuurshsgyovxqmygopffq/Build/Intermediates.noindex/InkOS.build/Debug-iphonesimulator/InkOS.build/DerivedSources-normal/arm64 -Xcc -I/Users/andrewallen/Library/Developer/Xcode/DerivedData/InkOS-hihmbestuurshsgyovxqmygopffq/Build/Intermediates.noindex/InkOS.build/Debug-iphonesimulator/InkOS.build/DerivedSources/arm64 -Xcc -I/Users/andrewallen/Library/Developer/Xcode/DerivedData/InkOS-hihmbestuurshsgyovxqmygopffq/Build/Intermediates.noindex/InkOS.build/Debug-iphonesimulator/InkOS.build/DerivedSources -Xcc -DDEBUG\=1 -Xcc -DCOCOAPODS\=1 -Xcc -DGET_STARTED\=1 -emit-objc-header -emit-objc-header-path /Users/andrewallen/Library/Developer/Xcode/DerivedData/InkOS-hihmbestuurshsgyovxqmygopffq/Build/Intermediates.noindex/InkOS.build/Debug-iphonesimulator/InkOS.build/Objects-normal/arm64/InkOS-Swift.h -import-objc-header /Users/andrewallen/Desktop/swift_projects/InkOS-testing/InkOS/InkOS-Bridging-Header.h -working-directory /Users/andrewallen/Desktop/swift_projects/InkOS-testing -experimental-emit-module-separately -disable-cmo
error: module map file '/Users/andrewallen/Library/Developer/Xcode/DerivedData/InkOS-hihmbestuurshsgyovxqmygopffq/Build/Products/Debug-iphonesimulator/MyScriptInteractiveInk-Runtime/MyScriptInteractiveInk_Runtime.modulemap' not found
error: module map file '/Users/andrewallen/Library/Developer/Xcode/DerivedData/InkOS-hihmbestuurshsgyovxqmygopffq/Build/Products/Debug-iphonesimulator/MyScriptInteractiveInk-Runtime/MyScriptInteractiveInk_Runtime.modulemap' not found
error: Clang dependency scanner failure: fatal error: module map file '/Users/andrewallen/Library/Developer/Xcode/DerivedData/InkOS-hihmbestuurshsgyovxqmygopffq/Build/Products/Debug-iphonesimulator/MyScriptInteractiveInk-Runtime/MyScriptInteractiveInk_Runtime.modulemap' not found
fatal error: module map file '/Users/andrewallen/Library/Developer/Xcode/DerivedData/InkOS-hihmbestuurshsgyovxqmygopffq/Build/Products/Debug-iphonesimulator/MyScriptInteractiveInk-Runtime/MyScriptInteractiveInk_Runtime.modulemap' not found
fatal error: module map file '/Users/andrewallen/Library/Developer/Xcode/DerivedData/InkOS-hihmbestuurshsgyovxqmygopffq/Build/Products/Debug-iphonesimulator/MyScriptInteractiveInk-Runtime/MyScriptInteractiveInk_Runtime.modulemap' not found
fatal error: module map file '/Users/andrewallen/Library/Developer/Xcode/DerivedData/InkOS-hihmbestuurshsgyovxqmygopffq/Build/Products/Debug-iphonesimulator/MyScriptInteractiveInk-Runtime/MyScriptInteractiveInk_Runtime.modulemap' not found
fatal error: module map file '/Users/andrewallen/Library/Developer/Xcode/DerivedData/InkOS-hihmbestuurshsgyovxqmygopffq/Build/Products/Debug-iphonesimulator/MyScriptInteractiveInk-Runtime/MyScriptInteractiveInk_Runtime.modulemap' not found
fatal error: module map file '/Users/andrewallen/Library/Developer/Xcode/DerivedData/InkOS-hihmbestuurshsgyovxqmygopffq/Build/Products/Debug-iphonesimulator/MyScriptInteractiveInk-Runtime/MyScriptInteractiveInk_Runtime.modulemap' not found
fatal error: module map file '/Users/andrewallen/Library/Developer/Xcode/DerivedData/InkOS-hihmbestuurshsgyovxqmygopffq/Build/Products/Debug-iphonesimulator/MyScriptInteractiveInk-Runtime/MyScriptInteractiveInk_Runtime.modulemap' not found
fatal error: module map file '/Users/andrewallen/Library/Developer/Xcode/DerivedData/InkOS-hihmbestuurshsgyovxqmygopffq/Build/Products/Debug-iphonesimulator/MyScriptInteractiveInk-Runtime/MyScriptInteractiveInk_Runtime.modulemap' not found

error: Clang dependency scanner failure: fatal error: module map file '/Users/andrewallen/Library/Developer/Xcode/DerivedData/InkOS-hihmbestuurshsgyovxqmygopffq/Build/Products/Debug-iphonesimulator/MyScriptInteractiveInk-Runtime/MyScriptInteractiveInk_Runtime.modulemap' not found
fatal error: module map file '/Users/andrewallen/Library/Developer/Xcode/DerivedData/InkOS-hihmbestuurshsgyovxqmygopffq/Build/Products/Debug-iphonesimulator/MyScriptInteractiveInk-Runtime/MyScriptInteractiveInk_Runtime.modulemap' not found
fatal error: module map file '/Users/andrewallen/Library/Developer/Xcode/DerivedData/InkOS-hihmbestuurshsgyovxqmygopffq/Build/Products/Debug-iphonesimulator/MyScriptInteractiveInk-Runtime/MyScriptInteractiveInk_Runtime.modulemap' not found
fatal error: module map file '/Users/andrewallen/Library/Developer/Xcode/DerivedData/InkOS-hihmbestuurshsgyovxqmygopffq/Build/Products/Debug-iphonesimulator/MyScriptInteractiveInk-Runtime/MyScriptInteractiveInk_Runtime.modulemap' not found
fatal error: module map file '/Users/andrewallen/Library/Developer/Xcode/DerivedData/InkOS-hihmbestuurshsgyovxqmygopffq/Build/Products/Debug-iphonesimulator/MyScriptInteractiveInk-Runtime/MyScriptInteractiveInk_Runtime.modulemap' not found
fatal error: module map file '/Users/andrewallen/Library/Developer/Xcode/DerivedData/InkOS-hihmbestuurshsgyovxqmygopffq/Build/Products/Debug-iphonesimulator/MyScriptInteractiveInk-Runtime/MyScriptInteractiveInk_Runtime.modulemap' not found
fatal error: module map file '/Users/andrewallen/Library/Developer/Xcode/DerivedData/InkOS-hihmbestuurshsgyovxqmygopffq/Build/Products/Debug-iphonesimulator/MyScriptInteractiveInk-Runtime/MyScriptInteractiveInk_Runtime.modulemap' not found
fatal error: module map file '/Users/andrewallen/Library/Developer/Xcode/DerivedData/InkOS-hihmbestuurshsgyovxqmygopffq/Build/Products/Debug-iphonesimulator/MyScriptInteractiveInk-Runtime/MyScriptInteractiveInk_Runtime.modulemap' not found
fatal error: module map file '/Users/andrewallen/Library/Developer/Xcode/DerivedData/InkOS-hihmbestuurshsgyovxqmygopffq/Build/Products/Debug-iphonesimulator/MyScriptInteractiveInk-Runtime/MyScriptInteractiveInk_Runtime.modulemap' not found

error: Clang dependency scanner failure: fatal error: module map file '/Users/andrewallen/Library/Developer/Xcode/DerivedData/InkOS-hihmbestuurshsgyovxqmygopffq/Build/Products/Debug-iphonesimulator/MyScriptInteractiveInk-Runtime/MyScriptInteractiveInk_Runtime.modulemap' not found
fatal error: module map file '/Users/andrewallen/Library/Developer/Xcode/DerivedData/InkOS-hihmbestuurshsgyovxqmygopffq/Build/Products/Debug-iphonesimulator/MyScriptInteractiveInk-Runtime/MyScriptInteractiveInk_Runtime.modulemap' not found

error: Clang dependency scanner failure: fatal error: module map file '/Users/andrewallen/Library/Developer/Xcode/DerivedData/InkOS-hihmbestuurshsgyovxqmygopffq/Build/Products/Debug-iphonesimulator/MyScriptInteractiveInk-Runtime/MyScriptInteractiveInk_Runtime.modulemap' not found
fatal error: module map file '/Users/andrewallen/Library/Developer/Xcode/DerivedData/InkOS-hihmbestuurshsgyovxqmygopffq/Build/Products/Debug-iphonesimulator/MyScriptInteractiveInk-Runtime/MyScriptInteractiveInk_Runtime.modulemap' not found
fatal error: module map file '/Users/andrewallen/Library/Developer/Xcode/DerivedData/InkOS-hihmbestuurshsgyovxqmygopffq/Build/Products/Debug-iphonesimulator/MyScriptInteractiveInk-Runtime/MyScriptInteractiveInk_Runtime.modulemap' not found
fatal error: module map file '/Users/andrewallen/Library/Developer/Xcode/DerivedData/InkOS-hihmbestuurshsgyovxqmygopffq/Build/Products/Debug-iphonesimulator/MyScriptInteractiveInk-Runtime/MyScriptInteractiveInk_Runtime.modulemap' not found
fatal error: module map file '/Users/andrewallen/Library/Developer/Xcode/DerivedData/InkOS-hihmbestuurshsgyovxqmygopffq/Build/Products/Debug-iphonesimulator/MyScriptInteractiveInk-Runtime/MyScriptInteractiveInk_Runtime.modulemap' not found
fatal error: module map file '/Users/andrewallen/Library/Developer/Xcode/DerivedData/InkOS-hihmbestuurshsgyovxqmygopffq/Build/Products/Debug-iphonesimulator/MyScriptInteractiveInk-Runtime/MyScriptInteractiveInk_Runtime.modulemap' not found
fatal error: module map file '/Users/andrewallen/Library/Developer/Xcode/DerivedData/InkOS-hihmbestuurshsgyovxqmygopffq/Build/Products/Debug-iphonesimulator/MyScriptInteractiveInk-Runtime/MyScriptInteractiveInk_Runtime.modulemap' not found
fatal error: module map file '/Users/andrewallen/Library/Developer/Xcode/DerivedData/InkOS-hihmbestuurshsgyovxqmygopffq/Build/Products/Debug-iphonesimulator/MyScriptInteractiveInk-Runtime/MyScriptInteractiveInk_Runtime.modulemap' not found
fatal error: module map file '/Users/andrewallen/Library/Developer/Xcode/DerivedData/InkOS-hihmbestuurshsgyovxqmygopffq/Build/Products/Debug-iphonesimulator/MyScriptInteractiveInk-Runtime/MyScriptInteractiveInk_Runtime.modulemap' not found
fatal error: module map file '/Users/andrewallen/Library/Developer/Xcode/DerivedData/InkOS-hihmbestuurshsgyovxqmygopffq/Build/Products/Debug-iphonesimulator/MyScriptInteractiveInk-Runtime/MyScriptInteractiveInk_Runtime.modulemap' not found
fatal error: module map file '/Users/andrewallen/Library/Developer/Xcode/DerivedData/InkOS-hihmbestuurshsgyovxqmygopffq/Build/Products/Debug-iphonesimulator/MyScriptInteractiveInk-Runtime/MyScriptInteractiveInk_Runtime.modulemap' not found
fatal error: module map file '/Users/andrewallen/Library/Developer/Xcode/DerivedData/InkOS-hihmbestuurshsgyovxqmygopffq/Build/Products/Debug-iphonesimulator/MyScriptInteractiveInk-Runtime/MyScriptInteractiveInk_Runtime.modulemap' not found
fatal error: module map file '/Users/andrewallen/Library/Developer/Xcode/DerivedData/InkOS-hihmbestuurshsgyovxqmygopffq/Build/Products/Debug-iphonesimulator/MyScriptInteractiveInk-Runtime/MyScriptInteractiveInk_Runtime.modulemap' not found

error: Clang dependency scanner failure: fatal error: module map file '/Users/andrewallen/Library/Developer/Xcode/DerivedData/InkOS-hihmbestuurshsgyovxqmygopffq/Build/Products/Debug-iphonesimulator/MyScriptInteractiveInk-Runtime/MyScriptInteractiveInk_Runtime.modulemap' not found
fatal error: module map file '/Users/andrewallen/Library/Developer/Xcode/DerivedData/InkOS-hihmbestuurshsgyovxqmygopffq/Build/Products/Debug-iphonesimulator/MyScriptInteractiveInk-Runtime/MyScriptInteractiveInk_Runtime.modulemap' not found
fatal error: module map file '/Users/andrewallen/Library/Developer/Xcode/DerivedData/InkOS-hihmbestuurshsgyovxqmygopffq/Build/Products/Debug-iphonesimulator/MyScriptInteractiveInk-Runtime/MyScriptInteractiveInk_Runtime.modulemap' not found
fatal error: module map file '/Users/andrewallen/Library/Developer/Xcode/DerivedData/InkOS-hihmbestuurshsgyovxqmygopffq/Build/Products/Debug-iphonesimulator/MyScriptInteractiveInk-Runtime/MyScriptInteractiveInk_Runtime.modulemap' not found
fatal error: module map file '/Users/andrewallen/Library/Developer/Xcode/DerivedData/InkOS-hihmbestuurshsgyovxqmygopffq/Build/Products/Debug-iphonesimulator/MyScriptInteractiveInk-Runtime/MyScriptInteractiveInk_Runtime.modulemap' not found
fatal error: module map file '/Users/andrewallen/Library/Developer/Xcode/DerivedData/InkOS-hihmbestuurshsgyovxqmygopffq/Build/Products/Debug-iphonesimulator/MyScriptInteractiveInk-Runtime/MyScriptInteractiveInk_Runtime.modulemap' not found
fatal error: module map file '/Users/andrewallen/Library/Developer/Xcode/DerivedData/InkOS-hihmbestuurshsgyovxqmygopffq/Build/Products/Debug-iphonesimulator/MyScriptInteractiveInk-Runtime/MyScriptInteractiveInk_Runtime.modulemap' not found
fatal error: module map file '/Users/andrewallen/Library/Developer/Xcode/DerivedData/InkOS-hihmbestuurshsgyovxqmygopffq/Build/Products/Debug-iphonesimulator/MyScriptInteractiveInk-Runtime/MyScriptInteractiveInk_Runtime.modulemap' not found
fatal error: module map file '/Users/andrewallen/Library/Developer/Xcode/DerivedData/InkOS-hihmbestuurshsgyovxqmygopffq/Build/Products/Debug-iphonesimulator/MyScriptInteractiveInk-Runtime/MyScriptInteractiveInk_Runtime.modulemap' not found
fatal error: module map file '/Users/andrewallen/Library/Developer/Xcode/DerivedData/InkOS-hihmbestuurshsgyovxqmygopffq/Build/Products/Debug-iphonesimulator/MyScriptInteractiveInk-Runtime/MyScriptInteractiveInk_Runtime.modulemap' not found
fatal error: module map file '/Users/andrewallen/Library/Developer/Xcode/DerivedData/InkOS-hihmbestuurshsgyovxqmygopffq/Build/Products/Debug-iphonesimulator/MyScriptInteractiveInk-Runtime/MyScriptInteractiveInk_Runtime.modulemap' not found
fatal error: module map file '/Users/andrewallen/Library/Developer/Xcode/DerivedData/InkOS-hihmbestuurshsgyovxqmygopffq/Build/Products/Debug-iphonesimulator/MyScriptInteractiveInk-Runtime/MyScriptInteractiveInk_Runtime.modulemap' not found
fatal error: module map file '/Users/andrewallen/Library/Developer/Xcode/DerivedData/InkOS-hihmbestuurshsgyovxqmygopffq/Build/Products/Debug-iphonesimulator/MyScriptInteractiveInk-Runtime/MyScriptInteractiveInk_Runtime.modulemap' not found
fatal error: module map file '/Users/andrewallen/Library/Developer/Xcode/DerivedData/InkOS-hihmbestuurshsgyovxqmygopffq/Build/Products/Debug-iphonesimulator/MyScriptInteractiveInk-Runtime/MyScriptInteractiveInk_Runtime.modulemap' not found
fatal error: module map file '/Users/andrewallen/Library/Developer/Xcode/DerivedData/InkOS-hihmbestuurshsgyovxqmygopffq/Build/Products/Debug-iphonesimulator/MyScriptInteractiveInk-Runtime/MyScriptInteractiveInk_Runtime.modulemap' not found
fatal error: module map file '/Users/andrewallen/Library/Developer/Xcode/DerivedData/InkOS-hihmbestuurshsgyovxqmygopffq/Build/Products/Debug-iphonesimulator/MyScriptInteractiveInk-Runtime/MyScriptInteractiveInk_Runtime.modulemap' not found
fatal error: module map file '/Users/andrewallen/Library/Developer/Xcode/DerivedData/InkOS-hihmbestuurshsgyovxqmygopffq/Build/Products/Debug-iphonesimulator/MyScriptInteractiveInk-Runtime/MyScriptInteractiveInk_Runtime.modulemap' not found

error: Clang dependency scanner failure: fatal error: module map file '/Users/andrewallen/Library/Developer/Xcode/DerivedData/InkOS-hihmbestuurshsgyovxqmygopffq/Build/Products/Debug-iphonesimulator/MyScriptInteractiveInk-Runtime/MyScriptInteractiveInk_Runtime.modulemap' not found
fatal error: module map file '/Users/andrewallen/Library/Developer/Xcode/DerivedData/InkOS-hihmbestuurshsgyovxqmygopffq/Build/Products/Debug-iphonesimulator/MyScriptInteractiveInk-Runtime/MyScriptInteractiveInk_Runtime.modulemap' not found
fatal error: module map file '/Users/andrewallen/Library/Developer/Xcode/DerivedData/InkOS-hihmbestuurshsgyovxqmygopffq/Build/Products/Debug-iphonesimulator/MyScriptInteractiveInk-Runtime/MyScriptInteractiveInk_Runtime.modulemap' not found
fatal error: module map file '/Users/andrewallen/Library/Developer/Xcode/DerivedData/InkOS-hihmbestuurshsgyovxqmygopffq/Build/Products/Debug-iphonesimulator/MyScriptInteractiveInk-Runtime/MyScriptInteractiveInk_Runtime.modulemap' not found
fatal error: module map file '/Users/andrewallen/Library/Developer/Xcode/DerivedData/InkOS-hihmbestuurshsgyovxqmygopffq/Build/Products/Debug-iphonesimulator/MyScriptInteractiveInk-Runtime/MyScriptInteractiveInk_Runtime.modulemap' not found
fatal error: module map file '/Users/andrewallen/Library/Developer/Xcode/DerivedData/InkOS-hihmbestuurshsgyovxqmygopffq/Build/Products/Debug-iphonesimulator/MyScriptInteractiveInk-Runtime/MyScriptInteractiveInk_Runtime.modulemap' not found
fatal error: module map file '/Users/andrewallen/Library/Developer/Xcode/DerivedData/InkOS-hihmbestuurshsgyovxqmygopffq/Build/Products/Debug-iphonesimulator/MyScriptInteractiveInk-Runtime/MyScriptInteractiveInk_Runtime.modulemap' not found
fatal error: module map file '/Users/andrewallen/Library/Developer/Xcode/DerivedData/InkOS-hihmbestuurshsgyovxqmygopffq/Build/Products/Debug-iphonesimulator/MyScriptInteractiveInk-Runtime/MyScriptInteractiveInk_Runtime.modulemap' not found
fatal error: module map file '/Users/andrewallen/Library/Developer/Xcode/DerivedData/InkOS-hihmbestuurshsgyovxqmygopffq/Build/Products/Debug-iphonesimulator/MyScriptInteractiveInk-Runtime/MyScriptInteractiveInk_Runtime.modulemap' not found
fatal error: module map file '/Users/andrewallen/Library/Developer/Xcode/DerivedData/InkOS-hihmbestuurshsgyovxqmygopffq/Build/Products/Debug-iphonesimulator/MyScriptInteractiveInk-Runtime/MyScriptInteractiveInk_Runtime.modulemap' not found
fatal error: module map file '/Users/andrewallen/Library/Developer/Xcode/DerivedData/InkOS-hihmbestuurshsgyovxqmygopffq/Build/Products/Debug-iphonesimulator/MyScriptInteractiveInk-Runtime/MyScriptInteractiveInk_Runtime.modulemap' not found
fatal error: module map file '/Users/andrewallen/Library/Developer/Xcode/DerivedData/InkOS-hihmbestuurshsgyovxqmygopffq/Build/Products/Debug-iphonesimulator/MyScriptInteractiveInk-Runtime/MyScriptInteractiveInk_Runtime.modulemap' not found
fatal error: module map file '/Users/andrewallen/Library/Developer/Xcode/DerivedData/InkOS-hihmbestuurshsgyovxqmygopffq/Build/Products/Debug-iphonesimulator/MyScriptInteractiveInk-Runtime/MyScriptInteractiveInk_Runtime.modulemap' not found
fatal error: module map file '/Users/andrewallen/Library/Developer/Xcode/DerivedData/InkOS-hihmbestuurshsgyovxqmygopffq/Build/Products/Debug-iphonesimulator/MyScriptInteractiveInk-Runtime/MyScriptInteractiveInk_Runtime.modulemap' not found
fatal error: module map file '/Users/andrewallen/Library/Developer/Xcode/DerivedData/InkOS-hihmbestuurshsgyovxqmygopffq/Build/Products/Debug-iphonesimulator/MyScriptInteractiveInk-Runtime/MyScriptInteractiveInk_Runtime.modulemap' not found
fatal error: module map file '/Users/andrewallen/Library/Developer/Xcode/DerivedData/InkOS-hihmbestuurshsgyovxqmygopffq/Build/Products/Debug-iphonesimulator/MyScriptInteractiveInk-Runtime/MyScriptInteractiveInk_Runtime.modulemap' not found
fatal error: module map file '/Users/andrewallen/Library/Developer/Xcode/DerivedData/InkOS-hihmbestuurshsgyovxqmygopffq/Build/Products/Debug-iphonesimulator/MyScriptInteractiveInk-Runtime/MyScriptInteractiveInk_Runtime.modulemap' not found
fatal error: module map file '/Users/andrewallen/Library/Developer/Xcode/DerivedData/InkOS-hihmbestuurshsgyovxqmygopffq/Build/Products/Debug-iphonesimulator/MyScriptInteractiveInk-Runtime/MyScriptInteractiveInk_Runtime.modulemap' not found
fatal error: module map file '/Users/andrewallen/Library/Developer/Xcode/DerivedData/InkOS-hihmbestuurshsgyovxqmygopffq/Build/Products/Debug-iphonesimulator/MyScriptInteractiveInk-Runtime/MyScriptInteractiveInk_Runtime.modulemap' not found
fatal error: module map file '/Users/andrewallen/Library/Developer/Xcode/DerivedData/InkOS-hihmbestuurshsgyovxqmygopffq/Build/Products/Debug-iphonesimulator/MyScriptInteractiveInk-Runtime/MyScriptInteractiveInk_Runtime.modulemap' not found
fatal error: module map file '/Users/andrewallen/Library/Developer/Xcode/DerivedData/InkOS-hihmbestuurshsgyovxqmygopffq/Build/Products/Debug-iphonesimulator/MyScriptInteractiveInk-Runtime/MyScriptInteractiveInk_Runtime.modulemap' not found

error: Clang dependency scanner failure: fatal error: module map file '/Users/andrewallen/Library/Developer/Xcode/DerivedData/InkOS-hihmbestuurshsgyovxqmygopffq/Build/Products/Debug-iphonesimulator/MyScriptInteractiveInk-Runtime/MyScriptInteractiveInk_Runtime.modulemap' not found
fatal error: module map file '/Users/andrewallen/Library/Developer/Xcode/DerivedData/InkOS-hihmbestuurshsgyovxqmygopffq/Build/Products/Debug-iphonesimulator/MyScriptInteractiveInk-Runtime/MyScriptInteractiveInk_Runtime.modulemap' not found
fatal error: module map file '/Users/andrewallen/Library/Developer/Xcode/DerivedData/InkOS-hihmbestuurshsgyovxqmygopffq/Build/Products/Debug-iphonesimulator/MyScriptInteractiveInk-Runtime/MyScriptInteractiveInk_Runtime.modulemap' not found
fatal error: module map file '/Users/andrewallen/Library/Developer/Xcode/DerivedData/InkOS-hihmbestuurshsgyovxqmygopffq/Build/Products/Debug-iphonesimulator/MyScriptInteractiveInk-Runtime/MyScriptInteractiveInk_Runtime.modulemap' not found
fatal error: module map file '/Users/andrewallen/Library/Developer/Xcode/DerivedData/InkOS-hihmbestuurshsgyovxqmygopffq/Build/Products/Debug-iphonesimulator/MyScriptInteractiveInk-Runtime/MyScriptInteractiveInk_Runtime.modulemap' not found
fatal error: module map file '/Users/andrewallen/Library/Developer/Xcode/DerivedData/InkOS-hihmbestuurshsgyovxqmygopffq/Build/Products/Debug-iphonesimulator/MyScriptInteractiveInk-Runtime/MyScriptInteractiveInk_Runtime.modulemap' not found
fatal error: module map file '/Users/andrewallen/Library/Developer/Xcode/DerivedData/InkOS-hihmbestuurshsgyovxqmygopffq/Build/Products/Debug-iphonesimulator/MyScriptInteractiveInk-Runtime/MyScriptInteractiveInk_Runtime.modulemap' not found
fatal error: module map file '/Users/andrewallen/Library/Developer/Xcode/DerivedData/InkOS-hihmbestuurshsgyovxqmygopffq/Build/Products/Debug-iphonesimulator/MyScriptInteractiveInk-Runtime/MyScriptInteractiveInk_Runtime.modulemap' not found
fatal error: module map file '/Users/andrewallen/Library/Developer/Xcode/DerivedData/InkOS-hihmbestuurshsgyovxqmygopffq/Build/Products/Debug-iphonesimulator/MyScriptInteractiveInk-Runtime/MyScriptInteractiveInk_Runtime.modulemap' not found
fatal error: module map file '/Users/andrewallen/Library/Developer/Xcode/DerivedData/InkOS-hihmbestuurshsgyovxqmygopffq/Build/Products/Debug-iphonesimulator/MyScriptInteractiveInk-Runtime/MyScriptInteractiveInk_Runtime.modulemap' not found
fatal error: module map file '/Users/andrewallen/Library/Developer/Xcode/DerivedData/InkOS-hihmbestuurshsgyovxqmygopffq/Build/Products/Debug-iphonesimulator/MyScriptInteractiveInk-Runtime/MyScriptInteractiveInk_Runtime.modulemap' not found
fatal error: module map file '/Users/andrewallen/Library/Developer/Xcode/DerivedData/InkOS-hihmbestuurshsgyovxqmygopffq/Build/Products/Debug-iphonesimulator/MyScriptInteractiveInk-Runtime/MyScriptInteractiveInk_Runtime.modulemap' not found
fatal error: module map file '/Users/andrewallen/Library/Developer/Xcode/DerivedData/InkOS-hihmbestuurshsgyovxqmygopffq/Build/Products/Debug-iphonesimulator/MyScriptInteractiveInk-Runtime/MyScriptInteractiveInk_Runtime.modulemap' not found
fatal error: module map file '/Users/andrewallen/Library/Developer/Xcode/DerivedData/InkOS-hihmbestuurshsgyovxqmygopffq/Build/Products/Debug-iphonesimulator/MyScriptInteractiveInk-Runtime/MyScriptInteractiveInk_Runtime.modulemap' not found
fatal error: module map file '/Users/andrewallen/Library/Developer/Xcode/DerivedData/InkOS-hihmbestuurshsgyovxqmygopffq/Build/Products/Debug-iphonesimulator/MyScriptInteractiveInk-Runtime/MyScriptInteractiveInk_Runtime.modulemap' not found
fatal error: module map file '/Users/andrewallen/Library/Developer/Xcode/DerivedData/InkOS-hihmbestuurshsgyovxqmygopffq/Build/Products/Debug-iphonesimulator/MyScriptInteractiveInk-Runtime/MyScriptInteractiveInk_Runtime.modulemap' not found
fatal error: module map file '/Users/andrewallen/Library/Developer/Xcode/DerivedData/InkOS-hihmbestuurshsgyovxqmygopffq/Build/Products/Debug-iphonesimulator/MyScriptInteractiveInk-Runtime/MyScriptInteractiveInk_Runtime.modulemap' not found
fatal error: module map file '/Users/andrewallen/Library/Developer/Xcode/DerivedData/InkOS-hihmbestuurshsgyovxqmygopffq/Build/Products/Debug-iphonesimulator/MyScriptInteractiveInk-Runtime/MyScriptInteractiveInk_Runtime.modulemap' not found
fatal error: module map file '/Users/andrewallen/Library/Developer/Xcode/DerivedData/InkOS-hihmbestuurshsgyovxqmygopffq/Build/Products/Debug-iphonesimulator/MyScriptInteractiveInk-Runtime/MyScriptInteractiveInk_Runtime.modulemap' not found
fatal error: module map file '/Users/andrewallen/Library/Developer/Xcode/DerivedData/InkOS-hihmbestuurshsgyovxqmygopffq/Build/Products/Debug-iphonesimulator/MyScriptInteractiveInk-Runtime/MyScriptInteractiveInk_Runtime.modulemap' not found

error: Clang dependency scanner failure: fatal error: module map file '/Users/andrewallen/Library/Developer/Xcode/DerivedData/InkOS-hihmbestuurshsgyovxqmygopffq/Build/Products/Debug-iphonesimulator/MyScriptInteractiveInk-Runtime/MyScriptInteractiveInk_Runtime.modulemap' not found
fatal error: module map file '/Users/andrewallen/Library/Developer/Xcode/DerivedData/InkOS-hihmbestuurshsgyovxqmygopffq/Build/Products/Debug-iphonesimulator/MyScriptInteractiveInk-Runtime/MyScriptInteractiveInk_Runtime.modulemap' not found
fatal error: module map file '/Users/andrewallen/Library/Developer/Xcode/DerivedData/InkOS-hihmbestuurshsgyovxqmygopffq/Build/Products/Debug-iphonesimulator/MyScriptInteractiveInk-Runtime/MyScriptInteractiveInk_Runtime.modulemap' not found
fatal error: module map file '/Users/andrewallen/Library/Developer/Xcode/DerivedData/InkOS-hihmbestuurshsgyovxqmygopffq/Build/Products/Debug-iphonesimulator/MyScriptInteractiveInk-Runtime/MyScriptInteractiveInk_Runtime.modulemap' not found
fatal error: module map file '/Users/andrewallen/Library/Developer/Xcode/DerivedData/InkOS-hihmbestuurshsgyovxqmygopffq/Build/Products/Debug-iphonesimulator/MyScriptInteractiveInk-Runtime/MyScriptInteractiveInk_Runtime.modulemap' not found
fatal error: module map file '/Users/andrewallen/Library/Developer/Xcode/DerivedData/InkOS-hihmbestuurshsgyovxqmygopffq/Build/Products/Debug-iphonesimulator/MyScriptInteractiveInk-Runtime/MyScriptInteractiveInk_Runtime.modulemap' not found
fatal error: module map file '/Users/andrewallen/Library/Developer/Xcode/DerivedData/InkOS-hihmbestuurshsgyovxqmygopffq/Build/Products/Debug-iphonesimulator/MyScriptInteractiveInk-Runtime/MyScriptInteractiveInk_Runtime.modulemap' not found
fatal error: module map file '/Users/andrewallen/Library/Developer/Xcode/DerivedData/InkOS-hihmbestuurshsgyovxqmygopffq/Build/Products/Debug-iphonesimulator/MyScriptInteractiveInk-Runtime/MyScriptInteractiveInk_Runtime.modulemap' not found
fatal error: module map file '/Users/andrewallen/Library/Developer/Xcode/DerivedData/InkOS-hihmbestuurshsgyovxqmygopffq/Build/Products/Debug-iphonesimulator/MyScriptInteractiveInk-Runtime/MyScriptInteractiveInk_Runtime.modulemap' not found
fatal error: module map file '/Users/andrewallen/Library/Developer/Xcode/DerivedData/InkOS-hihmbestuurshsgyovxqmygopffq/Build/Products/Debug-iphonesimulator/MyScriptInteractiveInk-Runtime/MyScriptInteractiveInk_Runtime.modulemap' not found
fatal error: module map file '/Users/andrewallen/Library/Developer/Xcode/DerivedData/InkOS-hihmbestuurshsgyovxqmygopffq/Build/Products/Debug-iphonesimulator/MyScriptInteractiveInk-Runtime/MyScriptInteractiveInk_Runtime.modulemap' not found
fatal error: module map file '/Users/andrewallen/Library/Developer/Xcode/DerivedData/InkOS-hihmbestuurshsgyovxqmygopffq/Build/Products/Debug-iphonesimulator/MyScriptInteractiveInk-Runtime/MyScriptInteractiveInk_Runtime.modulemap' not found
fatal error: module map file '/Users/andrewallen/Library/Developer/Xcode/DerivedData/InkOS-hihmbestuurshsgyovxqmygopffq/Build/Products/Debug-iphonesimulator/MyScriptInteractiveInk-Runtime/MyScriptInteractiveInk_Runtime.modulemap' not found
fatal error: module map file '/Users/andrewallen/Library/Developer/Xcode/DerivedData/InkOS-hihmbestuurshsgyovxqmygopffq/Build/Products/Debug-iphonesimulator/MyScriptInteractiveInk-Runtime/MyScriptInteractiveInk_Runtime.modulemap' not found
fatal error: module map file '/Users/andrewallen/Library/Developer/Xcode/DerivedData/InkOS-hihmbestuurshsgyovxqmygopffq/Build/Products/Debug-iphonesimulator/MyScriptInteractiveInk-Runtime/MyScriptInteractiveInk_Runtime.modulemap' not found
fatal error: module map file '/Users/andrewallen/Library/Developer/Xcode/DerivedData/InkOS-hihmbestuurshsgyovxqmygopffq/Build/Products/Debug-iphonesimulator/MyScriptInteractiveInk-Runtime/MyScriptInteractiveInk_Runtime.modulemap' not found
fatal error: module map file '/Users/andrewallen/Library/Developer/Xcode/DerivedData/InkOS-hihmbestuurshsgyovxqmygopffq/Build/Products/Debug-iphonesimulator/MyScriptInteractiveInk-Runtime/MyScriptInteractiveInk_Runtime.modulemap' not found
fatal error: module map file '/Users/andrewallen/Library/Developer/Xcode/DerivedData/InkOS-hihmbestuurshsgyovxqmygopffq/Build/Products/Debug-iphonesimulator/MyScriptInteractiveInk-Runtime/MyScriptInteractiveInk_Runtime.modulemap' not found
fatal error: module map file '/Users/andrewallen/Library/Developer/Xcode/DerivedData/InkOS-hihmbestuurshsgyovxqmygopffq/Build/Products/Debug-iphonesimulator/MyScriptInteractiveInk-Runtime/MyScriptInteractiveInk_Runtime.modulemap' not found
fatal error: module map file '/Users/andrewallen/Library/Developer/Xcode/DerivedData/InkOS-hihmbestuurshsgyovxqmygopffq/Build/Products/Debug-iphonesimulator/MyScriptInteractiveInk-Runtime/MyScriptInteractiveInk_Runtime.modulemap' not found
fatal error: module map file '/Users/andrewallen/Library/Developer/Xcode/DerivedData/InkOS-hihmbestuurshsgyovxqmygopffq/Build/Products/Debug-iphonesimulator/MyScriptInteractiveInk-Runtime/MyScriptInteractiveInk_Runtime.modulemap' not found
fatal error: module map file '/Users/andrewallen/Library/Developer/Xcode/DerivedData/InkOS-hihmbestuurshsgyovxqmygopffq/Build/Products/Debug-iphonesimulator/MyScriptInteractiveInk-Runtime/MyScriptInteractiveInk_Runtime.modulemap' not found
fatal error: module map file '/Users/andrewallen/Library/Developer/Xcode/DerivedData/InkOS-hihmbestuurshsgyovxqmygopffq/Build/Products/Debug-iphonesimulator/MyScriptInteractiveInk-Runtime/MyScriptInteractiveInk_Runtime.modulemap' not found
fatal error: module map file '/Users/andrewallen/Library/Developer/Xcode/DerivedData/InkOS-hihmbestuurshsgyovxqmygopffq/Build/Products/Debug-iphonesimulator/MyScriptInteractiveInk-Runtime/MyScriptInteractiveInk_Runtime.modulemap' not found
fatal error: module map file '/Users/andrewallen/Library/Developer/Xcode/DerivedData/InkOS-hihmbestuurshsgyovxqmygopffq/Build/Products/Debug-iphonesimulator/MyScriptInteractiveInk-Runtime/MyScriptInteractiveInk_Runtime.modulemap' not found
fatal error: module map file '/Users/andrewallen/Library/Developer/Xcode/DerivedData/InkOS-hihmbestuurshsgyovxqmygopffq/Build/Products/Debug-iphonesimulator/MyScriptInteractiveInk-Runtime/MyScriptInteractiveInk_Runtime.modulemap' not found
fatal error: module map file '/Users/andrewallen/Library/Developer/Xcode/DerivedData/InkOS-hihmbestuurshsgyovxqmygopffq/Build/Products/Debug-iphonesimulator/MyScriptInteractiveInk-Runtime/MyScriptInteractiveInk_Runtime.modulemap' not found
fatal error: module map file '/Users/andrewallen/Library/Developer/Xcode/DerivedData/InkOS-hihmbestuurshsgyovxqmygopffq/Build/Products/Debug-iphonesimulator/MyScriptInteractiveInk-Runtime/MyScriptInteractiveInk_Runtime.modulemap' not found

error: Clang dependency scanner failure: fatal error: module map file '/Users/andrewallen/Library/Developer/Xcode/DerivedData/InkOS-hihmbestuurshsgyovxqmygopffq/Build/Products/Debug-iphonesimulator/MyScriptInteractiveInk-Runtime/MyScriptInteractiveInk_Runtime.modulemap' not found
fatal error: module map file '/Users/andrewallen/Library/Developer/Xcode/DerivedData/InkOS-hihmbestuurshsgyovxqmygopffq/Build/Products/Debug-iphonesimulator/MyScriptInteractiveInk-Runtime/MyScriptInteractiveInk_Runtime.modulemap' not found
fatal error: module map file '/Users/andrewallen/Library/Developer/Xcode/DerivedData/InkOS-hihmbestuurshsgyovxqmygopffq/Build/Products/Debug-iphonesimulator/MyScriptInteractiveInk-Runtime/MyScriptInteractiveInk_Runtime.modulemap' not found
fatal error: module map file '/Users/andrewallen/Library/Developer/Xcode/DerivedData/InkOS-hihmbestuurshsgyovxqmygopffq/Build/Products/Debug-iphonesimulator/MyScriptInteractiveInk-Runtime/MyScriptInteractiveInk_Runtime.modulemap' not found
fatal error: module map file '/Users/andrewallen/Library/Developer/Xcode/DerivedData/InkOS-hihmbestuurshsgyovxqmygopffq/Build/Products/Debug-iphonesimulator/MyScriptInteractiveInk-Runtime/MyScriptInteractiveInk_Runtime.modulemap' not found
fatal error: module map file '/Users/andrewallen/Library/Developer/Xcode/DerivedData/InkOS-hihmbestuurshsgyovxqmygopffq/Build/Products/Debug-iphonesimulator/MyScriptInteractiveInk-Runtime/MyScriptInteractiveInk_Runtime.modulemap' not found
fatal error: module map file '/Users/andrewallen/Library/Developer/Xcode/DerivedData/InkOS-hihmbestuurshsgyovxqmygopffq/Build/Products/Debug-iphonesimulator/MyScriptInteractiveInk-Runtime/MyScriptInteractiveInk_Runtime.modulemap' not found
fatal error: module map file '/Users/andrewallen/Library/Developer/Xcode/DerivedData/InkOS-hihmbestuurshsgyovxqmygopffq/Build/Products/Debug-iphonesimulator/MyScriptInteractiveInk-Runtime/MyScriptInteractiveInk_Runtime.modulemap' not found
fatal error: module map file '/Users/andrewallen/Library/Developer/Xcode/DerivedData/InkOS-hihmbestuurshsgyovxqmygopffq/Build/Products/Debug-iphonesimulator/MyScriptInteractiveInk-Runtime/MyScriptInteractiveInk_Runtime.modulemap' not found
fatal error: module map file '/Users/andrewallen/Library/Developer/Xcode/DerivedData/InkOS-hihmbestuurshsgyovxqmygopffq/Build/Products/Debug-iphonesimulator/MyScriptInteractiveInk-Runtime/MyScriptInteractiveInk_Runtime.modulemap' not found
fatal error: module map file '/Users/andrewallen/Library/Developer/Xcode/DerivedData/InkOS-hihmbestuurshsgyovxqmygopffq/Build/Products/Debug-iphonesimulator/MyScriptInteractiveInk-Runtime/MyScriptInteractiveInk_Runtime.modulemap' not found
fatal error: module map file '/Users/andrewallen/Library/Developer/Xcode/DerivedData/InkOS-hihmbestuurshsgyovxqmygopffq/Build/Products/Debug-iphonesimulator/MyScriptInteractiveInk-Runtime/MyScriptInteractiveInk_Runtime.modulemap' not found
fatal error: module map file '/Users/andrewallen/Library/Developer/Xcode/DerivedData/InkOS-hihmbestuurshsgyovxqmygopffq/Build/Products/Debug-iphonesimulator/MyScriptInteractiveInk-Runtime/MyScriptInteractiveInk_Runtime.modulemap' not found
fatal error: module map file '/Users/andrewallen/Library/Developer/Xcode/DerivedData/InkOS-hihmbestuurshsgyovxqmygopffq/Build/Products/Debug-iphonesimulator/MyScriptInteractiveInk-Runtime/MyScriptInteractiveInk_Runtime.modulemap' not found
fatal error: module map file '/Users/andrewallen/Library/Developer/Xcode/DerivedData/InkOS-hihmbestuurshsgyovxqmygopffq/Build/Products/Debug-iphonesimulator/MyScriptInteractiveInk-Runtime/MyScriptInteractiveInk_Runtime.modulemap' not found
fatal error: module map file '/Users/andrewallen/Library/Developer/Xcode/DerivedData/InkOS-hihmbestuurshsgyovxqmygopffq/Build/Products/Debug-iphonesimulator/MyScriptInteractiveInk-Runtime/MyScriptInteractiveInk_Runtime.modulemap' not found
fatal error: module map file '/Users/andrewallen/Library/Developer/Xcode/DerivedData/InkOS-hihmbestuurshsgyovxqmygopffq/Build/Products/Debug-iphonesimulator/MyScriptInteractiveInk-Runtime/MyScriptInteractiveInk_Runtime.modulemap' not found
fatal error: module map file '/Users/andrewallen/Library/Developer/Xcode/DerivedData/InkOS-hihmbestuurshsgyovxqmygopffq/Build/Products/Debug-iphonesimulator/MyScriptInteractiveInk-Runtime/MyScriptInteractiveInk_Runtime.modulemap' not found
fatal error: module map file '/Users/andrewallen/Library/Developer/Xcode/DerivedData/InkOS-hihmbestuurshsgyovxqmygopffq/Build/Products/Debug-iphonesimulator/MyScriptInteractiveInk-Runtime/MyScriptInteractiveInk_Runtime.modulemap' not found
fatal error: module map file '/Users/andrewallen/Library/Developer/Xcode/DerivedData/InkOS-hihmbestuurshsgyovxqmygopffq/Build/Products/Debug-iphonesimulator/MyScriptInteractiveInk-Runtime/MyScriptInteractiveInk_Runtime.modulemap' not found
fatal error: module map file '/Users/andrewallen/Library/Developer/Xcode/DerivedData/InkOS-hihmbestuurshsgyovxqmygopffq/Build/Products/Debug-iphonesimulator/MyScriptInteractiveInk-Runtime/MyScriptInteractiveInk_Runtime.modulemap' not found

error: Clang dependency scanner failure: fatal error: module map file '/Users/andrewallen/Library/Developer/Xcode/DerivedData/InkOS-hihmbestuurshsgyovxqmygopffq/Build/Products/Debug-iphonesimulator/MyScriptInteractiveInk-Runtime/MyScriptInteractiveInk_Runtime.modulemap' not found
fatal error: module map file '/Users/andrewallen/Library/Developer/Xcode/DerivedData/InkOS-hihmbestuurshsgyovxqmygopffq/Build/Products/Debug-iphonesimulator/MyScriptInteractiveInk-Runtime/MyScriptInteractiveInk_Runtime.modulemap' not found
fatal error: module map file '/Users/andrewallen/Library/Developer/Xcode/DerivedData/InkOS-hihmbestuurshsgyovxqmygopffq/Build/Products/Debug-iphonesimulator/MyScriptInteractiveInk-Runtime/MyScriptInteractiveInk_Runtime.modulemap' not found
fatal error: module map file '/Users/andrewallen/Library/Developer/Xcode/DerivedData/InkOS-hihmbestuurshsgyovxqmygopffq/Build/Products/Debug-iphonesimulator/MyScriptInteractiveInk-Runtime/MyScriptInteractiveInk_Runtime.modulemap' not found
fatal error: module map file '/Users/andrewallen/Library/Developer/Xcode/DerivedData/InkOS-hihmbestuurshsgyovxqmygopffq/Build/Products/Debug-iphonesimulator/MyScriptInteractiveInk-Runtime/MyScriptInteractiveInk_Runtime.modulemap' not found
fatal error: module map file '/Users/andrewallen/Library/Developer/Xcode/DerivedData/InkOS-hihmbestuurshsgyovxqmygopffq/Build/Products/Debug-iphonesimulator/MyScriptInteractiveInk-Runtime/MyScriptInteractiveInk_Runtime.modulemap' not found
fatal error: module map file '/Users/andrewallen/Library/Developer/Xcode/DerivedData/InkOS-hihmbestuurshsgyovxqmygopffq/Build/Products/Debug-iphonesimulator/MyScriptInteractiveInk-Runtime/MyScriptInteractiveInk_Runtime.modulemap' not found
fatal error: module map file '/Users/andrewallen/Library/Developer/Xcode/DerivedData/InkOS-hihmbestuurshsgyovxqmygopffq/Build/Products/Debug-iphonesimulator/MyScriptInteractiveInk-Runtime/MyScriptInteractiveInk_Runtime.modulemap' not found
fatal error: module map file '/Users/andrewallen/Library/Developer/Xcode/DerivedData/InkOS-hihmbestuurshsgyovxqmygopffq/Build/Products/Debug-iphonesimulator/MyScriptInteractiveInk-Runtime/MyScriptInteractiveInk_Runtime.modulemap' not found
fatal error: module map file '/Users/andrewallen/Library/Developer/Xcode/DerivedData/InkOS-hihmbestuurshsgyovxqmygopffq/Build/Products/Debug-iphonesimulator/MyScriptInteractiveInk-Runtime/MyScriptInteractiveInk_Runtime.modulemap' not found
fatal error: module map file '/Users/andrewallen/Library/Developer/Xcode/DerivedData/InkOS-hihmbestuurshsgyovxqmygopffq/Build/Products/Debug-iphonesimulator/MyScriptInteractiveInk-Runtime/MyScriptInteractiveInk_Runtime.modulemap' not found
fatal error: module map file '/Users/andrewallen/Library/Developer/Xcode/DerivedData/InkOS-hihmbestuurshsgyovxqmygopffq/Build/Products/Debug-iphonesimulator/MyScriptInteractiveInk-Runtime/MyScriptInteractiveInk_Runtime.modulemap' not found
fatal error: module map file '/Users/andrewallen/Library/Developer/Xcode/DerivedData/InkOS-hihmbestuurshsgyovxqmygopffq/Build/Products/Debug-iphonesimulator/MyScriptInteractiveInk-Runtime/MyScriptInteractiveInk_Runtime.modulemap' not found
fatal error: module map file '/Users/andrewallen/Library/Developer/Xcode/DerivedData/InkOS-hihmbestuurshsgyovxqmygopffq/Build/Products/Debug-iphonesimulator/MyScriptInteractiveInk-Runtime/MyScriptInteractiveInk_Runtime.modulemap' not found
fatal error: module map file '/Users/andrewallen/Library/Developer/Xcode/DerivedData/InkOS-hihmbestuurshsgyovxqmygopffq/Build/Products/Debug-iphonesimulator/MyScriptInteractiveInk-Runtime/MyScriptInteractiveInk_Runtime.modulemap' not found
fatal error: module map file '/Users/andrewallen/Library/Developer/Xcode/DerivedData/InkOS-hihmbestuurshsgyovxqmygopffq/Build/Products/Debug-iphonesimulator/MyScriptInteractiveInk-Runtime/MyScriptInteractiveInk_Runtime.modulemap' not found
fatal error: module map file '/Users/andrewallen/Library/Developer/Xcode/DerivedData/InkOS-hihmbestuurshsgyovxqmygopffq/Build/Products/Debug-iphonesimulator/MyScriptInteractiveInk-Runtime/MyScriptInteractiveInk_Runtime.modulemap' not found
fatal error: module map file '/Users/andrewallen/Library/Developer/Xcode/DerivedData/InkOS-hihmbestuurshsgyovxqmygopffq/Build/Products/Debug-iphonesimulator/MyScriptInteractiveInk-Runtime/MyScriptInteractiveInk_Runtime.modulemap' not found
fatal error: module map file '/Users/andrewallen/Library/Developer/Xcode/DerivedData/InkOS-hihmbestuurshsgyovxqmygopffq/Build/Products/Debug-iphonesimulator/MyScriptInteractiveInk-Runtime/MyScriptInteractiveInk_Runtime.modulemap' not found
fatal error: module map file '/Users/andrewallen/Library/Developer/Xcode/DerivedData/InkOS-hihmbestuurshsgyovxqmygopffq/Build/Products/Debug-iphonesimulator/MyScriptInteractiveInk-Runtime/MyScriptInteractiveInk_Runtime.modulemap' not found
fatal error: module map file '/Users/andrewallen/Library/Developer/Xcode/DerivedData/InkOS-hihmbestuurshsgyovxqmygopffq/Build/Products/Debug-iphonesimulator/MyScriptInteractiveInk-Runtime/MyScriptInteractiveInk_Runtime.modulemap' not found
fatal error: module map file '/Users/andrewallen/Library/Developer/Xcode/DerivedData/InkOS-hihmbestuurshsgyovxqmygopffq/Build/Products/Debug-iphonesimulator/MyScriptInteractiveInk-Runtime/MyScriptInteractiveInk_Runtime.modulemap' not found

error: Clang dependency scanner failure: fatal error: module map file '/Users/andrewallen/Library/Developer/Xcode/DerivedData/InkOS-hihmbestuurshsgyovxqmygopffq/Build/Products/Debug-iphonesimulator/MyScriptInteractiveInk-Runtime/MyScriptInteractiveInk_Runtime.modulemap' not found
fatal error: module map file '/Users/andrewallen/Library/Developer/Xcode/DerivedData/InkOS-hihmbestuurshsgyovxqmygopffq/Build/Products/Debug-iphonesimulator/MyScriptInteractiveInk-Runtime/MyScriptInteractiveInk_Runtime.modulemap' not found
fatal error: module map file '/Users/andrewallen/Library/Developer/Xcode/DerivedData/InkOS-hihmbestuurshsgyovxqmygopffq/Build/Products/Debug-iphonesimulator/MyScriptInteractiveInk-Runtime/MyScriptInteractiveInk_Runtime.modulemap' not found
fatal error: module map file '/Users/andrewallen/Library/Developer/Xcode/DerivedData/InkOS-hihmbestuurshsgyovxqmygopffq/Build/Products/Debug-iphonesimulator/MyScriptInteractiveInk-Runtime/MyScriptInteractiveInk_Runtime.modulemap' not found

error: Clang dependency scanner failure: fatal error: module map file '/Users/andrewallen/Library/Developer/Xcode/DerivedData/InkOS-hihmbestuurshsgyovxqmygopffq/Build/Products/Debug-iphonesimulator/MyScriptInteractiveInk-Runtime/MyScriptInteractiveInk_Runtime.modulemap' not found
fatal error: module map file '/Users/andrewallen/Library/Developer/Xcode/DerivedData/InkOS-hihmbestuurshsgyovxqmygopffq/Build/Products/Debug-iphonesimulator/MyScriptInteractiveInk-Runtime/MyScriptInteractiveInk_Runtime.modulemap' not found

error: Clang dependency scanner failure: fatal error: module map file '/Users/andrewallen/Library/Developer/Xcode/DerivedData/InkOS-hihmbestuurshsgyovxqmygopffq/Build/Products/Debug-iphonesimulator/MyScriptInteractiveInk-Runtime/MyScriptInteractiveInk_Runtime.modulemap' not found
fatal error: module map file '/Users/andrewallen/Library/Developer/Xcode/DerivedData/InkOS-hihmbestuurshsgyovxqmygopffq/Build/Products/Debug-iphonesimulator/MyScriptInteractiveInk-Runtime/MyScriptInteractiveInk_Runtime.modulemap' not found

error: Clang dependency scanner failure: fatal error: module map file '/Users/andrewallen/Library/Developer/Xcode/DerivedData/InkOS-hihmbestuurshsgyovxqmygopffq/Build/Products/Debug-iphonesimulator/MyScriptInteractiveInk-Runtime/MyScriptInteractiveInk_Runtime.modulemap' not found
fatal error: module map file '/Users/andrewallen/Library/Developer/Xcode/DerivedData/InkOS-hihmbestuurshsgyovxqmygopffq/Build/Products/Debug-iphonesimulator/MyScriptInteractiveInk-Runtime/MyScriptInteractiveInk_Runtime.modulemap' not found
fatal error: module map file '/Users/andrewallen/Library/Developer/Xcode/DerivedData/InkOS-hihmbestuurshsgyovxqmygopffq/Build/Products/Debug-iphonesimulator/MyScriptInteractiveInk-Runtime/MyScriptInteractiveInk_Runtime.modulemap' not found
fatal error: module map file '/Users/andrewallen/Library/Developer/Xcode/DerivedData/InkOS-hihmbestuurshsgyovxqmygopffq/Build/Products/Debug-iphonesimulator/MyScriptInteractiveInk-Runtime/MyScriptInteractiveInk_Runtime.modulemap' not found
fatal error: module map file '/Users/andrewallen/Library/Developer/Xcode/DerivedData/InkOS-hihmbestuurshsgyovxqmygopffq/Build/Products/Debug-iphonesimulator/MyScriptInteractiveInk-Runtime/MyScriptInteractiveInk_Runtime.modulemap' not found
fatal error: module map file '/Users/andrewallen/Library/Developer/Xcode/DerivedData/InkOS-hihmbestuurshsgyovxqmygopffq/Build/Products/Debug-iphonesimulator/MyScriptInteractiveInk-Runtime/MyScriptInteractiveInk_Runtime.modulemap' not found
fatal error: module map file '/Users/andrewallen/Library/Developer/Xcode/DerivedData/InkOS-hihmbestuurshsgyovxqmygopffq/Build/Products/Debug-iphonesimulator/MyScriptInteractiveInk-Runtime/MyScriptInteractiveInk_Runtime.modulemap' not found
fatal error: module map file '/Users/andrewallen/Library/Developer/Xcode/DerivedData/InkOS-hihmbestuurshsgyovxqmygopffq/Build/Products/Debug-iphonesimulator/MyScriptInteractiveInk-Runtime/MyScriptInteractiveInk_Runtime.modulemap' not found
fatal error: module map file '/Users/andrewallen/Library/Developer/Xcode/DerivedData/InkOS-hihmbestuurshsgyovxqmygopffq/Build/Products/Debug-iphonesimulator/MyScriptInteractiveInk-Runtime/MyScriptInteractiveInk_Runtime.modulemap' not found
fatal error: module map file '/Users/andrewallen/Library/Developer/Xcode/DerivedData/InkOS-hihmbestuurshsgyovxqmygopffq/Build/Products/Debug-iphonesimulator/MyScriptInteractiveInk-Runtime/MyScriptInteractiveInk_Runtime.modulemap' not found
fatal error: module map file '/Users/andrewallen/Library/Developer/Xcode/DerivedData/InkOS-hihmbestuurshsgyovxqmygopffq/Build/Products/Debug-iphonesimulator/MyScriptInteractiveInk-Runtime/MyScriptInteractiveInk_Runtime.modulemap' not found
fatal error: module map file '/Users/andrewallen/Library/Developer/Xcode/DerivedData/InkOS-hihmbestuurshsgyovxqmygopffq/Build/Products/Debug-iphonesimulator/MyScriptInteractiveInk-Runtime/MyScriptInteractiveInk_Runtime.modulemap' not found
fatal error: module map file '/Users/andrewallen/Library/Developer/Xcode/DerivedData/InkOS-hihmbestuurshsgyovxqmygopffq/Build/Products/Debug-iphonesimulator/MyScriptInteractiveInk-Runtime/MyScriptInteractiveInk_Runtime.modulemap' not found
fatal error: module map file '/Users/andrewallen/Library/Developer/Xcode/DerivedData/InkOS-hihmbestuurshsgyovxqmygopffq/Build/Products/Debug-iphonesimulator/MyScriptInteractiveInk-Runtime/MyScriptInteractiveInk_Runtime.modulemap' not found
fatal error: module map file '/Users/andrewallen/Library/Developer/Xcode/DerivedData/InkOS-hihmbestuurshsgyovxqmygopffq/Build/Products/Debug-iphonesimulator/MyScriptInteractiveInk-Runtime/MyScriptInteractiveInk_Runtime.modulemap' not found
fatal error: module map file '/Users/andrewallen/Library/Developer/Xcode/DerivedData/InkOS-hihmbestuurshsgyovxqmygopffq/Build/Products/Debug-iphonesimulator/MyScriptInteractiveInk-Runtime/MyScriptInteractiveInk_Runtime.modulemap' not found
fatal error: module map file '/Users/andrewallen/Library/Developer/Xcode/DerivedData/InkOS-hihmbestuurshsgyovxqmygopffq/Build/Products/Debug-iphonesimulator/MyScriptInteractiveInk-Runtime/MyScriptInteractiveInk_Runtime.modulemap' not found
fatal error: module map file '/Users/andrewallen/Library/Developer/Xcode/DerivedData/InkOS-hihmbestuurshsgyovxqmygopffq/Build/Products/Debug-iphonesimulator/MyScriptInteractiveInk-Runtime/MyScriptInteractiveInk_Runtime.modulemap' not found
fatal error: module map file '/Users/andrewallen/Library/Developer/Xcode/DerivedData/InkOS-hihmbestuurshsgyovxqmygopffq/Build/Products/Debug-iphonesimulator/MyScriptInteractiveInk-Runtime/MyScriptInteractiveInk_Runtime.modulemap' not found
fatal error: module map file '/Users/andrewallen/Library/Developer/Xcode/DerivedData/InkOS-hihmbestuurshsgyovxqmygopffq/Build/Products/Debug-iphonesimulator/MyScriptInteractiveInk-Runtime/MyScriptInteractiveInk_Runtime.modulemap' not found
fatal error: module map file '/Users/andrewallen/Library/Developer/Xcode/DerivedData/InkOS-hihmbestuurshsgyovxqmygopffq/Build/Products/Debug-iphonesimulator/MyScriptInteractiveInk-Runtime/MyScriptInteractiveInk_Runtime.modulemap' not found
fatal error: module map file '/Users/andrewallen/Library/Developer/Xcode/DerivedData/InkOS-hihmbestuurshsgyovxqmygopffq/Build/Products/Debug-iphonesimulator/MyScriptInteractiveInk-Runtime/MyScriptInteractiveInk_Runtime.modulemap' not found
fatal error: module map file '/Users/andrewallen/Library/Developer/Xcode/DerivedData/InkOS-hihmbestuurshsgyovxqmygopffq/Build/Products/Debug-iphonesimulator/MyScriptInteractiveInk-Runtime/MyScriptInteractiveInk_Runtime.modulemap' not found
fatal error: module map file '/Users/andrewallen/Library/Developer/Xcode/DerivedData/InkOS-hihmbestuurshsgyovxqmygopffq/Build/Products/Debug-iphonesimulator/MyScriptInteractiveInk-Runtime/MyScriptInteractiveInk_Runtime.modulemap' not found
fatal error: module map file '/Users/andrewallen/Library/Developer/Xcode/DerivedData/InkOS-hihmbestuurshsgyovxqmygopffq/Build/Products/Debug-iphonesimulator/MyScriptInteractiveInk-Runtime/MyScriptInteractiveInk_Runtime.modulemap' not found

error: Clang dependency scanner failure: fatal error: module map file '/Users/andrewallen/Library/Developer/Xcode/DerivedData/InkOS-hihmbestuurshsgyovxqmygopffq/Build/Products/Debug-iphonesimulator/MyScriptInteractiveInk-Runtime/MyScriptInteractiveInk_Runtime.modulemap' not found
fatal error: module map file '/Users/andrewallen/Library/Developer/Xcode/DerivedData/InkOS-hihmbestuurshsgyovxqmygopffq/Build/Products/Debug-iphonesimulator/MyScriptInteractiveInk-Runtime/MyScriptInteractiveInk_Runtime.modulemap' not found
fatal error: module map file '/Users/andrewallen/Library/Developer/Xcode/DerivedData/InkOS-hihmbestuurshsgyovxqmygopffq/Build/Products/Debug-iphonesimulator/MyScriptInteractiveInk-Runtime/MyScriptInteractiveInk_Runtime.modulemap' not found
fatal error: module map file '/Users/andrewallen/Library/Developer/Xcode/DerivedData/InkOS-hihmbestuurshsgyovxqmygopffq/Build/Products/Debug-iphonesimulator/MyScriptInteractiveInk-Runtime/MyScriptInteractiveInk_Runtime.modulemap' not found
fatal error: module map file '/Users/andrewallen/Library/Developer/Xcode/DerivedData/InkOS-hihmbestuurshsgyovxqmygopffq/Build/Products/Debug-iphonesimulator/MyScriptInteractiveInk-Runtime/MyScriptInteractiveInk_Runtime.modulemap' not found
fatal error: module map file '/Users/andrewallen/Library/Developer/Xcode/DerivedData/InkOS-hihmbestuurshsgyovxqmygopffq/Build/Products/Debug-iphonesimulator/MyScriptInteractiveInk-Runtime/MyScriptInteractiveInk_Runtime.modulemap' not found
fatal error: module map file '/Users/andrewallen/Library/Developer/Xcode/DerivedData/InkOS-hihmbestuurshsgyovxqmygopffq/Build/Products/Debug-iphonesimulator/MyScriptInteractiveInk-Runtime/MyScriptInteractiveInk_Runtime.modulemap' not found
fatal error: module map file '/Users/andrewallen/Library/Developer/Xcode/DerivedData/InkOS-hihmbestuurshsgyovxqmygopffq/Build/Products/Debug-iphonesimulator/MyScriptInteractiveInk-Runtime/MyScriptInteractiveInk_Runtime.modulemap' not found
fatal error: module map file '/Users/andrewallen/Library/Developer/Xcode/DerivedData/InkOS-hihmbestuurshsgyovxqmygopffq/Build/Products/Debug-iphonesimulator/MyScriptInteractiveInk-Runtime/MyScriptInteractiveInk_Runtime.modulemap' not found
fatal error: module map file '/Users/andrewallen/Library/Developer/Xcode/DerivedData/InkOS-hihmbestuurshsgyovxqmygopffq/Build/Products/Debug-iphonesimulator/MyScriptInteractiveInk-Runtime/MyScriptInteractiveInk_Runtime.modulemap' not found
fatal error: module map file '/Users/andrewallen/Library/Developer/Xcode/DerivedData/InkOS-hihmbestuurshsgyovxqmygopffq/Build/Products/Debug-iphonesimulator/MyScriptInteractiveInk-Runtime/MyScriptInteractiveInk_Runtime.modulemap' not found
fatal error: module map file '/Users/andrewallen/Library/Developer/Xcode/DerivedData/InkOS-hihmbestuurshsgyovxqmygopffq/Build/Products/Debug-iphonesimulator/MyScriptInteractiveInk-Runtime/MyScriptInteractiveInk_Runtime.modulemap' not found
fatal error: module map file '/Users/andrewallen/Library/Developer/Xcode/DerivedData/InkOS-hihmbestuurshsgyovxqmygopffq/Build/Products/Debug-iphonesimulator/MyScriptInteractiveInk-Runtime/MyScriptInteractiveInk_Runtime.modulemap' not found

error: Clang dependency scanner failure: fatal error: module map file '/Users/andrewallen/Library/Developer/Xcode/DerivedData/InkOS-hihmbestuurshsgyovxqmygopffq/Build/Products/Debug-iphonesimulator/MyScriptInteractiveInk-Runtime/MyScriptInteractiveInk_Runtime.modulemap' not found
fatal error: module map file '/Users/andrewallen/Library/Developer/Xcode/DerivedData/InkOS-hihmbestuurshsgyovxqmygopffq/Build/Products/Debug-iphonesimulator/MyScriptInteractiveInk-Runtime/MyScriptInteractiveInk_Runtime.modulemap' not found
fatal error: module map file '/Users/andrewallen/Library/Developer/Xcode/DerivedData/InkOS-hihmbestuurshsgyovxqmygopffq/Build/Products/Debug-iphonesimulator/MyScriptInteractiveInk-Runtime/MyScriptInteractiveInk_Runtime.modulemap' not found
fatal error: module map file '/Users/andrewallen/Library/Developer/Xcode/DerivedData/InkOS-hihmbestuurshsgyovxqmygopffq/Build/Products/Debug-iphonesimulator/MyScriptInteractiveInk-Runtime/MyScriptInteractiveInk_Runtime.modulemap' not found
fatal error: module map file '/Users/andrewallen/Library/Developer/Xcode/DerivedData/InkOS-hihmbestuurshsgyovxqmygopffq/Build/Products/Debug-iphonesimulator/MyScriptInteractiveInk-Runtime/MyScriptInteractiveInk_Runtime.modulemap' not found
fatal error: module map file '/Users/andrewallen/Library/Developer/Xcode/DerivedData/InkOS-hihmbestuurshsgyovxqmygopffq/Build/Products/Debug-iphonesimulator/MyScriptInteractiveInk-Runtime/MyScriptInteractiveInk_Runtime.modulemap' not found
fatal error: module map file '/Users/andrewallen/Library/Developer/Xcode/DerivedData/InkOS-hihmbestuurshsgyovxqmygopffq/Build/Products/Debug-iphonesimulator/MyScriptInteractiveInk-Runtime/MyScriptInteractiveInk_Runtime.modulemap' not found

error: Clang dependency scanner failure: fatal error: module map file '/Users/andrewallen/Library/Developer/Xcode/DerivedData/InkOS-hihmbestuurshsgyovxqmygopffq/Build/Products/Debug-iphonesimulator/MyScriptInteractiveInk-Runtime/MyScriptInteractiveInk_Runtime.modulemap' not found
fatal error: module map file '/Users/andrewallen/Library/Developer/Xcode/DerivedData/InkOS-hihmbestuurshsgyovxqmygopffq/Build/Products/Debug-iphonesimulator/MyScriptInteractiveInk-Runtime/MyScriptInteractiveInk_Runtime.modulemap' not found
fatal error: module map file '/Users/andrewallen/Library/Developer/Xcode/DerivedData/InkOS-hihmbestuurshsgyovxqmygopffq/Build/Products/Debug-iphonesimulator/MyScriptInteractiveInk-Runtime/MyScriptInteractiveInk_Runtime.modulemap' not found
fatal error: module map file '/Users/andrewallen/Library/Developer/Xcode/DerivedData/InkOS-hihmbestuurshsgyovxqmygopffq/Build/Products/Debug-iphonesimulator/MyScriptInteractiveInk-Runtime/MyScriptInteractiveInk_Runtime.modulemap' not found
fatal error: module map file '/Users/andrewallen/Library/Developer/Xcode/DerivedData/InkOS-hihmbestuurshsgyovxqmygopffq/Build/Products/Debug-iphonesimulator/MyScriptInteractiveInk-Runtime/MyScriptInteractiveInk_Runtime.modulemap' not found
fatal error: module map file '/Users/andrewallen/Library/Developer/Xcode/DerivedData/InkOS-hihmbestuurshsgyovxqmygopffq/Build/Products/Debug-iphonesimulator/MyScriptInteractiveInk-Runtime/MyScriptInteractiveInk_Runtime.modulemap' not found
fatal error: module map file '/Users/andrewallen/Library/Developer/Xcode/DerivedData/InkOS-hihmbestuurshsgyovxqmygopffq/Build/Products/Debug-iphonesimulator/MyScriptInteractiveInk-Runtime/MyScriptInteractiveInk_Runtime.modulemap' not found
fatal error: module map file '/Users/andrewallen/Library/Developer/Xcode/DerivedData/InkOS-hihmbestuurshsgyovxqmygopffq/Build/Products/Debug-iphonesimulator/MyScriptInteractiveInk-Runtime/MyScriptInteractiveInk_Runtime.modulemap' not found
fatal error: module map file '/Users/andrewallen/Library/Developer/Xcode/DerivedData/InkOS-hihmbestuurshsgyovxqmygopffq/Build/Products/Debug-iphonesimulator/MyScriptInteractiveInk-Runtime/MyScriptInteractiveInk_Runtime.modulemap' not found
fatal error: module map file '/Users/andrewallen/Library/Developer/Xcode/DerivedData/InkOS-hihmbestuurshsgyovxqmygopffq/Build/Products/Debug-iphonesimulator/MyScriptInteractiveInk-Runtime/MyScriptInteractiveInk_Runtime.modulemap' not found
fatal error: module map file '/Users/andrewallen/Library/Developer/Xcode/DerivedData/InkOS-hihmbestuurshsgyovxqmygopffq/Build/Products/Debug-iphonesimulator/MyScriptInteractiveInk-Runtime/MyScriptInteractiveInk_Runtime.modulemap' not found
fatal error: module map file '/Users/andrewallen/Library/Developer/Xcode/DerivedData/InkOS-hihmbestuurshsgyovxqmygopffq/Build/Products/Debug-iphonesimulator/MyScriptInteractiveInk-Runtime/MyScriptInteractiveInk_Runtime.modulemap' not found
fatal error: module map file '/Users/andrewallen/Library/Developer/Xcode/DerivedData/InkOS-hihmbestuurshsgyovxqmygopffq/Build/Products/Debug-iphonesimulator/MyScriptInteractiveInk-Runtime/MyScriptInteractiveInk_Runtime.modulemap' not found
fatal error: module map file '/Users/andrewallen/Library/Developer/Xcode/DerivedData/InkOS-hihmbestuurshsgyovxqmygopffq/Build/Products/Debug-iphonesimulator/MyScriptInteractiveInk-Runtime/MyScriptInteractiveInk_Runtime.modulemap' not found

error: Clang dependency scanner failure: fatal error: module map file '/Users/andrewallen/Library/Developer/Xcode/DerivedData/InkOS-hihmbestuurshsgyovxqmygopffq/Build/Products/Debug-iphonesimulator/MyScriptInteractiveInk-Runtime/MyScriptInteractiveInk_Runtime.modulemap' not found
fatal error: module map file '/Users/andrewallen/Library/Developer/Xcode/DerivedData/InkOS-hihmbestuurshsgyovxqmygopffq/Build/Products/Debug-iphonesimulator/MyScriptInteractiveInk-Runtime/MyScriptInteractiveInk_Runtime.modulemap' not found
fatal error: module map file '/Users/andrewallen/Library/Developer/Xcode/DerivedData/InkOS-hihmbestuurshsgyovxqmygopffq/Build/Products/Debug-iphonesimulator/MyScriptInteractiveInk-Runtime/MyScriptInteractiveInk_Runtime.modulemap' not found
fatal error: module map file '/Users/andrewallen/Library/Developer/Xcode/DerivedData/InkOS-hihmbestuurshsgyovxqmygopffq/Build/Products/Debug-iphonesimulator/MyScriptInteractiveInk-Runtime/MyScriptInteractiveInk_Runtime.modulemap' not found
fatal error: module map file '/Users/andrewallen/Library/Developer/Xcode/DerivedData/InkOS-hihmbestuurshsgyovxqmygopffq/Build/Products/Debug-iphonesimulator/MyScriptInteractiveInk-Runtime/MyScriptInteractiveInk_Runtime.modulemap' not found
fatal error: module map file '/Users/andrewallen/Library/Developer/Xcode/DerivedData/InkOS-hihmbestuurshsgyovxqmygopffq/Build/Products/Debug-iphonesimulator/MyScriptInteractiveInk-Runtime/MyScriptInteractiveInk_Runtime.modulemap' not found
fatal error: module map file '/Users/andrewallen/Library/Developer/Xcode/DerivedData/InkOS-hihmbestuurshsgyovxqmygopffq/Build/Products/Debug-iphonesimulator/MyScriptInteractiveInk-Runtime/MyScriptInteractiveInk_Runtime.modulemap' not found
fatal error: module map file '/Users/andrewallen/Library/Developer/Xcode/DerivedData/InkOS-hihmbestuurshsgyovxqmygopffq/Build/Products/Debug-iphonesimulator/MyScriptInteractiveInk-Runtime/MyScriptInteractiveInk_Runtime.modulemap' not found
fatal error: module map file '/Users/andrewallen/Library/Developer/Xcode/DerivedData/InkOS-hihmbestuurshsgyovxqmygopffq/Build/Products/Debug-iphonesimulator/MyScriptInteractiveInk-Runtime/MyScriptInteractiveInk_Runtime.modulemap' not found
fatal error: module map file '/Users/andrewallen/Library/Developer/Xcode/DerivedData/InkOS-hihmbestuurshsgyovxqmygopffq/Build/Products/Debug-iphonesimulator/MyScriptInteractiveInk-Runtime/MyScriptInteractiveInk_Runtime.modulemap' not found
fatal error: module map file '/Users/andrewallen/Library/Developer/Xcode/DerivedData/InkOS-hihmbestuurshsgyovxqmygopffq/Build/Products/Debug-iphonesimulator/MyScriptInteractiveInk-Runtime/MyScriptInteractiveInk_Runtime.modulemap' not found
fatal error: module map file '/Users/andrewallen/Library/Developer/Xcode/DerivedData/InkOS-hihmbestuurshsgyovxqmygopffq/Build/Products/Debug-iphonesimulator/MyScriptInteractiveInk-Runtime/MyScriptInteractiveInk_Runtime.modulemap' not found
fatal error: module map file '/Users/andrewallen/Library/Developer/Xcode/DerivedData/InkOS-hihmbestuurshsgyovxqmygopffq/Build/Products/Debug-iphonesimulator/MyScriptInteractiveInk-Runtime/MyScriptInteractiveInk_Runtime.modulemap' not found
fatal error: module map file '/Users/andrewallen/Library/Developer/Xcode/DerivedData/InkOS-hihmbestuurshsgyovxqmygopffq/Build/Products/Debug-iphonesimulator/MyScriptInteractiveInk-Runtime/MyScriptInteractiveInk_Runtime.modulemap' not found
fatal error: module map file '/Users/andrewallen/Library/Developer/Xcode/DerivedData/InkOS-hihmbestuurshsgyovxqmygopffq/Build/Products/Debug-iphonesimulator/MyScriptInteractiveInk-Runtime/MyScriptInteractiveInk_Runtime.modulemap' not found
fatal error: module map file '/Users/andrewallen/Library/Developer/Xcode/DerivedData/InkOS-hihmbestuurshsgyovxqmygopffq/Build/Products/Debug-iphonesimulator/MyScriptInteractiveInk-Runtime/MyScriptInteractiveInk_Runtime.modulemap' not found
fatal error: module map file '/Users/andrewallen/Library/Developer/Xcode/DerivedData/InkOS-hihmbestuurshsgyovxqmygopffq/Build/Products/Debug-iphonesimulator/MyScriptInteractiveInk-Runtime/MyScriptInteractiveInk_Runtime.modulemap' not found
fatal error: module map file '/Users/andrewallen/Library/Developer/Xcode/DerivedData/InkOS-hihmbestuurshsgyovxqmygopffq/Build/Products/Debug-iphonesimulator/MyScriptInteractiveInk-Runtime/MyScriptInteractiveInk_Runtime.modulemap' not found
fatal error: module map file '/Users/andrewallen/Library/Developer/Xcode/DerivedData/InkOS-hihmbestuurshsgyovxqmygopffq/Build/Products/Debug-iphonesimulator/MyScriptInteractiveInk-Runtime/MyScriptInteractiveInk_Runtime.modulemap' not found
fatal error: module map file '/Users/andrewallen/Library/Developer/Xcode/DerivedData/InkOS-hihmbestuurshsgyovxqmygopffq/Build/Products/Debug-iphonesimulator/MyScriptInteractiveInk-Runtime/MyScriptInteractiveInk_Runtime.modulemap' not found
fatal error: module map file '/Users/andrewallen/Library/Developer/Xcode/DerivedData/InkOS-hihmbestuurshsgyovxqmygopffq/Build/Products/Debug-iphonesimulator/MyScriptInteractiveInk-Runtime/MyScriptInteractiveInk_Runtime.modulemap' not found
fatal error: module map file '/Users/andrewallen/Library/Developer/Xcode/DerivedData/InkOS-hihmbestuurshsgyovxqmygopffq/Build/Products/Debug-iphonesimulator/MyScriptInteractiveInk-Runtime/MyScriptInteractiveInk_Runtime.modulemap' not found
fatal error: module map file '/Users/andrewallen/Library/Developer/Xcode/DerivedData/InkOS-hihmbestuurshsgyovxqmygopffq/Build/Products/Debug-iphonesimulator/MyScriptInteractiveInk-Runtime/MyScriptInteractiveInk_Runtime.modulemap' not found
fatal error: module map file '/Users/andrewallen/Library/Developer/Xcode/DerivedData/InkOS-hihmbestuurshsgyovxqmygopffq/Build/Products/Debug-iphonesimulator/MyScriptInteractiveInk-Runtime/MyScriptInteractiveInk_Runtime.modulemap' not found

error: Clang dependency scanner failure: fatal error: module map file '/Users/andrewallen/Library/Developer/Xcode/DerivedData/InkOS-hihmbestuurshsgyovxqmygopffq/Build/Products/Debug-iphonesimulator/MyScriptInteractiveInk-Runtime/MyScriptInteractiveInk_Runtime.modulemap' not found
fatal error: module map file '/Users/andrewallen/Library/Developer/Xcode/DerivedData/InkOS-hihmbestuurshsgyovxqmygopffq/Build/Products/Debug-iphonesimulator/MyScriptInteractiveInk-Runtime/MyScriptInteractiveInk_Runtime.modulemap' not found

error: Clang dependency scanner failure: fatal error: module map file '/Users/andrewallen/Library/Developer/Xcode/DerivedData/InkOS-hihmbestuurshsgyovxqmygopffq/Build/Products/Debug-iphonesimulator/MyScriptInteractiveInk-Runtime/MyScriptInteractiveInk_Runtime.modulemap' not found
fatal error: module map file '/Users/andrewallen/Library/Developer/Xcode/DerivedData/InkOS-hihmbestuurshsgyovxqmygopffq/Build/Products/Debug-iphonesimulator/MyScriptInteractiveInk-Runtime/MyScriptInteractiveInk_Runtime.modulemap' not found
fatal error: module map file '/Users/andrewallen/Library/Developer/Xcode/DerivedData/InkOS-hihmbestuurshsgyovxqmygopffq/Build/Products/Debug-iphonesimulator/MyScriptInteractiveInk-Runtime/MyScriptInteractiveInk_Runtime.modulemap' not found
fatal error: module map file '/Users/andrewallen/Library/Developer/Xcode/DerivedData/InkOS-hihmbestuurshsgyovxqmygopffq/Build/Products/Debug-iphonesimulator/MyScriptInteractiveInk-Runtime/MyScriptInteractiveInk_Runtime.modulemap' not found
fatal error: module map file '/Users/andrewallen/Library/Developer/Xcode/DerivedData/InkOS-hihmbestuurshsgyovxqmygopffq/Build/Products/Debug-iphonesimulator/MyScriptInteractiveInk-Runtime/MyScriptInteractiveInk_Runtime.modulemap' not found
fatal error: module map file '/Users/andrewallen/Library/Developer/Xcode/DerivedData/InkOS-hihmbestuurshsgyovxqmygopffq/Build/Products/Debug-iphonesimulator/MyScriptInteractiveInk-Runtime/MyScriptInteractiveInk_Runtime.modulemap' not found
fatal error: module map file '/Users/andrewallen/Library/Developer/Xcode/DerivedData/InkOS-hihmbestuurshsgyovxqmygopffq/Build/Products/Debug-iphonesimulator/MyScriptInteractiveInk-Runtime/MyScriptInteractiveInk_Runtime.modulemap' not found
fatal error: module map file '/Users/andrewallen/Library/Developer/Xcode/DerivedData/InkOS-hihmbestuurshsgyovxqmygopffq/Build/Products/Debug-iphonesimulator/MyScriptInteractiveInk-Runtime/MyScriptInteractiveInk_Runtime.modulemap' not found
fatal error: module map file '/Users/andrewallen/Library/Developer/Xcode/DerivedData/InkOS-hihmbestuurshsgyovxqmygopffq/Build/Products/Debug-iphonesimulator/MyScriptInteractiveInk-Runtime/MyScriptInteractiveInk_Runtime.modulemap' not found
fatal error: module map file '/Users/andrewallen/Library/Developer/Xcode/DerivedData/InkOS-hihmbestuurshsgyovxqmygopffq/Build/Products/Debug-iphonesimulator/MyScriptInteractiveInk-Runtime/MyScriptInteractiveInk_Runtime.modulemap' not found
fatal error: module map file '/Users/andrewallen/Library/Developer/Xcode/DerivedData/InkOS-hihmbestuurshsgyovxqmygopffq/Build/Products/Debug-iphonesimulator/MyScriptInteractiveInk-Runtime/MyScriptInteractiveInk_Runtime.modulemap' not found
fatal error: module map file '/Users/andrewallen/Library/Developer/Xcode/DerivedData/InkOS-hihmbestuurshsgyovxqmygopffq/Build/Products/Debug-iphonesimulator/MyScriptInteractiveInk-Runtime/MyScriptInteractiveInk_Runtime.modulemap' not found
fatal error: module map file '/Users/andrewallen/Library/Developer/Xcode/DerivedData/InkOS-hihmbestuurshsgyovxqmygopffq/Build/Products/Debug-iphonesimulator/MyScriptInteractiveInk-Runtime/MyScriptInteractiveInk_Runtime.modulemap' not found
fatal error: module map file '/Users/andrewallen/Library/Developer/Xcode/DerivedData/InkOS-hihmbestuurshsgyovxqmygopffq/Build/Products/Debug-iphonesimulator/MyScriptInteractiveInk-Runtime/MyScriptInteractiveInk_Runtime.modulemap' not found
fatal error: module map file '/Users/andrewallen/Library/Developer/Xcode/DerivedData/InkOS-hihmbestuurshsgyovxqmygopffq/Build/Products/Debug-iphonesimulator/MyScriptInteractiveInk-Runtime/MyScriptInteractiveInk_Runtime.modulemap' not found
fatal error: module map file '/Users/andrewallen/Library/Developer/Xcode/DerivedData/InkOS-hihmbestuurshsgyovxqmygopffq/Build/Products/Debug-iphonesimulator/MyScriptInteractiveInk-Runtime/MyScriptInteractiveInk_Runtime.modulemap' not found
fatal error: module map file '/Users/andrewallen/Library/Developer/Xcode/DerivedData/InkOS-hihmbestuurshsgyovxqmygopffq/Build/Products/Debug-iphonesimulator/MyScriptInteractiveInk-Runtime/MyScriptInteractiveInk_Runtime.modulemap' not found
fatal error: module map file '/Users/andrewallen/Library/Developer/Xcode/DerivedData/InkOS-hihmbestuurshsgyovxqmygopffq/Build/Products/Debug-iphonesimulator/MyScriptInteractiveInk-Runtime/MyScriptInteractiveInk_Runtime.modulemap' not found
fatal error: module map file '/Users/andrewallen/Library/Developer/Xcode/DerivedData/InkOS-hihmbestuurshsgyovxqmygopffq/Build/Products/Debug-iphonesimulator/MyScriptInteractiveInk-Runtime/MyScriptInteractiveInk_Runtime.modulemap' not found
fatal error: module map file '/Users/andrewallen/Library/Developer/Xcode/DerivedData/InkOS-hihmbestuurshsgyovxqmygopffq/Build/Products/Debug-iphonesimulator/MyScriptInteractiveInk-Runtime/MyScriptInteractiveInk_Runtime.modulemap' not found
fatal error: module map file '/Users/andrewallen/Library/Developer/Xcode/DerivedData/InkOS-hihmbestuurshsgyovxqmygopffq/Build/Products/Debug-iphonesimulator/MyScriptInteractiveInk-Runtime/MyScriptInteractiveInk_Runtime.modulemap' not found
fatal error: module map file '/Users/andrewallen/Library/Developer/Xcode/DerivedData/InkOS-hihmbestuurshsgyovxqmygopffq/Build/Products/Debug-iphonesimulator/MyScriptInteractiveInk-Runtime/MyScriptInteractiveInk_Runtime.modulemap' not found
fatal error: module map file '/Users/andrewallen/Library/Developer/Xcode/DerivedData/InkOS-hihmbestuurshsgyovxqmygopffq/Build/Products/Debug-iphonesimulator/MyScriptInteractiveInk-Runtime/MyScriptInteractiveInk_Runtime.modulemap' not found
fatal error: module map file '/Users/andrewallen/Library/Developer/Xcode/DerivedData/InkOS-hihmbestuurshsgyovxqmygopffq/Build/Products/Debug-iphonesimulator/MyScriptInteractiveInk-Runtime/MyScriptInteractiveInk_Runtime.modulemap' not found
fatal error: module map file '/Users/andrewallen/Library/Developer/Xcode/DerivedData/InkOS-hihmbestuurshsgyovxqmygopffq/Build/Products/Debug-iphonesimulator/MyScriptInteractiveInk-Runtime/MyScriptInteractiveInk_Runtime.modulemap' not found

error: Clang dependency scanner failure: fatal error: module map file '/Users/andrewallen/Library/Developer/Xcode/DerivedData/InkOS-hihmbestuurshsgyovxqmygopffq/Build/Products/Debug-iphonesimulator/MyScriptInteractiveInk-Runtime/MyScriptInteractiveInk_Runtime.modulemap' not found
fatal error: module map file '/Users/andrewallen/Library/Developer/Xcode/DerivedData/InkOS-hihmbestuurshsgyovxqmygopffq/Build/Products/Debug-iphonesimulator/MyScriptInteractiveInk-Runtime/MyScriptInteractiveInk_Runtime.modulemap' not found
fatal error: module map file '/Users/andrewallen/Library/Developer/Xcode/DerivedData/InkOS-hihmbestuurshsgyovxqmygopffq/Build/Products/Debug-iphonesimulator/MyScriptInteractiveInk-Runtime/MyScriptInteractiveInk_Runtime.modulemap' not found
fatal error: module map file '/Users/andrewallen/Library/Developer/Xcode/DerivedData/InkOS-hihmbestuurshsgyovxqmygopffq/Build/Products/Debug-iphonesimulator/MyScriptInteractiveInk-Runtime/MyScriptInteractiveInk_Runtime.modulemap' not found
fatal error: module map file '/Users/andrewallen/Library/Developer/Xcode/DerivedData/InkOS-hihmbestuurshsgyovxqmygopffq/Build/Products/Debug-iphonesimulator/MyScriptInteractiveInk-Runtime/MyScriptInteractiveInk_Runtime.modulemap' not found
fatal error: module map file '/Users/andrewallen/Library/Developer/Xcode/DerivedData/InkOS-hihmbestuurshsgyovxqmygopffq/Build/Products/Debug-iphonesimulator/MyScriptInteractiveInk-Runtime/MyScriptInteractiveInk_Runtime.modulemap' not found
fatal error: module map file '/Users/andrewallen/Library/Developer/Xcode/DerivedData/InkOS-hihmbestuurshsgyovxqmygopffq/Build/Products/Debug-iphonesimulator/MyScriptInteractiveInk-Runtime/MyScriptInteractiveInk_Runtime.modulemap' not found
fatal error: module map file '/Users/andrewallen/Library/Developer/Xcode/DerivedData/InkOS-hihmbestuurshsgyovxqmygopffq/Build/Products/Debug-iphonesimulator/MyScriptInteractiveInk-Runtime/MyScriptInteractiveInk_Runtime.modulemap' not found
fatal error: module map file '/Users/andrewallen/Library/Developer/Xcode/DerivedData/InkOS-hihmbestuurshsgyovxqmygopffq/Build/Products/Debug-iphonesimulator/MyScriptInteractiveInk-Runtime/MyScriptInteractiveInk_Runtime.modulemap' not found
fatal error: module map file '/Users/andrewallen/Library/Developer/Xcode/DerivedData/InkOS-hihmbestuurshsgyovxqmygopffq/Build/Products/Debug-iphonesimulator/MyScriptInteractiveInk-Runtime/MyScriptInteractiveInk_Runtime.modulemap' not found
fatal error: module map file '/Users/andrewallen/Library/Developer/Xcode/DerivedData/InkOS-hihmbestuurshsgyovxqmygopffq/Build/Products/Debug-iphonesimulator/MyScriptInteractiveInk-Runtime/MyScriptInteractiveInk_Runtime.modulemap' not found
fatal error: module map file '/Users/andrewallen/Library/Developer/Xcode/DerivedData/InkOS-hihmbestuurshsgyovxqmygopffq/Build/Products/Debug-iphonesimulator/MyScriptInteractiveInk-Runtime/MyScriptInteractiveInk_Runtime.modulemap' not found
fatal error: module map file '/Users/andrewallen/Library/Developer/Xcode/DerivedData/InkOS-hihmbestuurshsgyovxqmygopffq/Build/Products/Debug-iphonesimulator/MyScriptInteractiveInk-Runtime/MyScriptInteractiveInk_Runtime.modulemap' not found
fatal error: module map file '/Users/andrewallen/Library/Developer/Xcode/DerivedData/InkOS-hihmbestuurshsgyovxqmygopffq/Build/Products/Debug-iphonesimulator/MyScriptInteractiveInk-Runtime/MyScriptInteractiveInk_Runtime.modulemap' not found
fatal error: module map file '/Users/andrewallen/Library/Developer/Xcode/DerivedData/InkOS-hihmbestuurshsgyovxqmygopffq/Build/Products/Debug-iphonesimulator/MyScriptInteractiveInk-Runtime/MyScriptInteractiveInk_Runtime.modulemap' not found
fatal error: module map file '/Users/andrewallen/Library/Developer/Xcode/DerivedData/InkOS-hihmbestuurshsgyovxqmygopffq/Build/Products/Debug-iphonesimulator/MyScriptInteractiveInk-Runtime/MyScriptInteractiveInk_Runtime.modulemap' not found
fatal error: module map file '/Users/andrewallen/Library/Developer/Xcode/DerivedData/InkOS-hihmbestuurshsgyovxqmygopffq/Build/Products/Debug-iphonesimulator/MyScriptInteractiveInk-Runtime/MyScriptInteractiveInk_Runtime.modulemap' not found
fatal error: module map file '/Users/andrewallen/Library/Developer/Xcode/DerivedData/InkOS-hihmbestuurshsgyovxqmygopffq/Build/Products/Debug-iphonesimulator/MyScriptInteractiveInk-Runtime/MyScriptInteractiveInk_Runtime.modulemap' not found
fatal error: module map file '/Users/andrewallen/Library/Developer/Xcode/DerivedData/InkOS-hihmbestuurshsgyovxqmygopffq/Build/Products/Debug-iphonesimulator/MyScriptInteractiveInk-Runtime/MyScriptInteractiveInk_Runtime.modulemap' not found
fatal error: module map file '/Users/andrewallen/Library/Developer/Xcode/DerivedData/InkOS-hihmbestuurshsgyovxqmygopffq/Build/Products/Debug-iphonesimulator/MyScriptInteractiveInk-Runtime/MyScriptInteractiveInk_Runtime.modulemap' not found
fatal error: module map file '/Users/andrewallen/Library/Developer/Xcode/DerivedData/InkOS-hihmbestuurshsgyovxqmygopffq/Build/Products/Debug-iphonesimulator/MyScriptInteractiveInk-Runtime/MyScriptInteractiveInk_Runtime.modulemap' not found
fatal error: module map file '/Users/andrewallen/Library/Developer/Xcode/DerivedData/InkOS-hihmbestuurshsgyovxqmygopffq/Build/Products/Debug-iphonesimulator/MyScriptInteractiveInk-Runtime/MyScriptInteractiveInk_Runtime.modulemap' not found
fatal error: module map file '/Users/andrewallen/Library/Developer/Xcode/DerivedData/InkOS-hihmbestuurshsgyovxqmygopffq/Build/Products/Debug-iphonesimulator/MyScriptInteractiveInk-Runtime/MyScriptInteractiveInk_Runtime.modulemap' not found
fatal error: module map file '/Users/andrewallen/Library/Developer/Xcode/DerivedData/InkOS-hihmbestuurshsgyovxqmygopffq/Build/Products/Debug-iphonesimulator/MyScriptInteractiveInk-Runtime/MyScriptInteractiveInk_Runtime.modulemap' not found
fatal error: module map file '/Users/andrewallen/Library/Developer/Xcode/DerivedData/InkOS-hihmbestuurshsgyovxqmygopffq/Build/Products/Debug-iphonesimulator/MyScriptInteractiveInk-Runtime/MyScriptInteractiveInk_Runtime.modulemap' not found

error: Clang dependency scanner failure: fatal error: module map file '/Users/andrewallen/Library/Developer/Xcode/DerivedData/InkOS-hihmbestuurshsgyovxqmygopffq/Build/Products/Debug-iphonesimulator/MyScriptInteractiveInk-Runtime/MyScriptInteractiveInk_Runtime.modulemap' not found
fatal error: module map file '/Users/andrewallen/Library/Developer/Xcode/DerivedData/InkOS-hihmbestuurshsgyovxqmygopffq/Build/Products/Debug-iphonesimulator/MyScriptInteractiveInk-Runtime/MyScriptInteractiveInk_Runtime.modulemap' not found
fatal error: module map file '/Users/andrewallen/Library/Developer/Xcode/DerivedData/InkOS-hihmbestuurshsgyovxqmygopffq/Build/Products/Debug-iphonesimulator/MyScriptInteractiveInk-Runtime/MyScriptInteractiveInk_Runtime.modulemap' not found
fatal error: module map file '/Users/andrewallen/Library/Developer/Xcode/DerivedData/InkOS-hihmbestuurshsgyovxqmygopffq/Build/Products/Debug-iphonesimulator/MyScriptInteractiveInk-Runtime/MyScriptInteractiveInk_Runtime.modulemap' not found
fatal error: module map file '/Users/andrewallen/Library/Developer/Xcode/DerivedData/InkOS-hihmbestuurshsgyovxqmygopffq/Build/Products/Debug-iphonesimulator/MyScriptInteractiveInk-Runtime/MyScriptInteractiveInk_Runtime.modulemap' not found
fatal error: module map file '/Users/andrewallen/Library/Developer/Xcode/DerivedData/InkOS-hihmbestuurshsgyovxqmygopffq/Build/Products/Debug-iphonesimulator/MyScriptInteractiveInk-Runtime/MyScriptInteractiveInk_Runtime.modulemap' not found
fatal error: module map file '/Users/andrewallen/Library/Developer/Xcode/DerivedData/InkOS-hihmbestuurshsgyovxqmygopffq/Build/Products/Debug-iphonesimulator/MyScriptInteractiveInk-Runtime/MyScriptInteractiveInk_Runtime.modulemap' not found
fatal error: module map file '/Users/andrewallen/Library/Developer/Xcode/DerivedData/InkOS-hihmbestuurshsgyovxqmygopffq/Build/Products/Debug-iphonesimulator/MyScriptInteractiveInk-Runtime/MyScriptInteractiveInk_Runtime.modulemap' not found
fatal error: module map file '/Users/andrewallen/Library/Developer/Xcode/DerivedData/InkOS-hihmbestuurshsgyovxqmygopffq/Build/Products/Debug-iphonesimulator/MyScriptInteractiveInk-Runtime/MyScriptInteractiveInk_Runtime.modulemap' not found
fatal error: module map file '/Users/andrewallen/Library/Developer/Xcode/DerivedData/InkOS-hihmbestuurshsgyovxqmygopffq/Build/Products/Debug-iphonesimulator/MyScriptInteractiveInk-Runtime/MyScriptInteractiveInk_Runtime.modulemap' not found
fatal error: module map file '/Users/andrewallen/Library/Developer/Xcode/DerivedData/InkOS-hihmbestuurshsgyovxqmygopffq/Build/Products/Debug-iphonesimulator/MyScriptInteractiveInk-Runtime/MyScriptInteractiveInk_Runtime.modulemap' not found
fatal error: module map file '/Users/andrewallen/Library/Developer/Xcode/DerivedData/InkOS-hihmbestuurshsgyovxqmygopffq/Build/Products/Debug-iphonesimulator/MyScriptInteractiveInk-Runtime/MyScriptInteractiveInk_Runtime.modulemap' not found
fatal error: module map file '/Users/andrewallen/Library/Developer/Xcode/DerivedData/InkOS-hihmbestuurshsgyovxqmygopffq/Build/Products/Debug-iphonesimulator/MyScriptInteractiveInk-Runtime/MyScriptInteractiveInk_Runtime.modulemap' not found
fatal error: module map file '/Users/andrewallen/Library/Developer/Xcode/DerivedData/InkOS-hihmbestuurshsgyovxqmygopffq/Build/Products/Debug-iphonesimulator/MyScriptInteractiveInk-Runtime/MyScriptInteractiveInk_Runtime.modulemap' not found
fatal error: module map file '/Users/andrewallen/Library/Developer/Xcode/DerivedData/InkOS-hihmbestuurshsgyovxqmygopffq/Build/Products/Debug-iphonesimulator/MyScriptInteractiveInk-Runtime/MyScriptInteractiveInk_Runtime.modulemap' not found
fatal error: module map file '/Users/andrewallen/Library/Developer/Xcode/DerivedData/InkOS-hihmbestuurshsgyovxqmygopffq/Build/Products/Debug-iphonesimulator/MyScriptInteractiveInk-Runtime/MyScriptInteractiveInk_Runtime.modulemap' not found
fatal error: module map file '/Users/andrewallen/Library/Developer/Xcode/DerivedData/InkOS-hihmbestuurshsgyovxqmygopffq/Build/Products/Debug-iphonesimulator/MyScriptInteractiveInk-Runtime/MyScriptInteractiveInk_Runtime.modulemap' not found
fatal error: module map file '/Users/andrewallen/Library/Developer/Xcode/DerivedData/InkOS-hihmbestuurshsgyovxqmygopffq/Build/Products/Debug-iphonesimulator/MyScriptInteractiveInk-Runtime/MyScriptInteractiveInk_Runtime.modulemap' not found
fatal error: module map file '/Users/andrewallen/Library/Developer/Xcode/DerivedData/InkOS-hihmbestuurshsgyovxqmygopffq/Build/Products/Debug-iphonesimulator/MyScriptInteractiveInk-Runtime/MyScriptInteractiveInk_Runtime.modulemap' not found
fatal error: module map file '/Users/andrewallen/Library/Developer/Xcode/DerivedData/InkOS-hihmbestuurshsgyovxqmygopffq/Build/Products/Debug-iphonesimulator/MyScriptInteractiveInk-Runtime/MyScriptInteractiveInk_Runtime.modulemap' not found
fatal error: module map file '/Users/andrewallen/Library/Developer/Xcode/DerivedData/InkOS-hihmbestuurshsgyovxqmygopffq/Build/Products/Debug-iphonesimulator/MyScriptInteractiveInk-Runtime/MyScriptInteractiveInk_Runtime.modulemap' not found
fatal error: module map file '/Users/andrewallen/Library/Developer/Xcode/DerivedData/InkOS-hihmbestuurshsgyovxqmygopffq/Build/Products/Debug-iphonesimulator/MyScriptInteractiveInk-Runtime/MyScriptInteractiveInk_Runtime.modulemap' not found
fatal error: module map file '/Users/andrewallen/Library/Developer/Xcode/DerivedData/InkOS-hihmbestuurshsgyovxqmygopffq/Build/Products/Debug-iphonesimulator/MyScriptInteractiveInk-Runtime/MyScriptInteractiveInk_Runtime.modulemap' not found
fatal error: module map file '/Users/andrewallen/Library/Developer/Xcode/DerivedData/InkOS-hihmbestuurshsgyovxqmygopffq/Build/Products/Debug-iphonesimulator/MyScriptInteractiveInk-Runtime/MyScriptInteractiveInk_Runtime.modulemap' not found
fatal error: module map file '/Users/andrewallen/Library/Developer/Xcode/DerivedData/InkOS-hihmbestuurshsgyovxqmygopffq/Build/Products/Debug-iphonesimulator/MyScriptInteractiveInk-Runtime/MyScriptInteractiveInk_Runtime.modulemap' not found

error: Clang dependency scanner failure: fatal error: module map file '/Users/andrewallen/Library/Developer/Xcode/DerivedData/InkOS-hihmbestuurshsgyovxqmygopffq/Build/Products/Debug-iphonesimulator/MyScriptInteractiveInk-Runtime/MyScriptInteractiveInk_Runtime.modulemap' not found
fatal error: module map file '/Users/andrewallen/Library/Developer/Xcode/DerivedData/InkOS-hihmbestuurshsgyovxqmygopffq/Build/Products/Debug-iphonesimulator/MyScriptInteractiveInk-Runtime/MyScriptInteractiveInk_Runtime.modulemap' not found
fatal error: module map file '/Users/andrewallen/Library/Developer/Xcode/DerivedData/InkOS-hihmbestuurshsgyovxqmygopffq/Build/Products/Debug-iphonesimulator/MyScriptInteractiveInk-Runtime/MyScriptInteractiveInk_Runtime.modulemap' not found
fatal error: module map file '/Users/andrewallen/Library/Developer/Xcode/DerivedData/InkOS-hihmbestuurshsgyovxqmygopffq/Build/Products/Debug-iphonesimulator/MyScriptInteractiveInk-Runtime/MyScriptInteractiveInk_Runtime.modulemap' not found
fatal error: module map file '/Users/andrewallen/Library/Developer/Xcode/DerivedData/InkOS-hihmbestuurshsgyovxqmygopffq/Build/Products/Debug-iphonesimulator/MyScriptInteractiveInk-Runtime/MyScriptInteractiveInk_Runtime.modulemap' not found
fatal error: module map file '/Users/andrewallen/Library/Developer/Xcode/DerivedData/InkOS-hihmbestuurshsgyovxqmygopffq/Build/Products/Debug-iphonesimulator/MyScriptInteractiveInk-Runtime/MyScriptInteractiveInk_Runtime.modulemap' not found
fatal error: module map file '/Users/andrewallen/Library/Developer/Xcode/DerivedData/InkOS-hihmbestuurshsgyovxqmygopffq/Build/Products/Debug-iphonesimulator/MyScriptInteractiveInk-Runtime/MyScriptInteractiveInk_Runtime.modulemap' not found
fatal error: module map file '/Users/andrewallen/Library/Developer/Xcode/DerivedData/InkOS-hihmbestuurshsgyovxqmygopffq/Build/Products/Debug-iphonesimulator/MyScriptInteractiveInk-Runtime/MyScriptInteractiveInk_Runtime.modulemap' not found
fatal error: module map file '/Users/andrewallen/Library/Developer/Xcode/DerivedData/InkOS-hihmbestuurshsgyovxqmygopffq/Build/Products/Debug-iphonesimulator/MyScriptInteractiveInk-Runtime/MyScriptInteractiveInk_Runtime.modulemap' not found
fatal error: module map file '/Users/andrewallen/Library/Developer/Xcode/DerivedData/InkOS-hihmbestuurshsgyovxqmygopffq/Build/Products/Debug-iphonesimulator/MyScriptInteractiveInk-Runtime/MyScriptInteractiveInk_Runtime.modulemap' not found
fatal error: module map file '/Users/andrewallen/Library/Developer/Xcode/DerivedData/InkOS-hihmbestuurshsgyovxqmygopffq/Build/Products/Debug-iphonesimulator/MyScriptInteractiveInk-Runtime/MyScriptInteractiveInk_Runtime.modulemap' not found
fatal error: module map file '/Users/andrewallen/Library/Developer/Xcode/DerivedData/InkOS-hihmbestuurshsgyovxqmygopffq/Build/Products/Debug-iphonesimulator/MyScriptInteractiveInk-Runtime/MyScriptInteractiveInk_Runtime.modulemap' not found
fatal error: module map file '/Users/andrewallen/Library/Developer/Xcode/DerivedData/InkOS-hihmbestuurshsgyovxqmygopffq/Build/Products/Debug-iphonesimulator/MyScriptInteractiveInk-Runtime/MyScriptInteractiveInk_Runtime.modulemap' not found
fatal error: module map file '/Users/andrewallen/Library/Developer/Xcode/DerivedData/InkOS-hihmbestuurshsgyovxqmygopffq/Build/Products/Debug-iphonesimulator/MyScriptInteractiveInk-Runtime/MyScriptInteractiveInk_Runtime.modulemap' not found
fatal error: module map file '/Users/andrewallen/Library/Developer/Xcode/DerivedData/InkOS-hihmbestuurshsgyovxqmygopffq/Build/Products/Debug-iphonesimulator/MyScriptInteractiveInk-Runtime/MyScriptInteractiveInk_Runtime.modulemap' not found
fatal error: module map file '/Users/andrewallen/Library/Developer/Xcode/DerivedData/InkOS-hihmbestuurshsgyovxqmygopffq/Build/Products/Debug-iphonesimulator/MyScriptInteractiveInk-Runtime/MyScriptInteractiveInk_Runtime.modulemap' not found
fatal error: module map file '/Users/andrewallen/Library/Developer/Xcode/DerivedData/InkOS-hihmbestuurshsgyovxqmygopffq/Build/Products/Debug-iphonesimulator/MyScriptInteractiveInk-Runtime/MyScriptInteractiveInk_Runtime.modulemap' not found
fatal error: module map file '/Users/andrewallen/Library/Developer/Xcode/DerivedData/InkOS-hihmbestuurshsgyovxqmygopffq/Build/Products/Debug-iphonesimulator/MyScriptInteractiveInk-Runtime/MyScriptInteractiveInk_Runtime.modulemap' not found
fatal error: module map file '/Users/andrewallen/Library/Developer/Xcode/DerivedData/InkOS-hihmbestuurshsgyovxqmygopffq/Build/Products/Debug-iphonesimulator/MyScriptInteractiveInk-Runtime/MyScriptInteractiveInk_Runtime.modulemap' not found
fatal error: module map file '/Users/andrewallen/Library/Developer/Xcode/DerivedData/InkOS-hihmbestuurshsgyovxqmygopffq/Build/Products/Debug-iphonesimulator/MyScriptInteractiveInk-Runtime/MyScriptInteractiveInk_Runtime.modulemap' not found
fatal error: module map file '/Users/andrewallen/Library/Developer/Xcode/DerivedData/InkOS-hihmbestuurshsgyovxqmygopffq/Build/Products/Debug-iphonesimulator/MyScriptInteractiveInk-Runtime/MyScriptInteractiveInk_Runtime.modulemap' not found
fatal error: module map file '/Users/andrewallen/Library/Developer/Xcode/DerivedData/InkOS-hihmbestuurshsgyovxqmygopffq/Build/Products/Debug-iphonesimulator/MyScriptInteractiveInk-Runtime/MyScriptInteractiveInk_Runtime.modulemap' not found
fatal error: module map file '/Users/andrewallen/Library/Developer/Xcode/DerivedData/InkOS-hihmbestuurshsgyovxqmygopffq/Build/Products/Debug-iphonesimulator/MyScriptInteractiveInk-Runtime/MyScriptInteractiveInk_Runtime.modulemap' not found
fatal error: module map file '/Users/andrewallen/Library/Developer/Xcode/DerivedData/InkOS-hihmbestuurshsgyovxqmygopffq/Build/Products/Debug-iphonesimulator/MyScriptInteractiveInk-Runtime/MyScriptInteractiveInk_Runtime.modulemap' not found
fatal error: module map file '/Users/andrewallen/Library/Developer/Xcode/DerivedData/InkOS-hihmbestuurshsgyovxqmygopffq/Build/Products/Debug-iphonesimulator/MyScriptInteractiveInk-Runtime/MyScriptInteractiveInk_Runtime.modulemap' not found
fatal error: module map file '/Users/andrewallen/Library/Developer/Xcode/DerivedData/InkOS-hihmbestuurshsgyovxqmygopffq/Build/Products/Debug-iphonesimulator/MyScriptInteractiveInk-Runtime/MyScriptInteractiveInk_Runtime.modulemap' not found

error: Clang dependency scanner failure: fatal error: module map file '/Users/andrewallen/Library/Developer/Xcode/DerivedData/InkOS-hihmbestuurshsgyovxqmygopffq/Build/Products/Debug-iphonesimulator/MyScriptInteractiveInk-Runtime/MyScriptInteractiveInk_Runtime.modulemap' not found
fatal error: module map file '/Users/andrewallen/Library/Developer/Xcode/DerivedData/InkOS-hihmbestuurshsgyovxqmygopffq/Build/Products/Debug-iphonesimulator/MyScriptInteractiveInk-Runtime/MyScriptInteractiveInk_Runtime.modulemap' not found
fatal error: module map file '/Users/andrewallen/Library/Developer/Xcode/DerivedData/InkOS-hihmbestuurshsgyovxqmygopffq/Build/Products/Debug-iphonesimulator/MyScriptInteractiveInk-Runtime/MyScriptInteractiveInk_Runtime.modulemap' not found
fatal error: module map file '/Users/andrewallen/Library/Developer/Xcode/DerivedData/InkOS-hihmbestuurshsgyovxqmygopffq/Build/Products/Debug-iphonesimulator/MyScriptInteractiveInk-Runtime/MyScriptInteractiveInk_Runtime.modulemap' not found
fatal error: module map file '/Users/andrewallen/Library/Developer/Xcode/DerivedData/InkOS-hihmbestuurshsgyovxqmygopffq/Build/Products/Debug-iphonesimulator/MyScriptInteractiveInk-Runtime/MyScriptInteractiveInk_Runtime.modulemap' not found
fatal error: module map file '/Users/andrewallen/Library/Developer/Xcode/DerivedData/InkOS-hihmbestuurshsgyovxqmygopffq/Build/Products/Debug-iphonesimulator/MyScriptInteractiveInk-Runtime/MyScriptInteractiveInk_Runtime.modulemap' not found
fatal error: module map file '/Users/andrewallen/Library/Developer/Xcode/DerivedData/InkOS-hihmbestuurshsgyovxqmygopffq/Build/Products/Debug-iphonesimulator/MyScriptInteractiveInk-Runtime/MyScriptInteractiveInk_Runtime.modulemap' not found
fatal error: module map file '/Users/andrewallen/Library/Developer/Xcode/DerivedData/InkOS-hihmbestuurshsgyovxqmygopffq/Build/Products/Debug-iphonesimulator/MyScriptInteractiveInk-Runtime/MyScriptInteractiveInk_Runtime.modulemap' not found
fatal error: module map file '/Users/andrewallen/Library/Developer/Xcode/DerivedData/InkOS-hihmbestuurshsgyovxqmygopffq/Build/Products/Debug-iphonesimulator/MyScriptInteractiveInk-Runtime/MyScriptInteractiveInk_Runtime.modulemap' not found
fatal error: module map file '/Users/andrewallen/Library/Developer/Xcode/DerivedData/InkOS-hihmbestuurshsgyovxqmygopffq/Build/Products/Debug-iphonesimulator/MyScriptInteractiveInk-Runtime/MyScriptInteractiveInk_Runtime.modulemap' not found
fatal error: module map file '/Users/andrewallen/Library/Developer/Xcode/DerivedData/InkOS-hihmbestuurshsgyovxqmygopffq/Build/Products/Debug-iphonesimulator/MyScriptInteractiveInk-Runtime/MyScriptInteractiveInk_Runtime.modulemap' not found
fatal error: module map file '/Users/andrewallen/Library/Developer/Xcode/DerivedData/InkOS-hihmbestuurshsgyovxqmygopffq/Build/Products/Debug-iphonesimulator/MyScriptInteractiveInk-Runtime/MyScriptInteractiveInk_Runtime.modulemap' not found
fatal error: module map file '/Users/andrewallen/Library/Developer/Xcode/DerivedData/InkOS-hihmbestuurshsgyovxqmygopffq/Build/Products/Debug-iphonesimulator/MyScriptInteractiveInk-Runtime/MyScriptInteractiveInk_Runtime.modulemap' not found
fatal error: module map file '/Users/andrewallen/Library/Developer/Xcode/DerivedData/InkOS-hihmbestuurshsgyovxqmygopffq/Build/Products/Debug-iphonesimulator/MyScriptInteractiveInk-Runtime/MyScriptInteractiveInk_Runtime.modulemap' not found
fatal error: module map file '/Users/andrewallen/Library/Developer/Xcode/DerivedData/InkOS-hihmbestuurshsgyovxqmygopffq/Build/Products/Debug-iphonesimulator/MyScriptInteractiveInk-Runtime/MyScriptInteractiveInk_Runtime.modulemap' not found
fatal error: module map file '/Users/andrewallen/Library/Developer/Xcode/DerivedData/InkOS-hihmbestuurshsgyovxqmygopffq/Build/Products/Debug-iphonesimulator/MyScriptInteractiveInk-Runtime/MyScriptInteractiveInk_Runtime.modulemap' not found
fatal error: module map file '/Users/andrewallen/Library/Developer/Xcode/DerivedData/InkOS-hihmbestuurshsgyovxqmygopffq/Build/Products/Debug-iphonesimulator/MyScriptInteractiveInk-Runtime/MyScriptInteractiveInk_Runtime.modulemap' not found
fatal error: module map file '/Users/andrewallen/Library/Developer/Xcode/DerivedData/InkOS-hihmbestuurshsgyovxqmygopffq/Build/Products/Debug-iphonesimulator/MyScriptInteractiveInk-Runtime/MyScriptInteractiveInk_Runtime.modulemap' not found
fatal error: module map file '/Users/andrewallen/Library/Developer/Xcode/DerivedData/InkOS-hihmbestuurshsgyovxqmygopffq/Build/Products/Debug-iphonesimulator/MyScriptInteractiveInk-Runtime/MyScriptInteractiveInk_Runtime.modulemap' not found
fatal error: module map file '/Users/andrewallen/Library/Developer/Xcode/DerivedData/InkOS-hihmbestuurshsgyovxqmygopffq/Build/Products/Debug-iphonesimulator/MyScriptInteractiveInk-Runtime/MyScriptInteractiveInk_Runtime.modulemap' not found
fatal error: module map file '/Users/andrewallen/Library/Developer/Xcode/DerivedData/InkOS-hihmbestuurshsgyovxqmygopffq/Build/Products/Debug-iphonesimulator/MyScriptInteractiveInk-Runtime/MyScriptInteractiveInk_Runtime.modulemap' not found
fatal error: module map file '/Users/andrewallen/Library/Developer/Xcode/DerivedData/InkOS-hihmbestuurshsgyovxqmygopffq/Build/Products/Debug-iphonesimulator/MyScriptInteractiveInk-Runtime/MyScriptInteractiveInk_Runtime.modulemap' not found
fatal error: module map file '/Users/andrewallen/Library/Developer/Xcode/DerivedData/InkOS-hihmbestuurshsgyovxqmygopffq/Build/Products/Debug-iphonesimulator/MyScriptInteractiveInk-Runtime/MyScriptInteractiveInk_Runtime.modulemap' not found
fatal error: module map file '/Users/andrewallen/Library/Developer/Xcode/DerivedData/InkOS-hihmbestuurshsgyovxqmygopffq/Build/Products/Debug-iphonesimulator/MyScriptInteractiveInk-Runtime/MyScriptInteractiveInk_Runtime.modulemap' not found
fatal error: module map file '/Users/andrewallen/Library/Developer/Xcode/DerivedData/InkOS-hihmbestuurshsgyovxqmygopffq/Build/Products/Debug-iphonesimulator/MyScriptInteractiveInk-Runtime/MyScriptInteractiveInk_Runtime.modulemap' not found
fatal error: module map file '/Users/andrewallen/Library/Developer/Xcode/DerivedData/InkOS-hihmbestuurshsgyovxqmygopffq/Build/Products/Debug-iphonesimulator/MyScriptInteractiveInk-Runtime/MyScriptInteractiveInk_Runtime.modulemap' not found
fatal error: module map file '/Users/andrewallen/Library/Developer/Xcode/DerivedData/InkOS-hihmbestuurshsgyovxqmygopffq/Build/Products/Debug-iphonesimulator/MyScriptInteractiveInk-Runtime/MyScriptInteractiveInk_Runtime.modulemap' not found
fatal error: module map file '/Users/andrewallen/Library/Developer/Xcode/DerivedData/InkOS-hihmbestuurshsgyovxqmygopffq/Build/Products/Debug-iphonesimulator/MyScriptInteractiveInk-Runtime/MyScriptInteractiveInk_Runtime.modulemap' not found
fatal error: module map file '/Users/andrewallen/Library/Developer/Xcode/DerivedData/InkOS-hihmbestuurshsgyovxqmygopffq/Build/Products/Debug-iphonesimulator/MyScriptInteractiveInk-Runtime/MyScriptInteractiveInk_Runtime.modulemap' not found
fatal error: module map file '/Users/andrewallen/Library/Developer/Xcode/DerivedData/InkOS-hihmbestuurshsgyovxqmygopffq/Build/Products/Debug-iphonesimulator/MyScriptInteractiveInk-Runtime/MyScriptInteractiveInk_Runtime.modulemap' not found

error: Clang dependency scanner failure: fatal error: module map file '/Users/andrewallen/Library/Developer/Xcode/DerivedData/InkOS-hihmbestuurshsgyovxqmygopffq/Build/Products/Debug-iphonesimulator/MyScriptInteractiveInk-Runtime/MyScriptInteractiveInk_Runtime.modulemap' not found
fatal error: module map file '/Users/andrewallen/Library/Developer/Xcode/DerivedData/InkOS-hihmbestuurshsgyovxqmygopffq/Build/Products/Debug-iphonesimulator/MyScriptInteractiveInk-Runtime/MyScriptInteractiveInk_Runtime.modulemap' not found
fatal error: module map file '/Users/andrewallen/Library/Developer/Xcode/DerivedData/InkOS-hihmbestuurshsgyovxqmygopffq/Build/Products/Debug-iphonesimulator/MyScriptInteractiveInk-Runtime/MyScriptInteractiveInk_Runtime.modulemap' not found
fatal error: module map file '/Users/andrewallen/Library/Developer/Xcode/DerivedData/InkOS-hihmbestuurshsgyovxqmygopffq/Build/Products/Debug-iphonesimulator/MyScriptInteractiveInk-Runtime/MyScriptInteractiveInk_Runtime.modulemap' not found
fatal error: module map file '/Users/andrewallen/Library/Developer/Xcode/DerivedData/InkOS-hihmbestuurshsgyovxqmygopffq/Build/Products/Debug-iphonesimulator/MyScriptInteractiveInk-Runtime/MyScriptInteractiveInk_Runtime.modulemap' not found
fatal error: module map file '/Users/andrewallen/Library/Developer/Xcode/DerivedData/InkOS-hihmbestuurshsgyovxqmygopffq/Build/Products/Debug-iphonesimulator/MyScriptInteractiveInk-Runtime/MyScriptInteractiveInk_Runtime.modulemap' not found
fatal error: module map file '/Users/andrewallen/Library/Developer/Xcode/DerivedData/InkOS-hihmbestuurshsgyovxqmygopffq/Build/Products/Debug-iphonesimulator/MyScriptInteractiveInk-Runtime/MyScriptInteractiveInk_Runtime.modulemap' not found
fatal error: module map file '/Users/andrewallen/Library/Developer/Xcode/DerivedData/InkOS-hihmbestuurshsgyovxqmygopffq/Build/Products/Debug-iphonesimulator/MyScriptInteractiveInk-Runtime/MyScriptInteractiveInk_Runtime.modulemap' not found
fatal error: module map file '/Users/andrewallen/Library/Developer/Xcode/DerivedData/InkOS-hihmbestuurshsgyovxqmygopffq/Build/Products/Debug-iphonesimulator/MyScriptInteractiveInk-Runtime/MyScriptInteractiveInk_Runtime.modulemap' not found
fatal error: module map file '/Users/andrewallen/Library/Developer/Xcode/DerivedData/InkOS-hihmbestuurshsgyovxqmygopffq/Build/Products/Debug-iphonesimulator/MyScriptInteractiveInk-Runtime/MyScriptInteractiveInk_Runtime.modulemap' not found
fatal error: module map file '/Users/andrewallen/Library/Developer/Xcode/DerivedData/InkOS-hihmbestuurshsgyovxqmygopffq/Build/Products/Debug-iphonesimulator/MyScriptInteractiveInk-Runtime/MyScriptInteractiveInk_Runtime.modulemap' not found
fatal error: module map file '/Users/andrewallen/Library/Developer/Xcode/DerivedData/InkOS-hihmbestuurshsgyovxqmygopffq/Build/Products/Debug-iphonesimulator/MyScriptInteractiveInk-Runtime/MyScriptInteractiveInk_Runtime.modulemap' not found
fatal error: module map file '/Users/andrewallen/Library/Developer/Xcode/DerivedData/InkOS-hihmbestuurshsgyovxqmygopffq/Build/Products/Debug-iphonesimulator/MyScriptInteractiveInk-Runtime/MyScriptInteractiveInk_Runtime.modulemap' not found
fatal error: module map file '/Users/andrewallen/Library/Developer/Xcode/DerivedData/InkOS-hihmbestuurshsgyovxqmygopffq/Build/Products/Debug-iphonesimulator/MyScriptInteractiveInk-Runtime/MyScriptInteractiveInk_Runtime.modulemap' not found
fatal error: module map file '/Users/andrewallen/Library/Developer/Xcode/DerivedData/InkOS-hihmbestuurshsgyovxqmygopffq/Build/Products/Debug-iphonesimulator/MyScriptInteractiveInk-Runtime/MyScriptInteractiveInk_Runtime.modulemap' not found
fatal error: module map file '/Users/andrewallen/Library/Developer/Xcode/DerivedData/InkOS-hihmbestuurshsgyovxqmygopffq/Build/Products/Debug-iphonesimulator/MyScriptInteractiveInk-Runtime/MyScriptInteractiveInk_Runtime.modulemap' not found
fatal error: module map file '/Users/andrewallen/Library/Developer/Xcode/DerivedData/InkOS-hihmbestuurshsgyovxqmygopffq/Build/Products/Debug-iphonesimulator/MyScriptInteractiveInk-Runtime/MyScriptInteractiveInk_Runtime.modulemap' not found
fatal error: module map file '/Users/andrewallen/Library/Developer/Xcode/DerivedData/InkOS-hihmbestuurshsgyovxqmygopffq/Build/Products/Debug-iphonesimulator/MyScriptInteractiveInk-Runtime/MyScriptInteractiveInk_Runtime.modulemap' not found
fatal error: module map file '/Users/andrewallen/Library/Developer/Xcode/DerivedData/InkOS-hihmbestuurshsgyovxqmygopffq/Build/Products/Debug-iphonesimulator/MyScriptInteractiveInk-Runtime/MyScriptInteractiveInk_Runtime.modulemap' not found
fatal error: module map file '/Users/andrewallen/Library/Developer/Xcode/DerivedData/InkOS-hihmbestuurshsgyovxqmygopffq/Build/Products/Debug-iphonesimulator/MyScriptInteractiveInk-Runtime/MyScriptInteractiveInk_Runtime.modulemap' not found
fatal error: module map file '/Users/andrewallen/Library/Developer/Xcode/DerivedData/InkOS-hihmbestuurshsgyovxqmygopffq/Build/Products/Debug-iphonesimulator/MyScriptInteractiveInk-Runtime/MyScriptInteractiveInk_Runtime.modulemap' not found
fatal error: module map file '/Users/andrewallen/Library/Developer/Xcode/DerivedData/InkOS-hihmbestuurshsgyovxqmygopffq/Build/Products/Debug-iphonesimulator/MyScriptInteractiveInk-Runtime/MyScriptInteractiveInk_Runtime.modulemap' not found
fatal error: module map file '/Users/andrewallen/Library/Developer/Xcode/DerivedData/InkOS-hihmbestuurshsgyovxqmygopffq/Build/Products/Debug-iphonesimulator/MyScriptInteractiveInk-Runtime/MyScriptInteractiveInk_Runtime.modulemap' not found
fatal error: module map file '/Users/andrewallen/Library/Developer/Xcode/DerivedData/InkOS-hihmbestuurshsgyovxqmygopffq/Build/Products/Debug-iphonesimulator/MyScriptInteractiveInk-Runtime/MyScriptInteractiveInk_Runtime.modulemap' not found
fatal error: module map file '/Users/andrewallen/Library/Developer/Xcode/DerivedData/InkOS-hihmbestuurshsgyovxqmygopffq/Build/Products/Debug-iphonesimulator/MyScriptInteractiveInk-Runtime/MyScriptInteractiveInk_Runtime.modulemap' not found
fatal error: module map file '/Users/andrewallen/Library/Developer/Xcode/DerivedData/InkOS-hihmbestuurshsgyovxqmygopffq/Build/Products/Debug-iphonesimulator/MyScriptInteractiveInk-Runtime/MyScriptInteractiveInk_Runtime.modulemap' not found
fatal error: module map file '/Users/andrewallen/Library/Developer/Xcode/DerivedData/InkOS-hihmbestuurshsgyovxqmygopffq/Build/Products/Debug-iphonesimulator/MyScriptInteractiveInk-Runtime/MyScriptInteractiveInk_Runtime.modulemap' not found
fatal error: module map file '/Users/andrewallen/Library/Developer/Xcode/DerivedData/InkOS-hihmbestuurshsgyovxqmygopffq/Build/Products/Debug-iphonesimulator/MyScriptInteractiveInk-Runtime/MyScriptInteractiveInk_Runtime.modulemap' not found
fatal error: module map file '/Users/andrewallen/Library/Developer/Xcode/DerivedData/InkOS-hihmbestuurshsgyovxqmygopffq/Build/Products/Debug-iphonesimulator/MyScriptInteractiveInk-Runtime/MyScriptInteractiveInk_Runtime.modulemap' not found
fatal error: module map file '/Users/andrewallen/Library/Developer/Xcode/DerivedData/InkOS-hihmbestuurshsgyovxqmygopffq/Build/Products/Debug-iphonesimulator/MyScriptInteractiveInk-Runtime/MyScriptInteractiveInk_Runtime.modulemap' not found
fatal error: module map file '/Users/andrewallen/Library/Developer/Xcode/DerivedData/InkOS-hihmbestuurshsgyovxqmygopffq/Build/Products/Debug-iphonesimulator/MyScriptInteractiveInk-Runtime/MyScriptInteractiveInk_Runtime.modulemap' not found
fatal error: module map file '/Users/andrewallen/Library/Developer/Xcode/DerivedData/InkOS-hihmbestuurshsgyovxqmygopffq/Build/Products/Debug-iphonesimulator/MyScriptInteractiveInk-Runtime/MyScriptInteractiveInk_Runtime.modulemap' not found

error: Clang dependency scanner failure: fatal error: module map file '/Users/andrewallen/Library/Developer/Xcode/DerivedData/InkOS-hihmbestuurshsgyovxqmygopffq/Build/Products/Debug-iphonesimulator/MyScriptInteractiveInk-Runtime/MyScriptInteractiveInk_Runtime.modulemap' not found
fatal error: module map file '/Users/andrewallen/Library/Developer/Xcode/DerivedData/InkOS-hihmbestuurshsgyovxqmygopffq/Build/Products/Debug-iphonesimulator/MyScriptInteractiveInk-Runtime/MyScriptInteractiveInk_Runtime.modulemap' not found
fatal error: module map file '/Users/andrewallen/Library/Developer/Xcode/DerivedData/InkOS-hihmbestuurshsgyovxqmygopffq/Build/Products/Debug-iphonesimulator/MyScriptInteractiveInk-Runtime/MyScriptInteractiveInk_Runtime.modulemap' not found
fatal error: module map file '/Users/andrewallen/Library/Developer/Xcode/DerivedData/InkOS-hihmbestuurshsgyovxqmygopffq/Build/Products/Debug-iphonesimulator/MyScriptInteractiveInk-Runtime/MyScriptInteractiveInk_Runtime.modulemap' not found
fatal error: module map file '/Users/andrewallen/Library/Developer/Xcode/DerivedData/InkOS-hihmbestuurshsgyovxqmygopffq/Build/Products/Debug-iphonesimulator/MyScriptInteractiveInk-Runtime/MyScriptInteractiveInk_Runtime.modulemap' not found
fatal error: module map file '/Users/andrewallen/Library/Developer/Xcode/DerivedData/InkOS-hihmbestuurshsgyovxqmygopffq/Build/Products/Debug-iphonesimulator/MyScriptInteractiveInk-Runtime/MyScriptInteractiveInk_Runtime.modulemap' not found
fatal error: module map file '/Users/andrewallen/Library/Developer/Xcode/DerivedData/InkOS-hihmbestuurshsgyovxqmygopffq/Build/Products/Debug-iphonesimulator/MyScriptInteractiveInk-Runtime/MyScriptInteractiveInk_Runtime.modulemap' not found
fatal error: module map file '/Users/andrewallen/Library/Developer/Xcode/DerivedData/InkOS-hihmbestuurshsgyovxqmygopffq/Build/Products/Debug-iphonesimulator/MyScriptInteractiveInk-Runtime/MyScriptInteractiveInk_Runtime.modulemap' not found

error: Clang dependency scanner failure: fatal error: module map file '/Users/andrewallen/Library/Developer/Xcode/DerivedData/InkOS-hihmbestuurshsgyovxqmygopffq/Build/Products/Debug-iphonesimulator/MyScriptInteractiveInk-Runtime/MyScriptInteractiveInk_Runtime.modulemap' not found
fatal error: module map file '/Users/andrewallen/Library/Developer/Xcode/DerivedData/InkOS-hihmbestuurshsgyovxqmygopffq/Build/Products/Debug-iphonesimulator/MyScriptInteractiveInk-Runtime/MyScriptInteractiveInk_Runtime.modulemap' not found
fatal error: module map file '/Users/andrewallen/Library/Developer/Xcode/DerivedData/InkOS-hihmbestuurshsgyovxqmygopffq/Build/Products/Debug-iphonesimulator/MyScriptInteractiveInk-Runtime/MyScriptInteractiveInk_Runtime.modulemap' not found
fatal error: module map file '/Users/andrewallen/Library/Developer/Xcode/DerivedData/InkOS-hihmbestuurshsgyovxqmygopffq/Build/Products/Debug-iphonesimulator/MyScriptInteractiveInk-Runtime/MyScriptInteractiveInk_Runtime.modulemap' not found
fatal error: module map file '/Users/andrewallen/Library/Developer/Xcode/DerivedData/InkOS-hihmbestuurshsgyovxqmygopffq/Build/Products/Debug-iphonesimulator/MyScriptInteractiveInk-Runtime/MyScriptInteractiveInk_Runtime.modulemap' not found
fatal error: module map file '/Users/andrewallen/Library/Developer/Xcode/DerivedData/InkOS-hihmbestuurshsgyovxqmygopffq/Build/Products/Debug-iphonesimulator/MyScriptInteractiveInk-Runtime/MyScriptInteractiveInk_Runtime.modulemap' not found
fatal error: module map file '/Users/andrewallen/Library/Developer/Xcode/DerivedData/InkOS-hihmbestuurshsgyovxqmygopffq/Build/Products/Debug-iphonesimulator/MyScriptInteractiveInk-Runtime/MyScriptInteractiveInk_Runtime.modulemap' not found
fatal error: module map file '/Users/andrewallen/Library/Developer/Xcode/DerivedData/InkOS-hihmbestuurshsgyovxqmygopffq/Build/Products/Debug-iphonesimulator/MyScriptInteractiveInk-Runtime/MyScriptInteractiveInk_Runtime.modulemap' not found
fatal error: module map file '/Users/andrewallen/Library/Developer/Xcode/DerivedData/InkOS-hihmbestuurshsgyovxqmygopffq/Build/Products/Debug-iphonesimulator/MyScriptInteractiveInk-Runtime/MyScriptInteractiveInk_Runtime.modulemap' not found
fatal error: module map file '/Users/andrewallen/Library/Developer/Xcode/DerivedData/InkOS-hihmbestuurshsgyovxqmygopffq/Build/Products/Debug-iphonesimulator/MyScriptInteractiveInk-Runtime/MyScriptInteractiveInk_Runtime.modulemap' not found
fatal error: module map file '/Users/andrewallen/Library/Developer/Xcode/DerivedData/InkOS-hihmbestuurshsgyovxqmygopffq/Build/Products/Debug-iphonesimulator/MyScriptInteractiveInk-Runtime/MyScriptInteractiveInk_Runtime.modulemap' not found
fatal error: module map file '/Users/andrewallen/Library/Developer/Xcode/DerivedData/InkOS-hihmbestuurshsgyovxqmygopffq/Build/Products/Debug-iphonesimulator/MyScriptInteractiveInk-Runtime/MyScriptInteractiveInk_Runtime.modulemap' not found
fatal error: module map file '/Users/andrewallen/Library/Developer/Xcode/DerivedData/InkOS-hihmbestuurshsgyovxqmygopffq/Build/Products/Debug-iphonesimulator/MyScriptInteractiveInk-Runtime/MyScriptInteractiveInk_Runtime.modulemap' not found
fatal error: module map file '/Users/andrewallen/Library/Developer/Xcode/DerivedData/InkOS-hihmbestuurshsgyovxqmygopffq/Build/Products/Debug-iphonesimulator/MyScriptInteractiveInk-Runtime/MyScriptInteractiveInk_Runtime.modulemap' not found
fatal error: module map file '/Users/andrewallen/Library/Developer/Xcode/DerivedData/InkOS-hihmbestuurshsgyovxqmygopffq/Build/Products/Debug-iphonesimulator/MyScriptInteractiveInk-Runtime/MyScriptInteractiveInk_Runtime.modulemap' not found
fatal error: module map file '/Users/andrewallen/Library/Developer/Xcode/DerivedData/InkOS-hihmbestuurshsgyovxqmygopffq/Build/Products/Debug-iphonesimulator/MyScriptInteractiveInk-Runtime/MyScriptInteractiveInk_Runtime.modulemap' not found
fatal error: module map file '/Users/andrewallen/Library/Developer/Xcode/DerivedData/InkOS-hihmbestuurshsgyovxqmygopffq/Build/Products/Debug-iphonesimulator/MyScriptInteractiveInk-Runtime/MyScriptInteractiveInk_Runtime.modulemap' not found
fatal error: module map file '/Users/andrewallen/Library/Developer/Xcode/DerivedData/InkOS-hihmbestuurshsgyovxqmygopffq/Build/Products/Debug-iphonesimulator/MyScriptInteractiveInk-Runtime/MyScriptInteractiveInk_Runtime.modulemap' not found
fatal error: module map file '/Users/andrewallen/Library/Developer/Xcode/DerivedData/InkOS-hihmbestuurshsgyovxqmygopffq/Build/Products/Debug-iphonesimulator/MyScriptInteractiveInk-Runtime/MyScriptInteractiveInk_Runtime.modulemap' not found
fatal error: module map file '/Users/andrewallen/Library/Developer/Xcode/DerivedData/InkOS-hihmbestuurshsgyovxqmygopffq/Build/Products/Debug-iphonesimulator/MyScriptInteractiveInk-Runtime/MyScriptInteractiveInk_Runtime.modulemap' not found
fatal error: module map file '/Users/andrewallen/Library/Developer/Xcode/DerivedData/InkOS-hihmbestuurshsgyovxqmygopffq/Build/Products/Debug-iphonesimulator/MyScriptInteractiveInk-Runtime/MyScriptInteractiveInk_Runtime.modulemap' not found

error: Clang dependency scanner failure: fatal error: module map file '/Users/andrewallen/Library/Developer/Xcode/DerivedData/InkOS-hihmbestuurshsgyovxqmygopffq/Build/Products/Debug-iphonesimulator/MyScriptInteractiveInk-Runtime/MyScriptInteractiveInk_Runtime.modulemap' not found
fatal error: module map file '/Users/andrewallen/Library/Developer/Xcode/DerivedData/InkOS-hihmbestuurshsgyovxqmygopffq/Build/Products/Debug-iphonesimulator/MyScriptInteractiveInk-Runtime/MyScriptInteractiveInk_Runtime.modulemap' not found
fatal error: module map file '/Users/andrewallen/Library/Developer/Xcode/DerivedData/InkOS-hihmbestuurshsgyovxqmygopffq/Build/Products/Debug-iphonesimulator/MyScriptInteractiveInk-Runtime/MyScriptInteractiveInk_Runtime.modulemap' not found
fatal error: module map file '/Users/andrewallen/Library/Developer/Xcode/DerivedData/InkOS-hihmbestuurshsgyovxqmygopffq/Build/Products/Debug-iphonesimulator/MyScriptInteractiveInk-Runtime/MyScriptInteractiveInk_Runtime.modulemap' not found
fatal error: module map file '/Users/andrewallen/Library/Developer/Xcode/DerivedData/InkOS-hihmbestuurshsgyovxqmygopffq/Build/Products/Debug-iphonesimulator/MyScriptInteractiveInk-Runtime/MyScriptInteractiveInk_Runtime.modulemap' not found
fatal error: module map file '/Users/andrewallen/Library/Developer/Xcode/DerivedData/InkOS-hihmbestuurshsgyovxqmygopffq/Build/Products/Debug-iphonesimulator/MyScriptInteractiveInk-Runtime/MyScriptInteractiveInk_Runtime.modulemap' not found
fatal error: module map file '/Users/andrewallen/Library/Developer/Xcode/DerivedData/InkOS-hihmbestuurshsgyovxqmygopffq/Build/Products/Debug-iphonesimulator/MyScriptInteractiveInk-Runtime/MyScriptInteractiveInk_Runtime.modulemap' not found
fatal error: module map file '/Users/andrewallen/Library/Developer/Xcode/DerivedData/InkOS-hihmbestuurshsgyovxqmygopffq/Build/Products/Debug-iphonesimulator/MyScriptInteractiveInk-Runtime/MyScriptInteractiveInk_Runtime.modulemap' not found
fatal error: module map file '/Users/andrewallen/Library/Developer/Xcode/DerivedData/InkOS-hihmbestuurshsgyovxqmygopffq/Build/Products/Debug-iphonesimulator/MyScriptInteractiveInk-Runtime/MyScriptInteractiveInk_Runtime.modulemap' not found
fatal error: module map file '/Users/andrewallen/Library/Developer/Xcode/DerivedData/InkOS-hihmbestuurshsgyovxqmygopffq/Build/Products/Debug-iphonesimulator/MyScriptInteractiveInk-Runtime/MyScriptInteractiveInk_Runtime.modulemap' not found
fatal error: module map file '/Users/andrewallen/Library/Developer/Xcode/DerivedData/InkOS-hihmbestuurshsgyovxqmygopffq/Build/Products/Debug-iphonesimulator/MyScriptInteractiveInk-Runtime/MyScriptInteractiveInk_Runtime.modulemap' not found
fatal error: module map file '/Users/andrewallen/Library/Developer/Xcode/DerivedData/InkOS-hihmbestuurshsgyovxqmygopffq/Build/Products/Debug-iphonesimulator/MyScriptInteractiveInk-Runtime/MyScriptInteractiveInk_Runtime.modulemap' not found
fatal error: module map file '/Users/andrewallen/Library/Developer/Xcode/DerivedData/InkOS-hihmbestuurshsgyovxqmygopffq/Build/Products/Debug-iphonesimulator/MyScriptInteractiveInk-Runtime/MyScriptInteractiveInk_Runtime.modulemap' not found
fatal error: module map file '/Users/andrewallen/Library/Developer/Xcode/DerivedData/InkOS-hihmbestuurshsgyovxqmygopffq/Build/Products/Debug-iphonesimulator/MyScriptInteractiveInk-Runtime/MyScriptInteractiveInk_Runtime.modulemap' not found
fatal error: module map file '/Users/andrewallen/Library/Developer/Xcode/DerivedData/InkOS-hihmbestuurshsgyovxqmygopffq/Build/Products/Debug-iphonesimulator/MyScriptInteractiveInk-Runtime/MyScriptInteractiveInk_Runtime.modulemap' not found
fatal error: module map file '/Users/andrewallen/Library/Developer/Xcode/DerivedData/InkOS-hihmbestuurshsgyovxqmygopffq/Build/Products/Debug-iphonesimulator/MyScriptInteractiveInk-Runtime/MyScriptInteractiveInk_Runtime.modulemap' not found
fatal error: module map file '/Users/andrewallen/Library/Developer/Xcode/DerivedData/InkOS-hihmbestuurshsgyovxqmygopffq/Build/Products/Debug-iphonesimulator/MyScriptInteractiveInk-Runtime/MyScriptInteractiveInk_Runtime.modulemap' not found
fatal error: module map file '/Users/andrewallen/Library/Developer/Xcode/DerivedData/InkOS-hihmbestuurshsgyovxqmygopffq/Build/Products/Debug-iphonesimulator/MyScriptInteractiveInk-Runtime/MyScriptInteractiveInk_Runtime.modulemap' not found
fatal error: module map file '/Users/andrewallen/Library/Developer/Xcode/DerivedData/InkOS-hihmbestuurshsgyovxqmygopffq/Build/Products/Debug-iphonesimulator/MyScriptInteractiveInk-Runtime/MyScriptInteractiveInk_Runtime.modulemap' not found
fatal error: module map file '/Users/andrewallen/Library/Developer/Xcode/DerivedData/InkOS-hihmbestuurshsgyovxqmygopffq/Build/Products/Debug-iphonesimulator/MyScriptInteractiveInk-Runtime/MyScriptInteractiveInk_Runtime.modulemap' not found
fatal error: module map file '/Users/andrewallen/Library/Developer/Xcode/DerivedData/InkOS-hihmbestuurshsgyovxqmygopffq/Build/Products/Debug-iphonesimulator/MyScriptInteractiveInk-Runtime/MyScriptInteractiveInk_Runtime.modulemap' not found
fatal error: module map file '/Users/andrewallen/Library/Developer/Xcode/DerivedData/InkOS-hihmbestuurshsgyovxqmygopffq/Build/Products/Debug-iphonesimulator/MyScriptInteractiveInk-Runtime/MyScriptInteractiveInk_Runtime.modulemap' not found
fatal error: module map file '/Users/andrewallen/Library/Developer/Xcode/DerivedData/InkOS-hihmbestuurshsgyovxqmygopffq/Build/Products/Debug-iphonesimulator/MyScriptInteractiveInk-Runtime/MyScriptInteractiveInk_Runtime.modulemap' not found
fatal error: module map file '/Users/andrewallen/Library/Developer/Xcode/DerivedData/InkOS-hihmbestuurshsgyovxqmygopffq/Build/Products/Debug-iphonesimulator/MyScriptInteractiveInk-Runtime/MyScriptInteractiveInk_Runtime.modulemap' not found
fatal error: module map file '/Users/andrewallen/Library/Developer/Xcode/DerivedData/InkOS-hihmbestuurshsgyovxqmygopffq/Build/Products/Debug-iphonesimulator/MyScriptInteractiveInk-Runtime/MyScriptInteractiveInk_Runtime.modulemap' not found

error: Clang dependency scanner failure: fatal error: module map file '/Users/andrewallen/Library/Developer/Xcode/DerivedData/InkOS-hihmbestuurshsgyovxqmygopffq/Build/Products/Debug-iphonesimulator/MyScriptInteractiveInk-Runtime/MyScriptInteractiveInk_Runtime.modulemap' not found
fatal error: module map file '/Users/andrewallen/Library/Developer/Xcode/DerivedData/InkOS-hihmbestuurshsgyovxqmygopffq/Build/Products/Debug-iphonesimulator/MyScriptInteractiveInk-Runtime/MyScriptInteractiveInk_Runtime.modulemap' not found
fatal error: module map file '/Users/andrewallen/Library/Developer/Xcode/DerivedData/InkOS-hihmbestuurshsgyovxqmygopffq/Build/Products/Debug-iphonesimulator/MyScriptInteractiveInk-Runtime/MyScriptInteractiveInk_Runtime.modulemap' not found
fatal error: module map file '/Users/andrewallen/Library/Developer/Xcode/DerivedData/InkOS-hihmbestuurshsgyovxqmygopffq/Build/Products/Debug-iphonesimulator/MyScriptInteractiveInk-Runtime/MyScriptInteractiveInk_Runtime.modulemap' not found
fatal error: module map file '/Users/andrewallen/Library/Developer/Xcode/DerivedData/InkOS-hihmbestuurshsgyovxqmygopffq/Build/Products/Debug-iphonesimulator/MyScriptInteractiveInk-Runtime/MyScriptInteractiveInk_Runtime.modulemap' not found
fatal error: module map file '/Users/andrewallen/Library/Developer/Xcode/DerivedData/InkOS-hihmbestuurshsgyovxqmygopffq/Build/Products/Debug-iphonesimulator/MyScriptInteractiveInk-Runtime/MyScriptInteractiveInk_Runtime.modulemap' not found
fatal error: module map file '/Users/andrewallen/Library/Developer/Xcode/DerivedData/InkOS-hihmbestuurshsgyovxqmygopffq/Build/Products/Debug-iphonesimulator/MyScriptInteractiveInk-Runtime/MyScriptInteractiveInk_Runtime.modulemap' not found
fatal error: module map file '/Users/andrewallen/Library/Developer/Xcode/DerivedData/InkOS-hihmbestuurshsgyovxqmygopffq/Build/Products/Debug-iphonesimulator/MyScriptInteractiveInk-Runtime/MyScriptInteractiveInk_Runtime.modulemap' not found
fatal error: module map file '/Users/andrewallen/Library/Developer/Xcode/DerivedData/InkOS-hihmbestuurshsgyovxqmygopffq/Build/Products/Debug-iphonesimulator/MyScriptInteractiveInk-Runtime/MyScriptInteractiveInk_Runtime.modulemap' not found

error: Clang dependency scanner failure: fatal error: module map file '/Users/andrewallen/Library/Developer/Xcode/DerivedData/InkOS-hihmbestuurshsgyovxqmygopffq/Build/Products/Debug-iphonesimulator/MyScriptInteractiveInk-Runtime/MyScriptInteractiveInk_Runtime.modulemap' not found
fatal error: module map file '/Users/andrewallen/Library/Developer/Xcode/DerivedData/InkOS-hihmbestuurshsgyovxqmygopffq/Build/Products/Debug-iphonesimulator/MyScriptInteractiveInk-Runtime/MyScriptInteractiveInk_Runtime.modulemap' not found
fatal error: module map file '/Users/andrewallen/Library/Developer/Xcode/DerivedData/InkOS-hihmbestuurshsgyovxqmygopffq/Build/Products/Debug-iphonesimulator/MyScriptInteractiveInk-Runtime/MyScriptInteractiveInk_Runtime.modulemap' not found
fatal error: module map file '/Users/andrewallen/Library/Developer/Xcode/DerivedData/InkOS-hihmbestuurshsgyovxqmygopffq/Build/Products/Debug-iphonesimulator/MyScriptInteractiveInk-Runtime/MyScriptInteractiveInk_Runtime.modulemap' not found
fatal error: module map file '/Users/andrewallen/Library/Developer/Xcode/DerivedData/InkOS-hihmbestuurshsgyovxqmygopffq/Build/Products/Debug-iphonesimulator/MyScriptInteractiveInk-Runtime/MyScriptInteractiveInk_Runtime.modulemap' not found
fatal error: module map file '/Users/andrewallen/Library/Developer/Xcode/DerivedData/InkOS-hihmbestuurshsgyovxqmygopffq/Build/Products/Debug-iphonesimulator/MyScriptInteractiveInk-Runtime/MyScriptInteractiveInk_Runtime.modulemap' not found
fatal error: module map file '/Users/andrewallen/Library/Developer/Xcode/DerivedData/InkOS-hihmbestuurshsgyovxqmygopffq/Build/Products/Debug-iphonesimulator/MyScriptInteractiveInk-Runtime/MyScriptInteractiveInk_Runtime.modulemap' not found
fatal error: module map file '/Users/andrewallen/Library/Developer/Xcode/DerivedData/InkOS-hihmbestuurshsgyovxqmygopffq/Build/Products/Debug-iphonesimulator/MyScriptInteractiveInk-Runtime/MyScriptInteractiveInk_Runtime.modulemap' not found
fatal error: module map file '/Users/andrewallen/Library/Developer/Xcode/DerivedData/InkOS-hihmbestuurshsgyovxqmygopffq/Build/Products/Debug-iphonesimulator/MyScriptInteractiveInk-Runtime/MyScriptInteractiveInk_Runtime.modulemap' not found
fatal error: module map file '/Users/andrewallen/Library/Developer/Xcode/DerivedData/InkOS-hihmbestuurshsgyovxqmygopffq/Build/Products/Debug-iphonesimulator/MyScriptInteractiveInk-Runtime/MyScriptInteractiveInk_Runtime.modulemap' not found
fatal error: module map file '/Users/andrewallen/Library/Developer/Xcode/DerivedData/InkOS-hihmbestuurshsgyovxqmygopffq/Build/Products/Debug-iphonesimulator/MyScriptInteractiveInk-Runtime/MyScriptInteractiveInk_Runtime.modulemap' not found
fatal error: module map file '/Users/andrewallen/Library/Developer/Xcode/DerivedData/InkOS-hihmbestuurshsgyovxqmygopffq/Build/Products/Debug-iphonesimulator/MyScriptInteractiveInk-Runtime/MyScriptInteractiveInk_Runtime.modulemap' not found
fatal error: module map file '/Users/andrewallen/Library/Developer/Xcode/DerivedData/InkOS-hihmbestuurshsgyovxqmygopffq/Build/Products/Debug-iphonesimulator/MyScriptInteractiveInk-Runtime/MyScriptInteractiveInk_Runtime.modulemap' not found
fatal error: module map file '/Users/andrewallen/Library/Developer/Xcode/DerivedData/InkOS-hihmbestuurshsgyovxqmygopffq/Build/Products/Debug-iphonesimulator/MyScriptInteractiveInk-Runtime/MyScriptInteractiveInk_Runtime.modulemap' not found
fatal error: module map file '/Users/andrewallen/Library/Developer/Xcode/DerivedData/InkOS-hihmbestuurshsgyovxqmygopffq/Build/Products/Debug-iphonesimulator/MyScriptInteractiveInk-Runtime/MyScriptInteractiveInk_Runtime.modulemap' not found
fatal error: module map file '/Users/andrewallen/Library/Developer/Xcode/DerivedData/InkOS-hihmbestuurshsgyovxqmygopffq/Build/Products/Debug-iphonesimulator/MyScriptInteractiveInk-Runtime/MyScriptInteractiveInk_Runtime.modulemap' not found
fatal error: module map file '/Users/andrewallen/Library/Developer/Xcode/DerivedData/InkOS-hihmbestuurshsgyovxqmygopffq/Build/Products/Debug-iphonesimulator/MyScriptInteractiveInk-Runtime/MyScriptInteractiveInk_Runtime.modulemap' not found
fatal error: module map file '/Users/andrewallen/Library/Developer/Xcode/DerivedData/InkOS-hihmbestuurshsgyovxqmygopffq/Build/Products/Debug-iphonesimulator/MyScriptInteractiveInk-Runtime/MyScriptInteractiveInk_Runtime.modulemap' not found
fatal error: module map file '/Users/andrewallen/Library/Developer/Xcode/DerivedData/InkOS-hihmbestuurshsgyovxqmygopffq/Build/Products/Debug-iphonesimulator/MyScriptInteractiveInk-Runtime/MyScriptInteractiveInk_Runtime.modulemap' not found
fatal error: module map file '/Users/andrewallen/Library/Developer/Xcode/DerivedData/InkOS-hihmbestuurshsgyovxqmygopffq/Build/Products/Debug-iphonesimulator/MyScriptInteractiveInk-Runtime/MyScriptInteractiveInk_Runtime.modulemap' not found
fatal error: module map file '/Users/andrewallen/Library/Developer/Xcode/DerivedData/InkOS-hihmbestuurshsgyovxqmygopffq/Build/Products/Debug-iphonesimulator/MyScriptInteractiveInk-Runtime/MyScriptInteractiveInk_Runtime.modulemap' not found
fatal error: module map file '/Users/andrewallen/Library/Developer/Xcode/DerivedData/InkOS-hihmbestuurshsgyovxqmygopffq/Build/Products/Debug-iphonesimulator/MyScriptInteractiveInk-Runtime/MyScriptInteractiveInk_Runtime.modulemap' not found
fatal error: module map file '/Users/andrewallen/Library/Developer/Xcode/DerivedData/InkOS-hihmbestuurshsgyovxqmygopffq/Build/Products/Debug-iphonesimulator/MyScriptInteractiveInk-Runtime/MyScriptInteractiveInk_Runtime.modulemap' not found
fatal error: module map file '/Users/andrewallen/Library/Developer/Xcode/DerivedData/InkOS-hihmbestuurshsgyovxqmygopffq/Build/Products/Debug-iphonesimulator/MyScriptInteractiveInk-Runtime/MyScriptInteractiveInk_Runtime.modulemap' not found
fatal error: module map file '/Users/andrewallen/Library/Developer/Xcode/DerivedData/InkOS-hihmbestuurshsgyovxqmygopffq/Build/Products/Debug-iphonesimulator/MyScriptInteractiveInk-Runtime/MyScriptInteractiveInk_Runtime.modulemap' not found
fatal error: module map file '/Users/andrewallen/Library/Developer/Xcode/DerivedData/InkOS-hihmbestuurshsgyovxqmygopffq/Build/Products/Debug-iphonesimulator/MyScriptInteractiveInk-Runtime/MyScriptInteractiveInk_Runtime.modulemap' not found
fatal error: module map file '/Users/andrewallen/Library/Developer/Xcode/DerivedData/InkOS-hihmbestuurshsgyovxqmygopffq/Build/Products/Debug-iphonesimulator/MyScriptInteractiveInk-Runtime/MyScriptInteractiveInk_Runtime.modulemap' not found
fatal error: module map file '/Users/andrewallen/Library/Developer/Xcode/DerivedData/InkOS-hihmbestuurshsgyovxqmygopffq/Build/Products/Debug-iphonesimulator/MyScriptInteractiveInk-Runtime/MyScriptInteractiveInk_Runtime.modulemap' not found
fatal error: module map file '/Users/andrewallen/Library/Developer/Xcode/DerivedData/InkOS-hihmbestuurshsgyovxqmygopffq/Build/Products/Debug-iphonesimulator/MyScriptInteractiveInk-Runtime/MyScriptInteractiveInk_Runtime.modulemap' not found
fatal error: module map file '/Users/andrewallen/Library/Developer/Xcode/DerivedData/InkOS-hihmbestuurshsgyovxqmygopffq/Build/Products/Debug-iphonesimulator/MyScriptInteractiveInk-Runtime/MyScriptInteractiveInk_Runtime.modulemap' not found
fatal error: module map file '/Users/andrewallen/Library/Developer/Xcode/DerivedData/InkOS-hihmbestuurshsgyovxqmygopffq/Build/Products/Debug-iphonesimulator/MyScriptInteractiveInk-Runtime/MyScriptInteractiveInk_Runtime.modulemap' not found
fatal error: module map file '/Users/andrewallen/Library/Developer/Xcode/DerivedData/InkOS-hihmbestuurshsgyovxqmygopffq/Build/Products/Debug-iphonesimulator/MyScriptInteractiveInk-Runtime/MyScriptInteractiveInk_Runtime.modulemap' not found
fatal error: module map file '/Users/andrewallen/Library/Developer/Xcode/DerivedData/InkOS-hihmbestuurshsgyovxqmygopffq/Build/Products/Debug-iphonesimulator/MyScriptInteractiveInk-Runtime/MyScriptInteractiveInk_Runtime.modulemap' not found
fatal error: module map file '/Users/andrewallen/Library/Developer/Xcode/DerivedData/InkOS-hihmbestuurshsgyovxqmygopffq/Build/Products/Debug-iphonesimulator/MyScriptInteractiveInk-Runtime/MyScriptInteractiveInk_Runtime.modulemap' not found
fatal error: module map file '/Users/andrewallen/Library/Developer/Xcode/DerivedData/InkOS-hihmbestuurshsgyovxqmygopffq/Build/Products/Debug-iphonesimulator/MyScriptInteractiveInk-Runtime/MyScriptInteractiveInk_Runtime.modulemap' not found
fatal error: module map file '/Users/andrewallen/Library/Developer/Xcode/DerivedData/InkOS-hihmbestuurshsgyovxqmygopffq/Build/Products/Debug-iphonesimulator/MyScriptInteractiveInk-Runtime/MyScriptInteractiveInk_Runtime.modulemap' not found
fatal error: module map file '/Users/andrewallen/Library/Developer/Xcode/DerivedData/InkOS-hihmbestuurshsgyovxqmygopffq/Build/Products/Debug-iphonesimulator/MyScriptInteractiveInk-Runtime/MyScriptInteractiveInk_Runtime.modulemap' not found
fatal error: module map file '/Users/andrewallen/Library/Developer/Xcode/DerivedData/InkOS-hihmbestuurshsgyovxqmygopffq/Build/Products/Debug-iphonesimulator/MyScriptInteractiveInk-Runtime/MyScriptInteractiveInk_Runtime.modulemap' not found
fatal error: module map file '/Users/andrewallen/Library/Developer/Xcode/DerivedData/InkOS-hihmbestuurshsgyovxqmygopffq/Build/Products/Debug-iphonesimulator/MyScriptInteractiveInk-Runtime/MyScriptInteractiveInk_Runtime.modulemap' not found

error: Clang dependency scanner failure: fatal error: module map file '/Users/andrewallen/Library/Developer/Xcode/DerivedData/InkOS-hihmbestuurshsgyovxqmygopffq/Build/Products/Debug-iphonesimulator/MyScriptInteractiveInk-Runtime/MyScriptInteractiveInk_Runtime.modulemap' not found
fatal error: module map file '/Users/andrewallen/Library/Developer/Xcode/DerivedData/InkOS-hihmbestuurshsgyovxqmygopffq/Build/Products/Debug-iphonesimulator/MyScriptInteractiveInk-Runtime/MyScriptInteractiveInk_Runtime.modulemap' not found

error: Clang dependency scanner failure: fatal error: module map file '/Users/andrewallen/Library/Developer/Xcode/DerivedData/InkOS-hihmbestuurshsgyovxqmygopffq/Build/Products/Debug-iphonesimulator/MyScriptInteractiveInk-Runtime/MyScriptInteractiveInk_Runtime.modulemap' not found
fatal error: module map file '/Users/andrewallen/Library/Developer/Xcode/DerivedData/InkOS-hihmbestuurshsgyovxqmygopffq/Build/Products/Debug-iphonesimulator/MyScriptInteractiveInk-Runtime/MyScriptInteractiveInk_Runtime.modulemap' not found
fatal error: module map file '/Users/andrewallen/Library/Developer/Xcode/DerivedData/InkOS-hihmbestuurshsgyovxqmygopffq/Build/Products/Debug-iphonesimulator/MyScriptInteractiveInk-Runtime/MyScriptInteractiveInk_Runtime.modulemap' not found
fatal error: module map file '/Users/andrewallen/Library/Developer/Xcode/DerivedData/InkOS-hihmbestuurshsgyovxqmygopffq/Build/Products/Debug-iphonesimulator/MyScriptInteractiveInk-Runtime/MyScriptInteractiveInk_Runtime.modulemap' not found
fatal error: module map file '/Users/andrewallen/Library/Developer/Xcode/DerivedData/InkOS-hihmbestuurshsgyovxqmygopffq/Build/Products/Debug-iphonesimulator/MyScriptInteractiveInk-Runtime/MyScriptInteractiveInk_Runtime.modulemap' not found
fatal error: module map file '/Users/andrewallen/Library/Developer/Xcode/DerivedData/InkOS-hihmbestuurshsgyovxqmygopffq/Build/Products/Debug-iphonesimulator/MyScriptInteractiveInk-Runtime/MyScriptInteractiveInk_Runtime.modulemap' not found
fatal error: module map file '/Users/andrewallen/Library/Developer/Xcode/DerivedData/InkOS-hihmbestuurshsgyovxqmygopffq/Build/Products/Debug-iphonesimulator/MyScriptInteractiveInk-Runtime/MyScriptInteractiveInk_Runtime.modulemap' not found
fatal error: module map file '/Users/andrewallen/Library/Developer/Xcode/DerivedData/InkOS-hihmbestuurshsgyovxqmygopffq/Build/Products/Debug-iphonesimulator/MyScriptInteractiveInk-Runtime/MyScriptInteractiveInk_Runtime.modulemap' not found
fatal error: module map file '/Users/andrewallen/Library/Developer/Xcode/DerivedData/InkOS-hihmbestuurshsgyovxqmygopffq/Build/Products/Debug-iphonesimulator/MyScriptInteractiveInk-Runtime/MyScriptInteractiveInk_Runtime.modulemap' not found
fatal error: module map file '/Users/andrewallen/Library/Developer/Xcode/DerivedData/InkOS-hihmbestuurshsgyovxqmygopffq/Build/Products/Debug-iphonesimulator/MyScriptInteractiveInk-Runtime/MyScriptInteractiveInk_Runtime.modulemap' not found
fatal error: module map file '/Users/andrewallen/Library/Developer/Xcode/DerivedData/InkOS-hihmbestuurshsgyovxqmygopffq/Build/Products/Debug-iphonesimulator/MyScriptInteractiveInk-Runtime/MyScriptInteractiveInk_Runtime.modulemap' not found
fatal error: module map file '/Users/andrewallen/Library/Developer/Xcode/DerivedData/InkOS-hihmbestuurshsgyovxqmygopffq/Build/Products/Debug-iphonesimulator/MyScriptInteractiveInk-Runtime/MyScriptInteractiveInk_Runtime.modulemap' not found
fatal error: module map file '/Users/andrewallen/Library/Developer/Xcode/DerivedData/InkOS-hihmbestuurshsgyovxqmygopffq/Build/Products/Debug-iphonesimulator/MyScriptInteractiveInk-Runtime/MyScriptInteractiveInk_Runtime.modulemap' not found

error: Clang dependency scanner failure: fatal error: module map file '/Users/andrewallen/Library/Developer/Xcode/DerivedData/InkOS-hihmbestuurshsgyovxqmygopffq/Build/Products/Debug-iphonesimulator/MyScriptInteractiveInk-Runtime/MyScriptInteractiveInk_Runtime.modulemap' not found
fatal error: module map file '/Users/andrewallen/Library/Developer/Xcode/DerivedData/InkOS-hihmbestuurshsgyovxqmygopffq/Build/Products/Debug-iphonesimulator/MyScriptInteractiveInk-Runtime/MyScriptInteractiveInk_Runtime.modulemap' not found
fatal error: module map file '/Users/andrewallen/Library/Developer/Xcode/DerivedData/InkOS-hihmbestuurshsgyovxqmygopffq/Build/Products/Debug-iphonesimulator/MyScriptInteractiveInk-Runtime/MyScriptInteractiveInk_Runtime.modulemap' not found
fatal error: module map file '/Users/andrewallen/Library/Developer/Xcode/DerivedData/InkOS-hihmbestuurshsgyovxqmygopffq/Build/Products/Debug-iphonesimulator/MyScriptInteractiveInk-Runtime/MyScriptInteractiveInk_Runtime.modulemap' not found
fatal error: module map file '/Users/andrewallen/Library/Developer/Xcode/DerivedData/InkOS-hihmbestuurshsgyovxqmygopffq/Build/Products/Debug-iphonesimulator/MyScriptInteractiveInk-Runtime/MyScriptInteractiveInk_Runtime.modulemap' not found
fatal error: module map file '/Users/andrewallen/Library/Developer/Xcode/DerivedData/InkOS-hihmbestuurshsgyovxqmygopffq/Build/Products/Debug-iphonesimulator/MyScriptInteractiveInk-Runtime/MyScriptInteractiveInk_Runtime.modulemap' not found
fatal error: module map file '/Users/andrewallen/Library/Developer/Xcode/DerivedData/InkOS-hihmbestuurshsgyovxqmygopffq/Build/Products/Debug-iphonesimulator/MyScriptInteractiveInk-Runtime/MyScriptInteractiveInk_Runtime.modulemap' not found
fatal error: module map file '/Users/andrewallen/Library/Developer/Xcode/DerivedData/InkOS-hihmbestuurshsgyovxqmygopffq/Build/Products/Debug-iphonesimulator/MyScriptInteractiveInk-Runtime/MyScriptInteractiveInk_Runtime.modulemap' not found
fatal error: module map file '/Users/andrewallen/Library/Developer/Xcode/DerivedData/InkOS-hihmbestuurshsgyovxqmygopffq/Build/Products/Debug-iphonesimulator/MyScriptInteractiveInk-Runtime/MyScriptInteractiveInk_Runtime.modulemap' not found
fatal error: module map file '/Users/andrewallen/Library/Developer/Xcode/DerivedData/InkOS-hihmbestuurshsgyovxqmygopffq/Build/Products/Debug-iphonesimulator/MyScriptInteractiveInk-Runtime/MyScriptInteractiveInk_Runtime.modulemap' not found
fatal error: module map file '/Users/andrewallen/Library/Developer/Xcode/DerivedData/InkOS-hihmbestuurshsgyovxqmygopffq/Build/Products/Debug-iphonesimulator/MyScriptInteractiveInk-Runtime/MyScriptInteractiveInk_Runtime.modulemap' not found
fatal error: module map file '/Users/andrewallen/Library/Developer/Xcode/DerivedData/InkOS-hihmbestuurshsgyovxqmygopffq/Build/Products/Debug-iphonesimulator/MyScriptInteractiveInk-Runtime/MyScriptInteractiveInk_Runtime.modulemap' not found
fatal error: module map file '/Users/andrewallen/Library/Developer/Xcode/DerivedData/InkOS-hihmbestuurshsgyovxqmygopffq/Build/Products/Debug-iphonesimulator/MyScriptInteractiveInk-Runtime/MyScriptInteractiveInk_Runtime.modulemap' not found
fatal error: module map file '/Users/andrewallen/Library/Developer/Xcode/DerivedData/InkOS-hihmbestuurshsgyovxqmygopffq/Build/Products/Debug-iphonesimulator/MyScriptInteractiveInk-Runtime/MyScriptInteractiveInk_Runtime.modulemap' not found
fatal error: module map file '/Users/andrewallen/Library/Developer/Xcode/DerivedData/InkOS-hihmbestuurshsgyovxqmygopffq/Build/Products/Debug-iphonesimulator/MyScriptInteractiveInk-Runtime/MyScriptInteractiveInk_Runtime.modulemap' not found
fatal error: module map file '/Users/andrewallen/Library/Developer/Xcode/DerivedData/InkOS-hihmbestuurshsgyovxqmygopffq/Build/Products/Debug-iphonesimulator/MyScriptInteractiveInk-Runtime/MyScriptInteractiveInk_Runtime.modulemap' not found
fatal error: module map file '/Users/andrewallen/Library/Developer/Xcode/DerivedData/InkOS-hihmbestuurshsgyovxqmygopffq/Build/Products/Debug-iphonesimulator/MyScriptInteractiveInk-Runtime/MyScriptInteractiveInk_Runtime.modulemap' not found

error: Clang dependency scanner failure: fatal error: module map file '/Users/andrewallen/Library/Developer/Xcode/DerivedData/InkOS-hihmbestuurshsgyovxqmygopffq/Build/Products/Debug-iphonesimulator/MyScriptInteractiveInk-Runtime/MyScriptInteractiveInk_Runtime.modulemap' not found
fatal error: module map file '/Users/andrewallen/Library/Developer/Xcode/DerivedData/InkOS-hihmbestuurshsgyovxqmygopffq/Build/Products/Debug-iphonesimulator/MyScriptInteractiveInk-Runtime/MyScriptInteractiveInk_Runtime.modulemap' not found
fatal error: module map file '/Users/andrewallen/Library/Developer/Xcode/DerivedData/InkOS-hihmbestuurshsgyovxqmygopffq/Build/Products/Debug-iphonesimulator/MyScriptInteractiveInk-Runtime/MyScriptInteractiveInk_Runtime.modulemap' not found
fatal error: module map file '/Users/andrewallen/Library/Developer/Xcode/DerivedData/InkOS-hihmbestuurshsgyovxqmygopffq/Build/Products/Debug-iphonesimulator/MyScriptInteractiveInk-Runtime/MyScriptInteractiveInk_Runtime.modulemap' not found
fatal error: module map file '/Users/andrewallen/Library/Developer/Xcode/DerivedData/InkOS-hihmbestuurshsgyovxqmygopffq/Build/Products/Debug-iphonesimulator/MyScriptInteractiveInk-Runtime/MyScriptInteractiveInk_Runtime.modulemap' not found
fatal error: module map file '/Users/andrewallen/Library/Developer/Xcode/DerivedData/InkOS-hihmbestuurshsgyovxqmygopffq/Build/Products/Debug-iphonesimulator/MyScriptInteractiveInk-Runtime/MyScriptInteractiveInk_Runtime.modulemap' not found
fatal error: module map file '/Users/andrewallen/Library/Developer/Xcode/DerivedData/InkOS-hihmbestuurshsgyovxqmygopffq/Build/Products/Debug-iphonesimulator/MyScriptInteractiveInk-Runtime/MyScriptInteractiveInk_Runtime.modulemap' not found
fatal error: module map file '/Users/andrewallen/Library/Developer/Xcode/DerivedData/InkOS-hihmbestuurshsgyovxqmygopffq/Build/Products/Debug-iphonesimulator/MyScriptInteractiveInk-Runtime/MyScriptInteractiveInk_Runtime.modulemap' not found
fatal error: module map file '/Users/andrewallen/Library/Developer/Xcode/DerivedData/InkOS-hihmbestuurshsgyovxqmygopffq/Build/Products/Debug-iphonesimulator/MyScriptInteractiveInk-Runtime/MyScriptInteractiveInk_Runtime.modulemap' not found
fatal error: module map file '/Users/andrewallen/Library/Developer/Xcode/DerivedData/InkOS-hihmbestuurshsgyovxqmygopffq/Build/Products/Debug-iphonesimulator/MyScriptInteractiveInk-Runtime/MyScriptInteractiveInk_Runtime.modulemap' not found
fatal error: module map file '/Users/andrewallen/Library/Developer/Xcode/DerivedData/InkOS-hihmbestuurshsgyovxqmygopffq/Build/Products/Debug-iphonesimulator/MyScriptInteractiveInk-Runtime/MyScriptInteractiveInk_Runtime.modulemap' not found
fatal error: module map file '/Users/andrewallen/Library/Developer/Xcode/DerivedData/InkOS-hihmbestuurshsgyovxqmygopffq/Build/Products/Debug-iphonesimulator/MyScriptInteractiveInk-Runtime/MyScriptInteractiveInk_Runtime.modulemap' not found
fatal error: module map file '/Users/andrewallen/Library/Developer/Xcode/DerivedData/InkOS-hihmbestuurshsgyovxqmygopffq/Build/Products/Debug-iphonesimulator/MyScriptInteractiveInk-Runtime/MyScriptInteractiveInk_Runtime.modulemap' not found
fatal error: module map file '/Users/andrewallen/Library/Developer/Xcode/DerivedData/InkOS-hihmbestuurshsgyovxqmygopffq/Build/Products/Debug-iphonesimulator/MyScriptInteractiveInk-Runtime/MyScriptInteractiveInk_Runtime.modulemap' not found
fatal error: module map file '/Users/andrewallen/Library/Developer/Xcode/DerivedData/InkOS-hihmbestuurshsgyovxqmygopffq/Build/Products/Debug-iphonesimulator/MyScriptInteractiveInk-Runtime/MyScriptInteractiveInk_Runtime.modulemap' not found
fatal error: module map file '/Users/andrewallen/Library/Developer/Xcode/DerivedData/InkOS-hihmbestuurshsgyovxqmygopffq/Build/Products/Debug-iphonesimulator/MyScriptInteractiveInk-Runtime/MyScriptInteractiveInk_Runtime.modulemap' not found
fatal error: module map file '/Users/andrewallen/Library/Developer/Xcode/DerivedData/InkOS-hihmbestuurshsgyovxqmygopffq/Build/Products/Debug-iphonesimulator/MyScriptInteractiveInk-Runtime/MyScriptInteractiveInk_Runtime.modulemap' not found
fatal error: module map file '/Users/andrewallen/Library/Developer/Xcode/DerivedData/InkOS-hihmbestuurshsgyovxqmygopffq/Build/Products/Debug-iphonesimulator/MyScriptInteractiveInk-Runtime/MyScriptInteractiveInk_Runtime.modulemap' not found
fatal error: module map file '/Users/andrewallen/Library/Developer/Xcode/DerivedData/InkOS-hihmbestuurshsgyovxqmygopffq/Build/Products/Debug-iphonesimulator/MyScriptInteractiveInk-Runtime/MyScriptInteractiveInk_Runtime.modulemap' not found
fatal error: module map file '/Users/andrewallen/Library/Developer/Xcode/DerivedData/InkOS-hihmbestuurshsgyovxqmygopffq/Build/Products/Debug-iphonesimulator/MyScriptInteractiveInk-Runtime/MyScriptInteractiveInk_Runtime.modulemap' not found
fatal error: module map file '/Users/andrewallen/Library/Developer/Xcode/DerivedData/InkOS-hihmbestuurshsgyovxqmygopffq/Build/Products/Debug-iphonesimulator/MyScriptInteractiveInk-Runtime/MyScriptInteractiveInk_Runtime.modulemap' not found

error: Clang dependency scanner failure: fatal error: module map file '/Users/andrewallen/Library/Developer/Xcode/DerivedData/InkOS-hihmbestuurshsgyovxqmygopffq/Build/Products/Debug-iphonesimulator/MyScriptInteractiveInk-Runtime/MyScriptInteractiveInk_Runtime.modulemap' not found
fatal error: module map file '/Users/andrewallen/Library/Developer/Xcode/DerivedData/InkOS-hihmbestuurshsgyovxqmygopffq/Build/Products/Debug-iphonesimulator/MyScriptInteractiveInk-Runtime/MyScriptInteractiveInk_Runtime.modulemap' not found
fatal error: module map file '/Users/andrewallen/Library/Developer/Xcode/DerivedData/InkOS-hihmbestuurshsgyovxqmygopffq/Build/Products/Debug-iphonesimulator/MyScriptInteractiveInk-Runtime/MyScriptInteractiveInk_Runtime.modulemap' not found
fatal error: module map file '/Users/andrewallen/Library/Developer/Xcode/DerivedData/InkOS-hihmbestuurshsgyovxqmygopffq/Build/Products/Debug-iphonesimulator/MyScriptInteractiveInk-Runtime/MyScriptInteractiveInk_Runtime.modulemap' not found
fatal error: module map file '/Users/andrewallen/Library/Developer/Xcode/DerivedData/InkOS-hihmbestuurshsgyovxqmygopffq/Build/Products/Debug-iphonesimulator/MyScriptInteractiveInk-Runtime/MyScriptInteractiveInk_Runtime.modulemap' not found
fatal error: module map file '/Users/andrewallen/Library/Developer/Xcode/DerivedData/InkOS-hihmbestuurshsgyovxqmygopffq/Build/Products/Debug-iphonesimulator/MyScriptInteractiveInk-Runtime/MyScriptInteractiveInk_Runtime.modulemap' not found
fatal error: module map file '/Users/andrewallen/Library/Developer/Xcode/DerivedData/InkOS-hihmbestuurshsgyovxqmygopffq/Build/Products/Debug-iphonesimulator/MyScriptInteractiveInk-Runtime/MyScriptInteractiveInk_Runtime.modulemap' not found
fatal error: module map file '/Users/andrewallen/Library/Developer/Xcode/DerivedData/InkOS-hihmbestuurshsgyovxqmygopffq/Build/Products/Debug-iphonesimulator/MyScriptInteractiveInk-Runtime/MyScriptInteractiveInk_Runtime.modulemap' not found
fatal error: module map file '/Users/andrewallen/Library/Developer/Xcode/DerivedData/InkOS-hihmbestuurshsgyovxqmygopffq/Build/Products/Debug-iphonesimulator/MyScriptInteractiveInk-Runtime/MyScriptInteractiveInk_Runtime.modulemap' not found
fatal error: module map file '/Users/andrewallen/Library/Developer/Xcode/DerivedData/InkOS-hihmbestuurshsgyovxqmygopffq/Build/Products/Debug-iphonesimulator/MyScriptInteractiveInk-Runtime/MyScriptInteractiveInk_Runtime.modulemap' not found
fatal error: module map file '/Users/andrewallen/Library/Developer/Xcode/DerivedData/InkOS-hihmbestuurshsgyovxqmygopffq/Build/Products/Debug-iphonesimulator/MyScriptInteractiveInk-Runtime/MyScriptInteractiveInk_Runtime.modulemap' not found
fatal error: module map file '/Users/andrewallen/Library/Developer/Xcode/DerivedData/InkOS-hihmbestuurshsgyovxqmygopffq/Build/Products/Debug-iphonesimulator/MyScriptInteractiveInk-Runtime/MyScriptInteractiveInk_Runtime.modulemap' not found
fatal error: module map file '/Users/andrewallen/Library/Developer/Xcode/DerivedData/InkOS-hihmbestuurshsgyovxqmygopffq/Build/Products/Debug-iphonesimulator/MyScriptInteractiveInk-Runtime/MyScriptInteractiveInk_Runtime.modulemap' not found
fatal error: module map file '/Users/andrewallen/Library/Developer/Xcode/DerivedData/InkOS-hihmbestuurshsgyovxqmygopffq/Build/Products/Debug-iphonesimulator/MyScriptInteractiveInk-Runtime/MyScriptInteractiveInk_Runtime.modulemap' not found
fatal error: module map file '/Users/andrewallen/Library/Developer/Xcode/DerivedData/InkOS-hihmbestuurshsgyovxqmygopffq/Build/Products/Debug-iphonesimulator/MyScriptInteractiveInk-Runtime/MyScriptInteractiveInk_Runtime.modulemap' not found
fatal error: module map file '/Users/andrewallen/Library/Developer/Xcode/DerivedData/InkOS-hihmbestuurshsgyovxqmygopffq/Build/Products/Debug-iphonesimulator/MyScriptInteractiveInk-Runtime/MyScriptInteractiveInk_Runtime.modulemap' not found
fatal error: module map file '/Users/andrewallen/Library/Developer/Xcode/DerivedData/InkOS-hihmbestuurshsgyovxqmygopffq/Build/Products/Debug-iphonesimulator/MyScriptInteractiveInk-Runtime/MyScriptInteractiveInk_Runtime.modulemap' not found
fatal error: module map file '/Users/andrewallen/Library/Developer/Xcode/DerivedData/InkOS-hihmbestuurshsgyovxqmygopffq/Build/Products/Debug-iphonesimulator/MyScriptInteractiveInk-Runtime/MyScriptInteractiveInk_Runtime.modulemap' not found
fatal error: module map file '/Users/andrewallen/Library/Developer/Xcode/DerivedData/InkOS-hihmbestuurshsgyovxqmygopffq/Build/Products/Debug-iphonesimulator/MyScriptInteractiveInk-Runtime/MyScriptInteractiveInk_Runtime.modulemap' not found
fatal error: module map file '/Users/andrewallen/Library/Developer/Xcode/DerivedData/InkOS-hihmbestuurshsgyovxqmygopffq/Build/Products/Debug-iphonesimulator/MyScriptInteractiveInk-Runtime/MyScriptInteractiveInk_Runtime.modulemap' not found
fatal error: module map file '/Users/andrewallen/Library/Developer/Xcode/DerivedData/InkOS-hihmbestuurshsgyovxqmygopffq/Build/Products/Debug-iphonesimulator/MyScriptInteractiveInk-Runtime/MyScriptInteractiveInk_Runtime.modulemap' not found
fatal error: module map file '/Users/andrewallen/Library/Developer/Xcode/DerivedData/InkOS-hihmbestuurshsgyovxqmygopffq/Build/Products/Debug-iphonesimulator/MyScriptInteractiveInk-Runtime/MyScriptInteractiveInk_Runtime.modulemap' not found

error: Clang dependency scanner failure: fatal error: module map file '/Users/andrewallen/Library/Developer/Xcode/DerivedData/InkOS-hihmbestuurshsgyovxqmygopffq/Build/Products/Debug-iphonesimulator/MyScriptInteractiveInk-Runtime/MyScriptInteractiveInk_Runtime.modulemap' not found
fatal error: module map file '/Users/andrewallen/Library/Developer/Xcode/DerivedData/InkOS-hihmbestuurshsgyovxqmygopffq/Build/Products/Debug-iphonesimulator/MyScriptInteractiveInk-Runtime/MyScriptInteractiveInk_Runtime.modulemap' not found
fatal error: module map file '/Users/andrewallen/Library/Developer/Xcode/DerivedData/InkOS-hihmbestuurshsgyovxqmygopffq/Build/Products/Debug-iphonesimulator/MyScriptInteractiveInk-Runtime/MyScriptInteractiveInk_Runtime.modulemap' not found
fatal error: module map file '/Users/andrewallen/Library/Developer/Xcode/DerivedData/InkOS-hihmbestuurshsgyovxqmygopffq/Build/Products/Debug-iphonesimulator/MyScriptInteractiveInk-Runtime/MyScriptInteractiveInk_Runtime.modulemap' not found
fatal error: module map file '/Users/andrewallen/Library/Developer/Xcode/DerivedData/InkOS-hihmbestuurshsgyovxqmygopffq/Build/Products/Debug-iphonesimulator/MyScriptInteractiveInk-Runtime/MyScriptInteractiveInk_Runtime.modulemap' not found
fatal error: module map file '/Users/andrewallen/Library/Developer/Xcode/DerivedData/InkOS-hihmbestuurshsgyovxqmygopffq/Build/Products/Debug-iphonesimulator/MyScriptInteractiveInk-Runtime/MyScriptInteractiveInk_Runtime.modulemap' not found
fatal error: module map file '/Users/andrewallen/Library/Developer/Xcode/DerivedData/InkOS-hihmbestuurshsgyovxqmygopffq/Build/Products/Debug-iphonesimulator/MyScriptInteractiveInk-Runtime/MyScriptInteractiveInk_Runtime.modulemap' not found
fatal error: module map file '/Users/andrewallen/Library/Developer/Xcode/DerivedData/InkOS-hihmbestuurshsgyovxqmygopffq/Build/Products/Debug-iphonesimulator/MyScriptInteractiveInk-Runtime/MyScriptInteractiveInk_Runtime.modulemap' not found
fatal error: module map file '/Users/andrewallen/Library/Developer/Xcode/DerivedData/InkOS-hihmbestuurshsgyovxqmygopffq/Build/Products/Debug-iphonesimulator/MyScriptInteractiveInk-Runtime/MyScriptInteractiveInk_Runtime.modulemap' not found
fatal error: module map file '/Users/andrewallen/Library/Developer/Xcode/DerivedData/InkOS-hihmbestuurshsgyovxqmygopffq/Build/Products/Debug-iphonesimulator/MyScriptInteractiveInk-Runtime/MyScriptInteractiveInk_Runtime.modulemap' not found
fatal error: module map file '/Users/andrewallen/Library/Developer/Xcode/DerivedData/InkOS-hihmbestuurshsgyovxqmygopffq/Build/Products/Debug-iphonesimulator/MyScriptInteractiveInk-Runtime/MyScriptInteractiveInk_Runtime.modulemap' not found
fatal error: module map file '/Users/andrewallen/Library/Developer/Xcode/DerivedData/InkOS-hihmbestuurshsgyovxqmygopffq/Build/Products/Debug-iphonesimulator/MyScriptInteractiveInk-Runtime/MyScriptInteractiveInk_Runtime.modulemap' not found
fatal error: module map file '/Users/andrewallen/Library/Developer/Xcode/DerivedData/InkOS-hihmbestuurshsgyovxqmygopffq/Build/Products/Debug-iphonesimulator/MyScriptInteractiveInk-Runtime/MyScriptInteractiveInk_Runtime.modulemap' not found
fatal error: module map file '/Users/andrewallen/Library/Developer/Xcode/DerivedData/InkOS-hihmbestuurshsgyovxqmygopffq/Build/Products/Debug-iphonesimulator/MyScriptInteractiveInk-Runtime/MyScriptInteractiveInk_Runtime.modulemap' not found
fatal error: module map file '/Users/andrewallen/Library/Developer/Xcode/DerivedData/InkOS-hihmbestuurshsgyovxqmygopffq/Build/Products/Debug-iphonesimulator/MyScriptInteractiveInk-Runtime/MyScriptInteractiveInk_Runtime.modulemap' not found
fatal error: module map file '/Users/andrewallen/Library/Developer/Xcode/DerivedData/InkOS-hihmbestuurshsgyovxqmygopffq/Build/Products/Debug-iphonesimulator/MyScriptInteractiveInk-Runtime/MyScriptInteractiveInk_Runtime.modulemap' not found
fatal error: module map file '/Users/andrewallen/Library/Developer/Xcode/DerivedData/InkOS-hihmbestuurshsgyovxqmygopffq/Build/Products/Debug-iphonesimulator/MyScriptInteractiveInk-Runtime/MyScriptInteractiveInk_Runtime.modulemap' not found
fatal error: module map file '/Users/andrewallen/Library/Developer/Xcode/DerivedData/InkOS-hihmbestuurshsgyovxqmygopffq/Build/Products/Debug-iphonesimulator/MyScriptInteractiveInk-Runtime/MyScriptInteractiveInk_Runtime.modulemap' not found
fatal error: module map file '/Users/andrewallen/Library/Developer/Xcode/DerivedData/InkOS-hihmbestuurshsgyovxqmygopffq/Build/Products/Debug-iphonesimulator/MyScriptInteractiveInk-Runtime/MyScriptInteractiveInk_Runtime.modulemap' not found
fatal error: module map file '/Users/andrewallen/Library/Developer/Xcode/DerivedData/InkOS-hihmbestuurshsgyovxqmygopffq/Build/Products/Debug-iphonesimulator/MyScriptInteractiveInk-Runtime/MyScriptInteractiveInk_Runtime.modulemap' not found
fatal error: module map file '/Users/andrewallen/Library/Developer/Xcode/DerivedData/InkOS-hihmbestuurshsgyovxqmygopffq/Build/Products/Debug-iphonesimulator/MyScriptInteractiveInk-Runtime/MyScriptInteractiveInk_Runtime.modulemap' not found
fatal error: module map file '/Users/andrewallen/Library/Developer/Xcode/DerivedData/InkOS-hihmbestuurshsgyovxqmygopffq/Build/Products/Debug-iphonesimulator/MyScriptInteractiveInk-Runtime/MyScriptInteractiveInk_Runtime.modulemap' not found
fatal error: module map file '/Users/andrewallen/Library/Developer/Xcode/DerivedData/InkOS-hihmbestuurshsgyovxqmygopffq/Build/Products/Debug-iphonesimulator/MyScriptInteractiveInk-Runtime/MyScriptInteractiveInk_Runtime.modulemap' not found
fatal error: module map file '/Users/andrewallen/Library/Developer/Xcode/DerivedData/InkOS-hihmbestuurshsgyovxqmygopffq/Build/Products/Debug-iphonesimulator/MyScriptInteractiveInk-Runtime/MyScriptInteractiveInk_Runtime.modulemap' not found
fatal error: module map file '/Users/andrewallen/Library/Developer/Xcode/DerivedData/InkOS-hihmbestuurshsgyovxqmygopffq/Build/Products/Debug-iphonesimulator/MyScriptInteractiveInk-Runtime/MyScriptInteractiveInk_Runtime.modulemap' not found
fatal error: module map file '/Users/andrewallen/Library/Developer/Xcode/DerivedData/InkOS-hihmbestuurshsgyovxqmygopffq/Build/Products/Debug-iphonesimulator/MyScriptInteractiveInk-Runtime/MyScriptInteractiveInk_Runtime.modulemap' not found
fatal error: module map file '/Users/andrewallen/Library/Developer/Xcode/DerivedData/InkOS-hihmbestuurshsgyovxqmygopffq/Build/Products/Debug-iphonesimulator/MyScriptInteractiveInk-Runtime/MyScriptInteractiveInk_Runtime.modulemap' not found
fatal error: module map file '/Users/andrewallen/Library/Developer/Xcode/DerivedData/InkOS-hihmbestuurshsgyovxqmygopffq/Build/Products/Debug-iphonesimulator/MyScriptInteractiveInk-Runtime/MyScriptInteractiveInk_Runtime.modulemap' not found

error: Clang dependency scanner failure: fatal error: module map file '/Users/andrewallen/Library/Developer/Xcode/DerivedData/InkOS-hihmbestuurshsgyovxqmygopffq/Build/Products/Debug-iphonesimulator/MyScriptInteractiveInk-Runtime/MyScriptInteractiveInk_Runtime.modulemap' not found
fatal error: module map file '/Users/andrewallen/Library/Developer/Xcode/DerivedData/InkOS-hihmbestuurshsgyovxqmygopffq/Build/Products/Debug-iphonesimulator/MyScriptInteractiveInk-Runtime/MyScriptInteractiveInk_Runtime.modulemap' not found
fatal error: module map file '/Users/andrewallen/Library/Developer/Xcode/DerivedData/InkOS-hihmbestuurshsgyovxqmygopffq/Build/Products/Debug-iphonesimulator/MyScriptInteractiveInk-Runtime/MyScriptInteractiveInk_Runtime.modulemap' not found
fatal error: module map file '/Users/andrewallen/Library/Developer/Xcode/DerivedData/InkOS-hihmbestuurshsgyovxqmygopffq/Build/Products/Debug-iphonesimulator/MyScriptInteractiveInk-Runtime/MyScriptInteractiveInk_Runtime.modulemap' not found
fatal error: module map file '/Users/andrewallen/Library/Developer/Xcode/DerivedData/InkOS-hihmbestuurshsgyovxqmygopffq/Build/Products/Debug-iphonesimulator/MyScriptInteractiveInk-Runtime/MyScriptInteractiveInk_Runtime.modulemap' not found
fatal error: module map file '/Users/andrewallen/Library/Developer/Xcode/DerivedData/InkOS-hihmbestuurshsgyovxqmygopffq/Build/Products/Debug-iphonesimulator/MyScriptInteractiveInk-Runtime/MyScriptInteractiveInk_Runtime.modulemap' not found
fatal error: module map file '/Users/andrewallen/Library/Developer/Xcode/DerivedData/InkOS-hihmbestuurshsgyovxqmygopffq/Build/Products/Debug-iphonesimulator/MyScriptInteractiveInk-Runtime/MyScriptInteractiveInk_Runtime.modulemap' not found
fatal error: module map file '/Users/andrewallen/Library/Developer/Xcode/DerivedData/InkOS-hihmbestuurshsgyovxqmygopffq/Build/Products/Debug-iphonesimulator/MyScriptInteractiveInk-Runtime/MyScriptInteractiveInk_Runtime.modulemap' not found
fatal error: module map file '/Users/andrewallen/Library/Developer/Xcode/DerivedData/InkOS-hihmbestuurshsgyovxqmygopffq/Build/Products/Debug-iphonesimulator/MyScriptInteractiveInk-Runtime/MyScriptInteractiveInk_Runtime.modulemap' not found
fatal error: module map file '/Users/andrewallen/Library/Developer/Xcode/DerivedData/InkOS-hihmbestuurshsgyovxqmygopffq/Build/Products/Debug-iphonesimulator/MyScriptInteractiveInk-Runtime/MyScriptInteractiveInk_Runtime.modulemap' not found
fatal error: module map file '/Users/andrewallen/Library/Developer/Xcode/DerivedData/InkOS-hihmbestuurshsgyovxqmygopffq/Build/Products/Debug-iphonesimulator/MyScriptInteractiveInk-Runtime/MyScriptInteractiveInk_Runtime.modulemap' not found
fatal error: module map file '/Users/andrewallen/Library/Developer/Xcode/DerivedData/InkOS-hihmbestuurshsgyovxqmygopffq/Build/Products/Debug-iphonesimulator/MyScriptInteractiveInk-Runtime/MyScriptInteractiveInk_Runtime.modulemap' not found
fatal error: module map file '/Users/andrewallen/Library/Developer/Xcode/DerivedData/InkOS-hihmbestuurshsgyovxqmygopffq/Build/Products/Debug-iphonesimulator/MyScriptInteractiveInk-Runtime/MyScriptInteractiveInk_Runtime.modulemap' not found
fatal error: module map file '/Users/andrewallen/Library/Developer/Xcode/DerivedData/InkOS-hihmbestuurshsgyovxqmygopffq/Build/Products/Debug-iphonesimulator/MyScriptInteractiveInk-Runtime/MyScriptInteractiveInk_Runtime.modulemap' not found
fatal error: module map file '/Users/andrewallen/Library/Developer/Xcode/DerivedData/InkOS-hihmbestuurshsgyovxqmygopffq/Build/Products/Debug-iphonesimulator/MyScriptInteractiveInk-Runtime/MyScriptInteractiveInk_Runtime.modulemap' not found
fatal error: module map file '/Users/andrewallen/Library/Developer/Xcode/DerivedData/InkOS-hihmbestuurshsgyovxqmygopffq/Build/Products/Debug-iphonesimulator/MyScriptInteractiveInk-Runtime/MyScriptInteractiveInk_Runtime.modulemap' not found
fatal error: module map file '/Users/andrewallen/Library/Developer/Xcode/DerivedData/InkOS-hihmbestuurshsgyovxqmygopffq/Build/Products/Debug-iphonesimulator/MyScriptInteractiveInk-Runtime/MyScriptInteractiveInk_Runtime.modulemap' not found
fatal error: module map file '/Users/andrewallen/Library/Developer/Xcode/DerivedData/InkOS-hihmbestuurshsgyovxqmygopffq/Build/Products/Debug-iphonesimulator/MyScriptInteractiveInk-Runtime/MyScriptInteractiveInk_Runtime.modulemap' not found
fatal error: module map file '/Users/andrewallen/Library/Developer/Xcode/DerivedData/InkOS-hihmbestuurshsgyovxqmygopffq/Build/Products/Debug-iphonesimulator/MyScriptInteractiveInk-Runtime/MyScriptInteractiveInk_Runtime.modulemap' not found
fatal error: module map file '/Users/andrewallen/Library/Developer/Xcode/DerivedData/InkOS-hihmbestuurshsgyovxqmygopffq/Build/Products/Debug-iphonesimulator/MyScriptInteractiveInk-Runtime/MyScriptInteractiveInk_Runtime.modulemap' not found

error: Clang dependency scanner failure: fatal error: module map file '/Users/andrewallen/Library/Developer/Xcode/DerivedData/InkOS-hihmbestuurshsgyovxqmygopffq/Build/Products/Debug-iphonesimulator/MyScriptInteractiveInk-Runtime/MyScriptInteractiveInk_Runtime.modulemap' not found
fatal error: module map file '/Users/andrewallen/Library/Developer/Xcode/DerivedData/InkOS-hihmbestuurshsgyovxqmygopffq/Build/Products/Debug-iphonesimulator/MyScriptInteractiveInk-Runtime/MyScriptInteractiveInk_Runtime.modulemap' not found
fatal error: module map file '/Users/andrewallen/Library/Developer/Xcode/DerivedData/InkOS-hihmbestuurshsgyovxqmygopffq/Build/Products/Debug-iphonesimulator/MyScriptInteractiveInk-Runtime/MyScriptInteractiveInk_Runtime.modulemap' not found
fatal error: module map file '/Users/andrewallen/Library/Developer/Xcode/DerivedData/InkOS-hihmbestuurshsgyovxqmygopffq/Build/Products/Debug-iphonesimulator/MyScriptInteractiveInk-Runtime/MyScriptInteractiveInk_Runtime.modulemap' not found

error: Clang dependency scanner failure: fatal error: module map file '/Users/andrewallen/Library/Developer/Xcode/DerivedData/InkOS-hihmbestuurshsgyovxqmygopffq/Build/Products/Debug-iphonesimulator/MyScriptInteractiveInk-Runtime/MyScriptInteractiveInk_Runtime.modulemap' not found
fatal error: module map file '/Users/andrewallen/Library/Developer/Xcode/DerivedData/InkOS-hihmbestuurshsgyovxqmygopffq/Build/Products/Debug-iphonesimulator/MyScriptInteractiveInk-Runtime/MyScriptInteractiveInk_Runtime.modulemap' not found

error: Clang dependency scanner failure: fatal error: module map file '/Users/andrewallen/Library/Developer/Xcode/DerivedData/InkOS-hihmbestuurshsgyovxqmygopffq/Build/Products/Debug-iphonesimulator/MyScriptInteractiveInk-Runtime/MyScriptInteractiveInk_Runtime.modulemap' not found
fatal error: module map file '/Users/andrewallen/Library/Developer/Xcode/DerivedData/InkOS-hihmbestuurshsgyovxqmygopffq/Build/Products/Debug-iphonesimulator/MyScriptInteractiveInk-Runtime/MyScriptInteractiveInk_Runtime.modulemap' not found
fatal error: module map file '/Users/andrewallen/Library/Developer/Xcode/DerivedData/InkOS-hihmbestuurshsgyovxqmygopffq/Build/Products/Debug-iphonesimulator/MyScriptInteractiveInk-Runtime/MyScriptInteractiveInk_Runtime.modulemap' not found
fatal error: module map file '/Users/andrewallen/Library/Developer/Xcode/DerivedData/InkOS-hihmbestuurshsgyovxqmygopffq/Build/Products/Debug-iphonesimulator/MyScriptInteractiveInk-Runtime/MyScriptInteractiveInk_Runtime.modulemap' not found
fatal error: module map file '/Users/andrewallen/Library/Developer/Xcode/DerivedData/InkOS-hihmbestuurshsgyovxqmygopffq/Build/Products/Debug-iphonesimulator/MyScriptInteractiveInk-Runtime/MyScriptInteractiveInk_Runtime.modulemap' not found
fatal error: module map file '/Users/andrewallen/Library/Developer/Xcode/DerivedData/InkOS-hihmbestuurshsgyovxqmygopffq/Build/Products/Debug-iphonesimulator/MyScriptInteractiveInk-Runtime/MyScriptInteractiveInk_Runtime.modulemap' not found
fatal error: module map file '/Users/andrewallen/Library/Developer/Xcode/DerivedData/InkOS-hihmbestuurshsgyovxqmygopffq/Build/Products/Debug-iphonesimulator/MyScriptInteractiveInk-Runtime/MyScriptInteractiveInk_Runtime.modulemap' not found
fatal error: module map file '/Users/andrewallen/Library/Developer/Xcode/DerivedData/InkOS-hihmbestuurshsgyovxqmygopffq/Build/Products/Debug-iphonesimulator/MyScriptInteractiveInk-Runtime/MyScriptInteractiveInk_Runtime.modulemap' not found
fatal error: module map file '/Users/andrewallen/Library/Developer/Xcode/DerivedData/InkOS-hihmbestuurshsgyovxqmygopffq/Build/Products/Debug-iphonesimulator/MyScriptInteractiveInk-Runtime/MyScriptInteractiveInk_Runtime.modulemap' not found
fatal error: module map file '/Users/andrewallen/Library/Developer/Xcode/DerivedData/InkOS-hihmbestuurshsgyovxqmygopffq/Build/Products/Debug-iphonesimulator/MyScriptInteractiveInk-Runtime/MyScriptInteractiveInk_Runtime.modulemap' not found
fatal error: module map file '/Users/andrewallen/Library/Developer/Xcode/DerivedData/InkOS-hihmbestuurshsgyovxqmygopffq/Build/Products/Debug-iphonesimulator/MyScriptInteractiveInk-Runtime/MyScriptInteractiveInk_Runtime.modulemap' not found
fatal error: module map file '/Users/andrewallen/Library/Developer/Xcode/DerivedData/InkOS-hihmbestuurshsgyovxqmygopffq/Build/Products/Debug-iphonesimulator/MyScriptInteractiveInk-Runtime/MyScriptInteractiveInk_Runtime.modulemap' not found
fatal error: module map file '/Users/andrewallen/Library/Developer/Xcode/DerivedData/InkOS-hihmbestuurshsgyovxqmygopffq/Build/Products/Debug-iphonesimulator/MyScriptInteractiveInk-Runtime/MyScriptInteractiveInk_Runtime.modulemap' not found
fatal error: module map file '/Users/andrewallen/Library/Developer/Xcode/DerivedData/InkOS-hihmbestuurshsgyovxqmygopffq/Build/Products/Debug-iphonesimulator/MyScriptInteractiveInk-Runtime/MyScriptInteractiveInk_Runtime.modulemap' not found
fatal error: module map file '/Users/andrewallen/Library/Developer/Xcode/DerivedData/InkOS-hihmbestuurshsgyovxqmygopffq/Build/Products/Debug-iphonesimulator/MyScriptInteractiveInk-Runtime/MyScriptInteractiveInk_Runtime.modulemap' not found
fatal error: module map file '/Users/andrewallen/Library/Developer/Xcode/DerivedData/InkOS-hihmbestuurshsgyovxqmygopffq/Build/Products/Debug-iphonesimulator/MyScriptInteractiveInk-Runtime/MyScriptInteractiveInk_Runtime.modulemap' not found
fatal error: module map file '/Users/andrewallen/Library/Developer/Xcode/DerivedData/InkOS-hihmbestuurshsgyovxqmygopffq/Build/Products/Debug-iphonesimulator/MyScriptInteractiveInk-Runtime/MyScriptInteractiveInk_Runtime.modulemap' not found
fatal error: module map file '/Users/andrewallen/Library/Developer/Xcode/DerivedData/InkOS-hihmbestuurshsgyovxqmygopffq/Build/Products/Debug-iphonesimulator/MyScriptInteractiveInk-Runtime/MyScriptInteractiveInk_Runtime.modulemap' not found
fatal error: module map file '/Users/andrewallen/Library/Developer/Xcode/DerivedData/InkOS-hihmbestuurshsgyovxqmygopffq/Build/Products/Debug-iphonesimulator/MyScriptInteractiveInk-Runtime/MyScriptInteractiveInk_Runtime.modulemap' not found
fatal error: module map file '/Users/andrewallen/Library/Developer/Xcode/DerivedData/InkOS-hihmbestuurshsgyovxqmygopffq/Build/Products/Debug-iphonesimulator/MyScriptInteractiveInk-Runtime/MyScriptInteractiveInk_Runtime.modulemap' not found
fatal error: module map file '/Users/andrewallen/Library/Developer/Xcode/DerivedData/InkOS-hihmbestuurshsgyovxqmygopffq/Build/Products/Debug-iphonesimulator/MyScriptInteractiveInk-Runtime/MyScriptInteractiveInk_Runtime.modulemap' not found
fatal error: module map file '/Users/andrewallen/Library/Developer/Xcode/DerivedData/InkOS-hihmbestuurshsgyovxqmygopffq/Build/Products/Debug-iphonesimulator/MyScriptInteractiveInk-Runtime/MyScriptInteractiveInk_Runtime.modulemap' not found
fatal error: module map file '/Users/andrewallen/Library/Developer/Xcode/DerivedData/InkOS-hihmbestuurshsgyovxqmygopffq/Build/Products/Debug-iphonesimulator/MyScriptInteractiveInk-Runtime/MyScriptInteractiveInk_Runtime.modulemap' not found
fatal error: module map file '/Users/andrewallen/Library/Developer/Xcode/DerivedData/InkOS-hihmbestuurshsgyovxqmygopffq/Build/Products/Debug-iphonesimulator/MyScriptInteractiveInk-Runtime/MyScriptInteractiveInk_Runtime.modulemap' not found
fatal error: module map file '/Users/andrewallen/Library/Developer/Xcode/DerivedData/InkOS-hihmbestuurshsgyovxqmygopffq/Build/Products/Debug-iphonesimulator/MyScriptInteractiveInk-Runtime/MyScriptInteractiveInk_Runtime.modulemap' not found

error: Clang dependency scanner failure: fatal error: module map file '/Users/andrewallen/Library/Developer/Xcode/DerivedData/InkOS-hihmbestuurshsgyovxqmygopffq/Build/Products/Debug-iphonesimulator/MyScriptInteractiveInk-Runtime/MyScriptInteractiveInk_Runtime.modulemap' not found
fatal error: module map file '/Users/andrewallen/Library/Developer/Xcode/DerivedData/InkOS-hihmbestuurshsgyovxqmygopffq/Build/Products/Debug-iphonesimulator/MyScriptInteractiveInk-Runtime/MyScriptInteractiveInk_Runtime.modulemap' not found

error: Clang dependency scanner failure: fatal error: module map file '/Users/andrewallen/Library/Developer/Xcode/DerivedData/InkOS-hihmbestuurshsgyovxqmygopffq/Build/Products/Debug-iphonesimulator/MyScriptInteractiveInk-Runtime/MyScriptInteractiveInk_Runtime.modulemap' not found
fatal error: module map file '/Users/andrewallen/Library/Developer/Xcode/DerivedData/InkOS-hihmbestuurshsgyovxqmygopffq/Build/Products/Debug-iphonesimulator/MyScriptInteractiveInk-Runtime/MyScriptInteractiveInk_Runtime.modulemap' not found
fatal error: module map file '/Users/andrewallen/Library/Developer/Xcode/DerivedData/InkOS-hihmbestuurshsgyovxqmygopffq/Build/Products/Debug-iphonesimulator/MyScriptInteractiveInk-Runtime/MyScriptInteractiveInk_Runtime.modulemap' not found
fatal error: module map file '/Users/andrewallen/Library/Developer/Xcode/DerivedData/InkOS-hihmbestuurshsgyovxqmygopffq/Build/Products/Debug-iphonesimulator/MyScriptInteractiveInk-Runtime/MyScriptInteractiveInk_Runtime.modulemap' not found
fatal error: module map file '/Users/andrewallen/Library/Developer/Xcode/DerivedData/InkOS-hihmbestuurshsgyovxqmygopffq/Build/Products/Debug-iphonesimulator/MyScriptInteractiveInk-Runtime/MyScriptInteractiveInk_Runtime.modulemap' not found
fatal error: module map file '/Users/andrewallen/Library/Developer/Xcode/DerivedData/InkOS-hihmbestuurshsgyovxqmygopffq/Build/Products/Debug-iphonesimulator/MyScriptInteractiveInk-Runtime/MyScriptInteractiveInk_Runtime.modulemap' not found
fatal error: module map file '/Users/andrewallen/Library/Developer/Xcode/DerivedData/InkOS-hihmbestuurshsgyovxqmygopffq/Build/Products/Debug-iphonesimulator/MyScriptInteractiveInk-Runtime/MyScriptInteractiveInk_Runtime.modulemap' not found
fatal error: module map file '/Users/andrewallen/Library/Developer/Xcode/DerivedData/InkOS-hihmbestuurshsgyovxqmygopffq/Build/Products/Debug-iphonesimulator/MyScriptInteractiveInk-Runtime/MyScriptInteractiveInk_Runtime.modulemap' not found
fatal error: module map file '/Users/andrewallen/Library/Developer/Xcode/DerivedData/InkOS-hihmbestuurshsgyovxqmygopffq/Build/Products/Debug-iphonesimulator/MyScriptInteractiveInk-Runtime/MyScriptInteractiveInk_Runtime.modulemap' not found
fatal error: module map file '/Users/andrewallen/Library/Developer/Xcode/DerivedData/InkOS-hihmbestuurshsgyovxqmygopffq/Build/Products/Debug-iphonesimulator/MyScriptInteractiveInk-Runtime/MyScriptInteractiveInk_Runtime.modulemap' not found
fatal error: module map file '/Users/andrewallen/Library/Developer/Xcode/DerivedData/InkOS-hihmbestuurshsgyovxqmygopffq/Build/Products/Debug-iphonesimulator/MyScriptInteractiveInk-Runtime/MyScriptInteractiveInk_Runtime.modulemap' not found
fatal error: module map file '/Users/andrewallen/Library/Developer/Xcode/DerivedData/InkOS-hihmbestuurshsgyovxqmygopffq/Build/Products/Debug-iphonesimulator/MyScriptInteractiveInk-Runtime/MyScriptInteractiveInk_Runtime.modulemap' not found
fatal error: module map file '/Users/andrewallen/Library/Developer/Xcode/DerivedData/InkOS-hihmbestuurshsgyovxqmygopffq/Build/Products/Debug-iphonesimulator/MyScriptInteractiveInk-Runtime/MyScriptInteractiveInk_Runtime.modulemap' not found

error: Clang dependency scanner failure: fatal error: module map file '/Users/andrewallen/Library/Developer/Xcode/DerivedData/InkOS-hihmbestuurshsgyovxqmygopffq/Build/Products/Debug-iphonesimulator/MyScriptInteractiveInk-Runtime/MyScriptInteractiveInk_Runtime.modulemap' not found
fatal error: module map file '/Users/andrewallen/Library/Developer/Xcode/DerivedData/InkOS-hihmbestuurshsgyovxqmygopffq/Build/Products/Debug-iphonesimulator/MyScriptInteractiveInk-Runtime/MyScriptInteractiveInk_Runtime.modulemap' not found
fatal error: module map file '/Users/andrewallen/Library/Developer/Xcode/DerivedData/InkOS-hihmbestuurshsgyovxqmygopffq/Build/Products/Debug-iphonesimulator/MyScriptInteractiveInk-Runtime/MyScriptInteractiveInk_Runtime.modulemap' not found
fatal error: module map file '/Users/andrewallen/Library/Developer/Xcode/DerivedData/InkOS-hihmbestuurshsgyovxqmygopffq/Build/Products/Debug-iphonesimulator/MyScriptInteractiveInk-Runtime/MyScriptInteractiveInk_Runtime.modulemap' not found
fatal error: module map file '/Users/andrewallen/Library/Developer/Xcode/DerivedData/InkOS-hihmbestuurshsgyovxqmygopffq/Build/Products/Debug-iphonesimulator/MyScriptInteractiveInk-Runtime/MyScriptInteractiveInk_Runtime.modulemap' not found
fatal error: module map file '/Users/andrewallen/Library/Developer/Xcode/DerivedData/InkOS-hihmbestuurshsgyovxqmygopffq/Build/Products/Debug-iphonesimulator/MyScriptInteractiveInk-Runtime/MyScriptInteractiveInk_Runtime.modulemap' not found
fatal error: module map file '/Users/andrewallen/Library/Developer/Xcode/DerivedData/InkOS-hihmbestuurshsgyovxqmygopffq/Build/Products/Debug-iphonesimulator/MyScriptInteractiveInk-Runtime/MyScriptInteractiveInk_Runtime.modulemap' not found

error: Clang dependency scanner failure: fatal error: module map file '/Users/andrewallen/Library/Developer/Xcode/DerivedData/InkOS-hihmbestuurshsgyovxqmygopffq/Build/Products/Debug-iphonesimulator/MyScriptInteractiveInk-Runtime/MyScriptInteractiveInk_Runtime.modulemap' not found
fatal error: module map file '/Users/andrewallen/Library/Developer/Xcode/DerivedData/InkOS-hihmbestuurshsgyovxqmygopffq/Build/Products/Debug-iphonesimulator/MyScriptInteractiveInk-Runtime/MyScriptInteractiveInk_Runtime.modulemap' not found
fatal error: module map file '/Users/andrewallen/Library/Developer/Xcode/DerivedData/InkOS-hihmbestuurshsgyovxqmygopffq/Build/Products/Debug-iphonesimulator/MyScriptInteractiveInk-Runtime/MyScriptInteractiveInk_Runtime.modulemap' not found
fatal error: module map file '/Users/andrewallen/Library/Developer/Xcode/DerivedData/InkOS-hihmbestuurshsgyovxqmygopffq/Build/Products/Debug-iphonesimulator/MyScriptInteractiveInk-Runtime/MyScriptInteractiveInk_Runtime.modulemap' not found
fatal error: module map file '/Users/andrewallen/Library/Developer/Xcode/DerivedData/InkOS-hihmbestuurshsgyovxqmygopffq/Build/Products/Debug-iphonesimulator/MyScriptInteractiveInk-Runtime/MyScriptInteractiveInk_Runtime.modulemap' not found
fatal error: module map file '/Users/andrewallen/Library/Developer/Xcode/DerivedData/InkOS-hihmbestuurshsgyovxqmygopffq/Build/Products/Debug-iphonesimulator/MyScriptInteractiveInk-Runtime/MyScriptInteractiveInk_Runtime.modulemap' not found
fatal error: module map file '/Users/andrewallen/Library/Developer/Xcode/DerivedData/InkOS-hihmbestuurshsgyovxqmygopffq/Build/Products/Debug-iphonesimulator/MyScriptInteractiveInk-Runtime/MyScriptInteractiveInk_Runtime.modulemap' not found
fatal error: module map file '/Users/andrewallen/Library/Developer/Xcode/DerivedData/InkOS-hihmbestuurshsgyovxqmygopffq/Build/Products/Debug-iphonesimulator/MyScriptInteractiveInk-Runtime/MyScriptInteractiveInk_Runtime.modulemap' not found
fatal error: module map file '/Users/andrewallen/Library/Developer/Xcode/DerivedData/InkOS-hihmbestuurshsgyovxqmygopffq/Build/Products/Debug-iphonesimulator/MyScriptInteractiveInk-Runtime/MyScriptInteractiveInk_Runtime.modulemap' not found
fatal error: module map file '/Users/andrewallen/Library/Developer/Xcode/DerivedData/InkOS-hihmbestuurshsgyovxqmygopffq/Build/Products/Debug-iphonesimulator/MyScriptInteractiveInk-Runtime/MyScriptInteractiveInk_Runtime.modulemap' not found
fatal error: module map file '/Users/andrewallen/Library/Developer/Xcode/DerivedData/InkOS-hihmbestuurshsgyovxqmygopffq/Build/Products/Debug-iphonesimulator/MyScriptInteractiveInk-Runtime/MyScriptInteractiveInk_Runtime.modulemap' not found
fatal error: module map file '/Users/andrewallen/Library/Developer/Xcode/DerivedData/InkOS-hihmbestuurshsgyovxqmygopffq/Build/Products/Debug-iphonesimulator/MyScriptInteractiveInk-Runtime/MyScriptInteractiveInk_Runtime.modulemap' not found
fatal error: module map file '/Users/andrewallen/Library/Developer/Xcode/DerivedData/InkOS-hihmbestuurshsgyovxqmygopffq/Build/Products/Debug-iphonesimulator/MyScriptInteractiveInk-Runtime/MyScriptInteractiveInk_Runtime.modulemap' not found
fatal error: module map file '/Users/andrewallen/Library/Developer/Xcode/DerivedData/InkOS-hihmbestuurshsgyovxqmygopffq/Build/Products/Debug-iphonesimulator/MyScriptInteractiveInk-Runtime/MyScriptInteractiveInk_Runtime.modulemap' not found
fatal error: module map file '/Users/andrewallen/Library/Developer/Xcode/DerivedData/InkOS-hihmbestuurshsgyovxqmygopffq/Build/Products/Debug-iphonesimulator/MyScriptInteractiveInk-Runtime/MyScriptInteractiveInk_Runtime.modulemap' not found
fatal error: module map file '/Users/andrewallen/Library/Developer/Xcode/DerivedData/InkOS-hihmbestuurshsgyovxqmygopffq/Build/Products/Debug-iphonesimulator/MyScriptInteractiveInk-Runtime/MyScriptInteractiveInk_Runtime.modulemap' not found
fatal error: module map file '/Users/andrewallen/Library/Developer/Xcode/DerivedData/InkOS-hihmbestuurshsgyovxqmygopffq/Build/Products/Debug-iphonesimulator/MyScriptInteractiveInk-Runtime/MyScriptInteractiveInk_Runtime.modulemap' not found
fatal error: module map file '/Users/andrewallen/Library/Developer/Xcode/DerivedData/InkOS-hihmbestuurshsgyovxqmygopffq/Build/Products/Debug-iphonesimulator/MyScriptInteractiveInk-Runtime/MyScriptInteractiveInk_Runtime.modulemap' not found
fatal error: module map file '/Users/andrewallen/Library/Developer/Xcode/DerivedData/InkOS-hihmbestuurshsgyovxqmygopffq/Build/Products/Debug-iphonesimulator/MyScriptInteractiveInk-Runtime/MyScriptInteractiveInk_Runtime.modulemap' not found
fatal error: module map file '/Users/andrewallen/Library/Developer/Xcode/DerivedData/InkOS-hihmbestuurshsgyovxqmygopffq/Build/Products/Debug-iphonesimulator/MyScriptInteractiveInk-Runtime/MyScriptInteractiveInk_Runtime.modulemap' not found
fatal error: module map file '/Users/andrewallen/Library/Developer/Xcode/DerivedData/InkOS-hihmbestuurshsgyovxqmygopffq/Build/Products/Debug-iphonesimulator/MyScriptInteractiveInk-Runtime/MyScriptInteractiveInk_Runtime.modulemap' not found
fatal error: module map file '/Users/andrewallen/Library/Developer/Xcode/DerivedData/InkOS-hihmbestuurshsgyovxqmygopffq/Build/Products/Debug-iphonesimulator/MyScriptInteractiveInk-Runtime/MyScriptInteractiveInk_Runtime.modulemap' not found
fatal error: module map file '/Users/andrewallen/Library/Developer/Xcode/DerivedData/InkOS-hihmbestuurshsgyovxqmygopffq/Build/Products/Debug-iphonesimulator/MyScriptInteractiveInk-Runtime/MyScriptInteractiveInk_Runtime.modulemap' not found
fatal error: module map file '/Users/andrewallen/Library/Developer/Xcode/DerivedData/InkOS-hihmbestuurshsgyovxqmygopffq/Build/Products/Debug-iphonesimulator/MyScriptInteractiveInk-Runtime/MyScriptInteractiveInk_Runtime.modulemap' not found
fatal error: module map file '/Users/andrewallen/Library/Developer/Xcode/DerivedData/InkOS-hihmbestuurshsgyovxqmygopffq/Build/Products/Debug-iphonesimulator/MyScriptInteractiveInk-Runtime/MyScriptInteractiveInk_Runtime.modulemap' not found

error: Clang dependency scanner failure: fatal error: module map file '/Users/andrewallen/Library/Developer/Xcode/DerivedData/InkOS-hihmbestuurshsgyovxqmygopffq/Build/Products/Debug-iphonesimulator/MyScriptInteractiveInk-Runtime/MyScriptInteractiveInk_Runtime.modulemap' not found
fatal error: module map file '/Users/andrewallen/Library/Developer/Xcode/DerivedData/InkOS-hihmbestuurshsgyovxqmygopffq/Build/Products/Debug-iphonesimulator/MyScriptInteractiveInk-Runtime/MyScriptInteractiveInk_Runtime.modulemap' not found
fatal error: module map file '/Users/andrewallen/Library/Developer/Xcode/DerivedData/InkOS-hihmbestuurshsgyovxqmygopffq/Build/Products/Debug-iphonesimulator/MyScriptInteractiveInk-Runtime/MyScriptInteractiveInk_Runtime.modulemap' not found
fatal error: module map file '/Users/andrewallen/Library/Developer/Xcode/DerivedData/InkOS-hihmbestuurshsgyovxqmygopffq/Build/Products/Debug-iphonesimulator/MyScriptInteractiveInk-Runtime/MyScriptInteractiveInk_Runtime.modulemap' not found
fatal error: module map file '/Users/andrewallen/Library/Developer/Xcode/DerivedData/InkOS-hihmbestuurshsgyovxqmygopffq/Build/Products/Debug-iphonesimulator/MyScriptInteractiveInk-Runtime/MyScriptInteractiveInk_Runtime.modulemap' not found
fatal error: module map file '/Users/andrewallen/Library/Developer/Xcode/DerivedData/InkOS-hihmbestuurshsgyovxqmygopffq/Build/Products/Debug-iphonesimulator/MyScriptInteractiveInk-Runtime/MyScriptInteractiveInk_Runtime.modulemap' not found
fatal error: module map file '/Users/andrewallen/Library/Developer/Xcode/DerivedData/InkOS-hihmbestuurshsgyovxqmygopffq/Build/Products/Debug-iphonesimulator/MyScriptInteractiveInk-Runtime/MyScriptInteractiveInk_Runtime.modulemap' not found
fatal error: module map file '/Users/andrewallen/Library/Developer/Xcode/DerivedData/InkOS-hihmbestuurshsgyovxqmygopffq/Build/Products/Debug-iphonesimulator/MyScriptInteractiveInk-Runtime/MyScriptInteractiveInk_Runtime.modulemap' not found
fatal error: module map file '/Users/andrewallen/Library/Developer/Xcode/DerivedData/InkOS-hihmbestuurshsgyovxqmygopffq/Build/Products/Debug-iphonesimulator/MyScriptInteractiveInk-Runtime/MyScriptInteractiveInk_Runtime.modulemap' not found
fatal error: module map file '/Users/andrewallen/Library/Developer/Xcode/DerivedData/InkOS-hihmbestuurshsgyovxqmygopffq/Build/Products/Debug-iphonesimulator/MyScriptInteractiveInk-Runtime/MyScriptInteractiveInk_Runtime.modulemap' not found
fatal error: module map file '/Users/andrewallen/Library/Developer/Xcode/DerivedData/InkOS-hihmbestuurshsgyovxqmygopffq/Build/Products/Debug-iphonesimulator/MyScriptInteractiveInk-Runtime/MyScriptInteractiveInk_Runtime.modulemap' not found
fatal error: module map file '/Users/andrewallen/Library/Developer/Xcode/DerivedData/InkOS-hihmbestuurshsgyovxqmygopffq/Build/Products/Debug-iphonesimulator/MyScriptInteractiveInk-Runtime/MyScriptInteractiveInk_Runtime.modulemap' not found
fatal error: module map file '/Users/andrewallen/Library/Developer/Xcode/DerivedData/InkOS-hihmbestuurshsgyovxqmygopffq/Build/Products/Debug-iphonesimulator/MyScriptInteractiveInk-Runtime/MyScriptInteractiveInk_Runtime.modulemap' not found
fatal error: module map file '/Users/andrewallen/Library/Developer/Xcode/DerivedData/InkOS-hihmbestuurshsgyovxqmygopffq/Build/Products/Debug-iphonesimulator/MyScriptInteractiveInk-Runtime/MyScriptInteractiveInk_Runtime.modulemap' not found

error: Clang dependency scanner failure: fatal error: module map file '/Users/andrewallen/Library/Developer/Xcode/DerivedData/InkOS-hihmbestuurshsgyovxqmygopffq/Build/Products/Debug-iphonesimulator/MyScriptInteractiveInk-Runtime/MyScriptInteractiveInk_Runtime.modulemap' not found
fatal error: module map file '/Users/andrewallen/Library/Developer/Xcode/DerivedData/InkOS-hihmbestuurshsgyovxqmygopffq/Build/Products/Debug-iphonesimulator/MyScriptInteractiveInk-Runtime/MyScriptInteractiveInk_Runtime.modulemap' not found
fatal error: module map file '/Users/andrewallen/Library/Developer/Xcode/DerivedData/InkOS-hihmbestuurshsgyovxqmygopffq/Build/Products/Debug-iphonesimulator/MyScriptInteractiveInk-Runtime/MyScriptInteractiveInk_Runtime.modulemap' not found
fatal error: module map file '/Users/andrewallen/Library/Developer/Xcode/DerivedData/InkOS-hihmbestuurshsgyovxqmygopffq/Build/Products/Debug-iphonesimulator/MyScriptInteractiveInk-Runtime/MyScriptInteractiveInk_Runtime.modulemap' not found
fatal error: module map file '/Users/andrewallen/Library/Developer/Xcode/DerivedData/InkOS-hihmbestuurshsgyovxqmygopffq/Build/Products/Debug-iphonesimulator/MyScriptInteractiveInk-Runtime/MyScriptInteractiveInk_Runtime.modulemap' not found
fatal error: module map file '/Users/andrewallen/Library/Developer/Xcode/DerivedData/InkOS-hihmbestuurshsgyovxqmygopffq/Build/Products/Debug-iphonesimulator/MyScriptInteractiveInk-Runtime/MyScriptInteractiveInk_Runtime.modulemap' not found
fatal error: module map file '/Users/andrewallen/Library/Developer/Xcode/DerivedData/InkOS-hihmbestuurshsgyovxqmygopffq/Build/Products/Debug-iphonesimulator/MyScriptInteractiveInk-Runtime/MyScriptInteractiveInk_Runtime.modulemap' not found
fatal error: module map file '/Users/andrewallen/Library/Developer/Xcode/DerivedData/InkOS-hihmbestuurshsgyovxqmygopffq/Build/Products/Debug-iphonesimulator/MyScriptInteractiveInk-Runtime/MyScriptInteractiveInk_Runtime.modulemap' not found
fatal error: module map file '/Users/andrewallen/Library/Developer/Xcode/DerivedData/InkOS-hihmbestuurshsgyovxqmygopffq/Build/Products/Debug-iphonesimulator/MyScriptInteractiveInk-Runtime/MyScriptInteractiveInk_Runtime.modulemap' not found
fatal error: module map file '/Users/andrewallen/Library/Developer/Xcode/DerivedData/InkOS-hihmbestuurshsgyovxqmygopffq/Build/Products/Debug-iphonesimulator/MyScriptInteractiveInk-Runtime/MyScriptInteractiveInk_Runtime.modulemap' not found
fatal error: module map file '/Users/andrewallen/Library/Developer/Xcode/DerivedData/InkOS-hihmbestuurshsgyovxqmygopffq/Build/Products/Debug-iphonesimulator/MyScriptInteractiveInk-Runtime/MyScriptInteractiveInk_Runtime.modulemap' not found
fatal error: module map file '/Users/andrewallen/Library/Developer/Xcode/DerivedData/InkOS-hihmbestuurshsgyovxqmygopffq/Build/Products/Debug-iphonesimulator/MyScriptInteractiveInk-Runtime/MyScriptInteractiveInk_Runtime.modulemap' not found
fatal error: module map file '/Users/andrewallen/Library/Developer/Xcode/DerivedData/InkOS-hihmbestuurshsgyovxqmygopffq/Build/Products/Debug-iphonesimulator/MyScriptInteractiveInk-Runtime/MyScriptInteractiveInk_Runtime.modulemap' not found
fatal error: module map file '/Users/andrewallen/Library/Developer/Xcode/DerivedData/InkOS-hihmbestuurshsgyovxqmygopffq/Build/Products/Debug-iphonesimulator/MyScriptInteractiveInk-Runtime/MyScriptInteractiveInk_Runtime.modulemap' not found
fatal error: module map file '/Users/andrewallen/Library/Developer/Xcode/DerivedData/InkOS-hihmbestuurshsgyovxqmygopffq/Build/Products/Debug-iphonesimulator/MyScriptInteractiveInk-Runtime/MyScriptInteractiveInk_Runtime.modulemap' not found
fatal error: module map file '/Users/andrewallen/Library/Developer/Xcode/DerivedData/InkOS-hihmbestuurshsgyovxqmygopffq/Build/Products/Debug-iphonesimulator/MyScriptInteractiveInk-Runtime/MyScriptInteractiveInk_Runtime.modulemap' not found
fatal error: module map file '/Users/andrewallen/Library/Developer/Xcode/DerivedData/InkOS-hihmbestuurshsgyovxqmygopffq/Build/Products/Debug-iphonesimulator/MyScriptInteractiveInk-Runtime/MyScriptInteractiveInk_Runtime.modulemap' not found
fatal error: module map file '/Users/andrewallen/Library/Developer/Xcode/DerivedData/InkOS-hihmbestuurshsgyovxqmygopffq/Build/Products/Debug-iphonesimulator/MyScriptInteractiveInk-Runtime/MyScriptInteractiveInk_Runtime.modulemap' not found
fatal error: module map file '/Users/andrewallen/Library/Developer/Xcode/DerivedData/InkOS-hihmbestuurshsgyovxqmygopffq/Build/Products/Debug-iphonesimulator/MyScriptInteractiveInk-Runtime/MyScriptInteractiveInk_Runtime.modulemap' not found
fatal error: module map file '/Users/andrewallen/Library/Developer/Xcode/DerivedData/InkOS-hihmbestuurshsgyovxqmygopffq/Build/Products/Debug-iphonesimulator/MyScriptInteractiveInk-Runtime/MyScriptInteractiveInk_Runtime.modulemap' not found
fatal error: module map file '/Users/andrewallen/Library/Developer/Xcode/DerivedData/InkOS-hihmbestuurshsgyovxqmygopffq/Build/Products/Debug-iphonesimulator/MyScriptInteractiveInk-Runtime/MyScriptInteractiveInk_Runtime.modulemap' not found
fatal error: module map file '/Users/andrewallen/Library/Developer/Xcode/DerivedData/InkOS-hihmbestuurshsgyovxqmygopffq/Build/Products/Debug-iphonesimulator/MyScriptInteractiveInk-Runtime/MyScriptInteractiveInk_Runtime.modulemap' not found
fatal error: module map file '/Users/andrewallen/Library/Developer/Xcode/DerivedData/InkOS-hihmbestuurshsgyovxqmygopffq/Build/Products/Debug-iphonesimulator/MyScriptInteractiveInk-Runtime/MyScriptInteractiveInk_Runtime.modulemap' not found
fatal error: module map file '/Users/andrewallen/Library/Developer/Xcode/DerivedData/InkOS-hihmbestuurshsgyovxqmygopffq/Build/Products/Debug-iphonesimulator/MyScriptInteractiveInk-Runtime/MyScriptInteractiveInk_Runtime.modulemap' not found

error: Clang dependency scanner failure: fatal error: module map file '/Users/andrewallen/Library/Developer/Xcode/DerivedData/InkOS-hihmbestuurshsgyovxqmygopffq/Build/Products/Debug-iphonesimulator/MyScriptInteractiveInk-Runtime/MyScriptInteractiveInk_Runtime.modulemap' not found
fatal error: module map file '/Users/andrewallen/Library/Developer/Xcode/DerivedData/InkOS-hihmbestuurshsgyovxqmygopffq/Build/Products/Debug-iphonesimulator/MyScriptInteractiveInk-Runtime/MyScriptInteractiveInk_Runtime.modulemap' not found

error: Clang dependency scanner failure: fatal error: module map file '/Users/andrewallen/Library/Developer/Xcode/DerivedData/InkOS-hihmbestuurshsgyovxqmygopffq/Build/Products/Debug-iphonesimulator/MyScriptInteractiveInk-Runtime/MyScriptInteractiveInk_Runtime.modulemap' not found
fatal error: module map file '/Users/andrewallen/Library/Developer/Xcode/DerivedData/InkOS-hihmbestuurshsgyovxqmygopffq/Build/Products/Debug-iphonesimulator/MyScriptInteractiveInk-Runtime/MyScriptInteractiveInk_Runtime.modulemap' not found
fatal error: module map file '/Users/andrewallen/Library/Developer/Xcode/DerivedData/InkOS-hihmbestuurshsgyovxqmygopffq/Build/Products/Debug-iphonesimulator/MyScriptInteractiveInk-Runtime/MyScriptInteractiveInk_Runtime.modulemap' not found
fatal error: module map file '/Users/andrewallen/Library/Developer/Xcode/DerivedData/InkOS-hihmbestuurshsgyovxqmygopffq/Build/Products/Debug-iphonesimulator/MyScriptInteractiveInk-Runtime/MyScriptInteractiveInk_Runtime.modulemap' not found
fatal error: module map file '/Users/andrewallen/Library/Developer/Xcode/DerivedData/InkOS-hihmbestuurshsgyovxqmygopffq/Build/Products/Debug-iphonesimulator/MyScriptInteractiveInk-Runtime/MyScriptInteractiveInk_Runtime.modulemap' not found
fatal error: module map file '/Users/andrewallen/Library/Developer/Xcode/DerivedData/InkOS-hihmbestuurshsgyovxqmygopffq/Build/Products/Debug-iphonesimulator/MyScriptInteractiveInk-Runtime/MyScriptInteractiveInk_Runtime.modulemap' not found
fatal error: module map file '/Users/andrewallen/Library/Developer/Xcode/DerivedData/InkOS-hihmbestuurshsgyovxqmygopffq/Build/Products/Debug-iphonesimulator/MyScriptInteractiveInk-Runtime/MyScriptInteractiveInk_Runtime.modulemap' not found
fatal error: module map file '/Users/andrewallen/Library/Developer/Xcode/DerivedData/InkOS-hihmbestuurshsgyovxqmygopffq/Build/Products/Debug-iphonesimulator/MyScriptInteractiveInk-Runtime/MyScriptInteractiveInk_Runtime.modulemap' not found
fatal error: module map file '/Users/andrewallen/Library/Developer/Xcode/DerivedData/InkOS-hihmbestuurshsgyovxqmygopffq/Build/Products/Debug-iphonesimulator/MyScriptInteractiveInk-Runtime/MyScriptInteractiveInk_Runtime.modulemap' not found
fatal error: module map file '/Users/andrewallen/Library/Developer/Xcode/DerivedData/InkOS-hihmbestuurshsgyovxqmygopffq/Build/Products/Debug-iphonesimulator/MyScriptInteractiveInk-Runtime/MyScriptInteractiveInk_Runtime.modulemap' not found
fatal error: module map file '/Users/andrewallen/Library/Developer/Xcode/DerivedData/InkOS-hihmbestuurshsgyovxqmygopffq/Build/Products/Debug-iphonesimulator/MyScriptInteractiveInk-Runtime/MyScriptInteractiveInk_Runtime.modulemap' not found
fatal error: module map file '/Users/andrewallen/Library/Developer/Xcode/DerivedData/InkOS-hihmbestuurshsgyovxqmygopffq/Build/Products/Debug-iphonesimulator/MyScriptInteractiveInk-Runtime/MyScriptInteractiveInk_Runtime.modulemap' not found
fatal error: module map file '/Users/andrewallen/Library/Developer/Xcode/DerivedData/InkOS-hihmbestuurshsgyovxqmygopffq/Build/Products/Debug-iphonesimulator/MyScriptInteractiveInk-Runtime/MyScriptInteractiveInk_Runtime.modulemap' not found
fatal error: module map file '/Users/andrewallen/Library/Developer/Xcode/DerivedData/InkOS-hihmbestuurshsgyovxqmygopffq/Build/Products/Debug-iphonesimulator/MyScriptInteractiveInk-Runtime/MyScriptInteractiveInk_Runtime.modulemap' not found
fatal error: module map file '/Users/andrewallen/Library/Developer/Xcode/DerivedData/InkOS-hihmbestuurshsgyovxqmygopffq/Build/Products/Debug-iphonesimulator/MyScriptInteractiveInk-Runtime/MyScriptInteractiveInk_Runtime.modulemap' not found
fatal error: module map file '/Users/andrewallen/Library/Developer/Xcode/DerivedData/InkOS-hihmbestuurshsgyovxqmygopffq/Build/Products/Debug-iphonesimulator/MyScriptInteractiveInk-Runtime/MyScriptInteractiveInk_Runtime.modulemap' not found
fatal error: module map file '/Users/andrewallen/Library/Developer/Xcode/DerivedData/InkOS-hihmbestuurshsgyovxqmygopffq/Build/Products/Debug-iphonesimulator/MyScriptInteractiveInk-Runtime/MyScriptInteractiveInk_Runtime.modulemap' not found
fatal error: module map file '/Users/andrewallen/Library/Developer/Xcode/DerivedData/InkOS-hihmbestuurshsgyovxqmygopffq/Build/Products/Debug-iphonesimulator/MyScriptInteractiveInk-Runtime/MyScriptInteractiveInk_Runtime.modulemap' not found
fatal error: module map file '/Users/andrewallen/Library/Developer/Xcode/DerivedData/InkOS-hihmbestuurshsgyovxqmygopffq/Build/Products/Debug-iphonesimulator/MyScriptInteractiveInk-Runtime/MyScriptInteractiveInk_Runtime.modulemap' not found
fatal error: module map file '/Users/andrewallen/Library/Developer/Xcode/DerivedData/InkOS-hihmbestuurshsgyovxqmygopffq/Build/Products/Debug-iphonesimulator/MyScriptInteractiveInk-Runtime/MyScriptInteractiveInk_Runtime.modulemap' not found
fatal error: module map file '/Users/andrewallen/Library/Developer/Xcode/DerivedData/InkOS-hihmbestuurshsgyovxqmygopffq/Build/Products/Debug-iphonesimulator/MyScriptInteractiveInk-Runtime/MyScriptInteractiveInk_Runtime.modulemap' not found
fatal error: module map file '/Users/andrewallen/Library/Developer/Xcode/DerivedData/InkOS-hihmbestuurshsgyovxqmygopffq/Build/Products/Debug-iphonesimulator/MyScriptInteractiveInk-Runtime/MyScriptInteractiveInk_Runtime.modulemap' not found
fatal error: module map file '/Users/andrewallen/Library/Developer/Xcode/DerivedData/InkOS-hihmbestuurshsgyovxqmygopffq/Build/Products/Debug-iphonesimulator/MyScriptInteractiveInk-Runtime/MyScriptInteractiveInk_Runtime.modulemap' not found
fatal error: module map file '/Users/andrewallen/Library/Developer/Xcode/DerivedData/InkOS-hihmbestuurshsgyovxqmygopffq/Build/Products/Debug-iphonesimulator/MyScriptInteractiveInk-Runtime/MyScriptInteractiveInk_Runtime.modulemap' not found
fatal error: module map file '/Users/andrewallen/Library/Developer/Xcode/DerivedData/InkOS-hihmbestuurshsgyovxqmygopffq/Build/Products/Debug-iphonesimulator/MyScriptInteractiveInk-Runtime/MyScriptInteractiveInk_Runtime.modulemap' not found

error: Clang dependency scanner failure: fatal error: module map file '/Users/andrewallen/Library/Developer/Xcode/DerivedData/InkOS-hihmbestuurshsgyovxqmygopffq/Build/Products/Debug-iphonesimulator/MyScriptInteractiveInk-Runtime/MyScriptInteractiveInk_Runtime.modulemap' not found
fatal error: module map file '/Users/andrewallen/Library/Developer/Xcode/DerivedData/InkOS-hihmbestuurshsgyovxqmygopffq/Build/Products/Debug-iphonesimulator/MyScriptInteractiveInk-Runtime/MyScriptInteractiveInk_Runtime.modulemap' not found
fatal error: module map file '/Users/andrewallen/Library/Developer/Xcode/DerivedData/InkOS-hihmbestuurshsgyovxqmygopffq/Build/Products/Debug-iphonesimulator/MyScriptInteractiveInk-Runtime/MyScriptInteractiveInk_Runtime.modulemap' not found
fatal error: module map file '/Users/andrewallen/Library/Developer/Xcode/DerivedData/InkOS-hihmbestuurshsgyovxqmygopffq/Build/Products/Debug-iphonesimulator/MyScriptInteractiveInk-Runtime/MyScriptInteractiveInk_Runtime.modulemap' not found
fatal error: module map file '/Users/andrewallen/Library/Developer/Xcode/DerivedData/InkOS-hihmbestuurshsgyovxqmygopffq/Build/Products/Debug-iphonesimulator/MyScriptInteractiveInk-Runtime/MyScriptInteractiveInk_Runtime.modulemap' not found
fatal error: module map file '/Users/andrewallen/Library/Developer/Xcode/DerivedData/InkOS-hihmbestuurshsgyovxqmygopffq/Build/Products/Debug-iphonesimulator/MyScriptInteractiveInk-Runtime/MyScriptInteractiveInk_Runtime.modulemap' not found
fatal error: module map file '/Users/andrewallen/Library/Developer/Xcode/DerivedData/InkOS-hihmbestuurshsgyovxqmygopffq/Build/Products/Debug-iphonesimulator/MyScriptInteractiveInk-Runtime/MyScriptInteractiveInk_Runtime.modulemap' not found
fatal error: module map file '/Users/andrewallen/Library/Developer/Xcode/DerivedData/InkOS-hihmbestuurshsgyovxqmygopffq/Build/Products/Debug-iphonesimulator/MyScriptInteractiveInk-Runtime/MyScriptInteractiveInk_Runtime.modulemap' not found
fatal error: module map file '/Users/andrewallen/Library/Developer/Xcode/DerivedData/InkOS-hihmbestuurshsgyovxqmygopffq/Build/Products/Debug-iphonesimulator/MyScriptInteractiveInk-Runtime/MyScriptInteractiveInk_Runtime.modulemap' not found
fatal error: module map file '/Users/andrewallen/Library/Developer/Xcode/DerivedData/InkOS-hihmbestuurshsgyovxqmygopffq/Build/Products/Debug-iphonesimulator/MyScriptInteractiveInk-Runtime/MyScriptInteractiveInk_Runtime.modulemap' not found
fatal error: module map file '/Users/andrewallen/Library/Developer/Xcode/DerivedData/InkOS-hihmbestuurshsgyovxqmygopffq/Build/Products/Debug-iphonesimulator/MyScriptInteractiveInk-Runtime/MyScriptInteractiveInk_Runtime.modulemap' not found
fatal error: module map file '/Users/andrewallen/Library/Developer/Xcode/DerivedData/InkOS-hihmbestuurshsgyovxqmygopffq/Build/Products/Debug-iphonesimulator/MyScriptInteractiveInk-Runtime/MyScriptInteractiveInk_Runtime.modulemap' not found
fatal error: module map file '/Users/andrewallen/Library/Developer/Xcode/DerivedData/InkOS-hihmbestuurshsgyovxqmygopffq/Build/Products/Debug-iphonesimulator/MyScriptInteractiveInk-Runtime/MyScriptInteractiveInk_Runtime.modulemap' not found
fatal error: module map file '/Users/andrewallen/Library/Developer/Xcode/DerivedData/InkOS-hihmbestuurshsgyovxqmygopffq/Build/Products/Debug-iphonesimulator/MyScriptInteractiveInk-Runtime/MyScriptInteractiveInk_Runtime.modulemap' not found
fatal error: module map file '/Users/andrewallen/Library/Developer/Xcode/DerivedData/InkOS-hihmbestuurshsgyovxqmygopffq/Build/Products/Debug-iphonesimulator/MyScriptInteractiveInk-Runtime/MyScriptInteractiveInk_Runtime.modulemap' not found
fatal error: module map file '/Users/andrewallen/Library/Developer/Xcode/DerivedData/InkOS-hihmbestuurshsgyovxqmygopffq/Build/Products/Debug-iphonesimulator/MyScriptInteractiveInk-Runtime/MyScriptInteractiveInk_Runtime.modulemap' not found
fatal error: module map file '/Users/andrewallen/Library/Developer/Xcode/DerivedData/InkOS-hihmbestuurshsgyovxqmygopffq/Build/Products/Debug-iphonesimulator/MyScriptInteractiveInk-Runtime/MyScriptInteractiveInk_Runtime.modulemap' not found
fatal error: module map file '/Users/andrewallen/Library/Developer/Xcode/DerivedData/InkOS-hihmbestuurshsgyovxqmygopffq/Build/Products/Debug-iphonesimulator/MyScriptInteractiveInk-Runtime/MyScriptInteractiveInk_Runtime.modulemap' not found
fatal error: module map file '/Users/andrewallen/Library/Developer/Xcode/DerivedData/InkOS-hihmbestuurshsgyovxqmygopffq/Build/Products/Debug-iphonesimulator/MyScriptInteractiveInk-Runtime/MyScriptInteractiveInk_Runtime.modulemap' not found
fatal error: module map file '/Users/andrewallen/Library/Developer/Xcode/DerivedData/InkOS-hihmbestuurshsgyovxqmygopffq/Build/Products/Debug-iphonesimulator/MyScriptInteractiveInk-Runtime/MyScriptInteractiveInk_Runtime.modulemap' not found
fatal error: module map file '/Users/andrewallen/Library/Developer/Xcode/DerivedData/InkOS-hihmbestuurshsgyovxqmygopffq/Build/Products/Debug-iphonesimulator/MyScriptInteractiveInk-Runtime/MyScriptInteractiveInk_Runtime.modulemap' not found
fatal error: module map file '/Users/andrewallen/Library/Developer/Xcode/DerivedData/InkOS-hihmbestuurshsgyovxqmygopffq/Build/Products/Debug-iphonesimulator/MyScriptInteractiveInk-Runtime/MyScriptInteractiveInk_Runtime.modulemap' not found
fatal error: module map file '/Users/andrewallen/Library/Developer/Xcode/DerivedData/InkOS-hihmbestuurshsgyovxqmygopffq/Build/Products/Debug-iphonesimulator/MyScriptInteractiveInk-Runtime/MyScriptInteractiveInk_Runtime.modulemap' not found
fatal error: module map file '/Users/andrewallen/Library/Developer/Xcode/DerivedData/InkOS-hihmbestuurshsgyovxqmygopffq/Build/Products/Debug-iphonesimulator/MyScriptInteractiveInk-Runtime/MyScriptInteractiveInk_Runtime.modulemap' not found
fatal error: module map file '/Users/andrewallen/Library/Developer/Xcode/DerivedData/InkOS-hihmbestuurshsgyovxqmygopffq/Build/Products/Debug-iphonesimulator/MyScriptInteractiveInk-Runtime/MyScriptInteractiveInk_Runtime.modulemap' not found

error: Clang dependency scanner failure: fatal error: module map file '/Users/andrewallen/Library/Developer/Xcode/DerivedData/InkOS-hihmbestuurshsgyovxqmygopffq/Build/Products/Debug-iphonesimulator/MyScriptInteractiveInk-Runtime/MyScriptInteractiveInk_Runtime.modulemap' not found
fatal error: module map file '/Users/andrewallen/Library/Developer/Xcode/DerivedData/InkOS-hihmbestuurshsgyovxqmygopffq/Build/Products/Debug-iphonesimulator/MyScriptInteractiveInk-Runtime/MyScriptInteractiveInk_Runtime.modulemap' not found
fatal error: module map file '/Users/andrewallen/Library/Developer/Xcode/DerivedData/InkOS-hihmbestuurshsgyovxqmygopffq/Build/Products/Debug-iphonesimulator/MyScriptInteractiveInk-Runtime/MyScriptInteractiveInk_Runtime.modulemap' not found
fatal error: module map file '/Users/andrewallen/Library/Developer/Xcode/DerivedData/InkOS-hihmbestuurshsgyovxqmygopffq/Build/Products/Debug-iphonesimulator/MyScriptInteractiveInk-Runtime/MyScriptInteractiveInk_Runtime.modulemap' not found
fatal error: module map file '/Users/andrewallen/Library/Developer/Xcode/DerivedData/InkOS-hihmbestuurshsgyovxqmygopffq/Build/Products/Debug-iphonesimulator/MyScriptInteractiveInk-Runtime/MyScriptInteractiveInk_Runtime.modulemap' not found
fatal error: module map file '/Users/andrewallen/Library/Developer/Xcode/DerivedData/InkOS-hihmbestuurshsgyovxqmygopffq/Build/Products/Debug-iphonesimulator/MyScriptInteractiveInk-Runtime/MyScriptInteractiveInk_Runtime.modulemap' not found
fatal error: module map file '/Users/andrewallen/Library/Developer/Xcode/DerivedData/InkOS-hihmbestuurshsgyovxqmygopffq/Build/Products/Debug-iphonesimulator/MyScriptInteractiveInk-Runtime/MyScriptInteractiveInk_Runtime.modulemap' not found
fatal error: module map file '/Users/andrewallen/Library/Developer/Xcode/DerivedData/InkOS-hihmbestuurshsgyovxqmygopffq/Build/Products/Debug-iphonesimulator/MyScriptInteractiveInk-Runtime/MyScriptInteractiveInk_Runtime.modulemap' not found
fatal error: module map file '/Users/andrewallen/Library/Developer/Xcode/DerivedData/InkOS-hihmbestuurshsgyovxqmygopffq/Build/Products/Debug-iphonesimulator/MyScriptInteractiveInk-Runtime/MyScriptInteractiveInk_Runtime.modulemap' not found
fatal error: module map file '/Users/andrewallen/Library/Developer/Xcode/DerivedData/InkOS-hihmbestuurshsgyovxqmygopffq/Build/Products/Debug-iphonesimulator/MyScriptInteractiveInk-Runtime/MyScriptInteractiveInk_Runtime.modulemap' not found
fatal error: module map file '/Users/andrewallen/Library/Developer/Xcode/DerivedData/InkOS-hihmbestuurshsgyovxqmygopffq/Build/Products/Debug-iphonesimulator/MyScriptInteractiveInk-Runtime/MyScriptInteractiveInk_Runtime.modulemap' not found
fatal error: module map file '/Users/andrewallen/Library/Developer/Xcode/DerivedData/InkOS-hihmbestuurshsgyovxqmygopffq/Build/Products/Debug-iphonesimulator/MyScriptInteractiveInk-Runtime/MyScriptInteractiveInk_Runtime.modulemap' not found
fatal error: module map file '/Users/andrewallen/Library/Developer/Xcode/DerivedData/InkOS-hihmbestuurshsgyovxqmygopffq/Build/Products/Debug-iphonesimulator/MyScriptInteractiveInk-Runtime/MyScriptInteractiveInk_Runtime.modulemap' not found
fatal error: module map file '/Users/andrewallen/Library/Developer/Xcode/DerivedData/InkOS-hihmbestuurshsgyovxqmygopffq/Build/Products/Debug-iphonesimulator/MyScriptInteractiveInk-Runtime/MyScriptInteractiveInk_Runtime.modulemap' not found
fatal error: module map file '/Users/andrewallen/Library/Developer/Xcode/DerivedData/InkOS-hihmbestuurshsgyovxqmygopffq/Build/Products/Debug-iphonesimulator/MyScriptInteractiveInk-Runtime/MyScriptInteractiveInk_Runtime.modulemap' not found
fatal error: module map file '/Users/andrewallen/Library/Developer/Xcode/DerivedData/InkOS-hihmbestuurshsgyovxqmygopffq/Build/Products/Debug-iphonesimulator/MyScriptInteractiveInk-Runtime/MyScriptInteractiveInk_Runtime.modulemap' not found
fatal error: module map file '/Users/andrewallen/Library/Developer/Xcode/DerivedData/InkOS-hihmbestuurshsgyovxqmygopffq/Build/Products/Debug-iphonesimulator/MyScriptInteractiveInk-Runtime/MyScriptInteractiveInk_Runtime.modulemap' not found
fatal error: module map file '/Users/andrewallen/Library/Developer/Xcode/DerivedData/InkOS-hihmbestuurshsgyovxqmygopffq/Build/Products/Debug-iphonesimulator/MyScriptInteractiveInk-Runtime/MyScriptInteractiveInk_Runtime.modulemap' not found
fatal error: module map file '/Users/andrewallen/Library/Developer/Xcode/DerivedData/InkOS-hihmbestuurshsgyovxqmygopffq/Build/Products/Debug-iphonesimulator/MyScriptInteractiveInk-Runtime/MyScriptInteractiveInk_Runtime.modulemap' not found
fatal error: module map file '/Users/andrewallen/Library/Developer/Xcode/DerivedData/InkOS-hihmbestuurshsgyovxqmygopffq/Build/Products/Debug-iphonesimulator/MyScriptInteractiveInk-Runtime/MyScriptInteractiveInk_Runtime.modulemap' not found
fatal error: module map file '/Users/andrewallen/Library/Developer/Xcode/DerivedData/InkOS-hihmbestuurshsgyovxqmygopffq/Build/Products/Debug-iphonesimulator/MyScriptInteractiveInk-Runtime/MyScriptInteractiveInk_Runtime.modulemap' not found
fatal error: module map file '/Users/andrewallen/Library/Developer/Xcode/DerivedData/InkOS-hihmbestuurshsgyovxqmygopffq/Build/Products/Debug-iphonesimulator/MyScriptInteractiveInk-Runtime/MyScriptInteractiveInk_Runtime.modulemap' not found
fatal error: module map file '/Users/andrewallen/Library/Developer/Xcode/DerivedData/InkOS-hihmbestuurshsgyovxqmygopffq/Build/Products/Debug-iphonesimulator/MyScriptInteractiveInk-Runtime/MyScriptInteractiveInk_Runtime.modulemap' not found
fatal error: module map file '/Users/andrewallen/Library/Developer/Xcode/DerivedData/InkOS-hihmbestuurshsgyovxqmygopffq/Build/Products/Debug-iphonesimulator/MyScriptInteractiveInk-Runtime/MyScriptInteractiveInk_Runtime.modulemap' not found
fatal error: module map file '/Users/andrewallen/Library/Developer/Xcode/DerivedData/InkOS-hihmbestuurshsgyovxqmygopffq/Build/Products/Debug-iphonesimulator/MyScriptInteractiveInk-Runtime/MyScriptInteractiveInk_Runtime.modulemap' not found

error: Clang dependency scanner failure: fatal error: module map file '/Users/andrewallen/Library/Developer/Xcode/DerivedData/InkOS-hihmbestuurshsgyovxqmygopffq/Build/Products/Debug-iphonesimulator/MyScriptInteractiveInk-Runtime/MyScriptInteractiveInk_Runtime.modulemap' not found
fatal error: module map file '/Users/andrewallen/Library/Developer/Xcode/DerivedData/InkOS-hihmbestuurshsgyovxqmygopffq/Build/Products/Debug-iphonesimulator/MyScriptInteractiveInk-Runtime/MyScriptInteractiveInk_Runtime.modulemap' not found
fatal error: module map file '/Users/andrewallen/Library/Developer/Xcode/DerivedData/InkOS-hihmbestuurshsgyovxqmygopffq/Build/Products/Debug-iphonesimulator/MyScriptInteractiveInk-Runtime/MyScriptInteractiveInk_Runtime.modulemap' not found
fatal error: module map file '/Users/andrewallen/Library/Developer/Xcode/DerivedData/InkOS-hihmbestuurshsgyovxqmygopffq/Build/Products/Debug-iphonesimulator/MyScriptInteractiveInk-Runtime/MyScriptInteractiveInk_Runtime.modulemap' not found
fatal error: module map file '/Users/andrewallen/Library/Developer/Xcode/DerivedData/InkOS-hihmbestuurshsgyovxqmygopffq/Build/Products/Debug-iphonesimulator/MyScriptInteractiveInk-Runtime/MyScriptInteractiveInk_Runtime.modulemap' not found
fatal error: module map file '/Users/andrewallen/Library/Developer/Xcode/DerivedData/InkOS-hihmbestuurshsgyovxqmygopffq/Build/Products/Debug-iphonesimulator/MyScriptInteractiveInk-Runtime/MyScriptInteractiveInk_Runtime.modulemap' not found
fatal error: module map file '/Users/andrewallen/Library/Developer/Xcode/DerivedData/InkOS-hihmbestuurshsgyovxqmygopffq/Build/Products/Debug-iphonesimulator/MyScriptInteractiveInk-Runtime/MyScriptInteractiveInk_Runtime.modulemap' not found
fatal error: module map file '/Users/andrewallen/Library/Developer/Xcode/DerivedData/InkOS-hihmbestuurshsgyovxqmygopffq/Build/Products/Debug-iphonesimulator/MyScriptInteractiveInk-Runtime/MyScriptInteractiveInk_Runtime.modulemap' not found
fatal error: module map file '/Users/andrewallen/Library/Developer/Xcode/DerivedData/InkOS-hihmbestuurshsgyovxqmygopffq/Build/Products/Debug-iphonesimulator/MyScriptInteractiveInk-Runtime/MyScriptInteractiveInk_Runtime.modulemap' not found
fatal error: module map file '/Users/andrewallen/Library/Developer/Xcode/DerivedData/InkOS-hihmbestuurshsgyovxqmygopffq/Build/Products/Debug-iphonesimulator/MyScriptInteractiveInk-Runtime/MyScriptInteractiveInk_Runtime.modulemap' not found
fatal error: module map file '/Users/andrewallen/Library/Developer/Xcode/DerivedData/InkOS-hihmbestuurshsgyovxqmygopffq/Build/Products/Debug-iphonesimulator/MyScriptInteractiveInk-Runtime/MyScriptInteractiveInk_Runtime.modulemap' not found
fatal error: module map file '/Users/andrewallen/Library/Developer/Xcode/DerivedData/InkOS-hihmbestuurshsgyovxqmygopffq/Build/Products/Debug-iphonesimulator/MyScriptInteractiveInk-Runtime/MyScriptInteractiveInk_Runtime.modulemap' not found
fatal error: module map file '/Users/andrewallen/Library/Developer/Xcode/DerivedData/InkOS-hihmbestuurshsgyovxqmygopffq/Build/Products/Debug-iphonesimulator/MyScriptInteractiveInk-Runtime/MyScriptInteractiveInk_Runtime.modulemap' not found
fatal error: module map file '/Users/andrewallen/Library/Developer/Xcode/DerivedData/InkOS-hihmbestuurshsgyovxqmygopffq/Build/Products/Debug-iphonesimulator/MyScriptInteractiveInk-Runtime/MyScriptInteractiveInk_Runtime.modulemap' not found
fatal error: module map file '/Users/andrewallen/Library/Developer/Xcode/DerivedData/InkOS-hihmbestuurshsgyovxqmygopffq/Build/Products/Debug-iphonesimulator/MyScriptInteractiveInk-Runtime/MyScriptInteractiveInk_Runtime.modulemap' not found
fatal error: module map file '/Users/andrewallen/Library/Developer/Xcode/DerivedData/InkOS-hihmbestuurshsgyovxqmygopffq/Build/Products/Debug-iphonesimulator/MyScriptInteractiveInk-Runtime/MyScriptInteractiveInk_Runtime.modulemap' not found
fatal error: module map file '/Users/andrewallen/Library/Developer/Xcode/DerivedData/InkOS-hihmbestuurshsgyovxqmygopffq/Build/Products/Debug-iphonesimulator/MyScriptInteractiveInk-Runtime/MyScriptInteractiveInk_Runtime.modulemap' not found
fatal error: module map file '/Users/andrewallen/Library/Developer/Xcode/DerivedData/InkOS-hihmbestuurshsgyovxqmygopffq/Build/Products/Debug-iphonesimulator/MyScriptInteractiveInk-Runtime/MyScriptInteractiveInk_Runtime.modulemap' not found
fatal error: module map file '/Users/andrewallen/Library/Developer/Xcode/DerivedData/InkOS-hihmbestuurshsgyovxqmygopffq/Build/Products/Debug-iphonesimulator/MyScriptInteractiveInk-Runtime/MyScriptInteractiveInk_Runtime.modulemap' not found
fatal error: module map file '/Users/andrewallen/Library/Developer/Xcode/DerivedData/InkOS-hihmbestuurshsgyovxqmygopffq/Build/Products/Debug-iphonesimulator/MyScriptInteractiveInk-Runtime/MyScriptInteractiveInk_Runtime.modulemap' not found
fatal error: module map file '/Users/andrewallen/Library/Developer/Xcode/DerivedData/InkOS-hihmbestuurshsgyovxqmygopffq/Build/Products/Debug-iphonesimulator/MyScriptInteractiveInk-Runtime/MyScriptInteractiveInk_Runtime.modulemap' not found
fatal error: module map file '/Users/andrewallen/Library/Developer/Xcode/DerivedData/InkOS-hihmbestuurshsgyovxqmygopffq/Build/Products/Debug-iphonesimulator/MyScriptInteractiveInk-Runtime/MyScriptInteractiveInk_Runtime.modulemap' not found
fatal error: module map file '/Users/andrewallen/Library/Developer/Xcode/DerivedData/InkOS-hihmbestuurshsgyovxqmygopffq/Build/Products/Debug-iphonesimulator/MyScriptInteractiveInk-Runtime/MyScriptInteractiveInk_Runtime.modulemap' not found
fatal error: module map file '/Users/andrewallen/Library/Developer/Xcode/DerivedData/InkOS-hihmbestuurshsgyovxqmygopffq/Build/Products/Debug-iphonesimulator/MyScriptInteractiveInk-Runtime/MyScriptInteractiveInk_Runtime.modulemap' not found
fatal error: module map file '/Users/andrewallen/Library/Developer/Xcode/DerivedData/InkOS-hihmbestuurshsgyovxqmygopffq/Build/Products/Debug-iphonesimulator/MyScriptInteractiveInk-Runtime/MyScriptInteractiveInk_Runtime.modulemap' not found
fatal error: module map file '/Users/andrewallen/Library/Developer/Xcode/DerivedData/InkOS-hihmbestuurshsgyovxqmygopffq/Build/Products/Debug-iphonesimulator/MyScriptInteractiveInk-Runtime/MyScriptInteractiveInk_Runtime.modulemap' not found
fatal error: module map file '/Users/andrewallen/Library/Developer/Xcode/DerivedData/InkOS-hihmbestuurshsgyovxqmygopffq/Build/Products/Debug-iphonesimulator/MyScriptInteractiveInk-Runtime/MyScriptInteractiveInk_Runtime.modulemap' not found
fatal error: module map file '/Users/andrewallen/Library/Developer/Xcode/DerivedData/InkOS-hihmbestuurshsgyovxqmygopffq/Build/Products/Debug-iphonesimulator/MyScriptInteractiveInk-Runtime/MyScriptInteractiveInk_Runtime.modulemap' not found
fatal error: module map file '/Users/andrewallen/Library/Developer/Xcode/DerivedData/InkOS-hihmbestuurshsgyovxqmygopffq/Build/Products/Debug-iphonesimulator/MyScriptInteractiveInk-Runtime/MyScriptInteractiveInk_Runtime.modulemap' not found
fatal error: module map file '/Users/andrewallen/Library/Developer/Xcode/DerivedData/InkOS-hihmbestuurshsgyovxqmygopffq/Build/Products/Debug-iphonesimulator/MyScriptInteractiveInk-Runtime/MyScriptInteractiveInk_Runtime.modulemap' not found

error: Clang dependency scanner failure: fatal error: module map file '/Users/andrewallen/Library/Developer/Xcode/DerivedData/InkOS-hihmbestuurshsgyovxqmygopffq/Build/Products/Debug-iphonesimulator/MyScriptInteractiveInk-Runtime/MyScriptInteractiveInk_Runtime.modulemap' not found
fatal error: module map file '/Users/andrewallen/Library/Developer/Xcode/DerivedData/InkOS-hihmbestuurshsgyovxqmygopffq/Build/Products/Debug-iphonesimulator/MyScriptInteractiveInk-Runtime/MyScriptInteractiveInk_Runtime.modulemap' not found
fatal error: module map file '/Users/andrewallen/Library/Developer/Xcode/DerivedData/InkOS-hihmbestuurshsgyovxqmygopffq/Build/Products/Debug-iphonesimulator/MyScriptInteractiveInk-Runtime/MyScriptInteractiveInk_Runtime.modulemap' not found
fatal error: module map file '/Users/andrewallen/Library/Developer/Xcode/DerivedData/InkOS-hihmbestuurshsgyovxqmygopffq/Build/Products/Debug-iphonesimulator/MyScriptInteractiveInk-Runtime/MyScriptInteractiveInk_Runtime.modulemap' not found
fatal error: module map file '/Users/andrewallen/Library/Developer/Xcode/DerivedData/InkOS-hihmbestuurshsgyovxqmygopffq/Build/Products/Debug-iphonesimulator/MyScriptInteractiveInk-Runtime/MyScriptInteractiveInk_Runtime.modulemap' not found
fatal error: module map file '/Users/andrewallen/Library/Developer/Xcode/DerivedData/InkOS-hihmbestuurshsgyovxqmygopffq/Build/Products/Debug-iphonesimulator/MyScriptInteractiveInk-Runtime/MyScriptInteractiveInk_Runtime.modulemap' not found
fatal error: module map file '/Users/andrewallen/Library/Developer/Xcode/DerivedData/InkOS-hihmbestuurshsgyovxqmygopffq/Build/Products/Debug-iphonesimulator/MyScriptInteractiveInk-Runtime/MyScriptInteractiveInk_Runtime.modulemap' not found
fatal error: module map file '/Users/andrewallen/Library/Developer/Xcode/DerivedData/InkOS-hihmbestuurshsgyovxqmygopffq/Build/Products/Debug-iphonesimulator/MyScriptInteractiveInk-Runtime/MyScriptInteractiveInk_Runtime.modulemap' not found
fatal error: module map file '/Users/andrewallen/Library/Developer/Xcode/DerivedData/InkOS-hihmbestuurshsgyovxqmygopffq/Build/Products/Debug-iphonesimulator/MyScriptInteractiveInk-Runtime/MyScriptInteractiveInk_Runtime.modulemap' not found
fatal error: module map file '/Users/andrewallen/Library/Developer/Xcode/DerivedData/InkOS-hihmbestuurshsgyovxqmygopffq/Build/Products/Debug-iphonesimulator/MyScriptInteractiveInk-Runtime/MyScriptInteractiveInk_Runtime.modulemap' not found
fatal error: module map file '/Users/andrewallen/Library/Developer/Xcode/DerivedData/InkOS-hihmbestuurshsgyovxqmygopffq/Build/Products/Debug-iphonesimulator/MyScriptInteractiveInk-Runtime/MyScriptInteractiveInk_Runtime.modulemap' not found
fatal error: module map file '/Users/andrewallen/Library/Developer/Xcode/DerivedData/InkOS-hihmbestuurshsgyovxqmygopffq/Build/Products/Debug-iphonesimulator/MyScriptInteractiveInk-Runtime/MyScriptInteractiveInk_Runtime.modulemap' not found
fatal error: module map file '/Users/andrewallen/Library/Developer/Xcode/DerivedData/InkOS-hihmbestuurshsgyovxqmygopffq/Build/Products/Debug-iphonesimulator/MyScriptInteractiveInk-Runtime/MyScriptInteractiveInk_Runtime.modulemap' not found
fatal error: module map file '/Users/andrewallen/Library/Developer/Xcode/DerivedData/InkOS-hihmbestuurshsgyovxqmygopffq/Build/Products/Debug-iphonesimulator/MyScriptInteractiveInk-Runtime/MyScriptInteractiveInk_Runtime.modulemap' not found
fatal error: module map file '/Users/andrewallen/Library/Developer/Xcode/DerivedData/InkOS-hihmbestuurshsgyovxqmygopffq/Build/Products/Debug-iphonesimulator/MyScriptInteractiveInk-Runtime/MyScriptInteractiveInk_Runtime.modulemap' not found
fatal error: module map file '/Users/andrewallen/Library/Developer/Xcode/DerivedData/InkOS-hihmbestuurshsgyovxqmygopffq/Build/Products/Debug-iphonesimulator/MyScriptInteractiveInk-Runtime/MyScriptInteractiveInk_Runtime.modulemap' not found
fatal error: module map file '/Users/andrewallen/Library/Developer/Xcode/DerivedData/InkOS-hihmbestuurshsgyovxqmygopffq/Build/Products/Debug-iphonesimulator/MyScriptInteractiveInk-Runtime/MyScriptInteractiveInk_Runtime.modulemap' not found
fatal error: module map file '/Users/andrewallen/Library/Developer/Xcode/DerivedData/InkOS-hihmbestuurshsgyovxqmygopffq/Build/Products/Debug-iphonesimulator/MyScriptInteractiveInk-Runtime/MyScriptInteractiveInk_Runtime.modulemap' not found
fatal error: module map file '/Users/andrewallen/Library/Developer/Xcode/DerivedData/InkOS-hihmbestuurshsgyovxqmygopffq/Build/Products/Debug-iphonesimulator/MyScriptInteractiveInk-Runtime/MyScriptInteractiveInk_Runtime.modulemap' not found
fatal error: module map file '/Users/andrewallen/Library/Developer/Xcode/DerivedData/InkOS-hihmbestuurshsgyovxqmygopffq/Build/Products/Debug-iphonesimulator/MyScriptInteractiveInk-Runtime/MyScriptInteractiveInk_Runtime.modulemap' not found
fatal error: module map file '/Users/andrewallen/Library/Developer/Xcode/DerivedData/InkOS-hihmbestuurshsgyovxqmygopffq/Build/Products/Debug-iphonesimulator/MyScriptInteractiveInk-Runtime/MyScriptInteractiveInk_Runtime.modulemap' not found
fatal error: module map file '/Users/andrewallen/Library/Developer/Xcode/DerivedData/InkOS-hihmbestuurshsgyovxqmygopffq/Build/Products/Debug-iphonesimulator/MyScriptInteractiveInk-Runtime/MyScriptInteractiveInk_Runtime.modulemap' not found
fatal error: module map file '/Users/andrewallen/Library/Developer/Xcode/DerivedData/InkOS-hihmbestuurshsgyovxqmygopffq/Build/Products/Debug-iphonesimulator/MyScriptInteractiveInk-Runtime/MyScriptInteractiveInk_Runtime.modulemap' not found
fatal error: module map file '/Users/andrewallen/Library/Developer/Xcode/DerivedData/InkOS-hihmbestuurshsgyovxqmygopffq/Build/Products/Debug-iphonesimulator/MyScriptInteractiveInk-Runtime/MyScriptInteractiveInk_Runtime.modulemap' not found
fatal error: module map file '/Users/andrewallen/Library/Developer/Xcode/DerivedData/InkOS-hihmbestuurshsgyovxqmygopffq/Build/Products/Debug-iphonesimulator/MyScriptInteractiveInk-Runtime/MyScriptInteractiveInk_Runtime.modulemap' not found
fatal error: module map file '/Users/andrewallen/Library/Developer/Xcode/DerivedData/InkOS-hihmbestuurshsgyovxqmygopffq/Build/Products/Debug-iphonesimulator/MyScriptInteractiveInk-Runtime/MyScriptInteractiveInk_Runtime.modulemap' not found

error: Clang dependency scanner failure: fatal error: module map file '/Users/andrewallen/Library/Developer/Xcode/DerivedData/InkOS-hihmbestuurshsgyovxqmygopffq/Build/Products/Debug-iphonesimulator/MyScriptInteractiveInk-Runtime/MyScriptInteractiveInk_Runtime.modulemap' not found
fatal error: module map file '/Users/andrewallen/Library/Developer/Xcode/DerivedData/InkOS-hihmbestuurshsgyovxqmygopffq/Build/Products/Debug-iphonesimulator/MyScriptInteractiveInk-Runtime/MyScriptInteractiveInk_Runtime.modulemap' not found
fatal error: module map file '/Users/andrewallen/Library/Developer/Xcode/DerivedData/InkOS-hihmbestuurshsgyovxqmygopffq/Build/Products/Debug-iphonesimulator/MyScriptInteractiveInk-Runtime/MyScriptInteractiveInk_Runtime.modulemap' not found
fatal error: module map file '/Users/andrewallen/Library/Developer/Xcode/DerivedData/InkOS-hihmbestuurshsgyovxqmygopffq/Build/Products/Debug-iphonesimulator/MyScriptInteractiveInk-Runtime/MyScriptInteractiveInk_Runtime.modulemap' not found
fatal error: module map file '/Users/andrewallen/Library/Developer/Xcode/DerivedData/InkOS-hihmbestuurshsgyovxqmygopffq/Build/Products/Debug-iphonesimulator/MyScriptInteractiveInk-Runtime/MyScriptInteractiveInk_Runtime.modulemap' not found
fatal error: module map file '/Users/andrewallen/Library/Developer/Xcode/DerivedData/InkOS-hihmbestuurshsgyovxqmygopffq/Build/Products/Debug-iphonesimulator/MyScriptInteractiveInk-Runtime/MyScriptInteractiveInk_Runtime.modulemap' not found
fatal error: module map file '/Users/andrewallen/Library/Developer/Xcode/DerivedData/InkOS-hihmbestuurshsgyovxqmygopffq/Build/Products/Debug-iphonesimulator/MyScriptInteractiveInk-Runtime/MyScriptInteractiveInk_Runtime.modulemap' not found
fatal error: module map file '/Users/andrewallen/Library/Developer/Xcode/DerivedData/InkOS-hihmbestuurshsgyovxqmygopffq/Build/Products/Debug-iphonesimulator/MyScriptInteractiveInk-Runtime/MyScriptInteractiveInk_Runtime.modulemap' not found
fatal error: module map file '/Users/andrewallen/Library/Developer/Xcode/DerivedData/InkOS-hihmbestuurshsgyovxqmygopffq/Build/Products/Debug-iphonesimulator/MyScriptInteractiveInk-Runtime/MyScriptInteractiveInk_Runtime.modulemap' not found
fatal error: module map file '/Users/andrewallen/Library/Developer/Xcode/DerivedData/InkOS-hihmbestuurshsgyovxqmygopffq/Build/Products/Debug-iphonesimulator/MyScriptInteractiveInk-Runtime/MyScriptInteractiveInk_Runtime.modulemap' not found
fatal error: module map file '/Users/andrewallen/Library/Developer/Xcode/DerivedData/InkOS-hihmbestuurshsgyovxqmygopffq/Build/Products/Debug-iphonesimulator/MyScriptInteractiveInk-Runtime/MyScriptInteractiveInk_Runtime.modulemap' not found
fatal error: module map file '/Users/andrewallen/Library/Developer/Xcode/DerivedData/InkOS-hihmbestuurshsgyovxqmygopffq/Build/Products/Debug-iphonesimulator/MyScriptInteractiveInk-Runtime/MyScriptInteractiveInk_Runtime.modulemap' not found
fatal error: module map file '/Users/andrewallen/Library/Developer/Xcode/DerivedData/InkOS-hihmbestuurshsgyovxqmygopffq/Build/Products/Debug-iphonesimulator/MyScriptInteractiveInk-Runtime/MyScriptInteractiveInk_Runtime.modulemap' not found
fatal error: module map file '/Users/andrewallen/Library/Developer/Xcode/DerivedData/InkOS-hihmbestuurshsgyovxqmygopffq/Build/Products/Debug-iphonesimulator/MyScriptInteractiveInk-Runtime/MyScriptInteractiveInk_Runtime.modulemap' not found
fatal error: module map file '/Users/andrewallen/Library/Developer/Xcode/DerivedData/InkOS-hihmbestuurshsgyovxqmygopffq/Build/Products/Debug-iphonesimulator/MyScriptInteractiveInk-Runtime/MyScriptInteractiveInk_Runtime.modulemap' not found
fatal error: module map file '/Users/andrewallen/Library/Developer/Xcode/DerivedData/InkOS-hihmbestuurshsgyovxqmygopffq/Build/Products/Debug-iphonesimulator/MyScriptInteractiveInk-Runtime/MyScriptInteractiveInk_Runtime.modulemap' not found
fatal error: module map file '/Users/andrewallen/Library/Developer/Xcode/DerivedData/InkOS-hihmbestuurshsgyovxqmygopffq/Build/Products/Debug-iphonesimulator/MyScriptInteractiveInk-Runtime/MyScriptInteractiveInk_Runtime.modulemap' not found
fatal error: module map file '/Users/andrewallen/Library/Developer/Xcode/DerivedData/InkOS-hihmbestuurshsgyovxqmygopffq/Build/Products/Debug-iphonesimulator/MyScriptInteractiveInk-Runtime/MyScriptInteractiveInk_Runtime.modulemap' not found
fatal error: module map file '/Users/andrewallen/Library/Developer/Xcode/DerivedData/InkOS-hihmbestuurshsgyovxqmygopffq/Build/Products/Debug-iphonesimulator/MyScriptInteractiveInk-Runtime/MyScriptInteractiveInk_Runtime.modulemap' not found
fatal error: module map file '/Users/andrewallen/Library/Developer/Xcode/DerivedData/InkOS-hihmbestuurshsgyovxqmygopffq/Build/Products/Debug-iphonesimulator/MyScriptInteractiveInk-Runtime/MyScriptInteractiveInk_Runtime.modulemap' not found
fatal error: module map file '/Users/andrewallen/Library/Developer/Xcode/DerivedData/InkOS-hihmbestuurshsgyovxqmygopffq/Build/Products/Debug-iphonesimulator/MyScriptInteractiveInk-Runtime/MyScriptInteractiveInk_Runtime.modulemap' not found
fatal error: module map file '/Users/andrewallen/Library/Developer/Xcode/DerivedData/InkOS-hihmbestuurshsgyovxqmygopffq/Build/Products/Debug-iphonesimulator/MyScriptInteractiveInk-Runtime/MyScriptInteractiveInk_Runtime.modulemap' not found
fatal error: module map file '/Users/andrewallen/Library/Developer/Xcode/DerivedData/InkOS-hihmbestuurshsgyovxqmygopffq/Build/Products/Debug-iphonesimulator/MyScriptInteractiveInk-Runtime/MyScriptInteractiveInk_Runtime.modulemap' not found
fatal error: module map file '/Users/andrewallen/Library/Developer/Xcode/DerivedData/InkOS-hihmbestuurshsgyovxqmygopffq/Build/Products/Debug-iphonesimulator/MyScriptInteractiveInk-Runtime/MyScriptInteractiveInk_Runtime.modulemap' not found
fatal error: module map file '/Users/andrewallen/Library/Developer/Xcode/DerivedData/InkOS-hihmbestuurshsgyovxqmygopffq/Build/Products/Debug-iphonesimulator/MyScriptInteractiveInk-Runtime/MyScriptInteractiveInk_Runtime.modulemap' not found
fatal error: module map file '/Users/andrewallen/Library/Developer/Xcode/DerivedData/InkOS-hihmbestuurshsgyovxqmygopffq/Build/Products/Debug-iphonesimulator/MyScriptInteractiveInk-Runtime/MyScriptInteractiveInk_Runtime.modulemap' not found
fatal error: module map file '/Users/andrewallen/Library/Developer/Xcode/DerivedData/InkOS-hihmbestuurshsgyovxqmygopffq/Build/Products/Debug-iphonesimulator/MyScriptInteractiveInk-Runtime/MyScriptInteractiveInk_Runtime.modulemap' not found
fatal error: module map file '/Users/andrewallen/Library/Developer/Xcode/DerivedData/InkOS-hihmbestuurshsgyovxqmygopffq/Build/Products/Debug-iphonesimulator/MyScriptInteractiveInk-Runtime/MyScriptInteractiveInk_Runtime.modulemap' not found
fatal error: module map file '/Users/andrewallen/Library/Developer/Xcode/DerivedData/InkOS-hihmbestuurshsgyovxqmygopffq/Build/Products/Debug-iphonesimulator/MyScriptInteractiveInk-Runtime/MyScriptInteractiveInk_Runtime.modulemap' not found
fatal error: module map file '/Users/andrewallen/Library/Developer/Xcode/DerivedData/InkOS-hihmbestuurshsgyovxqmygopffq/Build/Products/Debug-iphonesimulator/MyScriptInteractiveInk-Runtime/MyScriptInteractiveInk_Runtime.modulemap' not found
fatal error: module map file '/Users/andrewallen/Library/Developer/Xcode/DerivedData/InkOS-hihmbestuurshsgyovxqmygopffq/Build/Products/Debug-iphonesimulator/MyScriptInteractiveInk-Runtime/MyScriptInteractiveInk_Runtime.modulemap' not found
fatal error: module map file '/Users/andrewallen/Library/Developer/Xcode/DerivedData/InkOS-hihmbestuurshsgyovxqmygopffq/Build/Products/Debug-iphonesimulator/MyScriptInteractiveInk-Runtime/MyScriptInteractiveInk_Runtime.modulemap' not found
fatal error: module map file '/Users/andrewallen/Library/Developer/Xcode/DerivedData/InkOS-hihmbestuurshsgyovxqmygopffq/Build/Products/Debug-iphonesimulator/MyScriptInteractiveInk-Runtime/MyScriptInteractiveInk_Runtime.modulemap' not found
fatal error: module map file '/Users/andrewallen/Library/Developer/Xcode/DerivedData/InkOS-hihmbestuurshsgyovxqmygopffq/Build/Products/Debug-iphonesimulator/MyScriptInteractiveInk-Runtime/MyScriptInteractiveInk_Runtime.modulemap' not found
fatal error: module map file '/Users/andrewallen/Library/Developer/Xcode/DerivedData/InkOS-hihmbestuurshsgyovxqmygopffq/Build/Products/Debug-iphonesimulator/MyScriptInteractiveInk-Runtime/MyScriptInteractiveInk_Runtime.modulemap' not found
fatal error: module map file '/Users/andrewallen/Library/Developer/Xcode/DerivedData/InkOS-hihmbestuurshsgyovxqmygopffq/Build/Products/Debug-iphonesimulator/MyScriptInteractiveInk-Runtime/MyScriptInteractiveInk_Runtime.modulemap' not found
fatal error: module map file '/Users/andrewallen/Library/Developer/Xcode/DerivedData/InkOS-hihmbestuurshsgyovxqmygopffq/Build/Products/Debug-iphonesimulator/MyScriptInteractiveInk-Runtime/MyScriptInteractiveInk_Runtime.modulemap' not found
fatal error: module map file '/Users/andrewallen/Library/Developer/Xcode/DerivedData/InkOS-hihmbestuurshsgyovxqmygopffq/Build/Products/Debug-iphonesimulator/MyScriptInteractiveInk-Runtime/MyScriptInteractiveInk_Runtime.modulemap' not found

error: Clang dependency scanner failure: fatal error: module map file '/Users/andrewallen/Library/Developer/Xcode/DerivedData/InkOS-hihmbestuurshsgyovxqmygopffq/Build/Products/Debug-iphonesimulator/MyScriptInteractiveInk-Runtime/MyScriptInteractiveInk_Runtime.modulemap' not found
fatal error: module map file '/Users/andrewallen/Library/Developer/Xcode/DerivedData/InkOS-hihmbestuurshsgyovxqmygopffq/Build/Products/Debug-iphonesimulator/MyScriptInteractiveInk-Runtime/MyScriptInteractiveInk_Runtime.modulemap' not found
fatal error: module map file '/Users/andrewallen/Library/Developer/Xcode/DerivedData/InkOS-hihmbestuurshsgyovxqmygopffq/Build/Products/Debug-iphonesimulator/MyScriptInteractiveInk-Runtime/MyScriptInteractiveInk_Runtime.modulemap' not found
fatal error: module map file '/Users/andrewallen/Library/Developer/Xcode/DerivedData/InkOS-hihmbestuurshsgyovxqmygopffq/Build/Products/Debug-iphonesimulator/MyScriptInteractiveInk-Runtime/MyScriptInteractiveInk_Runtime.modulemap' not found
fatal error: module map file '/Users/andrewallen/Library/Developer/Xcode/DerivedData/InkOS-hihmbestuurshsgyovxqmygopffq/Build/Products/Debug-iphonesimulator/MyScriptInteractiveInk-Runtime/MyScriptInteractiveInk_Runtime.modulemap' not found
fatal error: module map file '/Users/andrewallen/Library/Developer/Xcode/DerivedData/InkOS-hihmbestuurshsgyovxqmygopffq/Build/Products/Debug-iphonesimulator/MyScriptInteractiveInk-Runtime/MyScriptInteractiveInk_Runtime.modulemap' not found
fatal error: module map file '/Users/andrewallen/Library/Developer/Xcode/DerivedData/InkOS-hihmbestuurshsgyovxqmygopffq/Build/Products/Debug-iphonesimulator/MyScriptInteractiveInk-Runtime/MyScriptInteractiveInk_Runtime.modulemap' not found
fatal error: module map file '/Users/andrewallen/Library/Developer/Xcode/DerivedData/InkOS-hihmbestuurshsgyovxqmygopffq/Build/Products/Debug-iphonesimulator/MyScriptInteractiveInk-Runtime/MyScriptInteractiveInk_Runtime.modulemap' not found
fatal error: module map file '/Users/andrewallen/Library/Developer/Xcode/DerivedData/InkOS-hihmbestuurshsgyovxqmygopffq/Build/Products/Debug-iphonesimulator/MyScriptInteractiveInk-Runtime/MyScriptInteractiveInk_Runtime.modulemap' not found
fatal error: module map file '/Users/andrewallen/Library/Developer/Xcode/DerivedData/InkOS-hihmbestuurshsgyovxqmygopffq/Build/Products/Debug-iphonesimulator/MyScriptInteractiveInk-Runtime/MyScriptInteractiveInk_Runtime.modulemap' not found
fatal error: module map file '/Users/andrewallen/Library/Developer/Xcode/DerivedData/InkOS-hihmbestuurshsgyovxqmygopffq/Build/Products/Debug-iphonesimulator/MyScriptInteractiveInk-Runtime/MyScriptInteractiveInk_Runtime.modulemap' not found
fatal error: module map file '/Users/andrewallen/Library/Developer/Xcode/DerivedData/InkOS-hihmbestuurshsgyovxqmygopffq/Build/Products/Debug-iphonesimulator/MyScriptInteractiveInk-Runtime/MyScriptInteractiveInk_Runtime.modulemap' not found
fatal error: module map file '/Users/andrewallen/Library/Developer/Xcode/DerivedData/InkOS-hihmbestuurshsgyovxqmygopffq/Build/Products/Debug-iphonesimulator/MyScriptInteractiveInk-Runtime/MyScriptInteractiveInk_Runtime.modulemap' not found
fatal error: module map file '/Users/andrewallen/Library/Developer/Xcode/DerivedData/InkOS-hihmbestuurshsgyovxqmygopffq/Build/Products/Debug-iphonesimulator/MyScriptInteractiveInk-Runtime/MyScriptInteractiveInk_Runtime.modulemap' not found
fatal error: module map file '/Users/andrewallen/Library/Developer/Xcode/DerivedData/InkOS-hihmbestuurshsgyovxqmygopffq/Build/Products/Debug-iphonesimulator/MyScriptInteractiveInk-Runtime/MyScriptInteractiveInk_Runtime.modulemap' not found
fatal error: module map file '/Users/andrewallen/Library/Developer/Xcode/DerivedData/InkOS-hihmbestuurshsgyovxqmygopffq/Build/Products/Debug-iphonesimulator/MyScriptInteractiveInk-Runtime/MyScriptInteractiveInk_Runtime.modulemap' not found
fatal error: module map file '/Users/andrewallen/Library/Developer/Xcode/DerivedData/InkOS-hihmbestuurshsgyovxqmygopffq/Build/Products/Debug-iphonesimulator/MyScriptInteractiveInk-Runtime/MyScriptInteractiveInk_Runtime.modulemap' not found
fatal error: module map file '/Users/andrewallen/Library/Developer/Xcode/DerivedData/InkOS-hihmbestuurshsgyovxqmygopffq/Build/Products/Debug-iphonesimulator/MyScriptInteractiveInk-Runtime/MyScriptInteractiveInk_Runtime.modulemap' not found
fatal error: module map file '/Users/andrewallen/Library/Developer/Xcode/DerivedData/InkOS-hihmbestuurshsgyovxqmygopffq/Build/Products/Debug-iphonesimulator/MyScriptInteractiveInk-Runtime/MyScriptInteractiveInk_Runtime.modulemap' not found
fatal error: module map file '/Users/andrewallen/Library/Developer/Xcode/DerivedData/InkOS-hihmbestuurshsgyovxqmygopffq/Build/Products/Debug-iphonesimulator/MyScriptInteractiveInk-Runtime/MyScriptInteractiveInk_Runtime.modulemap' not found
fatal error: module map file '/Users/andrewallen/Library/Developer/Xcode/DerivedData/InkOS-hihmbestuurshsgyovxqmygopffq/Build/Products/Debug-iphonesimulator/MyScriptInteractiveInk-Runtime/MyScriptInteractiveInk_Runtime.modulemap' not found
fatal error: module map file '/Users/andrewallen/Library/Developer/Xcode/DerivedData/InkOS-hihmbestuurshsgyovxqmygopffq/Build/Products/Debug-iphonesimulator/MyScriptInteractiveInk-Runtime/MyScriptInteractiveInk_Runtime.modulemap' not found
fatal error: module map file '/Users/andrewallen/Library/Developer/Xcode/DerivedData/InkOS-hihmbestuurshsgyovxqmygopffq/Build/Products/Debug-iphonesimulator/MyScriptInteractiveInk-Runtime/MyScriptInteractiveInk_Runtime.modulemap' not found
fatal error: module map file '/Users/andrewallen/Library/Developer/Xcode/DerivedData/InkOS-hihmbestuurshsgyovxqmygopffq/Build/Products/Debug-iphonesimulator/MyScriptInteractiveInk-Runtime/MyScriptInteractiveInk_Runtime.modulemap' not found
fatal error: module map file '/Users/andrewallen/Library/Developer/Xcode/DerivedData/InkOS-hihmbestuurshsgyovxqmygopffq/Build/Products/Debug-iphonesimulator/MyScriptInteractiveInk-Runtime/MyScriptInteractiveInk_Runtime.modulemap' not found
fatal error: module map file '/Users/andrewallen/Library/Developer/Xcode/DerivedData/InkOS-hihmbestuurshsgyovxqmygopffq/Build/Products/Debug-iphonesimulator/MyScriptInteractiveInk-Runtime/MyScriptInteractiveInk_Runtime.modulemap' not found
fatal error: module map file '/Users/andrewallen/Library/Developer/Xcode/DerivedData/InkOS-hihmbestuurshsgyovxqmygopffq/Build/Products/Debug-iphonesimulator/MyScriptInteractiveInk-Runtime/MyScriptInteractiveInk_Runtime.modulemap' not found
fatal error: module map file '/Users/andrewallen/Library/Developer/Xcode/DerivedData/InkOS-hihmbestuurshsgyovxqmygopffq/Build/Products/Debug-iphonesimulator/MyScriptInteractiveInk-Runtime/MyScriptInteractiveInk_Runtime.modulemap' not found
fatal error: module map file '/Users/andrewallen/Library/Developer/Xcode/DerivedData/InkOS-hihmbestuurshsgyovxqmygopffq/Build/Products/Debug-iphonesimulator/MyScriptInteractiveInk-Runtime/MyScriptInteractiveInk_Runtime.modulemap' not found
fatal error: module map file '/Users/andrewallen/Library/Developer/Xcode/DerivedData/InkOS-hihmbestuurshsgyovxqmygopffq/Build/Products/Debug-iphonesimulator/MyScriptInteractiveInk-Runtime/MyScriptInteractiveInk_Runtime.modulemap' not found
fatal error: module map file '/Users/andrewallen/Library/Developer/Xcode/DerivedData/InkOS-hihmbestuurshsgyovxqmygopffq/Build/Products/Debug-iphonesimulator/MyScriptInteractiveInk-Runtime/MyScriptInteractiveInk_Runtime.modulemap' not found
fatal error: module map file '/Users/andrewallen/Library/Developer/Xcode/DerivedData/InkOS-hihmbestuurshsgyovxqmygopffq/Build/Products/Debug-iphonesimulator/MyScriptInteractiveInk-Runtime/MyScriptInteractiveInk_Runtime.modulemap' not found

error: Clang dependency scanner failure: fatal error: module map file '/Users/andrewallen/Library/Developer/Xcode/DerivedData/InkOS-hihmbestuurshsgyovxqmygopffq/Build/Products/Debug-iphonesimulator/MyScriptInteractiveInk-Runtime/MyScriptInteractiveInk_Runtime.modulemap' not found
fatal error: module map file '/Users/andrewallen/Library/Developer/Xcode/DerivedData/InkOS-hihmbestuurshsgyovxqmygopffq/Build/Products/Debug-iphonesimulator/MyScriptInteractiveInk-Runtime/MyScriptInteractiveInk_Runtime.modulemap' not found
fatal error: module map file '/Users/andrewallen/Library/Developer/Xcode/DerivedData/InkOS-hihmbestuurshsgyovxqmygopffq/Build/Products/Debug-iphonesimulator/MyScriptInteractiveInk-Runtime/MyScriptInteractiveInk_Runtime.modulemap' not found
fatal error: module map file '/Users/andrewallen/Library/Developer/Xcode/DerivedData/InkOS-hihmbestuurshsgyovxqmygopffq/Build/Products/Debug-iphonesimulator/MyScriptInteractiveInk-Runtime/MyScriptInteractiveInk_Runtime.modulemap' not found
fatal error: module map file '/Users/andrewallen/Library/Developer/Xcode/DerivedData/InkOS-hihmbestuurshsgyovxqmygopffq/Build/Products/Debug-iphonesimulator/MyScriptInteractiveInk-Runtime/MyScriptInteractiveInk_Runtime.modulemap' not found
fatal error: module map file '/Users/andrewallen/Library/Developer/Xcode/DerivedData/InkOS-hihmbestuurshsgyovxqmygopffq/Build/Products/Debug-iphonesimulator/MyScriptInteractiveInk-Runtime/MyScriptInteractiveInk_Runtime.modulemap' not found
fatal error: module map file '/Users/andrewallen/Library/Developer/Xcode/DerivedData/InkOS-hihmbestuurshsgyovxqmygopffq/Build/Products/Debug-iphonesimulator/MyScriptInteractiveInk-Runtime/MyScriptInteractiveInk_Runtime.modulemap' not found
fatal error: module map file '/Users/andrewallen/Library/Developer/Xcode/DerivedData/InkOS-hihmbestuurshsgyovxqmygopffq/Build/Products/Debug-iphonesimulator/MyScriptInteractiveInk-Runtime/MyScriptInteractiveInk_Runtime.modulemap' not found
fatal error: module map file '/Users/andrewallen/Library/Developer/Xcode/DerivedData/InkOS-hihmbestuurshsgyovxqmygopffq/Build/Products/Debug-iphonesimulator/MyScriptInteractiveInk-Runtime/MyScriptInteractiveInk_Runtime.modulemap' not found
fatal error: module map file '/Users/andrewallen/Library/Developer/Xcode/DerivedData/InkOS-hihmbestuurshsgyovxqmygopffq/Build/Products/Debug-iphonesimulator/MyScriptInteractiveInk-Runtime/MyScriptInteractiveInk_Runtime.modulemap' not found
fatal error: module map file '/Users/andrewallen/Library/Developer/Xcode/DerivedData/InkOS-hihmbestuurshsgyovxqmygopffq/Build/Products/Debug-iphonesimulator/MyScriptInteractiveInk-Runtime/MyScriptInteractiveInk_Runtime.modulemap' not found
fatal error: module map file '/Users/andrewallen/Library/Developer/Xcode/DerivedData/InkOS-hihmbestuurshsgyovxqmygopffq/Build/Products/Debug-iphonesimulator/MyScriptInteractiveInk-Runtime/MyScriptInteractiveInk_Runtime.modulemap' not found
fatal error: module map file '/Users/andrewallen/Library/Developer/Xcode/DerivedData/InkOS-hihmbestuurshsgyovxqmygopffq/Build/Products/Debug-iphonesimulator/MyScriptInteractiveInk-Runtime/MyScriptInteractiveInk_Runtime.modulemap' not found
fatal error: module map file '/Users/andrewallen/Library/Developer/Xcode/DerivedData/InkOS-hihmbestuurshsgyovxqmygopffq/Build/Products/Debug-iphonesimulator/MyScriptInteractiveInk-Runtime/MyScriptInteractiveInk_Runtime.modulemap' not found
fatal error: module map file '/Users/andrewallen/Library/Developer/Xcode/DerivedData/InkOS-hihmbestuurshsgyovxqmygopffq/Build/Products/Debug-iphonesimulator/MyScriptInteractiveInk-Runtime/MyScriptInteractiveInk_Runtime.modulemap' not found
fatal error: module map file '/Users/andrewallen/Library/Developer/Xcode/DerivedData/InkOS-hihmbestuurshsgyovxqmygopffq/Build/Products/Debug-iphonesimulator/MyScriptInteractiveInk-Runtime/MyScriptInteractiveInk_Runtime.modulemap' not found
fatal error: module map file '/Users/andrewallen/Library/Developer/Xcode/DerivedData/InkOS-hihmbestuurshsgyovxqmygopffq/Build/Products/Debug-iphonesimulator/MyScriptInteractiveInk-Runtime/MyScriptInteractiveInk_Runtime.modulemap' not found
fatal error: module map file '/Users/andrewallen/Library/Developer/Xcode/DerivedData/InkOS-hihmbestuurshsgyovxqmygopffq/Build/Products/Debug-iphonesimulator/MyScriptInteractiveInk-Runtime/MyScriptInteractiveInk_Runtime.modulemap' not found
fatal error: module map file '/Users/andrewallen/Library/Developer/Xcode/DerivedData/InkOS-hihmbestuurshsgyovxqmygopffq/Build/Products/Debug-iphonesimulator/MyScriptInteractiveInk-Runtime/MyScriptInteractiveInk_Runtime.modulemap' not found
fatal error: module map file '/Users/andrewallen/Library/Developer/Xcode/DerivedData/InkOS-hihmbestuurshsgyovxqmygopffq/Build/Products/Debug-iphonesimulator/MyScriptInteractiveInk-Runtime/MyScriptInteractiveInk_Runtime.modulemap' not found
fatal error: module map file '/Users/andrewallen/Library/Developer/Xcode/DerivedData/InkOS-hihmbestuurshsgyovxqmygopffq/Build/Products/Debug-iphonesimulator/MyScriptInteractiveInk-Runtime/MyScriptInteractiveInk_Runtime.modulemap' not found
fatal error: module map file '/Users/andrewallen/Library/Developer/Xcode/DerivedData/InkOS-hihmbestuurshsgyovxqmygopffq/Build/Products/Debug-iphonesimulator/MyScriptInteractiveInk-Runtime/MyScriptInteractiveInk_Runtime.modulemap' not found
fatal error: module map file '/Users/andrewallen/Library/Developer/Xcode/DerivedData/InkOS-hihmbestuurshsgyovxqmygopffq/Build/Products/Debug-iphonesimulator/MyScriptInteractiveInk-Runtime/MyScriptInteractiveInk_Runtime.modulemap' not found
fatal error: module map file '/Users/andrewallen/Library/Developer/Xcode/DerivedData/InkOS-hihmbestuurshsgyovxqmygopffq/Build/Products/Debug-iphonesimulator/MyScriptInteractiveInk-Runtime/MyScriptInteractiveInk_Runtime.modulemap' not found
fatal error: module map file '/Users/andrewallen/Library/Developer/Xcode/DerivedData/InkOS-hihmbestuurshsgyovxqmygopffq/Build/Products/Debug-iphonesimulator/MyScriptInteractiveInk-Runtime/MyScriptInteractiveInk_Runtime.modulemap' not found
fatal error: module map file '/Users/andrewallen/Library/Developer/Xcode/DerivedData/InkOS-hihmbestuurshsgyovxqmygopffq/Build/Products/Debug-iphonesimulator/MyScriptInteractiveInk-Runtime/MyScriptInteractiveInk_Runtime.modulemap' not found
fatal error: module map file '/Users/andrewallen/Library/Developer/Xcode/DerivedData/InkOS-hihmbestuurshsgyovxqmygopffq/Build/Products/Debug-iphonesimulator/MyScriptInteractiveInk-Runtime/MyScriptInteractiveInk_Runtime.modulemap' not found
fatal error: module map file '/Users/andrewallen/Library/Developer/Xcode/DerivedData/InkOS-hihmbestuurshsgyovxqmygopffq/Build/Products/Debug-iphonesimulator/MyScriptInteractiveInk-Runtime/MyScriptInteractiveInk_Runtime.modulemap' not found
fatal error: module map file '/Users/andrewallen/Library/Developer/Xcode/DerivedData/InkOS-hihmbestuurshsgyovxqmygopffq/Build/Products/Debug-iphonesimulator/MyScriptInteractiveInk-Runtime/MyScriptInteractiveInk_Runtime.modulemap' not found
fatal error: module map file '/Users/andrewallen/Library/Developer/Xcode/DerivedData/InkOS-hihmbestuurshsgyovxqmygopffq/Build/Products/Debug-iphonesimulator/MyScriptInteractiveInk-Runtime/MyScriptInteractiveInk_Runtime.modulemap' not found
fatal error: module map file '/Users/andrewallen/Library/Developer/Xcode/DerivedData/InkOS-hihmbestuurshsgyovxqmygopffq/Build/Products/Debug-iphonesimulator/MyScriptInteractiveInk-Runtime/MyScriptInteractiveInk_Runtime.modulemap' not found
fatal error: module map file '/Users/andrewallen/Library/Developer/Xcode/DerivedData/InkOS-hihmbestuurshsgyovxqmygopffq/Build/Products/Debug-iphonesimulator/MyScriptInteractiveInk-Runtime/MyScriptInteractiveInk_Runtime.modulemap' not found
fatal error: module map file '/Users/andrewallen/Library/Developer/Xcode/DerivedData/InkOS-hihmbestuurshsgyovxqmygopffq/Build/Products/Debug-iphonesimulator/MyScriptInteractiveInk-Runtime/MyScriptInteractiveInk_Runtime.modulemap' not found
fatal error: module map file '/Users/andrewallen/Library/Developer/Xcode/DerivedData/InkOS-hihmbestuurshsgyovxqmygopffq/Build/Products/Debug-iphonesimulator/MyScriptInteractiveInk-Runtime/MyScriptInteractiveInk_Runtime.modulemap' not found
fatal error: module map file '/Users/andrewallen/Library/Developer/Xcode/DerivedData/InkOS-hihmbestuurshsgyovxqmygopffq/Build/Products/Debug-iphonesimulator/MyScriptInteractiveInk-Runtime/MyScriptInteractiveInk_Runtime.modulemap' not found
fatal error: module map file '/Users/andrewallen/Library/Developer/Xcode/DerivedData/InkOS-hihmbestuurshsgyovxqmygopffq/Build/Products/Debug-iphonesimulator/MyScriptInteractiveInk-Runtime/MyScriptInteractiveInk_Runtime.modulemap' not found
fatal error: module map file '/Users/andrewallen/Library/Developer/Xcode/DerivedData/InkOS-hihmbestuurshsgyovxqmygopffq/Build/Products/Debug-iphonesimulator/MyScriptInteractiveInk-Runtime/MyScriptInteractiveInk_Runtime.modulemap' not found
fatal error: module map file '/Users/andrewallen/Library/Developer/Xcode/DerivedData/InkOS-hihmbestuurshsgyovxqmygopffq/Build/Products/Debug-iphonesimulator/MyScriptInteractiveInk-Runtime/MyScriptInteractiveInk_Runtime.modulemap' not found
fatal error: module map file '/Users/andrewallen/Library/Developer/Xcode/DerivedData/InkOS-hihmbestuurshsgyovxqmygopffq/Build/Products/Debug-iphonesimulator/MyScriptInteractiveInk-Runtime/MyScriptInteractiveInk_Runtime.modulemap' not found

error: Clang dependency scanner failure: fatal error: module map file '/Users/andrewallen/Library/Developer/Xcode/DerivedData/InkOS-hihmbestuurshsgyovxqmygopffq/Build/Products/Debug-iphonesimulator/MyScriptInteractiveInk-Runtime/MyScriptInteractiveInk_Runtime.modulemap' not found
fatal error: module map file '/Users/andrewallen/Library/Developer/Xcode/DerivedData/InkOS-hihmbestuurshsgyovxqmygopffq/Build/Products/Debug-iphonesimulator/MyScriptInteractiveInk-Runtime/MyScriptInteractiveInk_Runtime.modulemap' not found
fatal error: module map file '/Users/andrewallen/Library/Developer/Xcode/DerivedData/InkOS-hihmbestuurshsgyovxqmygopffq/Build/Products/Debug-iphonesimulator/MyScriptInteractiveInk-Runtime/MyScriptInteractiveInk_Runtime.modulemap' not found
fatal error: module map file '/Users/andrewallen/Library/Developer/Xcode/DerivedData/InkOS-hihmbestuurshsgyovxqmygopffq/Build/Products/Debug-iphonesimulator/MyScriptInteractiveInk-Runtime/MyScriptInteractiveInk_Runtime.modulemap' not found
fatal error: module map file '/Users/andrewallen/Library/Developer/Xcode/DerivedData/InkOS-hihmbestuurshsgyovxqmygopffq/Build/Products/Debug-iphonesimulator/MyScriptInteractiveInk-Runtime/MyScriptInteractiveInk_Runtime.modulemap' not found
fatal error: module map file '/Users/andrewallen/Library/Developer/Xcode/DerivedData/InkOS-hihmbestuurshsgyovxqmygopffq/Build/Products/Debug-iphonesimulator/MyScriptInteractiveInk-Runtime/MyScriptInteractiveInk_Runtime.modulemap' not found
fatal error: module map file '/Users/andrewallen/Library/Developer/Xcode/DerivedData/InkOS-hihmbestuurshsgyovxqmygopffq/Build/Products/Debug-iphonesimulator/MyScriptInteractiveInk-Runtime/MyScriptInteractiveInk_Runtime.modulemap' not found
fatal error: module map file '/Users/andrewallen/Library/Developer/Xcode/DerivedData/InkOS-hihmbestuurshsgyovxqmygopffq/Build/Products/Debug-iphonesimulator/MyScriptInteractiveInk-Runtime/MyScriptInteractiveInk_Runtime.modulemap' not found
fatal error: module map file '/Users/andrewallen/Library/Developer/Xcode/DerivedData/InkOS-hihmbestuurshsgyovxqmygopffq/Build/Products/Debug-iphonesimulator/MyScriptInteractiveInk-Runtime/MyScriptInteractiveInk_Runtime.modulemap' not found
fatal error: module map file '/Users/andrewallen/Library/Developer/Xcode/DerivedData/InkOS-hihmbestuurshsgyovxqmygopffq/Build/Products/Debug-iphonesimulator/MyScriptInteractiveInk-Runtime/MyScriptInteractiveInk_Runtime.modulemap' not found
fatal error: module map file '/Users/andrewallen/Library/Developer/Xcode/DerivedData/InkOS-hihmbestuurshsgyovxqmygopffq/Build/Products/Debug-iphonesimulator/MyScriptInteractiveInk-Runtime/MyScriptInteractiveInk_Runtime.modulemap' not found
fatal error: module map file '/Users/andrewallen/Library/Developer/Xcode/DerivedData/InkOS-hihmbestuurshsgyovxqmygopffq/Build/Products/Debug-iphonesimulator/MyScriptInteractiveInk-Runtime/MyScriptInteractiveInk_Runtime.modulemap' not found
fatal error: module map file '/Users/andrewallen/Library/Developer/Xcode/DerivedData/InkOS-hihmbestuurshsgyovxqmygopffq/Build/Products/Debug-iphonesimulator/MyScriptInteractiveInk-Runtime/MyScriptInteractiveInk_Runtime.modulemap' not found
fatal error: module map file '/Users/andrewallen/Library/Developer/Xcode/DerivedData/InkOS-hihmbestuurshsgyovxqmygopffq/Build/Products/Debug-iphonesimulator/MyScriptInteractiveInk-Runtime/MyScriptInteractiveInk_Runtime.modulemap' not found
fatal error: module map file '/Users/andrewallen/Library/Developer/Xcode/DerivedData/InkOS-hihmbestuurshsgyovxqmygopffq/Build/Products/Debug-iphonesimulator/MyScriptInteractiveInk-Runtime/MyScriptInteractiveInk_Runtime.modulemap' not found
fatal error: module map file '/Users/andrewallen/Library/Developer/Xcode/DerivedData/InkOS-hihmbestuurshsgyovxqmygopffq/Build/Products/Debug-iphonesimulator/MyScriptInteractiveInk-Runtime/MyScriptInteractiveInk_Runtime.modulemap' not found
fatal error: module map file '/Users/andrewallen/Library/Developer/Xcode/DerivedData/InkOS-hihmbestuurshsgyovxqmygopffq/Build/Products/Debug-iphonesimulator/MyScriptInteractiveInk-Runtime/MyScriptInteractiveInk_Runtime.modulemap' not found
fatal error: module map file '/Users/andrewallen/Library/Developer/Xcode/DerivedData/InkOS-hihmbestuurshsgyovxqmygopffq/Build/Products/Debug-iphonesimulator/MyScriptInteractiveInk-Runtime/MyScriptInteractiveInk_Runtime.modulemap' not found
fatal error: module map file '/Users/andrewallen/Library/Developer/Xcode/DerivedData/InkOS-hihmbestuurshsgyovxqmygopffq/Build/Products/Debug-iphonesimulator/MyScriptInteractiveInk-Runtime/MyScriptInteractiveInk_Runtime.modulemap' not found
fatal error: module map file '/Users/andrewallen/Library/Developer/Xcode/DerivedData/InkOS-hihmbestuurshsgyovxqmygopffq/Build/Products/Debug-iphonesimulator/MyScriptInteractiveInk-Runtime/MyScriptInteractiveInk_Runtime.modulemap' not found
fatal error: module map file '/Users/andrewallen/Library/Developer/Xcode/DerivedData/InkOS-hihmbestuurshsgyovxqmygopffq/Build/Products/Debug-iphonesimulator/MyScriptInteractiveInk-Runtime/MyScriptInteractiveInk_Runtime.modulemap' not found
fatal error: module map file '/Users/andrewallen/Library/Developer/Xcode/DerivedData/InkOS-hihmbestuurshsgyovxqmygopffq/Build/Products/Debug-iphonesimulator/MyScriptInteractiveInk-Runtime/MyScriptInteractiveInk_Runtime.modulemap' not found
fatal error: module map file '/Users/andrewallen/Library/Developer/Xcode/DerivedData/InkOS-hihmbestuurshsgyovxqmygopffq/Build/Products/Debug-iphonesimulator/MyScriptInteractiveInk-Runtime/MyScriptInteractiveInk_Runtime.modulemap' not found
fatal error: module map file '/Users/andrewallen/Library/Developer/Xcode/DerivedData/InkOS-hihmbestuurshsgyovxqmygopffq/Build/Products/Debug-iphonesimulator/MyScriptInteractiveInk-Runtime/MyScriptInteractiveInk_Runtime.modulemap' not found
fatal error: module map file '/Users/andrewallen/Library/Developer/Xcode/DerivedData/InkOS-hihmbestuurshsgyovxqmygopffq/Build/Products/Debug-iphonesimulator/MyScriptInteractiveInk-Runtime/MyScriptInteractiveInk_Runtime.modulemap' not found
fatal error: module map file '/Users/andrewallen/Library/Developer/Xcode/DerivedData/InkOS-hihmbestuurshsgyovxqmygopffq/Build/Products/Debug-iphonesimulator/MyScriptInteractiveInk-Runtime/MyScriptInteractiveInk_Runtime.modulemap' not found
fatal error: module map file '/Users/andrewallen/Library/Developer/Xcode/DerivedData/InkOS-hihmbestuurshsgyovxqmygopffq/Build/Products/Debug-iphonesimulator/MyScriptInteractiveInk-Runtime/MyScriptInteractiveInk_Runtime.modulemap' not found
fatal error: module map file '/Users/andrewallen/Library/Developer/Xcode/DerivedData/InkOS-hihmbestuurshsgyovxqmygopffq/Build/Products/Debug-iphonesimulator/MyScriptInteractiveInk-Runtime/MyScriptInteractiveInk_Runtime.modulemap' not found
fatal error: module map file '/Users/andrewallen/Library/Developer/Xcode/DerivedData/InkOS-hihmbestuurshsgyovxqmygopffq/Build/Products/Debug-iphonesimulator/MyScriptInteractiveInk-Runtime/MyScriptInteractiveInk_Runtime.modulemap' not found
fatal error: module map file '/Users/andrewallen/Library/Developer/Xcode/DerivedData/InkOS-hihmbestuurshsgyovxqmygopffq/Build/Products/Debug-iphonesimulator/MyScriptInteractiveInk-Runtime/MyScriptInteractiveInk_Runtime.modulemap' not found
fatal error: module map file '/Users/andrewallen/Library/Developer/Xcode/DerivedData/InkOS-hihmbestuurshsgyovxqmygopffq/Build/Products/Debug-iphonesimulator/MyScriptInteractiveInk-Runtime/MyScriptInteractiveInk_Runtime.modulemap' not found
fatal error: module map file '/Users/andrewallen/Library/Developer/Xcode/DerivedData/InkOS-hihmbestuurshsgyovxqmygopffq/Build/Products/Debug-iphonesimulator/MyScriptInteractiveInk-Runtime/MyScriptInteractiveInk_Runtime.modulemap' not found
fatal error: module map file '/Users/andrewallen/Library/Developer/Xcode/DerivedData/InkOS-hihmbestuurshsgyovxqmygopffq/Build/Products/Debug-iphonesimulator/MyScriptInteractiveInk-Runtime/MyScriptInteractiveInk_Runtime.modulemap' not found
fatal error: module map file '/Users/andrewallen/Library/Developer/Xcode/DerivedData/InkOS-hihmbestuurshsgyovxqmygopffq/Build/Products/Debug-iphonesimulator/MyScriptInteractiveInk-Runtime/MyScriptInteractiveInk_Runtime.modulemap' not found
fatal error: module map file '/Users/andrewallen/Library/Developer/Xcode/DerivedData/InkOS-hihmbestuurshsgyovxqmygopffq/Build/Products/Debug-iphonesimulator/MyScriptInteractiveInk-Runtime/MyScriptInteractiveInk_Runtime.modulemap' not found
fatal error: module map file '/Users/andrewallen/Library/Developer/Xcode/DerivedData/InkOS-hihmbestuurshsgyovxqmygopffq/Build/Products/Debug-iphonesimulator/MyScriptInteractiveInk-Runtime/MyScriptInteractiveInk_Runtime.modulemap' not found
fatal error: module map file '/Users/andrewallen/Library/Developer/Xcode/DerivedData/InkOS-hihmbestuurshsgyovxqmygopffq/Build/Products/Debug-iphonesimulator/MyScriptInteractiveInk-Runtime/MyScriptInteractiveInk_Runtime.modulemap' not found
fatal error: module map file '/Users/andrewallen/Library/Developer/Xcode/DerivedData/InkOS-hihmbestuurshsgyovxqmygopffq/Build/Products/Debug-iphonesimulator/MyScriptInteractiveInk-Runtime/MyScriptInteractiveInk_Runtime.modulemap' not found

error: Unable to find module dependency: '_SwiftConcurrencyShims'
note: a dependency of main module 'InkOS'
error: Unable to find module dependency: 'SwiftShims'
note: a dependency of Swift module 'Swift': '/Applications/Xcode.app/Contents/Developer/Toolchains/XcodeDefault.xctoolchain/usr/lib/swift/iphonesimulator/prebuilt-modules/26.2/Swift.swiftmodule/arm64-apple-ios-simulator.swiftmodule'
note: a dependency of Swift module 'QuartzCore': '/Applications/Xcode.app/Contents/Developer/Toolchains/XcodeDefault.xctoolchain/usr/lib/swift/iphonesimulator/prebuilt-modules/26.2/QuartzCore.swiftmodule/arm64-apple-ios-simulator.swiftmodule'
note: a dependency of Swift module 'DataDetection': '/Applications/Xcode.app/Contents/Developer/Toolchains/XcodeDefault.xctoolchain/usr/lib/swift/iphonesimulator/prebuilt-modules/26.2/DataDetection.swiftmodule/arm64-apple-ios-simulator.swiftmodule'
note: a dependency of Swift module 'CoreText': '/Applications/Xcode.app/Contents/Developer/Toolchains/XcodeDefault.xctoolchain/usr/lib/swift/iphonesimulator/prebuilt-modules/26.2/CoreText.swiftmodule/arm64-apple-ios-simulator.swiftmodule'
note: a dependency of Swift module 'UIKit': '/Applications/Xcode.app/Contents/Developer/Toolchains/XcodeDefault.xctoolchain/usr/lib/swift/iphonesimulator/prebuilt-modules/26.2/UIKit.swiftmodule/arm64-apple-ios-simulator.swiftmodule'
note: a dependency of Swift module 'Swift': '/Applications/Xcode.app/Contents/Developer/Toolchains/XcodeDefault.xctoolchain/usr/lib/swift/iphonesimulator/prebuilt-modules/26.2/Swift.swiftmodule/arm64-apple-ios-simulator.swiftmodule'
note: a dependency of Swift module 'Accessibility': '/Applications/Xcode.app/Contents/Developer/Toolchains/XcodeDefault.xctoolchain/usr/lib/swift/iphonesimulator/prebuilt-modules/26.2/Accessibility.swiftmodule/arm64-apple-ios-simulator.swiftmodule'
note: a dependency of Swift module 'SwiftUICore': '/Applications/Xcode.app/Contents/Developer/Toolchains/XcodeDefault.xctoolchain/usr/lib/swift/iphonesimulator/prebuilt-modules/26.2/SwiftUICore.swiftmodule/arm64-apple-ios-simulator.swiftmodule'
note: a dependency of Swift module 'Swift': '/Applications/Xcode.app/Contents/Developer/Toolchains/XcodeDefault.xctoolchain/usr/lib/swift/iphonesimulator/prebuilt-modules/26.2/Swift.swiftmodule/arm64-apple-ios-simulator.swiftmodule'
note: a dependency of Swift module 'Spatial': '/Applications/Xcode.app/Contents/Developer/Toolchains/XcodeDefault.xctoolchain/usr/lib/swift/iphonesimulator/prebuilt-modules/26.2/Spatial.swiftmodule/arm64-apple-ios-simulator.swiftmodule'
note: a dependency of Swift module 'OSLog': '/Applications/Xcode.app/Contents/Developer/Toolchains/XcodeDefault.xctoolchain/usr/lib/swift/iphonesimulator/prebuilt-modules/26.2/OSLog.swiftmodule/arm64-apple-ios-simulator.swiftmodule'
note: a dependency of Swift module 'DeveloperToolsSupport': '/Applications/Xcode.app/Contents/Developer/Toolchains/XcodeDefault.xctoolchain/usr/lib/swift/iphonesimulator/prebuilt-modules/26.2/DeveloperToolsSupport.swiftmodule/arm64-apple-ios-simulator.swiftmodule'
note: a dependency of Swift module 'Swift': '/Applications/Xcode.app/Contents/Developer/Toolchains/XcodeDefault.xctoolchain/usr/lib/swift/iphonesimulator/prebuilt-modules/26.2/Swift.swiftmodule/arm64-apple-ios-simulator.swiftmodule'
note: a dependency of Swift module 'CoreTransferable': '/Applications/Xcode.app/Contents/Developer/Toolchains/XcodeDefault.xctoolchain/usr/lib/swift/iphonesimulator/prebuilt-modules/26.2/CoreTransferable.swiftmodule/arm64-apple-ios-simulator.swiftmodule'
note: a dependency of Swift module 'CoreGraphics': '/Applications/Xcode.app/Contents/Developer/Toolchains/XcodeDefault.xctoolchain/usr/lib/swift/iphonesimulator/prebuilt-modules/26.2/CoreGraphics.swiftmodule/arm64-apple-ios-simulator.swiftmodule'
note: a dependency of Swift module 'Swift': '/Applications/Xcode.app/Contents/Developer/Toolchains/XcodeDefault.xctoolchain/usr/lib/swift/iphonesimulator/prebuilt-modules/26.2/Swift.swiftmodule/arm64-apple-ios-simulator.swiftmodule'
note: a dependency of Swift module 'Swift': '/Applications/Xcode.app/Contents/Developer/Toolchains/XcodeDefault.xctoolchain/usr/lib/swift/iphonesimulator/prebuilt-modules/26.2/Swift.swiftmodule/arm64-apple-ios-simulator.swiftmodule'
note: a dependency of Swift module 'Observation': '/Applications/Xcode.app/Contents/Developer/Toolchains/XcodeDefault.xctoolchain/usr/lib/swift/iphonesimulator/prebuilt-modules/26.2/Observation.swiftmodule/arm64-apple-ios-simulator.swiftmodule'
note: a dependency of Swift module 'ObjectiveC': '/Applications/Xcode.app/Contents/Developer/Toolchains/XcodeDefault.xctoolchain/usr/lib/swift/iphonesimulator/prebuilt-modules/26.2/ObjectiveC.swiftmodule/arm64-apple-ios-simulator.swiftmodule'
note: a dependency of Swift module 'Dispatch': '/Applications/Xcode.app/Contents/Developer/Toolchains/XcodeDefault.xctoolchain/usr/lib/swift/iphonesimulator/prebuilt-modules/26.2/Dispatch.swiftmodule/arm64-apple-ios-simulator.swiftmodule'
note: a dependency of Swift module 'CoreFoundation': '/Applications/Xcode.app/Contents/Developer/Toolchains/XcodeDefault.xctoolchain/usr/lib/swift/iphonesimulator/prebuilt-modules/26.2/CoreFoundation.swiftmodule/arm64-apple-ios-simulator.swiftmodule'
note: a dependency of Swift module 'Foundation': '/Applications/Xcode.app/Contents/Developer/Toolchains/XcodeDefault.xctoolchain/usr/lib/swift/iphonesimulator/prebuilt-modules/26.2/Foundation.swiftmodule/arm64-apple-ios-simulator.swiftmodule'
note: a dependency of Swift module 'CoreData': '/Applications/Xcode.app/Contents/Developer/Toolchains/XcodeDefault.xctoolchain/usr/lib/swift/iphonesimulator/prebuilt-modules/26.2/CoreData.swiftmodule/arm64-apple-ios-simulator.swiftmodule'
note: a dependency of Swift module '_DarwinFoundation2': '/Applications/Xcode.app/Contents/Developer/Toolchains/XcodeDefault.xctoolchain/usr/lib/swift/iphonesimulator/prebuilt-modules/26.2/_DarwinFoundation2.swiftmodule/arm64-apple-ios-simulator.swiftmodule'
note: a dependency of Swift module '_DarwinFoundation1': '/Applications/Xcode.app/Contents/Developer/Toolchains/XcodeDefault.xctoolchain/usr/lib/swift/iphonesimulator/prebuilt-modules/26.2/_DarwinFoundation1.swiftmodule/arm64-apple-ios-simulator.swiftmodule'
note: a dependency of Swift module '_Builtin_float': '/Applications/Xcode.app/Contents/Developer/Toolchains/XcodeDefault.xctoolchain/usr/lib/swift/iphonesimulator/prebuilt-modules/26.2/_Builtin_float.swiftmodule/arm64-apple-ios-simulator.swiftmodule'
note: a dependency of Swift module 'Swift': '/Applications/Xcode.app/Contents/Developer/Toolchains/XcodeDefault.xctoolchain/usr/lib/swift/iphonesimulator/prebuilt-modules/26.2/Swift.swiftmodule/arm64-apple-ios-simulator.swiftmodule'
note: a dependency of Swift module 'Darwin': '/Applications/Xcode.app/Contents/Developer/Toolchains/XcodeDefault.xctoolchain/usr/lib/swift/iphonesimulator/prebuilt-modules/26.2/Darwin.swiftmodule/arm64-apple-ios-simulator.swiftmodule'
note: a dependency of Swift module 'Combine': '/Applications/Xcode.app/Contents/Developer/Toolchains/XcodeDefault.xctoolchain/usr/lib/swift/iphonesimulator/prebuilt-modules/26.2/Combine.swiftmodule/arm64-apple-ios-simulator.swiftmodule'
note: a dependency of Swift module 'SwiftUI': '/Applications/Xcode.app/Contents/Developer/Toolchains/XcodeDefault.xctoolchain/usr/lib/swift/iphonesimulator/prebuilt-modules/26.2/SwiftUI.swiftmodule/arm64-apple-ios-simulator.swiftmodule'
note: a dependency of Swift module '_StringProcessing': '/Applications/Xcode.app/Contents/Developer/Toolchains/XcodeDefault.xctoolchain/usr/lib/swift/iphonesimulator/prebuilt-modules/26.2/_StringProcessing.swiftmodule/arm64-apple-ios-simulator.swiftmodule'
note: a dependency of Swift module '_Concurrency': '/Applications/Xcode.app/Contents/Developer/Toolchains/XcodeDefault.xctoolchain/usr/lib/swift/iphonesimulator/prebuilt-modules/26.2/_Concurrency.swiftmodule/arm64-apple-ios-simulator.swiftmodule'
note: a dependency of Swift module 'SwiftOnoneSupport': '/Applications/Xcode.app/Contents/Developer/Toolchains/XcodeDefault.xctoolchain/usr/lib/swift/iphonesimulator/prebuilt-modules/26.2/SwiftOnoneSupport.swiftmodule/arm64-apple-ios-simulator.swiftmodule'
note: a dependency of Swift module 'Swift': '/Applications/Xcode.app/Contents/Developer/Toolchains/XcodeDefault.xctoolchain/usr/lib/swift/iphonesimulator/prebuilt-modules/26.2/Swift.swiftmodule/arm64-apple-ios-simulator.swiftmodule'
note: a dependency of main module 'InkOS'
note: a dependency of Swift module 'Swift': '/Applications/Xcode.app/Contents/Developer/Toolchains/XcodeDefault.xctoolchain/usr/lib/swift/iphonesimulator/prebuilt-modules/26.2/Swift.swiftmodule/arm64-apple-ios-simulator.swiftmodule'
note: a dependency of Swift module 'QuartzCore': '/Applications/Xcode.app/Contents/Developer/Toolchains/XcodeDefault.xctoolchain/usr/lib/swift/iphonesimulator/prebuilt-modules/26.2/QuartzCore.swiftmodule/arm64-apple-ios-simulator.swiftmodule'
note: a dependency of Swift module 'DataDetection': '/Applications/Xcode.app/Contents/Developer/Toolchains/XcodeDefault.xctoolchain/usr/lib/swift/iphonesimulator/prebuilt-modules/26.2/DataDetection.swiftmodule/arm64-apple-ios-simulator.swiftmodule'
note: a dependency of Swift module 'CoreText': '/Applications/Xcode.app/Contents/Developer/Toolchains/XcodeDefault.xctoolchain/usr/lib/swift/iphonesimulator/prebuilt-modules/26.2/CoreText.swiftmodule/arm64-apple-ios-simulator.swiftmodule'
note: a dependency of Swift module 'UIKit': '/Applications/Xcode.app/Contents/Developer/Toolchains/XcodeDefault.xctoolchain/usr/lib/swift/iphonesimulator/prebuilt-modules/26.2/UIKit.swiftmodule/arm64-apple-ios-simulator.swiftmodule'
note: a dependency of Swift module 'Swift': '/Applications/Xcode.app/Contents/Developer/Toolchains/XcodeDefault.xctoolchain/usr/lib/swift/iphonesimulator/prebuilt-modules/26.2/Swift.swiftmodule/arm64-apple-ios-simulator.swiftmodule'
note: a dependency of Swift module 'Accessibility': '/Applications/Xcode.app/Contents/Developer/Toolchains/XcodeDefault.xctoolchain/usr/lib/swift/iphonesimulator/prebuilt-modules/26.2/Accessibility.swiftmodule/arm64-apple-ios-simulator.swiftmodule'
note: a dependency of Swift module 'SwiftUICore': '/Applications/Xcode.app/Contents/Developer/Toolchains/XcodeDefault.xctoolchain/usr/lib/swift/iphonesimulator/prebuilt-modules/26.2/SwiftUICore.swiftmodule/arm64-apple-ios-simulator.swiftmodule'
note: a dependency of Swift module 'Swift': '/Applications/Xcode.app/Contents/Developer/Toolchains/XcodeDefault.xctoolchain/usr/lib/swift/iphonesimulator/prebuilt-modules/26.2/Swift.swiftmodule/arm64-apple-ios-simulator.swiftmodule'
note: a dependency of Swift module 'Spatial': '/Applications/Xcode.app/Contents/Developer/Toolchains/XcodeDefault.xctoolchain/usr/lib/swift/iphonesimulator/prebuilt-modules/26.2/Spatial.swiftmodule/arm64-apple-ios-simulator.swiftmodule'
note: a dependency of Swift module 'OSLog': '/Applications/Xcode.app/Contents/Developer/Toolchains/XcodeDefault.xctoolchain/usr/lib/swift/iphonesimulator/prebuilt-modules/26.2/OSLog.swiftmodule/arm64-apple-ios-simulator.swiftmodule'
note: a dependency of Swift module 'DeveloperToolsSupport': '/Applications/Xcode.app/Contents/Developer/Toolchains/XcodeDefault.xctoolchain/usr/lib/swift/iphonesimulator/prebuilt-modules/26.2/DeveloperToolsSupport.swiftmodule/arm64-apple-ios-simulator.swiftmodule'
note: a dependency of Swift module 'Swift': '/Applications/Xcode.app/Contents/Developer/Toolchains/XcodeDefault.xctoolchain/usr/lib/swift/iphonesimulator/prebuilt-modules/26.2/Swift.swiftmodule/arm64-apple-ios-simulator.swiftmodule'
note: a dependency of Swift module 'CoreTransferable': '/Applications/Xcode.app/Contents/Developer/Toolchains/XcodeDefault.xctoolchain/usr/lib/swift/iphonesimulator/prebuilt-modules/26.2/CoreTransferable.swiftmodule/arm64-apple-ios-simulator.swiftmodule'
note: a dependency of Swift module 'CoreGraphics': '/Applications/Xcode.app/Contents/Developer/Toolchains/XcodeDefault.xctoolchain/usr/lib/swift/iphonesimulator/prebuilt-modules/26.2/CoreGraphics.swiftmodule/arm64-apple-ios-simulator.swiftmodule'
note: a dependency of Swift module 'Swift': '/Applications/Xcode.app/Contents/Developer/Toolchains/XcodeDefault.xctoolchain/usr/lib/swift/iphonesimulator/prebuilt-modules/26.2/Swift.swiftmodule/arm64-apple-ios-simulator.swiftmodule'
note: a dependency of Swift module 'Swift': '/Applications/Xcode.app/Contents/Developer/Toolchains/XcodeDefault.xctoolchain/usr/lib/swift/iphonesimulator/prebuilt-modules/26.2/Swift.swiftmodule/arm64-apple-ios-simulator.swiftmodule'
note: a dependency of Swift module 'Observation': '/Applications/Xcode.app/Contents/Developer/Toolchains/XcodeDefault.xctoolchain/usr/lib/swift/iphonesimulator/prebuilt-modules/26.2/Observation.swiftmodule/arm64-apple-ios-simulator.swiftmodule'
note: a dependency of Swift module 'ObjectiveC': '/Applications/Xcode.app/Contents/Developer/Toolchains/XcodeDefault.xctoolchain/usr/lib/swift/iphonesimulator/prebuilt-modules/26.2/ObjectiveC.swiftmodule/arm64-apple-ios-simulator.swiftmodule'
note: a dependency of Swift module 'Dispatch': '/Applications/Xcode.app/Contents/Developer/Toolchains/XcodeDefault.xctoolchain/usr/lib/swift/iphonesimulator/prebuilt-modules/26.2/Dispatch.swiftmodule/arm64-apple-ios-simulator.swiftmodule'
note: a dependency of Swift module 'CoreFoundation': '/Applications/Xcode.app/Contents/Developer/Toolchains/XcodeDefault.xctoolchain/usr/lib/swift/iphonesimulator/prebuilt-modules/26.2/CoreFoundation.swiftmodule/arm64-apple-ios-simulator.swiftmodule'
note: a dependency of Swift module 'Foundation': '/Applications/Xcode.app/Contents/Developer/Toolchains/XcodeDefault.xctoolchain/usr/lib/swift/iphonesimulator/prebuilt-modules/26.2/Foundation.swiftmodule/arm64-apple-ios-simulator.swiftmodule'
note: a dependency of Swift module 'CoreData': '/Applications/Xcode.app/Contents/Developer/Toolchains/XcodeDefault.xctoolchain/usr/lib/swift/iphonesimulator/prebuilt-modules/26.2/CoreData.swiftmodule/arm64-apple-ios-simulator.swiftmodule'
note: a dependency of Swift module '_DarwinFoundation2': '/Applications/Xcode.app/Contents/Developer/Toolchains/XcodeDefault.xctoolchain/usr/lib/swift/iphonesimulator/prebuilt-modules/26.2/_DarwinFoundation2.swiftmodule/arm64-apple-ios-simulator.swiftmodule'
note: a dependency of Swift module '_DarwinFoundation1': '/Applications/Xcode.app/Contents/Developer/Toolchains/XcodeDefault.xctoolchain/usr/lib/swift/iphonesimulator/prebuilt-modules/26.2/_DarwinFoundation1.swiftmodule/arm64-apple-ios-simulator.swiftmodule'
note: a dependency of Swift module '_Builtin_float': '/Applications/Xcode.app/Contents/Developer/Toolchains/XcodeDefault.xctoolchain/usr/lib/swift/iphonesimulator/prebuilt-modules/26.2/_Builtin_float.swiftmodule/arm64-apple-ios-simulator.swiftmodule'
note: a dependency of Swift module 'Swift': '/Applications/Xcode.app/Contents/Developer/Toolchains/XcodeDefault.xctoolchain/usr/lib/swift/iphonesimulator/prebuilt-modules/26.2/Swift.swiftmodule/arm64-apple-ios-simulator.swiftmodule'
note: a dependency of Swift module 'Darwin': '/Applications/Xcode.app/Contents/Developer/Toolchains/XcodeDefault.xctoolchain/usr/lib/swift/iphonesimulator/prebuilt-modules/26.2/Darwin.swiftmodule/arm64-apple-ios-simulator.swiftmodule'
note: a dependency of Swift module 'Combine': '/Applications/Xcode.app/Contents/Developer/Toolchains/XcodeDefault.xctoolchain/usr/lib/swift/iphonesimulator/prebuilt-modules/26.2/Combine.swiftmodule/arm64-apple-ios-simulator.swiftmodule'
note: a dependency of Swift module 'SwiftUI': '/Applications/Xcode.app/Contents/Developer/Toolchains/XcodeDefault.xctoolchain/usr/lib/swift/iphonesimulator/prebuilt-modules/26.2/SwiftUI.swiftmodule/arm64-apple-ios-simulator.swiftmodule'
note: a dependency of Swift module '_StringProcessing': '/Applications/Xcode.app/Contents/Developer/Toolchains/XcodeDefault.xctoolchain/usr/lib/swift/iphonesimulator/prebuilt-modules/26.2/_StringProcessing.swiftmodule/arm64-apple-ios-simulator.swiftmodule'
note: a dependency of Swift module '_Concurrency': '/Applications/Xcode.app/Contents/Developer/Toolchains/XcodeDefault.xctoolchain/usr/lib/swift/iphonesimulator/prebuilt-modules/26.2/_Concurrency.swiftmodule/arm64-apple-ios-simulator.swiftmodule'
note: a dependency of Swift module 'SwiftOnoneSupport': '/Applications/Xcode.app/Contents/Developer/Toolchains/XcodeDefault.xctoolchain/usr/lib/swift/iphonesimulator/prebuilt-modules/26.2/SwiftOnoneSupport.swiftmodule/arm64-apple-ios-simulator.swiftmodule'
note: a dependency of Swift module 'Swift': '/Applications/Xcode.app/Contents/Developer/Toolchains/XcodeDefault.xctoolchain/usr/lib/swift/iphonesimulator/prebuilt-modules/26.2/Swift.swiftmodule/arm64-apple-ios-simulator.swiftmodule'
note: a dependency of main module 'InkOS'
note: a dependency of Swift module 'Swift': '/Applications/Xcode.app/Contents/Developer/Toolchains/XcodeDefault.xctoolchain/usr/lib/swift/iphonesimulator/prebuilt-modules/26.2/Swift.swiftmodule/arm64-apple-ios-simulator.swiftmodule'
note: a dependency of Swift module 'DataDetection': '/Applications/Xcode.app/Contents/Developer/Toolchains/XcodeDefault.xctoolchain/usr/lib/swift/iphonesimulator/prebuilt-modules/26.2/DataDetection.swiftmodule/arm64-apple-ios-simulator.swiftmodule'
note: a dependency of Swift module 'CoreText': '/Applications/Xcode.app/Contents/Developer/Toolchains/XcodeDefault.xctoolchain/usr/lib/swift/iphonesimulator/prebuilt-modules/26.2/CoreText.swiftmodule/arm64-apple-ios-simulator.swiftmodule'
note: a dependency of Swift module 'UIKit': '/Applications/Xcode.app/Contents/Developer/Toolchains/XcodeDefault.xctoolchain/usr/lib/swift/iphonesimulator/prebuilt-modules/26.2/UIKit.swiftmodule/arm64-apple-ios-simulator.swiftmodule'
note: a dependency of Swift module 'Swift': '/Applications/Xcode.app/Contents/Developer/Toolchains/XcodeDefault.xctoolchain/usr/lib/swift/iphonesimulator/prebuilt-modules/26.2/Swift.swiftmodule/arm64-apple-ios-simulator.swiftmodule'
note: a dependency of Swift module 'Accessibility': '/Applications/Xcode.app/Contents/Developer/Toolchains/XcodeDefault.xctoolchain/usr/lib/swift/iphonesimulator/prebuilt-modules/26.2/Accessibility.swiftmodule/arm64-apple-ios-simulator.swiftmodule'
note: a dependency of Swift module 'SwiftUICore': '/Applications/Xcode.app/Contents/Developer/Toolchains/XcodeDefault.xctoolchain/usr/lib/swift/iphonesimulator/prebuilt-modules/26.2/SwiftUICore.swiftmodule/arm64-apple-ios-simulator.swiftmodule'
note: a dependency of Swift module 'Swift': '/Applications/Xcode.app/Contents/Developer/Toolchains/XcodeDefault.xctoolchain/usr/lib/swift/iphonesimulator/prebuilt-modules/26.2/Swift.swiftmodule/arm64-apple-ios-simulator.swiftmodule'
note: a dependency of Swift module 'Spatial': '/Applications/Xcode.app/Contents/Developer/Toolchains/XcodeDefault.xctoolchain/usr/lib/swift/iphonesimulator/prebuilt-modules/26.2/Spatial.swiftmodule/arm64-apple-ios-simulator.swiftmodule'
note: a dependency of Swift module 'OSLog': '/Applications/Xcode.app/Contents/Developer/Toolchains/XcodeDefault.xctoolchain/usr/lib/swift/iphonesimulator/prebuilt-modules/26.2/OSLog.swiftmodule/arm64-apple-ios-simulator.swiftmodule'
note: a dependency of Swift module 'DeveloperToolsSupport': '/Applications/Xcode.app/Contents/Developer/Toolchains/XcodeDefault.xctoolchain/usr/lib/swift/iphonesimulator/prebuilt-modules/26.2/DeveloperToolsSupport.swiftmodule/arm64-apple-ios-simulator.swiftmodule'
note: a dependency of Swift module 'Swift': '/Applications/Xcode.app/Contents/Developer/Toolchains/XcodeDefault.xctoolchain/usr/lib/swift/iphonesimulator/prebuilt-modules/26.2/Swift.swiftmodule/arm64-apple-ios-simulator.swiftmodule'
note: a dependency of Swift module 'CoreTransferable': '/Applications/Xcode.app/Contents/Developer/Toolchains/XcodeDefault.xctoolchain/usr/lib/swift/iphonesimulator/prebuilt-modules/26.2/CoreTransferable.swiftmodule/arm64-apple-ios-simulator.swiftmodule'
note: a dependency of Swift module 'CoreGraphics': '/Applications/Xcode.app/Contents/Developer/Toolchains/XcodeDefault.xctoolchain/usr/lib/swift/iphonesimulator/prebuilt-modules/26.2/CoreGraphics.swiftmodule/arm64-apple-ios-simulator.swiftmodule'
note: a dependency of Swift module 'Swift': '/Applications/Xcode.app/Contents/Developer/Toolchains/XcodeDefault.xctoolchain/usr/lib/swift/iphonesimulator/prebuilt-modules/26.2/Swift.swiftmodule/arm64-apple-ios-simulator.swiftmodule'
note: a dependency of Swift module 'Swift': '/Applications/Xcode.app/Contents/Developer/Toolchains/XcodeDefault.xctoolchain/usr/lib/swift/iphonesimulator/prebuilt-modules/26.2/Swift.swiftmodule/arm64-apple-ios-simulator.swiftmodule'
note: a dependency of Swift module 'Observation': '/Applications/Xcode.app/Contents/Developer/Toolchains/XcodeDefault.xctoolchain/usr/lib/swift/iphonesimulator/prebuilt-modules/26.2/Observation.swiftmodule/arm64-apple-ios-simulator.swiftmodule'
note: a dependency of Swift module 'ObjectiveC': '/Applications/Xcode.app/Contents/Developer/Toolchains/XcodeDefault.xctoolchain/usr/lib/swift/iphonesimulator/prebuilt-modules/26.2/ObjectiveC.swiftmodule/arm64-apple-ios-simulator.swiftmodule'
note: a dependency of Swift module 'Dispatch': '/Applications/Xcode.app/Contents/Developer/Toolchains/XcodeDefault.xctoolchain/usr/lib/swift/iphonesimulator/prebuilt-modules/26.2/Dispatch.swiftmodule/arm64-apple-ios-simulator.swiftmodule'
note: a dependency of Swift module 'CoreFoundation': '/Applications/Xcode.app/Contents/Developer/Toolchains/XcodeDefault.xctoolchain/usr/lib/swift/iphonesimulator/prebuilt-modules/26.2/CoreFoundation.swiftmodule/arm64-apple-ios-simulator.swiftmodule'
note: a dependency of Swift module 'Foundation': '/Applications/Xcode.app/Contents/Developer/Toolchains/XcodeDefault.xctoolchain/usr/lib/swift/iphonesimulator/prebuilt-modules/26.2/Foundation.swiftmodule/arm64-apple-ios-simulator.swiftmodule'
note: a dependency of Swift module 'CoreData': '/Applications/Xcode.app/Contents/Developer/Toolchains/XcodeDefault.xctoolchain/usr/lib/swift/iphonesimulator/prebuilt-modules/26.2/CoreData.swiftmodule/arm64-apple-ios-simulator.swiftmodule'
note: a dependency of Swift module '_DarwinFoundation2': '/Applications/Xcode.app/Contents/Developer/Toolchains/XcodeDefault.xctoolchain/usr/lib/swift/iphonesimulator/prebuilt-modules/26.2/_DarwinFoundation2.swiftmodule/arm64-apple-ios-simulator.swiftmodule'
note: a dependency of Swift module '_DarwinFoundation1': '/Applications/Xcode.app/Contents/Developer/Toolchains/XcodeDefault.xctoolchain/usr/lib/swift/iphonesimulator/prebuilt-modules/26.2/_DarwinFoundation1.swiftmodule/arm64-apple-ios-simulator.swiftmodule'
note: a dependency of Swift module '_Builtin_float': '/Applications/Xcode.app/Contents/Developer/Toolchains/XcodeDefault.xctoolchain/usr/lib/swift/iphonesimulator/prebuilt-modules/26.2/_Builtin_float.swiftmodule/arm64-apple-ios-simulator.swiftmodule'
note: a dependency of Swift module 'Swift': '/Applications/Xcode.app/Contents/Developer/Toolchains/XcodeDefault.xctoolchain/usr/lib/swift/iphonesimulator/prebuilt-modules/26.2/Swift.swiftmodule/arm64-apple-ios-simulator.swiftmodule'
note: a dependency of Swift module 'Darwin': '/Applications/Xcode.app/Contents/Developer/Toolchains/XcodeDefault.xctoolchain/usr/lib/swift/iphonesimulator/prebuilt-modules/26.2/Darwin.swiftmodule/arm64-apple-ios-simulator.swiftmodule'
note: a dependency of Swift module 'Combine': '/Applications/Xcode.app/Contents/Developer/Toolchains/XcodeDefault.xctoolchain/usr/lib/swift/iphonesimulator/prebuilt-modules/26.2/Combine.swiftmodule/arm64-apple-ios-simulator.swiftmodule'
note: a dependency of Swift module 'SwiftUI': '/Applications/Xcode.app/Contents/Developer/Toolchains/XcodeDefault.xctoolchain/usr/lib/swift/iphonesimulator/prebuilt-modules/26.2/SwiftUI.swiftmodule/arm64-apple-ios-simulator.swiftmodule'
note: a dependency of Swift module '_StringProcessing': '/Applications/Xcode.app/Contents/Developer/Toolchains/XcodeDefault.xctoolchain/usr/lib/swift/iphonesimulator/prebuilt-modules/26.2/_StringProcessing.swiftmodule/arm64-apple-ios-simulator.swiftmodule'
note: a dependency of Swift module '_Concurrency': '/Applications/Xcode.app/Contents/Developer/Toolchains/XcodeDefault.xctoolchain/usr/lib/swift/iphonesimulator/prebuilt-modules/26.2/_Concurrency.swiftmodule/arm64-apple-ios-simulator.swiftmodule'
note: a dependency of Swift module 'SwiftOnoneSupport': '/Applications/Xcode.app/Contents/Developer/Toolchains/XcodeDefault.xctoolchain/usr/lib/swift/iphonesimulator/prebuilt-modules/26.2/SwiftOnoneSupport.swiftmodule/arm64-apple-ios-simulator.swiftmodule'
note: a dependency of Swift module 'Swift': '/Applications/Xcode.app/Contents/Developer/Toolchains/XcodeDefault.xctoolchain/usr/lib/swift/iphonesimulator/prebuilt-modules/26.2/Swift.swiftmodule/arm64-apple-ios-simulator.swiftmodule'
note: a dependency of main module 'InkOS'
note: a dependency of Swift module 'Swift': '/Applications/Xcode.app/Contents/Developer/Toolchains/XcodeDefault.xctoolchain/usr/lib/swift/iphonesimulator/prebuilt-modules/26.2/Swift.swiftmodule/arm64-apple-ios-simulator.swiftmodule'
note: a dependency of Swift module 'CoreText': '/Applications/Xcode.app/Contents/Developer/Toolchains/XcodeDefault.xctoolchain/usr/lib/swift/iphonesimulator/prebuilt-modules/26.2/CoreText.swiftmodule/arm64-apple-ios-simulator.swiftmodule'
note: a dependency of Swift module 'UIKit': '/Applications/Xcode.app/Contents/Developer/Toolchains/XcodeDefault.xctoolchain/usr/lib/swift/iphonesimulator/prebuilt-modules/26.2/UIKit.swiftmodule/arm64-apple-ios-simulator.swiftmodule'
note: a dependency of Swift module 'Swift': '/Applications/Xcode.app/Contents/Developer/Toolchains/XcodeDefault.xctoolchain/usr/lib/swift/iphonesimulator/prebuilt-modules/26.2/Swift.swiftmodule/arm64-apple-ios-simulator.swiftmodule'
note: a dependency of Swift module 'Accessibility': '/Applications/Xcode.app/Contents/Developer/Toolchains/XcodeDefault.xctoolchain/usr/lib/swift/iphonesimulator/prebuilt-modules/26.2/Accessibility.swiftmodule/arm64-apple-ios-simulator.swiftmodule'
note: a dependency of Swift module 'SwiftUICore': '/Applications/Xcode.app/Contents/Developer/Toolchains/XcodeDefault.xctoolchain/usr/lib/swift/iphonesimulator/prebuilt-modules/26.2/SwiftUICore.swiftmodule/arm64-apple-ios-simulator.swiftmodule'
note: a dependency of Swift module 'Swift': '/Applications/Xcode.app/Contents/Developer/Toolchains/XcodeDefault.xctoolchain/usr/lib/swift/iphonesimulator/prebuilt-modules/26.2/Swift.swiftmodule/arm64-apple-ios-simulator.swiftmodule'
note: a dependency of Swift module 'Spatial': '/Applications/Xcode.app/Contents/Developer/Toolchains/XcodeDefault.xctoolchain/usr/lib/swift/iphonesimulator/prebuilt-modules/26.2/Spatial.swiftmodule/arm64-apple-ios-simulator.swiftmodule'
note: a dependency of Swift module 'OSLog': '/Applications/Xcode.app/Contents/Developer/Toolchains/XcodeDefault.xctoolchain/usr/lib/swift/iphonesimulator/prebuilt-modules/26.2/OSLog.swiftmodule/arm64-apple-ios-simulator.swiftmodule'
note: a dependency of Swift module 'DeveloperToolsSupport': '/Applications/Xcode.app/Contents/Developer/Toolchains/XcodeDefault.xctoolchain/usr/lib/swift/iphonesimulator/prebuilt-modules/26.2/DeveloperToolsSupport.swiftmodule/arm64-apple-ios-simulator.swiftmodule'
note: a dependency of Swift module 'Swift': '/Applications/Xcode.app/Contents/Developer/Toolchains/XcodeDefault.xctoolchain/usr/lib/swift/iphonesimulator/prebuilt-modules/26.2/Swift.swiftmodule/arm64-apple-ios-simulator.swiftmodule'
note: a dependency of Swift module 'CoreTransferable': '/Applications/Xcode.app/Contents/Developer/Toolchains/XcodeDefault.xctoolchain/usr/lib/swift/iphonesimulator/prebuilt-modules/26.2/CoreTransferable.swiftmodule/arm64-apple-ios-simulator.swiftmodule'
note: a dependency of Swift module 'CoreGraphics': '/Applications/Xcode.app/Contents/Developer/Toolchains/XcodeDefault.xctoolchain/usr/lib/swift/iphonesimulator/prebuilt-modules/26.2/CoreGraphics.swiftmodule/arm64-apple-ios-simulator.swiftmodule'
note: a dependency of Swift module 'Swift': '/Applications/Xcode.app/Contents/Developer/Toolchains/XcodeDefault.xctoolchain/usr/lib/swift/iphonesimulator/prebuilt-modules/26.2/Swift.swiftmodule/arm64-apple-ios-simulator.swiftmodule'
note: a dependency of Swift module 'Swift': '/Applications/Xcode.app/Contents/Developer/Toolchains/XcodeDefault.xctoolchain/usr/lib/swift/iphonesimulator/prebuilt-modules/26.2/Swift.swiftmodule/arm64-apple-ios-simulator.swiftmodule'
note: a dependency of Swift module 'Observation': '/Applications/Xcode.app/Contents/Developer/Toolchains/XcodeDefault.xctoolchain/usr/lib/swift/iphonesimulator/prebuilt-modules/26.2/Observation.swiftmodule/arm64-apple-ios-simulator.swiftmodule'
note: a dependency of Swift module 'ObjectiveC': '/Applications/Xcode.app/Contents/Developer/Toolchains/XcodeDefault.xctoolchain/usr/lib/swift/iphonesimulator/prebuilt-modules/26.2/ObjectiveC.swiftmodule/arm64-apple-ios-simulator.swiftmodule'
note: a dependency of Swift module 'Dispatch': '/Applications/Xcode.app/Contents/Developer/Toolchains/XcodeDefault.xctoolchain/usr/lib/swift/iphonesimulator/prebuilt-modules/26.2/Dispatch.swiftmodule/arm64-apple-ios-simulator.swiftmodule'
note: a dependency of Swift module 'CoreFoundation': '/Applications/Xcode.app/Contents/Developer/Toolchains/XcodeDefault.xctoolchain/usr/lib/swift/iphonesimulator/prebuilt-modules/26.2/CoreFoundation.swiftmodule/arm64-apple-ios-simulator.swiftmodule'
note: a dependency of Swift module 'Foundation': '/Applications/Xcode.app/Contents/Developer/Toolchains/XcodeDefault.xctoolchain/usr/lib/swift/iphonesimulator/prebuilt-modules/26.2/Foundation.swiftmodule/arm64-apple-ios-simulator.swiftmodule'
note: a dependency of Swift module 'CoreData': '/Applications/Xcode.app/Contents/Developer/Toolchains/XcodeDefault.xctoolchain/usr/lib/swift/iphonesimulator/prebuilt-modules/26.2/CoreData.swiftmodule/arm64-apple-ios-simulator.swiftmodule'
note: a dependency of Swift module '_DarwinFoundation2': '/Applications/Xcode.app/Contents/Developer/Toolchains/XcodeDefault.xctoolchain/usr/lib/swift/iphonesimulator/prebuilt-modules/26.2/_DarwinFoundation2.swiftmodule/arm64-apple-ios-simulator.swiftmodule'
note: a dependency of Swift module '_DarwinFoundation1': '/Applications/Xcode.app/Contents/Developer/Toolchains/XcodeDefault.xctoolchain/usr/lib/swift/iphonesimulator/prebuilt-modules/26.2/_DarwinFoundation1.swiftmodule/arm64-apple-ios-simulator.swiftmodule'
note: a dependency of Swift module '_Builtin_float': '/Applications/Xcode.app/Contents/Developer/Toolchains/XcodeDefault.xctoolchain/usr/lib/swift/iphonesimulator/prebuilt-modules/26.2/_Builtin_float.swiftmodule/arm64-apple-ios-simulator.swiftmodule'
note: a dependency of Swift module 'Swift': '/Applications/Xcode.app/Contents/Developer/Toolchains/XcodeDefault.xctoolchain/usr/lib/swift/iphonesimulator/prebuilt-modules/26.2/Swift.swiftmodule/arm64-apple-ios-simulator.swiftmodule'
note: a dependency of Swift module 'Darwin': '/Applications/Xcode.app/Contents/Developer/Toolchains/XcodeDefault.xctoolchain/usr/lib/swift/iphonesimulator/prebuilt-modules/26.2/Darwin.swiftmodule/arm64-apple-ios-simulator.swiftmodule'
note: a dependency of Swift module 'Combine': '/Applications/Xcode.app/Contents/Developer/Toolchains/XcodeDefault.xctoolchain/usr/lib/swift/iphonesimulator/prebuilt-modules/26.2/Combine.swiftmodule/arm64-apple-ios-simulator.swiftmodule'
note: a dependency of Swift module 'SwiftUI': '/Applications/Xcode.app/Contents/Developer/Toolchains/XcodeDefault.xctoolchain/usr/lib/swift/iphonesimulator/prebuilt-modules/26.2/SwiftUI.swiftmodule/arm64-apple-ios-simulator.swiftmodule'
note: a dependency of Swift module '_StringProcessing': '/Applications/Xcode.app/Contents/Developer/Toolchains/XcodeDefault.xctoolchain/usr/lib/swift/iphonesimulator/prebuilt-modules/26.2/_StringProcessing.swiftmodule/arm64-apple-ios-simulator.swiftmodule'
note: a dependency of Swift module '_Concurrency': '/Applications/Xcode.app/Contents/Developer/Toolchains/XcodeDefault.xctoolchain/usr/lib/swift/iphonesimulator/prebuilt-modules/26.2/_Concurrency.swiftmodule/arm64-apple-ios-simulator.swiftmodule'
note: a dependency of Swift module 'SwiftOnoneSupport': '/Applications/Xcode.app/Contents/Developer/Toolchains/XcodeDefault.xctoolchain/usr/lib/swift/iphonesimulator/prebuilt-modules/26.2/SwiftOnoneSupport.swiftmodule/arm64-apple-ios-simulator.swiftmodule'
note: a dependency of Swift module 'Swift': '/Applications/Xcode.app/Contents/Developer/Toolchains/XcodeDefault.xctoolchain/usr/lib/swift/iphonesimulator/prebuilt-modules/26.2/Swift.swiftmodule/arm64-apple-ios-simulator.swiftmodule'
note: a dependency of main module 'InkOS'
note: a dependency of Swift module 'Swift': '/Applications/Xcode.app/Contents/Developer/Toolchains/XcodeDefault.xctoolchain/usr/lib/swift/iphonesimulator/prebuilt-modules/26.2/Swift.swiftmodule/arm64-apple-ios-simulator.swiftmodule'
note: a dependency of Swift module 'Symbols': '/Applications/Xcode.app/Contents/Developer/Toolchains/XcodeDefault.xctoolchain/usr/lib/swift/iphonesimulator/prebuilt-modules/26.2/Symbols.swiftmodule/arm64-apple-ios-simulator.swiftmodule'
note: a dependency of Swift module 'Swift': '/Applications/Xcode.app/Contents/Developer/Toolchains/XcodeDefault.xctoolchain/usr/lib/swift/iphonesimulator/prebuilt-modules/26.2/Swift.swiftmodule/arm64-apple-ios-simulator.swiftmodule'
note: a dependency of Swift module 'Accessibility': '/Applications/Xcode.app/Contents/Developer/Toolchains/XcodeDefault.xctoolchain/usr/lib/swift/iphonesimulator/prebuilt-modules/26.2/Accessibility.swiftmodule/arm64-apple-ios-simulator.swiftmodule'
note: a dependency of Swift module 'SwiftUICore': '/Applications/Xcode.app/Contents/Developer/Toolchains/XcodeDefault.xctoolchain/usr/lib/swift/iphonesimulator/prebuilt-modules/26.2/SwiftUICore.swiftmodule/arm64-apple-ios-simulator.swiftmodule'
note: a dependency of Swift module 'Swift': '/Applications/Xcode.app/Contents/Developer/Toolchains/XcodeDefault.xctoolchain/usr/lib/swift/iphonesimulator/prebuilt-modules/26.2/Swift.swiftmodule/arm64-apple-ios-simulator.swiftmodule'
note: a dependency of Swift module 'Spatial': '/Applications/Xcode.app/Contents/Developer/Toolchains/XcodeDefault.xctoolchain/usr/lib/swift/iphonesimulator/prebuilt-modules/26.2/Spatial.swiftmodule/arm64-apple-ios-simulator.swiftmodule'
note: a dependency of Swift module 'OSLog': '/Applications/Xcode.app/Contents/Developer/Toolchains/XcodeDefault.xctoolchain/usr/lib/swift/iphonesimulator/prebuilt-modules/26.2/OSLog.swiftmodule/arm64-apple-ios-simulator.swiftmodule'
note: a dependency of Swift module 'DeveloperToolsSupport': '/Applications/Xcode.app/Contents/Developer/Toolchains/XcodeDefault.xctoolchain/usr/lib/swift/iphonesimulator/prebuilt-modules/26.2/DeveloperToolsSupport.swiftmodule/arm64-apple-ios-simulator.swiftmodule'
note: a dependency of Swift module 'Swift': '/Applications/Xcode.app/Contents/Developer/Toolchains/XcodeDefault.xctoolchain/usr/lib/swift/iphonesimulator/prebuilt-modules/26.2/Swift.swiftmodule/arm64-apple-ios-simulator.swiftmodule'
note: a dependency of Swift module 'CoreTransferable': '/Applications/Xcode.app/Contents/Developer/Toolchains/XcodeDefault.xctoolchain/usr/lib/swift/iphonesimulator/prebuilt-modules/26.2/CoreTransferable.swiftmodule/arm64-apple-ios-simulator.swiftmodule'
note: a dependency of Swift module 'CoreGraphics': '/Applications/Xcode.app/Contents/Developer/Toolchains/XcodeDefault.xctoolchain/usr/lib/swift/iphonesimulator/prebuilt-modules/26.2/CoreGraphics.swiftmodule/arm64-apple-ios-simulator.swiftmodule'
note: a dependency of Swift module 'Swift': '/Applications/Xcode.app/Contents/Developer/Toolchains/XcodeDefault.xctoolchain/usr/lib/swift/iphonesimulator/prebuilt-modules/26.2/Swift.swiftmodule/arm64-apple-ios-simulator.swiftmodule'
note: a dependency of Swift module 'Swift': '/Applications/Xcode.app/Contents/Developer/Toolchains/XcodeDefault.xctoolchain/usr/lib/swift/iphonesimulator/prebuilt-modules/26.2/Swift.swiftmodule/arm64-apple-ios-simulator.swiftmodule'
note: a dependency of Swift module 'Observation': '/Applications/Xcode.app/Contents/Developer/Toolchains/XcodeDefault.xctoolchain/usr/lib/swift/iphonesimulator/prebuilt-modules/26.2/Observation.swiftmodule/arm64-apple-ios-simulator.swiftmodule'
note: a dependency of Swift module 'ObjectiveC': '/Applications/Xcode.app/Contents/Developer/Toolchains/XcodeDefault.xctoolchain/usr/lib/swift/iphonesimulator/prebuilt-modules/26.2/ObjectiveC.swiftmodule/arm64-apple-ios-simulator.swiftmodule'
note: a dependency of Swift module 'Dispatch': '/Applications/Xcode.app/Contents/Developer/Toolchains/XcodeDefault.xctoolchain/usr/lib/swift/iphonesimulator/prebuilt-modules/26.2/Dispatch.swiftmodule/arm64-apple-ios-simulator.swiftmodule'
note: a dependency of Swift module 'CoreFoundation': '/Applications/Xcode.app/Contents/Developer/Toolchains/XcodeDefault.xctoolchain/usr/lib/swift/iphonesimulator/prebuilt-modules/26.2/CoreFoundation.swiftmodule/arm64-apple-ios-simulator.swiftmodule'
note: a dependency of Swift module 'Foundation': '/Applications/Xcode.app/Contents/Developer/Toolchains/XcodeDefault.xctoolchain/usr/lib/swift/iphonesimulator/prebuilt-modules/26.2/Foundation.swiftmodule/arm64-apple-ios-simulator.swiftmodule'
note: a dependency of Swift module 'CoreData': '/Applications/Xcode.app/Contents/Developer/Toolchains/XcodeDefault.xctoolchain/usr/lib/swift/iphonesimulator/prebuilt-modules/26.2/CoreData.swiftmodule/arm64-apple-ios-simulator.swiftmodule'
note: a dependency of Swift module '_DarwinFoundation2': '/Applications/Xcode.app/Contents/Developer/Toolchains/XcodeDefault.xctoolchain/usr/lib/swift/iphonesimulator/prebuilt-modules/26.2/_DarwinFoundation2.swiftmodule/arm64-apple-ios-simulator.swiftmodule'
note: a dependency of Swift module '_DarwinFoundation1': '/Applications/Xcode.app/Contents/Developer/Toolchains/XcodeDefault.xctoolchain/usr/lib/swift/iphonesimulator/prebuilt-modules/26.2/_DarwinFoundation1.swiftmodule/arm64-apple-ios-simulator.swiftmodule'
note: a dependency of Swift module '_Builtin_float': '/Applications/Xcode.app/Contents/Developer/Toolchains/XcodeDefault.xctoolchain/usr/lib/swift/iphonesimulator/prebuilt-modules/26.2/_Builtin_float.swiftmodule/arm64-apple-ios-simulator.swiftmodule'
note: a dependency of Swift module 'Swift': '/Applications/Xcode.app/Contents/Developer/Toolchains/XcodeDefault.xctoolchain/usr/lib/swift/iphonesimulator/prebuilt-modules/26.2/Swift.swiftmodule/arm64-apple-ios-simulator.swiftmodule'
note: a dependency of Swift module 'Darwin': '/Applications/Xcode.app/Contents/Developer/Toolchains/XcodeDefault.xctoolchain/usr/lib/swift/iphonesimulator/prebuilt-modules/26.2/Darwin.swiftmodule/arm64-apple-ios-simulator.swiftmodule'
note: a dependency of Swift module 'Combine': '/Applications/Xcode.app/Contents/Developer/Toolchains/XcodeDefault.xctoolchain/usr/lib/swift/iphonesimulator/prebuilt-modules/26.2/Combine.swiftmodule/arm64-apple-ios-simulator.swiftmodule'
note: a dependency of Swift module 'SwiftUI': '/Applications/Xcode.app/Contents/Developer/Toolchains/XcodeDefault.xctoolchain/usr/lib/swift/iphonesimulator/prebuilt-modules/26.2/SwiftUI.swiftmodule/arm64-apple-ios-simulator.swiftmodule'
note: a dependency of Swift module '_StringProcessing': '/Applications/Xcode.app/Contents/Developer/Toolchains/XcodeDefault.xctoolchain/usr/lib/swift/iphonesimulator/prebuilt-modules/26.2/_StringProcessing.swiftmodule/arm64-apple-ios-simulator.swiftmodule'
note: a dependency of Swift module '_Concurrency': '/Applications/Xcode.app/Contents/Developer/Toolchains/XcodeDefault.xctoolchain/usr/lib/swift/iphonesimulator/prebuilt-modules/26.2/_Concurrency.swiftmodule/arm64-apple-ios-simulator.swiftmodule'
note: a dependency of Swift module 'SwiftOnoneSupport': '/Applications/Xcode.app/Contents/Developer/Toolchains/XcodeDefault.xctoolchain/usr/lib/swift/iphonesimulator/prebuilt-modules/26.2/SwiftOnoneSupport.swiftmodule/arm64-apple-ios-simulator.swiftmodule'
note: a dependency of Swift module 'Swift': '/Applications/Xcode.app/Contents/Developer/Toolchains/XcodeDefault.xctoolchain/usr/lib/swift/iphonesimulator/prebuilt-modules/26.2/Swift.swiftmodule/arm64-apple-ios-simulator.swiftmodule'
note: a dependency of main module 'InkOS'
note: a dependency of Swift module 'Swift': '/Applications/Xcode.app/Contents/Developer/Toolchains/XcodeDefault.xctoolchain/usr/lib/swift/iphonesimulator/prebuilt-modules/26.2/Swift.swiftmodule/arm64-apple-ios-simulator.swiftmodule'
note: a dependency of Swift module 'Accessibility': '/Applications/Xcode.app/Contents/Developer/Toolchains/XcodeDefault.xctoolchain/usr/lib/swift/iphonesimulator/prebuilt-modules/26.2/Accessibility.swiftmodule/arm64-apple-ios-simulator.swiftmodule'
note: a dependency of Swift module 'SwiftUICore': '/Applications/Xcode.app/Contents/Developer/Toolchains/XcodeDefault.xctoolchain/usr/lib/swift/iphonesimulator/prebuilt-modules/26.2/SwiftUICore.swiftmodule/arm64-apple-ios-simulator.swiftmodule'
note: a dependency of Swift module 'Swift': '/Applications/Xcode.app/Contents/Developer/Toolchains/XcodeDefault.xctoolchain/usr/lib/swift/iphonesimulator/prebuilt-modules/26.2/Swift.swiftmodule/arm64-apple-ios-simulator.swiftmodule'
note: a dependency of Swift module 'Spatial': '/Applications/Xcode.app/Contents/Developer/Toolchains/XcodeDefault.xctoolchain/usr/lib/swift/iphonesimulator/prebuilt-modules/26.2/Spatial.swiftmodule/arm64-apple-ios-simulator.swiftmodule'
note: a dependency of Swift module 'OSLog': '/Applications/Xcode.app/Contents/Developer/Toolchains/XcodeDefault.xctoolchain/usr/lib/swift/iphonesimulator/prebuilt-modules/26.2/OSLog.swiftmodule/arm64-apple-ios-simulator.swiftmodule'
note: a dependency of Swift module 'DeveloperToolsSupport': '/Applications/Xcode.app/Contents/Developer/Toolchains/XcodeDefault.xctoolchain/usr/lib/swift/iphonesimulator/prebuilt-modules/26.2/DeveloperToolsSupport.swiftmodule/arm64-apple-ios-simulator.swiftmodule'
note: a dependency of Swift module 'Swift': '/Applications/Xcode.app/Contents/Developer/Toolchains/XcodeDefault.xctoolchain/usr/lib/swift/iphonesimulator/prebuilt-modules/26.2/Swift.swiftmodule/arm64-apple-ios-simulator.swiftmodule'
note: a dependency of Swift module 'CoreTransferable': '/Applications/Xcode.app/Contents/Developer/Toolchains/XcodeDefault.xctoolchain/usr/lib/swift/iphonesimulator/prebuilt-modules/26.2/CoreTransferable.swiftmodule/arm64-apple-ios-simulator.swiftmodule'
note: a dependency of Swift module 'CoreGraphics': '/Applications/Xcode.app/Contents/Developer/Toolchains/XcodeDefault.xctoolchain/usr/lib/swift/iphonesimulator/prebuilt-modules/26.2/CoreGraphics.swiftmodule/arm64-apple-ios-simulator.swiftmodule'
note: a dependency of Swift module 'Swift': '/Applications/Xcode.app/Contents/Developer/Toolchains/XcodeDefault.xctoolchain/usr/lib/swift/iphonesimulator/prebuilt-modules/26.2/Swift.swiftmodule/arm64-apple-ios-simulator.swiftmodule'
note: a dependency of Swift module 'Swift': '/Applications/Xcode.app/Contents/Developer/Toolchains/XcodeDefault.xctoolchain/usr/lib/swift/iphonesimulator/prebuilt-modules/26.2/Swift.swiftmodule/arm64-apple-ios-simulator.swiftmodule'
note: a dependency of Swift module 'Observation': '/Applications/Xcode.app/Contents/Developer/Toolchains/XcodeDefault.xctoolchain/usr/lib/swift/iphonesimulator/prebuilt-modules/26.2/Observation.swiftmodule/arm64-apple-ios-simulator.swiftmodule'
note: a dependency of Swift module 'ObjectiveC': '/Applications/Xcode.app/Contents/Developer/Toolchains/XcodeDefault.xctoolchain/usr/lib/swift/iphonesimulator/prebuilt-modules/26.2/ObjectiveC.swiftmodule/arm64-apple-ios-simulator.swiftmodule'
note: a dependency of Swift module 'Dispatch': '/Applications/Xcode.app/Contents/Developer/Toolchains/XcodeDefault.xctoolchain/usr/lib/swift/iphonesimulator/prebuilt-modules/26.2/Dispatch.swiftmodule/arm64-apple-ios-simulator.swiftmodule'
note: a dependency of Swift module 'CoreFoundation': '/Applications/Xcode.app/Contents/Developer/Toolchains/XcodeDefault.xctoolchain/usr/lib/swift/iphonesimulator/prebuilt-modules/26.2/CoreFoundation.swiftmodule/arm64-apple-ios-simulator.swiftmodule'
note: a dependency of Swift module 'Foundation': '/Applications/Xcode.app/Contents/Developer/Toolchains/XcodeDefault.xctoolchain/usr/lib/swift/iphonesimulator/prebuilt-modules/26.2/Foundation.swiftmodule/arm64-apple-ios-simulator.swiftmodule'
note: a dependency of Swift module 'CoreData': '/Applications/Xcode.app/Contents/Developer/Toolchains/XcodeDefault.xctoolchain/usr/lib/swift/iphonesimulator/prebuilt-modules/26.2/CoreData.swiftmodule/arm64-apple-ios-simulator.swiftmodule'
note: a dependency of Swift module '_DarwinFoundation2': '/Applications/Xcode.app/Contents/Developer/Toolchains/XcodeDefault.xctoolchain/usr/lib/swift/iphonesimulator/prebuilt-modules/26.2/_DarwinFoundation2.swiftmodule/arm64-apple-ios-simulator.swiftmodule'
note: a dependency of Swift module '_DarwinFoundation1': '/Applications/Xcode.app/Contents/Developer/Toolchains/XcodeDefault.xctoolchain/usr/lib/swift/iphonesimulator/prebuilt-modules/26.2/_DarwinFoundation1.swiftmodule/arm64-apple-ios-simulator.swiftmodule'
note: a dependency of Swift module '_Builtin_float': '/Applications/Xcode.app/Contents/Developer/Toolchains/XcodeDefault.xctoolchain/usr/lib/swift/iphonesimulator/prebuilt-modules/26.2/_Builtin_float.swiftmodule/arm64-apple-ios-simulator.swiftmodule'
note: a dependency of Swift module 'Swift': '/Applications/Xcode.app/Contents/Developer/Toolchains/XcodeDefault.xctoolchain/usr/lib/swift/iphonesimulator/prebuilt-modules/26.2/Swift.swiftmodule/arm64-apple-ios-simulator.swiftmodule'
note: a dependency of Swift module 'Darwin': '/Applications/Xcode.app/Contents/Developer/Toolchains/XcodeDefault.xctoolchain/usr/lib/swift/iphonesimulator/prebuilt-modules/26.2/Darwin.swiftmodule/arm64-apple-ios-simulator.swiftmodule'
note: a dependency of Swift module 'Combine': '/Applications/Xcode.app/Contents/Developer/Toolchains/XcodeDefault.xctoolchain/usr/lib/swift/iphonesimulator/prebuilt-modules/26.2/Combine.swiftmodule/arm64-apple-ios-simulator.swiftmodule'
note: a dependency of Swift module 'SwiftUI': '/Applications/Xcode.app/Contents/Developer/Toolchains/XcodeDefault.xctoolchain/usr/lib/swift/iphonesimulator/prebuilt-modules/26.2/SwiftUI.swiftmodule/arm64-apple-ios-simulator.swiftmodule'
note: a dependency of Swift module '_StringProcessing': '/Applications/Xcode.app/Contents/Developer/Toolchains/XcodeDefault.xctoolchain/usr/lib/swift/iphonesimulator/prebuilt-modules/26.2/_StringProcessing.swiftmodule/arm64-apple-ios-simulator.swiftmodule'
note: a dependency of Swift module '_Concurrency': '/Applications/Xcode.app/Contents/Developer/Toolchains/XcodeDefault.xctoolchain/usr/lib/swift/iphonesimulator/prebuilt-modules/26.2/_Concurrency.swiftmodule/arm64-apple-ios-simulator.swiftmodule'
note: a dependency of Swift module 'SwiftOnoneSupport': '/Applications/Xcode.app/Contents/Developer/Toolchains/XcodeDefault.xctoolchain/usr/lib/swift/iphonesimulator/prebuilt-modules/26.2/SwiftOnoneSupport.swiftmodule/arm64-apple-ios-simulator.swiftmodule'
note: a dependency of Swift module 'Swift': '/Applications/Xcode.app/Contents/Developer/Toolchains/XcodeDefault.xctoolchain/usr/lib/swift/iphonesimulator/prebuilt-modules/26.2/Swift.swiftmodule/arm64-apple-ios-simulator.swiftmodule'
note: a dependency of main module 'InkOS'
note: a dependency of Swift module 'Swift': '/Applications/Xcode.app/Contents/Developer/Toolchains/XcodeDefault.xctoolchain/usr/lib/swift/iphonesimulator/prebuilt-modules/26.2/Swift.swiftmodule/arm64-apple-ios-simulator.swiftmodule'
note: a dependency of Swift module 'Accessibility': '/Applications/Xcode.app/Contents/Developer/Toolchains/XcodeDefault.xctoolchain/usr/lib/swift/iphonesimulator/prebuilt-modules/26.2/Accessibility.swiftmodule/arm64-apple-ios-simulator.swiftmodule'
note: a dependency of Swift module 'SwiftUICore': '/Applications/Xcode.app/Contents/Developer/Toolchains/XcodeDefault.xctoolchain/usr/lib/swift/iphonesimulator/prebuilt-modules/26.2/SwiftUICore.swiftmodule/arm64-apple-ios-simulator.swiftmodule'
note: a dependency of Swift module 'Swift': '/Applications/Xcode.app/Contents/Developer/Toolchains/XcodeDefault.xctoolchain/usr/lib/swift/iphonesimulator/prebuilt-modules/26.2/Swift.swiftmodule/arm64-apple-ios-simulator.swiftmodule'
note: a dependency of Swift module 'Spatial': '/Applications/Xcode.app/Contents/Developer/Toolchains/XcodeDefault.xctoolchain/usr/lib/swift/iphonesimulator/prebuilt-modules/26.2/Spatial.swiftmodule/arm64-apple-ios-simulator.swiftmodule'
note: a dependency of Swift module 'OSLog': '/Applications/Xcode.app/Contents/Developer/Toolchains/XcodeDefault.xctoolchain/usr/lib/swift/iphonesimulator/prebuilt-modules/26.2/OSLog.swiftmodule/arm64-apple-ios-simulator.swiftmodule'
note: a dependency of Swift module 'DeveloperToolsSupport': '/Applications/Xcode.app/Contents/Developer/Toolchains/XcodeDefault.xctoolchain/usr/lib/swift/iphonesimulator/prebuilt-modules/26.2/DeveloperToolsSupport.swiftmodule/arm64-apple-ios-simulator.swiftmodule'
note: a dependency of Swift module 'Swift': '/Applications/Xcode.app/Contents/Developer/Toolchains/XcodeDefault.xctoolchain/usr/lib/swift/iphonesimulator/prebuilt-modules/26.2/Swift.swiftmodule/arm64-apple-ios-simulator.swiftmodule'
note: a dependency of Swift module 'CoreTransferable': '/Applications/Xcode.app/Contents/Developer/Toolchains/XcodeDefault.xctoolchain/usr/lib/swift/iphonesimulator/prebuilt-modules/26.2/CoreTransferable.swiftmodule/arm64-apple-ios-simulator.swiftmodule'
note: a dependency of Swift module 'CoreGraphics': '/Applications/Xcode.app/Contents/Developer/Toolchains/XcodeDefault.xctoolchain/usr/lib/swift/iphonesimulator/prebuilt-modules/26.2/CoreGraphics.swiftmodule/arm64-apple-ios-simulator.swiftmodule'
note: a dependency of Swift module 'Swift': '/Applications/Xcode.app/Contents/Developer/Toolchains/XcodeDefault.xctoolchain/usr/lib/swift/iphonesimulator/prebuilt-modules/26.2/Swift.swiftmodule/arm64-apple-ios-simulator.swiftmodule'
note: a dependency of Swift module 'Swift': '/Applications/Xcode.app/Contents/Developer/Toolchains/XcodeDefault.xctoolchain/usr/lib/swift/iphonesimulator/prebuilt-modules/26.2/Swift.swiftmodule/arm64-apple-ios-simulator.swiftmodule'
note: a dependency of Swift module 'Observation': '/Applications/Xcode.app/Contents/Developer/Toolchains/XcodeDefault.xctoolchain/usr/lib/swift/iphonesimulator/prebuilt-modules/26.2/Observation.swiftmodule/arm64-apple-ios-simulator.swiftmodule'
note: a dependency of Swift module 'ObjectiveC': '/Applications/Xcode.app/Contents/Developer/Toolchains/XcodeDefault.xctoolchain/usr/lib/swift/iphonesimulator/prebuilt-modules/26.2/ObjectiveC.swiftmodule/arm64-apple-ios-simulator.swiftmodule'
note: a dependency of Swift module 'Dispatch': '/Applications/Xcode.app/Contents/Developer/Toolchains/XcodeDefault.xctoolchain/usr/lib/swift/iphonesimulator/prebuilt-modules/26.2/Dispatch.swiftmodule/arm64-apple-ios-simulator.swiftmodule'
note: a dependency of Swift module 'CoreFoundation': '/Applications/Xcode.app/Contents/Developer/Toolchains/XcodeDefault.xctoolchain/usr/lib/swift/iphonesimulator/prebuilt-modules/26.2/CoreFoundation.swiftmodule/arm64-apple-ios-simulator.swiftmodule'
note: a dependency of Swift module 'Foundation': '/Applications/Xcode.app/Contents/Developer/Toolchains/XcodeDefault.xctoolchain/usr/lib/swift/iphonesimulator/prebuilt-modules/26.2/Foundation.swiftmodule/arm64-apple-ios-simulator.swiftmodule'
note: a dependency of Swift module 'CoreData': '/Applications/Xcode.app/Contents/Developer/Toolchains/XcodeDefault.xctoolchain/usr/lib/swift/iphonesimulator/prebuilt-modules/26.2/CoreData.swiftmodule/arm64-apple-ios-simulator.swiftmodule'
note: a dependency of Swift module '_DarwinFoundation2': '/Applications/Xcode.app/Contents/Developer/Toolchains/XcodeDefault.xctoolchain/usr/lib/swift/iphonesimulator/prebuilt-modules/26.2/_DarwinFoundation2.swiftmodule/arm64-apple-ios-simulator.swiftmodule'
note: a dependency of Swift module '_DarwinFoundation1': '/Applications/Xcode.app/Contents/Developer/Toolchains/XcodeDefault.xctoolchain/usr/lib/swift/iphonesimulator/prebuilt-modules/26.2/_DarwinFoundation1.swiftmodule/arm64-apple-ios-simulator.swiftmodule'
note: a dependency of Swift module '_Builtin_float': '/Applications/Xcode.app/Contents/Developer/Toolchains/XcodeDefault.xctoolchain/usr/lib/swift/iphonesimulator/prebuilt-modules/26.2/_Builtin_float.swiftmodule/arm64-apple-ios-simulator.swiftmodule'
note: a dependency of Swift module 'Swift': '/Applications/Xcode.app/Contents/Developer/Toolchains/XcodeDefault.xctoolchain/usr/lib/swift/iphonesimulator/prebuilt-modules/26.2/Swift.swiftmodule/arm64-apple-ios-simulator.swiftmodule'
note: a dependency of Swift module 'Darwin': '/Applications/Xcode.app/Contents/Developer/Toolchains/XcodeDefault.xctoolchain/usr/lib/swift/iphonesimulator/prebuilt-modules/26.2/Darwin.swiftmodule/arm64-apple-ios-simulator.swiftmodule'
note: a dependency of Swift module 'Combine': '/Applications/Xcode.app/Contents/Developer/Toolchains/XcodeDefault.xctoolchain/usr/lib/swift/iphonesimulator/prebuilt-modules/26.2/Combine.swiftmodule/arm64-apple-ios-simulator.swiftmodule'
note: a dependency of Swift module 'SwiftUI': '/Applications/Xcode.app/Contents/Developer/Toolchains/XcodeDefault.xctoolchain/usr/lib/swift/iphonesimulator/prebuilt-modules/26.2/SwiftUI.swiftmodule/arm64-apple-ios-simulator.swiftmodule'
note: a dependency of Swift module '_StringProcessing': '/Applications/Xcode.app/Contents/Developer/Toolchains/XcodeDefault.xctoolchain/usr/lib/swift/iphonesimulator/prebuilt-modules/26.2/_StringProcessing.swiftmodule/arm64-apple-ios-simulator.swiftmodule'
note: a dependency of Swift module '_Concurrency': '/Applications/Xcode.app/Contents/Developer/Toolchains/XcodeDefault.xctoolchain/usr/lib/swift/iphonesimulator/prebuilt-modules/26.2/_Concurrency.swiftmodule/arm64-apple-ios-simulator.swiftmodule'
note: a dependency of Swift module 'SwiftOnoneSupport': '/Applications/Xcode.app/Contents/Developer/Toolchains/XcodeDefault.xctoolchain/usr/lib/swift/iphonesimulator/prebuilt-modules/26.2/SwiftOnoneSupport.swiftmodule/arm64-apple-ios-simulator.swiftmodule'
note: a dependency of Swift module 'Swift': '/Applications/Xcode.app/Contents/Developer/Toolchains/XcodeDefault.xctoolchain/usr/lib/swift/iphonesimulator/prebuilt-modules/26.2/Swift.swiftmodule/arm64-apple-ios-simulator.swiftmodule'
note: a dependency of main module 'InkOS'
note: a dependency of Swift module 'Swift': '/Applications/Xcode.app/Contents/Developer/Toolchains/XcodeDefault.xctoolchain/usr/lib/swift/iphonesimulator/prebuilt-modules/26.2/Swift.swiftmodule/arm64-apple-ios-simulator.swiftmodule'
note: a dependency of Swift module 'Spatial': '/Applications/Xcode.app/Contents/Developer/Toolchains/XcodeDefault.xctoolchain/usr/lib/swift/iphonesimulator/prebuilt-modules/26.2/Spatial.swiftmodule/arm64-apple-ios-simulator.swiftmodule'
note: a dependency of Swift module 'OSLog': '/Applications/Xcode.app/Contents/Developer/Toolchains/XcodeDefault.xctoolchain/usr/lib/swift/iphonesimulator/prebuilt-modules/26.2/OSLog.swiftmodule/arm64-apple-ios-simulator.swiftmodule'
note: a dependency of Swift module 'DeveloperToolsSupport': '/Applications/Xcode.app/Contents/Developer/Toolchains/XcodeDefault.xctoolchain/usr/lib/swift/iphonesimulator/prebuilt-modules/26.2/DeveloperToolsSupport.swiftmodule/arm64-apple-ios-simulator.swiftmodule'
note: a dependency of Swift module 'Swift': '/Applications/Xcode.app/Contents/Developer/Toolchains/XcodeDefault.xctoolchain/usr/lib/swift/iphonesimulator/prebuilt-modules/26.2/Swift.swiftmodule/arm64-apple-ios-simulator.swiftmodule'
note: a dependency of Swift module 'CoreTransferable': '/Applications/Xcode.app/Contents/Developer/Toolchains/XcodeDefault.xctoolchain/usr/lib/swift/iphonesimulator/prebuilt-modules/26.2/CoreTransferable.swiftmodule/arm64-apple-ios-simulator.swiftmodule'
note: a dependency of Swift module 'CoreGraphics': '/Applications/Xcode.app/Contents/Developer/Toolchains/XcodeDefault.xctoolchain/usr/lib/swift/iphonesimulator/prebuilt-modules/26.2/CoreGraphics.swiftmodule/arm64-apple-ios-simulator.swiftmodule'
note: a dependency of Swift module 'Swift': '/Applications/Xcode.app/Contents/Developer/Toolchains/XcodeDefault.xctoolchain/usr/lib/swift/iphonesimulator/prebuilt-modules/26.2/Swift.swiftmodule/arm64-apple-ios-simulator.swiftmodule'
note: a dependency of Swift module 'Swift': '/Applications/Xcode.app/Contents/Developer/Toolchains/XcodeDefault.xctoolchain/usr/lib/swift/iphonesimulator/prebuilt-modules/26.2/Swift.swiftmodule/arm64-apple-ios-simulator.swiftmodule'
note: a dependency of Swift module 'Observation': '/Applications/Xcode.app/Contents/Developer/Toolchains/XcodeDefault.xctoolchain/usr/lib/swift/iphonesimulator/prebuilt-modules/26.2/Observation.swiftmodule/arm64-apple-ios-simulator.swiftmodule'
note: a dependency of Swift module 'ObjectiveC': '/Applications/Xcode.app/Contents/Developer/Toolchains/XcodeDefault.xctoolchain/usr/lib/swift/iphonesimulator/prebuilt-modules/26.2/ObjectiveC.swiftmodule/arm64-apple-ios-simulator.swiftmodule'
note: a dependency of Swift module 'Dispatch': '/Applications/Xcode.app/Contents/Developer/Toolchains/XcodeDefault.xctoolchain/usr/lib/swift/iphonesimulator/prebuilt-modules/26.2/Dispatch.swiftmodule/arm64-apple-ios-simulator.swiftmodule'
note: a dependency of Swift module 'CoreFoundation': '/Applications/Xcode.app/Contents/Developer/Toolchains/XcodeDefault.xctoolchain/usr/lib/swift/iphonesimulator/prebuilt-modules/26.2/CoreFoundation.swiftmodule/arm64-apple-ios-simulator.swiftmodule'
note: a dependency of Swift module 'Foundation': '/Applications/Xcode.app/Contents/Developer/Toolchains/XcodeDefault.xctoolchain/usr/lib/swift/iphonesimulator/prebuilt-modules/26.2/Foundation.swiftmodule/arm64-apple-ios-simulator.swiftmodule'
note: a dependency of Swift module 'CoreData': '/Applications/Xcode.app/Contents/Developer/Toolchains/XcodeDefault.xctoolchain/usr/lib/swift/iphonesimulator/prebuilt-modules/26.2/CoreData.swiftmodule/arm64-apple-ios-simulator.swiftmodule'
note: a dependency of Swift module '_DarwinFoundation2': '/Applications/Xcode.app/Contents/Developer/Toolchains/XcodeDefault.xctoolchain/usr/lib/swift/iphonesimulator/prebuilt-modules/26.2/_DarwinFoundation2.swiftmodule/arm64-apple-ios-simulator.swiftmodule'
note: a dependency of Swift module '_DarwinFoundation1': '/Applications/Xcode.app/Contents/Developer/Toolchains/XcodeDefault.xctoolchain/usr/lib/swift/iphonesimulator/prebuilt-modules/26.2/_DarwinFoundation1.swiftmodule/arm64-apple-ios-simulator.swiftmodule'
note: a dependency of Swift module '_Builtin_float': '/Applications/Xcode.app/Contents/Developer/Toolchains/XcodeDefault.xctoolchain/usr/lib/swift/iphonesimulator/prebuilt-modules/26.2/_Builtin_float.swiftmodule/arm64-apple-ios-simulator.swiftmodule'
note: a dependency of Swift module 'Swift': '/Applications/Xcode.app/Contents/Developer/Toolchains/XcodeDefault.xctoolchain/usr/lib/swift/iphonesimulator/prebuilt-modules/26.2/Swift.swiftmodule/arm64-apple-ios-simulator.swiftmodule'
note: a dependency of Swift module 'Darwin': '/Applications/Xcode.app/Contents/Developer/Toolchains/XcodeDefault.xctoolchain/usr/lib/swift/iphonesimulator/prebuilt-modules/26.2/Darwin.swiftmodule/arm64-apple-ios-simulator.swiftmodule'
note: a dependency of Swift module 'Combine': '/Applications/Xcode.app/Contents/Developer/Toolchains/XcodeDefault.xctoolchain/usr/lib/swift/iphonesimulator/prebuilt-modules/26.2/Combine.swiftmodule/arm64-apple-ios-simulator.swiftmodule'
note: a dependency of Swift module 'SwiftUI': '/Applications/Xcode.app/Contents/Developer/Toolchains/XcodeDefault.xctoolchain/usr/lib/swift/iphonesimulator/prebuilt-modules/26.2/SwiftUI.swiftmodule/arm64-apple-ios-simulator.swiftmodule'
note: a dependency of Swift module '_StringProcessing': '/Applications/Xcode.app/Contents/Developer/Toolchains/XcodeDefault.xctoolchain/usr/lib/swift/iphonesimulator/prebuilt-modules/26.2/_StringProcessing.swiftmodule/arm64-apple-ios-simulator.swiftmodule'
note: a dependency of Swift module '_Concurrency': '/Applications/Xcode.app/Contents/Developer/Toolchains/XcodeDefault.xctoolchain/usr/lib/swift/iphonesimulator/prebuilt-modules/26.2/_Concurrency.swiftmodule/arm64-apple-ios-simulator.swiftmodule'
note: a dependency of Swift module 'SwiftOnoneSupport': '/Applications/Xcode.app/Contents/Developer/Toolchains/XcodeDefault.xctoolchain/usr/lib/swift/iphonesimulator/prebuilt-modules/26.2/SwiftOnoneSupport.swiftmodule/arm64-apple-ios-simulator.swiftmodule'
note: a dependency of Swift module 'Swift': '/Applications/Xcode.app/Contents/Developer/Toolchains/XcodeDefault.xctoolchain/usr/lib/swift/iphonesimulator/prebuilt-modules/26.2/Swift.swiftmodule/arm64-apple-ios-simulator.swiftmodule'
note: a dependency of main module 'InkOS'
note: a dependency of Swift module 'Swift': '/Applications/Xcode.app/Contents/Developer/Toolchains/XcodeDefault.xctoolchain/usr/lib/swift/iphonesimulator/prebuilt-modules/26.2/Swift.swiftmodule/arm64-apple-ios-simulator.swiftmodule'
note: a dependency of Swift module 'Spatial': '/Applications/Xcode.app/Contents/Developer/Toolchains/XcodeDefault.xctoolchain/usr/lib/swift/iphonesimulator/prebuilt-modules/26.2/Spatial.swiftmodule/arm64-apple-ios-simulator.swiftmodule'
note: a dependency of Swift module 'OSLog': '/Applications/Xcode.app/Contents/Developer/Toolchains/XcodeDefault.xctoolchain/usr/lib/swift/iphonesimulator/prebuilt-modules/26.2/OSLog.swiftmodule/arm64-apple-ios-simulator.swiftmodule'
note: a dependency of Swift module 'DeveloperToolsSupport': '/Applications/Xcode.app/Contents/Developer/Toolchains/XcodeDefault.xctoolchain/usr/lib/swift/iphonesimulator/prebuilt-modules/26.2/DeveloperToolsSupport.swiftmodule/arm64-apple-ios-simulator.swiftmodule'
note: a dependency of Swift module 'Swift': '/Applications/Xcode.app/Contents/Developer/Toolchains/XcodeDefault.xctoolchain/usr/lib/swift/iphonesimulator/prebuilt-modules/26.2/Swift.swiftmodule/arm64-apple-ios-simulator.swiftmodule'
note: a dependency of Swift module 'CoreTransferable': '/Applications/Xcode.app/Contents/Developer/Toolchains/XcodeDefault.xctoolchain/usr/lib/swift/iphonesimulator/prebuilt-modules/26.2/CoreTransferable.swiftmodule/arm64-apple-ios-simulator.swiftmodule'
note: a dependency of Swift module 'CoreGraphics': '/Applications/Xcode.app/Contents/Developer/Toolchains/XcodeDefault.xctoolchain/usr/lib/swift/iphonesimulator/prebuilt-modules/26.2/CoreGraphics.swiftmodule/arm64-apple-ios-simulator.swiftmodule'
note: a dependency of Swift module 'Swift': '/Applications/Xcode.app/Contents/Developer/Toolchains/XcodeDefault.xctoolchain/usr/lib/swift/iphonesimulator/prebuilt-modules/26.2/Swift.swiftmodule/arm64-apple-ios-simulator.swiftmodule'
note: a dependency of Swift module 'Swift': '/Applications/Xcode.app/Contents/Developer/Toolchains/XcodeDefault.xctoolchain/usr/lib/swift/iphonesimulator/prebuilt-modules/26.2/Swift.swiftmodule/arm64-apple-ios-simulator.swiftmodule'
note: a dependency of Swift module 'Observation': '/Applications/Xcode.app/Contents/Developer/Toolchains/XcodeDefault.xctoolchain/usr/lib/swift/iphonesimulator/prebuilt-modules/26.2/Observation.swiftmodule/arm64-apple-ios-simulator.swiftmodule'
note: a dependency of Swift module 'ObjectiveC': '/Applications/Xcode.app/Contents/Developer/Toolchains/XcodeDefault.xctoolchain/usr/lib/swift/iphonesimulator/prebuilt-modules/26.2/ObjectiveC.swiftmodule/arm64-apple-ios-simulator.swiftmodule'
note: a dependency of Swift module 'Dispatch': '/Applications/Xcode.app/Contents/Developer/Toolchains/XcodeDefault.xctoolchain/usr/lib/swift/iphonesimulator/prebuilt-modules/26.2/Dispatch.swiftmodule/arm64-apple-ios-simulator.swiftmodule'
note: a dependency of Swift module 'CoreFoundation': '/Applications/Xcode.app/Contents/Developer/Toolchains/XcodeDefault.xctoolchain/usr/lib/swift/iphonesimulator/prebuilt-modules/26.2/CoreFoundation.swiftmodule/arm64-apple-ios-simulator.swiftmodule'
note: a dependency of Swift module 'Foundation': '/Applications/Xcode.app/Contents/Developer/Toolchains/XcodeDefault.xctoolchain/usr/lib/swift/iphonesimulator/prebuilt-modules/26.2/Foundation.swiftmodule/arm64-apple-ios-simulator.swiftmodule'
note: a dependency of Swift module 'CoreData': '/Applications/Xcode.app/Contents/Developer/Toolchains/XcodeDefault.xctoolchain/usr/lib/swift/iphonesimulator/prebuilt-modules/26.2/CoreData.swiftmodule/arm64-apple-ios-simulator.swiftmodule'
note: a dependency of Swift module '_DarwinFoundation2': '/Applications/Xcode.app/Contents/Developer/Toolchains/XcodeDefault.xctoolchain/usr/lib/swift/iphonesimulator/prebuilt-modules/26.2/_DarwinFoundation2.swiftmodule/arm64-apple-ios-simulator.swiftmodule'
note: a dependency of Swift module '_DarwinFoundation1': '/Applications/Xcode.app/Contents/Developer/Toolchains/XcodeDefault.xctoolchain/usr/lib/swift/iphonesimulator/prebuilt-modules/26.2/_DarwinFoundation1.swiftmodule/arm64-apple-ios-simulator.swiftmodule'
note: a dependency of Swift module '_Builtin_float': '/Applications/Xcode.app/Contents/Developer/Toolchains/XcodeDefault.xctoolchain/usr/lib/swift/iphonesimulator/prebuilt-modules/26.2/_Builtin_float.swiftmodule/arm64-apple-ios-simulator.swiftmodule'
note: a dependency of Swift module 'Swift': '/Applications/Xcode.app/Contents/Developer/Toolchains/XcodeDefault.xctoolchain/usr/lib/swift/iphonesimulator/prebuilt-modules/26.2/Swift.swiftmodule/arm64-apple-ios-simulator.swiftmodule'
note: a dependency of Swift module 'Darwin': '/Applications/Xcode.app/Contents/Developer/Toolchains/XcodeDefault.xctoolchain/usr/lib/swift/iphonesimulator/prebuilt-modules/26.2/Darwin.swiftmodule/arm64-apple-ios-simulator.swiftmodule'
note: a dependency of Swift module 'Combine': '/Applications/Xcode.app/Contents/Developer/Toolchains/XcodeDefault.xctoolchain/usr/lib/swift/iphonesimulator/prebuilt-modules/26.2/Combine.swiftmodule/arm64-apple-ios-simulator.swiftmodule'
note: a dependency of Swift module 'SwiftUI': '/Applications/Xcode.app/Contents/Developer/Toolchains/XcodeDefault.xctoolchain/usr/lib/swift/iphonesimulator/prebuilt-modules/26.2/SwiftUI.swiftmodule/arm64-apple-ios-simulator.swiftmodule'
note: a dependency of Swift module '_StringProcessing': '/Applications/Xcode.app/Contents/Developer/Toolchains/XcodeDefault.xctoolchain/usr/lib/swift/iphonesimulator/prebuilt-modules/26.2/_StringProcessing.swiftmodule/arm64-apple-ios-simulator.swiftmodule'
note: a dependency of Swift module '_Concurrency': '/Applications/Xcode.app/Contents/Developer/Toolchains/XcodeDefault.xctoolchain/usr/lib/swift/iphonesimulator/prebuilt-modules/26.2/_Concurrency.swiftmodule/arm64-apple-ios-simulator.swiftmodule'
note: a dependency of Swift module 'SwiftOnoneSupport': '/Applications/Xcode.app/Contents/Developer/Toolchains/XcodeDefault.xctoolchain/usr/lib/swift/iphonesimulator/prebuilt-modules/26.2/SwiftOnoneSupport.swiftmodule/arm64-apple-ios-simulator.swiftmodule'
note: a dependency of Swift module 'Swift': '/Applications/Xcode.app/Contents/Developer/Toolchains/XcodeDefault.xctoolchain/usr/lib/swift/iphonesimulator/prebuilt-modules/26.2/Swift.swiftmodule/arm64-apple-ios-simulator.swiftmodule'
note: a dependency of main module 'InkOS'
note: a dependency of Swift module 'Swift': '/Applications/Xcode.app/Contents/Developer/Toolchains/XcodeDefault.xctoolchain/usr/lib/swift/iphonesimulator/prebuilt-modules/26.2/Swift.swiftmodule/arm64-apple-ios-simulator.swiftmodule'
note: a dependency of Swift module 'OSLog': '/Applications/Xcode.app/Contents/Developer/Toolchains/XcodeDefault.xctoolchain/usr/lib/swift/iphonesimulator/prebuilt-modules/26.2/OSLog.swiftmodule/arm64-apple-ios-simulator.swiftmodule'
note: a dependency of Swift module 'DeveloperToolsSupport': '/Applications/Xcode.app/Contents/Developer/Toolchains/XcodeDefault.xctoolchain/usr/lib/swift/iphonesimulator/prebuilt-modules/26.2/DeveloperToolsSupport.swiftmodule/arm64-apple-ios-simulator.swiftmodule'
note: a dependency of Swift module 'Swift': '/Applications/Xcode.app/Contents/Developer/Toolchains/XcodeDefault.xctoolchain/usr/lib/swift/iphonesimulator/prebuilt-modules/26.2/Swift.swiftmodule/arm64-apple-ios-simulator.swiftmodule'
note: a dependency of Swift module 'CoreTransferable': '/Applications/Xcode.app/Contents/Developer/Toolchains/XcodeDefault.xctoolchain/usr/lib/swift/iphonesimulator/prebuilt-modules/26.2/CoreTransferable.swiftmodule/arm64-apple-ios-simulator.swiftmodule'
note: a dependency of Swift module 'CoreGraphics': '/Applications/Xcode.app/Contents/Developer/Toolchains/XcodeDefault.xctoolchain/usr/lib/swift/iphonesimulator/prebuilt-modules/26.2/CoreGraphics.swiftmodule/arm64-apple-ios-simulator.swiftmodule'
note: a dependency of Swift module 'Swift': '/Applications/Xcode.app/Contents/Developer/Toolchains/XcodeDefault.xctoolchain/usr/lib/swift/iphonesimulator/prebuilt-modules/26.2/Swift.swiftmodule/arm64-apple-ios-simulator.swiftmodule'
note: a dependency of Swift module 'Swift': '/Applications/Xcode.app/Contents/Developer/Toolchains/XcodeDefault.xctoolchain/usr/lib/swift/iphonesimulator/prebuilt-modules/26.2/Swift.swiftmodule/arm64-apple-ios-simulator.swiftmodule'
note: a dependency of Swift module 'Observation': '/Applications/Xcode.app/Contents/Developer/Toolchains/XcodeDefault.xctoolchain/usr/lib/swift/iphonesimulator/prebuilt-modules/26.2/Observation.swiftmodule/arm64-apple-ios-simulator.swiftmodule'
note: a dependency of Swift module 'ObjectiveC': '/Applications/Xcode.app/Contents/Developer/Toolchains/XcodeDefault.xctoolchain/usr/lib/swift/iphonesimulator/prebuilt-modules/26.2/ObjectiveC.swiftmodule/arm64-apple-ios-simulator.swiftmodule'
note: a dependency of Swift module 'Dispatch': '/Applications/Xcode.app/Contents/Developer/Toolchains/XcodeDefault.xctoolchain/usr/lib/swift/iphonesimulator/prebuilt-modules/26.2/Dispatch.swiftmodule/arm64-apple-ios-simulator.swiftmodule'
note: a dependency of Swift module 'CoreFoundation': '/Applications/Xcode.app/Contents/Developer/Toolchains/XcodeDefault.xctoolchain/usr/lib/swift/iphonesimulator/prebuilt-modules/26.2/CoreFoundation.swiftmodule/arm64-apple-ios-simulator.swiftmodule'
note: a dependency of Swift module 'Foundation': '/Applications/Xcode.app/Contents/Developer/Toolchains/XcodeDefault.xctoolchain/usr/lib/swift/iphonesimulator/prebuilt-modules/26.2/Foundation.swiftmodule/arm64-apple-ios-simulator.swiftmodule'
note: a dependency of Swift module 'CoreData': '/Applications/Xcode.app/Contents/Developer/Toolchains/XcodeDefault.xctoolchain/usr/lib/swift/iphonesimulator/prebuilt-modules/26.2/CoreData.swiftmodule/arm64-apple-ios-simulator.swiftmodule'
note: a dependency of Swift module '_DarwinFoundation2': '/Applications/Xcode.app/Contents/Developer/Toolchains/XcodeDefault.xctoolchain/usr/lib/swift/iphonesimulator/prebuilt-modules/26.2/_DarwinFoundation2.swiftmodule/arm64-apple-ios-simulator.swiftmodule'
note: a dependency of Swift module '_DarwinFoundation1': '/Applications/Xcode.app/Contents/Developer/Toolchains/XcodeDefault.xctoolchain/usr/lib/swift/iphonesimulator/prebuilt-modules/26.2/_DarwinFoundation1.swiftmodule/arm64-apple-ios-simulator.swiftmodule'
note: a dependency of Swift module '_Builtin_float': '/Applications/Xcode.app/Contents/Developer/Toolchains/XcodeDefault.xctoolchain/usr/lib/swift/iphonesimulator/prebuilt-modules/26.2/_Builtin_float.swiftmodule/arm64-apple-ios-simulator.swiftmodule'
note: a dependency of Swift module 'Swift': '/Applications/Xcode.app/Contents/Developer/Toolchains/XcodeDefault.xctoolchain/usr/lib/swift/iphonesimulator/prebuilt-modules/26.2/Swift.swiftmodule/arm64-apple-ios-simulator.swiftmodule'
note: a dependency of Swift module 'Darwin': '/Applications/Xcode.app/Contents/Developer/Toolchains/XcodeDefault.xctoolchain/usr/lib/swift/iphonesimulator/prebuilt-modules/26.2/Darwin.swiftmodule/arm64-apple-ios-simulator.swiftmodule'
note: a dependency of Swift module 'Combine': '/Applications/Xcode.app/Contents/Developer/Toolchains/XcodeDefault.xctoolchain/usr/lib/swift/iphonesimulator/prebuilt-modules/26.2/Combine.swiftmodule/arm64-apple-ios-simulator.swiftmodule'
note: a dependency of Swift module 'SwiftUI': '/Applications/Xcode.app/Contents/Developer/Toolchains/XcodeDefault.xctoolchain/usr/lib/swift/iphonesimulator/prebuilt-modules/26.2/SwiftUI.swiftmodule/arm64-apple-ios-simulator.swiftmodule'
note: a dependency of Swift module '_StringProcessing': '/Applications/Xcode.app/Contents/Developer/Toolchains/XcodeDefault.xctoolchain/usr/lib/swift/iphonesimulator/prebuilt-modules/26.2/_StringProcessing.swiftmodule/arm64-apple-ios-simulator.swiftmodule'
note: a dependency of Swift module '_Concurrency': '/Applications/Xcode.app/Contents/Developer/Toolchains/XcodeDefault.xctoolchain/usr/lib/swift/iphonesimulator/prebuilt-modules/26.2/_Concurrency.swiftmodule/arm64-apple-ios-simulator.swiftmodule'
note: a dependency of Swift module 'SwiftOnoneSupport': '/Applications/Xcode.app/Contents/Developer/Toolchains/XcodeDefault.xctoolchain/usr/lib/swift/iphonesimulator/prebuilt-modules/26.2/SwiftOnoneSupport.swiftmodule/arm64-apple-ios-simulator.swiftmodule'
note: a dependency of Swift module 'Swift': '/Applications/Xcode.app/Contents/Developer/Toolchains/XcodeDefault.xctoolchain/usr/lib/swift/iphonesimulator/prebuilt-modules/26.2/Swift.swiftmodule/arm64-apple-ios-simulator.swiftmodule'
note: a dependency of main module 'InkOS'
note: a dependency of Swift module 'Swift': '/Applications/Xcode.app/Contents/Developer/Toolchains/XcodeDefault.xctoolchain/usr/lib/swift/iphonesimulator/prebuilt-modules/26.2/Swift.swiftmodule/arm64-apple-ios-simulator.swiftmodule'
note: a dependency of Swift module 'DeveloperToolsSupport': '/Applications/Xcode.app/Contents/Developer/Toolchains/XcodeDefault.xctoolchain/usr/lib/swift/iphonesimulator/prebuilt-modules/26.2/DeveloperToolsSupport.swiftmodule/arm64-apple-ios-simulator.swiftmodule'
note: a dependency of Swift module 'Swift': '/Applications/Xcode.app/Contents/Developer/Toolchains/XcodeDefault.xctoolchain/usr/lib/swift/iphonesimulator/prebuilt-modules/26.2/Swift.swiftmodule/arm64-apple-ios-simulator.swiftmodule'
note: a dependency of Swift module 'CoreTransferable': '/Applications/Xcode.app/Contents/Developer/Toolchains/XcodeDefault.xctoolchain/usr/lib/swift/iphonesimulator/prebuilt-modules/26.2/CoreTransferable.swiftmodule/arm64-apple-ios-simulator.swiftmodule'
note: a dependency of Swift module 'CoreGraphics': '/Applications/Xcode.app/Contents/Developer/Toolchains/XcodeDefault.xctoolchain/usr/lib/swift/iphonesimulator/prebuilt-modules/26.2/CoreGraphics.swiftmodule/arm64-apple-ios-simulator.swiftmodule'
note: a dependency of Swift module 'Swift': '/Applications/Xcode.app/Contents/Developer/Toolchains/XcodeDefault.xctoolchain/usr/lib/swift/iphonesimulator/prebuilt-modules/26.2/Swift.swiftmodule/arm64-apple-ios-simulator.swiftmodule'
note: a dependency of Swift module 'Swift': '/Applications/Xcode.app/Contents/Developer/Toolchains/XcodeDefault.xctoolchain/usr/lib/swift/iphonesimulator/prebuilt-modules/26.2/Swift.swiftmodule/arm64-apple-ios-simulator.swiftmodule'
note: a dependency of Swift module 'Observation': '/Applications/Xcode.app/Contents/Developer/Toolchains/XcodeDefault.xctoolchain/usr/lib/swift/iphonesimulator/prebuilt-modules/26.2/Observation.swiftmodule/arm64-apple-ios-simulator.swiftmodule'
note: a dependency of Swift module 'ObjectiveC': '/Applications/Xcode.app/Contents/Developer/Toolchains/XcodeDefault.xctoolchain/usr/lib/swift/iphonesimulator/prebuilt-modules/26.2/ObjectiveC.swiftmodule/arm64-apple-ios-simulator.swiftmodule'
note: a dependency of Swift module 'Dispatch': '/Applications/Xcode.app/Contents/Developer/Toolchains/XcodeDefault.xctoolchain/usr/lib/swift/iphonesimulator/prebuilt-modules/26.2/Dispatch.swiftmodule/arm64-apple-ios-simulator.swiftmodule'
note: a dependency of Swift module 'CoreFoundation': '/Applications/Xcode.app/Contents/Developer/Toolchains/XcodeDefault.xctoolchain/usr/lib/swift/iphonesimulator/prebuilt-modules/26.2/CoreFoundation.swiftmodule/arm64-apple-ios-simulator.swiftmodule'
note: a dependency of Swift module 'Foundation': '/Applications/Xcode.app/Contents/Developer/Toolchains/XcodeDefault.xctoolchain/usr/lib/swift/iphonesimulator/prebuilt-modules/26.2/Foundation.swiftmodule/arm64-apple-ios-simulator.swiftmodule'
note: a dependency of Swift module 'CoreData': '/Applications/Xcode.app/Contents/Developer/Toolchains/XcodeDefault.xctoolchain/usr/lib/swift/iphonesimulator/prebuilt-modules/26.2/CoreData.swiftmodule/arm64-apple-ios-simulator.swiftmodule'
note: a dependency of Swift module '_DarwinFoundation2': '/Applications/Xcode.app/Contents/Developer/Toolchains/XcodeDefault.xctoolchain/usr/lib/swift/iphonesimulator/prebuilt-modules/26.2/_DarwinFoundation2.swiftmodule/arm64-apple-ios-simulator.swiftmodule'
note: a dependency of Swift module '_DarwinFoundation1': '/Applications/Xcode.app/Contents/Developer/Toolchains/XcodeDefault.xctoolchain/usr/lib/swift/iphonesimulator/prebuilt-modules/26.2/_DarwinFoundation1.swiftmodule/arm64-apple-ios-simulator.swiftmodule'
note: a dependency of Swift module '_Builtin_float': '/Applications/Xcode.app/Contents/Developer/Toolchains/XcodeDefault.xctoolchain/usr/lib/swift/iphonesimulator/prebuilt-modules/26.2/_Builtin_float.swiftmodule/arm64-apple-ios-simulator.swiftmodule'
note: a dependency of Swift module 'Swift': '/Applications/Xcode.app/Contents/Developer/Toolchains/XcodeDefault.xctoolchain/usr/lib/swift/iphonesimulator/prebuilt-modules/26.2/Swift.swiftmodule/arm64-apple-ios-simulator.swiftmodule'
note: a dependency of Swift module 'Darwin': '/Applications/Xcode.app/Contents/Developer/Toolchains/XcodeDefault.xctoolchain/usr/lib/swift/iphonesimulator/prebuilt-modules/26.2/Darwin.swiftmodule/arm64-apple-ios-simulator.swiftmodule'
note: a dependency of Swift module 'Combine': '/Applications/Xcode.app/Contents/Developer/Toolchains/XcodeDefault.xctoolchain/usr/lib/swift/iphonesimulator/prebuilt-modules/26.2/Combine.swiftmodule/arm64-apple-ios-simulator.swiftmodule'
note: a dependency of Swift module 'SwiftUI': '/Applications/Xcode.app/Contents/Developer/Toolchains/XcodeDefault.xctoolchain/usr/lib/swift/iphonesimulator/prebuilt-modules/26.2/SwiftUI.swiftmodule/arm64-apple-ios-simulator.swiftmodule'
note: a dependency of Swift module '_StringProcessing': '/Applications/Xcode.app/Contents/Developer/Toolchains/XcodeDefault.xctoolchain/usr/lib/swift/iphonesimulator/prebuilt-modules/26.2/_StringProcessing.swiftmodule/arm64-apple-ios-simulator.swiftmodule'
note: a dependency of Swift module '_Concurrency': '/Applications/Xcode.app/Contents/Developer/Toolchains/XcodeDefault.xctoolchain/usr/lib/swift/iphonesimulator/prebuilt-modules/26.2/_Concurrency.swiftmodule/arm64-apple-ios-simulator.swiftmodule'
note: a dependency of Swift module 'SwiftOnoneSupport': '/Applications/Xcode.app/Contents/Developer/Toolchains/XcodeDefault.xctoolchain/usr/lib/swift/iphonesimulator/prebuilt-modules/26.2/SwiftOnoneSupport.swiftmodule/arm64-apple-ios-simulator.swiftmodule'
note: a dependency of Swift module 'Swift': '/Applications/Xcode.app/Contents/Developer/Toolchains/XcodeDefault.xctoolchain/usr/lib/swift/iphonesimulator/prebuilt-modules/26.2/Swift.swiftmodule/arm64-apple-ios-simulator.swiftmodule'
note: a dependency of main module 'InkOS'
note: a dependency of Swift module 'Swift': '/Applications/Xcode.app/Contents/Developer/Toolchains/XcodeDefault.xctoolchain/usr/lib/swift/iphonesimulator/prebuilt-modules/26.2/Swift.swiftmodule/arm64-apple-ios-simulator.swiftmodule'
note: a dependency of Swift module 'UniformTypeIdentifiers': '/Applications/Xcode.app/Contents/Developer/Toolchains/XcodeDefault.xctoolchain/usr/lib/swift/iphonesimulator/prebuilt-modules/26.2/UniformTypeIdentifiers.swiftmodule/arm64-apple-ios-simulator.swiftmodule'
note: a dependency of Swift module 'Swift': '/Applications/Xcode.app/Contents/Developer/Toolchains/XcodeDefault.xctoolchain/usr/lib/swift/iphonesimulator/prebuilt-modules/26.2/Swift.swiftmodule/arm64-apple-ios-simulator.swiftmodule'
note: a dependency of Swift module 'CoreTransferable': '/Applications/Xcode.app/Contents/Developer/Toolchains/XcodeDefault.xctoolchain/usr/lib/swift/iphonesimulator/prebuilt-modules/26.2/CoreTransferable.swiftmodule/arm64-apple-ios-simulator.swiftmodule'
note: a dependency of Swift module 'CoreGraphics': '/Applications/Xcode.app/Contents/Developer/Toolchains/XcodeDefault.xctoolchain/usr/lib/swift/iphonesimulator/prebuilt-modules/26.2/CoreGraphics.swiftmodule/arm64-apple-ios-simulator.swiftmodule'
note: a dependency of Swift module 'Swift': '/Applications/Xcode.app/Contents/Developer/Toolchains/XcodeDefault.xctoolchain/usr/lib/swift/iphonesimulator/prebuilt-modules/26.2/Swift.swiftmodule/arm64-apple-ios-simulator.swiftmodule'
note: a dependency of Swift module 'Swift': '/Applications/Xcode.app/Contents/Developer/Toolchains/XcodeDefault.xctoolchain/usr/lib/swift/iphonesimulator/prebuilt-modules/26.2/Swift.swiftmodule/arm64-apple-ios-simulator.swiftmodule'
note: a dependency of Swift module 'Observation': '/Applications/Xcode.app/Contents/Developer/Toolchains/XcodeDefault.xctoolchain/usr/lib/swift/iphonesimulator/prebuilt-modules/26.2/Observation.swiftmodule/arm64-apple-ios-simulator.swiftmodule'
note: a dependency of Swift module 'ObjectiveC': '/Applications/Xcode.app/Contents/Developer/Toolchains/XcodeDefault.xctoolchain/usr/lib/swift/iphonesimulator/prebuilt-modules/26.2/ObjectiveC.swiftmodule/arm64-apple-ios-simulator.swiftmodule'
note: a dependency of Swift module 'Dispatch': '/Applications/Xcode.app/Contents/Developer/Toolchains/XcodeDefault.xctoolchain/usr/lib/swift/iphonesimulator/prebuilt-modules/26.2/Dispatch.swiftmodule/arm64-apple-ios-simulator.swiftmodule'
note: a dependency of Swift module 'CoreFoundation': '/Applications/Xcode.app/Contents/Developer/Toolchains/XcodeDefault.xctoolchain/usr/lib/swift/iphonesimulator/prebuilt-modules/26.2/CoreFoundation.swiftmodule/arm64-apple-ios-simulator.swiftmodule'
note: a dependency of Swift module 'Foundation': '/Applications/Xcode.app/Contents/Developer/Toolchains/XcodeDefault.xctoolchain/usr/lib/swift/iphonesimulator/prebuilt-modules/26.2/Foundation.swiftmodule/arm64-apple-ios-simulator.swiftmodule'
note: a dependency of Swift module 'CoreData': '/Applications/Xcode.app/Contents/Developer/Toolchains/XcodeDefault.xctoolchain/usr/lib/swift/iphonesimulator/prebuilt-modules/26.2/CoreData.swiftmodule/arm64-apple-ios-simulator.swiftmodule'
note: a dependency of Swift module '_DarwinFoundation2': '/Applications/Xcode.app/Contents/Developer/Toolchains/XcodeDefault.xctoolchain/usr/lib/swift/iphonesimulator/prebuilt-modules/26.2/_DarwinFoundation2.swiftmodule/arm64-apple-ios-simulator.swiftmodule'
note: a dependency of Swift module '_DarwinFoundation1': '/Applications/Xcode.app/Contents/Developer/Toolchains/XcodeDefault.xctoolchain/usr/lib/swift/iphonesimulator/prebuilt-modules/26.2/_DarwinFoundation1.swiftmodule/arm64-apple-ios-simulator.swiftmodule'
note: a dependency of Swift module '_Builtin_float': '/Applications/Xcode.app/Contents/Developer/Toolchains/XcodeDefault.xctoolchain/usr/lib/swift/iphonesimulator/prebuilt-modules/26.2/_Builtin_float.swiftmodule/arm64-apple-ios-simulator.swiftmodule'
note: a dependency of Swift module 'Swift': '/Applications/Xcode.app/Contents/Developer/Toolchains/XcodeDefault.xctoolchain/usr/lib/swift/iphonesimulator/prebuilt-modules/26.2/Swift.swiftmodule/arm64-apple-ios-simulator.swiftmodule'
note: a dependency of Swift module 'Darwin': '/Applications/Xcode.app/Contents/Developer/Toolchains/XcodeDefault.xctoolchain/usr/lib/swift/iphonesimulator/prebuilt-modules/26.2/Darwin.swiftmodule/arm64-apple-ios-simulator.swiftmodule'
note: a dependency of Swift module 'Combine': '/Applications/Xcode.app/Contents/Developer/Toolchains/XcodeDefault.xctoolchain/usr/lib/swift/iphonesimulator/prebuilt-modules/26.2/Combine.swiftmodule/arm64-apple-ios-simulator.swiftmodule'
note: a dependency of Swift module 'SwiftUI': '/Applications/Xcode.app/Contents/Developer/Toolchains/XcodeDefault.xctoolchain/usr/lib/swift/iphonesimulator/prebuilt-modules/26.2/SwiftUI.swiftmodule/arm64-apple-ios-simulator.swiftmodule'
note: a dependency of Swift module '_StringProcessing': '/Applications/Xcode.app/Contents/Developer/Toolchains/XcodeDefault.xctoolchain/usr/lib/swift/iphonesimulator/prebuilt-modules/26.2/_StringProcessing.swiftmodule/arm64-apple-ios-simulator.swiftmodule'
note: a dependency of Swift module '_Concurrency': '/Applications/Xcode.app/Contents/Developer/Toolchains/XcodeDefault.xctoolchain/usr/lib/swift/iphonesimulator/prebuilt-modules/26.2/_Concurrency.swiftmodule/arm64-apple-ios-simulator.swiftmodule'
note: a dependency of Swift module 'SwiftOnoneSupport': '/Applications/Xcode.app/Contents/Developer/Toolchains/XcodeDefault.xctoolchain/usr/lib/swift/iphonesimulator/prebuilt-modules/26.2/SwiftOnoneSupport.swiftmodule/arm64-apple-ios-simulator.swiftmodule'
note: a dependency of Swift module 'Swift': '/Applications/Xcode.app/Contents/Developer/Toolchains/XcodeDefault.xctoolchain/usr/lib/swift/iphonesimulator/prebuilt-modules/26.2/Swift.swiftmodule/arm64-apple-ios-simulator.swiftmodule'
note: a dependency of main module 'InkOS'
note: a dependency of Swift module 'Swift': '/Applications/Xcode.app/Contents/Developer/Toolchains/XcodeDefault.xctoolchain/usr/lib/swift/iphonesimulator/prebuilt-modules/26.2/Swift.swiftmodule/arm64-apple-ios-simulator.swiftmodule'
note: a dependency of Swift module 'CoreTransferable': '/Applications/Xcode.app/Contents/Developer/Toolchains/XcodeDefault.xctoolchain/usr/lib/swift/iphonesimulator/prebuilt-modules/26.2/CoreTransferable.swiftmodule/arm64-apple-ios-simulator.swiftmodule'
note: a dependency of Swift module 'CoreGraphics': '/Applications/Xcode.app/Contents/Developer/Toolchains/XcodeDefault.xctoolchain/usr/lib/swift/iphonesimulator/prebuilt-modules/26.2/CoreGraphics.swiftmodule/arm64-apple-ios-simulator.swiftmodule'
note: a dependency of Swift module 'Swift': '/Applications/Xcode.app/Contents/Developer/Toolchains/XcodeDefault.xctoolchain/usr/lib/swift/iphonesimulator/prebuilt-modules/26.2/Swift.swiftmodule/arm64-apple-ios-simulator.swiftmodule'
note: a dependency of Swift module 'Swift': '/Applications/Xcode.app/Contents/Developer/Toolchains/XcodeDefault.xctoolchain/usr/lib/swift/iphonesimulator/prebuilt-modules/26.2/Swift.swiftmodule/arm64-apple-ios-simulator.swiftmodule'
note: a dependency of Swift module 'Observation': '/Applications/Xcode.app/Contents/Developer/Toolchains/XcodeDefault.xctoolchain/usr/lib/swift/iphonesimulator/prebuilt-modules/26.2/Observation.swiftmodule/arm64-apple-ios-simulator.swiftmodule'
note: a dependency of Swift module 'ObjectiveC': '/Applications/Xcode.app/Contents/Developer/Toolchains/XcodeDefault.xctoolchain/usr/lib/swift/iphonesimulator/prebuilt-modules/26.2/ObjectiveC.swiftmodule/arm64-apple-ios-simulator.swiftmodule'
note: a dependency of Swift module 'Dispatch': '/Applications/Xcode.app/Contents/Developer/Toolchains/XcodeDefault.xctoolchain/usr/lib/swift/iphonesimulator/prebuilt-modules/26.2/Dispatch.swiftmodule/arm64-apple-ios-simulator.swiftmodule'
note: a dependency of Swift module 'CoreFoundation': '/Applications/Xcode.app/Contents/Developer/Toolchains/XcodeDefault.xctoolchain/usr/lib/swift/iphonesimulator/prebuilt-modules/26.2/CoreFoundation.swiftmodule/arm64-apple-ios-simulator.swiftmodule'
note: a dependency of Swift module 'Foundation': '/Applications/Xcode.app/Contents/Developer/Toolchains/XcodeDefault.xctoolchain/usr/lib/swift/iphonesimulator/prebuilt-modules/26.2/Foundation.swiftmodule/arm64-apple-ios-simulator.swiftmodule'
note: a dependency of Swift module 'CoreData': '/Applications/Xcode.app/Contents/Developer/Toolchains/XcodeDefault.xctoolchain/usr/lib/swift/iphonesimulator/prebuilt-modules/26.2/CoreData.swiftmodule/arm64-apple-ios-simulator.swiftmodule'
note: a dependency of Swift module '_DarwinFoundation2': '/Applications/Xcode.app/Contents/Developer/Toolchains/XcodeDefault.xctoolchain/usr/lib/swift/iphonesimulator/prebuilt-modules/26.2/_DarwinFoundation2.swiftmodule/arm64-apple-ios-simulator.swiftmodule'
note: a dependency of Swift module '_DarwinFoundation1': '/Applications/Xcode.app/Contents/Developer/Toolchains/XcodeDefault.xctoolchain/usr/lib/swift/iphonesimulator/prebuilt-modules/26.2/_DarwinFoundation1.swiftmodule/arm64-apple-ios-simulator.swiftmodule'
note: a dependency of Swift module '_Builtin_float': '/Applications/Xcode.app/Contents/Developer/Toolchains/XcodeDefault.xctoolchain/usr/lib/swift/iphonesimulator/prebuilt-modules/26.2/_Builtin_float.swiftmodule/arm64-apple-ios-simulator.swiftmodule'
note: a dependency of Swift module 'Swift': '/Applications/Xcode.app/Contents/Developer/Toolchains/XcodeDefault.xctoolchain/usr/lib/swift/iphonesimulator/prebuilt-modules/26.2/Swift.swiftmodule/arm64-apple-ios-simulator.swiftmodule'
note: a dependency of Swift module 'Darwin': '/Applications/Xcode.app/Contents/Developer/Toolchains/XcodeDefault.xctoolchain/usr/lib/swift/iphonesimulator/prebuilt-modules/26.2/Darwin.swiftmodule/arm64-apple-ios-simulator.swiftmodule'
note: a dependency of Swift module 'Combine': '/Applications/Xcode.app/Contents/Developer/Toolchains/XcodeDefault.xctoolchain/usr/lib/swift/iphonesimulator/prebuilt-modules/26.2/Combine.swiftmodule/arm64-apple-ios-simulator.swiftmodule'
note: a dependency of Swift module 'SwiftUI': '/Applications/Xcode.app/Contents/Developer/Toolchains/XcodeDefault.xctoolchain/usr/lib/swift/iphonesimulator/prebuilt-modules/26.2/SwiftUI.swiftmodule/arm64-apple-ios-simulator.swiftmodule'
note: a dependency of Swift module '_StringProcessing': '/Applications/Xcode.app/Contents/Developer/Toolchains/XcodeDefault.xctoolchain/usr/lib/swift/iphonesimulator/prebuilt-modules/26.2/_StringProcessing.swiftmodule/arm64-apple-ios-simulator.swiftmodule'
note: a dependency of Swift module '_Concurrency': '/Applications/Xcode.app/Contents/Developer/Toolchains/XcodeDefault.xctoolchain/usr/lib/swift/iphonesimulator/prebuilt-modules/26.2/_Concurrency.swiftmodule/arm64-apple-ios-simulator.swiftmodule'
note: a dependency of Swift module 'SwiftOnoneSupport': '/Applications/Xcode.app/Contents/Developer/Toolchains/XcodeDefault.xctoolchain/usr/lib/swift/iphonesimulator/prebuilt-modules/26.2/SwiftOnoneSupport.swiftmodule/arm64-apple-ios-simulator.swiftmodule'
note: a dependency of Swift module 'Swift': '/Applications/Xcode.app/Contents/Developer/Toolchains/XcodeDefault.xctoolchain/usr/lib/swift/iphonesimulator/prebuilt-modules/26.2/Swift.swiftmodule/arm64-apple-ios-simulator.swiftmodule'
note: a dependency of main module 'InkOS'
note: a dependency of Swift module 'Swift': '/Applications/Xcode.app/Contents/Developer/Toolchains/XcodeDefault.xctoolchain/usr/lib/swift/iphonesimulator/prebuilt-modules/26.2/Swift.swiftmodule/arm64-apple-ios-simulator.swiftmodule'
note: a dependency of Swift module 'CoreGraphics': '/Applications/Xcode.app/Contents/Developer/Toolchains/XcodeDefault.xctoolchain/usr/lib/swift/iphonesimulator/prebuilt-modules/26.2/CoreGraphics.swiftmodule/arm64-apple-ios-simulator.swiftmodule'
note: a dependency of Swift module 'Swift': '/Applications/Xcode.app/Contents/Developer/Toolchains/XcodeDefault.xctoolchain/usr/lib/swift/iphonesimulator/prebuilt-modules/26.2/Swift.swiftmodule/arm64-apple-ios-simulator.swiftmodule'
note: a dependency of Swift module 'Swift': '/Applications/Xcode.app/Contents/Developer/Toolchains/XcodeDefault.xctoolchain/usr/lib/swift/iphonesimulator/prebuilt-modules/26.2/Swift.swiftmodule/arm64-apple-ios-simulator.swiftmodule'
note: a dependency of Swift module 'Observation': '/Applications/Xcode.app/Contents/Developer/Toolchains/XcodeDefault.xctoolchain/usr/lib/swift/iphonesimulator/prebuilt-modules/26.2/Observation.swiftmodule/arm64-apple-ios-simulator.swiftmodule'
note: a dependency of Swift module 'ObjectiveC': '/Applications/Xcode.app/Contents/Developer/Toolchains/XcodeDefault.xctoolchain/usr/lib/swift/iphonesimulator/prebuilt-modules/26.2/ObjectiveC.swiftmodule/arm64-apple-ios-simulator.swiftmodule'
note: a dependency of Swift module 'Dispatch': '/Applications/Xcode.app/Contents/Developer/Toolchains/XcodeDefault.xctoolchain/usr/lib/swift/iphonesimulator/prebuilt-modules/26.2/Dispatch.swiftmodule/arm64-apple-ios-simulator.swiftmodule'
note: a dependency of Swift module 'CoreFoundation': '/Applications/Xcode.app/Contents/Developer/Toolchains/XcodeDefault.xctoolchain/usr/lib/swift/iphonesimulator/prebuilt-modules/26.2/CoreFoundation.swiftmodule/arm64-apple-ios-simulator.swiftmodule'
note: a dependency of Swift module 'Foundation': '/Applications/Xcode.app/Contents/Developer/Toolchains/XcodeDefault.xctoolchain/usr/lib/swift/iphonesimulator/prebuilt-modules/26.2/Foundation.swiftmodule/arm64-apple-ios-simulator.swiftmodule'
note: a dependency of Swift module 'CoreData': '/Applications/Xcode.app/Contents/Developer/Toolchains/XcodeDefault.xctoolchain/usr/lib/swift/iphonesimulator/prebuilt-modules/26.2/CoreData.swiftmodule/arm64-apple-ios-simulator.swiftmodule'
note: a dependency of Swift module '_DarwinFoundation2': '/Applications/Xcode.app/Contents/Developer/Toolchains/XcodeDefault.xctoolchain/usr/lib/swift/iphonesimulator/prebuilt-modules/26.2/_DarwinFoundation2.swiftmodule/arm64-apple-ios-simulator.swiftmodule'
note: a dependency of Swift module '_DarwinFoundation1': '/Applications/Xcode.app/Contents/Developer/Toolchains/XcodeDefault.xctoolchain/usr/lib/swift/iphonesimulator/prebuilt-modules/26.2/_DarwinFoundation1.swiftmodule/arm64-apple-ios-simulator.swiftmodule'
note: a dependency of Swift module '_Builtin_float': '/Applications/Xcode.app/Contents/Developer/Toolchains/XcodeDefault.xctoolchain/usr/lib/swift/iphonesimulator/prebuilt-modules/26.2/_Builtin_float.swiftmodule/arm64-apple-ios-simulator.swiftmodule'
note: a dependency of Swift module 'Swift': '/Applications/Xcode.app/Contents/Developer/Toolchains/XcodeDefault.xctoolchain/usr/lib/swift/iphonesimulator/prebuilt-modules/26.2/Swift.swiftmodule/arm64-apple-ios-simulator.swiftmodule'
note: a dependency of Swift module 'Darwin': '/Applications/Xcode.app/Contents/Developer/Toolchains/XcodeDefault.xctoolchain/usr/lib/swift/iphonesimulator/prebuilt-modules/26.2/Darwin.swiftmodule/arm64-apple-ios-simulator.swiftmodule'
note: a dependency of Swift module 'Combine': '/Applications/Xcode.app/Contents/Developer/Toolchains/XcodeDefault.xctoolchain/usr/lib/swift/iphonesimulator/prebuilt-modules/26.2/Combine.swiftmodule/arm64-apple-ios-simulator.swiftmodule'
note: a dependency of Swift module 'SwiftUI': '/Applications/Xcode.app/Contents/Developer/Toolchains/XcodeDefault.xctoolchain/usr/lib/swift/iphonesimulator/prebuilt-modules/26.2/SwiftUI.swiftmodule/arm64-apple-ios-simulator.swiftmodule'
note: a dependency of Swift module '_StringProcessing': '/Applications/Xcode.app/Contents/Developer/Toolchains/XcodeDefault.xctoolchain/usr/lib/swift/iphonesimulator/prebuilt-modules/26.2/_StringProcessing.swiftmodule/arm64-apple-ios-simulator.swiftmodule'
note: a dependency of Swift module '_Concurrency': '/Applications/Xcode.app/Contents/Developer/Toolchains/XcodeDefault.xctoolchain/usr/lib/swift/iphonesimulator/prebuilt-modules/26.2/_Concurrency.swiftmodule/arm64-apple-ios-simulator.swiftmodule'
note: a dependency of Swift module 'SwiftOnoneSupport': '/Applications/Xcode.app/Contents/Developer/Toolchains/XcodeDefault.xctoolchain/usr/lib/swift/iphonesimulator/prebuilt-modules/26.2/SwiftOnoneSupport.swiftmodule/arm64-apple-ios-simulator.swiftmodule'
note: a dependency of Swift module 'Swift': '/Applications/Xcode.app/Contents/Developer/Toolchains/XcodeDefault.xctoolchain/usr/lib/swift/iphonesimulator/prebuilt-modules/26.2/Swift.swiftmodule/arm64-apple-ios-simulator.swiftmodule'
note: a dependency of main module 'InkOS'
note: a dependency of Swift module 'Swift': '/Applications/Xcode.app/Contents/Developer/Toolchains/XcodeDefault.xctoolchain/usr/lib/swift/iphonesimulator/prebuilt-modules/26.2/Swift.swiftmodule/arm64-apple-ios-simulator.swiftmodule'
note: a dependency of Swift module 'os': '/Applications/Xcode.app/Contents/Developer/Toolchains/XcodeDefault.xctoolchain/usr/lib/swift/iphonesimulator/prebuilt-modules/26.2/os.swiftmodule/arm64-apple-ios-simulator.swiftmodule'
note: a dependency of Swift module 'Swift': '/Applications/Xcode.app/Contents/Developer/Toolchains/XcodeDefault.xctoolchain/usr/lib/swift/iphonesimulator/prebuilt-modules/26.2/Swift.swiftmodule/arm64-apple-ios-simulator.swiftmodule'
note: a dependency of Swift module 'Swift': '/Applications/Xcode.app/Contents/Developer/Toolchains/XcodeDefault.xctoolchain/usr/lib/swift/iphonesimulator/prebuilt-modules/26.2/Swift.swiftmodule/arm64-apple-ios-simulator.swiftmodule'
note: a dependency of Swift module 'Observation': '/Applications/Xcode.app/Contents/Developer/Toolchains/XcodeDefault.xctoolchain/usr/lib/swift/iphonesimulator/prebuilt-modules/26.2/Observation.swiftmodule/arm64-apple-ios-simulator.swiftmodule'
note: a dependency of Swift module 'ObjectiveC': '/Applications/Xcode.app/Contents/Developer/Toolchains/XcodeDefault.xctoolchain/usr/lib/swift/iphonesimulator/prebuilt-modules/26.2/ObjectiveC.swiftmodule/arm64-apple-ios-simulator.swiftmodule'
note: a dependency of Swift module 'Dispatch': '/Applications/Xcode.app/Contents/Developer/Toolchains/XcodeDefault.xctoolchain/usr/lib/swift/iphonesimulator/prebuilt-modules/26.2/Dispatch.swiftmodule/arm64-apple-ios-simulator.swiftmodule'
note: a dependency of Swift module 'CoreFoundation': '/Applications/Xcode.app/Contents/Developer/Toolchains/XcodeDefault.xctoolchain/usr/lib/swift/iphonesimulator/prebuilt-modules/26.2/CoreFoundation.swiftmodule/arm64-apple-ios-simulator.swiftmodule'
note: a dependency of Swift module 'Foundation': '/Applications/Xcode.app/Contents/Developer/Toolchains/XcodeDefault.xctoolchain/usr/lib/swift/iphonesimulator/prebuilt-modules/26.2/Foundation.swiftmodule/arm64-apple-ios-simulator.swiftmodule'
note: a dependency of Swift module 'CoreData': '/Applications/Xcode.app/Contents/Developer/Toolchains/XcodeDefault.xctoolchain/usr/lib/swift/iphonesimulator/prebuilt-modules/26.2/CoreData.swiftmodule/arm64-apple-ios-simulator.swiftmodule'
note: a dependency of Swift module '_DarwinFoundation2': '/Applications/Xcode.app/Contents/Developer/Toolchains/XcodeDefault.xctoolchain/usr/lib/swift/iphonesimulator/prebuilt-modules/26.2/_DarwinFoundation2.swiftmodule/arm64-apple-ios-simulator.swiftmodule'
note: a dependency of Swift module '_DarwinFoundation1': '/Applications/Xcode.app/Contents/Developer/Toolchains/XcodeDefault.xctoolchain/usr/lib/swift/iphonesimulator/prebuilt-modules/26.2/_DarwinFoundation1.swiftmodule/arm64-apple-ios-simulator.swiftmodule'
note: a dependency of Swift module '_Builtin_float': '/Applications/Xcode.app/Contents/Developer/Toolchains/XcodeDefault.xctoolchain/usr/lib/swift/iphonesimulator/prebuilt-modules/26.2/_Builtin_float.swiftmodule/arm64-apple-ios-simulator.swiftmodule'
note: a dependency of Swift module 'Swift': '/Applications/Xcode.app/Contents/Developer/Toolchains/XcodeDefault.xctoolchain/usr/lib/swift/iphonesimulator/prebuilt-modules/26.2/Swift.swiftmodule/arm64-apple-ios-simulator.swiftmodule'
note: a dependency of Swift module 'Darwin': '/Applications/Xcode.app/Contents/Developer/Toolchains/XcodeDefault.xctoolchain/usr/lib/swift/iphonesimulator/prebuilt-modules/26.2/Darwin.swiftmodule/arm64-apple-ios-simulator.swiftmodule'
note: a dependency of Swift module 'Combine': '/Applications/Xcode.app/Contents/Developer/Toolchains/XcodeDefault.xctoolchain/usr/lib/swift/iphonesimulator/prebuilt-modules/26.2/Combine.swiftmodule/arm64-apple-ios-simulator.swiftmodule'
note: a dependency of Swift module 'SwiftUI': '/Applications/Xcode.app/Contents/Developer/Toolchains/XcodeDefault.xctoolchain/usr/lib/swift/iphonesimulator/prebuilt-modules/26.2/SwiftUI.swiftmodule/arm64-apple-ios-simulator.swiftmodule'
note: a dependency of Swift module '_StringProcessing': '/Applications/Xcode.app/Contents/Developer/Toolchains/XcodeDefault.xctoolchain/usr/lib/swift/iphonesimulator/prebuilt-modules/26.2/_StringProcessing.swiftmodule/arm64-apple-ios-simulator.swiftmodule'
note: a dependency of Swift module '_Concurrency': '/Applications/Xcode.app/Contents/Developer/Toolchains/XcodeDefault.xctoolchain/usr/lib/swift/iphonesimulator/prebuilt-modules/26.2/_Concurrency.swiftmodule/arm64-apple-ios-simulator.swiftmodule'
note: a dependency of Swift module 'SwiftOnoneSupport': '/Applications/Xcode.app/Contents/Developer/Toolchains/XcodeDefault.xctoolchain/usr/lib/swift/iphonesimulator/prebuilt-modules/26.2/SwiftOnoneSupport.swiftmodule/arm64-apple-ios-simulator.swiftmodule'
note: a dependency of Swift module 'Swift': '/Applications/Xcode.app/Contents/Developer/Toolchains/XcodeDefault.xctoolchain/usr/lib/swift/iphonesimulator/prebuilt-modules/26.2/Swift.swiftmodule/arm64-apple-ios-simulator.swiftmodule'
note: a dependency of main module 'InkOS'
note: a dependency of Swift module 'Swift': '/Applications/Xcode.app/Contents/Developer/Toolchains/XcodeDefault.xctoolchain/usr/lib/swift/iphonesimulator/prebuilt-modules/26.2/Swift.swiftmodule/arm64-apple-ios-simulator.swiftmodule'
note: a dependency of Swift module 'Swift': '/Applications/Xcode.app/Contents/Developer/Toolchains/XcodeDefault.xctoolchain/usr/lib/swift/iphonesimulator/prebuilt-modules/26.2/Swift.swiftmodule/arm64-apple-ios-simulator.swiftmodule'
note: a dependency of Swift module 'Observation': '/Applications/Xcode.app/Contents/Developer/Toolchains/XcodeDefault.xctoolchain/usr/lib/swift/iphonesimulator/prebuilt-modules/26.2/Observation.swiftmodule/arm64-apple-ios-simulator.swiftmodule'
note: a dependency of Swift module 'ObjectiveC': '/Applications/Xcode.app/Contents/Developer/Toolchains/XcodeDefault.xctoolchain/usr/lib/swift/iphonesimulator/prebuilt-modules/26.2/ObjectiveC.swiftmodule/arm64-apple-ios-simulator.swiftmodule'
note: a dependency of Swift module 'Dispatch': '/Applications/Xcode.app/Contents/Developer/Toolchains/XcodeDefault.xctoolchain/usr/lib/swift/iphonesimulator/prebuilt-modules/26.2/Dispatch.swiftmodule/arm64-apple-ios-simulator.swiftmodule'
note: a dependency of Swift module 'CoreFoundation': '/Applications/Xcode.app/Contents/Developer/Toolchains/XcodeDefault.xctoolchain/usr/lib/swift/iphonesimulator/prebuilt-modules/26.2/CoreFoundation.swiftmodule/arm64-apple-ios-simulator.swiftmodule'
note: a dependency of Swift module 'Foundation': '/Applications/Xcode.app/Contents/Developer/Toolchains/XcodeDefault.xctoolchain/usr/lib/swift/iphonesimulator/prebuilt-modules/26.2/Foundation.swiftmodule/arm64-apple-ios-simulator.swiftmodule'
note: a dependency of Swift module 'CoreData': '/Applications/Xcode.app/Contents/Developer/Toolchains/XcodeDefault.xctoolchain/usr/lib/swift/iphonesimulator/prebuilt-modules/26.2/CoreData.swiftmodule/arm64-apple-ios-simulator.swiftmodule'
note: a dependency of Swift module '_DarwinFoundation2': '/Applications/Xcode.app/Contents/Developer/Toolchains/XcodeDefault.xctoolchain/usr/lib/swift/iphonesimulator/prebuilt-modules/26.2/_DarwinFoundation2.swiftmodule/arm64-apple-ios-simulator.swiftmodule'
note: a dependency of Swift module '_DarwinFoundation1': '/Applications/Xcode.app/Contents/Developer/Toolchains/XcodeDefault.xctoolchain/usr/lib/swift/iphonesimulator/prebuilt-modules/26.2/_DarwinFoundation1.swiftmodule/arm64-apple-ios-simulator.swiftmodule'
note: a dependency of Swift module '_Builtin_float': '/Applications/Xcode.app/Contents/Developer/Toolchains/XcodeDefault.xctoolchain/usr/lib/swift/iphonesimulator/prebuilt-modules/26.2/_Builtin_float.swiftmodule/arm64-apple-ios-simulator.swiftmodule'
note: a dependency of Swift module 'Swift': '/Applications/Xcode.app/Contents/Developer/Toolchains/XcodeDefault.xctoolchain/usr/lib/swift/iphonesimulator/prebuilt-modules/26.2/Swift.swiftmodule/arm64-apple-ios-simulator.swiftmodule'
note: a dependency of Swift module 'Darwin': '/Applications/Xcode.app/Contents/Developer/Toolchains/XcodeDefault.xctoolchain/usr/lib/swift/iphonesimulator/prebuilt-modules/26.2/Darwin.swiftmodule/arm64-apple-ios-simulator.swiftmodule'
note: a dependency of Swift module 'Combine': '/Applications/Xcode.app/Contents/Developer/Toolchains/XcodeDefault.xctoolchain/usr/lib/swift/iphonesimulator/prebuilt-modules/26.2/Combine.swiftmodule/arm64-apple-ios-simulator.swiftmodule'
note: a dependency of Swift module 'SwiftUI': '/Applications/Xcode.app/Contents/Developer/Toolchains/XcodeDefault.xctoolchain/usr/lib/swift/iphonesimulator/prebuilt-modules/26.2/SwiftUI.swiftmodule/arm64-apple-ios-simulator.swiftmodule'
note: a dependency of Swift module '_StringProcessing': '/Applications/Xcode.app/Contents/Developer/Toolchains/XcodeDefault.xctoolchain/usr/lib/swift/iphonesimulator/prebuilt-modules/26.2/_StringProcessing.swiftmodule/arm64-apple-ios-simulator.swiftmodule'
note: a dependency of Swift module '_Concurrency': '/Applications/Xcode.app/Contents/Developer/Toolchains/XcodeDefault.xctoolchain/usr/lib/swift/iphonesimulator/prebuilt-modules/26.2/_Concurrency.swiftmodule/arm64-apple-ios-simulator.swiftmodule'
note: a dependency of Swift module 'SwiftOnoneSupport': '/Applications/Xcode.app/Contents/Developer/Toolchains/XcodeDefault.xctoolchain/usr/lib/swift/iphonesimulator/prebuilt-modules/26.2/SwiftOnoneSupport.swiftmodule/arm64-apple-ios-simulator.swiftmodule'
note: a dependency of Swift module 'Swift': '/Applications/Xcode.app/Contents/Developer/Toolchains/XcodeDefault.xctoolchain/usr/lib/swift/iphonesimulator/prebuilt-modules/26.2/Swift.swiftmodule/arm64-apple-ios-simulator.swiftmodule'
note: a dependency of main module 'InkOS'
note: a dependency of Swift module 'Swift': '/Applications/Xcode.app/Contents/Developer/Toolchains/XcodeDefault.xctoolchain/usr/lib/swift/iphonesimulator/prebuilt-modules/26.2/Swift.swiftmodule/arm64-apple-ios-simulator.swiftmodule'
note: a dependency of Swift module 'System': '/Applications/Xcode.app/Contents/Developer/Toolchains/XcodeDefault.xctoolchain/usr/lib/swift/iphonesimulator/prebuilt-modules/26.2/System.swiftmodule/arm64-apple-ios-simulator.swiftmodule'
note: a dependency of Swift module 'Swift': '/Applications/Xcode.app/Contents/Developer/Toolchains/XcodeDefault.xctoolchain/usr/lib/swift/iphonesimulator/prebuilt-modules/26.2/Swift.swiftmodule/arm64-apple-ios-simulator.swiftmodule'
note: a dependency of Swift module 'Observation': '/Applications/Xcode.app/Contents/Developer/Toolchains/XcodeDefault.xctoolchain/usr/lib/swift/iphonesimulator/prebuilt-modules/26.2/Observation.swiftmodule/arm64-apple-ios-simulator.swiftmodule'
note: a dependency of Swift module 'ObjectiveC': '/Applications/Xcode.app/Contents/Developer/Toolchains/XcodeDefault.xctoolchain/usr/lib/swift/iphonesimulator/prebuilt-modules/26.2/ObjectiveC.swiftmodule/arm64-apple-ios-simulator.swiftmodule'
note: a dependency of Swift module 'Dispatch': '/Applications/Xcode.app/Contents/Developer/Toolchains/XcodeDefault.xctoolchain/usr/lib/swift/iphonesimulator/prebuilt-modules/26.2/Dispatch.swiftmodule/arm64-apple-ios-simulator.swiftmodule'
note: a dependency of Swift module 'CoreFoundation': '/Applications/Xcode.app/Contents/Developer/Toolchains/XcodeDefault.xctoolchain/usr/lib/swift/iphonesimulator/prebuilt-modules/26.2/CoreFoundation.swiftmodule/arm64-apple-ios-simulator.swiftmodule'
note: a dependency of Swift module 'Foundation': '/Applications/Xcode.app/Contents/Developer/Toolchains/XcodeDefault.xctoolchain/usr/lib/swift/iphonesimulator/prebuilt-modules/26.2/Foundation.swiftmodule/arm64-apple-ios-simulator.swiftmodule'
note: a dependency of Swift module 'CoreData': '/Applications/Xcode.app/Contents/Developer/Toolchains/XcodeDefault.xctoolchain/usr/lib/swift/iphonesimulator/prebuilt-modules/26.2/CoreData.swiftmodule/arm64-apple-ios-simulator.swiftmodule'
note: a dependency of Swift module '_DarwinFoundation2': '/Applications/Xcode.app/Contents/Developer/Toolchains/XcodeDefault.xctoolchain/usr/lib/swift/iphonesimulator/prebuilt-modules/26.2/_DarwinFoundation2.swiftmodule/arm64-apple-ios-simulator.swiftmodule'
note: a dependency of Swift module '_DarwinFoundation1': '/Applications/Xcode.app/Contents/Developer/Toolchains/XcodeDefault.xctoolchain/usr/lib/swift/iphonesimulator/prebuilt-modules/26.2/_DarwinFoundation1.swiftmodule/arm64-apple-ios-simulator.swiftmodule'
note: a dependency of Swift module '_Builtin_float': '/Applications/Xcode.app/Contents/Developer/Toolchains/XcodeDefault.xctoolchain/usr/lib/swift/iphonesimulator/prebuilt-modules/26.2/_Builtin_float.swiftmodule/arm64-apple-ios-simulator.swiftmodule'
note: a dependency of Swift module 'Swift': '/Applications/Xcode.app/Contents/Developer/Toolchains/XcodeDefault.xctoolchain/usr/lib/swift/iphonesimulator/prebuilt-modules/26.2/Swift.swiftmodule/arm64-apple-ios-simulator.swiftmodule'
note: a dependency of Swift module 'Darwin': '/Applications/Xcode.app/Contents/Developer/Toolchains/XcodeDefault.xctoolchain/usr/lib/swift/iphonesimulator/prebuilt-modules/26.2/Darwin.swiftmodule/arm64-apple-ios-simulator.swiftmodule'
note: a dependency of Swift module 'Combine': '/Applications/Xcode.app/Contents/Developer/Toolchains/XcodeDefault.xctoolchain/usr/lib/swift/iphonesimulator/prebuilt-modules/26.2/Combine.swiftmodule/arm64-apple-ios-simulator.swiftmodule'
note: a dependency of Swift module 'SwiftUI': '/Applications/Xcode.app/Contents/Developer/Toolchains/XcodeDefault.xctoolchain/usr/lib/swift/iphonesimulator/prebuilt-modules/26.2/SwiftUI.swiftmodule/arm64-apple-ios-simulator.swiftmodule'
note: a dependency of Swift module '_StringProcessing': '/Applications/Xcode.app/Contents/Developer/Toolchains/XcodeDefault.xctoolchain/usr/lib/swift/iphonesimulator/prebuilt-modules/26.2/_StringProcessing.swiftmodule/arm64-apple-ios-simulator.swiftmodule'
note: a dependency of Swift module '_Concurrency': '/Applications/Xcode.app/Contents/Developer/Toolchains/XcodeDefault.xctoolchain/usr/lib/swift/iphonesimulator/prebuilt-modules/26.2/_Concurrency.swiftmodule/arm64-apple-ios-simulator.swiftmodule'
note: a dependency of Swift module 'SwiftOnoneSupport': '/Applications/Xcode.app/Contents/Developer/Toolchains/XcodeDefault.xctoolchain/usr/lib/swift/iphonesimulator/prebuilt-modules/26.2/SwiftOnoneSupport.swiftmodule/arm64-apple-ios-simulator.swiftmodule'
note: a dependency of Swift module 'Swift': '/Applications/Xcode.app/Contents/Developer/Toolchains/XcodeDefault.xctoolchain/usr/lib/swift/iphonesimulator/prebuilt-modules/26.2/Swift.swiftmodule/arm64-apple-ios-simulator.swiftmodule'
note: a dependency of main module 'InkOS'
note: a dependency of Swift module 'Swift': '/Applications/Xcode.app/Contents/Developer/Toolchains/XcodeDefault.xctoolchain/usr/lib/swift/iphonesimulator/prebuilt-modules/26.2/Swift.swiftmodule/arm64-apple-ios-simulator.swiftmodule'
note: a dependency of Swift module 'Observation': '/Applications/Xcode.app/Contents/Developer/Toolchains/XcodeDefault.xctoolchain/usr/lib/swift/iphonesimulator/prebuilt-modules/26.2/Observation.swiftmodule/arm64-apple-ios-simulator.swiftmodule'
note: a dependency of Swift module 'ObjectiveC': '/Applications/Xcode.app/Contents/Developer/Toolchains/XcodeDefault.xctoolchain/usr/lib/swift/iphonesimulator/prebuilt-modules/26.2/ObjectiveC.swiftmodule/arm64-apple-ios-simulator.swiftmodule'
note: a dependency of Swift module 'Dispatch': '/Applications/Xcode.app/Contents/Developer/Toolchains/XcodeDefault.xctoolchain/usr/lib/swift/iphonesimulator/prebuilt-modules/26.2/Dispatch.swiftmodule/arm64-apple-ios-simulator.swiftmodule'
note: a dependency of Swift module 'CoreFoundation': '/Applications/Xcode.app/Contents/Developer/Toolchains/XcodeDefault.xctoolchain/usr/lib/swift/iphonesimulator/prebuilt-modules/26.2/CoreFoundation.swiftmodule/arm64-apple-ios-simulator.swiftmodule'
note: a dependency of Swift module 'Foundation': '/Applications/Xcode.app/Contents/Developer/Toolchains/XcodeDefault.xctoolchain/usr/lib/swift/iphonesimulator/prebuilt-modules/26.2/Foundation.swiftmodule/arm64-apple-ios-simulator.swiftmodule'
note: a dependency of Swift module 'CoreData': '/Applications/Xcode.app/Contents/Developer/Toolchains/XcodeDefault.xctoolchain/usr/lib/swift/iphonesimulator/prebuilt-modules/26.2/CoreData.swiftmodule/arm64-apple-ios-simulator.swiftmodule'
note: a dependency of Swift module '_DarwinFoundation2': '/Applications/Xcode.app/Contents/Developer/Toolchains/XcodeDefault.xctoolchain/usr/lib/swift/iphonesimulator/prebuilt-modules/26.2/_DarwinFoundation2.swiftmodule/arm64-apple-ios-simulator.swiftmodule'
note: a dependency of Swift module '_DarwinFoundation1': '/Applications/Xcode.app/Contents/Developer/Toolchains/XcodeDefault.xctoolchain/usr/lib/swift/iphonesimulator/prebuilt-modules/26.2/_DarwinFoundation1.swiftmodule/arm64-apple-ios-simulator.swiftmodule'
note: a dependency of Swift module '_Builtin_float': '/Applications/Xcode.app/Contents/Developer/Toolchains/XcodeDefault.xctoolchain/usr/lib/swift/iphonesimulator/prebuilt-modules/26.2/_Builtin_float.swiftmodule/arm64-apple-ios-simulator.swiftmodule'
note: a dependency of Swift module 'Swift': '/Applications/Xcode.app/Contents/Developer/Toolchains/XcodeDefault.xctoolchain/usr/lib/swift/iphonesimulator/prebuilt-modules/26.2/Swift.swiftmodule/arm64-apple-ios-simulator.swiftmodule'
note: a dependency of Swift module 'Darwin': '/Applications/Xcode.app/Contents/Developer/Toolchains/XcodeDefault.xctoolchain/usr/lib/swift/iphonesimulator/prebuilt-modules/26.2/Darwin.swiftmodule/arm64-apple-ios-simulator.swiftmodule'
note: a dependency of Swift module 'Combine': '/Applications/Xcode.app/Contents/Developer/Toolchains/XcodeDefault.xctoolchain/usr/lib/swift/iphonesimulator/prebuilt-modules/26.2/Combine.swiftmodule/arm64-apple-ios-simulator.swiftmodule'
note: a dependency of Swift module 'SwiftUI': '/Applications/Xcode.app/Contents/Developer/Toolchains/XcodeDefault.xctoolchain/usr/lib/swift/iphonesimulator/prebuilt-modules/26.2/SwiftUI.swiftmodule/arm64-apple-ios-simulator.swiftmodule'
note: a dependency of Swift module '_StringProcessing': '/Applications/Xcode.app/Contents/Developer/Toolchains/XcodeDefault.xctoolchain/usr/lib/swift/iphonesimulator/prebuilt-modules/26.2/_StringProcessing.swiftmodule/arm64-apple-ios-simulator.swiftmodule'
note: a dependency of Swift module '_Concurrency': '/Applications/Xcode.app/Contents/Developer/Toolchains/XcodeDefault.xctoolchain/usr/lib/swift/iphonesimulator/prebuilt-modules/26.2/_Concurrency.swiftmodule/arm64-apple-ios-simulator.swiftmodule'
note: a dependency of Swift module 'SwiftOnoneSupport': '/Applications/Xcode.app/Contents/Developer/Toolchains/XcodeDefault.xctoolchain/usr/lib/swift/iphonesimulator/prebuilt-modules/26.2/SwiftOnoneSupport.swiftmodule/arm64-apple-ios-simulator.swiftmodule'
note: a dependency of Swift module 'Swift': '/Applications/Xcode.app/Contents/Developer/Toolchains/XcodeDefault.xctoolchain/usr/lib/swift/iphonesimulator/prebuilt-modules/26.2/Swift.swiftmodule/arm64-apple-ios-simulator.swiftmodule'
note: a dependency of main module 'InkOS'
note: a dependency of Swift module 'Swift': '/Applications/Xcode.app/Contents/Developer/Toolchains/XcodeDefault.xctoolchain/usr/lib/swift/iphonesimulator/prebuilt-modules/26.2/Swift.swiftmodule/arm64-apple-ios-simulator.swiftmodule'
note: a dependency of Swift module 'Observation': '/Applications/Xcode.app/Contents/Developer/Toolchains/XcodeDefault.xctoolchain/usr/lib/swift/iphonesimulator/prebuilt-modules/26.2/Observation.swiftmodule/arm64-apple-ios-simulator.swiftmodule'
note: a dependency of Swift module 'ObjectiveC': '/Applications/Xcode.app/Contents/Developer/Toolchains/XcodeDefault.xctoolchain/usr/lib/swift/iphonesimulator/prebuilt-modules/26.2/ObjectiveC.swiftmodule/arm64-apple-ios-simulator.swiftmodule'
note: a dependency of Swift module 'Dispatch': '/Applications/Xcode.app/Contents/Developer/Toolchains/XcodeDefault.xctoolchain/usr/lib/swift/iphonesimulator/prebuilt-modules/26.2/Dispatch.swiftmodule/arm64-apple-ios-simulator.swiftmodule'
note: a dependency of Swift module 'CoreFoundation': '/Applications/Xcode.app/Contents/Developer/Toolchains/XcodeDefault.xctoolchain/usr/lib/swift/iphonesimulator/prebuilt-modules/26.2/CoreFoundation.swiftmodule/arm64-apple-ios-simulator.swiftmodule'
note: a dependency of Swift module 'Foundation': '/Applications/Xcode.app/Contents/Developer/Toolchains/XcodeDefault.xctoolchain/usr/lib/swift/iphonesimulator/prebuilt-modules/26.2/Foundation.swiftmodule/arm64-apple-ios-simulator.swiftmodule'
note: a dependency of Swift module 'CoreData': '/Applications/Xcode.app/Contents/Developer/Toolchains/XcodeDefault.xctoolchain/usr/lib/swift/iphonesimulator/prebuilt-modules/26.2/CoreData.swiftmodule/arm64-apple-ios-simulator.swiftmodule'
note: a dependency of Swift module '_DarwinFoundation2': '/Applications/Xcode.app/Contents/Developer/Toolchains/XcodeDefault.xctoolchain/usr/lib/swift/iphonesimulator/prebuilt-modules/26.2/_DarwinFoundation2.swiftmodule/arm64-apple-ios-simulator.swiftmodule'
note: a dependency of Swift module '_DarwinFoundation1': '/Applications/Xcode.app/Contents/Developer/Toolchains/XcodeDefault.xctoolchain/usr/lib/swift/iphonesimulator/prebuilt-modules/26.2/_DarwinFoundation1.swiftmodule/arm64-apple-ios-simulator.swiftmodule'
note: a dependency of Swift module '_Builtin_float': '/Applications/Xcode.app/Contents/Developer/Toolchains/XcodeDefault.xctoolchain/usr/lib/swift/iphonesimulator/prebuilt-modules/26.2/_Builtin_float.swiftmodule/arm64-apple-ios-simulator.swiftmodule'
note: a dependency of Swift module 'Swift': '/Applications/Xcode.app/Contents/Developer/Toolchains/XcodeDefault.xctoolchain/usr/lib/swift/iphonesimulator/prebuilt-modules/26.2/Swift.swiftmodule/arm64-apple-ios-simulator.swiftmodule'
note: a dependency of Swift module 'Darwin': '/Applications/Xcode.app/Contents/Developer/Toolchains/XcodeDefault.xctoolchain/usr/lib/swift/iphonesimulator/prebuilt-modules/26.2/Darwin.swiftmodule/arm64-apple-ios-simulator.swiftmodule'
note: a dependency of Swift module 'Combine': '/Applications/Xcode.app/Contents/Developer/Toolchains/XcodeDefault.xctoolchain/usr/lib/swift/iphonesimulator/prebuilt-modules/26.2/Combine.swiftmodule/arm64-apple-ios-simulator.swiftmodule'
note: a dependency of Swift module 'SwiftUI': '/Applications/Xcode.app/Contents/Developer/Toolchains/XcodeDefault.xctoolchain/usr/lib/swift/iphonesimulator/prebuilt-modules/26.2/SwiftUI.swiftmodule/arm64-apple-ios-simulator.swiftmodule'
note: a dependency of Swift module '_StringProcessing': '/Applications/Xcode.app/Contents/Developer/Toolchains/XcodeDefault.xctoolchain/usr/lib/swift/iphonesimulator/prebuilt-modules/26.2/_StringProcessing.swiftmodule/arm64-apple-ios-simulator.swiftmodule'
note: a dependency of Swift module '_Concurrency': '/Applications/Xcode.app/Contents/Developer/Toolchains/XcodeDefault.xctoolchain/usr/lib/swift/iphonesimulator/prebuilt-modules/26.2/_Concurrency.swiftmodule/arm64-apple-ios-simulator.swiftmodule'
note: a dependency of Swift module 'SwiftOnoneSupport': '/Applications/Xcode.app/Contents/Developer/Toolchains/XcodeDefault.xctoolchain/usr/lib/swift/iphonesimulator/prebuilt-modules/26.2/SwiftOnoneSupport.swiftmodule/arm64-apple-ios-simulator.swiftmodule'
note: a dependency of Swift module 'Swift': '/Applications/Xcode.app/Contents/Developer/Toolchains/XcodeDefault.xctoolchain/usr/lib/swift/iphonesimulator/prebuilt-modules/26.2/Swift.swiftmodule/arm64-apple-ios-simulator.swiftmodule'
note: a dependency of main module 'InkOS'
note: a dependency of Swift module 'Swift': '/Applications/Xcode.app/Contents/Developer/Toolchains/XcodeDefault.xctoolchain/usr/lib/swift/iphonesimulator/prebuilt-modules/26.2/Swift.swiftmodule/arm64-apple-ios-simulator.swiftmodule'
note: a dependency of Swift module 'ObjectiveC': '/Applications/Xcode.app/Contents/Developer/Toolchains/XcodeDefault.xctoolchain/usr/lib/swift/iphonesimulator/prebuilt-modules/26.2/ObjectiveC.swiftmodule/arm64-apple-ios-simulator.swiftmodule'
note: a dependency of Swift module 'Dispatch': '/Applications/Xcode.app/Contents/Developer/Toolchains/XcodeDefault.xctoolchain/usr/lib/swift/iphonesimulator/prebuilt-modules/26.2/Dispatch.swiftmodule/arm64-apple-ios-simulator.swiftmodule'
note: a dependency of Swift module 'CoreFoundation': '/Applications/Xcode.app/Contents/Developer/Toolchains/XcodeDefault.xctoolchain/usr/lib/swift/iphonesimulator/prebuilt-modules/26.2/CoreFoundation.swiftmodule/arm64-apple-ios-simulator.swiftmodule'
note: a dependency of Swift module 'Foundation': '/Applications/Xcode.app/Contents/Developer/Toolchains/XcodeDefault.xctoolchain/usr/lib/swift/iphonesimulator/prebuilt-modules/26.2/Foundation.swiftmodule/arm64-apple-ios-simulator.swiftmodule'
note: a dependency of Swift module 'CoreData': '/Applications/Xcode.app/Contents/Developer/Toolchains/XcodeDefault.xctoolchain/usr/lib/swift/iphonesimulator/prebuilt-modules/26.2/CoreData.swiftmodule/arm64-apple-ios-simulator.swiftmodule'
note: a dependency of Swift module '_DarwinFoundation2': '/Applications/Xcode.app/Contents/Developer/Toolchains/XcodeDefault.xctoolchain/usr/lib/swift/iphonesimulator/prebuilt-modules/26.2/_DarwinFoundation2.swiftmodule/arm64-apple-ios-simulator.swiftmodule'
note: a dependency of Swift module '_DarwinFoundation1': '/Applications/Xcode.app/Contents/Developer/Toolchains/XcodeDefault.xctoolchain/usr/lib/swift/iphonesimulator/prebuilt-modules/26.2/_DarwinFoundation1.swiftmodule/arm64-apple-ios-simulator.swiftmodule'
note: a dependency of Swift module '_Builtin_float': '/Applications/Xcode.app/Contents/Developer/Toolchains/XcodeDefault.xctoolchain/usr/lib/swift/iphonesimulator/prebuilt-modules/26.2/_Builtin_float.swiftmodule/arm64-apple-ios-simulator.swiftmodule'
note: a dependency of Swift module 'Swift': '/Applications/Xcode.app/Contents/Developer/Toolchains/XcodeDefault.xctoolchain/usr/lib/swift/iphonesimulator/prebuilt-modules/26.2/Swift.swiftmodule/arm64-apple-ios-simulator.swiftmodule'
note: a dependency of Swift module 'Darwin': '/Applications/Xcode.app/Contents/Developer/Toolchains/XcodeDefault.xctoolchain/usr/lib/swift/iphonesimulator/prebuilt-modules/26.2/Darwin.swiftmodule/arm64-apple-ios-simulator.swiftmodule'
note: a dependency of Swift module 'Combine': '/Applications/Xcode.app/Contents/Developer/Toolchains/XcodeDefault.xctoolchain/usr/lib/swift/iphonesimulator/prebuilt-modules/26.2/Combine.swiftmodule/arm64-apple-ios-simulator.swiftmodule'
note: a dependency of Swift module 'SwiftUI': '/Applications/Xcode.app/Contents/Developer/Toolchains/XcodeDefault.xctoolchain/usr/lib/swift/iphonesimulator/prebuilt-modules/26.2/SwiftUI.swiftmodule/arm64-apple-ios-simulator.swiftmodule'
note: a dependency of Swift module '_StringProcessing': '/Applications/Xcode.app/Contents/Developer/Toolchains/XcodeDefault.xctoolchain/usr/lib/swift/iphonesimulator/prebuilt-modules/26.2/_StringProcessing.swiftmodule/arm64-apple-ios-simulator.swiftmodule'
note: a dependency of Swift module '_Concurrency': '/Applications/Xcode.app/Contents/Developer/Toolchains/XcodeDefault.xctoolchain/usr/lib/swift/iphonesimulator/prebuilt-modules/26.2/_Concurrency.swiftmodule/arm64-apple-ios-simulator.swiftmodule'
note: a dependency of Swift module 'SwiftOnoneSupport': '/Applications/Xcode.app/Contents/Developer/Toolchains/XcodeDefault.xctoolchain/usr/lib/swift/iphonesimulator/prebuilt-modules/26.2/SwiftOnoneSupport.swiftmodule/arm64-apple-ios-simulator.swiftmodule'
note: a dependency of Swift module 'Swift': '/Applications/Xcode.app/Contents/Developer/Toolchains/XcodeDefault.xctoolchain/usr/lib/swift/iphonesimulator/prebuilt-modules/26.2/Swift.swiftmodule/arm64-apple-ios-simulator.swiftmodule'
note: a dependency of main module 'InkOS'
note: a dependency of Swift module 'Swift': '/Applications/Xcode.app/Contents/Developer/Toolchains/XcodeDefault.xctoolchain/usr/lib/swift/iphonesimulator/prebuilt-modules/26.2/Swift.swiftmodule/arm64-apple-ios-simulator.swiftmodule'
note: a dependency of Swift module 'Dispatch': '/Applications/Xcode.app/Contents/Developer/Toolchains/XcodeDefault.xctoolchain/usr/lib/swift/iphonesimulator/prebuilt-modules/26.2/Dispatch.swiftmodule/arm64-apple-ios-simulator.swiftmodule'
note: a dependency of Swift module 'CoreFoundation': '/Applications/Xcode.app/Contents/Developer/Toolchains/XcodeDefault.xctoolchain/usr/lib/swift/iphonesimulator/prebuilt-modules/26.2/CoreFoundation.swiftmodule/arm64-apple-ios-simulator.swiftmodule'
note: a dependency of Swift module 'Foundation': '/Applications/Xcode.app/Contents/Developer/Toolchains/XcodeDefault.xctoolchain/usr/lib/swift/iphonesimulator/prebuilt-modules/26.2/Foundation.swiftmodule/arm64-apple-ios-simulator.swiftmodule'
note: a dependency of Swift module 'CoreData': '/Applications/Xcode.app/Contents/Developer/Toolchains/XcodeDefault.xctoolchain/usr/lib/swift/iphonesimulator/prebuilt-modules/26.2/CoreData.swiftmodule/arm64-apple-ios-simulator.swiftmodule'
note: a dependency of Swift module '_DarwinFoundation2': '/Applications/Xcode.app/Contents/Developer/Toolchains/XcodeDefault.xctoolchain/usr/lib/swift/iphonesimulator/prebuilt-modules/26.2/_DarwinFoundation2.swiftmodule/arm64-apple-ios-simulator.swiftmodule'
note: a dependency of Swift module '_DarwinFoundation1': '/Applications/Xcode.app/Contents/Developer/Toolchains/XcodeDefault.xctoolchain/usr/lib/swift/iphonesimulator/prebuilt-modules/26.2/_DarwinFoundation1.swiftmodule/arm64-apple-ios-simulator.swiftmodule'
note: a dependency of Swift module '_Builtin_float': '/Applications/Xcode.app/Contents/Developer/Toolchains/XcodeDefault.xctoolchain/usr/lib/swift/iphonesimulator/prebuilt-modules/26.2/_Builtin_float.swiftmodule/arm64-apple-ios-simulator.swiftmodule'
note: a dependency of Swift module 'Swift': '/Applications/Xcode.app/Contents/Developer/Toolchains/XcodeDefault.xctoolchain/usr/lib/swift/iphonesimulator/prebuilt-modules/26.2/Swift.swiftmodule/arm64-apple-ios-simulator.swiftmodule'
note: a dependency of Swift module 'Darwin': '/Applications/Xcode.app/Contents/Developer/Toolchains/XcodeDefault.xctoolchain/usr/lib/swift/iphonesimulator/prebuilt-modules/26.2/Darwin.swiftmodule/arm64-apple-ios-simulator.swiftmodule'
note: a dependency of Swift module 'Combine': '/Applications/Xcode.app/Contents/Developer/Toolchains/XcodeDefault.xctoolchain/usr/lib/swift/iphonesimulator/prebuilt-modules/26.2/Combine.swiftmodule/arm64-apple-ios-simulator.swiftmodule'
note: a dependency of Swift module 'SwiftUI': '/Applications/Xcode.app/Contents/Developer/Toolchains/XcodeDefault.xctoolchain/usr/lib/swift/iphonesimulator/prebuilt-modules/26.2/SwiftUI.swiftmodule/arm64-apple-ios-simulator.swiftmodule'
note: a dependency of Swift module '_StringProcessing': '/Applications/Xcode.app/Contents/Developer/Toolchains/XcodeDefault.xctoolchain/usr/lib/swift/iphonesimulator/prebuilt-modules/26.2/_StringProcessing.swiftmodule/arm64-apple-ios-simulator.swiftmodule'
note: a dependency of Swift module '_Concurrency': '/Applications/Xcode.app/Contents/Developer/Toolchains/XcodeDefault.xctoolchain/usr/lib/swift/iphonesimulator/prebuilt-modules/26.2/_Concurrency.swiftmodule/arm64-apple-ios-simulator.swiftmodule'
note: a dependency of Swift module 'SwiftOnoneSupport': '/Applications/Xcode.app/Contents/Developer/Toolchains/XcodeDefault.xctoolchain/usr/lib/swift/iphonesimulator/prebuilt-modules/26.2/SwiftOnoneSupport.swiftmodule/arm64-apple-ios-simulator.swiftmodule'
note: a dependency of Swift module 'Swift': '/Applications/Xcode.app/Contents/Developer/Toolchains/XcodeDefault.xctoolchain/usr/lib/swift/iphonesimulator/prebuilt-modules/26.2/Swift.swiftmodule/arm64-apple-ios-simulator.swiftmodule'
note: a dependency of main module 'InkOS'
note: a dependency of Swift module 'Swift': '/Applications/Xcode.app/Contents/Developer/Toolchains/XcodeDefault.xctoolchain/usr/lib/swift/iphonesimulator/prebuilt-modules/26.2/Swift.swiftmodule/arm64-apple-ios-simulator.swiftmodule'
note: a dependency of Swift module 'CoreFoundation': '/Applications/Xcode.app/Contents/Developer/Toolchains/XcodeDefault.xctoolchain/usr/lib/swift/iphonesimulator/prebuilt-modules/26.2/CoreFoundation.swiftmodule/arm64-apple-ios-simulator.swiftmodule'
note: a dependency of Swift module 'Foundation': '/Applications/Xcode.app/Contents/Developer/Toolchains/XcodeDefault.xctoolchain/usr/lib/swift/iphonesimulator/prebuilt-modules/26.2/Foundation.swiftmodule/arm64-apple-ios-simulator.swiftmodule'
note: a dependency of Swift module 'CoreData': '/Applications/Xcode.app/Contents/Developer/Toolchains/XcodeDefault.xctoolchain/usr/lib/swift/iphonesimulator/prebuilt-modules/26.2/CoreData.swiftmodule/arm64-apple-ios-simulator.swiftmodule'
note: a dependency of Swift module '_DarwinFoundation2': '/Applications/Xcode.app/Contents/Developer/Toolchains/XcodeDefault.xctoolchain/usr/lib/swift/iphonesimulator/prebuilt-modules/26.2/_DarwinFoundation2.swiftmodule/arm64-apple-ios-simulator.swiftmodule'
note: a dependency of Swift module '_DarwinFoundation1': '/Applications/Xcode.app/Contents/Developer/Toolchains/XcodeDefault.xctoolchain/usr/lib/swift/iphonesimulator/prebuilt-modules/26.2/_DarwinFoundation1.swiftmodule/arm64-apple-ios-simulator.swiftmodule'
note: a dependency of Swift module '_Builtin_float': '/Applications/Xcode.app/Contents/Developer/Toolchains/XcodeDefault.xctoolchain/usr/lib/swift/iphonesimulator/prebuilt-modules/26.2/_Builtin_float.swiftmodule/arm64-apple-ios-simulator.swiftmodule'
note: a dependency of Swift module 'Swift': '/Applications/Xcode.app/Contents/Developer/Toolchains/XcodeDefault.xctoolchain/usr/lib/swift/iphonesimulator/prebuilt-modules/26.2/Swift.swiftmodule/arm64-apple-ios-simulator.swiftmodule'
note: a dependency of Swift module 'Darwin': '/Applications/Xcode.app/Contents/Developer/Toolchains/XcodeDefault.xctoolchain/usr/lib/swift/iphonesimulator/prebuilt-modules/26.2/Darwin.swiftmodule/arm64-apple-ios-simulator.swiftmodule'
note: a dependency of Swift module 'Combine': '/Applications/Xcode.app/Contents/Developer/Toolchains/XcodeDefault.xctoolchain/usr/lib/swift/iphonesimulator/prebuilt-modules/26.2/Combine.swiftmodule/arm64-apple-ios-simulator.swiftmodule'
note: a dependency of Swift module 'SwiftUI': '/Applications/Xcode.app/Contents/Developer/Toolchains/XcodeDefault.xctoolchain/usr/lib/swift/iphonesimulator/prebuilt-modules/26.2/SwiftUI.swiftmodule/arm64-apple-ios-simulator.swiftmodule'
note: a dependency of Swift module '_StringProcessing': '/Applications/Xcode.app/Contents/Developer/Toolchains/XcodeDefault.xctoolchain/usr/lib/swift/iphonesimulator/prebuilt-modules/26.2/_StringProcessing.swiftmodule/arm64-apple-ios-simulator.swiftmodule'
note: a dependency of Swift module '_Concurrency': '/Applications/Xcode.app/Contents/Developer/Toolchains/XcodeDefault.xctoolchain/usr/lib/swift/iphonesimulator/prebuilt-modules/26.2/_Concurrency.swiftmodule/arm64-apple-ios-simulator.swiftmodule'
note: a dependency of Swift module 'SwiftOnoneSupport': '/Applications/Xcode.app/Contents/Developer/Toolchains/XcodeDefault.xctoolchain/usr/lib/swift/iphonesimulator/prebuilt-modules/26.2/SwiftOnoneSupport.swiftmodule/arm64-apple-ios-simulator.swiftmodule'
note: a dependency of Swift module 'Swift': '/Applications/Xcode.app/Contents/Developer/Toolchains/XcodeDefault.xctoolchain/usr/lib/swift/iphonesimulator/prebuilt-modules/26.2/Swift.swiftmodule/arm64-apple-ios-simulator.swiftmodule'
note: a dependency of main module 'InkOS'
note: a dependency of Swift module 'Swift': '/Applications/Xcode.app/Contents/Developer/Toolchains/XcodeDefault.xctoolchain/usr/lib/swift/iphonesimulator/prebuilt-modules/26.2/Swift.swiftmodule/arm64-apple-ios-simulator.swiftmodule'
note: a dependency of Swift module '_DarwinFoundation2': '/Applications/Xcode.app/Contents/Developer/Toolchains/XcodeDefault.xctoolchain/usr/lib/swift/iphonesimulator/prebuilt-modules/26.2/_DarwinFoundation2.swiftmodule/arm64-apple-ios-simulator.swiftmodule'
note: a dependency of Swift module '_DarwinFoundation1': '/Applications/Xcode.app/Contents/Developer/Toolchains/XcodeDefault.xctoolchain/usr/lib/swift/iphonesimulator/prebuilt-modules/26.2/_DarwinFoundation1.swiftmodule/arm64-apple-ios-simulator.swiftmodule'
note: a dependency of Swift module '_Builtin_float': '/Applications/Xcode.app/Contents/Developer/Toolchains/XcodeDefault.xctoolchain/usr/lib/swift/iphonesimulator/prebuilt-modules/26.2/_Builtin_float.swiftmodule/arm64-apple-ios-simulator.swiftmodule'
note: a dependency of Swift module 'Swift': '/Applications/Xcode.app/Contents/Developer/Toolchains/XcodeDefault.xctoolchain/usr/lib/swift/iphonesimulator/prebuilt-modules/26.2/Swift.swiftmodule/arm64-apple-ios-simulator.swiftmodule'
note: a dependency of Swift module 'Darwin': '/Applications/Xcode.app/Contents/Developer/Toolchains/XcodeDefault.xctoolchain/usr/lib/swift/iphonesimulator/prebuilt-modules/26.2/Darwin.swiftmodule/arm64-apple-ios-simulator.swiftmodule'
note: a dependency of Swift module 'Combine': '/Applications/Xcode.app/Contents/Developer/Toolchains/XcodeDefault.xctoolchain/usr/lib/swift/iphonesimulator/prebuilt-modules/26.2/Combine.swiftmodule/arm64-apple-ios-simulator.swiftmodule'
note: a dependency of Swift module 'SwiftUI': '/Applications/Xcode.app/Contents/Developer/Toolchains/XcodeDefault.xctoolchain/usr/lib/swift/iphonesimulator/prebuilt-modules/26.2/SwiftUI.swiftmodule/arm64-apple-ios-simulator.swiftmodule'
note: a dependency of Swift module '_StringProcessing': '/Applications/Xcode.app/Contents/Developer/Toolchains/XcodeDefault.xctoolchain/usr/lib/swift/iphonesimulator/prebuilt-modules/26.2/_StringProcessing.swiftmodule/arm64-apple-ios-simulator.swiftmodule'
note: a dependency of Swift module '_Concurrency': '/Applications/Xcode.app/Contents/Developer/Toolchains/XcodeDefault.xctoolchain/usr/lib/swift/iphonesimulator/prebuilt-modules/26.2/_Concurrency.swiftmodule/arm64-apple-ios-simulator.swiftmodule'
note: a dependency of Swift module 'SwiftOnoneSupport': '/Applications/Xcode.app/Contents/Developer/Toolchains/XcodeDefault.xctoolchain/usr/lib/swift/iphonesimulator/prebuilt-modules/26.2/SwiftOnoneSupport.swiftmodule/arm64-apple-ios-simulator.swiftmodule'
note: a dependency of Swift module 'Swift': '/Applications/Xcode.app/Contents/Developer/Toolchains/XcodeDefault.xctoolchain/usr/lib/swift/iphonesimulator/prebuilt-modules/26.2/Swift.swiftmodule/arm64-apple-ios-simulator.swiftmodule'
note: a dependency of main module 'InkOS'
note: a dependency of Swift module 'Swift': '/Applications/Xcode.app/Contents/Developer/Toolchains/XcodeDefault.xctoolchain/usr/lib/swift/iphonesimulator/prebuilt-modules/26.2/Swift.swiftmodule/arm64-apple-ios-simulator.swiftmodule'
note: a dependency of Swift module '_DarwinFoundation3': '/Applications/Xcode.app/Contents/Developer/Toolchains/XcodeDefault.xctoolchain/usr/lib/swift/iphonesimulator/prebuilt-modules/26.2/_DarwinFoundation3.swiftmodule/arm64-apple-ios-simulator.swiftmodule'
note: a dependency of Swift module '_DarwinFoundation2': '/Applications/Xcode.app/Contents/Developer/Toolchains/XcodeDefault.xctoolchain/usr/lib/swift/iphonesimulator/prebuilt-modules/26.2/_DarwinFoundation2.swiftmodule/arm64-apple-ios-simulator.swiftmodule'
note: a dependency of Swift module '_DarwinFoundation1': '/Applications/Xcode.app/Contents/Developer/Toolchains/XcodeDefault.xctoolchain/usr/lib/swift/iphonesimulator/prebuilt-modules/26.2/_DarwinFoundation1.swiftmodule/arm64-apple-ios-simulator.swiftmodule'
note: a dependency of Swift module '_Builtin_float': '/Applications/Xcode.app/Contents/Developer/Toolchains/XcodeDefault.xctoolchain/usr/lib/swift/iphonesimulator/prebuilt-modules/26.2/_Builtin_float.swiftmodule/arm64-apple-ios-simulator.swiftmodule'
note: a dependency of Swift module 'Swift': '/Applications/Xcode.app/Contents/Developer/Toolchains/XcodeDefault.xctoolchain/usr/lib/swift/iphonesimulator/prebuilt-modules/26.2/Swift.swiftmodule/arm64-apple-ios-simulator.swiftmodule'
note: a dependency of Swift module 'Darwin': '/Applications/Xcode.app/Contents/Developer/Toolchains/XcodeDefault.xctoolchain/usr/lib/swift/iphonesimulator/prebuilt-modules/26.2/Darwin.swiftmodule/arm64-apple-ios-simulator.swiftmodule'
note: a dependency of Swift module 'Combine': '/Applications/Xcode.app/Contents/Developer/Toolchains/XcodeDefault.xctoolchain/usr/lib/swift/iphonesimulator/prebuilt-modules/26.2/Combine.swiftmodule/arm64-apple-ios-simulator.swiftmodule'
note: a dependency of Swift module 'SwiftUI': '/Applications/Xcode.app/Contents/Developer/Toolchains/XcodeDefault.xctoolchain/usr/lib/swift/iphonesimulator/prebuilt-modules/26.2/SwiftUI.swiftmodule/arm64-apple-ios-simulator.swiftmodule'
note: a dependency of Swift module '_StringProcessing': '/Applications/Xcode.app/Contents/Developer/Toolchains/XcodeDefault.xctoolchain/usr/lib/swift/iphonesimulator/prebuilt-modules/26.2/_StringProcessing.swiftmodule/arm64-apple-ios-simulator.swiftmodule'
note: a dependency of Swift module '_Concurrency': '/Applications/Xcode.app/Contents/Developer/Toolchains/XcodeDefault.xctoolchain/usr/lib/swift/iphonesimulator/prebuilt-modules/26.2/_Concurrency.swiftmodule/arm64-apple-ios-simulator.swiftmodule'
note: a dependency of Swift module 'SwiftOnoneSupport': '/Applications/Xcode.app/Contents/Developer/Toolchains/XcodeDefault.xctoolchain/usr/lib/swift/iphonesimulator/prebuilt-modules/26.2/SwiftOnoneSupport.swiftmodule/arm64-apple-ios-simulator.swiftmodule'
note: a dependency of Swift module 'Swift': '/Applications/Xcode.app/Contents/Developer/Toolchains/XcodeDefault.xctoolchain/usr/lib/swift/iphonesimulator/prebuilt-modules/26.2/Swift.swiftmodule/arm64-apple-ios-simulator.swiftmodule'
note: a dependency of main module 'InkOS'
note: a dependency of Swift module 'Swift': '/Applications/Xcode.app/Contents/Developer/Toolchains/XcodeDefault.xctoolchain/usr/lib/swift/iphonesimulator/prebuilt-modules/26.2/Swift.swiftmodule/arm64-apple-ios-simulator.swiftmodule'
note: a dependency of Swift module '_DarwinFoundation2': '/Applications/Xcode.app/Contents/Developer/Toolchains/XcodeDefault.xctoolchain/usr/lib/swift/iphonesimulator/prebuilt-modules/26.2/_DarwinFoundation2.swiftmodule/arm64-apple-ios-simulator.swiftmodule'
note: a dependency of Swift module '_DarwinFoundation1': '/Applications/Xcode.app/Contents/Developer/Toolchains/XcodeDefault.xctoolchain/usr/lib/swift/iphonesimulator/prebuilt-modules/26.2/_DarwinFoundation1.swiftmodule/arm64-apple-ios-simulator.swiftmodule'
note: a dependency of Swift module '_Builtin_float': '/Applications/Xcode.app/Contents/Developer/Toolchains/XcodeDefault.xctoolchain/usr/lib/swift/iphonesimulator/prebuilt-modules/26.2/_Builtin_float.swiftmodule/arm64-apple-ios-simulator.swiftmodule'
note: a dependency of Swift module 'Swift': '/Applications/Xcode.app/Contents/Developer/Toolchains/XcodeDefault.xctoolchain/usr/lib/swift/iphonesimulator/prebuilt-modules/26.2/Swift.swiftmodule/arm64-apple-ios-simulator.swiftmodule'
note: a dependency of Swift module 'Darwin': '/Applications/Xcode.app/Contents/Developer/Toolchains/XcodeDefault.xctoolchain/usr/lib/swift/iphonesimulator/prebuilt-modules/26.2/Darwin.swiftmodule/arm64-apple-ios-simulator.swiftmodule'
note: a dependency of Swift module 'Combine': '/Applications/Xcode.app/Contents/Developer/Toolchains/XcodeDefault.xctoolchain/usr/lib/swift/iphonesimulator/prebuilt-modules/26.2/Combine.swiftmodule/arm64-apple-ios-simulator.swiftmodule'
note: a dependency of Swift module 'SwiftUI': '/Applications/Xcode.app/Contents/Developer/Toolchains/XcodeDefault.xctoolchain/usr/lib/swift/iphonesimulator/prebuilt-modules/26.2/SwiftUI.swiftmodule/arm64-apple-ios-simulator.swiftmodule'
note: a dependency of Swift module '_StringProcessing': '/Applications/Xcode.app/Contents/Developer/Toolchains/XcodeDefault.xctoolchain/usr/lib/swift/iphonesimulator/prebuilt-modules/26.2/_StringProcessing.swiftmodule/arm64-apple-ios-simulator.swiftmodule'
note: a dependency of Swift module '_Concurrency': '/Applications/Xcode.app/Contents/Developer/Toolchains/XcodeDefault.xctoolchain/usr/lib/swift/iphonesimulator/prebuilt-modules/26.2/_Concurrency.swiftmodule/arm64-apple-ios-simulator.swiftmodule'
note: a dependency of Swift module 'SwiftOnoneSupport': '/Applications/Xcode.app/Contents/Developer/Toolchains/XcodeDefault.xctoolchain/usr/lib/swift/iphonesimulator/prebuilt-modules/26.2/SwiftOnoneSupport.swiftmodule/arm64-apple-ios-simulator.swiftmodule'
note: a dependency of Swift module 'Swift': '/Applications/Xcode.app/Contents/Developer/Toolchains/XcodeDefault.xctoolchain/usr/lib/swift/iphonesimulator/prebuilt-modules/26.2/Swift.swiftmodule/arm64-apple-ios-simulator.swiftmodule'
note: a dependency of main module 'InkOS'
note: a dependency of Swift module 'Swift': '/Applications/Xcode.app/Contents/Developer/Toolchains/XcodeDefault.xctoolchain/usr/lib/swift/iphonesimulator/prebuilt-modules/26.2/Swift.swiftmodule/arm64-apple-ios-simulator.swiftmodule'
note: a dependency of Swift module '_DarwinFoundation1': '/Applications/Xcode.app/Contents/Developer/Toolchains/XcodeDefault.xctoolchain/usr/lib/swift/iphonesimulator/prebuilt-modules/26.2/_DarwinFoundation1.swiftmodule/arm64-apple-ios-simulator.swiftmodule'
note: a dependency of Swift module '_Builtin_float': '/Applications/Xcode.app/Contents/Developer/Toolchains/XcodeDefault.xctoolchain/usr/lib/swift/iphonesimulator/prebuilt-modules/26.2/_Builtin_float.swiftmodule/arm64-apple-ios-simulator.swiftmodule'
note: a dependency of Swift module 'Swift': '/Applications/Xcode.app/Contents/Developer/Toolchains/XcodeDefault.xctoolchain/usr/lib/swift/iphonesimulator/prebuilt-modules/26.2/Swift.swiftmodule/arm64-apple-ios-simulator.swiftmodule'
note: a dependency of Swift module 'Darwin': '/Applications/Xcode.app/Contents/Developer/Toolchains/XcodeDefault.xctoolchain/usr/lib/swift/iphonesimulator/prebuilt-modules/26.2/Darwin.swiftmodule/arm64-apple-ios-simulator.swiftmodule'
note: a dependency of Swift module 'Combine': '/Applications/Xcode.app/Contents/Developer/Toolchains/XcodeDefault.xctoolchain/usr/lib/swift/iphonesimulator/prebuilt-modules/26.2/Combine.swiftmodule/arm64-apple-ios-simulator.swiftmodule'
note: a dependency of Swift module 'SwiftUI': '/Applications/Xcode.app/Contents/Developer/Toolchains/XcodeDefault.xctoolchain/usr/lib/swift/iphonesimulator/prebuilt-modules/26.2/SwiftUI.swiftmodule/arm64-apple-ios-simulator.swiftmodule'
note: a dependency of Swift module '_StringProcessing': '/Applications/Xcode.app/Contents/Developer/Toolchains/XcodeDefault.xctoolchain/usr/lib/swift/iphonesimulator/prebuilt-modules/26.2/_StringProcessing.swiftmodule/arm64-apple-ios-simulator.swiftmodule'
note: a dependency of Swift module '_Concurrency': '/Applications/Xcode.app/Contents/Developer/Toolchains/XcodeDefault.xctoolchain/usr/lib/swift/iphonesimulator/prebuilt-modules/26.2/_Concurrency.swiftmodule/arm64-apple-ios-simulator.swiftmodule'
note: a dependency of Swift module 'SwiftOnoneSupport': '/Applications/Xcode.app/Contents/Developer/Toolchains/XcodeDefault.xctoolchain/usr/lib/swift/iphonesimulator/prebuilt-modules/26.2/SwiftOnoneSupport.swiftmodule/arm64-apple-ios-simulator.swiftmodule'
note: a dependency of Swift module 'Swift': '/Applications/Xcode.app/Contents/Developer/Toolchains/XcodeDefault.xctoolchain/usr/lib/swift/iphonesimulator/prebuilt-modules/26.2/Swift.swiftmodule/arm64-apple-ios-simulator.swiftmodule'
note: a dependency of main module 'InkOS'
note: a dependency of Swift module 'Swift': '/Applications/Xcode.app/Contents/Developer/Toolchains/XcodeDefault.xctoolchain/usr/lib/swift/iphonesimulator/prebuilt-modules/26.2/Swift.swiftmodule/arm64-apple-ios-simulator.swiftmodule'
note: a dependency of Swift module '_Builtin_float': '/Applications/Xcode.app/Contents/Developer/Toolchains/XcodeDefault.xctoolchain/usr/lib/swift/iphonesimulator/prebuilt-modules/26.2/_Builtin_float.swiftmodule/arm64-apple-ios-simulator.swiftmodule'
note: a dependency of Swift module 'Swift': '/Applications/Xcode.app/Contents/Developer/Toolchains/XcodeDefault.xctoolchain/usr/lib/swift/iphonesimulator/prebuilt-modules/26.2/Swift.swiftmodule/arm64-apple-ios-simulator.swiftmodule'
note: a dependency of Swift module 'Darwin': '/Applications/Xcode.app/Contents/Developer/Toolchains/XcodeDefault.xctoolchain/usr/lib/swift/iphonesimulator/prebuilt-modules/26.2/Darwin.swiftmodule/arm64-apple-ios-simulator.swiftmodule'
note: a dependency of Swift module 'Combine': '/Applications/Xcode.app/Contents/Developer/Toolchains/XcodeDefault.xctoolchain/usr/lib/swift/iphonesimulator/prebuilt-modules/26.2/Combine.swiftmodule/arm64-apple-ios-simulator.swiftmodule'
note: a dependency of Swift module 'SwiftUI': '/Applications/Xcode.app/Contents/Developer/Toolchains/XcodeDefault.xctoolchain/usr/lib/swift/iphonesimulator/prebuilt-modules/26.2/SwiftUI.swiftmodule/arm64-apple-ios-simulator.swiftmodule'
note: a dependency of Swift module '_StringProcessing': '/Applications/Xcode.app/Contents/Developer/Toolchains/XcodeDefault.xctoolchain/usr/lib/swift/iphonesimulator/prebuilt-modules/26.2/_StringProcessing.swiftmodule/arm64-apple-ios-simulator.swiftmodule'
note: a dependency of Swift module '_Concurrency': '/Applications/Xcode.app/Contents/Developer/Toolchains/XcodeDefault.xctoolchain/usr/lib/swift/iphonesimulator/prebuilt-modules/26.2/_Concurrency.swiftmodule/arm64-apple-ios-simulator.swiftmodule'
note: a dependency of Swift module 'SwiftOnoneSupport': '/Applications/Xcode.app/Contents/Developer/Toolchains/XcodeDefault.xctoolchain/usr/lib/swift/iphonesimulator/prebuilt-modules/26.2/SwiftOnoneSupport.swiftmodule/arm64-apple-ios-simulator.swiftmodule'
note: a dependency of Swift module 'Swift': '/Applications/Xcode.app/Contents/Developer/Toolchains/XcodeDefault.xctoolchain/usr/lib/swift/iphonesimulator/prebuilt-modules/26.2/Swift.swiftmodule/arm64-apple-ios-simulator.swiftmodule'
note: a dependency of main module 'InkOS'
note: a dependency of Swift module 'Swift': '/Applications/Xcode.app/Contents/Developer/Toolchains/XcodeDefault.xctoolchain/usr/lib/swift/iphonesimulator/prebuilt-modules/26.2/Swift.swiftmodule/arm64-apple-ios-simulator.swiftmodule'
note: a dependency of Swift module 'Darwin': '/Applications/Xcode.app/Contents/Developer/Toolchains/XcodeDefault.xctoolchain/usr/lib/swift/iphonesimulator/prebuilt-modules/26.2/Darwin.swiftmodule/arm64-apple-ios-simulator.swiftmodule'
note: a dependency of Swift module 'Combine': '/Applications/Xcode.app/Contents/Developer/Toolchains/XcodeDefault.xctoolchain/usr/lib/swift/iphonesimulator/prebuilt-modules/26.2/Combine.swiftmodule/arm64-apple-ios-simulator.swiftmodule'
note: a dependency of Swift module 'SwiftUI': '/Applications/Xcode.app/Contents/Developer/Toolchains/XcodeDefault.xctoolchain/usr/lib/swift/iphonesimulator/prebuilt-modules/26.2/SwiftUI.swiftmodule/arm64-apple-ios-simulator.swiftmodule'
note: a dependency of Swift module '_StringProcessing': '/Applications/Xcode.app/Contents/Developer/Toolchains/XcodeDefault.xctoolchain/usr/lib/swift/iphonesimulator/prebuilt-modules/26.2/_StringProcessing.swiftmodule/arm64-apple-ios-simulator.swiftmodule'
note: a dependency of Swift module '_Concurrency': '/Applications/Xcode.app/Contents/Developer/Toolchains/XcodeDefault.xctoolchain/usr/lib/swift/iphonesimulator/prebuilt-modules/26.2/_Concurrency.swiftmodule/arm64-apple-ios-simulator.swiftmodule'
note: a dependency of Swift module 'SwiftOnoneSupport': '/Applications/Xcode.app/Contents/Developer/Toolchains/XcodeDefault.xctoolchain/usr/lib/swift/iphonesimulator/prebuilt-modules/26.2/SwiftOnoneSupport.swiftmodule/arm64-apple-ios-simulator.swiftmodule'
note: a dependency of Swift module 'Swift': '/Applications/Xcode.app/Contents/Developer/Toolchains/XcodeDefault.xctoolchain/usr/lib/swift/iphonesimulator/prebuilt-modules/26.2/Swift.swiftmodule/arm64-apple-ios-simulator.swiftmodule'
note: a dependency of main module 'InkOS'
note: a dependency of Swift module 'Swift': '/Applications/Xcode.app/Contents/Developer/Toolchains/XcodeDefault.xctoolchain/usr/lib/swift/iphonesimulator/prebuilt-modules/26.2/Swift.swiftmodule/arm64-apple-ios-simulator.swiftmodule'
note: a dependency of Swift module '_StringProcessing': '/Applications/Xcode.app/Contents/Developer/Toolchains/XcodeDefault.xctoolchain/usr/lib/swift/iphonesimulator/prebuilt-modules/26.2/_StringProcessing.swiftmodule/arm64-apple-ios-simulator.swiftmodule'
note: a dependency of Swift module '_Concurrency': '/Applications/Xcode.app/Contents/Developer/Toolchains/XcodeDefault.xctoolchain/usr/lib/swift/iphonesimulator/prebuilt-modules/26.2/_Concurrency.swiftmodule/arm64-apple-ios-simulator.swiftmodule'
note: a dependency of Swift module 'SwiftOnoneSupport': '/Applications/Xcode.app/Contents/Developer/Toolchains/XcodeDefault.xctoolchain/usr/lib/swift/iphonesimulator/prebuilt-modules/26.2/SwiftOnoneSupport.swiftmodule/arm64-apple-ios-simulator.swiftmodule'
note: a dependency of Swift module 'Swift': '/Applications/Xcode.app/Contents/Developer/Toolchains/XcodeDefault.xctoolchain/usr/lib/swift/iphonesimulator/prebuilt-modules/26.2/Swift.swiftmodule/arm64-apple-ios-simulator.swiftmodule'
note: a dependency of main module 'InkOS'
note: a dependency of Swift module 'Swift': '/Applications/Xcode.app/Contents/Developer/Toolchains/XcodeDefault.xctoolchain/usr/lib/swift/iphonesimulator/prebuilt-modules/26.2/Swift.swiftmodule/arm64-apple-ios-simulator.swiftmodule'
note: a dependency of Swift module '_Concurrency': '/Applications/Xcode.app/Contents/Developer/Toolchains/XcodeDefault.xctoolchain/usr/lib/swift/iphonesimulator/prebuilt-modules/26.2/_Concurrency.swiftmodule/arm64-apple-ios-simulator.swiftmodule'
note: a dependency of Swift module 'SwiftOnoneSupport': '/Applications/Xcode.app/Contents/Developer/Toolchains/XcodeDefault.xctoolchain/usr/lib/swift/iphonesimulator/prebuilt-modules/26.2/SwiftOnoneSupport.swiftmodule/arm64-apple-ios-simulator.swiftmodule'
note: a dependency of Swift module 'Swift': '/Applications/Xcode.app/Contents/Developer/Toolchains/XcodeDefault.xctoolchain/usr/lib/swift/iphonesimulator/prebuilt-modules/26.2/Swift.swiftmodule/arm64-apple-ios-simulator.swiftmodule'
note: a dependency of main module 'InkOS'
note: a dependency of Swift module 'Swift': '/Applications/Xcode.app/Contents/Developer/Toolchains/XcodeDefault.xctoolchain/usr/lib/swift/iphonesimulator/prebuilt-modules/26.2/Swift.swiftmodule/arm64-apple-ios-simulator.swiftmodule'
note: a dependency of Swift module 'SwiftOnoneSupport': '/Applications/Xcode.app/Contents/Developer/Toolchains/XcodeDefault.xctoolchain/usr/lib/swift/iphonesimulator/prebuilt-modules/26.2/SwiftOnoneSupport.swiftmodule/arm64-apple-ios-simulator.swiftmodule'
note: a dependency of Swift module 'Swift': '/Applications/Xcode.app/Contents/Developer/Toolchains/XcodeDefault.xctoolchain/usr/lib/swift/iphonesimulator/prebuilt-modules/26.2/Swift.swiftmodule/arm64-apple-ios-simulator.swiftmodule'
note: a dependency of main module 'InkOS'
note: a dependency of Swift module 'Swift': '/Applications/Xcode.app/Contents/Developer/Toolchains/XcodeDefault.xctoolchain/usr/lib/swift/iphonesimulator/prebuilt-modules/26.2/Swift.swiftmodule/arm64-apple-ios-simulator.swiftmodule'
note: a dependency of main module 'InkOS'
error: Unable to find module dependency: 'SwiftShims'
note: a dependency of Swift module '_Concurrency': '/Applications/Xcode.app/Contents/Developer/Toolchains/XcodeDefault.xctoolchain/usr/lib/swift/iphonesimulator/prebuilt-modules/26.2/_Concurrency.swiftmodule/arm64-apple-ios-simulator.swiftmodule'
note: a dependency of Swift module 'QuartzCore': '/Applications/Xcode.app/Contents/Developer/Toolchains/XcodeDefault.xctoolchain/usr/lib/swift/iphonesimulator/prebuilt-modules/26.2/QuartzCore.swiftmodule/arm64-apple-ios-simulator.swiftmodule'
note: a dependency of Swift module 'DataDetection': '/Applications/Xcode.app/Contents/Developer/Toolchains/XcodeDefault.xctoolchain/usr/lib/swift/iphonesimulator/prebuilt-modules/26.2/DataDetection.swiftmodule/arm64-apple-ios-simulator.swiftmodule'
note: a dependency of Swift module 'CoreText': '/Applications/Xcode.app/Contents/Developer/Toolchains/XcodeDefault.xctoolchain/usr/lib/swift/iphonesimulator/prebuilt-modules/26.2/CoreText.swiftmodule/arm64-apple-ios-simulator.swiftmodule'
note: a dependency of Swift module 'UIKit': '/Applications/Xcode.app/Contents/Developer/Toolchains/XcodeDefault.xctoolchain/usr/lib/swift/iphonesimulator/prebuilt-modules/26.2/UIKit.swiftmodule/arm64-apple-ios-simulator.swiftmodule'
note: a dependency of Swift module 'Symbols': '/Applications/Xcode.app/Contents/Developer/Toolchains/XcodeDefault.xctoolchain/usr/lib/swift/iphonesimulator/prebuilt-modules/26.2/Symbols.swiftmodule/arm64-apple-ios-simulator.swiftmodule'
note: a dependency of Swift module 'Accessibility': '/Applications/Xcode.app/Contents/Developer/Toolchains/XcodeDefault.xctoolchain/usr/lib/swift/iphonesimulator/prebuilt-modules/26.2/Accessibility.swiftmodule/arm64-apple-ios-simulator.swiftmodule'
note: a dependency of Swift module 'SwiftUICore': '/Applications/Xcode.app/Contents/Developer/Toolchains/XcodeDefault.xctoolchain/usr/lib/swift/iphonesimulator/prebuilt-modules/26.2/SwiftUICore.swiftmodule/arm64-apple-ios-simulator.swiftmodule'
note: a dependency of Swift module 'Spatial': '/Applications/Xcode.app/Contents/Developer/Toolchains/XcodeDefault.xctoolchain/usr/lib/swift/iphonesimulator/prebuilt-modules/26.2/Spatial.swiftmodule/arm64-apple-ios-simulator.swiftmodule'
note: a dependency of Swift module 'OSLog': '/Applications/Xcode.app/Contents/Developer/Toolchains/XcodeDefault.xctoolchain/usr/lib/swift/iphonesimulator/prebuilt-modules/26.2/OSLog.swiftmodule/arm64-apple-ios-simulator.swiftmodule'
note: a dependency of Swift module 'DeveloperToolsSupport': '/Applications/Xcode.app/Contents/Developer/Toolchains/XcodeDefault.xctoolchain/usr/lib/swift/iphonesimulator/prebuilt-modules/26.2/DeveloperToolsSupport.swiftmodule/arm64-apple-ios-simulator.swiftmodule'
note: a dependency of Swift module 'UniformTypeIdentifiers': '/Applications/Xcode.app/Contents/Developer/Toolchains/XcodeDefault.xctoolchain/usr/lib/swift/iphonesimulator/prebuilt-modules/26.2/UniformTypeIdentifiers.swiftmodule/arm64-apple-ios-simulator.swiftmodule'
note: a dependency of Swift module 'CoreTransferable': '/Applications/Xcode.app/Contents/Developer/Toolchains/XcodeDefault.xctoolchain/usr/lib/swift/iphonesimulator/prebuilt-modules/26.2/CoreTransferable.swiftmodule/arm64-apple-ios-simulator.swiftmodule'
note: a dependency of Swift module 'CoreGraphics': '/Applications/Xcode.app/Contents/Developer/Toolchains/XcodeDefault.xctoolchain/usr/lib/swift/iphonesimulator/prebuilt-modules/26.2/CoreGraphics.swiftmodule/arm64-apple-ios-simulator.swiftmodule'
note: a dependency of Swift module '_Concurrency': '/Applications/Xcode.app/Contents/Developer/Toolchains/XcodeDefault.xctoolchain/usr/lib/swift/iphonesimulator/prebuilt-modules/26.2/_Concurrency.swiftmodule/arm64-apple-ios-simulator.swiftmodule'
note: a dependency of Swift module 'System': '/Applications/Xcode.app/Contents/Developer/Toolchains/XcodeDefault.xctoolchain/usr/lib/swift/iphonesimulator/prebuilt-modules/26.2/System.swiftmodule/arm64-apple-ios-simulator.swiftmodule'
note: a dependency of Swift module 'Observation': '/Applications/Xcode.app/Contents/Developer/Toolchains/XcodeDefault.xctoolchain/usr/lib/swift/iphonesimulator/prebuilt-modules/26.2/Observation.swiftmodule/arm64-apple-ios-simulator.swiftmodule'
note: a dependency of Swift module 'ObjectiveC': '/Applications/Xcode.app/Contents/Developer/Toolchains/XcodeDefault.xctoolchain/usr/lib/swift/iphonesimulator/prebuilt-modules/26.2/ObjectiveC.swiftmodule/arm64-apple-ios-simulator.swiftmodule'
note: a dependency of Swift module 'Dispatch': '/Applications/Xcode.app/Contents/Developer/Toolchains/XcodeDefault.xctoolchain/usr/lib/swift/iphonesimulator/prebuilt-modules/26.2/Dispatch.swiftmodule/arm64-apple-ios-simulator.swiftmodule'
note: a dependency of Swift module 'CoreFoundation': '/Applications/Xcode.app/Contents/Developer/Toolchains/XcodeDefault.xctoolchain/usr/lib/swift/iphonesimulator/prebuilt-modules/26.2/CoreFoundation.swiftmodule/arm64-apple-ios-simulator.swiftmodule'
note: a dependency of Swift module 'Foundation': '/Applications/Xcode.app/Contents/Developer/Toolchains/XcodeDefault.xctoolchain/usr/lib/swift/iphonesimulator/prebuilt-modules/26.2/Foundation.swiftmodule/arm64-apple-ios-simulator.swiftmodule'
note: a dependency of Swift module 'CoreData': '/Applications/Xcode.app/Contents/Developer/Toolchains/XcodeDefault.xctoolchain/usr/lib/swift/iphonesimulator/prebuilt-modules/26.2/CoreData.swiftmodule/arm64-apple-ios-simulator.swiftmodule'
note: a dependency of Swift module 'Combine': '/Applications/Xcode.app/Contents/Developer/Toolchains/XcodeDefault.xctoolchain/usr/lib/swift/iphonesimulator/prebuilt-modules/26.2/Combine.swiftmodule/arm64-apple-ios-simulator.swiftmodule'
note: a dependency of Swift module 'SwiftUI': '/Applications/Xcode.app/Contents/Developer/Toolchains/XcodeDefault.xctoolchain/usr/lib/swift/iphonesimulator/prebuilt-modules/26.2/SwiftUI.swiftmodule/arm64-apple-ios-simulator.swiftmodule'
note: a dependency of Swift module '_Concurrency': '/Applications/Xcode.app/Contents/Developer/Toolchains/XcodeDefault.xctoolchain/usr/lib/swift/iphonesimulator/prebuilt-modules/26.2/_Concurrency.swiftmodule/arm64-apple-ios-simulator.swiftmodule'
note: a dependency of main module 'InkOS'
note: a dependency of Swift module '_Concurrency': '/Applications/Xcode.app/Contents/Developer/Toolchains/XcodeDefault.xctoolchain/usr/lib/swift/iphonesimulator/prebuilt-modules/26.2/_Concurrency.swiftmodule/arm64-apple-ios-simulator.swiftmodule'
note: a dependency of Swift module 'QuartzCore': '/Applications/Xcode.app/Contents/Developer/Toolchains/XcodeDefault.xctoolchain/usr/lib/swift/iphonesimulator/prebuilt-modules/26.2/QuartzCore.swiftmodule/arm64-apple-ios-simulator.swiftmodule'
note: a dependency of Swift module 'DataDetection': '/Applications/Xcode.app/Contents/Developer/Toolchains/XcodeDefault.xctoolchain/usr/lib/swift/iphonesimulator/prebuilt-modules/26.2/DataDetection.swiftmodule/arm64-apple-ios-simulator.swiftmodule'
note: a dependency of Swift module 'CoreText': '/Applications/Xcode.app/Contents/Developer/Toolchains/XcodeDefault.xctoolchain/usr/lib/swift/iphonesimulator/prebuilt-modules/26.2/CoreText.swiftmodule/arm64-apple-ios-simulator.swiftmodule'
note: a dependency of Swift module 'UIKit': '/Applications/Xcode.app/Contents/Developer/Toolchains/XcodeDefault.xctoolchain/usr/lib/swift/iphonesimulator/prebuilt-modules/26.2/UIKit.swiftmodule/arm64-apple-ios-simulator.swiftmodule'
note: a dependency of Swift module 'Symbols': '/Applications/Xcode.app/Contents/Developer/Toolchains/XcodeDefault.xctoolchain/usr/lib/swift/iphonesimulator/prebuilt-modules/26.2/Symbols.swiftmodule/arm64-apple-ios-simulator.swiftmodule'
note: a dependency of Swift module 'Accessibility': '/Applications/Xcode.app/Contents/Developer/Toolchains/XcodeDefault.xctoolchain/usr/lib/swift/iphonesimulator/prebuilt-modules/26.2/Accessibility.swiftmodule/arm64-apple-ios-simulator.swiftmodule'
note: a dependency of Swift module 'SwiftUICore': '/Applications/Xcode.app/Contents/Developer/Toolchains/XcodeDefault.xctoolchain/usr/lib/swift/iphonesimulator/prebuilt-modules/26.2/SwiftUICore.swiftmodule/arm64-apple-ios-simulator.swiftmodule'
note: a dependency of Swift module 'Spatial': '/Applications/Xcode.app/Contents/Developer/Toolchains/XcodeDefault.xctoolchain/usr/lib/swift/iphonesimulator/prebuilt-modules/26.2/Spatial.swiftmodule/arm64-apple-ios-simulator.swiftmodule'
note: a dependency of Swift module 'OSLog': '/Applications/Xcode.app/Contents/Developer/Toolchains/XcodeDefault.xctoolchain/usr/lib/swift/iphonesimulator/prebuilt-modules/26.2/OSLog.swiftmodule/arm64-apple-ios-simulator.swiftmodule'
note: a dependency of Swift module 'DeveloperToolsSupport': '/Applications/Xcode.app/Contents/Developer/Toolchains/XcodeDefault.xctoolchain/usr/lib/swift/iphonesimulator/prebuilt-modules/26.2/DeveloperToolsSupport.swiftmodule/arm64-apple-ios-simulator.swiftmodule'
note: a dependency of Swift module 'UniformTypeIdentifiers': '/Applications/Xcode.app/Contents/Developer/Toolchains/XcodeDefault.xctoolchain/usr/lib/swift/iphonesimulator/prebuilt-modules/26.2/UniformTypeIdentifiers.swiftmodule/arm64-apple-ios-simulator.swiftmodule'
note: a dependency of Swift module 'CoreTransferable': '/Applications/Xcode.app/Contents/Developer/Toolchains/XcodeDefault.xctoolchain/usr/lib/swift/iphonesimulator/prebuilt-modules/26.2/CoreTransferable.swiftmodule/arm64-apple-ios-simulator.swiftmodule'
note: a dependency of Swift module 'CoreGraphics': '/Applications/Xcode.app/Contents/Developer/Toolchains/XcodeDefault.xctoolchain/usr/lib/swift/iphonesimulator/prebuilt-modules/26.2/CoreGraphics.swiftmodule/arm64-apple-ios-simulator.swiftmodule'
note: a dependency of Swift module '_Concurrency': '/Applications/Xcode.app/Contents/Developer/Toolchains/XcodeDefault.xctoolchain/usr/lib/swift/iphonesimulator/prebuilt-modules/26.2/_Concurrency.swiftmodule/arm64-apple-ios-simulator.swiftmodule'
note: a dependency of Swift module 'System': '/Applications/Xcode.app/Contents/Developer/Toolchains/XcodeDefault.xctoolchain/usr/lib/swift/iphonesimulator/prebuilt-modules/26.2/System.swiftmodule/arm64-apple-ios-simulator.swiftmodule'
note: a dependency of Swift module 'Observation': '/Applications/Xcode.app/Contents/Developer/Toolchains/XcodeDefault.xctoolchain/usr/lib/swift/iphonesimulator/prebuilt-modules/26.2/Observation.swiftmodule/arm64-apple-ios-simulator.swiftmodule'
note: a dependency of Swift module 'ObjectiveC': '/Applications/Xcode.app/Contents/Developer/Toolchains/XcodeDefault.xctoolchain/usr/lib/swift/iphonesimulator/prebuilt-modules/26.2/ObjectiveC.swiftmodule/arm64-apple-ios-simulator.swiftmodule'
note: a dependency of Swift module 'Dispatch': '/Applications/Xcode.app/Contents/Developer/Toolchains/XcodeDefault.xctoolchain/usr/lib/swift/iphonesimulator/prebuilt-modules/26.2/Dispatch.swiftmodule/arm64-apple-ios-simulator.swiftmodule'
note: a dependency of Swift module 'CoreFoundation': '/Applications/Xcode.app/Contents/Developer/Toolchains/XcodeDefault.xctoolchain/usr/lib/swift/iphonesimulator/prebuilt-modules/26.2/CoreFoundation.swiftmodule/arm64-apple-ios-simulator.swiftmodule'
note: a dependency of Swift module 'Foundation': '/Applications/Xcode.app/Contents/Developer/Toolchains/XcodeDefault.xctoolchain/usr/lib/swift/iphonesimulator/prebuilt-modules/26.2/Foundation.swiftmodule/arm64-apple-ios-simulator.swiftmodule'
note: a dependency of Swift module 'CoreData': '/Applications/Xcode.app/Contents/Developer/Toolchains/XcodeDefault.xctoolchain/usr/lib/swift/iphonesimulator/prebuilt-modules/26.2/CoreData.swiftmodule/arm64-apple-ios-simulator.swiftmodule'
note: a dependency of Swift module 'Combine': '/Applications/Xcode.app/Contents/Developer/Toolchains/XcodeDefault.xctoolchain/usr/lib/swift/iphonesimulator/prebuilt-modules/26.2/Combine.swiftmodule/arm64-apple-ios-simulator.swiftmodule'
note: a dependency of Swift module 'SwiftUI': '/Applications/Xcode.app/Contents/Developer/Toolchains/XcodeDefault.xctoolchain/usr/lib/swift/iphonesimulator/prebuilt-modules/26.2/SwiftUI.swiftmodule/arm64-apple-ios-simulator.swiftmodule'
note: a dependency of Swift module '_Concurrency': '/Applications/Xcode.app/Contents/Developer/Toolchains/XcodeDefault.xctoolchain/usr/lib/swift/iphonesimulator/prebuilt-modules/26.2/_Concurrency.swiftmodule/arm64-apple-ios-simulator.swiftmodule'
note: a dependency of main module 'InkOS'
note: a dependency of Swift module '_Concurrency': '/Applications/Xcode.app/Contents/Developer/Toolchains/XcodeDefault.xctoolchain/usr/lib/swift/iphonesimulator/prebuilt-modules/26.2/_Concurrency.swiftmodule/arm64-apple-ios-simulator.swiftmodule'
note: a dependency of Swift module 'QuartzCore': '/Applications/Xcode.app/Contents/Developer/Toolchains/XcodeDefault.xctoolchain/usr/lib/swift/iphonesimulator/prebuilt-modules/26.2/QuartzCore.swiftmodule/arm64-apple-ios-simulator.swiftmodule'
note: a dependency of Swift module 'DataDetection': '/Applications/Xcode.app/Contents/Developer/Toolchains/XcodeDefault.xctoolchain/usr/lib/swift/iphonesimulator/prebuilt-modules/26.2/DataDetection.swiftmodule/arm64-apple-ios-simulator.swiftmodule'
note: a dependency of Swift module 'CoreText': '/Applications/Xcode.app/Contents/Developer/Toolchains/XcodeDefault.xctoolchain/usr/lib/swift/iphonesimulator/prebuilt-modules/26.2/CoreText.swiftmodule/arm64-apple-ios-simulator.swiftmodule'
note: a dependency of Swift module 'UIKit': '/Applications/Xcode.app/Contents/Developer/Toolchains/XcodeDefault.xctoolchain/usr/lib/swift/iphonesimulator/prebuilt-modules/26.2/UIKit.swiftmodule/arm64-apple-ios-simulator.swiftmodule'
note: a dependency of Swift module 'Symbols': '/Applications/Xcode.app/Contents/Developer/Toolchains/XcodeDefault.xctoolchain/usr/lib/swift/iphonesimulator/prebuilt-modules/26.2/Symbols.swiftmodule/arm64-apple-ios-simulator.swiftmodule'
note: a dependency of Swift module 'Accessibility': '/Applications/Xcode.app/Contents/Developer/Toolchains/XcodeDefault.xctoolchain/usr/lib/swift/iphonesimulator/prebuilt-modules/26.2/Accessibility.swiftmodule/arm64-apple-ios-simulator.swiftmodule'
note: a dependency of Swift module 'SwiftUICore': '/Applications/Xcode.app/Contents/Developer/Toolchains/XcodeDefault.xctoolchain/usr/lib/swift/iphonesimulator/prebuilt-modules/26.2/SwiftUICore.swiftmodule/arm64-apple-ios-simulator.swiftmodule'
note: a dependency of Swift module 'Spatial': '/Applications/Xcode.app/Contents/Developer/Toolchains/XcodeDefault.xctoolchain/usr/lib/swift/iphonesimulator/prebuilt-modules/26.2/Spatial.swiftmodule/arm64-apple-ios-simulator.swiftmodule'
note: a dependency of Swift module 'OSLog': '/Applications/Xcode.app/Contents/Developer/Toolchains/XcodeDefault.xctoolchain/usr/lib/swift/iphonesimulator/prebuilt-modules/26.2/OSLog.swiftmodule/arm64-apple-ios-simulator.swiftmodule'
note: a dependency of Swift module 'DeveloperToolsSupport': '/Applications/Xcode.app/Contents/Developer/Toolchains/XcodeDefault.xctoolchain/usr/lib/swift/iphonesimulator/prebuilt-modules/26.2/DeveloperToolsSupport.swiftmodule/arm64-apple-ios-simulator.swiftmodule'
note: a dependency of Swift module 'UniformTypeIdentifiers': '/Applications/Xcode.app/Contents/Developer/Toolchains/XcodeDefault.xctoolchain/usr/lib/swift/iphonesimulator/prebuilt-modules/26.2/UniformTypeIdentifiers.swiftmodule/arm64-apple-ios-simulator.swiftmodule'
note: a dependency of Swift module 'CoreTransferable': '/Applications/Xcode.app/Contents/Developer/Toolchains/XcodeDefault.xctoolchain/usr/lib/swift/iphonesimulator/prebuilt-modules/26.2/CoreTransferable.swiftmodule/arm64-apple-ios-simulator.swiftmodule'
note: a dependency of Swift module 'CoreGraphics': '/Applications/Xcode.app/Contents/Developer/Toolchains/XcodeDefault.xctoolchain/usr/lib/swift/iphonesimulator/prebuilt-modules/26.2/CoreGraphics.swiftmodule/arm64-apple-ios-simulator.swiftmodule'
note: a dependency of Swift module '_Concurrency': '/Applications/Xcode.app/Contents/Developer/Toolchains/XcodeDefault.xctoolchain/usr/lib/swift/iphonesimulator/prebuilt-modules/26.2/_Concurrency.swiftmodule/arm64-apple-ios-simulator.swiftmodule'
note: a dependency of Swift module 'System': '/Applications/Xcode.app/Contents/Developer/Toolchains/XcodeDefault.xctoolchain/usr/lib/swift/iphonesimulator/prebuilt-modules/26.2/System.swiftmodule/arm64-apple-ios-simulator.swiftmodule'
note: a dependency of Swift module 'Observation': '/Applications/Xcode.app/Contents/Developer/Toolchains/XcodeDefault.xctoolchain/usr/lib/swift/iphonesimulator/prebuilt-modules/26.2/Observation.swiftmodule/arm64-apple-ios-simulator.swiftmodule'
note: a dependency of Swift module 'ObjectiveC': '/Applications/Xcode.app/Contents/Developer/Toolchains/XcodeDefault.xctoolchain/usr/lib/swift/iphonesimulator/prebuilt-modules/26.2/ObjectiveC.swiftmodule/arm64-apple-ios-simulator.swiftmodule'
note: a dependency of Swift module 'Dispatch': '/Applications/Xcode.app/Contents/Developer/Toolchains/XcodeDefault.xctoolchain/usr/lib/swift/iphonesimulator/prebuilt-modules/26.2/Dispatch.swiftmodule/arm64-apple-ios-simulator.swiftmodule'
note: a dependency of Swift module 'CoreFoundation': '/Applications/Xcode.app/Contents/Developer/Toolchains/XcodeDefault.xctoolchain/usr/lib/swift/iphonesimulator/prebuilt-modules/26.2/CoreFoundation.swiftmodule/arm64-apple-ios-simulator.swiftmodule'
note: a dependency of Swift module 'Foundation': '/Applications/Xcode.app/Contents/Developer/Toolchains/XcodeDefault.xctoolchain/usr/lib/swift/iphonesimulator/prebuilt-modules/26.2/Foundation.swiftmodule/arm64-apple-ios-simulator.swiftmodule'
note: a dependency of Swift module 'CoreData': '/Applications/Xcode.app/Contents/Developer/Toolchains/XcodeDefault.xctoolchain/usr/lib/swift/iphonesimulator/prebuilt-modules/26.2/CoreData.swiftmodule/arm64-apple-ios-simulator.swiftmodule'
note: a dependency of Swift module 'Combine': '/Applications/Xcode.app/Contents/Developer/Toolchains/XcodeDefault.xctoolchain/usr/lib/swift/iphonesimulator/prebuilt-modules/26.2/Combine.swiftmodule/arm64-apple-ios-simulator.swiftmodule'
note: a dependency of Swift module 'SwiftUI': '/Applications/Xcode.app/Contents/Developer/Toolchains/XcodeDefault.xctoolchain/usr/lib/swift/iphonesimulator/prebuilt-modules/26.2/SwiftUI.swiftmodule/arm64-apple-ios-simulator.swiftmodule'
note: a dependency of Swift module '_Concurrency': '/Applications/Xcode.app/Contents/Developer/Toolchains/XcodeDefault.xctoolchain/usr/lib/swift/iphonesimulator/prebuilt-modules/26.2/_Concurrency.swiftmodule/arm64-apple-ios-simulator.swiftmodule'
note: a dependency of main module 'InkOS'
note: a dependency of Swift module '_Concurrency': '/Applications/Xcode.app/Contents/Developer/Toolchains/XcodeDefault.xctoolchain/usr/lib/swift/iphonesimulator/prebuilt-modules/26.2/_Concurrency.swiftmodule/arm64-apple-ios-simulator.swiftmodule'
note: a dependency of Swift module 'DataDetection': '/Applications/Xcode.app/Contents/Developer/Toolchains/XcodeDefault.xctoolchain/usr/lib/swift/iphonesimulator/prebuilt-modules/26.2/DataDetection.swiftmodule/arm64-apple-ios-simulator.swiftmodule'
note: a dependency of Swift module 'CoreText': '/Applications/Xcode.app/Contents/Developer/Toolchains/XcodeDefault.xctoolchain/usr/lib/swift/iphonesimulator/prebuilt-modules/26.2/CoreText.swiftmodule/arm64-apple-ios-simulator.swiftmodule'
note: a dependency of Swift module 'UIKit': '/Applications/Xcode.app/Contents/Developer/Toolchains/XcodeDefault.xctoolchain/usr/lib/swift/iphonesimulator/prebuilt-modules/26.2/UIKit.swiftmodule/arm64-apple-ios-simulator.swiftmodule'
note: a dependency of Swift module 'Symbols': '/Applications/Xcode.app/Contents/Developer/Toolchains/XcodeDefault.xctoolchain/usr/lib/swift/iphonesimulator/prebuilt-modules/26.2/Symbols.swiftmodule/arm64-apple-ios-simulator.swiftmodule'
note: a dependency of Swift module 'Accessibility': '/Applications/Xcode.app/Contents/Developer/Toolchains/XcodeDefault.xctoolchain/usr/lib/swift/iphonesimulator/prebuilt-modules/26.2/Accessibility.swiftmodule/arm64-apple-ios-simulator.swiftmodule'
note: a dependency of Swift module 'SwiftUICore': '/Applications/Xcode.app/Contents/Developer/Toolchains/XcodeDefault.xctoolchain/usr/lib/swift/iphonesimulator/prebuilt-modules/26.2/SwiftUICore.swiftmodule/arm64-apple-ios-simulator.swiftmodule'
note: a dependency of Swift module 'Spatial': '/Applications/Xcode.app/Contents/Developer/Toolchains/XcodeDefault.xctoolchain/usr/lib/swift/iphonesimulator/prebuilt-modules/26.2/Spatial.swiftmodule/arm64-apple-ios-simulator.swiftmodule'
note: a dependency of Swift module 'OSLog': '/Applications/Xcode.app/Contents/Developer/Toolchains/XcodeDefault.xctoolchain/usr/lib/swift/iphonesimulator/prebuilt-modules/26.2/OSLog.swiftmodule/arm64-apple-ios-simulator.swiftmodule'
note: a dependency of Swift module 'DeveloperToolsSupport': '/Applications/Xcode.app/Contents/Developer/Toolchains/XcodeDefault.xctoolchain/usr/lib/swift/iphonesimulator/prebuilt-modules/26.2/DeveloperToolsSupport.swiftmodule/arm64-apple-ios-simulator.swiftmodule'
note: a dependency of Swift module 'UniformTypeIdentifiers': '/Applications/Xcode.app/Contents/Developer/Toolchains/XcodeDefault.xctoolchain/usr/lib/swift/iphonesimulator/prebuilt-modules/26.2/UniformTypeIdentifiers.swiftmodule/arm64-apple-ios-simulator.swiftmodule'
note: a dependency of Swift module 'CoreTransferable': '/Applications/Xcode.app/Contents/Developer/Toolchains/XcodeDefault.xctoolchain/usr/lib/swift/iphonesimulator/prebuilt-modules/26.2/CoreTransferable.swiftmodule/arm64-apple-ios-simulator.swiftmodule'
note: a dependency of Swift module 'CoreGraphics': '/Applications/Xcode.app/Contents/Developer/Toolchains/XcodeDefault.xctoolchain/usr/lib/swift/iphonesimulator/prebuilt-modules/26.2/CoreGraphics.swiftmodule/arm64-apple-ios-simulator.swiftmodule'
note: a dependency of Swift module '_Concurrency': '/Applications/Xcode.app/Contents/Developer/Toolchains/XcodeDefault.xctoolchain/usr/lib/swift/iphonesimulator/prebuilt-modules/26.2/_Concurrency.swiftmodule/arm64-apple-ios-simulator.swiftmodule'
note: a dependency of Swift module 'System': '/Applications/Xcode.app/Contents/Developer/Toolchains/XcodeDefault.xctoolchain/usr/lib/swift/iphonesimulator/prebuilt-modules/26.2/System.swiftmodule/arm64-apple-ios-simulator.swiftmodule'
note: a dependency of Swift module 'Observation': '/Applications/Xcode.app/Contents/Developer/Toolchains/XcodeDefault.xctoolchain/usr/lib/swift/iphonesimulator/prebuilt-modules/26.2/Observation.swiftmodule/arm64-apple-ios-simulator.swiftmodule'
note: a dependency of Swift module 'ObjectiveC': '/Applications/Xcode.app/Contents/Developer/Toolchains/XcodeDefault.xctoolchain/usr/lib/swift/iphonesimulator/prebuilt-modules/26.2/ObjectiveC.swiftmodule/arm64-apple-ios-simulator.swiftmodule'
note: a dependency of Swift module 'Dispatch': '/Applications/Xcode.app/Contents/Developer/Toolchains/XcodeDefault.xctoolchain/usr/lib/swift/iphonesimulator/prebuilt-modules/26.2/Dispatch.swiftmodule/arm64-apple-ios-simulator.swiftmodule'
note: a dependency of Swift module 'CoreFoundation': '/Applications/Xcode.app/Contents/Developer/Toolchains/XcodeDefault.xctoolchain/usr/lib/swift/iphonesimulator/prebuilt-modules/26.2/CoreFoundation.swiftmodule/arm64-apple-ios-simulator.swiftmodule'
note: a dependency of Swift module 'Foundation': '/Applications/Xcode.app/Contents/Developer/Toolchains/XcodeDefault.xctoolchain/usr/lib/swift/iphonesimulator/prebuilt-modules/26.2/Foundation.swiftmodule/arm64-apple-ios-simulator.swiftmodule'
note: a dependency of Swift module 'CoreData': '/Applications/Xcode.app/Contents/Developer/Toolchains/XcodeDefault.xctoolchain/usr/lib/swift/iphonesimulator/prebuilt-modules/26.2/CoreData.swiftmodule/arm64-apple-ios-simulator.swiftmodule'
note: a dependency of Swift module 'Combine': '/Applications/Xcode.app/Contents/Developer/Toolchains/XcodeDefault.xctoolchain/usr/lib/swift/iphonesimulator/prebuilt-modules/26.2/Combine.swiftmodule/arm64-apple-ios-simulator.swiftmodule'
note: a dependency of Swift module 'SwiftUI': '/Applications/Xcode.app/Contents/Developer/Toolchains/XcodeDefault.xctoolchain/usr/lib/swift/iphonesimulator/prebuilt-modules/26.2/SwiftUI.swiftmodule/arm64-apple-ios-simulator.swiftmodule'
note: a dependency of Swift module '_Concurrency': '/Applications/Xcode.app/Contents/Developer/Toolchains/XcodeDefault.xctoolchain/usr/lib/swift/iphonesimulator/prebuilt-modules/26.2/_Concurrency.swiftmodule/arm64-apple-ios-simulator.swiftmodule'
note: a dependency of main module 'InkOS'
note: a dependency of Swift module '_Concurrency': '/Applications/Xcode.app/Contents/Developer/Toolchains/XcodeDefault.xctoolchain/usr/lib/swift/iphonesimulator/prebuilt-modules/26.2/_Concurrency.swiftmodule/arm64-apple-ios-simulator.swiftmodule'
note: a dependency of Swift module 'CoreText': '/Applications/Xcode.app/Contents/Developer/Toolchains/XcodeDefault.xctoolchain/usr/lib/swift/iphonesimulator/prebuilt-modules/26.2/CoreText.swiftmodule/arm64-apple-ios-simulator.swiftmodule'
note: a dependency of Swift module 'UIKit': '/Applications/Xcode.app/Contents/Developer/Toolchains/XcodeDefault.xctoolchain/usr/lib/swift/iphonesimulator/prebuilt-modules/26.2/UIKit.swiftmodule/arm64-apple-ios-simulator.swiftmodule'
note: a dependency of Swift module 'Symbols': '/Applications/Xcode.app/Contents/Developer/Toolchains/XcodeDefault.xctoolchain/usr/lib/swift/iphonesimulator/prebuilt-modules/26.2/Symbols.swiftmodule/arm64-apple-ios-simulator.swiftmodule'
note: a dependency of Swift module 'Accessibility': '/Applications/Xcode.app/Contents/Developer/Toolchains/XcodeDefault.xctoolchain/usr/lib/swift/iphonesimulator/prebuilt-modules/26.2/Accessibility.swiftmodule/arm64-apple-ios-simulator.swiftmodule'
note: a dependency of Swift module 'SwiftUICore': '/Applications/Xcode.app/Contents/Developer/Toolchains/XcodeDefault.xctoolchain/usr/lib/swift/iphonesimulator/prebuilt-modules/26.2/SwiftUICore.swiftmodule/arm64-apple-ios-simulator.swiftmodule'
note: a dependency of Swift module 'Spatial': '/Applications/Xcode.app/Contents/Developer/Toolchains/XcodeDefault.xctoolchain/usr/lib/swift/iphonesimulator/prebuilt-modules/26.2/Spatial.swiftmodule/arm64-apple-ios-simulator.swiftmodule'
note: a dependency of Swift module 'OSLog': '/Applications/Xcode.app/Contents/Developer/Toolchains/XcodeDefault.xctoolchain/usr/lib/swift/iphonesimulator/prebuilt-modules/26.2/OSLog.swiftmodule/arm64-apple-ios-simulator.swiftmodule'
note: a dependency of Swift module 'DeveloperToolsSupport': '/Applications/Xcode.app/Contents/Developer/Toolchains/XcodeDefault.xctoolchain/usr/lib/swift/iphonesimulator/prebuilt-modules/26.2/DeveloperToolsSupport.swiftmodule/arm64-apple-ios-simulator.swiftmodule'
note: a dependency of Swift module 'UniformTypeIdentifiers': '/Applications/Xcode.app/Contents/Developer/Toolchains/XcodeDefault.xctoolchain/usr/lib/swift/iphonesimulator/prebuilt-modules/26.2/UniformTypeIdentifiers.swiftmodule/arm64-apple-ios-simulator.swiftmodule'
note: a dependency of Swift module 'CoreTransferable': '/Applications/Xcode.app/Contents/Developer/Toolchains/XcodeDefault.xctoolchain/usr/lib/swift/iphonesimulator/prebuilt-modules/26.2/CoreTransferable.swiftmodule/arm64-apple-ios-simulator.swiftmodule'
note: a dependency of Swift module 'CoreGraphics': '/Applications/Xcode.app/Contents/Developer/Toolchains/XcodeDefault.xctoolchain/usr/lib/swift/iphonesimulator/prebuilt-modules/26.2/CoreGraphics.swiftmodule/arm64-apple-ios-simulator.swiftmodule'
note: a dependency of Swift module '_Concurrency': '/Applications/Xcode.app/Contents/Developer/Toolchains/XcodeDefault.xctoolchain/usr/lib/swift/iphonesimulator/prebuilt-modules/26.2/_Concurrency.swiftmodule/arm64-apple-ios-simulator.swiftmodule'
note: a dependency of Swift module 'System': '/Applications/Xcode.app/Contents/Developer/Toolchains/XcodeDefault.xctoolchain/usr/lib/swift/iphonesimulator/prebuilt-modules/26.2/System.swiftmodule/arm64-apple-ios-simulator.swiftmodule'
note: a dependency of Swift module 'Observation': '/Applications/Xcode.app/Contents/Developer/Toolchains/XcodeDefault.xctoolchain/usr/lib/swift/iphonesimulator/prebuilt-modules/26.2/Observation.swiftmodule/arm64-apple-ios-simulator.swiftmodule'
note: a dependency of Swift module 'ObjectiveC': '/Applications/Xcode.app/Contents/Developer/Toolchains/XcodeDefault.xctoolchain/usr/lib/swift/iphonesimulator/prebuilt-modules/26.2/ObjectiveC.swiftmodule/arm64-apple-ios-simulator.swiftmodule'
note: a dependency of Swift module 'Dispatch': '/Applications/Xcode.app/Contents/Developer/Toolchains/XcodeDefault.xctoolchain/usr/lib/swift/iphonesimulator/prebuilt-modules/26.2/Dispatch.swiftmodule/arm64-apple-ios-simulator.swiftmodule'
note: a dependency of Swift module 'CoreFoundation': '/Applications/Xcode.app/Contents/Developer/Toolchains/XcodeDefault.xctoolchain/usr/lib/swift/iphonesimulator/prebuilt-modules/26.2/CoreFoundation.swiftmodule/arm64-apple-ios-simulator.swiftmodule'
note: a dependency of Swift module 'Foundation': '/Applications/Xcode.app/Contents/Developer/Toolchains/XcodeDefault.xctoolchain/usr/lib/swift/iphonesimulator/prebuilt-modules/26.2/Foundation.swiftmodule/arm64-apple-ios-simulator.swiftmodule'
note: a dependency of Swift module 'CoreData': '/Applications/Xcode.app/Contents/Developer/Toolchains/XcodeDefault.xctoolchain/usr/lib/swift/iphonesimulator/prebuilt-modules/26.2/CoreData.swiftmodule/arm64-apple-ios-simulator.swiftmodule'
note: a dependency of Swift module 'Combine': '/Applications/Xcode.app/Contents/Developer/Toolchains/XcodeDefault.xctoolchain/usr/lib/swift/iphonesimulator/prebuilt-modules/26.2/Combine.swiftmodule/arm64-apple-ios-simulator.swiftmodule'
note: a dependency of Swift module 'SwiftUI': '/Applications/Xcode.app/Contents/Developer/Toolchains/XcodeDefault.xctoolchain/usr/lib/swift/iphonesimulator/prebuilt-modules/26.2/SwiftUI.swiftmodule/arm64-apple-ios-simulator.swiftmodule'
note: a dependency of Swift module '_Concurrency': '/Applications/Xcode.app/Contents/Developer/Toolchains/XcodeDefault.xctoolchain/usr/lib/swift/iphonesimulator/prebuilt-modules/26.2/_Concurrency.swiftmodule/arm64-apple-ios-simulator.swiftmodule'
note: a dependency of main module 'InkOS'
note: a dependency of Swift module '_Concurrency': '/Applications/Xcode.app/Contents/Developer/Toolchains/XcodeDefault.xctoolchain/usr/lib/swift/iphonesimulator/prebuilt-modules/26.2/_Concurrency.swiftmodule/arm64-apple-ios-simulator.swiftmodule'
note: a dependency of Swift module 'Symbols': '/Applications/Xcode.app/Contents/Developer/Toolchains/XcodeDefault.xctoolchain/usr/lib/swift/iphonesimulator/prebuilt-modules/26.2/Symbols.swiftmodule/arm64-apple-ios-simulator.swiftmodule'
note: a dependency of Swift module 'Accessibility': '/Applications/Xcode.app/Contents/Developer/Toolchains/XcodeDefault.xctoolchain/usr/lib/swift/iphonesimulator/prebuilt-modules/26.2/Accessibility.swiftmodule/arm64-apple-ios-simulator.swiftmodule'
note: a dependency of Swift module 'SwiftUICore': '/Applications/Xcode.app/Contents/Developer/Toolchains/XcodeDefault.xctoolchain/usr/lib/swift/iphonesimulator/prebuilt-modules/26.2/SwiftUICore.swiftmodule/arm64-apple-ios-simulator.swiftmodule'
note: a dependency of Swift module 'Spatial': '/Applications/Xcode.app/Contents/Developer/Toolchains/XcodeDefault.xctoolchain/usr/lib/swift/iphonesimulator/prebuilt-modules/26.2/Spatial.swiftmodule/arm64-apple-ios-simulator.swiftmodule'
note: a dependency of Swift module 'OSLog': '/Applications/Xcode.app/Contents/Developer/Toolchains/XcodeDefault.xctoolchain/usr/lib/swift/iphonesimulator/prebuilt-modules/26.2/OSLog.swiftmodule/arm64-apple-ios-simulator.swiftmodule'
note: a dependency of Swift module 'DeveloperToolsSupport': '/Applications/Xcode.app/Contents/Developer/Toolchains/XcodeDefault.xctoolchain/usr/lib/swift/iphonesimulator/prebuilt-modules/26.2/DeveloperToolsSupport.swiftmodule/arm64-apple-ios-simulator.swiftmodule'
note: a dependency of Swift module 'UniformTypeIdentifiers': '/Applications/Xcode.app/Contents/Developer/Toolchains/XcodeDefault.xctoolchain/usr/lib/swift/iphonesimulator/prebuilt-modules/26.2/UniformTypeIdentifiers.swiftmodule/arm64-apple-ios-simulator.swiftmodule'
note: a dependency of Swift module 'CoreTransferable': '/Applications/Xcode.app/Contents/Developer/Toolchains/XcodeDefault.xctoolchain/usr/lib/swift/iphonesimulator/prebuilt-modules/26.2/CoreTransferable.swiftmodule/arm64-apple-ios-simulator.swiftmodule'
note: a dependency of Swift module 'CoreGraphics': '/Applications/Xcode.app/Contents/Developer/Toolchains/XcodeDefault.xctoolchain/usr/lib/swift/iphonesimulator/prebuilt-modules/26.2/CoreGraphics.swiftmodule/arm64-apple-ios-simulator.swiftmodule'
note: a dependency of Swift module '_Concurrency': '/Applications/Xcode.app/Contents/Developer/Toolchains/XcodeDefault.xctoolchain/usr/lib/swift/iphonesimulator/prebuilt-modules/26.2/_Concurrency.swiftmodule/arm64-apple-ios-simulator.swiftmodule'
note: a dependency of Swift module 'System': '/Applications/Xcode.app/Contents/Developer/Toolchains/XcodeDefault.xctoolchain/usr/lib/swift/iphonesimulator/prebuilt-modules/26.2/System.swiftmodule/arm64-apple-ios-simulator.swiftmodule'
note: a dependency of Swift module 'Observation': '/Applications/Xcode.app/Contents/Developer/Toolchains/XcodeDefault.xctoolchain/usr/lib/swift/iphonesimulator/prebuilt-modules/26.2/Observation.swiftmodule/arm64-apple-ios-simulator.swiftmodule'
note: a dependency of Swift module 'ObjectiveC': '/Applications/Xcode.app/Contents/Developer/Toolchains/XcodeDefault.xctoolchain/usr/lib/swift/iphonesimulator/prebuilt-modules/26.2/ObjectiveC.swiftmodule/arm64-apple-ios-simulator.swiftmodule'
note: a dependency of Swift module 'Dispatch': '/Applications/Xcode.app/Contents/Developer/Toolchains/XcodeDefault.xctoolchain/usr/lib/swift/iphonesimulator/prebuilt-modules/26.2/Dispatch.swiftmodule/arm64-apple-ios-simulator.swiftmodule'
note: a dependency of Swift module 'CoreFoundation': '/Applications/Xcode.app/Contents/Developer/Toolchains/XcodeDefault.xctoolchain/usr/lib/swift/iphonesimulator/prebuilt-modules/26.2/CoreFoundation.swiftmodule/arm64-apple-ios-simulator.swiftmodule'
note: a dependency of Swift module 'Foundation': '/Applications/Xcode.app/Contents/Developer/Toolchains/XcodeDefault.xctoolchain/usr/lib/swift/iphonesimulator/prebuilt-modules/26.2/Foundation.swiftmodule/arm64-apple-ios-simulator.swiftmodule'
note: a dependency of Swift module 'CoreData': '/Applications/Xcode.app/Contents/Developer/Toolchains/XcodeDefault.xctoolchain/usr/lib/swift/iphonesimulator/prebuilt-modules/26.2/CoreData.swiftmodule/arm64-apple-ios-simulator.swiftmodule'
note: a dependency of Swift module 'Combine': '/Applications/Xcode.app/Contents/Developer/Toolchains/XcodeDefault.xctoolchain/usr/lib/swift/iphonesimulator/prebuilt-modules/26.2/Combine.swiftmodule/arm64-apple-ios-simulator.swiftmodule'
note: a dependency of Swift module 'SwiftUI': '/Applications/Xcode.app/Contents/Developer/Toolchains/XcodeDefault.xctoolchain/usr/lib/swift/iphonesimulator/prebuilt-modules/26.2/SwiftUI.swiftmodule/arm64-apple-ios-simulator.swiftmodule'
note: a dependency of Swift module '_Concurrency': '/Applications/Xcode.app/Contents/Developer/Toolchains/XcodeDefault.xctoolchain/usr/lib/swift/iphonesimulator/prebuilt-modules/26.2/_Concurrency.swiftmodule/arm64-apple-ios-simulator.swiftmodule'
note: a dependency of main module 'InkOS'
note: a dependency of Swift module '_Concurrency': '/Applications/Xcode.app/Contents/Developer/Toolchains/XcodeDefault.xctoolchain/usr/lib/swift/iphonesimulator/prebuilt-modules/26.2/_Concurrency.swiftmodule/arm64-apple-ios-simulator.swiftmodule'
note: a dependency of Swift module 'Symbols': '/Applications/Xcode.app/Contents/Developer/Toolchains/XcodeDefault.xctoolchain/usr/lib/swift/iphonesimulator/prebuilt-modules/26.2/Symbols.swiftmodule/arm64-apple-ios-simulator.swiftmodule'
note: a dependency of Swift module 'Accessibility': '/Applications/Xcode.app/Contents/Developer/Toolchains/XcodeDefault.xctoolchain/usr/lib/swift/iphonesimulator/prebuilt-modules/26.2/Accessibility.swiftmodule/arm64-apple-ios-simulator.swiftmodule'
note: a dependency of Swift module 'SwiftUICore': '/Applications/Xcode.app/Contents/Developer/Toolchains/XcodeDefault.xctoolchain/usr/lib/swift/iphonesimulator/prebuilt-modules/26.2/SwiftUICore.swiftmodule/arm64-apple-ios-simulator.swiftmodule'
note: a dependency of Swift module 'Spatial': '/Applications/Xcode.app/Contents/Developer/Toolchains/XcodeDefault.xctoolchain/usr/lib/swift/iphonesimulator/prebuilt-modules/26.2/Spatial.swiftmodule/arm64-apple-ios-simulator.swiftmodule'
note: a dependency of Swift module 'OSLog': '/Applications/Xcode.app/Contents/Developer/Toolchains/XcodeDefault.xctoolchain/usr/lib/swift/iphonesimulator/prebuilt-modules/26.2/OSLog.swiftmodule/arm64-apple-ios-simulator.swiftmodule'
note: a dependency of Swift module 'DeveloperToolsSupport': '/Applications/Xcode.app/Contents/Developer/Toolchains/XcodeDefault.xctoolchain/usr/lib/swift/iphonesimulator/prebuilt-modules/26.2/DeveloperToolsSupport.swiftmodule/arm64-apple-ios-simulator.swiftmodule'
note: a dependency of Swift module 'UniformTypeIdentifiers': '/Applications/Xcode.app/Contents/Developer/Toolchains/XcodeDefault.xctoolchain/usr/lib/swift/iphonesimulator/prebuilt-modules/26.2/UniformTypeIdentifiers.swiftmodule/arm64-apple-ios-simulator.swiftmodule'
note: a dependency of Swift module 'CoreTransferable': '/Applications/Xcode.app/Contents/Developer/Toolchains/XcodeDefault.xctoolchain/usr/lib/swift/iphonesimulator/prebuilt-modules/26.2/CoreTransferable.swiftmodule/arm64-apple-ios-simulator.swiftmodule'
note: a dependency of Swift module 'CoreGraphics': '/Applications/Xcode.app/Contents/Developer/Toolchains/XcodeDefault.xctoolchain/usr/lib/swift/iphonesimulator/prebuilt-modules/26.2/CoreGraphics.swiftmodule/arm64-apple-ios-simulator.swiftmodule'
note: a dependency of Swift module '_Concurrency': '/Applications/Xcode.app/Contents/Developer/Toolchains/XcodeDefault.xctoolchain/usr/lib/swift/iphonesimulator/prebuilt-modules/26.2/_Concurrency.swiftmodule/arm64-apple-ios-simulator.swiftmodule'
note: a dependency of Swift module 'System': '/Applications/Xcode.app/Contents/Developer/Toolchains/XcodeDefault.xctoolchain/usr/lib/swift/iphonesimulator/prebuilt-modules/26.2/System.swiftmodule/arm64-apple-ios-simulator.swiftmodule'
note: a dependency of Swift module 'Observation': '/Applications/Xcode.app/Contents/Developer/Toolchains/XcodeDefault.xctoolchain/usr/lib/swift/iphonesimulator/prebuilt-modules/26.2/Observation.swiftmodule/arm64-apple-ios-simulator.swiftmodule'
note: a dependency of Swift module 'ObjectiveC': '/Applications/Xcode.app/Contents/Developer/Toolchains/XcodeDefault.xctoolchain/usr/lib/swift/iphonesimulator/prebuilt-modules/26.2/ObjectiveC.swiftmodule/arm64-apple-ios-simulator.swiftmodule'
note: a dependency of Swift module 'Dispatch': '/Applications/Xcode.app/Contents/Developer/Toolchains/XcodeDefault.xctoolchain/usr/lib/swift/iphonesimulator/prebuilt-modules/26.2/Dispatch.swiftmodule/arm64-apple-ios-simulator.swiftmodule'
note: a dependency of Swift module 'CoreFoundation': '/Applications/Xcode.app/Contents/Developer/Toolchains/XcodeDefault.xctoolchain/usr/lib/swift/iphonesimulator/prebuilt-modules/26.2/CoreFoundation.swiftmodule/arm64-apple-ios-simulator.swiftmodule'
note: a dependency of Swift module 'Foundation': '/Applications/Xcode.app/Contents/Developer/Toolchains/XcodeDefault.xctoolchain/usr/lib/swift/iphonesimulator/prebuilt-modules/26.2/Foundation.swiftmodule/arm64-apple-ios-simulator.swiftmodule'
note: a dependency of Swift module 'CoreData': '/Applications/Xcode.app/Contents/Developer/Toolchains/XcodeDefault.xctoolchain/usr/lib/swift/iphonesimulator/prebuilt-modules/26.2/CoreData.swiftmodule/arm64-apple-ios-simulator.swiftmodule'
note: a dependency of Swift module 'Combine': '/Applications/Xcode.app/Contents/Developer/Toolchains/XcodeDefault.xctoolchain/usr/lib/swift/iphonesimulator/prebuilt-modules/26.2/Combine.swiftmodule/arm64-apple-ios-simulator.swiftmodule'
note: a dependency of Swift module 'SwiftUI': '/Applications/Xcode.app/Contents/Developer/Toolchains/XcodeDefault.xctoolchain/usr/lib/swift/iphonesimulator/prebuilt-modules/26.2/SwiftUI.swiftmodule/arm64-apple-ios-simulator.swiftmodule'
note: a dependency of Swift module '_Concurrency': '/Applications/Xcode.app/Contents/Developer/Toolchains/XcodeDefault.xctoolchain/usr/lib/swift/iphonesimulator/prebuilt-modules/26.2/_Concurrency.swiftmodule/arm64-apple-ios-simulator.swiftmodule'
note: a dependency of main module 'InkOS'
note: a dependency of Swift module '_Concurrency': '/Applications/Xcode.app/Contents/Developer/Toolchains/XcodeDefault.xctoolchain/usr/lib/swift/iphonesimulator/prebuilt-modules/26.2/_Concurrency.swiftmodule/arm64-apple-ios-simulator.swiftmodule'
note: a dependency of Swift module 'Accessibility': '/Applications/Xcode.app/Contents/Developer/Toolchains/XcodeDefault.xctoolchain/usr/lib/swift/iphonesimulator/prebuilt-modules/26.2/Accessibility.swiftmodule/arm64-apple-ios-simulator.swiftmodule'
note: a dependency of Swift module 'SwiftUICore': '/Applications/Xcode.app/Contents/Developer/Toolchains/XcodeDefault.xctoolchain/usr/lib/swift/iphonesimulator/prebuilt-modules/26.2/SwiftUICore.swiftmodule/arm64-apple-ios-simulator.swiftmodule'
note: a dependency of Swift module 'Spatial': '/Applications/Xcode.app/Contents/Developer/Toolchains/XcodeDefault.xctoolchain/usr/lib/swift/iphonesimulator/prebuilt-modules/26.2/Spatial.swiftmodule/arm64-apple-ios-simulator.swiftmodule'
note: a dependency of Swift module 'OSLog': '/Applications/Xcode.app/Contents/Developer/Toolchains/XcodeDefault.xctoolchain/usr/lib/swift/iphonesimulator/prebuilt-modules/26.2/OSLog.swiftmodule/arm64-apple-ios-simulator.swiftmodule'
note: a dependency of Swift module 'DeveloperToolsSupport': '/Applications/Xcode.app/Contents/Developer/Toolchains/XcodeDefault.xctoolchain/usr/lib/swift/iphonesimulator/prebuilt-modules/26.2/DeveloperToolsSupport.swiftmodule/arm64-apple-ios-simulator.swiftmodule'
note: a dependency of Swift module 'UniformTypeIdentifiers': '/Applications/Xcode.app/Contents/Developer/Toolchains/XcodeDefault.xctoolchain/usr/lib/swift/iphonesimulator/prebuilt-modules/26.2/UniformTypeIdentifiers.swiftmodule/arm64-apple-ios-simulator.swiftmodule'
note: a dependency of Swift module 'CoreTransferable': '/Applications/Xcode.app/Contents/Developer/Toolchains/XcodeDefault.xctoolchain/usr/lib/swift/iphonesimulator/prebuilt-modules/26.2/CoreTransferable.swiftmodule/arm64-apple-ios-simulator.swiftmodule'
note: a dependency of Swift module 'CoreGraphics': '/Applications/Xcode.app/Contents/Developer/Toolchains/XcodeDefault.xctoolchain/usr/lib/swift/iphonesimulator/prebuilt-modules/26.2/CoreGraphics.swiftmodule/arm64-apple-ios-simulator.swiftmodule'
note: a dependency of Swift module '_Concurrency': '/Applications/Xcode.app/Contents/Developer/Toolchains/XcodeDefault.xctoolchain/usr/lib/swift/iphonesimulator/prebuilt-modules/26.2/_Concurrency.swiftmodule/arm64-apple-ios-simulator.swiftmodule'
note: a dependency of Swift module 'System': '/Applications/Xcode.app/Contents/Developer/Toolchains/XcodeDefault.xctoolchain/usr/lib/swift/iphonesimulator/prebuilt-modules/26.2/System.swiftmodule/arm64-apple-ios-simulator.swiftmodule'
note: a dependency of Swift module 'Observation': '/Applications/Xcode.app/Contents/Developer/Toolchains/XcodeDefault.xctoolchain/usr/lib/swift/iphonesimulator/prebuilt-modules/26.2/Observation.swiftmodule/arm64-apple-ios-simulator.swiftmodule'
note: a dependency of Swift module 'ObjectiveC': '/Applications/Xcode.app/Contents/Developer/Toolchains/XcodeDefault.xctoolchain/usr/lib/swift/iphonesimulator/prebuilt-modules/26.2/ObjectiveC.swiftmodule/arm64-apple-ios-simulator.swiftmodule'
note: a dependency of Swift module 'Dispatch': '/Applications/Xcode.app/Contents/Developer/Toolchains/XcodeDefault.xctoolchain/usr/lib/swift/iphonesimulator/prebuilt-modules/26.2/Dispatch.swiftmodule/arm64-apple-ios-simulator.swiftmodule'
note: a dependency of Swift module 'CoreFoundation': '/Applications/Xcode.app/Contents/Developer/Toolchains/XcodeDefault.xctoolchain/usr/lib/swift/iphonesimulator/prebuilt-modules/26.2/CoreFoundation.swiftmodule/arm64-apple-ios-simulator.swiftmodule'
note: a dependency of Swift module 'Foundation': '/Applications/Xcode.app/Contents/Developer/Toolchains/XcodeDefault.xctoolchain/usr/lib/swift/iphonesimulator/prebuilt-modules/26.2/Foundation.swiftmodule/arm64-apple-ios-simulator.swiftmodule'
note: a dependency of Swift module 'CoreData': '/Applications/Xcode.app/Contents/Developer/Toolchains/XcodeDefault.xctoolchain/usr/lib/swift/iphonesimulator/prebuilt-modules/26.2/CoreData.swiftmodule/arm64-apple-ios-simulator.swiftmodule'
note: a dependency of Swift module 'Combine': '/Applications/Xcode.app/Contents/Developer/Toolchains/XcodeDefault.xctoolchain/usr/lib/swift/iphonesimulator/prebuilt-modules/26.2/Combine.swiftmodule/arm64-apple-ios-simulator.swiftmodule'
note: a dependency of Swift module 'SwiftUI': '/Applications/Xcode.app/Contents/Developer/Toolchains/XcodeDefault.xctoolchain/usr/lib/swift/iphonesimulator/prebuilt-modules/26.2/SwiftUI.swiftmodule/arm64-apple-ios-simulator.swiftmodule'
note: a dependency of Swift module '_Concurrency': '/Applications/Xcode.app/Contents/Developer/Toolchains/XcodeDefault.xctoolchain/usr/lib/swift/iphonesimulator/prebuilt-modules/26.2/_Concurrency.swiftmodule/arm64-apple-ios-simulator.swiftmodule'
note: a dependency of main module 'InkOS'
note: a dependency of Swift module '_Concurrency': '/Applications/Xcode.app/Contents/Developer/Toolchains/XcodeDefault.xctoolchain/usr/lib/swift/iphonesimulator/prebuilt-modules/26.2/_Concurrency.swiftmodule/arm64-apple-ios-simulator.swiftmodule'
note: a dependency of Swift module 'Spatial': '/Applications/Xcode.app/Contents/Developer/Toolchains/XcodeDefault.xctoolchain/usr/lib/swift/iphonesimulator/prebuilt-modules/26.2/Spatial.swiftmodule/arm64-apple-ios-simulator.swiftmodule'
note: a dependency of Swift module 'OSLog': '/Applications/Xcode.app/Contents/Developer/Toolchains/XcodeDefault.xctoolchain/usr/lib/swift/iphonesimulator/prebuilt-modules/26.2/OSLog.swiftmodule/arm64-apple-ios-simulator.swiftmodule'
note: a dependency of Swift module 'DeveloperToolsSupport': '/Applications/Xcode.app/Contents/Developer/Toolchains/XcodeDefault.xctoolchain/usr/lib/swift/iphonesimulator/prebuilt-modules/26.2/DeveloperToolsSupport.swiftmodule/arm64-apple-ios-simulator.swiftmodule'
note: a dependency of Swift module 'UniformTypeIdentifiers': '/Applications/Xcode.app/Contents/Developer/Toolchains/XcodeDefault.xctoolchain/usr/lib/swift/iphonesimulator/prebuilt-modules/26.2/UniformTypeIdentifiers.swiftmodule/arm64-apple-ios-simulator.swiftmodule'
note: a dependency of Swift module 'CoreTransferable': '/Applications/Xcode.app/Contents/Developer/Toolchains/XcodeDefault.xctoolchain/usr/lib/swift/iphonesimulator/prebuilt-modules/26.2/CoreTransferable.swiftmodule/arm64-apple-ios-simulator.swiftmodule'
note: a dependency of Swift module 'CoreGraphics': '/Applications/Xcode.app/Contents/Developer/Toolchains/XcodeDefault.xctoolchain/usr/lib/swift/iphonesimulator/prebuilt-modules/26.2/CoreGraphics.swiftmodule/arm64-apple-ios-simulator.swiftmodule'
note: a dependency of Swift module '_Concurrency': '/Applications/Xcode.app/Contents/Developer/Toolchains/XcodeDefault.xctoolchain/usr/lib/swift/iphonesimulator/prebuilt-modules/26.2/_Concurrency.swiftmodule/arm64-apple-ios-simulator.swiftmodule'
note: a dependency of Swift module 'System': '/Applications/Xcode.app/Contents/Developer/Toolchains/XcodeDefault.xctoolchain/usr/lib/swift/iphonesimulator/prebuilt-modules/26.2/System.swiftmodule/arm64-apple-ios-simulator.swiftmodule'
note: a dependency of Swift module 'Observation': '/Applications/Xcode.app/Contents/Developer/Toolchains/XcodeDefault.xctoolchain/usr/lib/swift/iphonesimulator/prebuilt-modules/26.2/Observation.swiftmodule/arm64-apple-ios-simulator.swiftmodule'
note: a dependency of Swift module 'ObjectiveC': '/Applications/Xcode.app/Contents/Developer/Toolchains/XcodeDefault.xctoolchain/usr/lib/swift/iphonesimulator/prebuilt-modules/26.2/ObjectiveC.swiftmodule/arm64-apple-ios-simulator.swiftmodule'
note: a dependency of Swift module 'Dispatch': '/Applications/Xcode.app/Contents/Developer/Toolchains/XcodeDefault.xctoolchain/usr/lib/swift/iphonesimulator/prebuilt-modules/26.2/Dispatch.swiftmodule/arm64-apple-ios-simulator.swiftmodule'
note: a dependency of Swift module 'CoreFoundation': '/Applications/Xcode.app/Contents/Developer/Toolchains/XcodeDefault.xctoolchain/usr/lib/swift/iphonesimulator/prebuilt-modules/26.2/CoreFoundation.swiftmodule/arm64-apple-ios-simulator.swiftmodule'
note: a dependency of Swift module 'Foundation': '/Applications/Xcode.app/Contents/Developer/Toolchains/XcodeDefault.xctoolchain/usr/lib/swift/iphonesimulator/prebuilt-modules/26.2/Foundation.swiftmodule/arm64-apple-ios-simulator.swiftmodule'
note: a dependency of Swift module 'CoreData': '/Applications/Xcode.app/Contents/Developer/Toolchains/XcodeDefault.xctoolchain/usr/lib/swift/iphonesimulator/prebuilt-modules/26.2/CoreData.swiftmodule/arm64-apple-ios-simulator.swiftmodule'
note: a dependency of Swift module 'Combine': '/Applications/Xcode.app/Contents/Developer/Toolchains/XcodeDefault.xctoolchain/usr/lib/swift/iphonesimulator/prebuilt-modules/26.2/Combine.swiftmodule/arm64-apple-ios-simulator.swiftmodule'
note: a dependency of Swift module 'SwiftUI': '/Applications/Xcode.app/Contents/Developer/Toolchains/XcodeDefault.xctoolchain/usr/lib/swift/iphonesimulator/prebuilt-modules/26.2/SwiftUI.swiftmodule/arm64-apple-ios-simulator.swiftmodule'
note: a dependency of Swift module '_Concurrency': '/Applications/Xcode.app/Contents/Developer/Toolchains/XcodeDefault.xctoolchain/usr/lib/swift/iphonesimulator/prebuilt-modules/26.2/_Concurrency.swiftmodule/arm64-apple-ios-simulator.swiftmodule'
note: a dependency of main module 'InkOS'
note: a dependency of Swift module '_Concurrency': '/Applications/Xcode.app/Contents/Developer/Toolchains/XcodeDefault.xctoolchain/usr/lib/swift/iphonesimulator/prebuilt-modules/26.2/_Concurrency.swiftmodule/arm64-apple-ios-simulator.swiftmodule'
note: a dependency of Swift module 'OSLog': '/Applications/Xcode.app/Contents/Developer/Toolchains/XcodeDefault.xctoolchain/usr/lib/swift/iphonesimulator/prebuilt-modules/26.2/OSLog.swiftmodule/arm64-apple-ios-simulator.swiftmodule'
note: a dependency of Swift module 'DeveloperToolsSupport': '/Applications/Xcode.app/Contents/Developer/Toolchains/XcodeDefault.xctoolchain/usr/lib/swift/iphonesimulator/prebuilt-modules/26.2/DeveloperToolsSupport.swiftmodule/arm64-apple-ios-simulator.swiftmodule'
note: a dependency of Swift module 'UniformTypeIdentifiers': '/Applications/Xcode.app/Contents/Developer/Toolchains/XcodeDefault.xctoolchain/usr/lib/swift/iphonesimulator/prebuilt-modules/26.2/UniformTypeIdentifiers.swiftmodule/arm64-apple-ios-simulator.swiftmodule'
note: a dependency of Swift module 'CoreTransferable': '/Applications/Xcode.app/Contents/Developer/Toolchains/XcodeDefault.xctoolchain/usr/lib/swift/iphonesimulator/prebuilt-modules/26.2/CoreTransferable.swiftmodule/arm64-apple-ios-simulator.swiftmodule'
note: a dependency of Swift module 'CoreGraphics': '/Applications/Xcode.app/Contents/Developer/Toolchains/XcodeDefault.xctoolchain/usr/lib/swift/iphonesimulator/prebuilt-modules/26.2/CoreGraphics.swiftmodule/arm64-apple-ios-simulator.swiftmodule'
note: a dependency of Swift module '_Concurrency': '/Applications/Xcode.app/Contents/Developer/Toolchains/XcodeDefault.xctoolchain/usr/lib/swift/iphonesimulator/prebuilt-modules/26.2/_Concurrency.swiftmodule/arm64-apple-ios-simulator.swiftmodule'
note: a dependency of Swift module 'System': '/Applications/Xcode.app/Contents/Developer/Toolchains/XcodeDefault.xctoolchain/usr/lib/swift/iphonesimulator/prebuilt-modules/26.2/System.swiftmodule/arm64-apple-ios-simulator.swiftmodule'
note: a dependency of Swift module 'Observation': '/Applications/Xcode.app/Contents/Developer/Toolchains/XcodeDefault.xctoolchain/usr/lib/swift/iphonesimulator/prebuilt-modules/26.2/Observation.swiftmodule/arm64-apple-ios-simulator.swiftmodule'
note: a dependency of Swift module 'ObjectiveC': '/Applications/Xcode.app/Contents/Developer/Toolchains/XcodeDefault.xctoolchain/usr/lib/swift/iphonesimulator/prebuilt-modules/26.2/ObjectiveC.swiftmodule/arm64-apple-ios-simulator.swiftmodule'
note: a dependency of Swift module 'Dispatch': '/Applications/Xcode.app/Contents/Developer/Toolchains/XcodeDefault.xctoolchain/usr/lib/swift/iphonesimulator/prebuilt-modules/26.2/Dispatch.swiftmodule/arm64-apple-ios-simulator.swiftmodule'
note: a dependency of Swift module 'CoreFoundation': '/Applications/Xcode.app/Contents/Developer/Toolchains/XcodeDefault.xctoolchain/usr/lib/swift/iphonesimulator/prebuilt-modules/26.2/CoreFoundation.swiftmodule/arm64-apple-ios-simulator.swiftmodule'
note: a dependency of Swift module 'Foundation': '/Applications/Xcode.app/Contents/Developer/Toolchains/XcodeDefault.xctoolchain/usr/lib/swift/iphonesimulator/prebuilt-modules/26.2/Foundation.swiftmodule/arm64-apple-ios-simulator.swiftmodule'
note: a dependency of Swift module 'CoreData': '/Applications/Xcode.app/Contents/Developer/Toolchains/XcodeDefault.xctoolchain/usr/lib/swift/iphonesimulator/prebuilt-modules/26.2/CoreData.swiftmodule/arm64-apple-ios-simulator.swiftmodule'
note: a dependency of Swift module 'Combine': '/Applications/Xcode.app/Contents/Developer/Toolchains/XcodeDefault.xctoolchain/usr/lib/swift/iphonesimulator/prebuilt-modules/26.2/Combine.swiftmodule/arm64-apple-ios-simulator.swiftmodule'
note: a dependency of Swift module 'SwiftUI': '/Applications/Xcode.app/Contents/Developer/Toolchains/XcodeDefault.xctoolchain/usr/lib/swift/iphonesimulator/prebuilt-modules/26.2/SwiftUI.swiftmodule/arm64-apple-ios-simulator.swiftmodule'
note: a dependency of Swift module '_Concurrency': '/Applications/Xcode.app/Contents/Developer/Toolchains/XcodeDefault.xctoolchain/usr/lib/swift/iphonesimulator/prebuilt-modules/26.2/_Concurrency.swiftmodule/arm64-apple-ios-simulator.swiftmodule'
note: a dependency of main module 'InkOS'
note: a dependency of Swift module '_Concurrency': '/Applications/Xcode.app/Contents/Developer/Toolchains/XcodeDefault.xctoolchain/usr/lib/swift/iphonesimulator/prebuilt-modules/26.2/_Concurrency.swiftmodule/arm64-apple-ios-simulator.swiftmodule'
note: a dependency of Swift module 'DeveloperToolsSupport': '/Applications/Xcode.app/Contents/Developer/Toolchains/XcodeDefault.xctoolchain/usr/lib/swift/iphonesimulator/prebuilt-modules/26.2/DeveloperToolsSupport.swiftmodule/arm64-apple-ios-simulator.swiftmodule'
note: a dependency of Swift module 'UniformTypeIdentifiers': '/Applications/Xcode.app/Contents/Developer/Toolchains/XcodeDefault.xctoolchain/usr/lib/swift/iphonesimulator/prebuilt-modules/26.2/UniformTypeIdentifiers.swiftmodule/arm64-apple-ios-simulator.swiftmodule'
note: a dependency of Swift module 'CoreTransferable': '/Applications/Xcode.app/Contents/Developer/Toolchains/XcodeDefault.xctoolchain/usr/lib/swift/iphonesimulator/prebuilt-modules/26.2/CoreTransferable.swiftmodule/arm64-apple-ios-simulator.swiftmodule'
note: a dependency of Swift module 'CoreGraphics': '/Applications/Xcode.app/Contents/Developer/Toolchains/XcodeDefault.xctoolchain/usr/lib/swift/iphonesimulator/prebuilt-modules/26.2/CoreGraphics.swiftmodule/arm64-apple-ios-simulator.swiftmodule'
note: a dependency of Swift module '_Concurrency': '/Applications/Xcode.app/Contents/Developer/Toolchains/XcodeDefault.xctoolchain/usr/lib/swift/iphonesimulator/prebuilt-modules/26.2/_Concurrency.swiftmodule/arm64-apple-ios-simulator.swiftmodule'
note: a dependency of Swift module 'System': '/Applications/Xcode.app/Contents/Developer/Toolchains/XcodeDefault.xctoolchain/usr/lib/swift/iphonesimulator/prebuilt-modules/26.2/System.swiftmodule/arm64-apple-ios-simulator.swiftmodule'
note: a dependency of Swift module 'Observation': '/Applications/Xcode.app/Contents/Developer/Toolchains/XcodeDefault.xctoolchain/usr/lib/swift/iphonesimulator/prebuilt-modules/26.2/Observation.swiftmodule/arm64-apple-ios-simulator.swiftmodule'
note: a dependency of Swift module 'ObjectiveC': '/Applications/Xcode.app/Contents/Developer/Toolchains/XcodeDefault.xctoolchain/usr/lib/swift/iphonesimulator/prebuilt-modules/26.2/ObjectiveC.swiftmodule/arm64-apple-ios-simulator.swiftmodule'
note: a dependency of Swift module 'Dispatch': '/Applications/Xcode.app/Contents/Developer/Toolchains/XcodeDefault.xctoolchain/usr/lib/swift/iphonesimulator/prebuilt-modules/26.2/Dispatch.swiftmodule/arm64-apple-ios-simulator.swiftmodule'
note: a dependency of Swift module 'CoreFoundation': '/Applications/Xcode.app/Contents/Developer/Toolchains/XcodeDefault.xctoolchain/usr/lib/swift/iphonesimulator/prebuilt-modules/26.2/CoreFoundation.swiftmodule/arm64-apple-ios-simulator.swiftmodule'
note: a dependency of Swift module 'Foundation': '/Applications/Xcode.app/Contents/Developer/Toolchains/XcodeDefault.xctoolchain/usr/lib/swift/iphonesimulator/prebuilt-modules/26.2/Foundation.swiftmodule/arm64-apple-ios-simulator.swiftmodule'
note: a dependency of Swift module 'CoreData': '/Applications/Xcode.app/Contents/Developer/Toolchains/XcodeDefault.xctoolchain/usr/lib/swift/iphonesimulator/prebuilt-modules/26.2/CoreData.swiftmodule/arm64-apple-ios-simulator.swiftmodule'
note: a dependency of Swift module 'Combine': '/Applications/Xcode.app/Contents/Developer/Toolchains/XcodeDefault.xctoolchain/usr/lib/swift/iphonesimulator/prebuilt-modules/26.2/Combine.swiftmodule/arm64-apple-ios-simulator.swiftmodule'
note: a dependency of Swift module 'SwiftUI': '/Applications/Xcode.app/Contents/Developer/Toolchains/XcodeDefault.xctoolchain/usr/lib/swift/iphonesimulator/prebuilt-modules/26.2/SwiftUI.swiftmodule/arm64-apple-ios-simulator.swiftmodule'
note: a dependency of Swift module '_Concurrency': '/Applications/Xcode.app/Contents/Developer/Toolchains/XcodeDefault.xctoolchain/usr/lib/swift/iphonesimulator/prebuilt-modules/26.2/_Concurrency.swiftmodule/arm64-apple-ios-simulator.swiftmodule'
note: a dependency of main module 'InkOS'
note: a dependency of Swift module '_Concurrency': '/Applications/Xcode.app/Contents/Developer/Toolchains/XcodeDefault.xctoolchain/usr/lib/swift/iphonesimulator/prebuilt-modules/26.2/_Concurrency.swiftmodule/arm64-apple-ios-simulator.swiftmodule'
note: a dependency of Swift module 'UniformTypeIdentifiers': '/Applications/Xcode.app/Contents/Developer/Toolchains/XcodeDefault.xctoolchain/usr/lib/swift/iphonesimulator/prebuilt-modules/26.2/UniformTypeIdentifiers.swiftmodule/arm64-apple-ios-simulator.swiftmodule'
note: a dependency of Swift module 'CoreTransferable': '/Applications/Xcode.app/Contents/Developer/Toolchains/XcodeDefault.xctoolchain/usr/lib/swift/iphonesimulator/prebuilt-modules/26.2/CoreTransferable.swiftmodule/arm64-apple-ios-simulator.swiftmodule'
note: a dependency of Swift module 'CoreGraphics': '/Applications/Xcode.app/Contents/Developer/Toolchains/XcodeDefault.xctoolchain/usr/lib/swift/iphonesimulator/prebuilt-modules/26.2/CoreGraphics.swiftmodule/arm64-apple-ios-simulator.swiftmodule'
note: a dependency of Swift module '_Concurrency': '/Applications/Xcode.app/Contents/Developer/Toolchains/XcodeDefault.xctoolchain/usr/lib/swift/iphonesimulator/prebuilt-modules/26.2/_Concurrency.swiftmodule/arm64-apple-ios-simulator.swiftmodule'
note: a dependency of Swift module 'System': '/Applications/Xcode.app/Contents/Developer/Toolchains/XcodeDefault.xctoolchain/usr/lib/swift/iphonesimulator/prebuilt-modules/26.2/System.swiftmodule/arm64-apple-ios-simulator.swiftmodule'
note: a dependency of Swift module 'Observation': '/Applications/Xcode.app/Contents/Developer/Toolchains/XcodeDefault.xctoolchain/usr/lib/swift/iphonesimulator/prebuilt-modules/26.2/Observation.swiftmodule/arm64-apple-ios-simulator.swiftmodule'
note: a dependency of Swift module 'ObjectiveC': '/Applications/Xcode.app/Contents/Developer/Toolchains/XcodeDefault.xctoolchain/usr/lib/swift/iphonesimulator/prebuilt-modules/26.2/ObjectiveC.swiftmodule/arm64-apple-ios-simulator.swiftmodule'
note: a dependency of Swift module 'Dispatch': '/Applications/Xcode.app/Contents/Developer/Toolchains/XcodeDefault.xctoolchain/usr/lib/swift/iphonesimulator/prebuilt-modules/26.2/Dispatch.swiftmodule/arm64-apple-ios-simulator.swiftmodule'
note: a dependency of Swift module 'CoreFoundation': '/Applications/Xcode.app/Contents/Developer/Toolchains/XcodeDefault.xctoolchain/usr/lib/swift/iphonesimulator/prebuilt-modules/26.2/CoreFoundation.swiftmodule/arm64-apple-ios-simulator.swiftmodule'
note: a dependency of Swift module 'Foundation': '/Applications/Xcode.app/Contents/Developer/Toolchains/XcodeDefault.xctoolchain/usr/lib/swift/iphonesimulator/prebuilt-modules/26.2/Foundation.swiftmodule/arm64-apple-ios-simulator.swiftmodule'
note: a dependency of Swift module 'CoreData': '/Applications/Xcode.app/Contents/Developer/Toolchains/XcodeDefault.xctoolchain/usr/lib/swift/iphonesimulator/prebuilt-modules/26.2/CoreData.swiftmodule/arm64-apple-ios-simulator.swiftmodule'
note: a dependency of Swift module 'Combine': '/Applications/Xcode.app/Contents/Developer/Toolchains/XcodeDefault.xctoolchain/usr/lib/swift/iphonesimulator/prebuilt-modules/26.2/Combine.swiftmodule/arm64-apple-ios-simulator.swiftmodule'
note: a dependency of Swift module 'SwiftUI': '/Applications/Xcode.app/Contents/Developer/Toolchains/XcodeDefault.xctoolchain/usr/lib/swift/iphonesimulator/prebuilt-modules/26.2/SwiftUI.swiftmodule/arm64-apple-ios-simulator.swiftmodule'
note: a dependency of Swift module '_Concurrency': '/Applications/Xcode.app/Contents/Developer/Toolchains/XcodeDefault.xctoolchain/usr/lib/swift/iphonesimulator/prebuilt-modules/26.2/_Concurrency.swiftmodule/arm64-apple-ios-simulator.swiftmodule'
note: a dependency of main module 'InkOS'
note: a dependency of Swift module '_Concurrency': '/Applications/Xcode.app/Contents/Developer/Toolchains/XcodeDefault.xctoolchain/usr/lib/swift/iphonesimulator/prebuilt-modules/26.2/_Concurrency.swiftmodule/arm64-apple-ios-simulator.swiftmodule'
note: a dependency of Swift module 'UniformTypeIdentifiers': '/Applications/Xcode.app/Contents/Developer/Toolchains/XcodeDefault.xctoolchain/usr/lib/swift/iphonesimulator/prebuilt-modules/26.2/UniformTypeIdentifiers.swiftmodule/arm64-apple-ios-simulator.swiftmodule'
note: a dependency of Swift module 'CoreTransferable': '/Applications/Xcode.app/Contents/Developer/Toolchains/XcodeDefault.xctoolchain/usr/lib/swift/iphonesimulator/prebuilt-modules/26.2/CoreTransferable.swiftmodule/arm64-apple-ios-simulator.swiftmodule'
note: a dependency of Swift module 'CoreGraphics': '/Applications/Xcode.app/Contents/Developer/Toolchains/XcodeDefault.xctoolchain/usr/lib/swift/iphonesimulator/prebuilt-modules/26.2/CoreGraphics.swiftmodule/arm64-apple-ios-simulator.swiftmodule'
note: a dependency of Swift module '_Concurrency': '/Applications/Xcode.app/Contents/Developer/Toolchains/XcodeDefault.xctoolchain/usr/lib/swift/iphonesimulator/prebuilt-modules/26.2/_Concurrency.swiftmodule/arm64-apple-ios-simulator.swiftmodule'
note: a dependency of Swift module 'System': '/Applications/Xcode.app/Contents/Developer/Toolchains/XcodeDefault.xctoolchain/usr/lib/swift/iphonesimulator/prebuilt-modules/26.2/System.swiftmodule/arm64-apple-ios-simulator.swiftmodule'
note: a dependency of Swift module 'Observation': '/Applications/Xcode.app/Contents/Developer/Toolchains/XcodeDefault.xctoolchain/usr/lib/swift/iphonesimulator/prebuilt-modules/26.2/Observation.swiftmodule/arm64-apple-ios-simulator.swiftmodule'
note: a dependency of Swift module 'ObjectiveC': '/Applications/Xcode.app/Contents/Developer/Toolchains/XcodeDefault.xctoolchain/usr/lib/swift/iphonesimulator/prebuilt-modules/26.2/ObjectiveC.swiftmodule/arm64-apple-ios-simulator.swiftmodule'
note: a dependency of Swift module 'Dispatch': '/Applications/Xcode.app/Contents/Developer/Toolchains/XcodeDefault.xctoolchain/usr/lib/swift/iphonesimulator/prebuilt-modules/26.2/Dispatch.swiftmodule/arm64-apple-ios-simulator.swiftmodule'
note: a dependency of Swift module 'CoreFoundation': '/Applications/Xcode.app/Contents/Developer/Toolchains/XcodeDefault.xctoolchain/usr/lib/swift/iphonesimulator/prebuilt-modules/26.2/CoreFoundation.swiftmodule/arm64-apple-ios-simulator.swiftmodule'
note: a dependency of Swift module 'Foundation': '/Applications/Xcode.app/Contents/Developer/Toolchains/XcodeDefault.xctoolchain/usr/lib/swift/iphonesimulator/prebuilt-modules/26.2/Foundation.swiftmodule/arm64-apple-ios-simulator.swiftmodule'
note: a dependency of Swift module 'CoreData': '/Applications/Xcode.app/Contents/Developer/Toolchains/XcodeDefault.xctoolchain/usr/lib/swift/iphonesimulator/prebuilt-modules/26.2/CoreData.swiftmodule/arm64-apple-ios-simulator.swiftmodule'
note: a dependency of Swift module 'Combine': '/Applications/Xcode.app/Contents/Developer/Toolchains/XcodeDefault.xctoolchain/usr/lib/swift/iphonesimulator/prebuilt-modules/26.2/Combine.swiftmodule/arm64-apple-ios-simulator.swiftmodule'
note: a dependency of Swift module 'SwiftUI': '/Applications/Xcode.app/Contents/Developer/Toolchains/XcodeDefault.xctoolchain/usr/lib/swift/iphonesimulator/prebuilt-modules/26.2/SwiftUI.swiftmodule/arm64-apple-ios-simulator.swiftmodule'
note: a dependency of Swift module '_Concurrency': '/Applications/Xcode.app/Contents/Developer/Toolchains/XcodeDefault.xctoolchain/usr/lib/swift/iphonesimulator/prebuilt-modules/26.2/_Concurrency.swiftmodule/arm64-apple-ios-simulator.swiftmodule'
note: a dependency of main module 'InkOS'
note: a dependency of Swift module '_Concurrency': '/Applications/Xcode.app/Contents/Developer/Toolchains/XcodeDefault.xctoolchain/usr/lib/swift/iphonesimulator/prebuilt-modules/26.2/_Concurrency.swiftmodule/arm64-apple-ios-simulator.swiftmodule'
note: a dependency of Swift module 'CoreGraphics': '/Applications/Xcode.app/Contents/Developer/Toolchains/XcodeDefault.xctoolchain/usr/lib/swift/iphonesimulator/prebuilt-modules/26.2/CoreGraphics.swiftmodule/arm64-apple-ios-simulator.swiftmodule'
note: a dependency of Swift module '_Concurrency': '/Applications/Xcode.app/Contents/Developer/Toolchains/XcodeDefault.xctoolchain/usr/lib/swift/iphonesimulator/prebuilt-modules/26.2/_Concurrency.swiftmodule/arm64-apple-ios-simulator.swiftmodule'
note: a dependency of Swift module 'System': '/Applications/Xcode.app/Contents/Developer/Toolchains/XcodeDefault.xctoolchain/usr/lib/swift/iphonesimulator/prebuilt-modules/26.2/System.swiftmodule/arm64-apple-ios-simulator.swiftmodule'
note: a dependency of Swift module 'Observation': '/Applications/Xcode.app/Contents/Developer/Toolchains/XcodeDefault.xctoolchain/usr/lib/swift/iphonesimulator/prebuilt-modules/26.2/Observation.swiftmodule/arm64-apple-ios-simulator.swiftmodule'
note: a dependency of Swift module 'ObjectiveC': '/Applications/Xcode.app/Contents/Developer/Toolchains/XcodeDefault.xctoolchain/usr/lib/swift/iphonesimulator/prebuilt-modules/26.2/ObjectiveC.swiftmodule/arm64-apple-ios-simulator.swiftmodule'
note: a dependency of Swift module 'Dispatch': '/Applications/Xcode.app/Contents/Developer/Toolchains/XcodeDefault.xctoolchain/usr/lib/swift/iphonesimulator/prebuilt-modules/26.2/Dispatch.swiftmodule/arm64-apple-ios-simulator.swiftmodule'
note: a dependency of Swift module 'CoreFoundation': '/Applications/Xcode.app/Contents/Developer/Toolchains/XcodeDefault.xctoolchain/usr/lib/swift/iphonesimulator/prebuilt-modules/26.2/CoreFoundation.swiftmodule/arm64-apple-ios-simulator.swiftmodule'
note: a dependency of Swift module 'Foundation': '/Applications/Xcode.app/Contents/Developer/Toolchains/XcodeDefault.xctoolchain/usr/lib/swift/iphonesimulator/prebuilt-modules/26.2/Foundation.swiftmodule/arm64-apple-ios-simulator.swiftmodule'
note: a dependency of Swift module 'CoreData': '/Applications/Xcode.app/Contents/Developer/Toolchains/XcodeDefault.xctoolchain/usr/lib/swift/iphonesimulator/prebuilt-modules/26.2/CoreData.swiftmodule/arm64-apple-ios-simulator.swiftmodule'
note: a dependency of Swift module 'Combine': '/Applications/Xcode.app/Contents/Developer/Toolchains/XcodeDefault.xctoolchain/usr/lib/swift/iphonesimulator/prebuilt-modules/26.2/Combine.swiftmodule/arm64-apple-ios-simulator.swiftmodule'
note: a dependency of Swift module 'SwiftUI': '/Applications/Xcode.app/Contents/Developer/Toolchains/XcodeDefault.xctoolchain/usr/lib/swift/iphonesimulator/prebuilt-modules/26.2/SwiftUI.swiftmodule/arm64-apple-ios-simulator.swiftmodule'
note: a dependency of Swift module '_Concurrency': '/Applications/Xcode.app/Contents/Developer/Toolchains/XcodeDefault.xctoolchain/usr/lib/swift/iphonesimulator/prebuilt-modules/26.2/_Concurrency.swiftmodule/arm64-apple-ios-simulator.swiftmodule'
note: a dependency of main module 'InkOS'
note: a dependency of Swift module '_Concurrency': '/Applications/Xcode.app/Contents/Developer/Toolchains/XcodeDefault.xctoolchain/usr/lib/swift/iphonesimulator/prebuilt-modules/26.2/_Concurrency.swiftmodule/arm64-apple-ios-simulator.swiftmodule'
note: a dependency of Swift module 'os': '/Applications/Xcode.app/Contents/Developer/Toolchains/XcodeDefault.xctoolchain/usr/lib/swift/iphonesimulator/prebuilt-modules/26.2/os.swiftmodule/arm64-apple-ios-simulator.swiftmodule'
note: a dependency of Swift module '_Concurrency': '/Applications/Xcode.app/Contents/Developer/Toolchains/XcodeDefault.xctoolchain/usr/lib/swift/iphonesimulator/prebuilt-modules/26.2/_Concurrency.swiftmodule/arm64-apple-ios-simulator.swiftmodule'
note: a dependency of Swift module 'System': '/Applications/Xcode.app/Contents/Developer/Toolchains/XcodeDefault.xctoolchain/usr/lib/swift/iphonesimulator/prebuilt-modules/26.2/System.swiftmodule/arm64-apple-ios-simulator.swiftmodule'
note: a dependency of Swift module 'Observation': '/Applications/Xcode.app/Contents/Developer/Toolchains/XcodeDefault.xctoolchain/usr/lib/swift/iphonesimulator/prebuilt-modules/26.2/Observation.swiftmodule/arm64-apple-ios-simulator.swiftmodule'
note: a dependency of Swift module 'ObjectiveC': '/Applications/Xcode.app/Contents/Developer/Toolchains/XcodeDefault.xctoolchain/usr/lib/swift/iphonesimulator/prebuilt-modules/26.2/ObjectiveC.swiftmodule/arm64-apple-ios-simulator.swiftmodule'
note: a dependency of Swift module 'Dispatch': '/Applications/Xcode.app/Contents/Developer/Toolchains/XcodeDefault.xctoolchain/usr/lib/swift/iphonesimulator/prebuilt-modules/26.2/Dispatch.swiftmodule/arm64-apple-ios-simulator.swiftmodule'
note: a dependency of Swift module 'CoreFoundation': '/Applications/Xcode.app/Contents/Developer/Toolchains/XcodeDefault.xctoolchain/usr/lib/swift/iphonesimulator/prebuilt-modules/26.2/CoreFoundation.swiftmodule/arm64-apple-ios-simulator.swiftmodule'
note: a dependency of Swift module 'Foundation': '/Applications/Xcode.app/Contents/Developer/Toolchains/XcodeDefault.xctoolchain/usr/lib/swift/iphonesimulator/prebuilt-modules/26.2/Foundation.swiftmodule/arm64-apple-ios-simulator.swiftmodule'
note: a dependency of Swift module 'CoreData': '/Applications/Xcode.app/Contents/Developer/Toolchains/XcodeDefault.xctoolchain/usr/lib/swift/iphonesimulator/prebuilt-modules/26.2/CoreData.swiftmodule/arm64-apple-ios-simulator.swiftmodule'
note: a dependency of Swift module 'Combine': '/Applications/Xcode.app/Contents/Developer/Toolchains/XcodeDefault.xctoolchain/usr/lib/swift/iphonesimulator/prebuilt-modules/26.2/Combine.swiftmodule/arm64-apple-ios-simulator.swiftmodule'
note: a dependency of Swift module 'SwiftUI': '/Applications/Xcode.app/Contents/Developer/Toolchains/XcodeDefault.xctoolchain/usr/lib/swift/iphonesimulator/prebuilt-modules/26.2/SwiftUI.swiftmodule/arm64-apple-ios-simulator.swiftmodule'
note: a dependency of Swift module '_Concurrency': '/Applications/Xcode.app/Contents/Developer/Toolchains/XcodeDefault.xctoolchain/usr/lib/swift/iphonesimulator/prebuilt-modules/26.2/_Concurrency.swiftmodule/arm64-apple-ios-simulator.swiftmodule'
note: a dependency of main module 'InkOS'
note: a dependency of Swift module '_Concurrency': '/Applications/Xcode.app/Contents/Developer/Toolchains/XcodeDefault.xctoolchain/usr/lib/swift/iphonesimulator/prebuilt-modules/26.2/_Concurrency.swiftmodule/arm64-apple-ios-simulator.swiftmodule'
note: a dependency of Swift module 'System': '/Applications/Xcode.app/Contents/Developer/Toolchains/XcodeDefault.xctoolchain/usr/lib/swift/iphonesimulator/prebuilt-modules/26.2/System.swiftmodule/arm64-apple-ios-simulator.swiftmodule'
note: a dependency of Swift module 'Observation': '/Applications/Xcode.app/Contents/Developer/Toolchains/XcodeDefault.xctoolchain/usr/lib/swift/iphonesimulator/prebuilt-modules/26.2/Observation.swiftmodule/arm64-apple-ios-simulator.swiftmodule'
note: a dependency of Swift module 'ObjectiveC': '/Applications/Xcode.app/Contents/Developer/Toolchains/XcodeDefault.xctoolchain/usr/lib/swift/iphonesimulator/prebuilt-modules/26.2/ObjectiveC.swiftmodule/arm64-apple-ios-simulator.swiftmodule'
note: a dependency of Swift module 'Dispatch': '/Applications/Xcode.app/Contents/Developer/Toolchains/XcodeDefault.xctoolchain/usr/lib/swift/iphonesimulator/prebuilt-modules/26.2/Dispatch.swiftmodule/arm64-apple-ios-simulator.swiftmodule'
note: a dependency of Swift module 'CoreFoundation': '/Applications/Xcode.app/Contents/Developer/Toolchains/XcodeDefault.xctoolchain/usr/lib/swift/iphonesimulator/prebuilt-modules/26.2/CoreFoundation.swiftmodule/arm64-apple-ios-simulator.swiftmodule'
note: a dependency of Swift module 'Foundation': '/Applications/Xcode.app/Contents/Developer/Toolchains/XcodeDefault.xctoolchain/usr/lib/swift/iphonesimulator/prebuilt-modules/26.2/Foundation.swiftmodule/arm64-apple-ios-simulator.swiftmodule'
note: a dependency of Swift module 'CoreData': '/Applications/Xcode.app/Contents/Developer/Toolchains/XcodeDefault.xctoolchain/usr/lib/swift/iphonesimulator/prebuilt-modules/26.2/CoreData.swiftmodule/arm64-apple-ios-simulator.swiftmodule'
note: a dependency of Swift module 'Combine': '/Applications/Xcode.app/Contents/Developer/Toolchains/XcodeDefault.xctoolchain/usr/lib/swift/iphonesimulator/prebuilt-modules/26.2/Combine.swiftmodule/arm64-apple-ios-simulator.swiftmodule'
note: a dependency of Swift module 'SwiftUI': '/Applications/Xcode.app/Contents/Developer/Toolchains/XcodeDefault.xctoolchain/usr/lib/swift/iphonesimulator/prebuilt-modules/26.2/SwiftUI.swiftmodule/arm64-apple-ios-simulator.swiftmodule'
note: a dependency of Swift module '_Concurrency': '/Applications/Xcode.app/Contents/Developer/Toolchains/XcodeDefault.xctoolchain/usr/lib/swift/iphonesimulator/prebuilt-modules/26.2/_Concurrency.swiftmodule/arm64-apple-ios-simulator.swiftmodule'
note: a dependency of main module 'InkOS'
note: a dependency of Swift module '_Concurrency': '/Applications/Xcode.app/Contents/Developer/Toolchains/XcodeDefault.xctoolchain/usr/lib/swift/iphonesimulator/prebuilt-modules/26.2/_Concurrency.swiftmodule/arm64-apple-ios-simulator.swiftmodule'
note: a dependency of Swift module 'System': '/Applications/Xcode.app/Contents/Developer/Toolchains/XcodeDefault.xctoolchain/usr/lib/swift/iphonesimulator/prebuilt-modules/26.2/System.swiftmodule/arm64-apple-ios-simulator.swiftmodule'
note: a dependency of Swift module 'Observation': '/Applications/Xcode.app/Contents/Developer/Toolchains/XcodeDefault.xctoolchain/usr/lib/swift/iphonesimulator/prebuilt-modules/26.2/Observation.swiftmodule/arm64-apple-ios-simulator.swiftmodule'
note: a dependency of Swift module 'ObjectiveC': '/Applications/Xcode.app/Contents/Developer/Toolchains/XcodeDefault.xctoolchain/usr/lib/swift/iphonesimulator/prebuilt-modules/26.2/ObjectiveC.swiftmodule/arm64-apple-ios-simulator.swiftmodule'
note: a dependency of Swift module 'Dispatch': '/Applications/Xcode.app/Contents/Developer/Toolchains/XcodeDefault.xctoolchain/usr/lib/swift/iphonesimulator/prebuilt-modules/26.2/Dispatch.swiftmodule/arm64-apple-ios-simulator.swiftmodule'
note: a dependency of Swift module 'CoreFoundation': '/Applications/Xcode.app/Contents/Developer/Toolchains/XcodeDefault.xctoolchain/usr/lib/swift/iphonesimulator/prebuilt-modules/26.2/CoreFoundation.swiftmodule/arm64-apple-ios-simulator.swiftmodule'
note: a dependency of Swift module 'Foundation': '/Applications/Xcode.app/Contents/Developer/Toolchains/XcodeDefault.xctoolchain/usr/lib/swift/iphonesimulator/prebuilt-modules/26.2/Foundation.swiftmodule/arm64-apple-ios-simulator.swiftmodule'
note: a dependency of Swift module 'CoreData': '/Applications/Xcode.app/Contents/Developer/Toolchains/XcodeDefault.xctoolchain/usr/lib/swift/iphonesimulator/prebuilt-modules/26.2/CoreData.swiftmodule/arm64-apple-ios-simulator.swiftmodule'
note: a dependency of Swift module 'Combine': '/Applications/Xcode.app/Contents/Developer/Toolchains/XcodeDefault.xctoolchain/usr/lib/swift/iphonesimulator/prebuilt-modules/26.2/Combine.swiftmodule/arm64-apple-ios-simulator.swiftmodule'
note: a dependency of Swift module 'SwiftUI': '/Applications/Xcode.app/Contents/Developer/Toolchains/XcodeDefault.xctoolchain/usr/lib/swift/iphonesimulator/prebuilt-modules/26.2/SwiftUI.swiftmodule/arm64-apple-ios-simulator.swiftmodule'
note: a dependency of Swift module '_Concurrency': '/Applications/Xcode.app/Contents/Developer/Toolchains/XcodeDefault.xctoolchain/usr/lib/swift/iphonesimulator/prebuilt-modules/26.2/_Concurrency.swiftmodule/arm64-apple-ios-simulator.swiftmodule'
note: a dependency of main module 'InkOS'
note: a dependency of Swift module '_Concurrency': '/Applications/Xcode.app/Contents/Developer/Toolchains/XcodeDefault.xctoolchain/usr/lib/swift/iphonesimulator/prebuilt-modules/26.2/_Concurrency.swiftmodule/arm64-apple-ios-simulator.swiftmodule'
note: a dependency of Swift module 'System': '/Applications/Xcode.app/Contents/Developer/Toolchains/XcodeDefault.xctoolchain/usr/lib/swift/iphonesimulator/prebuilt-modules/26.2/System.swiftmodule/arm64-apple-ios-simulator.swiftmodule'
note: a dependency of Swift module 'Observation': '/Applications/Xcode.app/Contents/Developer/Toolchains/XcodeDefault.xctoolchain/usr/lib/swift/iphonesimulator/prebuilt-modules/26.2/Observation.swiftmodule/arm64-apple-ios-simulator.swiftmodule'
note: a dependency of Swift module 'ObjectiveC': '/Applications/Xcode.app/Contents/Developer/Toolchains/XcodeDefault.xctoolchain/usr/lib/swift/iphonesimulator/prebuilt-modules/26.2/ObjectiveC.swiftmodule/arm64-apple-ios-simulator.swiftmodule'
note: a dependency of Swift module 'Dispatch': '/Applications/Xcode.app/Contents/Developer/Toolchains/XcodeDefault.xctoolchain/usr/lib/swift/iphonesimulator/prebuilt-modules/26.2/Dispatch.swiftmodule/arm64-apple-ios-simulator.swiftmodule'
note: a dependency of Swift module 'CoreFoundation': '/Applications/Xcode.app/Contents/Developer/Toolchains/XcodeDefault.xctoolchain/usr/lib/swift/iphonesimulator/prebuilt-modules/26.2/CoreFoundation.swiftmodule/arm64-apple-ios-simulator.swiftmodule'
note: a dependency of Swift module 'Foundation': '/Applications/Xcode.app/Contents/Developer/Toolchains/XcodeDefault.xctoolchain/usr/lib/swift/iphonesimulator/prebuilt-modules/26.2/Foundation.swiftmodule/arm64-apple-ios-simulator.swiftmodule'
note: a dependency of Swift module 'CoreData': '/Applications/Xcode.app/Contents/Developer/Toolchains/XcodeDefault.xctoolchain/usr/lib/swift/iphonesimulator/prebuilt-modules/26.2/CoreData.swiftmodule/arm64-apple-ios-simulator.swiftmodule'
note: a dependency of Swift module 'Combine': '/Applications/Xcode.app/Contents/Developer/Toolchains/XcodeDefault.xctoolchain/usr/lib/swift/iphonesimulator/prebuilt-modules/26.2/Combine.swiftmodule/arm64-apple-ios-simulator.swiftmodule'
note: a dependency of Swift module 'SwiftUI': '/Applications/Xcode.app/Contents/Developer/Toolchains/XcodeDefault.xctoolchain/usr/lib/swift/iphonesimulator/prebuilt-modules/26.2/SwiftUI.swiftmodule/arm64-apple-ios-simulator.swiftmodule'
note: a dependency of Swift module '_Concurrency': '/Applications/Xcode.app/Contents/Developer/Toolchains/XcodeDefault.xctoolchain/usr/lib/swift/iphonesimulator/prebuilt-modules/26.2/_Concurrency.swiftmodule/arm64-apple-ios-simulator.swiftmodule'
note: a dependency of main module 'InkOS'
note: a dependency of Swift module '_Concurrency': '/Applications/Xcode.app/Contents/Developer/Toolchains/XcodeDefault.xctoolchain/usr/lib/swift/iphonesimulator/prebuilt-modules/26.2/_Concurrency.swiftmodule/arm64-apple-ios-simulator.swiftmodule'
note: a dependency of Swift module 'Observation': '/Applications/Xcode.app/Contents/Developer/Toolchains/XcodeDefault.xctoolchain/usr/lib/swift/iphonesimulator/prebuilt-modules/26.2/Observation.swiftmodule/arm64-apple-ios-simulator.swiftmodule'
note: a dependency of Swift module 'ObjectiveC': '/Applications/Xcode.app/Contents/Developer/Toolchains/XcodeDefault.xctoolchain/usr/lib/swift/iphonesimulator/prebuilt-modules/26.2/ObjectiveC.swiftmodule/arm64-apple-ios-simulator.swiftmodule'
note: a dependency of Swift module 'Dispatch': '/Applications/Xcode.app/Contents/Developer/Toolchains/XcodeDefault.xctoolchain/usr/lib/swift/iphonesimulator/prebuilt-modules/26.2/Dispatch.swiftmodule/arm64-apple-ios-simulator.swiftmodule'
note: a dependency of Swift module 'CoreFoundation': '/Applications/Xcode.app/Contents/Developer/Toolchains/XcodeDefault.xctoolchain/usr/lib/swift/iphonesimulator/prebuilt-modules/26.2/CoreFoundation.swiftmodule/arm64-apple-ios-simulator.swiftmodule'
note: a dependency of Swift module 'Foundation': '/Applications/Xcode.app/Contents/Developer/Toolchains/XcodeDefault.xctoolchain/usr/lib/swift/iphonesimulator/prebuilt-modules/26.2/Foundation.swiftmodule/arm64-apple-ios-simulator.swiftmodule'
note: a dependency of Swift module 'CoreData': '/Applications/Xcode.app/Contents/Developer/Toolchains/XcodeDefault.xctoolchain/usr/lib/swift/iphonesimulator/prebuilt-modules/26.2/CoreData.swiftmodule/arm64-apple-ios-simulator.swiftmodule'
note: a dependency of Swift module 'Combine': '/Applications/Xcode.app/Contents/Developer/Toolchains/XcodeDefault.xctoolchain/usr/lib/swift/iphonesimulator/prebuilt-modules/26.2/Combine.swiftmodule/arm64-apple-ios-simulator.swiftmodule'
note: a dependency of Swift module 'SwiftUI': '/Applications/Xcode.app/Contents/Developer/Toolchains/XcodeDefault.xctoolchain/usr/lib/swift/iphonesimulator/prebuilt-modules/26.2/SwiftUI.swiftmodule/arm64-apple-ios-simulator.swiftmodule'
note: a dependency of Swift module '_Concurrency': '/Applications/Xcode.app/Contents/Developer/Toolchains/XcodeDefault.xctoolchain/usr/lib/swift/iphonesimulator/prebuilt-modules/26.2/_Concurrency.swiftmodule/arm64-apple-ios-simulator.swiftmodule'
note: a dependency of main module 'InkOS'
note: a dependency of Swift module '_Concurrency': '/Applications/Xcode.app/Contents/Developer/Toolchains/XcodeDefault.xctoolchain/usr/lib/swift/iphonesimulator/prebuilt-modules/26.2/_Concurrency.swiftmodule/arm64-apple-ios-simulator.swiftmodule'
note: a dependency of Swift module 'ObjectiveC': '/Applications/Xcode.app/Contents/Developer/Toolchains/XcodeDefault.xctoolchain/usr/lib/swift/iphonesimulator/prebuilt-modules/26.2/ObjectiveC.swiftmodule/arm64-apple-ios-simulator.swiftmodule'
note: a dependency of Swift module 'Dispatch': '/Applications/Xcode.app/Contents/Developer/Toolchains/XcodeDefault.xctoolchain/usr/lib/swift/iphonesimulator/prebuilt-modules/26.2/Dispatch.swiftmodule/arm64-apple-ios-simulator.swiftmodule'
note: a dependency of Swift module 'CoreFoundation': '/Applications/Xcode.app/Contents/Developer/Toolchains/XcodeDefault.xctoolchain/usr/lib/swift/iphonesimulator/prebuilt-modules/26.2/CoreFoundation.swiftmodule/arm64-apple-ios-simulator.swiftmodule'
note: a dependency of Swift module 'Foundation': '/Applications/Xcode.app/Contents/Developer/Toolchains/XcodeDefault.xctoolchain/usr/lib/swift/iphonesimulator/prebuilt-modules/26.2/Foundation.swiftmodule/arm64-apple-ios-simulator.swiftmodule'
note: a dependency of Swift module 'CoreData': '/Applications/Xcode.app/Contents/Developer/Toolchains/XcodeDefault.xctoolchain/usr/lib/swift/iphonesimulator/prebuilt-modules/26.2/CoreData.swiftmodule/arm64-apple-ios-simulator.swiftmodule'
note: a dependency of Swift module 'Combine': '/Applications/Xcode.app/Contents/Developer/Toolchains/XcodeDefault.xctoolchain/usr/lib/swift/iphonesimulator/prebuilt-modules/26.2/Combine.swiftmodule/arm64-apple-ios-simulator.swiftmodule'
note: a dependency of Swift module 'SwiftUI': '/Applications/Xcode.app/Contents/Developer/Toolchains/XcodeDefault.xctoolchain/usr/lib/swift/iphonesimulator/prebuilt-modules/26.2/SwiftUI.swiftmodule/arm64-apple-ios-simulator.swiftmodule'
note: a dependency of Swift module '_Concurrency': '/Applications/Xcode.app/Contents/Developer/Toolchains/XcodeDefault.xctoolchain/usr/lib/swift/iphonesimulator/prebuilt-modules/26.2/_Concurrency.swiftmodule/arm64-apple-ios-simulator.swiftmodule'
note: a dependency of main module 'InkOS'
note: a dependency of Swift module '_Concurrency': '/Applications/Xcode.app/Contents/Developer/Toolchains/XcodeDefault.xctoolchain/usr/lib/swift/iphonesimulator/prebuilt-modules/26.2/_Concurrency.swiftmodule/arm64-apple-ios-simulator.swiftmodule'
note: a dependency of Swift module 'Dispatch': '/Applications/Xcode.app/Contents/Developer/Toolchains/XcodeDefault.xctoolchain/usr/lib/swift/iphonesimulator/prebuilt-modules/26.2/Dispatch.swiftmodule/arm64-apple-ios-simulator.swiftmodule'
note: a dependency of Swift module 'CoreFoundation': '/Applications/Xcode.app/Contents/Developer/Toolchains/XcodeDefault.xctoolchain/usr/lib/swift/iphonesimulator/prebuilt-modules/26.2/CoreFoundation.swiftmodule/arm64-apple-ios-simulator.swiftmodule'
note: a dependency of Swift module 'Foundation': '/Applications/Xcode.app/Contents/Developer/Toolchains/XcodeDefault.xctoolchain/usr/lib/swift/iphonesimulator/prebuilt-modules/26.2/Foundation.swiftmodule/arm64-apple-ios-simulator.swiftmodule'
note: a dependency of Swift module 'CoreData': '/Applications/Xcode.app/Contents/Developer/Toolchains/XcodeDefault.xctoolchain/usr/lib/swift/iphonesimulator/prebuilt-modules/26.2/CoreData.swiftmodule/arm64-apple-ios-simulator.swiftmodule'
note: a dependency of Swift module 'Combine': '/Applications/Xcode.app/Contents/Developer/Toolchains/XcodeDefault.xctoolchain/usr/lib/swift/iphonesimulator/prebuilt-modules/26.2/Combine.swiftmodule/arm64-apple-ios-simulator.swiftmodule'
note: a dependency of Swift module 'SwiftUI': '/Applications/Xcode.app/Contents/Developer/Toolchains/XcodeDefault.xctoolchain/usr/lib/swift/iphonesimulator/prebuilt-modules/26.2/SwiftUI.swiftmodule/arm64-apple-ios-simulator.swiftmodule'
note: a dependency of Swift module '_Concurrency': '/Applications/Xcode.app/Contents/Developer/Toolchains/XcodeDefault.xctoolchain/usr/lib/swift/iphonesimulator/prebuilt-modules/26.2/_Concurrency.swiftmodule/arm64-apple-ios-simulator.swiftmodule'
note: a dependency of main module 'InkOS'
note: a dependency of Swift module '_Concurrency': '/Applications/Xcode.app/Contents/Developer/Toolchains/XcodeDefault.xctoolchain/usr/lib/swift/iphonesimulator/prebuilt-modules/26.2/_Concurrency.swiftmodule/arm64-apple-ios-simulator.swiftmodule'
note: a dependency of Swift module 'CoreFoundation': '/Applications/Xcode.app/Contents/Developer/Toolchains/XcodeDefault.xctoolchain/usr/lib/swift/iphonesimulator/prebuilt-modules/26.2/CoreFoundation.swiftmodule/arm64-apple-ios-simulator.swiftmodule'
note: a dependency of Swift module 'Foundation': '/Applications/Xcode.app/Contents/Developer/Toolchains/XcodeDefault.xctoolchain/usr/lib/swift/iphonesimulator/prebuilt-modules/26.2/Foundation.swiftmodule/arm64-apple-ios-simulator.swiftmodule'
note: a dependency of Swift module 'CoreData': '/Applications/Xcode.app/Contents/Developer/Toolchains/XcodeDefault.xctoolchain/usr/lib/swift/iphonesimulator/prebuilt-modules/26.2/CoreData.swiftmodule/arm64-apple-ios-simulator.swiftmodule'
note: a dependency of Swift module 'Combine': '/Applications/Xcode.app/Contents/Developer/Toolchains/XcodeDefault.xctoolchain/usr/lib/swift/iphonesimulator/prebuilt-modules/26.2/Combine.swiftmodule/arm64-apple-ios-simulator.swiftmodule'
note: a dependency of Swift module 'SwiftUI': '/Applications/Xcode.app/Contents/Developer/Toolchains/XcodeDefault.xctoolchain/usr/lib/swift/iphonesimulator/prebuilt-modules/26.2/SwiftUI.swiftmodule/arm64-apple-ios-simulator.swiftmodule'
note: a dependency of Swift module '_Concurrency': '/Applications/Xcode.app/Contents/Developer/Toolchains/XcodeDefault.xctoolchain/usr/lib/swift/iphonesimulator/prebuilt-modules/26.2/_Concurrency.swiftmodule/arm64-apple-ios-simulator.swiftmodule'
note: a dependency of main module 'InkOS'
note: a dependency of Swift module '_Concurrency': '/Applications/Xcode.app/Contents/Developer/Toolchains/XcodeDefault.xctoolchain/usr/lib/swift/iphonesimulator/prebuilt-modules/26.2/_Concurrency.swiftmodule/arm64-apple-ios-simulator.swiftmodule'
note: a dependency of Swift module 'Combine': '/Applications/Xcode.app/Contents/Developer/Toolchains/XcodeDefault.xctoolchain/usr/lib/swift/iphonesimulator/prebuilt-modules/26.2/Combine.swiftmodule/arm64-apple-ios-simulator.swiftmodule'
note: a dependency of Swift module 'SwiftUI': '/Applications/Xcode.app/Contents/Developer/Toolchains/XcodeDefault.xctoolchain/usr/lib/swift/iphonesimulator/prebuilt-modules/26.2/SwiftUI.swiftmodule/arm64-apple-ios-simulator.swiftmodule'
note: a dependency of Swift module '_Concurrency': '/Applications/Xcode.app/Contents/Developer/Toolchains/XcodeDefault.xctoolchain/usr/lib/swift/iphonesimulator/prebuilt-modules/26.2/_Concurrency.swiftmodule/arm64-apple-ios-simulator.swiftmodule'
note: a dependency of main module 'InkOS'
note: a dependency of Swift module '_Concurrency': '/Applications/Xcode.app/Contents/Developer/Toolchains/XcodeDefault.xctoolchain/usr/lib/swift/iphonesimulator/prebuilt-modules/26.2/_Concurrency.swiftmodule/arm64-apple-ios-simulator.swiftmodule'
note: a dependency of main module 'InkOS'
error: Unable to find module dependency: 'SwiftUI'
note: a dependency of Swift module 'SwiftUI': '/Applications/Xcode.app/Contents/Developer/Toolchains/XcodeDefault.xctoolchain/usr/lib/swift/iphonesimulator/prebuilt-modules/26.2/SwiftUI.swiftmodule/arm64-apple-ios-simulator.swiftmodule'
note: a dependency of main module 'InkOS'
error: Unable to find module dependency: '_SwiftConcurrencyShims'
note: a dependency of Swift module 'SwiftUI': '/Applications/Xcode.app/Contents/Developer/Toolchains/XcodeDefault.xctoolchain/usr/lib/swift/iphonesimulator/prebuilt-modules/26.2/SwiftUI.swiftmodule/arm64-apple-ios-simulator.swiftmodule'
note: a dependency of main module 'InkOS'
error: Unable to find module dependency: 'UIKit'
note: a dependency of Swift module 'UIKit': '/Applications/Xcode.app/Contents/Developer/Toolchains/XcodeDefault.xctoolchain/usr/lib/swift/iphonesimulator/prebuilt-modules/26.2/UIKit.swiftmodule/arm64-apple-ios-simulator.swiftmodule'
note: a dependency of Swift module 'SwiftUI': '/Applications/Xcode.app/Contents/Developer/Toolchains/XcodeDefault.xctoolchain/usr/lib/swift/iphonesimulator/prebuilt-modules/26.2/SwiftUI.swiftmodule/arm64-apple-ios-simulator.swiftmodule'
note: a dependency of main module 'InkOS'
note: a dependency of Swift module 'UIKit': '/Applications/Xcode.app/Contents/Developer/Toolchains/XcodeDefault.xctoolchain/usr/lib/swift/iphonesimulator/prebuilt-modules/26.2/UIKit.swiftmodule/arm64-apple-ios-simulator.swiftmodule'
note: a dependency of Swift module 'SwiftUI': '/Applications/Xcode.app/Contents/Developer/Toolchains/XcodeDefault.xctoolchain/usr/lib/swift/iphonesimulator/prebuilt-modules/26.2/SwiftUI.swiftmodule/arm64-apple-ios-simulator.swiftmodule'
note: a dependency of main module 'InkOS'
error: Unable to find module dependency: 'UIKit'
note: a dependency of Swift module 'UIKit': '/Applications/Xcode.app/Contents/Developer/Toolchains/XcodeDefault.xctoolchain/usr/lib/swift/iphonesimulator/prebuilt-modules/26.2/UIKit.swiftmodule/arm64-apple-ios-simulator.swiftmodule'
note: a dependency of Swift module 'SwiftUI': '/Applications/Xcode.app/Contents/Developer/Toolchains/XcodeDefault.xctoolchain/usr/lib/swift/iphonesimulator/prebuilt-modules/26.2/SwiftUI.swiftmodule/arm64-apple-ios-simulator.swiftmodule'
note: a dependency of main module 'InkOS'
note: a dependency of Swift module 'UIKit': '/Applications/Xcode.app/Contents/Developer/Toolchains/XcodeDefault.xctoolchain/usr/lib/swift/iphonesimulator/prebuilt-modules/26.2/UIKit.swiftmodule/arm64-apple-ios-simulator.swiftmodule'
note: a dependency of Swift module 'SwiftUI': '/Applications/Xcode.app/Contents/Developer/Toolchains/XcodeDefault.xctoolchain/usr/lib/swift/iphonesimulator/prebuilt-modules/26.2/SwiftUI.swiftmodule/arm64-apple-ios-simulator.swiftmodule'
note: a dependency of main module 'InkOS'
error: Unable to find module dependency: 'UIKit'
note: a dependency of Swift module 'UIKit': '/Applications/Xcode.app/Contents/Developer/Toolchains/XcodeDefault.xctoolchain/usr/lib/swift/iphonesimulator/prebuilt-modules/26.2/UIKit.swiftmodule/arm64-apple-ios-simulator.swiftmodule'
note: a dependency of Swift module 'SwiftUI': '/Applications/Xcode.app/Contents/Developer/Toolchains/XcodeDefault.xctoolchain/usr/lib/swift/iphonesimulator/prebuilt-modules/26.2/SwiftUI.swiftmodule/arm64-apple-ios-simulator.swiftmodule'
note: a dependency of main module 'InkOS'
note: a dependency of Swift module 'UIKit': '/Applications/Xcode.app/Contents/Developer/Toolchains/XcodeDefault.xctoolchain/usr/lib/swift/iphonesimulator/prebuilt-modules/26.2/UIKit.swiftmodule/arm64-apple-ios-simulator.swiftmodule'
note: a dependency of Swift module 'SwiftUI': '/Applications/Xcode.app/Contents/Developer/Toolchains/XcodeDefault.xctoolchain/usr/lib/swift/iphonesimulator/prebuilt-modules/26.2/SwiftUI.swiftmodule/arm64-apple-ios-simulator.swiftmodule'
note: a dependency of main module 'InkOS'
error: Unable to find module dependency: '_SwiftConcurrencyShims'
note: a dependency of Swift module 'UIKit': '/Applications/Xcode.app/Contents/Developer/Toolchains/XcodeDefault.xctoolchain/usr/lib/swift/iphonesimulator/prebuilt-modules/26.2/UIKit.swiftmodule/arm64-apple-ios-simulator.swiftmodule'
note: a dependency of Swift module 'SwiftUI': '/Applications/Xcode.app/Contents/Developer/Toolchains/XcodeDefault.xctoolchain/usr/lib/swift/iphonesimulator/prebuilt-modules/26.2/SwiftUI.swiftmodule/arm64-apple-ios-simulator.swiftmodule'
note: a dependency of main module 'InkOS'
note: a dependency of Swift module 'UIKit': '/Applications/Xcode.app/Contents/Developer/Toolchains/XcodeDefault.xctoolchain/usr/lib/swift/iphonesimulator/prebuilt-modules/26.2/UIKit.swiftmodule/arm64-apple-ios-simulator.swiftmodule'
note: a dependency of Swift module 'SwiftUI': '/Applications/Xcode.app/Contents/Developer/Toolchains/XcodeDefault.xctoolchain/usr/lib/swift/iphonesimulator/prebuilt-modules/26.2/SwiftUI.swiftmodule/arm64-apple-ios-simulator.swiftmodule'
note: a dependency of main module 'InkOS'
error: Unable to find module dependency: '_SwiftConcurrencyShims'
note: a dependency of Swift module 'Combine': '/Applications/Xcode.app/Contents/Developer/Toolchains/XcodeDefault.xctoolchain/usr/lib/swift/iphonesimulator/prebuilt-modules/26.2/Combine.swiftmodule/arm64-apple-ios-simulator.swiftmodule'
note: a dependency of Swift module 'CoreTransferable': '/Applications/Xcode.app/Contents/Developer/Toolchains/XcodeDefault.xctoolchain/usr/lib/swift/iphonesimulator/prebuilt-modules/26.2/CoreTransferable.swiftmodule/arm64-apple-ios-simulator.swiftmodule'
note: a dependency of Swift module 'Foundation': '/Applications/Xcode.app/Contents/Developer/Toolchains/XcodeDefault.xctoolchain/usr/lib/swift/iphonesimulator/prebuilt-modules/26.2/Foundation.swiftmodule/arm64-apple-ios-simulator.swiftmodule'
note: a dependency of Swift module 'Combine': '/Applications/Xcode.app/Contents/Developer/Toolchains/XcodeDefault.xctoolchain/usr/lib/swift/iphonesimulator/prebuilt-modules/26.2/Combine.swiftmodule/arm64-apple-ios-simulator.swiftmodule'
note: a dependency of Swift module 'CoreData': '/Applications/Xcode.app/Contents/Developer/Toolchains/XcodeDefault.xctoolchain/usr/lib/swift/iphonesimulator/prebuilt-modules/26.2/CoreData.swiftmodule/arm64-apple-ios-simulator.swiftmodule'
note: a dependency of Swift module 'Combine': '/Applications/Xcode.app/Contents/Developer/Toolchains/XcodeDefault.xctoolchain/usr/lib/swift/iphonesimulator/prebuilt-modules/26.2/Combine.swiftmodule/arm64-apple-ios-simulator.swiftmodule'
note: a dependency of Swift module 'SwiftUI': '/Applications/Xcode.app/Contents/Developer/Toolchains/XcodeDefault.xctoolchain/usr/lib/swift/iphonesimulator/prebuilt-modules/26.2/SwiftUI.swiftmodule/arm64-apple-ios-simulator.swiftmodule'
note: a dependency of main module 'InkOS'
note: a dependency of Swift module 'Combine': '/Applications/Xcode.app/Contents/Developer/Toolchains/XcodeDefault.xctoolchain/usr/lib/swift/iphonesimulator/prebuilt-modules/26.2/Combine.swiftmodule/arm64-apple-ios-simulator.swiftmodule'
note: a dependency of Swift module 'SwiftUICore': '/Applications/Xcode.app/Contents/Developer/Toolchains/XcodeDefault.xctoolchain/usr/lib/swift/iphonesimulator/prebuilt-modules/26.2/SwiftUICore.swiftmodule/arm64-apple-ios-simulator.swiftmodule'
note: a dependency of Swift module 'CoreTransferable': '/Applications/Xcode.app/Contents/Developer/Toolchains/XcodeDefault.xctoolchain/usr/lib/swift/iphonesimulator/prebuilt-modules/26.2/CoreTransferable.swiftmodule/arm64-apple-ios-simulator.swiftmodule'
note: a dependency of Swift module 'Foundation': '/Applications/Xcode.app/Contents/Developer/Toolchains/XcodeDefault.xctoolchain/usr/lib/swift/iphonesimulator/prebuilt-modules/26.2/Foundation.swiftmodule/arm64-apple-ios-simulator.swiftmodule'
note: a dependency of Swift module 'Combine': '/Applications/Xcode.app/Contents/Developer/Toolchains/XcodeDefault.xctoolchain/usr/lib/swift/iphonesimulator/prebuilt-modules/26.2/Combine.swiftmodule/arm64-apple-ios-simulator.swiftmodule'
note: a dependency of Swift module 'CoreData': '/Applications/Xcode.app/Contents/Developer/Toolchains/XcodeDefault.xctoolchain/usr/lib/swift/iphonesimulator/prebuilt-modules/26.2/CoreData.swiftmodule/arm64-apple-ios-simulator.swiftmodule'
note: a dependency of Swift module 'Combine': '/Applications/Xcode.app/Contents/Developer/Toolchains/XcodeDefault.xctoolchain/usr/lib/swift/iphonesimulator/prebuilt-modules/26.2/Combine.swiftmodule/arm64-apple-ios-simulator.swiftmodule'
note: a dependency of Swift module 'SwiftUI': '/Applications/Xcode.app/Contents/Developer/Toolchains/XcodeDefault.xctoolchain/usr/lib/swift/iphonesimulator/prebuilt-modules/26.2/SwiftUI.swiftmodule/arm64-apple-ios-simulator.swiftmodule'
note: a dependency of main module 'InkOS'
note: a dependency of Swift module 'Combine': '/Applications/Xcode.app/Contents/Developer/Toolchains/XcodeDefault.xctoolchain/usr/lib/swift/iphonesimulator/prebuilt-modules/26.2/Combine.swiftmodule/arm64-apple-ios-simulator.swiftmodule'
note: a dependency of Swift module 'CoreTransferable': '/Applications/Xcode.app/Contents/Developer/Toolchains/XcodeDefault.xctoolchain/usr/lib/swift/iphonesimulator/prebuilt-modules/26.2/CoreTransferable.swiftmodule/arm64-apple-ios-simulator.swiftmodule'
note: a dependency of Swift module 'Foundation': '/Applications/Xcode.app/Contents/Developer/Toolchains/XcodeDefault.xctoolchain/usr/lib/swift/iphonesimulator/prebuilt-modules/26.2/Foundation.swiftmodule/arm64-apple-ios-simulator.swiftmodule'
note: a dependency of Swift module 'Combine': '/Applications/Xcode.app/Contents/Developer/Toolchains/XcodeDefault.xctoolchain/usr/lib/swift/iphonesimulator/prebuilt-modules/26.2/Combine.swiftmodule/arm64-apple-ios-simulator.swiftmodule'
note: a dependency of Swift module 'CoreData': '/Applications/Xcode.app/Contents/Developer/Toolchains/XcodeDefault.xctoolchain/usr/lib/swift/iphonesimulator/prebuilt-modules/26.2/CoreData.swiftmodule/arm64-apple-ios-simulator.swiftmodule'
note: a dependency of Swift module 'Combine': '/Applications/Xcode.app/Contents/Developer/Toolchains/XcodeDefault.xctoolchain/usr/lib/swift/iphonesimulator/prebuilt-modules/26.2/Combine.swiftmodule/arm64-apple-ios-simulator.swiftmodule'
note: a dependency of Swift module 'SwiftUI': '/Applications/Xcode.app/Contents/Developer/Toolchains/XcodeDefault.xctoolchain/usr/lib/swift/iphonesimulator/prebuilt-modules/26.2/SwiftUI.swiftmodule/arm64-apple-ios-simulator.swiftmodule'
note: a dependency of main module 'InkOS'
note: a dependency of Swift module 'Combine': '/Applications/Xcode.app/Contents/Developer/Toolchains/XcodeDefault.xctoolchain/usr/lib/swift/iphonesimulator/prebuilt-modules/26.2/Combine.swiftmodule/arm64-apple-ios-simulator.swiftmodule'
note: a dependency of Swift module 'Dispatch': '/Applications/Xcode.app/Contents/Developer/Toolchains/XcodeDefault.xctoolchain/usr/lib/swift/iphonesimulator/prebuilt-modules/26.2/Dispatch.swiftmodule/arm64-apple-ios-simulator.swiftmodule'
note: a dependency of Swift module 'Combine': '/Applications/Xcode.app/Contents/Developer/Toolchains/XcodeDefault.xctoolchain/usr/lib/swift/iphonesimulator/prebuilt-modules/26.2/Combine.swiftmodule/arm64-apple-ios-simulator.swiftmodule'
note: a dependency of Swift module 'Foundation': '/Applications/Xcode.app/Contents/Developer/Toolchains/XcodeDefault.xctoolchain/usr/lib/swift/iphonesimulator/prebuilt-modules/26.2/Foundation.swiftmodule/arm64-apple-ios-simulator.swiftmodule'
note: a dependency of Swift module 'Combine': '/Applications/Xcode.app/Contents/Developer/Toolchains/XcodeDefault.xctoolchain/usr/lib/swift/iphonesimulator/prebuilt-modules/26.2/Combine.swiftmodule/arm64-apple-ios-simulator.swiftmodule'
note: a dependency of Swift module 'CoreData': '/Applications/Xcode.app/Contents/Developer/Toolchains/XcodeDefault.xctoolchain/usr/lib/swift/iphonesimulator/prebuilt-modules/26.2/CoreData.swiftmodule/arm64-apple-ios-simulator.swiftmodule'
note: a dependency of Swift module 'Combine': '/Applications/Xcode.app/Contents/Developer/Toolchains/XcodeDefault.xctoolchain/usr/lib/swift/iphonesimulator/prebuilt-modules/26.2/Combine.swiftmodule/arm64-apple-ios-simulator.swiftmodule'
note: a dependency of Swift module 'SwiftUI': '/Applications/Xcode.app/Contents/Developer/Toolchains/XcodeDefault.xctoolchain/usr/lib/swift/iphonesimulator/prebuilt-modules/26.2/SwiftUI.swiftmodule/arm64-apple-ios-simulator.swiftmodule'
note: a dependency of main module 'InkOS'
note: a dependency of Swift module 'Combine': '/Applications/Xcode.app/Contents/Developer/Toolchains/XcodeDefault.xctoolchain/usr/lib/swift/iphonesimulator/prebuilt-modules/26.2/Combine.swiftmodule/arm64-apple-ios-simulator.swiftmodule'
note: a dependency of Swift module 'Foundation': '/Applications/Xcode.app/Contents/Developer/Toolchains/XcodeDefault.xctoolchain/usr/lib/swift/iphonesimulator/prebuilt-modules/26.2/Foundation.swiftmodule/arm64-apple-ios-simulator.swiftmodule'
note: a dependency of Swift module 'Combine': '/Applications/Xcode.app/Contents/Developer/Toolchains/XcodeDefault.xctoolchain/usr/lib/swift/iphonesimulator/prebuilt-modules/26.2/Combine.swiftmodule/arm64-apple-ios-simulator.swiftmodule'
note: a dependency of Swift module 'CoreData': '/Applications/Xcode.app/Contents/Developer/Toolchains/XcodeDefault.xctoolchain/usr/lib/swift/iphonesimulator/prebuilt-modules/26.2/CoreData.swiftmodule/arm64-apple-ios-simulator.swiftmodule'
note: a dependency of Swift module 'Combine': '/Applications/Xcode.app/Contents/Developer/Toolchains/XcodeDefault.xctoolchain/usr/lib/swift/iphonesimulator/prebuilt-modules/26.2/Combine.swiftmodule/arm64-apple-ios-simulator.swiftmodule'
note: a dependency of Swift module 'SwiftUI': '/Applications/Xcode.app/Contents/Developer/Toolchains/XcodeDefault.xctoolchain/usr/lib/swift/iphonesimulator/prebuilt-modules/26.2/SwiftUI.swiftmodule/arm64-apple-ios-simulator.swiftmodule'
note: a dependency of main module 'InkOS'
note: a dependency of Swift module 'Combine': '/Applications/Xcode.app/Contents/Developer/Toolchains/XcodeDefault.xctoolchain/usr/lib/swift/iphonesimulator/prebuilt-modules/26.2/Combine.swiftmodule/arm64-apple-ios-simulator.swiftmodule'
note: a dependency of Swift module 'CoreData': '/Applications/Xcode.app/Contents/Developer/Toolchains/XcodeDefault.xctoolchain/usr/lib/swift/iphonesimulator/prebuilt-modules/26.2/CoreData.swiftmodule/arm64-apple-ios-simulator.swiftmodule'
note: a dependency of Swift module 'Combine': '/Applications/Xcode.app/Contents/Developer/Toolchains/XcodeDefault.xctoolchain/usr/lib/swift/iphonesimulator/prebuilt-modules/26.2/Combine.swiftmodule/arm64-apple-ios-simulator.swiftmodule'
note: a dependency of Swift module 'SwiftUI': '/Applications/Xcode.app/Contents/Developer/Toolchains/XcodeDefault.xctoolchain/usr/lib/swift/iphonesimulator/prebuilt-modules/26.2/SwiftUI.swiftmodule/arm64-apple-ios-simulator.swiftmodule'
note: a dependency of main module 'InkOS'
note: a dependency of Swift module 'Combine': '/Applications/Xcode.app/Contents/Developer/Toolchains/XcodeDefault.xctoolchain/usr/lib/swift/iphonesimulator/prebuilt-modules/26.2/Combine.swiftmodule/arm64-apple-ios-simulator.swiftmodule'
note: a dependency of Swift module 'SwiftUI': '/Applications/Xcode.app/Contents/Developer/Toolchains/XcodeDefault.xctoolchain/usr/lib/swift/iphonesimulator/prebuilt-modules/26.2/SwiftUI.swiftmodule/arm64-apple-ios-simulator.swiftmodule'
note: a dependency of main module 'InkOS'
error: Unable to find module dependency: 'Foundation'
note: a dependency of Swift module 'Foundation': '/Applications/Xcode.app/Contents/Developer/Toolchains/XcodeDefault.xctoolchain/usr/lib/swift/iphonesimulator/prebuilt-modules/26.2/Foundation.swiftmodule/arm64-apple-ios-simulator.swiftmodule'
note: a dependency of Swift module 'DataDetection': '/Applications/Xcode.app/Contents/Developer/Toolchains/XcodeDefault.xctoolchain/usr/lib/swift/iphonesimulator/prebuilt-modules/26.2/DataDetection.swiftmodule/arm64-apple-ios-simulator.swiftmodule'
note: a dependency of Swift module 'CoreText': '/Applications/Xcode.app/Contents/Developer/Toolchains/XcodeDefault.xctoolchain/usr/lib/swift/iphonesimulator/prebuilt-modules/26.2/CoreText.swiftmodule/arm64-apple-ios-simulator.swiftmodule'
note: a dependency of Swift module 'UIKit': '/Applications/Xcode.app/Contents/Developer/Toolchains/XcodeDefault.xctoolchain/usr/lib/swift/iphonesimulator/prebuilt-modules/26.2/UIKit.swiftmodule/arm64-apple-ios-simulator.swiftmodule'
note: a dependency of Swift module 'Accessibility': '/Applications/Xcode.app/Contents/Developer/Toolchains/XcodeDefault.xctoolchain/usr/lib/swift/iphonesimulator/prebuilt-modules/26.2/Accessibility.swiftmodule/arm64-apple-ios-simulator.swiftmodule'
note: a dependency of Swift module 'SwiftUICore': '/Applications/Xcode.app/Contents/Developer/Toolchains/XcodeDefault.xctoolchain/usr/lib/swift/iphonesimulator/prebuilt-modules/26.2/SwiftUICore.swiftmodule/arm64-apple-ios-simulator.swiftmodule'
note: a dependency of Swift module 'OSLog': '/Applications/Xcode.app/Contents/Developer/Toolchains/XcodeDefault.xctoolchain/usr/lib/swift/iphonesimulator/prebuilt-modules/26.2/OSLog.swiftmodule/arm64-apple-ios-simulator.swiftmodule'
note: a dependency of Swift module 'Foundation': '/Applications/Xcode.app/Contents/Developer/Toolchains/XcodeDefault.xctoolchain/usr/lib/swift/iphonesimulator/prebuilt-modules/26.2/Foundation.swiftmodule/arm64-apple-ios-simulator.swiftmodule'
note: a dependency of Swift module 'DeveloperToolsSupport': '/Applications/Xcode.app/Contents/Developer/Toolchains/XcodeDefault.xctoolchain/usr/lib/swift/iphonesimulator/prebuilt-modules/26.2/DeveloperToolsSupport.swiftmodule/arm64-apple-ios-simulator.swiftmodule'
note: a dependency of Swift module 'Foundation': '/Applications/Xcode.app/Contents/Developer/Toolchains/XcodeDefault.xctoolchain/usr/lib/swift/iphonesimulator/prebuilt-modules/26.2/Foundation.swiftmodule/arm64-apple-ios-simulator.swiftmodule'
note: a dependency of Swift module 'CoreTransferable': '/Applications/Xcode.app/Contents/Developer/Toolchains/XcodeDefault.xctoolchain/usr/lib/swift/iphonesimulator/prebuilt-modules/26.2/CoreTransferable.swiftmodule/arm64-apple-ios-simulator.swiftmodule'
note: a dependency of Swift module 'CoreGraphics': '/Applications/Xcode.app/Contents/Developer/Toolchains/XcodeDefault.xctoolchain/usr/lib/swift/iphonesimulator/prebuilt-modules/26.2/CoreGraphics.swiftmodule/arm64-apple-ios-simulator.swiftmodule'
note: a dependency of Swift module 'CoreData': '/Applications/Xcode.app/Contents/Developer/Toolchains/XcodeDefault.xctoolchain/usr/lib/swift/iphonesimulator/prebuilt-modules/26.2/CoreData.swiftmodule/arm64-apple-ios-simulator.swiftmodule'
note: a dependency of Swift module 'SwiftUI': '/Applications/Xcode.app/Contents/Developer/Toolchains/XcodeDefault.xctoolchain/usr/lib/swift/iphonesimulator/prebuilt-modules/26.2/SwiftUI.swiftmodule/arm64-apple-ios-simulator.swiftmodule'
note: a dependency of main module 'InkOS'
note: a dependency of Swift module 'Foundation': '/Applications/Xcode.app/Contents/Developer/Toolchains/XcodeDefault.xctoolchain/usr/lib/swift/iphonesimulator/prebuilt-modules/26.2/Foundation.swiftmodule/arm64-apple-ios-simulator.swiftmodule'
note: a dependency of Swift module 'QuartzCore': '/Applications/Xcode.app/Contents/Developer/Toolchains/XcodeDefault.xctoolchain/usr/lib/swift/iphonesimulator/prebuilt-modules/26.2/QuartzCore.swiftmodule/arm64-apple-ios-simulator.swiftmodule'
note: a dependency of Swift module 'Foundation': '/Applications/Xcode.app/Contents/Developer/Toolchains/XcodeDefault.xctoolchain/usr/lib/swift/iphonesimulator/prebuilt-modules/26.2/Foundation.swiftmodule/arm64-apple-ios-simulator.swiftmodule'
note: a dependency of Swift module 'DataDetection': '/Applications/Xcode.app/Contents/Developer/Toolchains/XcodeDefault.xctoolchain/usr/lib/swift/iphonesimulator/prebuilt-modules/26.2/DataDetection.swiftmodule/arm64-apple-ios-simulator.swiftmodule'
note: a dependency of Swift module 'CoreText': '/Applications/Xcode.app/Contents/Developer/Toolchains/XcodeDefault.xctoolchain/usr/lib/swift/iphonesimulator/prebuilt-modules/26.2/CoreText.swiftmodule/arm64-apple-ios-simulator.swiftmodule'
note: a dependency of Swift module 'UIKit': '/Applications/Xcode.app/Contents/Developer/Toolchains/XcodeDefault.xctoolchain/usr/lib/swift/iphonesimulator/prebuilt-modules/26.2/UIKit.swiftmodule/arm64-apple-ios-simulator.swiftmodule'
note: a dependency of Swift module 'Accessibility': '/Applications/Xcode.app/Contents/Developer/Toolchains/XcodeDefault.xctoolchain/usr/lib/swift/iphonesimulator/prebuilt-modules/26.2/Accessibility.swiftmodule/arm64-apple-ios-simulator.swiftmodule'
note: a dependency of Swift module 'SwiftUICore': '/Applications/Xcode.app/Contents/Developer/Toolchains/XcodeDefault.xctoolchain/usr/lib/swift/iphonesimulator/prebuilt-modules/26.2/SwiftUICore.swiftmodule/arm64-apple-ios-simulator.swiftmodule'
note: a dependency of Swift module 'OSLog': '/Applications/Xcode.app/Contents/Developer/Toolchains/XcodeDefault.xctoolchain/usr/lib/swift/iphonesimulator/prebuilt-modules/26.2/OSLog.swiftmodule/arm64-apple-ios-simulator.swiftmodule'
note: a dependency of Swift module 'Foundation': '/Applications/Xcode.app/Contents/Developer/Toolchains/XcodeDefault.xctoolchain/usr/lib/swift/iphonesimulator/prebuilt-modules/26.2/Foundation.swiftmodule/arm64-apple-ios-simulator.swiftmodule'
note: a dependency of Swift module 'DeveloperToolsSupport': '/Applications/Xcode.app/Contents/Developer/Toolchains/XcodeDefault.xctoolchain/usr/lib/swift/iphonesimulator/prebuilt-modules/26.2/DeveloperToolsSupport.swiftmodule/arm64-apple-ios-simulator.swiftmodule'
note: a dependency of Swift module 'Foundation': '/Applications/Xcode.app/Contents/Developer/Toolchains/XcodeDefault.xctoolchain/usr/lib/swift/iphonesimulator/prebuilt-modules/26.2/Foundation.swiftmodule/arm64-apple-ios-simulator.swiftmodule'
note: a dependency of Swift module 'CoreTransferable': '/Applications/Xcode.app/Contents/Developer/Toolchains/XcodeDefault.xctoolchain/usr/lib/swift/iphonesimulator/prebuilt-modules/26.2/CoreTransferable.swiftmodule/arm64-apple-ios-simulator.swiftmodule'
note: a dependency of Swift module 'CoreGraphics': '/Applications/Xcode.app/Contents/Developer/Toolchains/XcodeDefault.xctoolchain/usr/lib/swift/iphonesimulator/prebuilt-modules/26.2/CoreGraphics.swiftmodule/arm64-apple-ios-simulator.swiftmodule'
note: a dependency of Swift module 'CoreData': '/Applications/Xcode.app/Contents/Developer/Toolchains/XcodeDefault.xctoolchain/usr/lib/swift/iphonesimulator/prebuilt-modules/26.2/CoreData.swiftmodule/arm64-apple-ios-simulator.swiftmodule'
note: a dependency of Swift module 'SwiftUI': '/Applications/Xcode.app/Contents/Developer/Toolchains/XcodeDefault.xctoolchain/usr/lib/swift/iphonesimulator/prebuilt-modules/26.2/SwiftUI.swiftmodule/arm64-apple-ios-simulator.swiftmodule'
note: a dependency of main module 'InkOS'
note: a dependency of Swift module 'Foundation': '/Applications/Xcode.app/Contents/Developer/Toolchains/XcodeDefault.xctoolchain/usr/lib/swift/iphonesimulator/prebuilt-modules/26.2/Foundation.swiftmodule/arm64-apple-ios-simulator.swiftmodule'
note: a dependency of Swift module 'DataDetection': '/Applications/Xcode.app/Contents/Developer/Toolchains/XcodeDefault.xctoolchain/usr/lib/swift/iphonesimulator/prebuilt-modules/26.2/DataDetection.swiftmodule/arm64-apple-ios-simulator.swiftmodule'
note: a dependency of Swift module 'CoreText': '/Applications/Xcode.app/Contents/Developer/Toolchains/XcodeDefault.xctoolchain/usr/lib/swift/iphonesimulator/prebuilt-modules/26.2/CoreText.swiftmodule/arm64-apple-ios-simulator.swiftmodule'
note: a dependency of Swift module 'UIKit': '/Applications/Xcode.app/Contents/Developer/Toolchains/XcodeDefault.xctoolchain/usr/lib/swift/iphonesimulator/prebuilt-modules/26.2/UIKit.swiftmodule/arm64-apple-ios-simulator.swiftmodule'
note: a dependency of Swift module 'Accessibility': '/Applications/Xcode.app/Contents/Developer/Toolchains/XcodeDefault.xctoolchain/usr/lib/swift/iphonesimulator/prebuilt-modules/26.2/Accessibility.swiftmodule/arm64-apple-ios-simulator.swiftmodule'
note: a dependency of Swift module 'SwiftUICore': '/Applications/Xcode.app/Contents/Developer/Toolchains/XcodeDefault.xctoolchain/usr/lib/swift/iphonesimulator/prebuilt-modules/26.2/SwiftUICore.swiftmodule/arm64-apple-ios-simulator.swiftmodule'
note: a dependency of Swift module 'OSLog': '/Applications/Xcode.app/Contents/Developer/Toolchains/XcodeDefault.xctoolchain/usr/lib/swift/iphonesimulator/prebuilt-modules/26.2/OSLog.swiftmodule/arm64-apple-ios-simulator.swiftmodule'
note: a dependency of Swift module 'Foundation': '/Applications/Xcode.app/Contents/Developer/Toolchains/XcodeDefault.xctoolchain/usr/lib/swift/iphonesimulator/prebuilt-modules/26.2/Foundation.swiftmodule/arm64-apple-ios-simulator.swiftmodule'
note: a dependency of Swift module 'DeveloperToolsSupport': '/Applications/Xcode.app/Contents/Developer/Toolchains/XcodeDefault.xctoolchain/usr/lib/swift/iphonesimulator/prebuilt-modules/26.2/DeveloperToolsSupport.swiftmodule/arm64-apple-ios-simulator.swiftmodule'
note: a dependency of Swift module 'Foundation': '/Applications/Xcode.app/Contents/Developer/Toolchains/XcodeDefault.xctoolchain/usr/lib/swift/iphonesimulator/prebuilt-modules/26.2/Foundation.swiftmodule/arm64-apple-ios-simulator.swiftmodule'
note: a dependency of Swift module 'CoreTransferable': '/Applications/Xcode.app/Contents/Developer/Toolchains/XcodeDefault.xctoolchain/usr/lib/swift/iphonesimulator/prebuilt-modules/26.2/CoreTransferable.swiftmodule/arm64-apple-ios-simulator.swiftmodule'
note: a dependency of Swift module 'CoreGraphics': '/Applications/Xcode.app/Contents/Developer/Toolchains/XcodeDefault.xctoolchain/usr/lib/swift/iphonesimulator/prebuilt-modules/26.2/CoreGraphics.swiftmodule/arm64-apple-ios-simulator.swiftmodule'
note: a dependency of Swift module 'CoreData': '/Applications/Xcode.app/Contents/Developer/Toolchains/XcodeDefault.xctoolchain/usr/lib/swift/iphonesimulator/prebuilt-modules/26.2/CoreData.swiftmodule/arm64-apple-ios-simulator.swiftmodule'
note: a dependency of Swift module 'SwiftUI': '/Applications/Xcode.app/Contents/Developer/Toolchains/XcodeDefault.xctoolchain/usr/lib/swift/iphonesimulator/prebuilt-modules/26.2/SwiftUI.swiftmodule/arm64-apple-ios-simulator.swiftmodule'
note: a dependency of main module 'InkOS'
note: a dependency of Swift module 'Foundation': '/Applications/Xcode.app/Contents/Developer/Toolchains/XcodeDefault.xctoolchain/usr/lib/swift/iphonesimulator/prebuilt-modules/26.2/Foundation.swiftmodule/arm64-apple-ios-simulator.swiftmodule'
note: a dependency of Swift module 'DataDetection': '/Applications/Xcode.app/Contents/Developer/Toolchains/XcodeDefault.xctoolchain/usr/lib/swift/iphonesimulator/prebuilt-modules/26.2/DataDetection.swiftmodule/arm64-apple-ios-simulator.swiftmodule'
note: a dependency of Swift module 'CoreText': '/Applications/Xcode.app/Contents/Developer/Toolchains/XcodeDefault.xctoolchain/usr/lib/swift/iphonesimulator/prebuilt-modules/26.2/CoreText.swiftmodule/arm64-apple-ios-simulator.swiftmodule'
note: a dependency of Swift module 'UIKit': '/Applications/Xcode.app/Contents/Developer/Toolchains/XcodeDefault.xctoolchain/usr/lib/swift/iphonesimulator/prebuilt-modules/26.2/UIKit.swiftmodule/arm64-apple-ios-simulator.swiftmodule'
note: a dependency of Swift module 'Accessibility': '/Applications/Xcode.app/Contents/Developer/Toolchains/XcodeDefault.xctoolchain/usr/lib/swift/iphonesimulator/prebuilt-modules/26.2/Accessibility.swiftmodule/arm64-apple-ios-simulator.swiftmodule'
note: a dependency of Swift module 'SwiftUICore': '/Applications/Xcode.app/Contents/Developer/Toolchains/XcodeDefault.xctoolchain/usr/lib/swift/iphonesimulator/prebuilt-modules/26.2/SwiftUICore.swiftmodule/arm64-apple-ios-simulator.swiftmodule'
note: a dependency of Swift module 'OSLog': '/Applications/Xcode.app/Contents/Developer/Toolchains/XcodeDefault.xctoolchain/usr/lib/swift/iphonesimulator/prebuilt-modules/26.2/OSLog.swiftmodule/arm64-apple-ios-simulator.swiftmodule'
note: a dependency of Swift module 'Foundation': '/Applications/Xcode.app/Contents/Developer/Toolchains/XcodeDefault.xctoolchain/usr/lib/swift/iphonesimulator/prebuilt-modules/26.2/Foundation.swiftmodule/arm64-apple-ios-simulator.swiftmodule'
note: a dependency of Swift module 'DeveloperToolsSupport': '/Applications/Xcode.app/Contents/Developer/Toolchains/XcodeDefault.xctoolchain/usr/lib/swift/iphonesimulator/prebuilt-modules/26.2/DeveloperToolsSupport.swiftmodule/arm64-apple-ios-simulator.swiftmodule'
note: a dependency of Swift module 'Foundation': '/Applications/Xcode.app/Contents/Developer/Toolchains/XcodeDefault.xctoolchain/usr/lib/swift/iphonesimulator/prebuilt-modules/26.2/Foundation.swiftmodule/arm64-apple-ios-simulator.swiftmodule'
note: a dependency of Swift module 'CoreTransferable': '/Applications/Xcode.app/Contents/Developer/Toolchains/XcodeDefault.xctoolchain/usr/lib/swift/iphonesimulator/prebuilt-modules/26.2/CoreTransferable.swiftmodule/arm64-apple-ios-simulator.swiftmodule'
note: a dependency of Swift module 'CoreGraphics': '/Applications/Xcode.app/Contents/Developer/Toolchains/XcodeDefault.xctoolchain/usr/lib/swift/iphonesimulator/prebuilt-modules/26.2/CoreGraphics.swiftmodule/arm64-apple-ios-simulator.swiftmodule'
note: a dependency of Swift module 'CoreData': '/Applications/Xcode.app/Contents/Developer/Toolchains/XcodeDefault.xctoolchain/usr/lib/swift/iphonesimulator/prebuilt-modules/26.2/CoreData.swiftmodule/arm64-apple-ios-simulator.swiftmodule'
note: a dependency of Swift module 'SwiftUI': '/Applications/Xcode.app/Contents/Developer/Toolchains/XcodeDefault.xctoolchain/usr/lib/swift/iphonesimulator/prebuilt-modules/26.2/SwiftUI.swiftmodule/arm64-apple-ios-simulator.swiftmodule'
note: a dependency of main module 'InkOS'
note: a dependency of Swift module 'Foundation': '/Applications/Xcode.app/Contents/Developer/Toolchains/XcodeDefault.xctoolchain/usr/lib/swift/iphonesimulator/prebuilt-modules/26.2/Foundation.swiftmodule/arm64-apple-ios-simulator.swiftmodule'
note: a dependency of Swift module 'CoreText': '/Applications/Xcode.app/Contents/Developer/Toolchains/XcodeDefault.xctoolchain/usr/lib/swift/iphonesimulator/prebuilt-modules/26.2/CoreText.swiftmodule/arm64-apple-ios-simulator.swiftmodule'
note: a dependency of Swift module 'UIKit': '/Applications/Xcode.app/Contents/Developer/Toolchains/XcodeDefault.xctoolchain/usr/lib/swift/iphonesimulator/prebuilt-modules/26.2/UIKit.swiftmodule/arm64-apple-ios-simulator.swiftmodule'
note: a dependency of Swift module 'Accessibility': '/Applications/Xcode.app/Contents/Developer/Toolchains/XcodeDefault.xctoolchain/usr/lib/swift/iphonesimulator/prebuilt-modules/26.2/Accessibility.swiftmodule/arm64-apple-ios-simulator.swiftmodule'
note: a dependency of Swift module 'SwiftUICore': '/Applications/Xcode.app/Contents/Developer/Toolchains/XcodeDefault.xctoolchain/usr/lib/swift/iphonesimulator/prebuilt-modules/26.2/SwiftUICore.swiftmodule/arm64-apple-ios-simulator.swiftmodule'
note: a dependency of Swift module 'OSLog': '/Applications/Xcode.app/Contents/Developer/Toolchains/XcodeDefault.xctoolchain/usr/lib/swift/iphonesimulator/prebuilt-modules/26.2/OSLog.swiftmodule/arm64-apple-ios-simulator.swiftmodule'
note: a dependency of Swift module 'Foundation': '/Applications/Xcode.app/Contents/Developer/Toolchains/XcodeDefault.xctoolchain/usr/lib/swift/iphonesimulator/prebuilt-modules/26.2/Foundation.swiftmodule/arm64-apple-ios-simulator.swiftmodule'
note: a dependency of Swift module 'DeveloperToolsSupport': '/Applications/Xcode.app/Contents/Developer/Toolchains/XcodeDefault.xctoolchain/usr/lib/swift/iphonesimulator/prebuilt-modules/26.2/DeveloperToolsSupport.swiftmodule/arm64-apple-ios-simulator.swiftmodule'
note: a dependency of Swift module 'Foundation': '/Applications/Xcode.app/Contents/Developer/Toolchains/XcodeDefault.xctoolchain/usr/lib/swift/iphonesimulator/prebuilt-modules/26.2/Foundation.swiftmodule/arm64-apple-ios-simulator.swiftmodule'
note: a dependency of Swift module 'CoreTransferable': '/Applications/Xcode.app/Contents/Developer/Toolchains/XcodeDefault.xctoolchain/usr/lib/swift/iphonesimulator/prebuilt-modules/26.2/CoreTransferable.swiftmodule/arm64-apple-ios-simulator.swiftmodule'
note: a dependency of Swift module 'CoreGraphics': '/Applications/Xcode.app/Contents/Developer/Toolchains/XcodeDefault.xctoolchain/usr/lib/swift/iphonesimulator/prebuilt-modules/26.2/CoreGraphics.swiftmodule/arm64-apple-ios-simulator.swiftmodule'
note: a dependency of Swift module 'CoreData': '/Applications/Xcode.app/Contents/Developer/Toolchains/XcodeDefault.xctoolchain/usr/lib/swift/iphonesimulator/prebuilt-modules/26.2/CoreData.swiftmodule/arm64-apple-ios-simulator.swiftmodule'
note: a dependency of Swift module 'SwiftUI': '/Applications/Xcode.app/Contents/Developer/Toolchains/XcodeDefault.xctoolchain/usr/lib/swift/iphonesimulator/prebuilt-modules/26.2/SwiftUI.swiftmodule/arm64-apple-ios-simulator.swiftmodule'
note: a dependency of main module 'InkOS'
note: a dependency of Swift module 'Foundation': '/Applications/Xcode.app/Contents/Developer/Toolchains/XcodeDefault.xctoolchain/usr/lib/swift/iphonesimulator/prebuilt-modules/26.2/Foundation.swiftmodule/arm64-apple-ios-simulator.swiftmodule'
note: a dependency of Swift module 'Accessibility': '/Applications/Xcode.app/Contents/Developer/Toolchains/XcodeDefault.xctoolchain/usr/lib/swift/iphonesimulator/prebuilt-modules/26.2/Accessibility.swiftmodule/arm64-apple-ios-simulator.swiftmodule'
note: a dependency of Swift module 'SwiftUICore': '/Applications/Xcode.app/Contents/Developer/Toolchains/XcodeDefault.xctoolchain/usr/lib/swift/iphonesimulator/prebuilt-modules/26.2/SwiftUICore.swiftmodule/arm64-apple-ios-simulator.swiftmodule'
note: a dependency of Swift module 'OSLog': '/Applications/Xcode.app/Contents/Developer/Toolchains/XcodeDefault.xctoolchain/usr/lib/swift/iphonesimulator/prebuilt-modules/26.2/OSLog.swiftmodule/arm64-apple-ios-simulator.swiftmodule'
note: a dependency of Swift module 'Foundation': '/Applications/Xcode.app/Contents/Developer/Toolchains/XcodeDefault.xctoolchain/usr/lib/swift/iphonesimulator/prebuilt-modules/26.2/Foundation.swiftmodule/arm64-apple-ios-simulator.swiftmodule'
note: a dependency of Swift module 'DeveloperToolsSupport': '/Applications/Xcode.app/Contents/Developer/Toolchains/XcodeDefault.xctoolchain/usr/lib/swift/iphonesimulator/prebuilt-modules/26.2/DeveloperToolsSupport.swiftmodule/arm64-apple-ios-simulator.swiftmodule'
note: a dependency of Swift module 'Foundation': '/Applications/Xcode.app/Contents/Developer/Toolchains/XcodeDefault.xctoolchain/usr/lib/swift/iphonesimulator/prebuilt-modules/26.2/Foundation.swiftmodule/arm64-apple-ios-simulator.swiftmodule'
note: a dependency of Swift module 'CoreTransferable': '/Applications/Xcode.app/Contents/Developer/Toolchains/XcodeDefault.xctoolchain/usr/lib/swift/iphonesimulator/prebuilt-modules/26.2/CoreTransferable.swiftmodule/arm64-apple-ios-simulator.swiftmodule'
note: a dependency of Swift module 'CoreGraphics': '/Applications/Xcode.app/Contents/Developer/Toolchains/XcodeDefault.xctoolchain/usr/lib/swift/iphonesimulator/prebuilt-modules/26.2/CoreGraphics.swiftmodule/arm64-apple-ios-simulator.swiftmodule'
note: a dependency of Swift module 'CoreData': '/Applications/Xcode.app/Contents/Developer/Toolchains/XcodeDefault.xctoolchain/usr/lib/swift/iphonesimulator/prebuilt-modules/26.2/CoreData.swiftmodule/arm64-apple-ios-simulator.swiftmodule'
note: a dependency of Swift module 'SwiftUI': '/Applications/Xcode.app/Contents/Developer/Toolchains/XcodeDefault.xctoolchain/usr/lib/swift/iphonesimulator/prebuilt-modules/26.2/SwiftUI.swiftmodule/arm64-apple-ios-simulator.swiftmodule'
note: a dependency of main module 'InkOS'
note: a dependency of Swift module 'Foundation': '/Applications/Xcode.app/Contents/Developer/Toolchains/XcodeDefault.xctoolchain/usr/lib/swift/iphonesimulator/prebuilt-modules/26.2/Foundation.swiftmodule/arm64-apple-ios-simulator.swiftmodule'
note: a dependency of Swift module 'Accessibility': '/Applications/Xcode.app/Contents/Developer/Toolchains/XcodeDefault.xctoolchain/usr/lib/swift/iphonesimulator/prebuilt-modules/26.2/Accessibility.swiftmodule/arm64-apple-ios-simulator.swiftmodule'
note: a dependency of Swift module 'SwiftUICore': '/Applications/Xcode.app/Contents/Developer/Toolchains/XcodeDefault.xctoolchain/usr/lib/swift/iphonesimulator/prebuilt-modules/26.2/SwiftUICore.swiftmodule/arm64-apple-ios-simulator.swiftmodule'
note: a dependency of Swift module 'OSLog': '/Applications/Xcode.app/Contents/Developer/Toolchains/XcodeDefault.xctoolchain/usr/lib/swift/iphonesimulator/prebuilt-modules/26.2/OSLog.swiftmodule/arm64-apple-ios-simulator.swiftmodule'
note: a dependency of Swift module 'Foundation': '/Applications/Xcode.app/Contents/Developer/Toolchains/XcodeDefault.xctoolchain/usr/lib/swift/iphonesimulator/prebuilt-modules/26.2/Foundation.swiftmodule/arm64-apple-ios-simulator.swiftmodule'
note: a dependency of Swift module 'DeveloperToolsSupport': '/Applications/Xcode.app/Contents/Developer/Toolchains/XcodeDefault.xctoolchain/usr/lib/swift/iphonesimulator/prebuilt-modules/26.2/DeveloperToolsSupport.swiftmodule/arm64-apple-ios-simulator.swiftmodule'
note: a dependency of Swift module 'Foundation': '/Applications/Xcode.app/Contents/Developer/Toolchains/XcodeDefault.xctoolchain/usr/lib/swift/iphonesimulator/prebuilt-modules/26.2/Foundation.swiftmodule/arm64-apple-ios-simulator.swiftmodule'
note: a dependency of Swift module 'CoreTransferable': '/Applications/Xcode.app/Contents/Developer/Toolchains/XcodeDefault.xctoolchain/usr/lib/swift/iphonesimulator/prebuilt-modules/26.2/CoreTransferable.swiftmodule/arm64-apple-ios-simulator.swiftmodule'
note: a dependency of Swift module 'CoreGraphics': '/Applications/Xcode.app/Contents/Developer/Toolchains/XcodeDefault.xctoolchain/usr/lib/swift/iphonesimulator/prebuilt-modules/26.2/CoreGraphics.swiftmodule/arm64-apple-ios-simulator.swiftmodule'
note: a dependency of Swift module 'CoreData': '/Applications/Xcode.app/Contents/Developer/Toolchains/XcodeDefault.xctoolchain/usr/lib/swift/iphonesimulator/prebuilt-modules/26.2/CoreData.swiftmodule/arm64-apple-ios-simulator.swiftmodule'
note: a dependency of Swift module 'SwiftUI': '/Applications/Xcode.app/Contents/Developer/Toolchains/XcodeDefault.xctoolchain/usr/lib/swift/iphonesimulator/prebuilt-modules/26.2/SwiftUI.swiftmodule/arm64-apple-ios-simulator.swiftmodule'
note: a dependency of main module 'InkOS'
note: a dependency of Swift module 'Foundation': '/Applications/Xcode.app/Contents/Developer/Toolchains/XcodeDefault.xctoolchain/usr/lib/swift/iphonesimulator/prebuilt-modules/26.2/Foundation.swiftmodule/arm64-apple-ios-simulator.swiftmodule'
note: a dependency of Swift module 'OSLog': '/Applications/Xcode.app/Contents/Developer/Toolchains/XcodeDefault.xctoolchain/usr/lib/swift/iphonesimulator/prebuilt-modules/26.2/OSLog.swiftmodule/arm64-apple-ios-simulator.swiftmodule'
note: a dependency of Swift module 'Foundation': '/Applications/Xcode.app/Contents/Developer/Toolchains/XcodeDefault.xctoolchain/usr/lib/swift/iphonesimulator/prebuilt-modules/26.2/Foundation.swiftmodule/arm64-apple-ios-simulator.swiftmodule'
note: a dependency of Swift module 'DeveloperToolsSupport': '/Applications/Xcode.app/Contents/Developer/Toolchains/XcodeDefault.xctoolchain/usr/lib/swift/iphonesimulator/prebuilt-modules/26.2/DeveloperToolsSupport.swiftmodule/arm64-apple-ios-simulator.swiftmodule'
note: a dependency of Swift module 'Foundation': '/Applications/Xcode.app/Contents/Developer/Toolchains/XcodeDefault.xctoolchain/usr/lib/swift/iphonesimulator/prebuilt-modules/26.2/Foundation.swiftmodule/arm64-apple-ios-simulator.swiftmodule'
note: a dependency of Swift module 'CoreTransferable': '/Applications/Xcode.app/Contents/Developer/Toolchains/XcodeDefault.xctoolchain/usr/lib/swift/iphonesimulator/prebuilt-modules/26.2/CoreTransferable.swiftmodule/arm64-apple-ios-simulator.swiftmodule'
note: a dependency of Swift module 'CoreGraphics': '/Applications/Xcode.app/Contents/Developer/Toolchains/XcodeDefault.xctoolchain/usr/lib/swift/iphonesimulator/prebuilt-modules/26.2/CoreGraphics.swiftmodule/arm64-apple-ios-simulator.swiftmodule'
note: a dependency of Swift module 'CoreData': '/Applications/Xcode.app/Contents/Developer/Toolchains/XcodeDefault.xctoolchain/usr/lib/swift/iphonesimulator/prebuilt-modules/26.2/CoreData.swiftmodule/arm64-apple-ios-simulator.swiftmodule'
note: a dependency of Swift module 'SwiftUI': '/Applications/Xcode.app/Contents/Developer/Toolchains/XcodeDefault.xctoolchain/usr/lib/swift/iphonesimulator/prebuilt-modules/26.2/SwiftUI.swiftmodule/arm64-apple-ios-simulator.swiftmodule'
note: a dependency of main module 'InkOS'
note: a dependency of Swift module 'Foundation': '/Applications/Xcode.app/Contents/Developer/Toolchains/XcodeDefault.xctoolchain/usr/lib/swift/iphonesimulator/prebuilt-modules/26.2/Foundation.swiftmodule/arm64-apple-ios-simulator.swiftmodule'
note: a dependency of Swift module 'DeveloperToolsSupport': '/Applications/Xcode.app/Contents/Developer/Toolchains/XcodeDefault.xctoolchain/usr/lib/swift/iphonesimulator/prebuilt-modules/26.2/DeveloperToolsSupport.swiftmodule/arm64-apple-ios-simulator.swiftmodule'
note: a dependency of Swift module 'Foundation': '/Applications/Xcode.app/Contents/Developer/Toolchains/XcodeDefault.xctoolchain/usr/lib/swift/iphonesimulator/prebuilt-modules/26.2/Foundation.swiftmodule/arm64-apple-ios-simulator.swiftmodule'
note: a dependency of Swift module 'CoreTransferable': '/Applications/Xcode.app/Contents/Developer/Toolchains/XcodeDefault.xctoolchain/usr/lib/swift/iphonesimulator/prebuilt-modules/26.2/CoreTransferable.swiftmodule/arm64-apple-ios-simulator.swiftmodule'
note: a dependency of Swift module 'CoreGraphics': '/Applications/Xcode.app/Contents/Developer/Toolchains/XcodeDefault.xctoolchain/usr/lib/swift/iphonesimulator/prebuilt-modules/26.2/CoreGraphics.swiftmodule/arm64-apple-ios-simulator.swiftmodule'
note: a dependency of Swift module 'CoreData': '/Applications/Xcode.app/Contents/Developer/Toolchains/XcodeDefault.xctoolchain/usr/lib/swift/iphonesimulator/prebuilt-modules/26.2/CoreData.swiftmodule/arm64-apple-ios-simulator.swiftmodule'
note: a dependency of Swift module 'SwiftUI': '/Applications/Xcode.app/Contents/Developer/Toolchains/XcodeDefault.xctoolchain/usr/lib/swift/iphonesimulator/prebuilt-modules/26.2/SwiftUI.swiftmodule/arm64-apple-ios-simulator.swiftmodule'
note: a dependency of main module 'InkOS'
note: a dependency of Swift module 'Foundation': '/Applications/Xcode.app/Contents/Developer/Toolchains/XcodeDefault.xctoolchain/usr/lib/swift/iphonesimulator/prebuilt-modules/26.2/Foundation.swiftmodule/arm64-apple-ios-simulator.swiftmodule'
note: a dependency of Swift module 'DeveloperToolsSupport': '/Applications/Xcode.app/Contents/Developer/Toolchains/XcodeDefault.xctoolchain/usr/lib/swift/iphonesimulator/prebuilt-modules/26.2/DeveloperToolsSupport.swiftmodule/arm64-apple-ios-simulator.swiftmodule'
note: a dependency of Swift module 'Foundation': '/Applications/Xcode.app/Contents/Developer/Toolchains/XcodeDefault.xctoolchain/usr/lib/swift/iphonesimulator/prebuilt-modules/26.2/Foundation.swiftmodule/arm64-apple-ios-simulator.swiftmodule'
note: a dependency of Swift module 'CoreTransferable': '/Applications/Xcode.app/Contents/Developer/Toolchains/XcodeDefault.xctoolchain/usr/lib/swift/iphonesimulator/prebuilt-modules/26.2/CoreTransferable.swiftmodule/arm64-apple-ios-simulator.swiftmodule'
note: a dependency of Swift module 'CoreGraphics': '/Applications/Xcode.app/Contents/Developer/Toolchains/XcodeDefault.xctoolchain/usr/lib/swift/iphonesimulator/prebuilt-modules/26.2/CoreGraphics.swiftmodule/arm64-apple-ios-simulator.swiftmodule'
note: a dependency of Swift module 'CoreData': '/Applications/Xcode.app/Contents/Developer/Toolchains/XcodeDefault.xctoolchain/usr/lib/swift/iphonesimulator/prebuilt-modules/26.2/CoreData.swiftmodule/arm64-apple-ios-simulator.swiftmodule'
note: a dependency of Swift module 'SwiftUI': '/Applications/Xcode.app/Contents/Developer/Toolchains/XcodeDefault.xctoolchain/usr/lib/swift/iphonesimulator/prebuilt-modules/26.2/SwiftUI.swiftmodule/arm64-apple-ios-simulator.swiftmodule'
note: a dependency of main module 'InkOS'
note: a dependency of Swift module 'Foundation': '/Applications/Xcode.app/Contents/Developer/Toolchains/XcodeDefault.xctoolchain/usr/lib/swift/iphonesimulator/prebuilt-modules/26.2/Foundation.swiftmodule/arm64-apple-ios-simulator.swiftmodule'
note: a dependency of Swift module 'UniformTypeIdentifiers': '/Applications/Xcode.app/Contents/Developer/Toolchains/XcodeDefault.xctoolchain/usr/lib/swift/iphonesimulator/prebuilt-modules/26.2/UniformTypeIdentifiers.swiftmodule/arm64-apple-ios-simulator.swiftmodule'
note: a dependency of Swift module 'Foundation': '/Applications/Xcode.app/Contents/Developer/Toolchains/XcodeDefault.xctoolchain/usr/lib/swift/iphonesimulator/prebuilt-modules/26.2/Foundation.swiftmodule/arm64-apple-ios-simulator.swiftmodule'
note: a dependency of Swift module 'CoreTransferable': '/Applications/Xcode.app/Contents/Developer/Toolchains/XcodeDefault.xctoolchain/usr/lib/swift/iphonesimulator/prebuilt-modules/26.2/CoreTransferable.swiftmodule/arm64-apple-ios-simulator.swiftmodule'
note: a dependency of Swift module 'CoreGraphics': '/Applications/Xcode.app/Contents/Developer/Toolchains/XcodeDefault.xctoolchain/usr/lib/swift/iphonesimulator/prebuilt-modules/26.2/CoreGraphics.swiftmodule/arm64-apple-ios-simulator.swiftmodule'
note: a dependency of Swift module 'CoreData': '/Applications/Xcode.app/Contents/Developer/Toolchains/XcodeDefault.xctoolchain/usr/lib/swift/iphonesimulator/prebuilt-modules/26.2/CoreData.swiftmodule/arm64-apple-ios-simulator.swiftmodule'
note: a dependency of Swift module 'SwiftUI': '/Applications/Xcode.app/Contents/Developer/Toolchains/XcodeDefault.xctoolchain/usr/lib/swift/iphonesimulator/prebuilt-modules/26.2/SwiftUI.swiftmodule/arm64-apple-ios-simulator.swiftmodule'
note: a dependency of main module 'InkOS'
note: a dependency of Swift module 'Foundation': '/Applications/Xcode.app/Contents/Developer/Toolchains/XcodeDefault.xctoolchain/usr/lib/swift/iphonesimulator/prebuilt-modules/26.2/Foundation.swiftmodule/arm64-apple-ios-simulator.swiftmodule'
note: a dependency of Swift module 'CoreTransferable': '/Applications/Xcode.app/Contents/Developer/Toolchains/XcodeDefault.xctoolchain/usr/lib/swift/iphonesimulator/prebuilt-modules/26.2/CoreTransferable.swiftmodule/arm64-apple-ios-simulator.swiftmodule'
note: a dependency of Swift module 'CoreGraphics': '/Applications/Xcode.app/Contents/Developer/Toolchains/XcodeDefault.xctoolchain/usr/lib/swift/iphonesimulator/prebuilt-modules/26.2/CoreGraphics.swiftmodule/arm64-apple-ios-simulator.swiftmodule'
note: a dependency of Swift module 'CoreData': '/Applications/Xcode.app/Contents/Developer/Toolchains/XcodeDefault.xctoolchain/usr/lib/swift/iphonesimulator/prebuilt-modules/26.2/CoreData.swiftmodule/arm64-apple-ios-simulator.swiftmodule'
note: a dependency of Swift module 'SwiftUI': '/Applications/Xcode.app/Contents/Developer/Toolchains/XcodeDefault.xctoolchain/usr/lib/swift/iphonesimulator/prebuilt-modules/26.2/SwiftUI.swiftmodule/arm64-apple-ios-simulator.swiftmodule'
note: a dependency of main module 'InkOS'
note: a dependency of Swift module 'Foundation': '/Applications/Xcode.app/Contents/Developer/Toolchains/XcodeDefault.xctoolchain/usr/lib/swift/iphonesimulator/prebuilt-modules/26.2/Foundation.swiftmodule/arm64-apple-ios-simulator.swiftmodule'
note: a dependency of Swift module 'CoreGraphics': '/Applications/Xcode.app/Contents/Developer/Toolchains/XcodeDefault.xctoolchain/usr/lib/swift/iphonesimulator/prebuilt-modules/26.2/CoreGraphics.swiftmodule/arm64-apple-ios-simulator.swiftmodule'
note: a dependency of Swift module 'CoreData': '/Applications/Xcode.app/Contents/Developer/Toolchains/XcodeDefault.xctoolchain/usr/lib/swift/iphonesimulator/prebuilt-modules/26.2/CoreData.swiftmodule/arm64-apple-ios-simulator.swiftmodule'
note: a dependency of Swift module 'SwiftUI': '/Applications/Xcode.app/Contents/Developer/Toolchains/XcodeDefault.xctoolchain/usr/lib/swift/iphonesimulator/prebuilt-modules/26.2/SwiftUI.swiftmodule/arm64-apple-ios-simulator.swiftmodule'
note: a dependency of main module 'InkOS'
note: a dependency of Swift module 'Foundation': '/Applications/Xcode.app/Contents/Developer/Toolchains/XcodeDefault.xctoolchain/usr/lib/swift/iphonesimulator/prebuilt-modules/26.2/Foundation.swiftmodule/arm64-apple-ios-simulator.swiftmodule'
note: a dependency of Swift module 'CoreData': '/Applications/Xcode.app/Contents/Developer/Toolchains/XcodeDefault.xctoolchain/usr/lib/swift/iphonesimulator/prebuilt-modules/26.2/CoreData.swiftmodule/arm64-apple-ios-simulator.swiftmodule'
note: a dependency of Swift module 'SwiftUI': '/Applications/Xcode.app/Contents/Developer/Toolchains/XcodeDefault.xctoolchain/usr/lib/swift/iphonesimulator/prebuilt-modules/26.2/SwiftUI.swiftmodule/arm64-apple-ios-simulator.swiftmodule'
note: a dependency of main module 'InkOS'
error: Unable to find module dependency: '_SwiftConcurrencyShims'
note: a dependency of Swift module 'Foundation': '/Applications/Xcode.app/Contents/Developer/Toolchains/XcodeDefault.xctoolchain/usr/lib/swift/iphonesimulator/prebuilt-modules/26.2/Foundation.swiftmodule/arm64-apple-ios-simulator.swiftmodule'
note: a dependency of Swift module 'DataDetection': '/Applications/Xcode.app/Contents/Developer/Toolchains/XcodeDefault.xctoolchain/usr/lib/swift/iphonesimulator/prebuilt-modules/26.2/DataDetection.swiftmodule/arm64-apple-ios-simulator.swiftmodule'
note: a dependency of Swift module 'CoreText': '/Applications/Xcode.app/Contents/Developer/Toolchains/XcodeDefault.xctoolchain/usr/lib/swift/iphonesimulator/prebuilt-modules/26.2/CoreText.swiftmodule/arm64-apple-ios-simulator.swiftmodule'
note: a dependency of Swift module 'UIKit': '/Applications/Xcode.app/Contents/Developer/Toolchains/XcodeDefault.xctoolchain/usr/lib/swift/iphonesimulator/prebuilt-modules/26.2/UIKit.swiftmodule/arm64-apple-ios-simulator.swiftmodule'
note: a dependency of Swift module 'Accessibility': '/Applications/Xcode.app/Contents/Developer/Toolchains/XcodeDefault.xctoolchain/usr/lib/swift/iphonesimulator/prebuilt-modules/26.2/Accessibility.swiftmodule/arm64-apple-ios-simulator.swiftmodule'
note: a dependency of Swift module 'SwiftUICore': '/Applications/Xcode.app/Contents/Developer/Toolchains/XcodeDefault.xctoolchain/usr/lib/swift/iphonesimulator/prebuilt-modules/26.2/SwiftUICore.swiftmodule/arm64-apple-ios-simulator.swiftmodule'
note: a dependency of Swift module 'OSLog': '/Applications/Xcode.app/Contents/Developer/Toolchains/XcodeDefault.xctoolchain/usr/lib/swift/iphonesimulator/prebuilt-modules/26.2/OSLog.swiftmodule/arm64-apple-ios-simulator.swiftmodule'
note: a dependency of Swift module 'Foundation': '/Applications/Xcode.app/Contents/Developer/Toolchains/XcodeDefault.xctoolchain/usr/lib/swift/iphonesimulator/prebuilt-modules/26.2/Foundation.swiftmodule/arm64-apple-ios-simulator.swiftmodule'
note: a dependency of Swift module 'DeveloperToolsSupport': '/Applications/Xcode.app/Contents/Developer/Toolchains/XcodeDefault.xctoolchain/usr/lib/swift/iphonesimulator/prebuilt-modules/26.2/DeveloperToolsSupport.swiftmodule/arm64-apple-ios-simulator.swiftmodule'
note: a dependency of Swift module 'Foundation': '/Applications/Xcode.app/Contents/Developer/Toolchains/XcodeDefault.xctoolchain/usr/lib/swift/iphonesimulator/prebuilt-modules/26.2/Foundation.swiftmodule/arm64-apple-ios-simulator.swiftmodule'
note: a dependency of Swift module 'CoreTransferable': '/Applications/Xcode.app/Contents/Developer/Toolchains/XcodeDefault.xctoolchain/usr/lib/swift/iphonesimulator/prebuilt-modules/26.2/CoreTransferable.swiftmodule/arm64-apple-ios-simulator.swiftmodule'
note: a dependency of Swift module 'CoreGraphics': '/Applications/Xcode.app/Contents/Developer/Toolchains/XcodeDefault.xctoolchain/usr/lib/swift/iphonesimulator/prebuilt-modules/26.2/CoreGraphics.swiftmodule/arm64-apple-ios-simulator.swiftmodule'
note: a dependency of Swift module 'CoreData': '/Applications/Xcode.app/Contents/Developer/Toolchains/XcodeDefault.xctoolchain/usr/lib/swift/iphonesimulator/prebuilt-modules/26.2/CoreData.swiftmodule/arm64-apple-ios-simulator.swiftmodule'
note: a dependency of Swift module 'SwiftUI': '/Applications/Xcode.app/Contents/Developer/Toolchains/XcodeDefault.xctoolchain/usr/lib/swift/iphonesimulator/prebuilt-modules/26.2/SwiftUI.swiftmodule/arm64-apple-ios-simulator.swiftmodule'
note: a dependency of main module 'InkOS'
note: a dependency of Swift module 'Foundation': '/Applications/Xcode.app/Contents/Developer/Toolchains/XcodeDefault.xctoolchain/usr/lib/swift/iphonesimulator/prebuilt-modules/26.2/Foundation.swiftmodule/arm64-apple-ios-simulator.swiftmodule'
note: a dependency of Swift module 'QuartzCore': '/Applications/Xcode.app/Contents/Developer/Toolchains/XcodeDefault.xctoolchain/usr/lib/swift/iphonesimulator/prebuilt-modules/26.2/QuartzCore.swiftmodule/arm64-apple-ios-simulator.swiftmodule'
note: a dependency of Swift module 'Foundation': '/Applications/Xcode.app/Contents/Developer/Toolchains/XcodeDefault.xctoolchain/usr/lib/swift/iphonesimulator/prebuilt-modules/26.2/Foundation.swiftmodule/arm64-apple-ios-simulator.swiftmodule'
note: a dependency of Swift module 'DataDetection': '/Applications/Xcode.app/Contents/Developer/Toolchains/XcodeDefault.xctoolchain/usr/lib/swift/iphonesimulator/prebuilt-modules/26.2/DataDetection.swiftmodule/arm64-apple-ios-simulator.swiftmodule'
note: a dependency of Swift module 'CoreText': '/Applications/Xcode.app/Contents/Developer/Toolchains/XcodeDefault.xctoolchain/usr/lib/swift/iphonesimulator/prebuilt-modules/26.2/CoreText.swiftmodule/arm64-apple-ios-simulator.swiftmodule'
note: a dependency of Swift module 'UIKit': '/Applications/Xcode.app/Contents/Developer/Toolchains/XcodeDefault.xctoolchain/usr/lib/swift/iphonesimulator/prebuilt-modules/26.2/UIKit.swiftmodule/arm64-apple-ios-simulator.swiftmodule'
note: a dependency of Swift module 'Accessibility': '/Applications/Xcode.app/Contents/Developer/Toolchains/XcodeDefault.xctoolchain/usr/lib/swift/iphonesimulator/prebuilt-modules/26.2/Accessibility.swiftmodule/arm64-apple-ios-simulator.swiftmodule'
note: a dependency of Swift module 'SwiftUICore': '/Applications/Xcode.app/Contents/Developer/Toolchains/XcodeDefault.xctoolchain/usr/lib/swift/iphonesimulator/prebuilt-modules/26.2/SwiftUICore.swiftmodule/arm64-apple-ios-simulator.swiftmodule'
note: a dependency of Swift module 'OSLog': '/Applications/Xcode.app/Contents/Developer/Toolchains/XcodeDefault.xctoolchain/usr/lib/swift/iphonesimulator/prebuilt-modules/26.2/OSLog.swiftmodule/arm64-apple-ios-simulator.swiftmodule'
note: a dependency of Swift module 'Foundation': '/Applications/Xcode.app/Contents/Developer/Toolchains/XcodeDefault.xctoolchain/usr/lib/swift/iphonesimulator/prebuilt-modules/26.2/Foundation.swiftmodule/arm64-apple-ios-simulator.swiftmodule'
note: a dependency of Swift module 'DeveloperToolsSupport': '/Applications/Xcode.app/Contents/Developer/Toolchains/XcodeDefault.xctoolchain/usr/lib/swift/iphonesimulator/prebuilt-modules/26.2/DeveloperToolsSupport.swiftmodule/arm64-apple-ios-simulator.swiftmodule'
note: a dependency of Swift module 'Foundation': '/Applications/Xcode.app/Contents/Developer/Toolchains/XcodeDefault.xctoolchain/usr/lib/swift/iphonesimulator/prebuilt-modules/26.2/Foundation.swiftmodule/arm64-apple-ios-simulator.swiftmodule'
note: a dependency of Swift module 'CoreTransferable': '/Applications/Xcode.app/Contents/Developer/Toolchains/XcodeDefault.xctoolchain/usr/lib/swift/iphonesimulator/prebuilt-modules/26.2/CoreTransferable.swiftmodule/arm64-apple-ios-simulator.swiftmodule'
note: a dependency of Swift module 'CoreGraphics': '/Applications/Xcode.app/Contents/Developer/Toolchains/XcodeDefault.xctoolchain/usr/lib/swift/iphonesimulator/prebuilt-modules/26.2/CoreGraphics.swiftmodule/arm64-apple-ios-simulator.swiftmodule'
note: a dependency of Swift module 'CoreData': '/Applications/Xcode.app/Contents/Developer/Toolchains/XcodeDefault.xctoolchain/usr/lib/swift/iphonesimulator/prebuilt-modules/26.2/CoreData.swiftmodule/arm64-apple-ios-simulator.swiftmodule'
note: a dependency of Swift module 'SwiftUI': '/Applications/Xcode.app/Contents/Developer/Toolchains/XcodeDefault.xctoolchain/usr/lib/swift/iphonesimulator/prebuilt-modules/26.2/SwiftUI.swiftmodule/arm64-apple-ios-simulator.swiftmodule'
note: a dependency of main module 'InkOS'
note: a dependency of Swift module 'Foundation': '/Applications/Xcode.app/Contents/Developer/Toolchains/XcodeDefault.xctoolchain/usr/lib/swift/iphonesimulator/prebuilt-modules/26.2/Foundation.swiftmodule/arm64-apple-ios-simulator.swiftmodule'
note: a dependency of Swift module 'DataDetection': '/Applications/Xcode.app/Contents/Developer/Toolchains/XcodeDefault.xctoolchain/usr/lib/swift/iphonesimulator/prebuilt-modules/26.2/DataDetection.swiftmodule/arm64-apple-ios-simulator.swiftmodule'
note: a dependency of Swift module 'CoreText': '/Applications/Xcode.app/Contents/Developer/Toolchains/XcodeDefault.xctoolchain/usr/lib/swift/iphonesimulator/prebuilt-modules/26.2/CoreText.swiftmodule/arm64-apple-ios-simulator.swiftmodule'
note: a dependency of Swift module 'UIKit': '/Applications/Xcode.app/Contents/Developer/Toolchains/XcodeDefault.xctoolchain/usr/lib/swift/iphonesimulator/prebuilt-modules/26.2/UIKit.swiftmodule/arm64-apple-ios-simulator.swiftmodule'
note: a dependency of Swift module 'Accessibility': '/Applications/Xcode.app/Contents/Developer/Toolchains/XcodeDefault.xctoolchain/usr/lib/swift/iphonesimulator/prebuilt-modules/26.2/Accessibility.swiftmodule/arm64-apple-ios-simulator.swiftmodule'
note: a dependency of Swift module 'SwiftUICore': '/Applications/Xcode.app/Contents/Developer/Toolchains/XcodeDefault.xctoolchain/usr/lib/swift/iphonesimulator/prebuilt-modules/26.2/SwiftUICore.swiftmodule/arm64-apple-ios-simulator.swiftmodule'
note: a dependency of Swift module 'OSLog': '/Applications/Xcode.app/Contents/Developer/Toolchains/XcodeDefault.xctoolchain/usr/lib/swift/iphonesimulator/prebuilt-modules/26.2/OSLog.swiftmodule/arm64-apple-ios-simulator.swiftmodule'
note: a dependency of Swift module 'Foundation': '/Applications/Xcode.app/Contents/Developer/Toolchains/XcodeDefault.xctoolchain/usr/lib/swift/iphonesimulator/prebuilt-modules/26.2/Foundation.swiftmodule/arm64-apple-ios-simulator.swiftmodule'
note: a dependency of Swift module 'DeveloperToolsSupport': '/Applications/Xcode.app/Contents/Developer/Toolchains/XcodeDefault.xctoolchain/usr/lib/swift/iphonesimulator/prebuilt-modules/26.2/DeveloperToolsSupport.swiftmodule/arm64-apple-ios-simulator.swiftmodule'
note: a dependency of Swift module 'Foundation': '/Applications/Xcode.app/Contents/Developer/Toolchains/XcodeDefault.xctoolchain/usr/lib/swift/iphonesimulator/prebuilt-modules/26.2/Foundation.swiftmodule/arm64-apple-ios-simulator.swiftmodule'
note: a dependency of Swift module 'CoreTransferable': '/Applications/Xcode.app/Contents/Developer/Toolchains/XcodeDefault.xctoolchain/usr/lib/swift/iphonesimulator/prebuilt-modules/26.2/CoreTransferable.swiftmodule/arm64-apple-ios-simulator.swiftmodule'
note: a dependency of Swift module 'CoreGraphics': '/Applications/Xcode.app/Contents/Developer/Toolchains/XcodeDefault.xctoolchain/usr/lib/swift/iphonesimulator/prebuilt-modules/26.2/CoreGraphics.swiftmodule/arm64-apple-ios-simulator.swiftmodule'
note: a dependency of Swift module 'CoreData': '/Applications/Xcode.app/Contents/Developer/Toolchains/XcodeDefault.xctoolchain/usr/lib/swift/iphonesimulator/prebuilt-modules/26.2/CoreData.swiftmodule/arm64-apple-ios-simulator.swiftmodule'
note: a dependency of Swift module 'SwiftUI': '/Applications/Xcode.app/Contents/Developer/Toolchains/XcodeDefault.xctoolchain/usr/lib/swift/iphonesimulator/prebuilt-modules/26.2/SwiftUI.swiftmodule/arm64-apple-ios-simulator.swiftmodule'
note: a dependency of main module 'InkOS'
note: a dependency of Swift module 'Foundation': '/Applications/Xcode.app/Contents/Developer/Toolchains/XcodeDefault.xctoolchain/usr/lib/swift/iphonesimulator/prebuilt-modules/26.2/Foundation.swiftmodule/arm64-apple-ios-simulator.swiftmodule'
note: a dependency of Swift module 'DataDetection': '/Applications/Xcode.app/Contents/Developer/Toolchains/XcodeDefault.xctoolchain/usr/lib/swift/iphonesimulator/prebuilt-modules/26.2/DataDetection.swiftmodule/arm64-apple-ios-simulator.swiftmodule'
note: a dependency of Swift module 'CoreText': '/Applications/Xcode.app/Contents/Developer/Toolchains/XcodeDefault.xctoolchain/usr/lib/swift/iphonesimulator/prebuilt-modules/26.2/CoreText.swiftmodule/arm64-apple-ios-simulator.swiftmodule'
note: a dependency of Swift module 'UIKit': '/Applications/Xcode.app/Contents/Developer/Toolchains/XcodeDefault.xctoolchain/usr/lib/swift/iphonesimulator/prebuilt-modules/26.2/UIKit.swiftmodule/arm64-apple-ios-simulator.swiftmodule'
note: a dependency of Swift module 'Accessibility': '/Applications/Xcode.app/Contents/Developer/Toolchains/XcodeDefault.xctoolchain/usr/lib/swift/iphonesimulator/prebuilt-modules/26.2/Accessibility.swiftmodule/arm64-apple-ios-simulator.swiftmodule'
note: a dependency of Swift module 'SwiftUICore': '/Applications/Xcode.app/Contents/Developer/Toolchains/XcodeDefault.xctoolchain/usr/lib/swift/iphonesimulator/prebuilt-modules/26.2/SwiftUICore.swiftmodule/arm64-apple-ios-simulator.swiftmodule'
note: a dependency of Swift module 'OSLog': '/Applications/Xcode.app/Contents/Developer/Toolchains/XcodeDefault.xctoolchain/usr/lib/swift/iphonesimulator/prebuilt-modules/26.2/OSLog.swiftmodule/arm64-apple-ios-simulator.swiftmodule'
note: a dependency of Swift module 'Foundation': '/Applications/Xcode.app/Contents/Developer/Toolchains/XcodeDefault.xctoolchain/usr/lib/swift/iphonesimulator/prebuilt-modules/26.2/Foundation.swiftmodule/arm64-apple-ios-simulator.swiftmodule'
note: a dependency of Swift module 'DeveloperToolsSupport': '/Applications/Xcode.app/Contents/Developer/Toolchains/XcodeDefault.xctoolchain/usr/lib/swift/iphonesimulator/prebuilt-modules/26.2/DeveloperToolsSupport.swiftmodule/arm64-apple-ios-simulator.swiftmodule'
note: a dependency of Swift module 'Foundation': '/Applications/Xcode.app/Contents/Developer/Toolchains/XcodeDefault.xctoolchain/usr/lib/swift/iphonesimulator/prebuilt-modules/26.2/Foundation.swiftmodule/arm64-apple-ios-simulator.swiftmodule'
note: a dependency of Swift module 'CoreTransferable': '/Applications/Xcode.app/Contents/Developer/Toolchains/XcodeDefault.xctoolchain/usr/lib/swift/iphonesimulator/prebuilt-modules/26.2/CoreTransferable.swiftmodule/arm64-apple-ios-simulator.swiftmodule'
note: a dependency of Swift module 'CoreGraphics': '/Applications/Xcode.app/Contents/Developer/Toolchains/XcodeDefault.xctoolchain/usr/lib/swift/iphonesimulator/prebuilt-modules/26.2/CoreGraphics.swiftmodule/arm64-apple-ios-simulator.swiftmodule'
note: a dependency of Swift module 'CoreData': '/Applications/Xcode.app/Contents/Developer/Toolchains/XcodeDefault.xctoolchain/usr/lib/swift/iphonesimulator/prebuilt-modules/26.2/CoreData.swiftmodule/arm64-apple-ios-simulator.swiftmodule'
note: a dependency of Swift module 'SwiftUI': '/Applications/Xcode.app/Contents/Developer/Toolchains/XcodeDefault.xctoolchain/usr/lib/swift/iphonesimulator/prebuilt-modules/26.2/SwiftUI.swiftmodule/arm64-apple-ios-simulator.swiftmodule'
note: a dependency of main module 'InkOS'
note: a dependency of Swift module 'Foundation': '/Applications/Xcode.app/Contents/Developer/Toolchains/XcodeDefault.xctoolchain/usr/lib/swift/iphonesimulator/prebuilt-modules/26.2/Foundation.swiftmodule/arm64-apple-ios-simulator.swiftmodule'
note: a dependency of Swift module 'CoreText': '/Applications/Xcode.app/Contents/Developer/Toolchains/XcodeDefault.xctoolchain/usr/lib/swift/iphonesimulator/prebuilt-modules/26.2/CoreText.swiftmodule/arm64-apple-ios-simulator.swiftmodule'
note: a dependency of Swift module 'UIKit': '/Applications/Xcode.app/Contents/Developer/Toolchains/XcodeDefault.xctoolchain/usr/lib/swift/iphonesimulator/prebuilt-modules/26.2/UIKit.swiftmodule/arm64-apple-ios-simulator.swiftmodule'
note: a dependency of Swift module 'Accessibility': '/Applications/Xcode.app/Contents/Developer/Toolchains/XcodeDefault.xctoolchain/usr/lib/swift/iphonesimulator/prebuilt-modules/26.2/Accessibility.swiftmodule/arm64-apple-ios-simulator.swiftmodule'
note: a dependency of Swift module 'SwiftUICore': '/Applications/Xcode.app/Contents/Developer/Toolchains/XcodeDefault.xctoolchain/usr/lib/swift/iphonesimulator/prebuilt-modules/26.2/SwiftUICore.swiftmodule/arm64-apple-ios-simulator.swiftmodule'
note: a dependency of Swift module 'OSLog': '/Applications/Xcode.app/Contents/Developer/Toolchains/XcodeDefault.xctoolchain/usr/lib/swift/iphonesimulator/prebuilt-modules/26.2/OSLog.swiftmodule/arm64-apple-ios-simulator.swiftmodule'
note: a dependency of Swift module 'Foundation': '/Applications/Xcode.app/Contents/Developer/Toolchains/XcodeDefault.xctoolchain/usr/lib/swift/iphonesimulator/prebuilt-modules/26.2/Foundation.swiftmodule/arm64-apple-ios-simulator.swiftmodule'
note: a dependency of Swift module 'DeveloperToolsSupport': '/Applications/Xcode.app/Contents/Developer/Toolchains/XcodeDefault.xctoolchain/usr/lib/swift/iphonesimulator/prebuilt-modules/26.2/DeveloperToolsSupport.swiftmodule/arm64-apple-ios-simulator.swiftmodule'
note: a dependency of Swift module 'Foundation': '/Applications/Xcode.app/Contents/Developer/Toolchains/XcodeDefault.xctoolchain/usr/lib/swift/iphonesimulator/prebuilt-modules/26.2/Foundation.swiftmodule/arm64-apple-ios-simulator.swiftmodule'
note: a dependency of Swift module 'CoreTransferable': '/Applications/Xcode.app/Contents/Developer/Toolchains/XcodeDefault.xctoolchain/usr/lib/swift/iphonesimulator/prebuilt-modules/26.2/CoreTransferable.swiftmodule/arm64-apple-ios-simulator.swiftmodule'
note: a dependency of Swift module 'CoreGraphics': '/Applications/Xcode.app/Contents/Developer/Toolchains/XcodeDefault.xctoolchain/usr/lib/swift/iphonesimulator/prebuilt-modules/26.2/CoreGraphics.swiftmodule/arm64-apple-ios-simulator.swiftmodule'
note: a dependency of Swift module 'CoreData': '/Applications/Xcode.app/Contents/Developer/Toolchains/XcodeDefault.xctoolchain/usr/lib/swift/iphonesimulator/prebuilt-modules/26.2/CoreData.swiftmodule/arm64-apple-ios-simulator.swiftmodule'
note: a dependency of Swift module 'SwiftUI': '/Applications/Xcode.app/Contents/Developer/Toolchains/XcodeDefault.xctoolchain/usr/lib/swift/iphonesimulator/prebuilt-modules/26.2/SwiftUI.swiftmodule/arm64-apple-ios-simulator.swiftmodule'
note: a dependency of main module 'InkOS'
note: a dependency of Swift module 'Foundation': '/Applications/Xcode.app/Contents/Developer/Toolchains/XcodeDefault.xctoolchain/usr/lib/swift/iphonesimulator/prebuilt-modules/26.2/Foundation.swiftmodule/arm64-apple-ios-simulator.swiftmodule'
note: a dependency of Swift module 'Accessibility': '/Applications/Xcode.app/Contents/Developer/Toolchains/XcodeDefault.xctoolchain/usr/lib/swift/iphonesimulator/prebuilt-modules/26.2/Accessibility.swiftmodule/arm64-apple-ios-simulator.swiftmodule'
note: a dependency of Swift module 'SwiftUICore': '/Applications/Xcode.app/Contents/Developer/Toolchains/XcodeDefault.xctoolchain/usr/lib/swift/iphonesimulator/prebuilt-modules/26.2/SwiftUICore.swiftmodule/arm64-apple-ios-simulator.swiftmodule'
note: a dependency of Swift module 'OSLog': '/Applications/Xcode.app/Contents/Developer/Toolchains/XcodeDefault.xctoolchain/usr/lib/swift/iphonesimulator/prebuilt-modules/26.2/OSLog.swiftmodule/arm64-apple-ios-simulator.swiftmodule'
note: a dependency of Swift module 'Foundation': '/Applications/Xcode.app/Contents/Developer/Toolchains/XcodeDefault.xctoolchain/usr/lib/swift/iphonesimulator/prebuilt-modules/26.2/Foundation.swiftmodule/arm64-apple-ios-simulator.swiftmodule'
note: a dependency of Swift module 'DeveloperToolsSupport': '/Applications/Xcode.app/Contents/Developer/Toolchains/XcodeDefault.xctoolchain/usr/lib/swift/iphonesimulator/prebuilt-modules/26.2/DeveloperToolsSupport.swiftmodule/arm64-apple-ios-simulator.swiftmodule'
note: a dependency of Swift module 'Foundation': '/Applications/Xcode.app/Contents/Developer/Toolchains/XcodeDefault.xctoolchain/usr/lib/swift/iphonesimulator/prebuilt-modules/26.2/Foundation.swiftmodule/arm64-apple-ios-simulator.swiftmodule'
note: a dependency of Swift module 'CoreTransferable': '/Applications/Xcode.app/Contents/Developer/Toolchains/XcodeDefault.xctoolchain/usr/lib/swift/iphonesimulator/prebuilt-modules/26.2/CoreTransferable.swiftmodule/arm64-apple-ios-simulator.swiftmodule'
note: a dependency of Swift module 'CoreGraphics': '/Applications/Xcode.app/Contents/Developer/Toolchains/XcodeDefault.xctoolchain/usr/lib/swift/iphonesimulator/prebuilt-modules/26.2/CoreGraphics.swiftmodule/arm64-apple-ios-simulator.swiftmodule'
note: a dependency of Swift module 'CoreData': '/Applications/Xcode.app/Contents/Developer/Toolchains/XcodeDefault.xctoolchain/usr/lib/swift/iphonesimulator/prebuilt-modules/26.2/CoreData.swiftmodule/arm64-apple-ios-simulator.swiftmodule'
note: a dependency of Swift module 'SwiftUI': '/Applications/Xcode.app/Contents/Developer/Toolchains/XcodeDefault.xctoolchain/usr/lib/swift/iphonesimulator/prebuilt-modules/26.2/SwiftUI.swiftmodule/arm64-apple-ios-simulator.swiftmodule'
note: a dependency of main module 'InkOS'
note: a dependency of Swift module 'Foundation': '/Applications/Xcode.app/Contents/Developer/Toolchains/XcodeDefault.xctoolchain/usr/lib/swift/iphonesimulator/prebuilt-modules/26.2/Foundation.swiftmodule/arm64-apple-ios-simulator.swiftmodule'
note: a dependency of Swift module 'Accessibility': '/Applications/Xcode.app/Contents/Developer/Toolchains/XcodeDefault.xctoolchain/usr/lib/swift/iphonesimulator/prebuilt-modules/26.2/Accessibility.swiftmodule/arm64-apple-ios-simulator.swiftmodule'
note: a dependency of Swift module 'SwiftUICore': '/Applications/Xcode.app/Contents/Developer/Toolchains/XcodeDefault.xctoolchain/usr/lib/swift/iphonesimulator/prebuilt-modules/26.2/SwiftUICore.swiftmodule/arm64-apple-ios-simulator.swiftmodule'
note: a dependency of Swift module 'OSLog': '/Applications/Xcode.app/Contents/Developer/Toolchains/XcodeDefault.xctoolchain/usr/lib/swift/iphonesimulator/prebuilt-modules/26.2/OSLog.swiftmodule/arm64-apple-ios-simulator.swiftmodule'
note: a dependency of Swift module 'Foundation': '/Applications/Xcode.app/Contents/Developer/Toolchains/XcodeDefault.xctoolchain/usr/lib/swift/iphonesimulator/prebuilt-modules/26.2/Foundation.swiftmodule/arm64-apple-ios-simulator.swiftmodule'
note: a dependency of Swift module 'DeveloperToolsSupport': '/Applications/Xcode.app/Contents/Developer/Toolchains/XcodeDefault.xctoolchain/usr/lib/swift/iphonesimulator/prebuilt-modules/26.2/DeveloperToolsSupport.swiftmodule/arm64-apple-ios-simulator.swiftmodule'
note: a dependency of Swift module 'Foundation': '/Applications/Xcode.app/Contents/Developer/Toolchains/XcodeDefault.xctoolchain/usr/lib/swift/iphonesimulator/prebuilt-modules/26.2/Foundation.swiftmodule/arm64-apple-ios-simulator.swiftmodule'
note: a dependency of Swift module 'CoreTransferable': '/Applications/Xcode.app/Contents/Developer/Toolchains/XcodeDefault.xctoolchain/usr/lib/swift/iphonesimulator/prebuilt-modules/26.2/CoreTransferable.swiftmodule/arm64-apple-ios-simulator.swiftmodule'
note: a dependency of Swift module 'CoreGraphics': '/Applications/Xcode.app/Contents/Developer/Toolchains/XcodeDefault.xctoolchain/usr/lib/swift/iphonesimulator/prebuilt-modules/26.2/CoreGraphics.swiftmodule/arm64-apple-ios-simulator.swiftmodule'
note: a dependency of Swift module 'CoreData': '/Applications/Xcode.app/Contents/Developer/Toolchains/XcodeDefault.xctoolchain/usr/lib/swift/iphonesimulator/prebuilt-modules/26.2/CoreData.swiftmodule/arm64-apple-ios-simulator.swiftmodule'
note: a dependency of Swift module 'SwiftUI': '/Applications/Xcode.app/Contents/Developer/Toolchains/XcodeDefault.xctoolchain/usr/lib/swift/iphonesimulator/prebuilt-modules/26.2/SwiftUI.swiftmodule/arm64-apple-ios-simulator.swiftmodule'
note: a dependency of main module 'InkOS'
note: a dependency of Swift module 'Foundation': '/Applications/Xcode.app/Contents/Developer/Toolchains/XcodeDefault.xctoolchain/usr/lib/swift/iphonesimulator/prebuilt-modules/26.2/Foundation.swiftmodule/arm64-apple-ios-simulator.swiftmodule'
note: a dependency of Swift module 'OSLog': '/Applications/Xcode.app/Contents/Developer/Toolchains/XcodeDefault.xctoolchain/usr/lib/swift/iphonesimulator/prebuilt-modules/26.2/OSLog.swiftmodule/arm64-apple-ios-simulator.swiftmodule'
note: a dependency of Swift module 'Foundation': '/Applications/Xcode.app/Contents/Developer/Toolchains/XcodeDefault.xctoolchain/usr/lib/swift/iphonesimulator/prebuilt-modules/26.2/Foundation.swiftmodule/arm64-apple-ios-simulator.swiftmodule'
note: a dependency of Swift module 'DeveloperToolsSupport': '/Applications/Xcode.app/Contents/Developer/Toolchains/XcodeDefault.xctoolchain/usr/lib/swift/iphonesimulator/prebuilt-modules/26.2/DeveloperToolsSupport.swiftmodule/arm64-apple-ios-simulator.swiftmodule'
note: a dependency of Swift module 'Foundation': '/Applications/Xcode.app/Contents/Developer/Toolchains/XcodeDefault.xctoolchain/usr/lib/swift/iphonesimulator/prebuilt-modules/26.2/Foundation.swiftmodule/arm64-apple-ios-simulator.swiftmodule'
note: a dependency of Swift module 'CoreTransferable': '/Applications/Xcode.app/Contents/Developer/Toolchains/XcodeDefault.xctoolchain/usr/lib/swift/iphonesimulator/prebuilt-modules/26.2/CoreTransferable.swiftmodule/arm64-apple-ios-simulator.swiftmodule'
note: a dependency of Swift module 'CoreGraphics': '/Applications/Xcode.app/Contents/Developer/Toolchains/XcodeDefault.xctoolchain/usr/lib/swift/iphonesimulator/prebuilt-modules/26.2/CoreGraphics.swiftmodule/arm64-apple-ios-simulator.swiftmodule'
note: a dependency of Swift module 'CoreData': '/Applications/Xcode.app/Contents/Developer/Toolchains/XcodeDefault.xctoolchain/usr/lib/swift/iphonesimulator/prebuilt-modules/26.2/CoreData.swiftmodule/arm64-apple-ios-simulator.swiftmodule'
note: a dependency of Swift module 'SwiftUI': '/Applications/Xcode.app/Contents/Developer/Toolchains/XcodeDefault.xctoolchain/usr/lib/swift/iphonesimulator/prebuilt-modules/26.2/SwiftUI.swiftmodule/arm64-apple-ios-simulator.swiftmodule'
note: a dependency of main module 'InkOS'
note: a dependency of Swift module 'Foundation': '/Applications/Xcode.app/Contents/Developer/Toolchains/XcodeDefault.xctoolchain/usr/lib/swift/iphonesimulator/prebuilt-modules/26.2/Foundation.swiftmodule/arm64-apple-ios-simulator.swiftmodule'
note: a dependency of Swift module 'DeveloperToolsSupport': '/Applications/Xcode.app/Contents/Developer/Toolchains/XcodeDefault.xctoolchain/usr/lib/swift/iphonesimulator/prebuilt-modules/26.2/DeveloperToolsSupport.swiftmodule/arm64-apple-ios-simulator.swiftmodule'
note: a dependency of Swift module 'Foundation': '/Applications/Xcode.app/Contents/Developer/Toolchains/XcodeDefault.xctoolchain/usr/lib/swift/iphonesimulator/prebuilt-modules/26.2/Foundation.swiftmodule/arm64-apple-ios-simulator.swiftmodule'
note: a dependency of Swift module 'CoreTransferable': '/Applications/Xcode.app/Contents/Developer/Toolchains/XcodeDefault.xctoolchain/usr/lib/swift/iphonesimulator/prebuilt-modules/26.2/CoreTransferable.swiftmodule/arm64-apple-ios-simulator.swiftmodule'
note: a dependency of Swift module 'CoreGraphics': '/Applications/Xcode.app/Contents/Developer/Toolchains/XcodeDefault.xctoolchain/usr/lib/swift/iphonesimulator/prebuilt-modules/26.2/CoreGraphics.swiftmodule/arm64-apple-ios-simulator.swiftmodule'
note: a dependency of Swift module 'CoreData': '/Applications/Xcode.app/Contents/Developer/Toolchains/XcodeDefault.xctoolchain/usr/lib/swift/iphonesimulator/prebuilt-modules/26.2/CoreData.swiftmodule/arm64-apple-ios-simulator.swiftmodule'
note: a dependency of Swift module 'SwiftUI': '/Applications/Xcode.app/Contents/Developer/Toolchains/XcodeDefault.xctoolchain/usr/lib/swift/iphonesimulator/prebuilt-modules/26.2/SwiftUI.swiftmodule/arm64-apple-ios-simulator.swiftmodule'
note: a dependency of main module 'InkOS'
note: a dependency of Swift module 'Foundation': '/Applications/Xcode.app/Contents/Developer/Toolchains/XcodeDefault.xctoolchain/usr/lib/swift/iphonesimulator/prebuilt-modules/26.2/Foundation.swiftmodule/arm64-apple-ios-simulator.swiftmodule'
note: a dependency of Swift module 'DeveloperToolsSupport': '/Applications/Xcode.app/Contents/Developer/Toolchains/XcodeDefault.xctoolchain/usr/lib/swift/iphonesimulator/prebuilt-modules/26.2/DeveloperToolsSupport.swiftmodule/arm64-apple-ios-simulator.swiftmodule'
note: a dependency of Swift module 'Foundation': '/Applications/Xcode.app/Contents/Developer/Toolchains/XcodeDefault.xctoolchain/usr/lib/swift/iphonesimulator/prebuilt-modules/26.2/Foundation.swiftmodule/arm64-apple-ios-simulator.swiftmodule'
note: a dependency of Swift module 'CoreTransferable': '/Applications/Xcode.app/Contents/Developer/Toolchains/XcodeDefault.xctoolchain/usr/lib/swift/iphonesimulator/prebuilt-modules/26.2/CoreTransferable.swiftmodule/arm64-apple-ios-simulator.swiftmodule'
note: a dependency of Swift module 'CoreGraphics': '/Applications/Xcode.app/Contents/Developer/Toolchains/XcodeDefault.xctoolchain/usr/lib/swift/iphonesimulator/prebuilt-modules/26.2/CoreGraphics.swiftmodule/arm64-apple-ios-simulator.swiftmodule'
note: a dependency of Swift module 'CoreData': '/Applications/Xcode.app/Contents/Developer/Toolchains/XcodeDefault.xctoolchain/usr/lib/swift/iphonesimulator/prebuilt-modules/26.2/CoreData.swiftmodule/arm64-apple-ios-simulator.swiftmodule'
note: a dependency of Swift module 'SwiftUI': '/Applications/Xcode.app/Contents/Developer/Toolchains/XcodeDefault.xctoolchain/usr/lib/swift/iphonesimulator/prebuilt-modules/26.2/SwiftUI.swiftmodule/arm64-apple-ios-simulator.swiftmodule'
note: a dependency of main module 'InkOS'
note: a dependency of Swift module 'Foundation': '/Applications/Xcode.app/Contents/Developer/Toolchains/XcodeDefault.xctoolchain/usr/lib/swift/iphonesimulator/prebuilt-modules/26.2/Foundation.swiftmodule/arm64-apple-ios-simulator.swiftmodule'
note: a dependency of Swift module 'UniformTypeIdentifiers': '/Applications/Xcode.app/Contents/Developer/Toolchains/XcodeDefault.xctoolchain/usr/lib/swift/iphonesimulator/prebuilt-modules/26.2/UniformTypeIdentifiers.swiftmodule/arm64-apple-ios-simulator.swiftmodule'
note: a dependency of Swift module 'Foundation': '/Applications/Xcode.app/Contents/Developer/Toolchains/XcodeDefault.xctoolchain/usr/lib/swift/iphonesimulator/prebuilt-modules/26.2/Foundation.swiftmodule/arm64-apple-ios-simulator.swiftmodule'
note: a dependency of Swift module 'CoreTransferable': '/Applications/Xcode.app/Contents/Developer/Toolchains/XcodeDefault.xctoolchain/usr/lib/swift/iphonesimulator/prebuilt-modules/26.2/CoreTransferable.swiftmodule/arm64-apple-ios-simulator.swiftmodule'
note: a dependency of Swift module 'CoreGraphics': '/Applications/Xcode.app/Contents/Developer/Toolchains/XcodeDefault.xctoolchain/usr/lib/swift/iphonesimulator/prebuilt-modules/26.2/CoreGraphics.swiftmodule/arm64-apple-ios-simulator.swiftmodule'
note: a dependency of Swift module 'CoreData': '/Applications/Xcode.app/Contents/Developer/Toolchains/XcodeDefault.xctoolchain/usr/lib/swift/iphonesimulator/prebuilt-modules/26.2/CoreData.swiftmodule/arm64-apple-ios-simulator.swiftmodule'
note: a dependency of Swift module 'SwiftUI': '/Applications/Xcode.app/Contents/Developer/Toolchains/XcodeDefault.xctoolchain/usr/lib/swift/iphonesimulator/prebuilt-modules/26.2/SwiftUI.swiftmodule/arm64-apple-ios-simulator.swiftmodule'
note: a dependency of main module 'InkOS'
note: a dependency of Swift module 'Foundation': '/Applications/Xcode.app/Contents/Developer/Toolchains/XcodeDefault.xctoolchain/usr/lib/swift/iphonesimulator/prebuilt-modules/26.2/Foundation.swiftmodule/arm64-apple-ios-simulator.swiftmodule'
note: a dependency of Swift module 'CoreTransferable': '/Applications/Xcode.app/Contents/Developer/Toolchains/XcodeDefault.xctoolchain/usr/lib/swift/iphonesimulator/prebuilt-modules/26.2/CoreTransferable.swiftmodule/arm64-apple-ios-simulator.swiftmodule'
note: a dependency of Swift module 'CoreGraphics': '/Applications/Xcode.app/Contents/Developer/Toolchains/XcodeDefault.xctoolchain/usr/lib/swift/iphonesimulator/prebuilt-modules/26.2/CoreGraphics.swiftmodule/arm64-apple-ios-simulator.swiftmodule'
note: a dependency of Swift module 'CoreData': '/Applications/Xcode.app/Contents/Developer/Toolchains/XcodeDefault.xctoolchain/usr/lib/swift/iphonesimulator/prebuilt-modules/26.2/CoreData.swiftmodule/arm64-apple-ios-simulator.swiftmodule'
note: a dependency of Swift module 'SwiftUI': '/Applications/Xcode.app/Contents/Developer/Toolchains/XcodeDefault.xctoolchain/usr/lib/swift/iphonesimulator/prebuilt-modules/26.2/SwiftUI.swiftmodule/arm64-apple-ios-simulator.swiftmodule'
note: a dependency of main module 'InkOS'
note: a dependency of Swift module 'Foundation': '/Applications/Xcode.app/Contents/Developer/Toolchains/XcodeDefault.xctoolchain/usr/lib/swift/iphonesimulator/prebuilt-modules/26.2/Foundation.swiftmodule/arm64-apple-ios-simulator.swiftmodule'
note: a dependency of Swift module 'CoreGraphics': '/Applications/Xcode.app/Contents/Developer/Toolchains/XcodeDefault.xctoolchain/usr/lib/swift/iphonesimulator/prebuilt-modules/26.2/CoreGraphics.swiftmodule/arm64-apple-ios-simulator.swiftmodule'
note: a dependency of Swift module 'CoreData': '/Applications/Xcode.app/Contents/Developer/Toolchains/XcodeDefault.xctoolchain/usr/lib/swift/iphonesimulator/prebuilt-modules/26.2/CoreData.swiftmodule/arm64-apple-ios-simulator.swiftmodule'
note: a dependency of Swift module 'SwiftUI': '/Applications/Xcode.app/Contents/Developer/Toolchains/XcodeDefault.xctoolchain/usr/lib/swift/iphonesimulator/prebuilt-modules/26.2/SwiftUI.swiftmodule/arm64-apple-ios-simulator.swiftmodule'
note: a dependency of main module 'InkOS'
note: a dependency of Swift module 'Foundation': '/Applications/Xcode.app/Contents/Developer/Toolchains/XcodeDefault.xctoolchain/usr/lib/swift/iphonesimulator/prebuilt-modules/26.2/Foundation.swiftmodule/arm64-apple-ios-simulator.swiftmodule'
note: a dependency of Swift module 'CoreData': '/Applications/Xcode.app/Contents/Developer/Toolchains/XcodeDefault.xctoolchain/usr/lib/swift/iphonesimulator/prebuilt-modules/26.2/CoreData.swiftmodule/arm64-apple-ios-simulator.swiftmodule'
note: a dependency of Swift module 'SwiftUI': '/Applications/Xcode.app/Contents/Developer/Toolchains/XcodeDefault.xctoolchain/usr/lib/swift/iphonesimulator/prebuilt-modules/26.2/SwiftUI.swiftmodule/arm64-apple-ios-simulator.swiftmodule'
note: a dependency of main module 'InkOS'
error: Unable to find module dependency: 'QuartzCore'
note: a dependency of Swift module 'QuartzCore': '/Applications/Xcode.app/Contents/Developer/Toolchains/XcodeDefault.xctoolchain/usr/lib/swift/iphonesimulator/prebuilt-modules/26.2/QuartzCore.swiftmodule/arm64-apple-ios-simulator.swiftmodule'
note: a dependency of Swift module 'SwiftUI': '/Applications/Xcode.app/Contents/Developer/Toolchains/XcodeDefault.xctoolchain/usr/lib/swift/iphonesimulator/prebuilt-modules/26.2/SwiftUI.swiftmodule/arm64-apple-ios-simulator.swiftmodule'
note: a dependency of main module 'InkOS'
note: a dependency of Swift module 'QuartzCore': '/Applications/Xcode.app/Contents/Developer/Toolchains/XcodeDefault.xctoolchain/usr/lib/swift/iphonesimulator/prebuilt-modules/26.2/QuartzCore.swiftmodule/arm64-apple-ios-simulator.swiftmodule'
note: a dependency of Swift module 'UIKit': '/Applications/Xcode.app/Contents/Developer/Toolchains/XcodeDefault.xctoolchain/usr/lib/swift/iphonesimulator/prebuilt-modules/26.2/UIKit.swiftmodule/arm64-apple-ios-simulator.swiftmodule'
note: a dependency of Swift module 'SwiftUI': '/Applications/Xcode.app/Contents/Developer/Toolchains/XcodeDefault.xctoolchain/usr/lib/swift/iphonesimulator/prebuilt-modules/26.2/SwiftUI.swiftmodule/arm64-apple-ios-simulator.swiftmodule'
note: a dependency of main module 'InkOS'
error: Unable to find module dependency: '_SwiftConcurrencyShims'
note: a dependency of Swift module 'QuartzCore': '/Applications/Xcode.app/Contents/Developer/Toolchains/XcodeDefault.xctoolchain/usr/lib/swift/iphonesimulator/prebuilt-modules/26.2/QuartzCore.swiftmodule/arm64-apple-ios-simulator.swiftmodule'
note: a dependency of Swift module 'SwiftUI': '/Applications/Xcode.app/Contents/Developer/Toolchains/XcodeDefault.xctoolchain/usr/lib/swift/iphonesimulator/prebuilt-modules/26.2/SwiftUI.swiftmodule/arm64-apple-ios-simulator.swiftmodule'
note: a dependency of main module 'InkOS'
note: a dependency of Swift module 'QuartzCore': '/Applications/Xcode.app/Contents/Developer/Toolchains/XcodeDefault.xctoolchain/usr/lib/swift/iphonesimulator/prebuilt-modules/26.2/QuartzCore.swiftmodule/arm64-apple-ios-simulator.swiftmodule'
note: a dependency of Swift module 'UIKit': '/Applications/Xcode.app/Contents/Developer/Toolchains/XcodeDefault.xctoolchain/usr/lib/swift/iphonesimulator/prebuilt-modules/26.2/UIKit.swiftmodule/arm64-apple-ios-simulator.swiftmodule'
note: a dependency of Swift module 'SwiftUI': '/Applications/Xcode.app/Contents/Developer/Toolchains/XcodeDefault.xctoolchain/usr/lib/swift/iphonesimulator/prebuilt-modules/26.2/SwiftUI.swiftmodule/arm64-apple-ios-simulator.swiftmodule'
note: a dependency of main module 'InkOS'
error: Unable to find module dependency: 'CoreText'
note: a dependency of Swift module 'CoreText': '/Applications/Xcode.app/Contents/Developer/Toolchains/XcodeDefault.xctoolchain/usr/lib/swift/iphonesimulator/prebuilt-modules/26.2/CoreText.swiftmodule/arm64-apple-ios-simulator.swiftmodule'
note: a dependency of Swift module 'SwiftUI': '/Applications/Xcode.app/Contents/Developer/Toolchains/XcodeDefault.xctoolchain/usr/lib/swift/iphonesimulator/prebuilt-modules/26.2/SwiftUI.swiftmodule/arm64-apple-ios-simulator.swiftmodule'
note: a dependency of main module 'InkOS'
note: a dependency of Swift module 'CoreText': '/Applications/Xcode.app/Contents/Developer/Toolchains/XcodeDefault.xctoolchain/usr/lib/swift/iphonesimulator/prebuilt-modules/26.2/CoreText.swiftmodule/arm64-apple-ios-simulator.swiftmodule'
note: a dependency of Swift module 'UIKit': '/Applications/Xcode.app/Contents/Developer/Toolchains/XcodeDefault.xctoolchain/usr/lib/swift/iphonesimulator/prebuilt-modules/26.2/UIKit.swiftmodule/arm64-apple-ios-simulator.swiftmodule'
note: a dependency of Swift module 'SwiftUI': '/Applications/Xcode.app/Contents/Developer/Toolchains/XcodeDefault.xctoolchain/usr/lib/swift/iphonesimulator/prebuilt-modules/26.2/SwiftUI.swiftmodule/arm64-apple-ios-simulator.swiftmodule'
note: a dependency of main module 'InkOS'
error: Unable to find module dependency: '_SwiftConcurrencyShims'
note: a dependency of Swift module 'CoreText': '/Applications/Xcode.app/Contents/Developer/Toolchains/XcodeDefault.xctoolchain/usr/lib/swift/iphonesimulator/prebuilt-modules/26.2/CoreText.swiftmodule/arm64-apple-ios-simulator.swiftmodule'
note: a dependency of Swift module 'SwiftUI': '/Applications/Xcode.app/Contents/Developer/Toolchains/XcodeDefault.xctoolchain/usr/lib/swift/iphonesimulator/prebuilt-modules/26.2/SwiftUI.swiftmodule/arm64-apple-ios-simulator.swiftmodule'
note: a dependency of main module 'InkOS'
note: a dependency of Swift module 'CoreText': '/Applications/Xcode.app/Contents/Developer/Toolchains/XcodeDefault.xctoolchain/usr/lib/swift/iphonesimulator/prebuilt-modules/26.2/CoreText.swiftmodule/arm64-apple-ios-simulator.swiftmodule'
note: a dependency of Swift module 'UIKit': '/Applications/Xcode.app/Contents/Developer/Toolchains/XcodeDefault.xctoolchain/usr/lib/swift/iphonesimulator/prebuilt-modules/26.2/UIKit.swiftmodule/arm64-apple-ios-simulator.swiftmodule'
note: a dependency of Swift module 'SwiftUI': '/Applications/Xcode.app/Contents/Developer/Toolchains/XcodeDefault.xctoolchain/usr/lib/swift/iphonesimulator/prebuilt-modules/26.2/SwiftUI.swiftmodule/arm64-apple-ios-simulator.swiftmodule'
note: a dependency of main module 'InkOS'
error: Unable to find module dependency: 'DeveloperToolsSupport'
note: a dependency of Swift module 'DeveloperToolsSupport': '/Applications/Xcode.app/Contents/Developer/Toolchains/XcodeDefault.xctoolchain/usr/lib/swift/iphonesimulator/prebuilt-modules/26.2/DeveloperToolsSupport.swiftmodule/arm64-apple-ios-simulator.swiftmodule'
note: a dependency of Swift module 'SwiftUICore': '/Applications/Xcode.app/Contents/Developer/Toolchains/XcodeDefault.xctoolchain/usr/lib/swift/iphonesimulator/prebuilt-modules/26.2/SwiftUICore.swiftmodule/arm64-apple-ios-simulator.swiftmodule'
note: a dependency of Swift module 'DeveloperToolsSupport': '/Applications/Xcode.app/Contents/Developer/Toolchains/XcodeDefault.xctoolchain/usr/lib/swift/iphonesimulator/prebuilt-modules/26.2/DeveloperToolsSupport.swiftmodule/arm64-apple-ios-simulator.swiftmodule'
note: a dependency of Swift module 'SwiftUI': '/Applications/Xcode.app/Contents/Developer/Toolchains/XcodeDefault.xctoolchain/usr/lib/swift/iphonesimulator/prebuilt-modules/26.2/SwiftUI.swiftmodule/arm64-apple-ios-simulator.swiftmodule'
note: a dependency of main module 'InkOS'
note: a dependency of Swift module 'DeveloperToolsSupport': '/Applications/Xcode.app/Contents/Developer/Toolchains/XcodeDefault.xctoolchain/usr/lib/swift/iphonesimulator/prebuilt-modules/26.2/DeveloperToolsSupport.swiftmodule/arm64-apple-ios-simulator.swiftmodule'
note: a dependency of Swift module 'UIKit': '/Applications/Xcode.app/Contents/Developer/Toolchains/XcodeDefault.xctoolchain/usr/lib/swift/iphonesimulator/prebuilt-modules/26.2/UIKit.swiftmodule/arm64-apple-ios-simulator.swiftmodule'
note: a dependency of Swift module 'SwiftUICore': '/Applications/Xcode.app/Contents/Developer/Toolchains/XcodeDefault.xctoolchain/usr/lib/swift/iphonesimulator/prebuilt-modules/26.2/SwiftUICore.swiftmodule/arm64-apple-ios-simulator.swiftmodule'
note: a dependency of Swift module 'DeveloperToolsSupport': '/Applications/Xcode.app/Contents/Developer/Toolchains/XcodeDefault.xctoolchain/usr/lib/swift/iphonesimulator/prebuilt-modules/26.2/DeveloperToolsSupport.swiftmodule/arm64-apple-ios-simulator.swiftmodule'
note: a dependency of Swift module 'SwiftUI': '/Applications/Xcode.app/Contents/Developer/Toolchains/XcodeDefault.xctoolchain/usr/lib/swift/iphonesimulator/prebuilt-modules/26.2/SwiftUI.swiftmodule/arm64-apple-ios-simulator.swiftmodule'
note: a dependency of main module 'InkOS'
note: a dependency of Swift module 'DeveloperToolsSupport': '/Applications/Xcode.app/Contents/Developer/Toolchains/XcodeDefault.xctoolchain/usr/lib/swift/iphonesimulator/prebuilt-modules/26.2/DeveloperToolsSupport.swiftmodule/arm64-apple-ios-simulator.swiftmodule'
note: a dependency of Swift module 'SwiftUICore': '/Applications/Xcode.app/Contents/Developer/Toolchains/XcodeDefault.xctoolchain/usr/lib/swift/iphonesimulator/prebuilt-modules/26.2/SwiftUICore.swiftmodule/arm64-apple-ios-simulator.swiftmodule'
note: a dependency of Swift module 'DeveloperToolsSupport': '/Applications/Xcode.app/Contents/Developer/Toolchains/XcodeDefault.xctoolchain/usr/lib/swift/iphonesimulator/prebuilt-modules/26.2/DeveloperToolsSupport.swiftmodule/arm64-apple-ios-simulator.swiftmodule'
note: a dependency of Swift module 'SwiftUI': '/Applications/Xcode.app/Contents/Developer/Toolchains/XcodeDefault.xctoolchain/usr/lib/swift/iphonesimulator/prebuilt-modules/26.2/SwiftUI.swiftmodule/arm64-apple-ios-simulator.swiftmodule'
note: a dependency of main module 'InkOS'
note: a dependency of Swift module 'DeveloperToolsSupport': '/Applications/Xcode.app/Contents/Developer/Toolchains/XcodeDefault.xctoolchain/usr/lib/swift/iphonesimulator/prebuilt-modules/26.2/DeveloperToolsSupport.swiftmodule/arm64-apple-ios-simulator.swiftmodule'
note: a dependency of Swift module 'SwiftUI': '/Applications/Xcode.app/Contents/Developer/Toolchains/XcodeDefault.xctoolchain/usr/lib/swift/iphonesimulator/prebuilt-modules/26.2/SwiftUI.swiftmodule/arm64-apple-ios-simulator.swiftmodule'
note: a dependency of main module 'InkOS'
error: Unable to find module dependency: '_SwiftConcurrencyShims'
note: a dependency of Swift module 'DeveloperToolsSupport': '/Applications/Xcode.app/Contents/Developer/Toolchains/XcodeDefault.xctoolchain/usr/lib/swift/iphonesimulator/prebuilt-modules/26.2/DeveloperToolsSupport.swiftmodule/arm64-apple-ios-simulator.swiftmodule'
note: a dependency of Swift module 'SwiftUICore': '/Applications/Xcode.app/Contents/Developer/Toolchains/XcodeDefault.xctoolchain/usr/lib/swift/iphonesimulator/prebuilt-modules/26.2/SwiftUICore.swiftmodule/arm64-apple-ios-simulator.swiftmodule'
note: a dependency of Swift module 'DeveloperToolsSupport': '/Applications/Xcode.app/Contents/Developer/Toolchains/XcodeDefault.xctoolchain/usr/lib/swift/iphonesimulator/prebuilt-modules/26.2/DeveloperToolsSupport.swiftmodule/arm64-apple-ios-simulator.swiftmodule'
note: a dependency of Swift module 'SwiftUI': '/Applications/Xcode.app/Contents/Developer/Toolchains/XcodeDefault.xctoolchain/usr/lib/swift/iphonesimulator/prebuilt-modules/26.2/SwiftUI.swiftmodule/arm64-apple-ios-simulator.swiftmodule'
note: a dependency of main module 'InkOS'
note: a dependency of Swift module 'DeveloperToolsSupport': '/Applications/Xcode.app/Contents/Developer/Toolchains/XcodeDefault.xctoolchain/usr/lib/swift/iphonesimulator/prebuilt-modules/26.2/DeveloperToolsSupport.swiftmodule/arm64-apple-ios-simulator.swiftmodule'
note: a dependency of Swift module 'UIKit': '/Applications/Xcode.app/Contents/Developer/Toolchains/XcodeDefault.xctoolchain/usr/lib/swift/iphonesimulator/prebuilt-modules/26.2/UIKit.swiftmodule/arm64-apple-ios-simulator.swiftmodule'
note: a dependency of Swift module 'SwiftUICore': '/Applications/Xcode.app/Contents/Developer/Toolchains/XcodeDefault.xctoolchain/usr/lib/swift/iphonesimulator/prebuilt-modules/26.2/SwiftUICore.swiftmodule/arm64-apple-ios-simulator.swiftmodule'
note: a dependency of Swift module 'DeveloperToolsSupport': '/Applications/Xcode.app/Contents/Developer/Toolchains/XcodeDefault.xctoolchain/usr/lib/swift/iphonesimulator/prebuilt-modules/26.2/DeveloperToolsSupport.swiftmodule/arm64-apple-ios-simulator.swiftmodule'
note: a dependency of Swift module 'SwiftUI': '/Applications/Xcode.app/Contents/Developer/Toolchains/XcodeDefault.xctoolchain/usr/lib/swift/iphonesimulator/prebuilt-modules/26.2/SwiftUI.swiftmodule/arm64-apple-ios-simulator.swiftmodule'
note: a dependency of main module 'InkOS'
note: a dependency of Swift module 'DeveloperToolsSupport': '/Applications/Xcode.app/Contents/Developer/Toolchains/XcodeDefault.xctoolchain/usr/lib/swift/iphonesimulator/prebuilt-modules/26.2/DeveloperToolsSupport.swiftmodule/arm64-apple-ios-simulator.swiftmodule'
note: a dependency of Swift module 'SwiftUICore': '/Applications/Xcode.app/Contents/Developer/Toolchains/XcodeDefault.xctoolchain/usr/lib/swift/iphonesimulator/prebuilt-modules/26.2/SwiftUICore.swiftmodule/arm64-apple-ios-simulator.swiftmodule'
note: a dependency of Swift module 'DeveloperToolsSupport': '/Applications/Xcode.app/Contents/Developer/Toolchains/XcodeDefault.xctoolchain/usr/lib/swift/iphonesimulator/prebuilt-modules/26.2/DeveloperToolsSupport.swiftmodule/arm64-apple-ios-simulator.swiftmodule'
note: a dependency of Swift module 'SwiftUI': '/Applications/Xcode.app/Contents/Developer/Toolchains/XcodeDefault.xctoolchain/usr/lib/swift/iphonesimulator/prebuilt-modules/26.2/SwiftUI.swiftmodule/arm64-apple-ios-simulator.swiftmodule'
note: a dependency of main module 'InkOS'
note: a dependency of Swift module 'DeveloperToolsSupport': '/Applications/Xcode.app/Contents/Developer/Toolchains/XcodeDefault.xctoolchain/usr/lib/swift/iphonesimulator/prebuilt-modules/26.2/DeveloperToolsSupport.swiftmodule/arm64-apple-ios-simulator.swiftmodule'
note: a dependency of Swift module 'SwiftUI': '/Applications/Xcode.app/Contents/Developer/Toolchains/XcodeDefault.xctoolchain/usr/lib/swift/iphonesimulator/prebuilt-modules/26.2/SwiftUI.swiftmodule/arm64-apple-ios-simulator.swiftmodule'
note: a dependency of main module 'InkOS'
error: Unable to find module dependency: 'CoreData'
note: a dependency of Swift module 'CoreData': '/Applications/Xcode.app/Contents/Developer/Toolchains/XcodeDefault.xctoolchain/usr/lib/swift/iphonesimulator/prebuilt-modules/26.2/CoreData.swiftmodule/arm64-apple-ios-simulator.swiftmodule'
note: a dependency of Swift module 'SwiftUI': '/Applications/Xcode.app/Contents/Developer/Toolchains/XcodeDefault.xctoolchain/usr/lib/swift/iphonesimulator/prebuilt-modules/26.2/SwiftUI.swiftmodule/arm64-apple-ios-simulator.swiftmodule'
note: a dependency of main module 'InkOS'
error: Unable to find module dependency: '_SwiftConcurrencyShims'
note: a dependency of Swift module 'CoreData': '/Applications/Xcode.app/Contents/Developer/Toolchains/XcodeDefault.xctoolchain/usr/lib/swift/iphonesimulator/prebuilt-modules/26.2/CoreData.swiftmodule/arm64-apple-ios-simulator.swiftmodule'
note: a dependency of Swift module 'SwiftUI': '/Applications/Xcode.app/Contents/Developer/Toolchains/XcodeDefault.xctoolchain/usr/lib/swift/iphonesimulator/prebuilt-modules/26.2/SwiftUI.swiftmodule/arm64-apple-ios-simulator.swiftmodule'
note: a dependency of main module 'InkOS'
error: Unable to find module dependency: 'CoreFoundation'
note: a dependency of Swift module 'CoreFoundation': '/Applications/Xcode.app/Contents/Developer/Toolchains/XcodeDefault.xctoolchain/usr/lib/swift/iphonesimulator/prebuilt-modules/26.2/CoreFoundation.swiftmodule/arm64-apple-ios-simulator.swiftmodule'
note: a dependency of Swift module 'SwiftUICore': '/Applications/Xcode.app/Contents/Developer/Toolchains/XcodeDefault.xctoolchain/usr/lib/swift/iphonesimulator/prebuilt-modules/26.2/SwiftUICore.swiftmodule/arm64-apple-ios-simulator.swiftmodule'
note: a dependency of Swift module 'CoreGraphics': '/Applications/Xcode.app/Contents/Developer/Toolchains/XcodeDefault.xctoolchain/usr/lib/swift/iphonesimulator/prebuilt-modules/26.2/CoreGraphics.swiftmodule/arm64-apple-ios-simulator.swiftmodule'
note: a dependency of Swift module 'CoreFoundation': '/Applications/Xcode.app/Contents/Developer/Toolchains/XcodeDefault.xctoolchain/usr/lib/swift/iphonesimulator/prebuilt-modules/26.2/CoreFoundation.swiftmodule/arm64-apple-ios-simulator.swiftmodule'
note: a dependency of Swift module 'CoreData': '/Applications/Xcode.app/Contents/Developer/Toolchains/XcodeDefault.xctoolchain/usr/lib/swift/iphonesimulator/prebuilt-modules/26.2/CoreData.swiftmodule/arm64-apple-ios-simulator.swiftmodule'
note: a dependency of Swift module 'SwiftUI': '/Applications/Xcode.app/Contents/Developer/Toolchains/XcodeDefault.xctoolchain/usr/lib/swift/iphonesimulator/prebuilt-modules/26.2/SwiftUI.swiftmodule/arm64-apple-ios-simulator.swiftmodule'
note: a dependency of main module 'InkOS'
note: a dependency of Swift module 'CoreFoundation': '/Applications/Xcode.app/Contents/Developer/Toolchains/XcodeDefault.xctoolchain/usr/lib/swift/iphonesimulator/prebuilt-modules/26.2/CoreFoundation.swiftmodule/arm64-apple-ios-simulator.swiftmodule'
note: a dependency of Swift module 'CoreGraphics': '/Applications/Xcode.app/Contents/Developer/Toolchains/XcodeDefault.xctoolchain/usr/lib/swift/iphonesimulator/prebuilt-modules/26.2/CoreGraphics.swiftmodule/arm64-apple-ios-simulator.swiftmodule'
note: a dependency of Swift module 'CoreFoundation': '/Applications/Xcode.app/Contents/Developer/Toolchains/XcodeDefault.xctoolchain/usr/lib/swift/iphonesimulator/prebuilt-modules/26.2/CoreFoundation.swiftmodule/arm64-apple-ios-simulator.swiftmodule'
note: a dependency of Swift module 'CoreData': '/Applications/Xcode.app/Contents/Developer/Toolchains/XcodeDefault.xctoolchain/usr/lib/swift/iphonesimulator/prebuilt-modules/26.2/CoreData.swiftmodule/arm64-apple-ios-simulator.swiftmodule'
note: a dependency of Swift module 'SwiftUI': '/Applications/Xcode.app/Contents/Developer/Toolchains/XcodeDefault.xctoolchain/usr/lib/swift/iphonesimulator/prebuilt-modules/26.2/SwiftUI.swiftmodule/arm64-apple-ios-simulator.swiftmodule'
note: a dependency of main module 'InkOS'
note: a dependency of Swift module 'CoreFoundation': '/Applications/Xcode.app/Contents/Developer/Toolchains/XcodeDefault.xctoolchain/usr/lib/swift/iphonesimulator/prebuilt-modules/26.2/CoreFoundation.swiftmodule/arm64-apple-ios-simulator.swiftmodule'
note: a dependency of Swift module 'CoreData': '/Applications/Xcode.app/Contents/Developer/Toolchains/XcodeDefault.xctoolchain/usr/lib/swift/iphonesimulator/prebuilt-modules/26.2/CoreData.swiftmodule/arm64-apple-ios-simulator.swiftmodule'
note: a dependency of Swift module 'SwiftUI': '/Applications/Xcode.app/Contents/Developer/Toolchains/XcodeDefault.xctoolchain/usr/lib/swift/iphonesimulator/prebuilt-modules/26.2/SwiftUI.swiftmodule/arm64-apple-ios-simulator.swiftmodule'
note: a dependency of main module 'InkOS'
note: a dependency of Swift module 'CoreFoundation': '/Applications/Xcode.app/Contents/Developer/Toolchains/XcodeDefault.xctoolchain/usr/lib/swift/iphonesimulator/prebuilt-modules/26.2/CoreFoundation.swiftmodule/arm64-apple-ios-simulator.swiftmodule'
note: a dependency of Swift module 'Foundation': '/Applications/Xcode.app/Contents/Developer/Toolchains/XcodeDefault.xctoolchain/usr/lib/swift/iphonesimulator/prebuilt-modules/26.2/Foundation.swiftmodule/arm64-apple-ios-simulator.swiftmodule'
note: a dependency of Swift module 'CoreData': '/Applications/Xcode.app/Contents/Developer/Toolchains/XcodeDefault.xctoolchain/usr/lib/swift/iphonesimulator/prebuilt-modules/26.2/CoreData.swiftmodule/arm64-apple-ios-simulator.swiftmodule'
note: a dependency of Swift module 'SwiftUI': '/Applications/Xcode.app/Contents/Developer/Toolchains/XcodeDefault.xctoolchain/usr/lib/swift/iphonesimulator/prebuilt-modules/26.2/SwiftUI.swiftmodule/arm64-apple-ios-simulator.swiftmodule'
note: a dependency of main module 'InkOS'
error: Unable to find module dependency: '_SwiftConcurrencyShims'
note: a dependency of Swift module 'CoreFoundation': '/Applications/Xcode.app/Contents/Developer/Toolchains/XcodeDefault.xctoolchain/usr/lib/swift/iphonesimulator/prebuilt-modules/26.2/CoreFoundation.swiftmodule/arm64-apple-ios-simulator.swiftmodule'
note: a dependency of Swift module 'SwiftUICore': '/Applications/Xcode.app/Contents/Developer/Toolchains/XcodeDefault.xctoolchain/usr/lib/swift/iphonesimulator/prebuilt-modules/26.2/SwiftUICore.swiftmodule/arm64-apple-ios-simulator.swiftmodule'
note: a dependency of Swift module 'CoreGraphics': '/Applications/Xcode.app/Contents/Developer/Toolchains/XcodeDefault.xctoolchain/usr/lib/swift/iphonesimulator/prebuilt-modules/26.2/CoreGraphics.swiftmodule/arm64-apple-ios-simulator.swiftmodule'
note: a dependency of Swift module 'CoreFoundation': '/Applications/Xcode.app/Contents/Developer/Toolchains/XcodeDefault.xctoolchain/usr/lib/swift/iphonesimulator/prebuilt-modules/26.2/CoreFoundation.swiftmodule/arm64-apple-ios-simulator.swiftmodule'
note: a dependency of Swift module 'CoreData': '/Applications/Xcode.app/Contents/Developer/Toolchains/XcodeDefault.xctoolchain/usr/lib/swift/iphonesimulator/prebuilt-modules/26.2/CoreData.swiftmodule/arm64-apple-ios-simulator.swiftmodule'
note: a dependency of Swift module 'SwiftUI': '/Applications/Xcode.app/Contents/Developer/Toolchains/XcodeDefault.xctoolchain/usr/lib/swift/iphonesimulator/prebuilt-modules/26.2/SwiftUI.swiftmodule/arm64-apple-ios-simulator.swiftmodule'
note: a dependency of main module 'InkOS'
note: a dependency of Swift module 'CoreFoundation': '/Applications/Xcode.app/Contents/Developer/Toolchains/XcodeDefault.xctoolchain/usr/lib/swift/iphonesimulator/prebuilt-modules/26.2/CoreFoundation.swiftmodule/arm64-apple-ios-simulator.swiftmodule'
note: a dependency of Swift module 'CoreGraphics': '/Applications/Xcode.app/Contents/Developer/Toolchains/XcodeDefault.xctoolchain/usr/lib/swift/iphonesimulator/prebuilt-modules/26.2/CoreGraphics.swiftmodule/arm64-apple-ios-simulator.swiftmodule'
note: a dependency of Swift module 'CoreFoundation': '/Applications/Xcode.app/Contents/Developer/Toolchains/XcodeDefault.xctoolchain/usr/lib/swift/iphonesimulator/prebuilt-modules/26.2/CoreFoundation.swiftmodule/arm64-apple-ios-simulator.swiftmodule'
note: a dependency of Swift module 'CoreData': '/Applications/Xcode.app/Contents/Developer/Toolchains/XcodeDefault.xctoolchain/usr/lib/swift/iphonesimulator/prebuilt-modules/26.2/CoreData.swiftmodule/arm64-apple-ios-simulator.swiftmodule'
note: a dependency of Swift module 'SwiftUI': '/Applications/Xcode.app/Contents/Developer/Toolchains/XcodeDefault.xctoolchain/usr/lib/swift/iphonesimulator/prebuilt-modules/26.2/SwiftUI.swiftmodule/arm64-apple-ios-simulator.swiftmodule'
note: a dependency of main module 'InkOS'
note: a dependency of Swift module 'CoreFoundation': '/Applications/Xcode.app/Contents/Developer/Toolchains/XcodeDefault.xctoolchain/usr/lib/swift/iphonesimulator/prebuilt-modules/26.2/CoreFoundation.swiftmodule/arm64-apple-ios-simulator.swiftmodule'
note: a dependency of Swift module 'CoreData': '/Applications/Xcode.app/Contents/Developer/Toolchains/XcodeDefault.xctoolchain/usr/lib/swift/iphonesimulator/prebuilt-modules/26.2/CoreData.swiftmodule/arm64-apple-ios-simulator.swiftmodule'
note: a dependency of Swift module 'SwiftUI': '/Applications/Xcode.app/Contents/Developer/Toolchains/XcodeDefault.xctoolchain/usr/lib/swift/iphonesimulator/prebuilt-modules/26.2/SwiftUI.swiftmodule/arm64-apple-ios-simulator.swiftmodule'
note: a dependency of main module 'InkOS'
note: a dependency of Swift module 'CoreFoundation': '/Applications/Xcode.app/Contents/Developer/Toolchains/XcodeDefault.xctoolchain/usr/lib/swift/iphonesimulator/prebuilt-modules/26.2/CoreFoundation.swiftmodule/arm64-apple-ios-simulator.swiftmodule'
note: a dependency of Swift module 'Foundation': '/Applications/Xcode.app/Contents/Developer/Toolchains/XcodeDefault.xctoolchain/usr/lib/swift/iphonesimulator/prebuilt-modules/26.2/Foundation.swiftmodule/arm64-apple-ios-simulator.swiftmodule'
note: a dependency of Swift module 'CoreData': '/Applications/Xcode.app/Contents/Developer/Toolchains/XcodeDefault.xctoolchain/usr/lib/swift/iphonesimulator/prebuilt-modules/26.2/CoreData.swiftmodule/arm64-apple-ios-simulator.swiftmodule'
note: a dependency of Swift module 'SwiftUI': '/Applications/Xcode.app/Contents/Developer/Toolchains/XcodeDefault.xctoolchain/usr/lib/swift/iphonesimulator/prebuilt-modules/26.2/SwiftUI.swiftmodule/arm64-apple-ios-simulator.swiftmodule'
note: a dependency of main module 'InkOS'
error: Unable to find module dependency: 'CoreGraphics'
note: a dependency of Swift module 'CoreGraphics': '/Applications/Xcode.app/Contents/Developer/Toolchains/XcodeDefault.xctoolchain/usr/lib/swift/iphonesimulator/prebuilt-modules/26.2/CoreGraphics.swiftmodule/arm64-apple-ios-simulator.swiftmodule'
note: a dependency of Swift module 'UIKit': '/Applications/Xcode.app/Contents/Developer/Toolchains/XcodeDefault.xctoolchain/usr/lib/swift/iphonesimulator/prebuilt-modules/26.2/UIKit.swiftmodule/arm64-apple-ios-simulator.swiftmodule'
note: a dependency of Swift module 'DeveloperToolsSupport': '/Applications/Xcode.app/Contents/Developer/Toolchains/XcodeDefault.xctoolchain/usr/lib/swift/iphonesimulator/prebuilt-modules/26.2/DeveloperToolsSupport.swiftmodule/arm64-apple-ios-simulator.swiftmodule'
note: a dependency of Swift module 'CoreGraphics': '/Applications/Xcode.app/Contents/Developer/Toolchains/XcodeDefault.xctoolchain/usr/lib/swift/iphonesimulator/prebuilt-modules/26.2/CoreGraphics.swiftmodule/arm64-apple-ios-simulator.swiftmodule'
note: a dependency of Swift module 'SwiftUI': '/Applications/Xcode.app/Contents/Developer/Toolchains/XcodeDefault.xctoolchain/usr/lib/swift/iphonesimulator/prebuilt-modules/26.2/SwiftUI.swiftmodule/arm64-apple-ios-simulator.swiftmodule'
note: a dependency of main module 'InkOS'
note: a dependency of Swift module 'CoreGraphics': '/Applications/Xcode.app/Contents/Developer/Toolchains/XcodeDefault.xctoolchain/usr/lib/swift/iphonesimulator/prebuilt-modules/26.2/CoreGraphics.swiftmodule/arm64-apple-ios-simulator.swiftmodule'
note: a dependency of Swift module 'DeveloperToolsSupport': '/Applications/Xcode.app/Contents/Developer/Toolchains/XcodeDefault.xctoolchain/usr/lib/swift/iphonesimulator/prebuilt-modules/26.2/DeveloperToolsSupport.swiftmodule/arm64-apple-ios-simulator.swiftmodule'
note: a dependency of Swift module 'CoreGraphics': '/Applications/Xcode.app/Contents/Developer/Toolchains/XcodeDefault.xctoolchain/usr/lib/swift/iphonesimulator/prebuilt-modules/26.2/CoreGraphics.swiftmodule/arm64-apple-ios-simulator.swiftmodule'
note: a dependency of Swift module 'SwiftUI': '/Applications/Xcode.app/Contents/Developer/Toolchains/XcodeDefault.xctoolchain/usr/lib/swift/iphonesimulator/prebuilt-modules/26.2/SwiftUI.swiftmodule/arm64-apple-ios-simulator.swiftmodule'
note: a dependency of main module 'InkOS'
note: a dependency of Swift module 'CoreGraphics': '/Applications/Xcode.app/Contents/Developer/Toolchains/XcodeDefault.xctoolchain/usr/lib/swift/iphonesimulator/prebuilt-modules/26.2/CoreGraphics.swiftmodule/arm64-apple-ios-simulator.swiftmodule'
note: a dependency of Swift module 'SwiftUI': '/Applications/Xcode.app/Contents/Developer/Toolchains/XcodeDefault.xctoolchain/usr/lib/swift/iphonesimulator/prebuilt-modules/26.2/SwiftUI.swiftmodule/arm64-apple-ios-simulator.swiftmodule'
note: a dependency of main module 'InkOS'
error: Unable to find module dependency: '_SwiftConcurrencyShims'
note: a dependency of Swift module 'CoreGraphics': '/Applications/Xcode.app/Contents/Developer/Toolchains/XcodeDefault.xctoolchain/usr/lib/swift/iphonesimulator/prebuilt-modules/26.2/CoreGraphics.swiftmodule/arm64-apple-ios-simulator.swiftmodule'
note: a dependency of Swift module 'UIKit': '/Applications/Xcode.app/Contents/Developer/Toolchains/XcodeDefault.xctoolchain/usr/lib/swift/iphonesimulator/prebuilt-modules/26.2/UIKit.swiftmodule/arm64-apple-ios-simulator.swiftmodule'
note: a dependency of Swift module 'DeveloperToolsSupport': '/Applications/Xcode.app/Contents/Developer/Toolchains/XcodeDefault.xctoolchain/usr/lib/swift/iphonesimulator/prebuilt-modules/26.2/DeveloperToolsSupport.swiftmodule/arm64-apple-ios-simulator.swiftmodule'
note: a dependency of Swift module 'CoreGraphics': '/Applications/Xcode.app/Contents/Developer/Toolchains/XcodeDefault.xctoolchain/usr/lib/swift/iphonesimulator/prebuilt-modules/26.2/CoreGraphics.swiftmodule/arm64-apple-ios-simulator.swiftmodule'
note: a dependency of Swift module 'SwiftUI': '/Applications/Xcode.app/Contents/Developer/Toolchains/XcodeDefault.xctoolchain/usr/lib/swift/iphonesimulator/prebuilt-modules/26.2/SwiftUI.swiftmodule/arm64-apple-ios-simulator.swiftmodule'
note: a dependency of main module 'InkOS'
note: a dependency of Swift module 'CoreGraphics': '/Applications/Xcode.app/Contents/Developer/Toolchains/XcodeDefault.xctoolchain/usr/lib/swift/iphonesimulator/prebuilt-modules/26.2/CoreGraphics.swiftmodule/arm64-apple-ios-simulator.swiftmodule'
note: a dependency of Swift module 'DeveloperToolsSupport': '/Applications/Xcode.app/Contents/Developer/Toolchains/XcodeDefault.xctoolchain/usr/lib/swift/iphonesimulator/prebuilt-modules/26.2/DeveloperToolsSupport.swiftmodule/arm64-apple-ios-simulator.swiftmodule'
note: a dependency of Swift module 'CoreGraphics': '/Applications/Xcode.app/Contents/Developer/Toolchains/XcodeDefault.xctoolchain/usr/lib/swift/iphonesimulator/prebuilt-modules/26.2/CoreGraphics.swiftmodule/arm64-apple-ios-simulator.swiftmodule'
note: a dependency of Swift module 'SwiftUI': '/Applications/Xcode.app/Contents/Developer/Toolchains/XcodeDefault.xctoolchain/usr/lib/swift/iphonesimulator/prebuilt-modules/26.2/SwiftUI.swiftmodule/arm64-apple-ios-simulator.swiftmodule'
note: a dependency of main module 'InkOS'
note: a dependency of Swift module 'CoreGraphics': '/Applications/Xcode.app/Contents/Developer/Toolchains/XcodeDefault.xctoolchain/usr/lib/swift/iphonesimulator/prebuilt-modules/26.2/CoreGraphics.swiftmodule/arm64-apple-ios-simulator.swiftmodule'
note: a dependency of Swift module 'SwiftUI': '/Applications/Xcode.app/Contents/Developer/Toolchains/XcodeDefault.xctoolchain/usr/lib/swift/iphonesimulator/prebuilt-modules/26.2/SwiftUI.swiftmodule/arm64-apple-ios-simulator.swiftmodule'
note: a dependency of main module 'InkOS'
error: Unable to find module dependency: 'CoreTransferable'
note: a dependency of Swift module 'CoreTransferable': '/Applications/Xcode.app/Contents/Developer/Toolchains/XcodeDefault.xctoolchain/usr/lib/swift/iphonesimulator/prebuilt-modules/26.2/CoreTransferable.swiftmodule/arm64-apple-ios-simulator.swiftmodule'
note: a dependency of Swift module 'SwiftUICore': '/Applications/Xcode.app/Contents/Developer/Toolchains/XcodeDefault.xctoolchain/usr/lib/swift/iphonesimulator/prebuilt-modules/26.2/SwiftUICore.swiftmodule/arm64-apple-ios-simulator.swiftmodule'
note: a dependency of Swift module 'CoreTransferable': '/Applications/Xcode.app/Contents/Developer/Toolchains/XcodeDefault.xctoolchain/usr/lib/swift/iphonesimulator/prebuilt-modules/26.2/CoreTransferable.swiftmodule/arm64-apple-ios-simulator.swiftmodule'
note: a dependency of Swift module 'SwiftUI': '/Applications/Xcode.app/Contents/Developer/Toolchains/XcodeDefault.xctoolchain/usr/lib/swift/iphonesimulator/prebuilt-modules/26.2/SwiftUI.swiftmodule/arm64-apple-ios-simulator.swiftmodule'
note: a dependency of main module 'InkOS'
note: a dependency of Swift module 'CoreTransferable': '/Applications/Xcode.app/Contents/Developer/Toolchains/XcodeDefault.xctoolchain/usr/lib/swift/iphonesimulator/prebuilt-modules/26.2/CoreTransferable.swiftmodule/arm64-apple-ios-simulator.swiftmodule'
note: a dependency of Swift module 'SwiftUI': '/Applications/Xcode.app/Contents/Developer/Toolchains/XcodeDefault.xctoolchain/usr/lib/swift/iphonesimulator/prebuilt-modules/26.2/SwiftUI.swiftmodule/arm64-apple-ios-simulator.swiftmodule'
note: a dependency of main module 'InkOS'
error: Unable to find module dependency: '_SwiftConcurrencyShims'
note: a dependency of Swift module 'CoreTransferable': '/Applications/Xcode.app/Contents/Developer/Toolchains/XcodeDefault.xctoolchain/usr/lib/swift/iphonesimulator/prebuilt-modules/26.2/CoreTransferable.swiftmodule/arm64-apple-ios-simulator.swiftmodule'
note: a dependency of Swift module 'SwiftUICore': '/Applications/Xcode.app/Contents/Developer/Toolchains/XcodeDefault.xctoolchain/usr/lib/swift/iphonesimulator/prebuilt-modules/26.2/SwiftUICore.swiftmodule/arm64-apple-ios-simulator.swiftmodule'
note: a dependency of Swift module 'CoreTransferable': '/Applications/Xcode.app/Contents/Developer/Toolchains/XcodeDefault.xctoolchain/usr/lib/swift/iphonesimulator/prebuilt-modules/26.2/CoreTransferable.swiftmodule/arm64-apple-ios-simulator.swiftmodule'
note: a dependency of Swift module 'SwiftUI': '/Applications/Xcode.app/Contents/Developer/Toolchains/XcodeDefault.xctoolchain/usr/lib/swift/iphonesimulator/prebuilt-modules/26.2/SwiftUI.swiftmodule/arm64-apple-ios-simulator.swiftmodule'
note: a dependency of main module 'InkOS'
note: a dependency of Swift module 'CoreTransferable': '/Applications/Xcode.app/Contents/Developer/Toolchains/XcodeDefault.xctoolchain/usr/lib/swift/iphonesimulator/prebuilt-modules/26.2/CoreTransferable.swiftmodule/arm64-apple-ios-simulator.swiftmodule'
note: a dependency of Swift module 'SwiftUI': '/Applications/Xcode.app/Contents/Developer/Toolchains/XcodeDefault.xctoolchain/usr/lib/swift/iphonesimulator/prebuilt-modules/26.2/SwiftUI.swiftmodule/arm64-apple-ios-simulator.swiftmodule'
note: a dependency of main module 'InkOS'
error: Unable to find module dependency: 'OSLog'
note: a dependency of Swift module 'OSLog': '/Applications/Xcode.app/Contents/Developer/Toolchains/XcodeDefault.xctoolchain/usr/lib/swift/iphonesimulator/prebuilt-modules/26.2/OSLog.swiftmodule/arm64-apple-ios-simulator.swiftmodule'
note: a dependency of Swift module 'SwiftUICore': '/Applications/Xcode.app/Contents/Developer/Toolchains/XcodeDefault.xctoolchain/usr/lib/swift/iphonesimulator/prebuilt-modules/26.2/SwiftUICore.swiftmodule/arm64-apple-ios-simulator.swiftmodule'
note: a dependency of Swift module 'OSLog': '/Applications/Xcode.app/Contents/Developer/Toolchains/XcodeDefault.xctoolchain/usr/lib/swift/iphonesimulator/prebuilt-modules/26.2/OSLog.swiftmodule/arm64-apple-ios-simulator.swiftmodule'
note: a dependency of Swift module 'SwiftUI': '/Applications/Xcode.app/Contents/Developer/Toolchains/XcodeDefault.xctoolchain/usr/lib/swift/iphonesimulator/prebuilt-modules/26.2/SwiftUI.swiftmodule/arm64-apple-ios-simulator.swiftmodule'
note: a dependency of main module 'InkOS'
note: a dependency of Swift module 'OSLog': '/Applications/Xcode.app/Contents/Developer/Toolchains/XcodeDefault.xctoolchain/usr/lib/swift/iphonesimulator/prebuilt-modules/26.2/OSLog.swiftmodule/arm64-apple-ios-simulator.swiftmodule'
note: a dependency of Swift module 'SwiftUI': '/Applications/Xcode.app/Contents/Developer/Toolchains/XcodeDefault.xctoolchain/usr/lib/swift/iphonesimulator/prebuilt-modules/26.2/SwiftUI.swiftmodule/arm64-apple-ios-simulator.swiftmodule'
note: a dependency of main module 'InkOS'
error: Unable to find module dependency: '_SwiftConcurrencyShims'
note: a dependency of Swift module 'OSLog': '/Applications/Xcode.app/Contents/Developer/Toolchains/XcodeDefault.xctoolchain/usr/lib/swift/iphonesimulator/prebuilt-modules/26.2/OSLog.swiftmodule/arm64-apple-ios-simulator.swiftmodule'
note: a dependency of Swift module 'SwiftUICore': '/Applications/Xcode.app/Contents/Developer/Toolchains/XcodeDefault.xctoolchain/usr/lib/swift/iphonesimulator/prebuilt-modules/26.2/SwiftUICore.swiftmodule/arm64-apple-ios-simulator.swiftmodule'
note: a dependency of Swift module 'OSLog': '/Applications/Xcode.app/Contents/Developer/Toolchains/XcodeDefault.xctoolchain/usr/lib/swift/iphonesimulator/prebuilt-modules/26.2/OSLog.swiftmodule/arm64-apple-ios-simulator.swiftmodule'
note: a dependency of Swift module 'SwiftUI': '/Applications/Xcode.app/Contents/Developer/Toolchains/XcodeDefault.xctoolchain/usr/lib/swift/iphonesimulator/prebuilt-modules/26.2/SwiftUI.swiftmodule/arm64-apple-ios-simulator.swiftmodule'
note: a dependency of main module 'InkOS'
note: a dependency of Swift module 'OSLog': '/Applications/Xcode.app/Contents/Developer/Toolchains/XcodeDefault.xctoolchain/usr/lib/swift/iphonesimulator/prebuilt-modules/26.2/OSLog.swiftmodule/arm64-apple-ios-simulator.swiftmodule'
note: a dependency of Swift module 'SwiftUI': '/Applications/Xcode.app/Contents/Developer/Toolchains/XcodeDefault.xctoolchain/usr/lib/swift/iphonesimulator/prebuilt-modules/26.2/SwiftUI.swiftmodule/arm64-apple-ios-simulator.swiftmodule'
note: a dependency of main module 'InkOS'
error: Unable to find module dependency: 'Spatial'
note: a dependency of Swift module 'Spatial': '/Applications/Xcode.app/Contents/Developer/Toolchains/XcodeDefault.xctoolchain/usr/lib/swift/iphonesimulator/prebuilt-modules/26.2/Spatial.swiftmodule/arm64-apple-ios-simulator.swiftmodule'
note: a dependency of Swift module 'SwiftUI': '/Applications/Xcode.app/Contents/Developer/Toolchains/XcodeDefault.xctoolchain/usr/lib/swift/iphonesimulator/prebuilt-modules/26.2/SwiftUI.swiftmodule/arm64-apple-ios-simulator.swiftmodule'
note: a dependency of main module 'InkOS'
error: Unable to find module dependency: '_SwiftConcurrencyShims'
note: a dependency of Swift module 'Spatial': '/Applications/Xcode.app/Contents/Developer/Toolchains/XcodeDefault.xctoolchain/usr/lib/swift/iphonesimulator/prebuilt-modules/26.2/Spatial.swiftmodule/arm64-apple-ios-simulator.swiftmodule'
note: a dependency of Swift module 'SwiftUI': '/Applications/Xcode.app/Contents/Developer/Toolchains/XcodeDefault.xctoolchain/usr/lib/swift/iphonesimulator/prebuilt-modules/26.2/SwiftUI.swiftmodule/arm64-apple-ios-simulator.swiftmodule'
note: a dependency of main module 'InkOS'
error: Unable to find module dependency: 'SwiftUICore'
note: a dependency of Swift module 'SwiftUICore': '/Applications/Xcode.app/Contents/Developer/Toolchains/XcodeDefault.xctoolchain/usr/lib/swift/iphonesimulator/prebuilt-modules/26.2/SwiftUICore.swiftmodule/arm64-apple-ios-simulator.swiftmodule'
note: a dependency of Swift module 'UIKit': '/Applications/Xcode.app/Contents/Developer/Toolchains/XcodeDefault.xctoolchain/usr/lib/swift/iphonesimulator/prebuilt-modules/26.2/UIKit.swiftmodule/arm64-apple-ios-simulator.swiftmodule'
note: a dependency of Swift module 'SwiftUICore': '/Applications/Xcode.app/Contents/Developer/Toolchains/XcodeDefault.xctoolchain/usr/lib/swift/iphonesimulator/prebuilt-modules/26.2/SwiftUICore.swiftmodule/arm64-apple-ios-simulator.swiftmodule'
note: a dependency of Swift module 'SwiftUI': '/Applications/Xcode.app/Contents/Developer/Toolchains/XcodeDefault.xctoolchain/usr/lib/swift/iphonesimulator/prebuilt-modules/26.2/SwiftUI.swiftmodule/arm64-apple-ios-simulator.swiftmodule'
note: a dependency of main module 'InkOS'
note: a dependency of Swift module 'SwiftUICore': '/Applications/Xcode.app/Contents/Developer/Toolchains/XcodeDefault.xctoolchain/usr/lib/swift/iphonesimulator/prebuilt-modules/26.2/SwiftUICore.swiftmodule/arm64-apple-ios-simulator.swiftmodule'
note: a dependency of Swift module 'SwiftUI': '/Applications/Xcode.app/Contents/Developer/Toolchains/XcodeDefault.xctoolchain/usr/lib/swift/iphonesimulator/prebuilt-modules/26.2/SwiftUI.swiftmodule/arm64-apple-ios-simulator.swiftmodule'
note: a dependency of main module 'InkOS'
error: Unable to find module dependency: '_SwiftConcurrencyShims'
note: a dependency of Swift module 'SwiftUICore': '/Applications/Xcode.app/Contents/Developer/Toolchains/XcodeDefault.xctoolchain/usr/lib/swift/iphonesimulator/prebuilt-modules/26.2/SwiftUICore.swiftmodule/arm64-apple-ios-simulator.swiftmodule'
note: a dependency of Swift module 'UIKit': '/Applications/Xcode.app/Contents/Developer/Toolchains/XcodeDefault.xctoolchain/usr/lib/swift/iphonesimulator/prebuilt-modules/26.2/UIKit.swiftmodule/arm64-apple-ios-simulator.swiftmodule'
note: a dependency of Swift module 'SwiftUICore': '/Applications/Xcode.app/Contents/Developer/Toolchains/XcodeDefault.xctoolchain/usr/lib/swift/iphonesimulator/prebuilt-modules/26.2/SwiftUICore.swiftmodule/arm64-apple-ios-simulator.swiftmodule'
note: a dependency of Swift module 'SwiftUI': '/Applications/Xcode.app/Contents/Developer/Toolchains/XcodeDefault.xctoolchain/usr/lib/swift/iphonesimulator/prebuilt-modules/26.2/SwiftUI.swiftmodule/arm64-apple-ios-simulator.swiftmodule'
note: a dependency of main module 'InkOS'
note: a dependency of Swift module 'SwiftUICore': '/Applications/Xcode.app/Contents/Developer/Toolchains/XcodeDefault.xctoolchain/usr/lib/swift/iphonesimulator/prebuilt-modules/26.2/SwiftUICore.swiftmodule/arm64-apple-ios-simulator.swiftmodule'
note: a dependency of Swift module 'SwiftUI': '/Applications/Xcode.app/Contents/Developer/Toolchains/XcodeDefault.xctoolchain/usr/lib/swift/iphonesimulator/prebuilt-modules/26.2/SwiftUI.swiftmodule/arm64-apple-ios-simulator.swiftmodule'
note: a dependency of main module 'InkOS'
error: Unable to find module dependency: 'Symbols'
note: a dependency of Swift module 'Symbols': '/Applications/Xcode.app/Contents/Developer/Toolchains/XcodeDefault.xctoolchain/usr/lib/swift/iphonesimulator/prebuilt-modules/26.2/Symbols.swiftmodule/arm64-apple-ios-simulator.swiftmodule'
note: a dependency of Swift module 'UIKit': '/Applications/Xcode.app/Contents/Developer/Toolchains/XcodeDefault.xctoolchain/usr/lib/swift/iphonesimulator/prebuilt-modules/26.2/UIKit.swiftmodule/arm64-apple-ios-simulator.swiftmodule'
note: a dependency of Swift module 'Symbols': '/Applications/Xcode.app/Contents/Developer/Toolchains/XcodeDefault.xctoolchain/usr/lib/swift/iphonesimulator/prebuilt-modules/26.2/Symbols.swiftmodule/arm64-apple-ios-simulator.swiftmodule'
note: a dependency of Swift module 'SwiftUICore': '/Applications/Xcode.app/Contents/Developer/Toolchains/XcodeDefault.xctoolchain/usr/lib/swift/iphonesimulator/prebuilt-modules/26.2/SwiftUICore.swiftmodule/arm64-apple-ios-simulator.swiftmodule'
note: a dependency of Swift module 'SwiftUI': '/Applications/Xcode.app/Contents/Developer/Toolchains/XcodeDefault.xctoolchain/usr/lib/swift/iphonesimulator/prebuilt-modules/26.2/SwiftUI.swiftmodule/arm64-apple-ios-simulator.swiftmodule'
note: a dependency of main module 'InkOS'
note: a dependency of Swift module 'Symbols': '/Applications/Xcode.app/Contents/Developer/Toolchains/XcodeDefault.xctoolchain/usr/lib/swift/iphonesimulator/prebuilt-modules/26.2/Symbols.swiftmodule/arm64-apple-ios-simulator.swiftmodule'
note: a dependency of Swift module 'SwiftUICore': '/Applications/Xcode.app/Contents/Developer/Toolchains/XcodeDefault.xctoolchain/usr/lib/swift/iphonesimulator/prebuilt-modules/26.2/SwiftUICore.swiftmodule/arm64-apple-ios-simulator.swiftmodule'
note: a dependency of Swift module 'SwiftUI': '/Applications/Xcode.app/Contents/Developer/Toolchains/XcodeDefault.xctoolchain/usr/lib/swift/iphonesimulator/prebuilt-modules/26.2/SwiftUI.swiftmodule/arm64-apple-ios-simulator.swiftmodule'
note: a dependency of main module 'InkOS'
note: a dependency of Swift module 'Symbols': '/Applications/Xcode.app/Contents/Developer/Toolchains/XcodeDefault.xctoolchain/usr/lib/swift/iphonesimulator/prebuilt-modules/26.2/Symbols.swiftmodule/arm64-apple-ios-simulator.swiftmodule'
note: a dependency of Swift module 'SwiftUICore': '/Applications/Xcode.app/Contents/Developer/Toolchains/XcodeDefault.xctoolchain/usr/lib/swift/iphonesimulator/prebuilt-modules/26.2/SwiftUICore.swiftmodule/arm64-apple-ios-simulator.swiftmodule'
note: a dependency of Swift module 'SwiftUI': '/Applications/Xcode.app/Contents/Developer/Toolchains/XcodeDefault.xctoolchain/usr/lib/swift/iphonesimulator/prebuilt-modules/26.2/SwiftUI.swiftmodule/arm64-apple-ios-simulator.swiftmodule'
note: a dependency of main module 'InkOS'
error: Unable to find module dependency: '_SwiftConcurrencyShims'
note: a dependency of Swift module 'Symbols': '/Applications/Xcode.app/Contents/Developer/Toolchains/XcodeDefault.xctoolchain/usr/lib/swift/iphonesimulator/prebuilt-modules/26.2/Symbols.swiftmodule/arm64-apple-ios-simulator.swiftmodule'
note: a dependency of Swift module 'UIKit': '/Applications/Xcode.app/Contents/Developer/Toolchains/XcodeDefault.xctoolchain/usr/lib/swift/iphonesimulator/prebuilt-modules/26.2/UIKit.swiftmodule/arm64-apple-ios-simulator.swiftmodule'
note: a dependency of Swift module 'Symbols': '/Applications/Xcode.app/Contents/Developer/Toolchains/XcodeDefault.xctoolchain/usr/lib/swift/iphonesimulator/prebuilt-modules/26.2/Symbols.swiftmodule/arm64-apple-ios-simulator.swiftmodule'
note: a dependency of Swift module 'SwiftUICore': '/Applications/Xcode.app/Contents/Developer/Toolchains/XcodeDefault.xctoolchain/usr/lib/swift/iphonesimulator/prebuilt-modules/26.2/SwiftUICore.swiftmodule/arm64-apple-ios-simulator.swiftmodule'
note: a dependency of Swift module 'SwiftUI': '/Applications/Xcode.app/Contents/Developer/Toolchains/XcodeDefault.xctoolchain/usr/lib/swift/iphonesimulator/prebuilt-modules/26.2/SwiftUI.swiftmodule/arm64-apple-ios-simulator.swiftmodule'
note: a dependency of main module 'InkOS'
note: a dependency of Swift module 'Symbols': '/Applications/Xcode.app/Contents/Developer/Toolchains/XcodeDefault.xctoolchain/usr/lib/swift/iphonesimulator/prebuilt-modules/26.2/Symbols.swiftmodule/arm64-apple-ios-simulator.swiftmodule'
note: a dependency of Swift module 'SwiftUICore': '/Applications/Xcode.app/Contents/Developer/Toolchains/XcodeDefault.xctoolchain/usr/lib/swift/iphonesimulator/prebuilt-modules/26.2/SwiftUICore.swiftmodule/arm64-apple-ios-simulator.swiftmodule'
note: a dependency of Swift module 'SwiftUI': '/Applications/Xcode.app/Contents/Developer/Toolchains/XcodeDefault.xctoolchain/usr/lib/swift/iphonesimulator/prebuilt-modules/26.2/SwiftUI.swiftmodule/arm64-apple-ios-simulator.swiftmodule'
note: a dependency of main module 'InkOS'
note: a dependency of Swift module 'Symbols': '/Applications/Xcode.app/Contents/Developer/Toolchains/XcodeDefault.xctoolchain/usr/lib/swift/iphonesimulator/prebuilt-modules/26.2/Symbols.swiftmodule/arm64-apple-ios-simulator.swiftmodule'
note: a dependency of Swift module 'SwiftUICore': '/Applications/Xcode.app/Contents/Developer/Toolchains/XcodeDefault.xctoolchain/usr/lib/swift/iphonesimulator/prebuilt-modules/26.2/SwiftUICore.swiftmodule/arm64-apple-ios-simulator.swiftmodule'
note: a dependency of Swift module 'SwiftUI': '/Applications/Xcode.app/Contents/Developer/Toolchains/XcodeDefault.xctoolchain/usr/lib/swift/iphonesimulator/prebuilt-modules/26.2/SwiftUI.swiftmodule/arm64-apple-ios-simulator.swiftmodule'
note: a dependency of main module 'InkOS'
error: Unable to find module dependency: 'UniformTypeIdentifiers'
note: a dependency of Swift module 'UniformTypeIdentifiers': '/Applications/Xcode.app/Contents/Developer/Toolchains/XcodeDefault.xctoolchain/usr/lib/swift/iphonesimulator/prebuilt-modules/26.2/UniformTypeIdentifiers.swiftmodule/arm64-apple-ios-simulator.swiftmodule'
note: a dependency of Swift module 'UIKit': '/Applications/Xcode.app/Contents/Developer/Toolchains/XcodeDefault.xctoolchain/usr/lib/swift/iphonesimulator/prebuilt-modules/26.2/UIKit.swiftmodule/arm64-apple-ios-simulator.swiftmodule'
note: a dependency of Swift module 'SwiftUICore': '/Applications/Xcode.app/Contents/Developer/Toolchains/XcodeDefault.xctoolchain/usr/lib/swift/iphonesimulator/prebuilt-modules/26.2/SwiftUICore.swiftmodule/arm64-apple-ios-simulator.swiftmodule'
note: a dependency of Swift module 'CoreTransferable': '/Applications/Xcode.app/Contents/Developer/Toolchains/XcodeDefault.xctoolchain/usr/lib/swift/iphonesimulator/prebuilt-modules/26.2/CoreTransferable.swiftmodule/arm64-apple-ios-simulator.swiftmodule'
note: a dependency of Swift module 'SwiftUI': '/Applications/Xcode.app/Contents/Developer/Toolchains/XcodeDefault.xctoolchain/usr/lib/swift/iphonesimulator/prebuilt-modules/26.2/SwiftUI.swiftmodule/arm64-apple-ios-simulator.swiftmodule'
note: a dependency of main module 'InkOS'
note: a dependency of Swift module 'UniformTypeIdentifiers': '/Applications/Xcode.app/Contents/Developer/Toolchains/XcodeDefault.xctoolchain/usr/lib/swift/iphonesimulator/prebuilt-modules/26.2/UniformTypeIdentifiers.swiftmodule/arm64-apple-ios-simulator.swiftmodule'
note: a dependency of Swift module 'CoreText': '/Applications/Xcode.app/Contents/Developer/Toolchains/XcodeDefault.xctoolchain/usr/lib/swift/iphonesimulator/prebuilt-modules/26.2/CoreText.swiftmodule/arm64-apple-ios-simulator.swiftmodule'
note: a dependency of Swift module 'UIKit': '/Applications/Xcode.app/Contents/Developer/Toolchains/XcodeDefault.xctoolchain/usr/lib/swift/iphonesimulator/prebuilt-modules/26.2/UIKit.swiftmodule/arm64-apple-ios-simulator.swiftmodule'
note: a dependency of Swift module 'SwiftUICore': '/Applications/Xcode.app/Contents/Developer/Toolchains/XcodeDefault.xctoolchain/usr/lib/swift/iphonesimulator/prebuilt-modules/26.2/SwiftUICore.swiftmodule/arm64-apple-ios-simulator.swiftmodule'
note: a dependency of Swift module 'CoreTransferable': '/Applications/Xcode.app/Contents/Developer/Toolchains/XcodeDefault.xctoolchain/usr/lib/swift/iphonesimulator/prebuilt-modules/26.2/CoreTransferable.swiftmodule/arm64-apple-ios-simulator.swiftmodule'
note: a dependency of Swift module 'SwiftUI': '/Applications/Xcode.app/Contents/Developer/Toolchains/XcodeDefault.xctoolchain/usr/lib/swift/iphonesimulator/prebuilt-modules/26.2/SwiftUI.swiftmodule/arm64-apple-ios-simulator.swiftmodule'
note: a dependency of main module 'InkOS'
note: a dependency of Swift module 'UniformTypeIdentifiers': '/Applications/Xcode.app/Contents/Developer/Toolchains/XcodeDefault.xctoolchain/usr/lib/swift/iphonesimulator/prebuilt-modules/26.2/UniformTypeIdentifiers.swiftmodule/arm64-apple-ios-simulator.swiftmodule'
note: a dependency of Swift module 'SwiftUICore': '/Applications/Xcode.app/Contents/Developer/Toolchains/XcodeDefault.xctoolchain/usr/lib/swift/iphonesimulator/prebuilt-modules/26.2/SwiftUICore.swiftmodule/arm64-apple-ios-simulator.swiftmodule'
note: a dependency of Swift module 'CoreTransferable': '/Applications/Xcode.app/Contents/Developer/Toolchains/XcodeDefault.xctoolchain/usr/lib/swift/iphonesimulator/prebuilt-modules/26.2/CoreTransferable.swiftmodule/arm64-apple-ios-simulator.swiftmodule'
note: a dependency of Swift module 'SwiftUI': '/Applications/Xcode.app/Contents/Developer/Toolchains/XcodeDefault.xctoolchain/usr/lib/swift/iphonesimulator/prebuilt-modules/26.2/SwiftUI.swiftmodule/arm64-apple-ios-simulator.swiftmodule'
note: a dependency of main module 'InkOS'
note: a dependency of Swift module 'UniformTypeIdentifiers': '/Applications/Xcode.app/Contents/Developer/Toolchains/XcodeDefault.xctoolchain/usr/lib/swift/iphonesimulator/prebuilt-modules/26.2/UniformTypeIdentifiers.swiftmodule/arm64-apple-ios-simulator.swiftmodule'
note: a dependency of Swift module 'CoreTransferable': '/Applications/Xcode.app/Contents/Developer/Toolchains/XcodeDefault.xctoolchain/usr/lib/swift/iphonesimulator/prebuilt-modules/26.2/CoreTransferable.swiftmodule/arm64-apple-ios-simulator.swiftmodule'
note: a dependency of Swift module 'SwiftUI': '/Applications/Xcode.app/Contents/Developer/Toolchains/XcodeDefault.xctoolchain/usr/lib/swift/iphonesimulator/prebuilt-modules/26.2/SwiftUI.swiftmodule/arm64-apple-ios-simulator.swiftmodule'
note: a dependency of main module 'InkOS'
error: Unable to find module dependency: '_SwiftConcurrencyShims'
note: a dependency of Swift module 'UniformTypeIdentifiers': '/Applications/Xcode.app/Contents/Developer/Toolchains/XcodeDefault.xctoolchain/usr/lib/swift/iphonesimulator/prebuilt-modules/26.2/UniformTypeIdentifiers.swiftmodule/arm64-apple-ios-simulator.swiftmodule'
note: a dependency of Swift module 'UIKit': '/Applications/Xcode.app/Contents/Developer/Toolchains/XcodeDefault.xctoolchain/usr/lib/swift/iphonesimulator/prebuilt-modules/26.2/UIKit.swiftmodule/arm64-apple-ios-simulator.swiftmodule'
note: a dependency of Swift module 'SwiftUICore': '/Applications/Xcode.app/Contents/Developer/Toolchains/XcodeDefault.xctoolchain/usr/lib/swift/iphonesimulator/prebuilt-modules/26.2/SwiftUICore.swiftmodule/arm64-apple-ios-simulator.swiftmodule'
note: a dependency of Swift module 'CoreTransferable': '/Applications/Xcode.app/Contents/Developer/Toolchains/XcodeDefault.xctoolchain/usr/lib/swift/iphonesimulator/prebuilt-modules/26.2/CoreTransferable.swiftmodule/arm64-apple-ios-simulator.swiftmodule'
note: a dependency of Swift module 'SwiftUI': '/Applications/Xcode.app/Contents/Developer/Toolchains/XcodeDefault.xctoolchain/usr/lib/swift/iphonesimulator/prebuilt-modules/26.2/SwiftUI.swiftmodule/arm64-apple-ios-simulator.swiftmodule'
note: a dependency of main module 'InkOS'
note: a dependency of Swift module 'UniformTypeIdentifiers': '/Applications/Xcode.app/Contents/Developer/Toolchains/XcodeDefault.xctoolchain/usr/lib/swift/iphonesimulator/prebuilt-modules/26.2/UniformTypeIdentifiers.swiftmodule/arm64-apple-ios-simulator.swiftmodule'
note: a dependency of Swift module 'CoreText': '/Applications/Xcode.app/Contents/Developer/Toolchains/XcodeDefault.xctoolchain/usr/lib/swift/iphonesimulator/prebuilt-modules/26.2/CoreText.swiftmodule/arm64-apple-ios-simulator.swiftmodule'
note: a dependency of Swift module 'UIKit': '/Applications/Xcode.app/Contents/Developer/Toolchains/XcodeDefault.xctoolchain/usr/lib/swift/iphonesimulator/prebuilt-modules/26.2/UIKit.swiftmodule/arm64-apple-ios-simulator.swiftmodule'
note: a dependency of Swift module 'SwiftUICore': '/Applications/Xcode.app/Contents/Developer/Toolchains/XcodeDefault.xctoolchain/usr/lib/swift/iphonesimulator/prebuilt-modules/26.2/SwiftUICore.swiftmodule/arm64-apple-ios-simulator.swiftmodule'
note: a dependency of Swift module 'CoreTransferable': '/Applications/Xcode.app/Contents/Developer/Toolchains/XcodeDefault.xctoolchain/usr/lib/swift/iphonesimulator/prebuilt-modules/26.2/CoreTransferable.swiftmodule/arm64-apple-ios-simulator.swiftmodule'
note: a dependency of Swift module 'SwiftUI': '/Applications/Xcode.app/Contents/Developer/Toolchains/XcodeDefault.xctoolchain/usr/lib/swift/iphonesimulator/prebuilt-modules/26.2/SwiftUI.swiftmodule/arm64-apple-ios-simulator.swiftmodule'
note: a dependency of main module 'InkOS'
note: a dependency of Swift module 'UniformTypeIdentifiers': '/Applications/Xcode.app/Contents/Developer/Toolchains/XcodeDefault.xctoolchain/usr/lib/swift/iphonesimulator/prebuilt-modules/26.2/UniformTypeIdentifiers.swiftmodule/arm64-apple-ios-simulator.swiftmodule'
note: a dependency of Swift module 'SwiftUICore': '/Applications/Xcode.app/Contents/Developer/Toolchains/XcodeDefault.xctoolchain/usr/lib/swift/iphonesimulator/prebuilt-modules/26.2/SwiftUICore.swiftmodule/arm64-apple-ios-simulator.swiftmodule'
note: a dependency of Swift module 'CoreTransferable': '/Applications/Xcode.app/Contents/Developer/Toolchains/XcodeDefault.xctoolchain/usr/lib/swift/iphonesimulator/prebuilt-modules/26.2/CoreTransferable.swiftmodule/arm64-apple-ios-simulator.swiftmodule'
note: a dependency of Swift module 'SwiftUI': '/Applications/Xcode.app/Contents/Developer/Toolchains/XcodeDefault.xctoolchain/usr/lib/swift/iphonesimulator/prebuilt-modules/26.2/SwiftUI.swiftmodule/arm64-apple-ios-simulator.swiftmodule'
note: a dependency of main module 'InkOS'
note: a dependency of Swift module 'UniformTypeIdentifiers': '/Applications/Xcode.app/Contents/Developer/Toolchains/XcodeDefault.xctoolchain/usr/lib/swift/iphonesimulator/prebuilt-modules/26.2/UniformTypeIdentifiers.swiftmodule/arm64-apple-ios-simulator.swiftmodule'
note: a dependency of Swift module 'CoreTransferable': '/Applications/Xcode.app/Contents/Developer/Toolchains/XcodeDefault.xctoolchain/usr/lib/swift/iphonesimulator/prebuilt-modules/26.2/CoreTransferable.swiftmodule/arm64-apple-ios-simulator.swiftmodule'
note: a dependency of Swift module 'SwiftUI': '/Applications/Xcode.app/Contents/Developer/Toolchains/XcodeDefault.xctoolchain/usr/lib/swift/iphonesimulator/prebuilt-modules/26.2/SwiftUI.swiftmodule/arm64-apple-ios-simulator.swiftmodule'
note: a dependency of main module 'InkOS'
error: Unable to find module dependency: '_SwiftConcurrencyShims'
note: a dependency of Swift module 'os': '/Applications/Xcode.app/Contents/Developer/Toolchains/XcodeDefault.xctoolchain/usr/lib/swift/iphonesimulator/prebuilt-modules/26.2/os.swiftmodule/arm64-apple-ios-simulator.swiftmodule'
note: a dependency of Swift module 'os': '/Applications/Xcode.app/Contents/Developer/Toolchains/XcodeDefault.xctoolchain/usr/lib/swift/iphonesimulator/prebuilt-modules/26.2/os.swiftmodule/arm64-apple-ios-simulator.swiftmodule'
note: a dependency of Swift module 'os': '/Applications/Xcode.app/Contents/Developer/Toolchains/XcodeDefault.xctoolchain/usr/lib/swift/iphonesimulator/prebuilt-modules/26.2/os.swiftmodule/arm64-apple-ios-simulator.swiftmodule'
note: a dependency of Swift module 'SwiftUICore': '/Applications/Xcode.app/Contents/Developer/Toolchains/XcodeDefault.xctoolchain/usr/lib/swift/iphonesimulator/prebuilt-modules/26.2/SwiftUICore.swiftmodule/arm64-apple-ios-simulator.swiftmodule'
note: a dependency of Swift module 'os': '/Applications/Xcode.app/Contents/Developer/Toolchains/XcodeDefault.xctoolchain/usr/lib/swift/iphonesimulator/prebuilt-modules/26.2/os.swiftmodule/arm64-apple-ios-simulator.swiftmodule'
note: a dependency of Swift module 'CoreTransferable': '/Applications/Xcode.app/Contents/Developer/Toolchains/XcodeDefault.xctoolchain/usr/lib/swift/iphonesimulator/prebuilt-modules/26.2/CoreTransferable.swiftmodule/arm64-apple-ios-simulator.swiftmodule'
note: a dependency of Swift module 'os': '/Applications/Xcode.app/Contents/Developer/Toolchains/XcodeDefault.xctoolchain/usr/lib/swift/iphonesimulator/prebuilt-modules/26.2/os.swiftmodule/arm64-apple-ios-simulator.swiftmodule'
note: a dependency of Swift module 'CoreData': '/Applications/Xcode.app/Contents/Developer/Toolchains/XcodeDefault.xctoolchain/usr/lib/swift/iphonesimulator/prebuilt-modules/26.2/CoreData.swiftmodule/arm64-apple-ios-simulator.swiftmodule'
note: a dependency of Swift module 'SwiftUI': '/Applications/Xcode.app/Contents/Developer/Toolchains/XcodeDefault.xctoolchain/usr/lib/swift/iphonesimulator/prebuilt-modules/26.2/SwiftUI.swiftmodule/arm64-apple-ios-simulator.swiftmodule'
note: a dependency of main module 'InkOS'
note: a dependency of Swift module 'os': '/Applications/Xcode.app/Contents/Developer/Toolchains/XcodeDefault.xctoolchain/usr/lib/swift/iphonesimulator/prebuilt-modules/26.2/os.swiftmodule/arm64-apple-ios-simulator.swiftmodule'
note: a dependency of Swift module 'os': '/Applications/Xcode.app/Contents/Developer/Toolchains/XcodeDefault.xctoolchain/usr/lib/swift/iphonesimulator/prebuilt-modules/26.2/os.swiftmodule/arm64-apple-ios-simulator.swiftmodule'
note: a dependency of Swift module 'SwiftUICore': '/Applications/Xcode.app/Contents/Developer/Toolchains/XcodeDefault.xctoolchain/usr/lib/swift/iphonesimulator/prebuilt-modules/26.2/SwiftUICore.swiftmodule/arm64-apple-ios-simulator.swiftmodule'
note: a dependency of Swift module 'os': '/Applications/Xcode.app/Contents/Developer/Toolchains/XcodeDefault.xctoolchain/usr/lib/swift/iphonesimulator/prebuilt-modules/26.2/os.swiftmodule/arm64-apple-ios-simulator.swiftmodule'
note: a dependency of Swift module 'CoreTransferable': '/Applications/Xcode.app/Contents/Developer/Toolchains/XcodeDefault.xctoolchain/usr/lib/swift/iphonesimulator/prebuilt-modules/26.2/CoreTransferable.swiftmodule/arm64-apple-ios-simulator.swiftmodule'
note: a dependency of Swift module 'os': '/Applications/Xcode.app/Contents/Developer/Toolchains/XcodeDefault.xctoolchain/usr/lib/swift/iphonesimulator/prebuilt-modules/26.2/os.swiftmodule/arm64-apple-ios-simulator.swiftmodule'
note: a dependency of Swift module 'CoreData': '/Applications/Xcode.app/Contents/Developer/Toolchains/XcodeDefault.xctoolchain/usr/lib/swift/iphonesimulator/prebuilt-modules/26.2/CoreData.swiftmodule/arm64-apple-ios-simulator.swiftmodule'
note: a dependency of Swift module 'SwiftUI': '/Applications/Xcode.app/Contents/Developer/Toolchains/XcodeDefault.xctoolchain/usr/lib/swift/iphonesimulator/prebuilt-modules/26.2/SwiftUI.swiftmodule/arm64-apple-ios-simulator.swiftmodule'
note: a dependency of main module 'InkOS'
note: a dependency of Swift module 'os': '/Applications/Xcode.app/Contents/Developer/Toolchains/XcodeDefault.xctoolchain/usr/lib/swift/iphonesimulator/prebuilt-modules/26.2/os.swiftmodule/arm64-apple-ios-simulator.swiftmodule'
note: a dependency of Swift module 'os': '/Applications/Xcode.app/Contents/Developer/Toolchains/XcodeDefault.xctoolchain/usr/lib/swift/iphonesimulator/prebuilt-modules/26.2/os.swiftmodule/arm64-apple-ios-simulator.swiftmodule'
note: a dependency of Swift module 'SwiftUICore': '/Applications/Xcode.app/Contents/Developer/Toolchains/XcodeDefault.xctoolchain/usr/lib/swift/iphonesimulator/prebuilt-modules/26.2/SwiftUICore.swiftmodule/arm64-apple-ios-simulator.swiftmodule'
note: a dependency of Swift module 'os': '/Applications/Xcode.app/Contents/Developer/Toolchains/XcodeDefault.xctoolchain/usr/lib/swift/iphonesimulator/prebuilt-modules/26.2/os.swiftmodule/arm64-apple-ios-simulator.swiftmodule'
note: a dependency of Swift module 'CoreTransferable': '/Applications/Xcode.app/Contents/Developer/Toolchains/XcodeDefault.xctoolchain/usr/lib/swift/iphonesimulator/prebuilt-modules/26.2/CoreTransferable.swiftmodule/arm64-apple-ios-simulator.swiftmodule'
note: a dependency of Swift module 'os': '/Applications/Xcode.app/Contents/Developer/Toolchains/XcodeDefault.xctoolchain/usr/lib/swift/iphonesimulator/prebuilt-modules/26.2/os.swiftmodule/arm64-apple-ios-simulator.swiftmodule'
note: a dependency of Swift module 'CoreData': '/Applications/Xcode.app/Contents/Developer/Toolchains/XcodeDefault.xctoolchain/usr/lib/swift/iphonesimulator/prebuilt-modules/26.2/CoreData.swiftmodule/arm64-apple-ios-simulator.swiftmodule'
note: a dependency of Swift module 'SwiftUI': '/Applications/Xcode.app/Contents/Developer/Toolchains/XcodeDefault.xctoolchain/usr/lib/swift/iphonesimulator/prebuilt-modules/26.2/SwiftUI.swiftmodule/arm64-apple-ios-simulator.swiftmodule'
note: a dependency of main module 'InkOS'
note: a dependency of Swift module 'os': '/Applications/Xcode.app/Contents/Developer/Toolchains/XcodeDefault.xctoolchain/usr/lib/swift/iphonesimulator/prebuilt-modules/26.2/os.swiftmodule/arm64-apple-ios-simulator.swiftmodule'
note: a dependency of Swift module 'SwiftUICore': '/Applications/Xcode.app/Contents/Developer/Toolchains/XcodeDefault.xctoolchain/usr/lib/swift/iphonesimulator/prebuilt-modules/26.2/SwiftUICore.swiftmodule/arm64-apple-ios-simulator.swiftmodule'
note: a dependency of Swift module 'os': '/Applications/Xcode.app/Contents/Developer/Toolchains/XcodeDefault.xctoolchain/usr/lib/swift/iphonesimulator/prebuilt-modules/26.2/os.swiftmodule/arm64-apple-ios-simulator.swiftmodule'
note: a dependency of Swift module 'CoreTransferable': '/Applications/Xcode.app/Contents/Developer/Toolchains/XcodeDefault.xctoolchain/usr/lib/swift/iphonesimulator/prebuilt-modules/26.2/CoreTransferable.swiftmodule/arm64-apple-ios-simulator.swiftmodule'
note: a dependency of Swift module 'os': '/Applications/Xcode.app/Contents/Developer/Toolchains/XcodeDefault.xctoolchain/usr/lib/swift/iphonesimulator/prebuilt-modules/26.2/os.swiftmodule/arm64-apple-ios-simulator.swiftmodule'
note: a dependency of Swift module 'CoreData': '/Applications/Xcode.app/Contents/Developer/Toolchains/XcodeDefault.xctoolchain/usr/lib/swift/iphonesimulator/prebuilt-modules/26.2/CoreData.swiftmodule/arm64-apple-ios-simulator.swiftmodule'
note: a dependency of Swift module 'SwiftUI': '/Applications/Xcode.app/Contents/Developer/Toolchains/XcodeDefault.xctoolchain/usr/lib/swift/iphonesimulator/prebuilt-modules/26.2/SwiftUI.swiftmodule/arm64-apple-ios-simulator.swiftmodule'
note: a dependency of main module 'InkOS'
note: a dependency of Swift module 'os': '/Applications/Xcode.app/Contents/Developer/Toolchains/XcodeDefault.xctoolchain/usr/lib/swift/iphonesimulator/prebuilt-modules/26.2/os.swiftmodule/arm64-apple-ios-simulator.swiftmodule'
note: a dependency of Swift module 'os': '/Applications/Xcode.app/Contents/Developer/Toolchains/XcodeDefault.xctoolchain/usr/lib/swift/iphonesimulator/prebuilt-modules/26.2/os.swiftmodule/arm64-apple-ios-simulator.swiftmodule'
note: a dependency of Swift module 'CoreTransferable': '/Applications/Xcode.app/Contents/Developer/Toolchains/XcodeDefault.xctoolchain/usr/lib/swift/iphonesimulator/prebuilt-modules/26.2/CoreTransferable.swiftmodule/arm64-apple-ios-simulator.swiftmodule'
note: a dependency of Swift module 'os': '/Applications/Xcode.app/Contents/Developer/Toolchains/XcodeDefault.xctoolchain/usr/lib/swift/iphonesimulator/prebuilt-modules/26.2/os.swiftmodule/arm64-apple-ios-simulator.swiftmodule'
note: a dependency of Swift module 'CoreData': '/Applications/Xcode.app/Contents/Developer/Toolchains/XcodeDefault.xctoolchain/usr/lib/swift/iphonesimulator/prebuilt-modules/26.2/CoreData.swiftmodule/arm64-apple-ios-simulator.swiftmodule'
note: a dependency of Swift module 'SwiftUI': '/Applications/Xcode.app/Contents/Developer/Toolchains/XcodeDefault.xctoolchain/usr/lib/swift/iphonesimulator/prebuilt-modules/26.2/SwiftUI.swiftmodule/arm64-apple-ios-simulator.swiftmodule'
note: a dependency of main module 'InkOS'
note: a dependency of Swift module 'os': '/Applications/Xcode.app/Contents/Developer/Toolchains/XcodeDefault.xctoolchain/usr/lib/swift/iphonesimulator/prebuilt-modules/26.2/os.swiftmodule/arm64-apple-ios-simulator.swiftmodule'
note: a dependency of Swift module 'CoreTransferable': '/Applications/Xcode.app/Contents/Developer/Toolchains/XcodeDefault.xctoolchain/usr/lib/swift/iphonesimulator/prebuilt-modules/26.2/CoreTransferable.swiftmodule/arm64-apple-ios-simulator.swiftmodule'
note: a dependency of Swift module 'os': '/Applications/Xcode.app/Contents/Developer/Toolchains/XcodeDefault.xctoolchain/usr/lib/swift/iphonesimulator/prebuilt-modules/26.2/os.swiftmodule/arm64-apple-ios-simulator.swiftmodule'
note: a dependency of Swift module 'CoreData': '/Applications/Xcode.app/Contents/Developer/Toolchains/XcodeDefault.xctoolchain/usr/lib/swift/iphonesimulator/prebuilt-modules/26.2/CoreData.swiftmodule/arm64-apple-ios-simulator.swiftmodule'
note: a dependency of Swift module 'SwiftUI': '/Applications/Xcode.app/Contents/Developer/Toolchains/XcodeDefault.xctoolchain/usr/lib/swift/iphonesimulator/prebuilt-modules/26.2/SwiftUI.swiftmodule/arm64-apple-ios-simulator.swiftmodule'
note: a dependency of main module 'InkOS'
note: a dependency of Swift module 'os': '/Applications/Xcode.app/Contents/Developer/Toolchains/XcodeDefault.xctoolchain/usr/lib/swift/iphonesimulator/prebuilt-modules/26.2/os.swiftmodule/arm64-apple-ios-simulator.swiftmodule'
note: a dependency of Swift module 'os': '/Applications/Xcode.app/Contents/Developer/Toolchains/XcodeDefault.xctoolchain/usr/lib/swift/iphonesimulator/prebuilt-modules/26.2/os.swiftmodule/arm64-apple-ios-simulator.swiftmodule'
note: a dependency of Swift module 'CoreData': '/Applications/Xcode.app/Contents/Developer/Toolchains/XcodeDefault.xctoolchain/usr/lib/swift/iphonesimulator/prebuilt-modules/26.2/CoreData.swiftmodule/arm64-apple-ios-simulator.swiftmodule'
note: a dependency of Swift module 'SwiftUI': '/Applications/Xcode.app/Contents/Developer/Toolchains/XcodeDefault.xctoolchain/usr/lib/swift/iphonesimulator/prebuilt-modules/26.2/SwiftUI.swiftmodule/arm64-apple-ios-simulator.swiftmodule'
note: a dependency of main module 'InkOS'
note: a dependency of Swift module 'os': '/Applications/Xcode.app/Contents/Developer/Toolchains/XcodeDefault.xctoolchain/usr/lib/swift/iphonesimulator/prebuilt-modules/26.2/os.swiftmodule/arm64-apple-ios-simulator.swiftmodule'
note: a dependency of Swift module 'CoreData': '/Applications/Xcode.app/Contents/Developer/Toolchains/XcodeDefault.xctoolchain/usr/lib/swift/iphonesimulator/prebuilt-modules/26.2/CoreData.swiftmodule/arm64-apple-ios-simulator.swiftmodule'
note: a dependency of Swift module 'SwiftUI': '/Applications/Xcode.app/Contents/Developer/Toolchains/XcodeDefault.xctoolchain/usr/lib/swift/iphonesimulator/prebuilt-modules/26.2/SwiftUI.swiftmodule/arm64-apple-ios-simulator.swiftmodule'
note: a dependency of main module 'InkOS'
error: Unable to find module dependency: 'os'
note: a dependency of Swift module 'os': '/Applications/Xcode.app/Contents/Developer/Toolchains/XcodeDefault.xctoolchain/usr/lib/swift/iphonesimulator/prebuilt-modules/26.2/os.swiftmodule/arm64-apple-ios-simulator.swiftmodule'
note: a dependency of Swift module 'os': '/Applications/Xcode.app/Contents/Developer/Toolchains/XcodeDefault.xctoolchain/usr/lib/swift/iphonesimulator/prebuilt-modules/26.2/os.swiftmodule/arm64-apple-ios-simulator.swiftmodule'
note: a dependency of Swift module 'os': '/Applications/Xcode.app/Contents/Developer/Toolchains/XcodeDefault.xctoolchain/usr/lib/swift/iphonesimulator/prebuilt-modules/26.2/os.swiftmodule/arm64-apple-ios-simulator.swiftmodule'
note: a dependency of Swift module 'SwiftUICore': '/Applications/Xcode.app/Contents/Developer/Toolchains/XcodeDefault.xctoolchain/usr/lib/swift/iphonesimulator/prebuilt-modules/26.2/SwiftUICore.swiftmodule/arm64-apple-ios-simulator.swiftmodule'
note: a dependency of Swift module 'os': '/Applications/Xcode.app/Contents/Developer/Toolchains/XcodeDefault.xctoolchain/usr/lib/swift/iphonesimulator/prebuilt-modules/26.2/os.swiftmodule/arm64-apple-ios-simulator.swiftmodule'
note: a dependency of Swift module 'CoreTransferable': '/Applications/Xcode.app/Contents/Developer/Toolchains/XcodeDefault.xctoolchain/usr/lib/swift/iphonesimulator/prebuilt-modules/26.2/CoreTransferable.swiftmodule/arm64-apple-ios-simulator.swiftmodule'
note: a dependency of Swift module 'os': '/Applications/Xcode.app/Contents/Developer/Toolchains/XcodeDefault.xctoolchain/usr/lib/swift/iphonesimulator/prebuilt-modules/26.2/os.swiftmodule/arm64-apple-ios-simulator.swiftmodule'
note: a dependency of Swift module 'CoreData': '/Applications/Xcode.app/Contents/Developer/Toolchains/XcodeDefault.xctoolchain/usr/lib/swift/iphonesimulator/prebuilt-modules/26.2/CoreData.swiftmodule/arm64-apple-ios-simulator.swiftmodule'
note: a dependency of Swift module 'SwiftUI': '/Applications/Xcode.app/Contents/Developer/Toolchains/XcodeDefault.xctoolchain/usr/lib/swift/iphonesimulator/prebuilt-modules/26.2/SwiftUI.swiftmodule/arm64-apple-ios-simulator.swiftmodule'
note: a dependency of main module 'InkOS'
note: a dependency of Swift module 'os': '/Applications/Xcode.app/Contents/Developer/Toolchains/XcodeDefault.xctoolchain/usr/lib/swift/iphonesimulator/prebuilt-modules/26.2/os.swiftmodule/arm64-apple-ios-simulator.swiftmodule'
note: a dependency of Swift module 'os': '/Applications/Xcode.app/Contents/Developer/Toolchains/XcodeDefault.xctoolchain/usr/lib/swift/iphonesimulator/prebuilt-modules/26.2/os.swiftmodule/arm64-apple-ios-simulator.swiftmodule'
note: a dependency of Swift module 'SwiftUICore': '/Applications/Xcode.app/Contents/Developer/Toolchains/XcodeDefault.xctoolchain/usr/lib/swift/iphonesimulator/prebuilt-modules/26.2/SwiftUICore.swiftmodule/arm64-apple-ios-simulator.swiftmodule'
note: a dependency of Swift module 'os': '/Applications/Xcode.app/Contents/Developer/Toolchains/XcodeDefault.xctoolchain/usr/lib/swift/iphonesimulator/prebuilt-modules/26.2/os.swiftmodule/arm64-apple-ios-simulator.swiftmodule'
note: a dependency of Swift module 'CoreTransferable': '/Applications/Xcode.app/Contents/Developer/Toolchains/XcodeDefault.xctoolchain/usr/lib/swift/iphonesimulator/prebuilt-modules/26.2/CoreTransferable.swiftmodule/arm64-apple-ios-simulator.swiftmodule'
note: a dependency of Swift module 'os': '/Applications/Xcode.app/Contents/Developer/Toolchains/XcodeDefault.xctoolchain/usr/lib/swift/iphonesimulator/prebuilt-modules/26.2/os.swiftmodule/arm64-apple-ios-simulator.swiftmodule'
note: a dependency of Swift module 'CoreData': '/Applications/Xcode.app/Contents/Developer/Toolchains/XcodeDefault.xctoolchain/usr/lib/swift/iphonesimulator/prebuilt-modules/26.2/CoreData.swiftmodule/arm64-apple-ios-simulator.swiftmodule'
note: a dependency of Swift module 'SwiftUI': '/Applications/Xcode.app/Contents/Developer/Toolchains/XcodeDefault.xctoolchain/usr/lib/swift/iphonesimulator/prebuilt-modules/26.2/SwiftUI.swiftmodule/arm64-apple-ios-simulator.swiftmodule'
note: a dependency of main module 'InkOS'
note: a dependency of Swift module 'os': '/Applications/Xcode.app/Contents/Developer/Toolchains/XcodeDefault.xctoolchain/usr/lib/swift/iphonesimulator/prebuilt-modules/26.2/os.swiftmodule/arm64-apple-ios-simulator.swiftmodule'
note: a dependency of Swift module 'os': '/Applications/Xcode.app/Contents/Developer/Toolchains/XcodeDefault.xctoolchain/usr/lib/swift/iphonesimulator/prebuilt-modules/26.2/os.swiftmodule/arm64-apple-ios-simulator.swiftmodule'
note: a dependency of Swift module 'SwiftUICore': '/Applications/Xcode.app/Contents/Developer/Toolchains/XcodeDefault.xctoolchain/usr/lib/swift/iphonesimulator/prebuilt-modules/26.2/SwiftUICore.swiftmodule/arm64-apple-ios-simulator.swiftmodule'
note: a dependency of Swift module 'os': '/Applications/Xcode.app/Contents/Developer/Toolchains/XcodeDefault.xctoolchain/usr/lib/swift/iphonesimulator/prebuilt-modules/26.2/os.swiftmodule/arm64-apple-ios-simulator.swiftmodule'
note: a dependency of Swift module 'CoreTransferable': '/Applications/Xcode.app/Contents/Developer/Toolchains/XcodeDefault.xctoolchain/usr/lib/swift/iphonesimulator/prebuilt-modules/26.2/CoreTransferable.swiftmodule/arm64-apple-ios-simulator.swiftmodule'
note: a dependency of Swift module 'os': '/Applications/Xcode.app/Contents/Developer/Toolchains/XcodeDefault.xctoolchain/usr/lib/swift/iphonesimulator/prebuilt-modules/26.2/os.swiftmodule/arm64-apple-ios-simulator.swiftmodule'
note: a dependency of Swift module 'CoreData': '/Applications/Xcode.app/Contents/Developer/Toolchains/XcodeDefault.xctoolchain/usr/lib/swift/iphonesimulator/prebuilt-modules/26.2/CoreData.swiftmodule/arm64-apple-ios-simulator.swiftmodule'
note: a dependency of Swift module 'SwiftUI': '/Applications/Xcode.app/Contents/Developer/Toolchains/XcodeDefault.xctoolchain/usr/lib/swift/iphonesimulator/prebuilt-modules/26.2/SwiftUI.swiftmodule/arm64-apple-ios-simulator.swiftmodule'
note: a dependency of main module 'InkOS'
note: a dependency of Swift module 'os': '/Applications/Xcode.app/Contents/Developer/Toolchains/XcodeDefault.xctoolchain/usr/lib/swift/iphonesimulator/prebuilt-modules/26.2/os.swiftmodule/arm64-apple-ios-simulator.swiftmodule'
note: a dependency of Swift module 'SwiftUICore': '/Applications/Xcode.app/Contents/Developer/Toolchains/XcodeDefault.xctoolchain/usr/lib/swift/iphonesimulator/prebuilt-modules/26.2/SwiftUICore.swiftmodule/arm64-apple-ios-simulator.swiftmodule'
note: a dependency of Swift module 'os': '/Applications/Xcode.app/Contents/Developer/Toolchains/XcodeDefault.xctoolchain/usr/lib/swift/iphonesimulator/prebuilt-modules/26.2/os.swiftmodule/arm64-apple-ios-simulator.swiftmodule'
note: a dependency of Swift module 'CoreTransferable': '/Applications/Xcode.app/Contents/Developer/Toolchains/XcodeDefault.xctoolchain/usr/lib/swift/iphonesimulator/prebuilt-modules/26.2/CoreTransferable.swiftmodule/arm64-apple-ios-simulator.swiftmodule'
note: a dependency of Swift module 'os': '/Applications/Xcode.app/Contents/Developer/Toolchains/XcodeDefault.xctoolchain/usr/lib/swift/iphonesimulator/prebuilt-modules/26.2/os.swiftmodule/arm64-apple-ios-simulator.swiftmodule'
note: a dependency of Swift module 'CoreData': '/Applications/Xcode.app/Contents/Developer/Toolchains/XcodeDefault.xctoolchain/usr/lib/swift/iphonesimulator/prebuilt-modules/26.2/CoreData.swiftmodule/arm64-apple-ios-simulator.swiftmodule'
note: a dependency of Swift module 'SwiftUI': '/Applications/Xcode.app/Contents/Developer/Toolchains/XcodeDefault.xctoolchain/usr/lib/swift/iphonesimulator/prebuilt-modules/26.2/SwiftUI.swiftmodule/arm64-apple-ios-simulator.swiftmodule'
note: a dependency of main module 'InkOS'
note: a dependency of Swift module 'os': '/Applications/Xcode.app/Contents/Developer/Toolchains/XcodeDefault.xctoolchain/usr/lib/swift/iphonesimulator/prebuilt-modules/26.2/os.swiftmodule/arm64-apple-ios-simulator.swiftmodule'
note: a dependency of Swift module 'os': '/Applications/Xcode.app/Contents/Developer/Toolchains/XcodeDefault.xctoolchain/usr/lib/swift/iphonesimulator/prebuilt-modules/26.2/os.swiftmodule/arm64-apple-ios-simulator.swiftmodule'
note: a dependency of Swift module 'CoreTransferable': '/Applications/Xcode.app/Contents/Developer/Toolchains/XcodeDefault.xctoolchain/usr/lib/swift/iphonesimulator/prebuilt-modules/26.2/CoreTransferable.swiftmodule/arm64-apple-ios-simulator.swiftmodule'
note: a dependency of Swift module 'os': '/Applications/Xcode.app/Contents/Developer/Toolchains/XcodeDefault.xctoolchain/usr/lib/swift/iphonesimulator/prebuilt-modules/26.2/os.swiftmodule/arm64-apple-ios-simulator.swiftmodule'
note: a dependency of Swift module 'CoreData': '/Applications/Xcode.app/Contents/Developer/Toolchains/XcodeDefault.xctoolchain/usr/lib/swift/iphonesimulator/prebuilt-modules/26.2/CoreData.swiftmodule/arm64-apple-ios-simulator.swiftmodule'
note: a dependency of Swift module 'SwiftUI': '/Applications/Xcode.app/Contents/Developer/Toolchains/XcodeDefault.xctoolchain/usr/lib/swift/iphonesimulator/prebuilt-modules/26.2/SwiftUI.swiftmodule/arm64-apple-ios-simulator.swiftmodule'
note: a dependency of main module 'InkOS'
note: a dependency of Swift module 'os': '/Applications/Xcode.app/Contents/Developer/Toolchains/XcodeDefault.xctoolchain/usr/lib/swift/iphonesimulator/prebuilt-modules/26.2/os.swiftmodule/arm64-apple-ios-simulator.swiftmodule'
note: a dependency of Swift module 'CoreTransferable': '/Applications/Xcode.app/Contents/Developer/Toolchains/XcodeDefault.xctoolchain/usr/lib/swift/iphonesimulator/prebuilt-modules/26.2/CoreTransferable.swiftmodule/arm64-apple-ios-simulator.swiftmodule'
note: a dependency of Swift module 'os': '/Applications/Xcode.app/Contents/Developer/Toolchains/XcodeDefault.xctoolchain/usr/lib/swift/iphonesimulator/prebuilt-modules/26.2/os.swiftmodule/arm64-apple-ios-simulator.swiftmodule'
note: a dependency of Swift module 'CoreData': '/Applications/Xcode.app/Contents/Developer/Toolchains/XcodeDefault.xctoolchain/usr/lib/swift/iphonesimulator/prebuilt-modules/26.2/CoreData.swiftmodule/arm64-apple-ios-simulator.swiftmodule'
note: a dependency of Swift module 'SwiftUI': '/Applications/Xcode.app/Contents/Developer/Toolchains/XcodeDefault.xctoolchain/usr/lib/swift/iphonesimulator/prebuilt-modules/26.2/SwiftUI.swiftmodule/arm64-apple-ios-simulator.swiftmodule'
note: a dependency of main module 'InkOS'
note: a dependency of Swift module 'os': '/Applications/Xcode.app/Contents/Developer/Toolchains/XcodeDefault.xctoolchain/usr/lib/swift/iphonesimulator/prebuilt-modules/26.2/os.swiftmodule/arm64-apple-ios-simulator.swiftmodule'
note: a dependency of Swift module 'os': '/Applications/Xcode.app/Contents/Developer/Toolchains/XcodeDefault.xctoolchain/usr/lib/swift/iphonesimulator/prebuilt-modules/26.2/os.swiftmodule/arm64-apple-ios-simulator.swiftmodule'
note: a dependency of Swift module 'CoreData': '/Applications/Xcode.app/Contents/Developer/Toolchains/XcodeDefault.xctoolchain/usr/lib/swift/iphonesimulator/prebuilt-modules/26.2/CoreData.swiftmodule/arm64-apple-ios-simulator.swiftmodule'
note: a dependency of Swift module 'SwiftUI': '/Applications/Xcode.app/Contents/Developer/Toolchains/XcodeDefault.xctoolchain/usr/lib/swift/iphonesimulator/prebuilt-modules/26.2/SwiftUI.swiftmodule/arm64-apple-ios-simulator.swiftmodule'
note: a dependency of main module 'InkOS'
note: a dependency of Swift module 'os': '/Applications/Xcode.app/Contents/Developer/Toolchains/XcodeDefault.xctoolchain/usr/lib/swift/iphonesimulator/prebuilt-modules/26.2/os.swiftmodule/arm64-apple-ios-simulator.swiftmodule'
note: a dependency of Swift module 'CoreData': '/Applications/Xcode.app/Contents/Developer/Toolchains/XcodeDefault.xctoolchain/usr/lib/swift/iphonesimulator/prebuilt-modules/26.2/CoreData.swiftmodule/arm64-apple-ios-simulator.swiftmodule'
note: a dependency of Swift module 'SwiftUI': '/Applications/Xcode.app/Contents/Developer/Toolchains/XcodeDefault.xctoolchain/usr/lib/swift/iphonesimulator/prebuilt-modules/26.2/SwiftUI.swiftmodule/arm64-apple-ios-simulator.swiftmodule'
note: a dependency of main module 'InkOS'
error: Unable to find module dependency: 'os'
note: a dependency of Swift module 'os': '/Applications/Xcode.app/Contents/Developer/Toolchains/XcodeDefault.xctoolchain/usr/lib/swift/iphonesimulator/prebuilt-modules/26.2/os.swiftmodule/arm64-apple-ios-simulator.swiftmodule'
note: a dependency of Swift module 'os': '/Applications/Xcode.app/Contents/Developer/Toolchains/XcodeDefault.xctoolchain/usr/lib/swift/iphonesimulator/prebuilt-modules/26.2/os.swiftmodule/arm64-apple-ios-simulator.swiftmodule'
note: a dependency of Swift module 'os': '/Applications/Xcode.app/Contents/Developer/Toolchains/XcodeDefault.xctoolchain/usr/lib/swift/iphonesimulator/prebuilt-modules/26.2/os.swiftmodule/arm64-apple-ios-simulator.swiftmodule'
note: a dependency of Swift module 'SwiftUICore': '/Applications/Xcode.app/Contents/Developer/Toolchains/XcodeDefault.xctoolchain/usr/lib/swift/iphonesimulator/prebuilt-modules/26.2/SwiftUICore.swiftmodule/arm64-apple-ios-simulator.swiftmodule'
note: a dependency of Swift module 'os': '/Applications/Xcode.app/Contents/Developer/Toolchains/XcodeDefault.xctoolchain/usr/lib/swift/iphonesimulator/prebuilt-modules/26.2/os.swiftmodule/arm64-apple-ios-simulator.swiftmodule'
note: a dependency of Swift module 'CoreTransferable': '/Applications/Xcode.app/Contents/Developer/Toolchains/XcodeDefault.xctoolchain/usr/lib/swift/iphonesimulator/prebuilt-modules/26.2/CoreTransferable.swiftmodule/arm64-apple-ios-simulator.swiftmodule'
note: a dependency of Swift module 'os': '/Applications/Xcode.app/Contents/Developer/Toolchains/XcodeDefault.xctoolchain/usr/lib/swift/iphonesimulator/prebuilt-modules/26.2/os.swiftmodule/arm64-apple-ios-simulator.swiftmodule'
note: a dependency of Swift module 'CoreData': '/Applications/Xcode.app/Contents/Developer/Toolchains/XcodeDefault.xctoolchain/usr/lib/swift/iphonesimulator/prebuilt-modules/26.2/CoreData.swiftmodule/arm64-apple-ios-simulator.swiftmodule'
note: a dependency of Swift module 'SwiftUI': '/Applications/Xcode.app/Contents/Developer/Toolchains/XcodeDefault.xctoolchain/usr/lib/swift/iphonesimulator/prebuilt-modules/26.2/SwiftUI.swiftmodule/arm64-apple-ios-simulator.swiftmodule'
note: a dependency of main module 'InkOS'
note: a dependency of Swift module 'os': '/Applications/Xcode.app/Contents/Developer/Toolchains/XcodeDefault.xctoolchain/usr/lib/swift/iphonesimulator/prebuilt-modules/26.2/os.swiftmodule/arm64-apple-ios-simulator.swiftmodule'
note: a dependency of Swift module 'os': '/Applications/Xcode.app/Contents/Developer/Toolchains/XcodeDefault.xctoolchain/usr/lib/swift/iphonesimulator/prebuilt-modules/26.2/os.swiftmodule/arm64-apple-ios-simulator.swiftmodule'
note: a dependency of Swift module 'SwiftUICore': '/Applications/Xcode.app/Contents/Developer/Toolchains/XcodeDefault.xctoolchain/usr/lib/swift/iphonesimulator/prebuilt-modules/26.2/SwiftUICore.swiftmodule/arm64-apple-ios-simulator.swiftmodule'
note: a dependency of Swift module 'os': '/Applications/Xcode.app/Contents/Developer/Toolchains/XcodeDefault.xctoolchain/usr/lib/swift/iphonesimulator/prebuilt-modules/26.2/os.swiftmodule/arm64-apple-ios-simulator.swiftmodule'
note: a dependency of Swift module 'CoreTransferable': '/Applications/Xcode.app/Contents/Developer/Toolchains/XcodeDefault.xctoolchain/usr/lib/swift/iphonesimulator/prebuilt-modules/26.2/CoreTransferable.swiftmodule/arm64-apple-ios-simulator.swiftmodule'
note: a dependency of Swift module 'os': '/Applications/Xcode.app/Contents/Developer/Toolchains/XcodeDefault.xctoolchain/usr/lib/swift/iphonesimulator/prebuilt-modules/26.2/os.swiftmodule/arm64-apple-ios-simulator.swiftmodule'
note: a dependency of Swift module 'CoreData': '/Applications/Xcode.app/Contents/Developer/Toolchains/XcodeDefault.xctoolchain/usr/lib/swift/iphonesimulator/prebuilt-modules/26.2/CoreData.swiftmodule/arm64-apple-ios-simulator.swiftmodule'
note: a dependency of Swift module 'SwiftUI': '/Applications/Xcode.app/Contents/Developer/Toolchains/XcodeDefault.xctoolchain/usr/lib/swift/iphonesimulator/prebuilt-modules/26.2/SwiftUI.swiftmodule/arm64-apple-ios-simulator.swiftmodule'
note: a dependency of main module 'InkOS'
note: a dependency of Swift module 'os': '/Applications/Xcode.app/Contents/Developer/Toolchains/XcodeDefault.xctoolchain/usr/lib/swift/iphonesimulator/prebuilt-modules/26.2/os.swiftmodule/arm64-apple-ios-simulator.swiftmodule'
note: a dependency of Swift module 'os': '/Applications/Xcode.app/Contents/Developer/Toolchains/XcodeDefault.xctoolchain/usr/lib/swift/iphonesimulator/prebuilt-modules/26.2/os.swiftmodule/arm64-apple-ios-simulator.swiftmodule'
note: a dependency of Swift module 'SwiftUICore': '/Applications/Xcode.app/Contents/Developer/Toolchains/XcodeDefault.xctoolchain/usr/lib/swift/iphonesimulator/prebuilt-modules/26.2/SwiftUICore.swiftmodule/arm64-apple-ios-simulator.swiftmodule'
note: a dependency of Swift module 'os': '/Applications/Xcode.app/Contents/Developer/Toolchains/XcodeDefault.xctoolchain/usr/lib/swift/iphonesimulator/prebuilt-modules/26.2/os.swiftmodule/arm64-apple-ios-simulator.swiftmodule'
note: a dependency of Swift module 'CoreTransferable': '/Applications/Xcode.app/Contents/Developer/Toolchains/XcodeDefault.xctoolchain/usr/lib/swift/iphonesimulator/prebuilt-modules/26.2/CoreTransferable.swiftmodule/arm64-apple-ios-simulator.swiftmodule'
note: a dependency of Swift module 'os': '/Applications/Xcode.app/Contents/Developer/Toolchains/XcodeDefault.xctoolchain/usr/lib/swift/iphonesimulator/prebuilt-modules/26.2/os.swiftmodule/arm64-apple-ios-simulator.swiftmodule'
note: a dependency of Swift module 'CoreData': '/Applications/Xcode.app/Contents/Developer/Toolchains/XcodeDefault.xctoolchain/usr/lib/swift/iphonesimulator/prebuilt-modules/26.2/CoreData.swiftmodule/arm64-apple-ios-simulator.swiftmodule'
note: a dependency of Swift module 'SwiftUI': '/Applications/Xcode.app/Contents/Developer/Toolchains/XcodeDefault.xctoolchain/usr/lib/swift/iphonesimulator/prebuilt-modules/26.2/SwiftUI.swiftmodule/arm64-apple-ios-simulator.swiftmodule'
note: a dependency of main module 'InkOS'
note: a dependency of Swift module 'os': '/Applications/Xcode.app/Contents/Developer/Toolchains/XcodeDefault.xctoolchain/usr/lib/swift/iphonesimulator/prebuilt-modules/26.2/os.swiftmodule/arm64-apple-ios-simulator.swiftmodule'
note: a dependency of Swift module 'SwiftUICore': '/Applications/Xcode.app/Contents/Developer/Toolchains/XcodeDefault.xctoolchain/usr/lib/swift/iphonesimulator/prebuilt-modules/26.2/SwiftUICore.swiftmodule/arm64-apple-ios-simulator.swiftmodule'
note: a dependency of Swift module 'os': '/Applications/Xcode.app/Contents/Developer/Toolchains/XcodeDefault.xctoolchain/usr/lib/swift/iphonesimulator/prebuilt-modules/26.2/os.swiftmodule/arm64-apple-ios-simulator.swiftmodule'
note: a dependency of Swift module 'CoreTransferable': '/Applications/Xcode.app/Contents/Developer/Toolchains/XcodeDefault.xctoolchain/usr/lib/swift/iphonesimulator/prebuilt-modules/26.2/CoreTransferable.swiftmodule/arm64-apple-ios-simulator.swiftmodule'
note: a dependency of Swift module 'os': '/Applications/Xcode.app/Contents/Developer/Toolchains/XcodeDefault.xctoolchain/usr/lib/swift/iphonesimulator/prebuilt-modules/26.2/os.swiftmodule/arm64-apple-ios-simulator.swiftmodule'
note: a dependency of Swift module 'CoreData': '/Applications/Xcode.app/Contents/Developer/Toolchains/XcodeDefault.xctoolchain/usr/lib/swift/iphonesimulator/prebuilt-modules/26.2/CoreData.swiftmodule/arm64-apple-ios-simulator.swiftmodule'
note: a dependency of Swift module 'SwiftUI': '/Applications/Xcode.app/Contents/Developer/Toolchains/XcodeDefault.xctoolchain/usr/lib/swift/iphonesimulator/prebuilt-modules/26.2/SwiftUI.swiftmodule/arm64-apple-ios-simulator.swiftmodule'
note: a dependency of main module 'InkOS'
note: a dependency of Swift module 'os': '/Applications/Xcode.app/Contents/Developer/Toolchains/XcodeDefault.xctoolchain/usr/lib/swift/iphonesimulator/prebuilt-modules/26.2/os.swiftmodule/arm64-apple-ios-simulator.swiftmodule'
note: a dependency of Swift module 'os': '/Applications/Xcode.app/Contents/Developer/Toolchains/XcodeDefault.xctoolchain/usr/lib/swift/iphonesimulator/prebuilt-modules/26.2/os.swiftmodule/arm64-apple-ios-simulator.swiftmodule'
note: a dependency of Swift module 'CoreTransferable': '/Applications/Xcode.app/Contents/Developer/Toolchains/XcodeDefault.xctoolchain/usr/lib/swift/iphonesimulator/prebuilt-modules/26.2/CoreTransferable.swiftmodule/arm64-apple-ios-simulator.swiftmodule'
note: a dependency of Swift module 'os': '/Applications/Xcode.app/Contents/Developer/Toolchains/XcodeDefault.xctoolchain/usr/lib/swift/iphonesimulator/prebuilt-modules/26.2/os.swiftmodule/arm64-apple-ios-simulator.swiftmodule'
note: a dependency of Swift module 'CoreData': '/Applications/Xcode.app/Contents/Developer/Toolchains/XcodeDefault.xctoolchain/usr/lib/swift/iphonesimulator/prebuilt-modules/26.2/CoreData.swiftmodule/arm64-apple-ios-simulator.swiftmodule'
note: a dependency of Swift module 'SwiftUI': '/Applications/Xcode.app/Contents/Developer/Toolchains/XcodeDefault.xctoolchain/usr/lib/swift/iphonesimulator/prebuilt-modules/26.2/SwiftUI.swiftmodule/arm64-apple-ios-simulator.swiftmodule'
note: a dependency of main module 'InkOS'
note: a dependency of Swift module 'os': '/Applications/Xcode.app/Contents/Developer/Toolchains/XcodeDefault.xctoolchain/usr/lib/swift/iphonesimulator/prebuilt-modules/26.2/os.swiftmodule/arm64-apple-ios-simulator.swiftmodule'
note: a dependency of Swift module 'CoreTransferable': '/Applications/Xcode.app/Contents/Developer/Toolchains/XcodeDefault.xctoolchain/usr/lib/swift/iphonesimulator/prebuilt-modules/26.2/CoreTransferable.swiftmodule/arm64-apple-ios-simulator.swiftmodule'
note: a dependency of Swift module 'os': '/Applications/Xcode.app/Contents/Developer/Toolchains/XcodeDefault.xctoolchain/usr/lib/swift/iphonesimulator/prebuilt-modules/26.2/os.swiftmodule/arm64-apple-ios-simulator.swiftmodule'
note: a dependency of Swift module 'CoreData': '/Applications/Xcode.app/Contents/Developer/Toolchains/XcodeDefault.xctoolchain/usr/lib/swift/iphonesimulator/prebuilt-modules/26.2/CoreData.swiftmodule/arm64-apple-ios-simulator.swiftmodule'
note: a dependency of Swift module 'SwiftUI': '/Applications/Xcode.app/Contents/Developer/Toolchains/XcodeDefault.xctoolchain/usr/lib/swift/iphonesimulator/prebuilt-modules/26.2/SwiftUI.swiftmodule/arm64-apple-ios-simulator.swiftmodule'
note: a dependency of main module 'InkOS'
note: a dependency of Swift module 'os': '/Applications/Xcode.app/Contents/Developer/Toolchains/XcodeDefault.xctoolchain/usr/lib/swift/iphonesimulator/prebuilt-modules/26.2/os.swiftmodule/arm64-apple-ios-simulator.swiftmodule'
note: a dependency of Swift module 'os': '/Applications/Xcode.app/Contents/Developer/Toolchains/XcodeDefault.xctoolchain/usr/lib/swift/iphonesimulator/prebuilt-modules/26.2/os.swiftmodule/arm64-apple-ios-simulator.swiftmodule'
note: a dependency of Swift module 'CoreData': '/Applications/Xcode.app/Contents/Developer/Toolchains/XcodeDefault.xctoolchain/usr/lib/swift/iphonesimulator/prebuilt-modules/26.2/CoreData.swiftmodule/arm64-apple-ios-simulator.swiftmodule'
note: a dependency of Swift module 'SwiftUI': '/Applications/Xcode.app/Contents/Developer/Toolchains/XcodeDefault.xctoolchain/usr/lib/swift/iphonesimulator/prebuilt-modules/26.2/SwiftUI.swiftmodule/arm64-apple-ios-simulator.swiftmodule'
note: a dependency of main module 'InkOS'
note: a dependency of Swift module 'os': '/Applications/Xcode.app/Contents/Developer/Toolchains/XcodeDefault.xctoolchain/usr/lib/swift/iphonesimulator/prebuilt-modules/26.2/os.swiftmodule/arm64-apple-ios-simulator.swiftmodule'
note: a dependency of Swift module 'CoreData': '/Applications/Xcode.app/Contents/Developer/Toolchains/XcodeDefault.xctoolchain/usr/lib/swift/iphonesimulator/prebuilt-modules/26.2/CoreData.swiftmodule/arm64-apple-ios-simulator.swiftmodule'
note: a dependency of Swift module 'SwiftUI': '/Applications/Xcode.app/Contents/Developer/Toolchains/XcodeDefault.xctoolchain/usr/lib/swift/iphonesimulator/prebuilt-modules/26.2/SwiftUI.swiftmodule/arm64-apple-ios-simulator.swiftmodule'
note: a dependency of main module 'InkOS'
error: Unable to find module dependency: 'os'
note: a dependency of Swift module 'os': '/Applications/Xcode.app/Contents/Developer/Toolchains/XcodeDefault.xctoolchain/usr/lib/swift/iphonesimulator/prebuilt-modules/26.2/os.swiftmodule/arm64-apple-ios-simulator.swiftmodule'
note: a dependency of Swift module 'os': '/Applications/Xcode.app/Contents/Developer/Toolchains/XcodeDefault.xctoolchain/usr/lib/swift/iphonesimulator/prebuilt-modules/26.2/os.swiftmodule/arm64-apple-ios-simulator.swiftmodule'
note: a dependency of Swift module 'os': '/Applications/Xcode.app/Contents/Developer/Toolchains/XcodeDefault.xctoolchain/usr/lib/swift/iphonesimulator/prebuilt-modules/26.2/os.swiftmodule/arm64-apple-ios-simulator.swiftmodule'
note: a dependency of Swift module 'SwiftUICore': '/Applications/Xcode.app/Contents/Developer/Toolchains/XcodeDefault.xctoolchain/usr/lib/swift/iphonesimulator/prebuilt-modules/26.2/SwiftUICore.swiftmodule/arm64-apple-ios-simulator.swiftmodule'
note: a dependency of Swift module 'os': '/Applications/Xcode.app/Contents/Developer/Toolchains/XcodeDefault.xctoolchain/usr/lib/swift/iphonesimulator/prebuilt-modules/26.2/os.swiftmodule/arm64-apple-ios-simulator.swiftmodule'
note: a dependency of Swift module 'CoreTransferable': '/Applications/Xcode.app/Contents/Developer/Toolchains/XcodeDefault.xctoolchain/usr/lib/swift/iphonesimulator/prebuilt-modules/26.2/CoreTransferable.swiftmodule/arm64-apple-ios-simulator.swiftmodule'
note: a dependency of Swift module 'os': '/Applications/Xcode.app/Contents/Developer/Toolchains/XcodeDefault.xctoolchain/usr/lib/swift/iphonesimulator/prebuilt-modules/26.2/os.swiftmodule/arm64-apple-ios-simulator.swiftmodule'
note: a dependency of Swift module 'CoreData': '/Applications/Xcode.app/Contents/Developer/Toolchains/XcodeDefault.xctoolchain/usr/lib/swift/iphonesimulator/prebuilt-modules/26.2/CoreData.swiftmodule/arm64-apple-ios-simulator.swiftmodule'
note: a dependency of Swift module 'SwiftUI': '/Applications/Xcode.app/Contents/Developer/Toolchains/XcodeDefault.xctoolchain/usr/lib/swift/iphonesimulator/prebuilt-modules/26.2/SwiftUI.swiftmodule/arm64-apple-ios-simulator.swiftmodule'
note: a dependency of main module 'InkOS'
note: a dependency of Swift module 'os': '/Applications/Xcode.app/Contents/Developer/Toolchains/XcodeDefault.xctoolchain/usr/lib/swift/iphonesimulator/prebuilt-modules/26.2/os.swiftmodule/arm64-apple-ios-simulator.swiftmodule'
note: a dependency of Swift module 'os': '/Applications/Xcode.app/Contents/Developer/Toolchains/XcodeDefault.xctoolchain/usr/lib/swift/iphonesimulator/prebuilt-modules/26.2/os.swiftmodule/arm64-apple-ios-simulator.swiftmodule'
note: a dependency of Swift module 'SwiftUICore': '/Applications/Xcode.app/Contents/Developer/Toolchains/XcodeDefault.xctoolchain/usr/lib/swift/iphonesimulator/prebuilt-modules/26.2/SwiftUICore.swiftmodule/arm64-apple-ios-simulator.swiftmodule'
note: a dependency of Swift module 'os': '/Applications/Xcode.app/Contents/Developer/Toolchains/XcodeDefault.xctoolchain/usr/lib/swift/iphonesimulator/prebuilt-modules/26.2/os.swiftmodule/arm64-apple-ios-simulator.swiftmodule'
note: a dependency of Swift module 'CoreTransferable': '/Applications/Xcode.app/Contents/Developer/Toolchains/XcodeDefault.xctoolchain/usr/lib/swift/iphonesimulator/prebuilt-modules/26.2/CoreTransferable.swiftmodule/arm64-apple-ios-simulator.swiftmodule'
note: a dependency of Swift module 'os': '/Applications/Xcode.app/Contents/Developer/Toolchains/XcodeDefault.xctoolchain/usr/lib/swift/iphonesimulator/prebuilt-modules/26.2/os.swiftmodule/arm64-apple-ios-simulator.swiftmodule'
note: a dependency of Swift module 'CoreData': '/Applications/Xcode.app/Contents/Developer/Toolchains/XcodeDefault.xctoolchain/usr/lib/swift/iphonesimulator/prebuilt-modules/26.2/CoreData.swiftmodule/arm64-apple-ios-simulator.swiftmodule'
note: a dependency of Swift module 'SwiftUI': '/Applications/Xcode.app/Contents/Developer/Toolchains/XcodeDefault.xctoolchain/usr/lib/swift/iphonesimulator/prebuilt-modules/26.2/SwiftUI.swiftmodule/arm64-apple-ios-simulator.swiftmodule'
note: a dependency of main module 'InkOS'
note: a dependency of Swift module 'os': '/Applications/Xcode.app/Contents/Developer/Toolchains/XcodeDefault.xctoolchain/usr/lib/swift/iphonesimulator/prebuilt-modules/26.2/os.swiftmodule/arm64-apple-ios-simulator.swiftmodule'
note: a dependency of Swift module 'os': '/Applications/Xcode.app/Contents/Developer/Toolchains/XcodeDefault.xctoolchain/usr/lib/swift/iphonesimulator/prebuilt-modules/26.2/os.swiftmodule/arm64-apple-ios-simulator.swiftmodule'
note: a dependency of Swift module 'SwiftUICore': '/Applications/Xcode.app/Contents/Developer/Toolchains/XcodeDefault.xctoolchain/usr/lib/swift/iphonesimulator/prebuilt-modules/26.2/SwiftUICore.swiftmodule/arm64-apple-ios-simulator.swiftmodule'
note: a dependency of Swift module 'os': '/Applications/Xcode.app/Contents/Developer/Toolchains/XcodeDefault.xctoolchain/usr/lib/swift/iphonesimulator/prebuilt-modules/26.2/os.swiftmodule/arm64-apple-ios-simulator.swiftmodule'
note: a dependency of Swift module 'CoreTransferable': '/Applications/Xcode.app/Contents/Developer/Toolchains/XcodeDefault.xctoolchain/usr/lib/swift/iphonesimulator/prebuilt-modules/26.2/CoreTransferable.swiftmodule/arm64-apple-ios-simulator.swiftmodule'
note: a dependency of Swift module 'os': '/Applications/Xcode.app/Contents/Developer/Toolchains/XcodeDefault.xctoolchain/usr/lib/swift/iphonesimulator/prebuilt-modules/26.2/os.swiftmodule/arm64-apple-ios-simulator.swiftmodule'
note: a dependency of Swift module 'CoreData': '/Applications/Xcode.app/Contents/Developer/Toolchains/XcodeDefault.xctoolchain/usr/lib/swift/iphonesimulator/prebuilt-modules/26.2/CoreData.swiftmodule/arm64-apple-ios-simulator.swiftmodule'
note: a dependency of Swift module 'SwiftUI': '/Applications/Xcode.app/Contents/Developer/Toolchains/XcodeDefault.xctoolchain/usr/lib/swift/iphonesimulator/prebuilt-modules/26.2/SwiftUI.swiftmodule/arm64-apple-ios-simulator.swiftmodule'
note: a dependency of main module 'InkOS'
note: a dependency of Swift module 'os': '/Applications/Xcode.app/Contents/Developer/Toolchains/XcodeDefault.xctoolchain/usr/lib/swift/iphonesimulator/prebuilt-modules/26.2/os.swiftmodule/arm64-apple-ios-simulator.swiftmodule'
note: a dependency of Swift module 'SwiftUICore': '/Applications/Xcode.app/Contents/Developer/Toolchains/XcodeDefault.xctoolchain/usr/lib/swift/iphonesimulator/prebuilt-modules/26.2/SwiftUICore.swiftmodule/arm64-apple-ios-simulator.swiftmodule'
note: a dependency of Swift module 'os': '/Applications/Xcode.app/Contents/Developer/Toolchains/XcodeDefault.xctoolchain/usr/lib/swift/iphonesimulator/prebuilt-modules/26.2/os.swiftmodule/arm64-apple-ios-simulator.swiftmodule'
note: a dependency of Swift module 'CoreTransferable': '/Applications/Xcode.app/Contents/Developer/Toolchains/XcodeDefault.xctoolchain/usr/lib/swift/iphonesimulator/prebuilt-modules/26.2/CoreTransferable.swiftmodule/arm64-apple-ios-simulator.swiftmodule'
note: a dependency of Swift module 'os': '/Applications/Xcode.app/Contents/Developer/Toolchains/XcodeDefault.xctoolchain/usr/lib/swift/iphonesimulator/prebuilt-modules/26.2/os.swiftmodule/arm64-apple-ios-simulator.swiftmodule'
note: a dependency of Swift module 'CoreData': '/Applications/Xcode.app/Contents/Developer/Toolchains/XcodeDefault.xctoolchain/usr/lib/swift/iphonesimulator/prebuilt-modules/26.2/CoreData.swiftmodule/arm64-apple-ios-simulator.swiftmodule'
note: a dependency of Swift module 'SwiftUI': '/Applications/Xcode.app/Contents/Developer/Toolchains/XcodeDefault.xctoolchain/usr/lib/swift/iphonesimulator/prebuilt-modules/26.2/SwiftUI.swiftmodule/arm64-apple-ios-simulator.swiftmodule'
note: a dependency of main module 'InkOS'
note: a dependency of Swift module 'os': '/Applications/Xcode.app/Contents/Developer/Toolchains/XcodeDefault.xctoolchain/usr/lib/swift/iphonesimulator/prebuilt-modules/26.2/os.swiftmodule/arm64-apple-ios-simulator.swiftmodule'
note: a dependency of Swift module 'os': '/Applications/Xcode.app/Contents/Developer/Toolchains/XcodeDefault.xctoolchain/usr/lib/swift/iphonesimulator/prebuilt-modules/26.2/os.swiftmodule/arm64-apple-ios-simulator.swiftmodule'
note: a dependency of Swift module 'CoreTransferable': '/Applications/Xcode.app/Contents/Developer/Toolchains/XcodeDefault.xctoolchain/usr/lib/swift/iphonesimulator/prebuilt-modules/26.2/CoreTransferable.swiftmodule/arm64-apple-ios-simulator.swiftmodule'
note: a dependency of Swift module 'os': '/Applications/Xcode.app/Contents/Developer/Toolchains/XcodeDefault.xctoolchain/usr/lib/swift/iphonesimulator/prebuilt-modules/26.2/os.swiftmodule/arm64-apple-ios-simulator.swiftmodule'
note: a dependency of Swift module 'CoreData': '/Applications/Xcode.app/Contents/Developer/Toolchains/XcodeDefault.xctoolchain/usr/lib/swift/iphonesimulator/prebuilt-modules/26.2/CoreData.swiftmodule/arm64-apple-ios-simulator.swiftmodule'
note: a dependency of Swift module 'SwiftUI': '/Applications/Xcode.app/Contents/Developer/Toolchains/XcodeDefault.xctoolchain/usr/lib/swift/iphonesimulator/prebuilt-modules/26.2/SwiftUI.swiftmodule/arm64-apple-ios-simulator.swiftmodule'
note: a dependency of main module 'InkOS'
note: a dependency of Swift module 'os': '/Applications/Xcode.app/Contents/Developer/Toolchains/XcodeDefault.xctoolchain/usr/lib/swift/iphonesimulator/prebuilt-modules/26.2/os.swiftmodule/arm64-apple-ios-simulator.swiftmodule'
note: a dependency of Swift module 'CoreTransferable': '/Applications/Xcode.app/Contents/Developer/Toolchains/XcodeDefault.xctoolchain/usr/lib/swift/iphonesimulator/prebuilt-modules/26.2/CoreTransferable.swiftmodule/arm64-apple-ios-simulator.swiftmodule'
note: a dependency of Swift module 'os': '/Applications/Xcode.app/Contents/Developer/Toolchains/XcodeDefault.xctoolchain/usr/lib/swift/iphonesimulator/prebuilt-modules/26.2/os.swiftmodule/arm64-apple-ios-simulator.swiftmodule'
note: a dependency of Swift module 'CoreData': '/Applications/Xcode.app/Contents/Developer/Toolchains/XcodeDefault.xctoolchain/usr/lib/swift/iphonesimulator/prebuilt-modules/26.2/CoreData.swiftmodule/arm64-apple-ios-simulator.swiftmodule'
note: a dependency of Swift module 'SwiftUI': '/Applications/Xcode.app/Contents/Developer/Toolchains/XcodeDefault.xctoolchain/usr/lib/swift/iphonesimulator/prebuilt-modules/26.2/SwiftUI.swiftmodule/arm64-apple-ios-simulator.swiftmodule'
note: a dependency of main module 'InkOS'
note: a dependency of Swift module 'os': '/Applications/Xcode.app/Contents/Developer/Toolchains/XcodeDefault.xctoolchain/usr/lib/swift/iphonesimulator/prebuilt-modules/26.2/os.swiftmodule/arm64-apple-ios-simulator.swiftmodule'
note: a dependency of Swift module 'os': '/Applications/Xcode.app/Contents/Developer/Toolchains/XcodeDefault.xctoolchain/usr/lib/swift/iphonesimulator/prebuilt-modules/26.2/os.swiftmodule/arm64-apple-ios-simulator.swiftmodule'
note: a dependency of Swift module 'CoreData': '/Applications/Xcode.app/Contents/Developer/Toolchains/XcodeDefault.xctoolchain/usr/lib/swift/iphonesimulator/prebuilt-modules/26.2/CoreData.swiftmodule/arm64-apple-ios-simulator.swiftmodule'
note: a dependency of Swift module 'SwiftUI': '/Applications/Xcode.app/Contents/Developer/Toolchains/XcodeDefault.xctoolchain/usr/lib/swift/iphonesimulator/prebuilt-modules/26.2/SwiftUI.swiftmodule/arm64-apple-ios-simulator.swiftmodule'
note: a dependency of main module 'InkOS'
note: a dependency of Swift module 'os': '/Applications/Xcode.app/Contents/Developer/Toolchains/XcodeDefault.xctoolchain/usr/lib/swift/iphonesimulator/prebuilt-modules/26.2/os.swiftmodule/arm64-apple-ios-simulator.swiftmodule'
note: a dependency of Swift module 'CoreData': '/Applications/Xcode.app/Contents/Developer/Toolchains/XcodeDefault.xctoolchain/usr/lib/swift/iphonesimulator/prebuilt-modules/26.2/CoreData.swiftmodule/arm64-apple-ios-simulator.swiftmodule'
note: a dependency of Swift module 'SwiftUI': '/Applications/Xcode.app/Contents/Developer/Toolchains/XcodeDefault.xctoolchain/usr/lib/swift/iphonesimulator/prebuilt-modules/26.2/SwiftUI.swiftmodule/arm64-apple-ios-simulator.swiftmodule'
note: a dependency of main module 'InkOS'
error: Unable to find module dependency: 'os'
note: a dependency of Swift module 'os': '/Applications/Xcode.app/Contents/Developer/Toolchains/XcodeDefault.xctoolchain/usr/lib/swift/iphonesimulator/prebuilt-modules/26.2/os.swiftmodule/arm64-apple-ios-simulator.swiftmodule'
note: a dependency of Swift module 'os': '/Applications/Xcode.app/Contents/Developer/Toolchains/XcodeDefault.xctoolchain/usr/lib/swift/iphonesimulator/prebuilt-modules/26.2/os.swiftmodule/arm64-apple-ios-simulator.swiftmodule'
note: a dependency of Swift module 'os': '/Applications/Xcode.app/Contents/Developer/Toolchains/XcodeDefault.xctoolchain/usr/lib/swift/iphonesimulator/prebuilt-modules/26.2/os.swiftmodule/arm64-apple-ios-simulator.swiftmodule'
note: a dependency of Swift module 'SwiftUICore': '/Applications/Xcode.app/Contents/Developer/Toolchains/XcodeDefault.xctoolchain/usr/lib/swift/iphonesimulator/prebuilt-modules/26.2/SwiftUICore.swiftmodule/arm64-apple-ios-simulator.swiftmodule'
note: a dependency of Swift module 'os': '/Applications/Xcode.app/Contents/Developer/Toolchains/XcodeDefault.xctoolchain/usr/lib/swift/iphonesimulator/prebuilt-modules/26.2/os.swiftmodule/arm64-apple-ios-simulator.swiftmodule'
note: a dependency of Swift module 'CoreTransferable': '/Applications/Xcode.app/Contents/Developer/Toolchains/XcodeDefault.xctoolchain/usr/lib/swift/iphonesimulator/prebuilt-modules/26.2/CoreTransferable.swiftmodule/arm64-apple-ios-simulator.swiftmodule'
note: a dependency of Swift module 'os': '/Applications/Xcode.app/Contents/Developer/Toolchains/XcodeDefault.xctoolchain/usr/lib/swift/iphonesimulator/prebuilt-modules/26.2/os.swiftmodule/arm64-apple-ios-simulator.swiftmodule'
note: a dependency of Swift module 'CoreData': '/Applications/Xcode.app/Contents/Developer/Toolchains/XcodeDefault.xctoolchain/usr/lib/swift/iphonesimulator/prebuilt-modules/26.2/CoreData.swiftmodule/arm64-apple-ios-simulator.swiftmodule'
note: a dependency of Swift module 'SwiftUI': '/Applications/Xcode.app/Contents/Developer/Toolchains/XcodeDefault.xctoolchain/usr/lib/swift/iphonesimulator/prebuilt-modules/26.2/SwiftUI.swiftmodule/arm64-apple-ios-simulator.swiftmodule'
note: a dependency of main module 'InkOS'
note: a dependency of Swift module 'os': '/Applications/Xcode.app/Contents/Developer/Toolchains/XcodeDefault.xctoolchain/usr/lib/swift/iphonesimulator/prebuilt-modules/26.2/os.swiftmodule/arm64-apple-ios-simulator.swiftmodule'
note: a dependency of Swift module 'os': '/Applications/Xcode.app/Contents/Developer/Toolchains/XcodeDefault.xctoolchain/usr/lib/swift/iphonesimulator/prebuilt-modules/26.2/os.swiftmodule/arm64-apple-ios-simulator.swiftmodule'
note: a dependency of Swift module 'SwiftUICore': '/Applications/Xcode.app/Contents/Developer/Toolchains/XcodeDefault.xctoolchain/usr/lib/swift/iphonesimulator/prebuilt-modules/26.2/SwiftUICore.swiftmodule/arm64-apple-ios-simulator.swiftmodule'
note: a dependency of Swift module 'os': '/Applications/Xcode.app/Contents/Developer/Toolchains/XcodeDefault.xctoolchain/usr/lib/swift/iphonesimulator/prebuilt-modules/26.2/os.swiftmodule/arm64-apple-ios-simulator.swiftmodule'
note: a dependency of Swift module 'CoreTransferable': '/Applications/Xcode.app/Contents/Developer/Toolchains/XcodeDefault.xctoolchain/usr/lib/swift/iphonesimulator/prebuilt-modules/26.2/CoreTransferable.swiftmodule/arm64-apple-ios-simulator.swiftmodule'
note: a dependency of Swift module 'os': '/Applications/Xcode.app/Contents/Developer/Toolchains/XcodeDefault.xctoolchain/usr/lib/swift/iphonesimulator/prebuilt-modules/26.2/os.swiftmodule/arm64-apple-ios-simulator.swiftmodule'
note: a dependency of Swift module 'CoreData': '/Applications/Xcode.app/Contents/Developer/Toolchains/XcodeDefault.xctoolchain/usr/lib/swift/iphonesimulator/prebuilt-modules/26.2/CoreData.swiftmodule/arm64-apple-ios-simulator.swiftmodule'
note: a dependency of Swift module 'SwiftUI': '/Applications/Xcode.app/Contents/Developer/Toolchains/XcodeDefault.xctoolchain/usr/lib/swift/iphonesimulator/prebuilt-modules/26.2/SwiftUI.swiftmodule/arm64-apple-ios-simulator.swiftmodule'
note: a dependency of main module 'InkOS'
note: a dependency of Swift module 'os': '/Applications/Xcode.app/Contents/Developer/Toolchains/XcodeDefault.xctoolchain/usr/lib/swift/iphonesimulator/prebuilt-modules/26.2/os.swiftmodule/arm64-apple-ios-simulator.swiftmodule'
note: a dependency of Swift module 'os': '/Applications/Xcode.app/Contents/Developer/Toolchains/XcodeDefault.xctoolchain/usr/lib/swift/iphonesimulator/prebuilt-modules/26.2/os.swiftmodule/arm64-apple-ios-simulator.swiftmodule'
note: a dependency of Swift module 'SwiftUICore': '/Applications/Xcode.app/Contents/Developer/Toolchains/XcodeDefault.xctoolchain/usr/lib/swift/iphonesimulator/prebuilt-modules/26.2/SwiftUICore.swiftmodule/arm64-apple-ios-simulator.swiftmodule'
note: a dependency of Swift module 'os': '/Applications/Xcode.app/Contents/Developer/Toolchains/XcodeDefault.xctoolchain/usr/lib/swift/iphonesimulator/prebuilt-modules/26.2/os.swiftmodule/arm64-apple-ios-simulator.swiftmodule'
note: a dependency of Swift module 'CoreTransferable': '/Applications/Xcode.app/Contents/Developer/Toolchains/XcodeDefault.xctoolchain/usr/lib/swift/iphonesimulator/prebuilt-modules/26.2/CoreTransferable.swiftmodule/arm64-apple-ios-simulator.swiftmodule'
note: a dependency of Swift module 'os': '/Applications/Xcode.app/Contents/Developer/Toolchains/XcodeDefault.xctoolchain/usr/lib/swift/iphonesimulator/prebuilt-modules/26.2/os.swiftmodule/arm64-apple-ios-simulator.swiftmodule'
note: a dependency of Swift module 'CoreData': '/Applications/Xcode.app/Contents/Developer/Toolchains/XcodeDefault.xctoolchain/usr/lib/swift/iphonesimulator/prebuilt-modules/26.2/CoreData.swiftmodule/arm64-apple-ios-simulator.swiftmodule'
note: a dependency of Swift module 'SwiftUI': '/Applications/Xcode.app/Contents/Developer/Toolchains/XcodeDefault.xctoolchain/usr/lib/swift/iphonesimulator/prebuilt-modules/26.2/SwiftUI.swiftmodule/arm64-apple-ios-simulator.swiftmodule'
note: a dependency of main module 'InkOS'
note: a dependency of Swift module 'os': '/Applications/Xcode.app/Contents/Developer/Toolchains/XcodeDefault.xctoolchain/usr/lib/swift/iphonesimulator/prebuilt-modules/26.2/os.swiftmodule/arm64-apple-ios-simulator.swiftmodule'
note: a dependency of Swift module 'SwiftUICore': '/Applications/Xcode.app/Contents/Developer/Toolchains/XcodeDefault.xctoolchain/usr/lib/swift/iphonesimulator/prebuilt-modules/26.2/SwiftUICore.swiftmodule/arm64-apple-ios-simulator.swiftmodule'
note: a dependency of Swift module 'os': '/Applications/Xcode.app/Contents/Developer/Toolchains/XcodeDefault.xctoolchain/usr/lib/swift/iphonesimulator/prebuilt-modules/26.2/os.swiftmodule/arm64-apple-ios-simulator.swiftmodule'
note: a dependency of Swift module 'CoreTransferable': '/Applications/Xcode.app/Contents/Developer/Toolchains/XcodeDefault.xctoolchain/usr/lib/swift/iphonesimulator/prebuilt-modules/26.2/CoreTransferable.swiftmodule/arm64-apple-ios-simulator.swiftmodule'
note: a dependency of Swift module 'os': '/Applications/Xcode.app/Contents/Developer/Toolchains/XcodeDefault.xctoolchain/usr/lib/swift/iphonesimulator/prebuilt-modules/26.2/os.swiftmodule/arm64-apple-ios-simulator.swiftmodule'
note: a dependency of Swift module 'CoreData': '/Applications/Xcode.app/Contents/Developer/Toolchains/XcodeDefault.xctoolchain/usr/lib/swift/iphonesimulator/prebuilt-modules/26.2/CoreData.swiftmodule/arm64-apple-ios-simulator.swiftmodule'
note: a dependency of Swift module 'SwiftUI': '/Applications/Xcode.app/Contents/Developer/Toolchains/XcodeDefault.xctoolchain/usr/lib/swift/iphonesimulator/prebuilt-modules/26.2/SwiftUI.swiftmodule/arm64-apple-ios-simulator.swiftmodule'
note: a dependency of main module 'InkOS'
note: a dependency of Swift module 'os': '/Applications/Xcode.app/Contents/Developer/Toolchains/XcodeDefault.xctoolchain/usr/lib/swift/iphonesimulator/prebuilt-modules/26.2/os.swiftmodule/arm64-apple-ios-simulator.swiftmodule'
note: a dependency of Swift module 'os': '/Applications/Xcode.app/Contents/Developer/Toolchains/XcodeDefault.xctoolchain/usr/lib/swift/iphonesimulator/prebuilt-modules/26.2/os.swiftmodule/arm64-apple-ios-simulator.swiftmodule'
note: a dependency of Swift module 'CoreTransferable': '/Applications/Xcode.app/Contents/Developer/Toolchains/XcodeDefault.xctoolchain/usr/lib/swift/iphonesimulator/prebuilt-modules/26.2/CoreTransferable.swiftmodule/arm64-apple-ios-simulator.swiftmodule'
note: a dependency of Swift module 'os': '/Applications/Xcode.app/Contents/Developer/Toolchains/XcodeDefault.xctoolchain/usr/lib/swift/iphonesimulator/prebuilt-modules/26.2/os.swiftmodule/arm64-apple-ios-simulator.swiftmodule'
note: a dependency of Swift module 'CoreData': '/Applications/Xcode.app/Contents/Developer/Toolchains/XcodeDefault.xctoolchain/usr/lib/swift/iphonesimulator/prebuilt-modules/26.2/CoreData.swiftmodule/arm64-apple-ios-simulator.swiftmodule'
note: a dependency of Swift module 'SwiftUI': '/Applications/Xcode.app/Contents/Developer/Toolchains/XcodeDefault.xctoolchain/usr/lib/swift/iphonesimulator/prebuilt-modules/26.2/SwiftUI.swiftmodule/arm64-apple-ios-simulator.swiftmodule'
note: a dependency of main module 'InkOS'
note: a dependency of Swift module 'os': '/Applications/Xcode.app/Contents/Developer/Toolchains/XcodeDefault.xctoolchain/usr/lib/swift/iphonesimulator/prebuilt-modules/26.2/os.swiftmodule/arm64-apple-ios-simulator.swiftmodule'
note: a dependency of Swift module 'CoreTransferable': '/Applications/Xcode.app/Contents/Developer/Toolchains/XcodeDefault.xctoolchain/usr/lib/swift/iphonesimulator/prebuilt-modules/26.2/CoreTransferable.swiftmodule/arm64-apple-ios-simulator.swiftmodule'
note: a dependency of Swift module 'os': '/Applications/Xcode.app/Contents/Developer/Toolchains/XcodeDefault.xctoolchain/usr/lib/swift/iphonesimulator/prebuilt-modules/26.2/os.swiftmodule/arm64-apple-ios-simulator.swiftmodule'
note: a dependency of Swift module 'CoreData': '/Applications/Xcode.app/Contents/Developer/Toolchains/XcodeDefault.xctoolchain/usr/lib/swift/iphonesimulator/prebuilt-modules/26.2/CoreData.swiftmodule/arm64-apple-ios-simulator.swiftmodule'
note: a dependency of Swift module 'SwiftUI': '/Applications/Xcode.app/Contents/Developer/Toolchains/XcodeDefault.xctoolchain/usr/lib/swift/iphonesimulator/prebuilt-modules/26.2/SwiftUI.swiftmodule/arm64-apple-ios-simulator.swiftmodule'
note: a dependency of main module 'InkOS'
note: a dependency of Swift module 'os': '/Applications/Xcode.app/Contents/Developer/Toolchains/XcodeDefault.xctoolchain/usr/lib/swift/iphonesimulator/prebuilt-modules/26.2/os.swiftmodule/arm64-apple-ios-simulator.swiftmodule'
note: a dependency of Swift module 'os': '/Applications/Xcode.app/Contents/Developer/Toolchains/XcodeDefault.xctoolchain/usr/lib/swift/iphonesimulator/prebuilt-modules/26.2/os.swiftmodule/arm64-apple-ios-simulator.swiftmodule'
note: a dependency of Swift module 'CoreData': '/Applications/Xcode.app/Contents/Developer/Toolchains/XcodeDefault.xctoolchain/usr/lib/swift/iphonesimulator/prebuilt-modules/26.2/CoreData.swiftmodule/arm64-apple-ios-simulator.swiftmodule'
note: a dependency of Swift module 'SwiftUI': '/Applications/Xcode.app/Contents/Developer/Toolchains/XcodeDefault.xctoolchain/usr/lib/swift/iphonesimulator/prebuilt-modules/26.2/SwiftUI.swiftmodule/arm64-apple-ios-simulator.swiftmodule'
note: a dependency of main module 'InkOS'
note: a dependency of Swift module 'os': '/Applications/Xcode.app/Contents/Developer/Toolchains/XcodeDefault.xctoolchain/usr/lib/swift/iphonesimulator/prebuilt-modules/26.2/os.swiftmodule/arm64-apple-ios-simulator.swiftmodule'
note: a dependency of Swift module 'CoreData': '/Applications/Xcode.app/Contents/Developer/Toolchains/XcodeDefault.xctoolchain/usr/lib/swift/iphonesimulator/prebuilt-modules/26.2/CoreData.swiftmodule/arm64-apple-ios-simulator.swiftmodule'
note: a dependency of Swift module 'SwiftUI': '/Applications/Xcode.app/Contents/Developer/Toolchains/XcodeDefault.xctoolchain/usr/lib/swift/iphonesimulator/prebuilt-modules/26.2/SwiftUI.swiftmodule/arm64-apple-ios-simulator.swiftmodule'
note: a dependency of main module 'InkOS'
error: Unable to find module dependency: 'Accessibility'
note: a dependency of Swift module 'Accessibility': '/Applications/Xcode.app/Contents/Developer/Toolchains/XcodeDefault.xctoolchain/usr/lib/swift/iphonesimulator/prebuilt-modules/26.2/Accessibility.swiftmodule/arm64-apple-ios-simulator.swiftmodule'
note: a dependency of Swift module 'UIKit': '/Applications/Xcode.app/Contents/Developer/Toolchains/XcodeDefault.xctoolchain/usr/lib/swift/iphonesimulator/prebuilt-modules/26.2/UIKit.swiftmodule/arm64-apple-ios-simulator.swiftmodule'
note: a dependency of Swift module 'SwiftUICore': '/Applications/Xcode.app/Contents/Developer/Toolchains/XcodeDefault.xctoolchain/usr/lib/swift/iphonesimulator/prebuilt-modules/26.2/SwiftUICore.swiftmodule/arm64-apple-ios-simulator.swiftmodule'
note: a dependency of Swift module 'SwiftUI': '/Applications/Xcode.app/Contents/Developer/Toolchains/XcodeDefault.xctoolchain/usr/lib/swift/iphonesimulator/prebuilt-modules/26.2/SwiftUI.swiftmodule/arm64-apple-ios-simulator.swiftmodule'
note: a dependency of main module 'InkOS'
note: a dependency of Swift module 'Accessibility': '/Applications/Xcode.app/Contents/Developer/Toolchains/XcodeDefault.xctoolchain/usr/lib/swift/iphonesimulator/prebuilt-modules/26.2/Accessibility.swiftmodule/arm64-apple-ios-simulator.swiftmodule'
note: a dependency of Swift module 'SwiftUICore': '/Applications/Xcode.app/Contents/Developer/Toolchains/XcodeDefault.xctoolchain/usr/lib/swift/iphonesimulator/prebuilt-modules/26.2/SwiftUICore.swiftmodule/arm64-apple-ios-simulator.swiftmodule'
note: a dependency of Swift module 'SwiftUI': '/Applications/Xcode.app/Contents/Developer/Toolchains/XcodeDefault.xctoolchain/usr/lib/swift/iphonesimulator/prebuilt-modules/26.2/SwiftUI.swiftmodule/arm64-apple-ios-simulator.swiftmodule'
note: a dependency of main module 'InkOS'
error: Unable to find module dependency: '_SwiftConcurrencyShims'
note: a dependency of Swift module 'Accessibility': '/Applications/Xcode.app/Contents/Developer/Toolchains/XcodeDefault.xctoolchain/usr/lib/swift/iphonesimulator/prebuilt-modules/26.2/Accessibility.swiftmodule/arm64-apple-ios-simulator.swiftmodule'
note: a dependency of Swift module 'UIKit': '/Applications/Xcode.app/Contents/Developer/Toolchains/XcodeDefault.xctoolchain/usr/lib/swift/iphonesimulator/prebuilt-modules/26.2/UIKit.swiftmodule/arm64-apple-ios-simulator.swiftmodule'
note: a dependency of Swift module 'SwiftUICore': '/Applications/Xcode.app/Contents/Developer/Toolchains/XcodeDefault.xctoolchain/usr/lib/swift/iphonesimulator/prebuilt-modules/26.2/SwiftUICore.swiftmodule/arm64-apple-ios-simulator.swiftmodule'
note: a dependency of Swift module 'SwiftUI': '/Applications/Xcode.app/Contents/Developer/Toolchains/XcodeDefault.xctoolchain/usr/lib/swift/iphonesimulator/prebuilt-modules/26.2/SwiftUI.swiftmodule/arm64-apple-ios-simulator.swiftmodule'
note: a dependency of main module 'InkOS'
note: a dependency of Swift module 'Accessibility': '/Applications/Xcode.app/Contents/Developer/Toolchains/XcodeDefault.xctoolchain/usr/lib/swift/iphonesimulator/prebuilt-modules/26.2/Accessibility.swiftmodule/arm64-apple-ios-simulator.swiftmodule'
note: a dependency of Swift module 'SwiftUICore': '/Applications/Xcode.app/Contents/Developer/Toolchains/XcodeDefault.xctoolchain/usr/lib/swift/iphonesimulator/prebuilt-modules/26.2/SwiftUICore.swiftmodule/arm64-apple-ios-simulator.swiftmodule'
note: a dependency of Swift module 'SwiftUI': '/Applications/Xcode.app/Contents/Developer/Toolchains/XcodeDefault.xctoolchain/usr/lib/swift/iphonesimulator/prebuilt-modules/26.2/SwiftUI.swiftmodule/arm64-apple-ios-simulator.swiftmodule'
note: a dependency of main module 'InkOS'
error: Unable to find module dependency: 'DataDetection'
note: a dependency of Swift module 'DataDetection': '/Applications/Xcode.app/Contents/Developer/Toolchains/XcodeDefault.xctoolchain/usr/lib/swift/iphonesimulator/prebuilt-modules/26.2/DataDetection.swiftmodule/arm64-apple-ios-simulator.swiftmodule'
note: a dependency of Swift module 'UIKit': '/Applications/Xcode.app/Contents/Developer/Toolchains/XcodeDefault.xctoolchain/usr/lib/swift/iphonesimulator/prebuilt-modules/26.2/UIKit.swiftmodule/arm64-apple-ios-simulator.swiftmodule'
note: a dependency of Swift module 'SwiftUI': '/Applications/Xcode.app/Contents/Developer/Toolchains/XcodeDefault.xctoolchain/usr/lib/swift/iphonesimulator/prebuilt-modules/26.2/SwiftUI.swiftmodule/arm64-apple-ios-simulator.swiftmodule'
note: a dependency of main module 'InkOS'
error: Unable to find module dependency: '_SwiftConcurrencyShims'
note: a dependency of Swift module 'DataDetection': '/Applications/Xcode.app/Contents/Developer/Toolchains/XcodeDefault.xctoolchain/usr/lib/swift/iphonesimulator/prebuilt-modules/26.2/DataDetection.swiftmodule/arm64-apple-ios-simulator.swiftmodule'
note: a dependency of Swift module 'UIKit': '/Applications/Xcode.app/Contents/Developer/Toolchains/XcodeDefault.xctoolchain/usr/lib/swift/iphonesimulator/prebuilt-modules/26.2/UIKit.swiftmodule/arm64-apple-ios-simulator.swiftmodule'
note: a dependency of Swift module 'SwiftUI': '/Applications/Xcode.app/Contents/Developer/Toolchains/XcodeDefault.xctoolchain/usr/lib/swift/iphonesimulator/prebuilt-modules/26.2/SwiftUI.swiftmodule/arm64-apple-ios-simulator.swiftmodule'
note: a dependency of main module 'InkOS'
error: Unable to find module dependency: 'Dispatch'
note: a dependency of Swift module 'Dispatch': '/Applications/Xcode.app/Contents/Developer/Toolchains/XcodeDefault.xctoolchain/usr/lib/swift/iphonesimulator/prebuilt-modules/26.2/Dispatch.swiftmodule/arm64-apple-ios-simulator.swiftmodule'
note: a dependency of Swift module 'UIKit': '/Applications/Xcode.app/Contents/Developer/Toolchains/XcodeDefault.xctoolchain/usr/lib/swift/iphonesimulator/prebuilt-modules/26.2/UIKit.swiftmodule/arm64-apple-ios-simulator.swiftmodule'
note: a dependency of Swift module 'CoreData': '/Applications/Xcode.app/Contents/Developer/Toolchains/XcodeDefault.xctoolchain/usr/lib/swift/iphonesimulator/prebuilt-modules/26.2/CoreData.swiftmodule/arm64-apple-ios-simulator.swiftmodule'
note: a dependency of Swift module 'SwiftUI': '/Applications/Xcode.app/Contents/Developer/Toolchains/XcodeDefault.xctoolchain/usr/lib/swift/iphonesimulator/prebuilt-modules/26.2/SwiftUI.swiftmodule/arm64-apple-ios-simulator.swiftmodule'
note: a dependency of main module 'InkOS'
note: a dependency of Swift module 'Dispatch': '/Applications/Xcode.app/Contents/Developer/Toolchains/XcodeDefault.xctoolchain/usr/lib/swift/iphonesimulator/prebuilt-modules/26.2/Dispatch.swiftmodule/arm64-apple-ios-simulator.swiftmodule'
note: a dependency of Swift module 'Foundation': '/Applications/Xcode.app/Contents/Developer/Toolchains/XcodeDefault.xctoolchain/usr/lib/swift/iphonesimulator/prebuilt-modules/26.2/Foundation.swiftmodule/arm64-apple-ios-simulator.swiftmodule'
note: a dependency of Swift module 'CoreData': '/Applications/Xcode.app/Contents/Developer/Toolchains/XcodeDefault.xctoolchain/usr/lib/swift/iphonesimulator/prebuilt-modules/26.2/CoreData.swiftmodule/arm64-apple-ios-simulator.swiftmodule'
note: a dependency of Swift module 'SwiftUI': '/Applications/Xcode.app/Contents/Developer/Toolchains/XcodeDefault.xctoolchain/usr/lib/swift/iphonesimulator/prebuilt-modules/26.2/SwiftUI.swiftmodule/arm64-apple-ios-simulator.swiftmodule'
note: a dependency of main module 'InkOS'
error: Unable to find module dependency: '_SwiftConcurrencyShims'
note: a dependency of Swift module 'Dispatch': '/Applications/Xcode.app/Contents/Developer/Toolchains/XcodeDefault.xctoolchain/usr/lib/swift/iphonesimulator/prebuilt-modules/26.2/Dispatch.swiftmodule/arm64-apple-ios-simulator.swiftmodule'
note: a dependency of Swift module 'UIKit': '/Applications/Xcode.app/Contents/Developer/Toolchains/XcodeDefault.xctoolchain/usr/lib/swift/iphonesimulator/prebuilt-modules/26.2/UIKit.swiftmodule/arm64-apple-ios-simulator.swiftmodule'
note: a dependency of Swift module 'CoreData': '/Applications/Xcode.app/Contents/Developer/Toolchains/XcodeDefault.xctoolchain/usr/lib/swift/iphonesimulator/prebuilt-modules/26.2/CoreData.swiftmodule/arm64-apple-ios-simulator.swiftmodule'
note: a dependency of Swift module 'SwiftUI': '/Applications/Xcode.app/Contents/Developer/Toolchains/XcodeDefault.xctoolchain/usr/lib/swift/iphonesimulator/prebuilt-modules/26.2/SwiftUI.swiftmodule/arm64-apple-ios-simulator.swiftmodule'
note: a dependency of main module 'InkOS'
note: a dependency of Swift module 'Dispatch': '/Applications/Xcode.app/Contents/Developer/Toolchains/XcodeDefault.xctoolchain/usr/lib/swift/iphonesimulator/prebuilt-modules/26.2/Dispatch.swiftmodule/arm64-apple-ios-simulator.swiftmodule'
note: a dependency of Swift module 'Foundation': '/Applications/Xcode.app/Contents/Developer/Toolchains/XcodeDefault.xctoolchain/usr/lib/swift/iphonesimulator/prebuilt-modules/26.2/Foundation.swiftmodule/arm64-apple-ios-simulator.swiftmodule'
note: a dependency of Swift module 'CoreData': '/Applications/Xcode.app/Contents/Developer/Toolchains/XcodeDefault.xctoolchain/usr/lib/swift/iphonesimulator/prebuilt-modules/26.2/CoreData.swiftmodule/arm64-apple-ios-simulator.swiftmodule'
note: a dependency of Swift module 'SwiftUI': '/Applications/Xcode.app/Contents/Developer/Toolchains/XcodeDefault.xctoolchain/usr/lib/swift/iphonesimulator/prebuilt-modules/26.2/SwiftUI.swiftmodule/arm64-apple-ios-simulator.swiftmodule'
note: a dependency of main module 'InkOS'
error: Unable to find module dependency: 'Darwin'
note: a dependency of Swift module 'Darwin': '/Applications/Xcode.app/Contents/Developer/Toolchains/XcodeDefault.xctoolchain/usr/lib/swift/iphonesimulator/prebuilt-modules/26.2/Darwin.swiftmodule/arm64-apple-ios-simulator.swiftmodule'
note: a dependency of Swift module 'Darwin': '/Applications/Xcode.app/Contents/Developer/Toolchains/XcodeDefault.xctoolchain/usr/lib/swift/iphonesimulator/prebuilt-modules/26.2/Darwin.swiftmodule/arm64-apple-ios-simulator.swiftmodule'
note: a dependency of Swift module 'Darwin': '/Applications/Xcode.app/Contents/Developer/Toolchains/XcodeDefault.xctoolchain/usr/lib/swift/iphonesimulator/prebuilt-modules/26.2/Darwin.swiftmodule/arm64-apple-ios-simulator.swiftmodule'
note: a dependency of Swift module 'System': '/Applications/Xcode.app/Contents/Developer/Toolchains/XcodeDefault.xctoolchain/usr/lib/swift/iphonesimulator/prebuilt-modules/26.2/System.swiftmodule/arm64-apple-ios-simulator.swiftmodule'
note: a dependency of Swift module 'Darwin': '/Applications/Xcode.app/Contents/Developer/Toolchains/XcodeDefault.xctoolchain/usr/lib/swift/iphonesimulator/prebuilt-modules/26.2/Darwin.swiftmodule/arm64-apple-ios-simulator.swiftmodule'
note: a dependency of Swift module 'Foundation': '/Applications/Xcode.app/Contents/Developer/Toolchains/XcodeDefault.xctoolchain/usr/lib/swift/iphonesimulator/prebuilt-modules/26.2/Foundation.swiftmodule/arm64-apple-ios-simulator.swiftmodule'
note: a dependency of Swift module 'CoreData': '/Applications/Xcode.app/Contents/Developer/Toolchains/XcodeDefault.xctoolchain/usr/lib/swift/iphonesimulator/prebuilt-modules/26.2/CoreData.swiftmodule/arm64-apple-ios-simulator.swiftmodule'
note: a dependency of Swift module 'Combine': '/Applications/Xcode.app/Contents/Developer/Toolchains/XcodeDefault.xctoolchain/usr/lib/swift/iphonesimulator/prebuilt-modules/26.2/Combine.swiftmodule/arm64-apple-ios-simulator.swiftmodule'
note: a dependency of Swift module 'SwiftUI': '/Applications/Xcode.app/Contents/Developer/Toolchains/XcodeDefault.xctoolchain/usr/lib/swift/iphonesimulator/prebuilt-modules/26.2/SwiftUI.swiftmodule/arm64-apple-ios-simulator.swiftmodule'
note: a dependency of main module 'InkOS'
note: a dependency of Swift module 'Darwin': '/Applications/Xcode.app/Contents/Developer/Toolchains/XcodeDefault.xctoolchain/usr/lib/swift/iphonesimulator/prebuilt-modules/26.2/Darwin.swiftmodule/arm64-apple-ios-simulator.swiftmodule'
note: a dependency of Swift module 'Darwin': '/Applications/Xcode.app/Contents/Developer/Toolchains/XcodeDefault.xctoolchain/usr/lib/swift/iphonesimulator/prebuilt-modules/26.2/Darwin.swiftmodule/arm64-apple-ios-simulator.swiftmodule'
note: a dependency of Swift module 'System': '/Applications/Xcode.app/Contents/Developer/Toolchains/XcodeDefault.xctoolchain/usr/lib/swift/iphonesimulator/prebuilt-modules/26.2/System.swiftmodule/arm64-apple-ios-simulator.swiftmodule'
note: a dependency of Swift module 'Darwin': '/Applications/Xcode.app/Contents/Developer/Toolchains/XcodeDefault.xctoolchain/usr/lib/swift/iphonesimulator/prebuilt-modules/26.2/Darwin.swiftmodule/arm64-apple-ios-simulator.swiftmodule'
note: a dependency of Swift module 'Foundation': '/Applications/Xcode.app/Contents/Developer/Toolchains/XcodeDefault.xctoolchain/usr/lib/swift/iphonesimulator/prebuilt-modules/26.2/Foundation.swiftmodule/arm64-apple-ios-simulator.swiftmodule'
note: a dependency of Swift module 'CoreData': '/Applications/Xcode.app/Contents/Developer/Toolchains/XcodeDefault.xctoolchain/usr/lib/swift/iphonesimulator/prebuilt-modules/26.2/CoreData.swiftmodule/arm64-apple-ios-simulator.swiftmodule'
note: a dependency of Swift module 'Combine': '/Applications/Xcode.app/Contents/Developer/Toolchains/XcodeDefault.xctoolchain/usr/lib/swift/iphonesimulator/prebuilt-modules/26.2/Combine.swiftmodule/arm64-apple-ios-simulator.swiftmodule'
note: a dependency of Swift module 'SwiftUI': '/Applications/Xcode.app/Contents/Developer/Toolchains/XcodeDefault.xctoolchain/usr/lib/swift/iphonesimulator/prebuilt-modules/26.2/SwiftUI.swiftmodule/arm64-apple-ios-simulator.swiftmodule'
note: a dependency of main module 'InkOS'
note: a dependency of Swift module 'Darwin': '/Applications/Xcode.app/Contents/Developer/Toolchains/XcodeDefault.xctoolchain/usr/lib/swift/iphonesimulator/prebuilt-modules/26.2/Darwin.swiftmodule/arm64-apple-ios-simulator.swiftmodule'
note: a dependency of Swift module 'Darwin': '/Applications/Xcode.app/Contents/Developer/Toolchains/XcodeDefault.xctoolchain/usr/lib/swift/iphonesimulator/prebuilt-modules/26.2/Darwin.swiftmodule/arm64-apple-ios-simulator.swiftmodule'
note: a dependency of Swift module 'System': '/Applications/Xcode.app/Contents/Developer/Toolchains/XcodeDefault.xctoolchain/usr/lib/swift/iphonesimulator/prebuilt-modules/26.2/System.swiftmodule/arm64-apple-ios-simulator.swiftmodule'
note: a dependency of Swift module 'Darwin': '/Applications/Xcode.app/Contents/Developer/Toolchains/XcodeDefault.xctoolchain/usr/lib/swift/iphonesimulator/prebuilt-modules/26.2/Darwin.swiftmodule/arm64-apple-ios-simulator.swiftmodule'
note: a dependency of Swift module 'Foundation': '/Applications/Xcode.app/Contents/Developer/Toolchains/XcodeDefault.xctoolchain/usr/lib/swift/iphonesimulator/prebuilt-modules/26.2/Foundation.swiftmodule/arm64-apple-ios-simulator.swiftmodule'
note: a dependency of Swift module 'CoreData': '/Applications/Xcode.app/Contents/Developer/Toolchains/XcodeDefault.xctoolchain/usr/lib/swift/iphonesimulator/prebuilt-modules/26.2/CoreData.swiftmodule/arm64-apple-ios-simulator.swiftmodule'
note: a dependency of Swift module 'Combine': '/Applications/Xcode.app/Contents/Developer/Toolchains/XcodeDefault.xctoolchain/usr/lib/swift/iphonesimulator/prebuilt-modules/26.2/Combine.swiftmodule/arm64-apple-ios-simulator.swiftmodule'
note: a dependency of Swift module 'SwiftUI': '/Applications/Xcode.app/Contents/Developer/Toolchains/XcodeDefault.xctoolchain/usr/lib/swift/iphonesimulator/prebuilt-modules/26.2/SwiftUI.swiftmodule/arm64-apple-ios-simulator.swiftmodule'
note: a dependency of main module 'InkOS'
note: a dependency of Swift module 'Darwin': '/Applications/Xcode.app/Contents/Developer/Toolchains/XcodeDefault.xctoolchain/usr/lib/swift/iphonesimulator/prebuilt-modules/26.2/Darwin.swiftmodule/arm64-apple-ios-simulator.swiftmodule'
note: a dependency of Swift module 'System': '/Applications/Xcode.app/Contents/Developer/Toolchains/XcodeDefault.xctoolchain/usr/lib/swift/iphonesimulator/prebuilt-modules/26.2/System.swiftmodule/arm64-apple-ios-simulator.swiftmodule'
note: a dependency of Swift module 'Darwin': '/Applications/Xcode.app/Contents/Developer/Toolchains/XcodeDefault.xctoolchain/usr/lib/swift/iphonesimulator/prebuilt-modules/26.2/Darwin.swiftmodule/arm64-apple-ios-simulator.swiftmodule'
note: a dependency of Swift module 'Foundation': '/Applications/Xcode.app/Contents/Developer/Toolchains/XcodeDefault.xctoolchain/usr/lib/swift/iphonesimulator/prebuilt-modules/26.2/Foundation.swiftmodule/arm64-apple-ios-simulator.swiftmodule'
note: a dependency of Swift module 'CoreData': '/Applications/Xcode.app/Contents/Developer/Toolchains/XcodeDefault.xctoolchain/usr/lib/swift/iphonesimulator/prebuilt-modules/26.2/CoreData.swiftmodule/arm64-apple-ios-simulator.swiftmodule'
note: a dependency of Swift module 'Combine': '/Applications/Xcode.app/Contents/Developer/Toolchains/XcodeDefault.xctoolchain/usr/lib/swift/iphonesimulator/prebuilt-modules/26.2/Combine.swiftmodule/arm64-apple-ios-simulator.swiftmodule'
note: a dependency of Swift module 'SwiftUI': '/Applications/Xcode.app/Contents/Developer/Toolchains/XcodeDefault.xctoolchain/usr/lib/swift/iphonesimulator/prebuilt-modules/26.2/SwiftUI.swiftmodule/arm64-apple-ios-simulator.swiftmodule'
note: a dependency of main module 'InkOS'
note: a dependency of Swift module 'Darwin': '/Applications/Xcode.app/Contents/Developer/Toolchains/XcodeDefault.xctoolchain/usr/lib/swift/iphonesimulator/prebuilt-modules/26.2/Darwin.swiftmodule/arm64-apple-ios-simulator.swiftmodule'
note: a dependency of Swift module 'Foundation': '/Applications/Xcode.app/Contents/Developer/Toolchains/XcodeDefault.xctoolchain/usr/lib/swift/iphonesimulator/prebuilt-modules/26.2/Foundation.swiftmodule/arm64-apple-ios-simulator.swiftmodule'
note: a dependency of Swift module 'CoreData': '/Applications/Xcode.app/Contents/Developer/Toolchains/XcodeDefault.xctoolchain/usr/lib/swift/iphonesimulator/prebuilt-modules/26.2/CoreData.swiftmodule/arm64-apple-ios-simulator.swiftmodule'
note: a dependency of Swift module 'Combine': '/Applications/Xcode.app/Contents/Developer/Toolchains/XcodeDefault.xctoolchain/usr/lib/swift/iphonesimulator/prebuilt-modules/26.2/Combine.swiftmodule/arm64-apple-ios-simulator.swiftmodule'
note: a dependency of Swift module 'SwiftUI': '/Applications/Xcode.app/Contents/Developer/Toolchains/XcodeDefault.xctoolchain/usr/lib/swift/iphonesimulator/prebuilt-modules/26.2/SwiftUI.swiftmodule/arm64-apple-ios-simulator.swiftmodule'
note: a dependency of main module 'InkOS'
note: a dependency of Swift module 'Darwin': '/Applications/Xcode.app/Contents/Developer/Toolchains/XcodeDefault.xctoolchain/usr/lib/swift/iphonesimulator/prebuilt-modules/26.2/Darwin.swiftmodule/arm64-apple-ios-simulator.swiftmodule'
note: a dependency of Swift module 'Combine': '/Applications/Xcode.app/Contents/Developer/Toolchains/XcodeDefault.xctoolchain/usr/lib/swift/iphonesimulator/prebuilt-modules/26.2/Combine.swiftmodule/arm64-apple-ios-simulator.swiftmodule'
note: a dependency of Swift module 'SwiftUI': '/Applications/Xcode.app/Contents/Developer/Toolchains/XcodeDefault.xctoolchain/usr/lib/swift/iphonesimulator/prebuilt-modules/26.2/SwiftUI.swiftmodule/arm64-apple-ios-simulator.swiftmodule'
note: a dependency of main module 'InkOS'
error: Unable to find module dependency: 'Darwin'
note: a dependency of Swift module 'Darwin': '/Applications/Xcode.app/Contents/Developer/Toolchains/XcodeDefault.xctoolchain/usr/lib/swift/iphonesimulator/prebuilt-modules/26.2/Darwin.swiftmodule/arm64-apple-ios-simulator.swiftmodule'
note: a dependency of Swift module 'Darwin': '/Applications/Xcode.app/Contents/Developer/Toolchains/XcodeDefault.xctoolchain/usr/lib/swift/iphonesimulator/prebuilt-modules/26.2/Darwin.swiftmodule/arm64-apple-ios-simulator.swiftmodule'
note: a dependency of Swift module 'Darwin': '/Applications/Xcode.app/Contents/Developer/Toolchains/XcodeDefault.xctoolchain/usr/lib/swift/iphonesimulator/prebuilt-modules/26.2/Darwin.swiftmodule/arm64-apple-ios-simulator.swiftmodule'
note: a dependency of Swift module 'System': '/Applications/Xcode.app/Contents/Developer/Toolchains/XcodeDefault.xctoolchain/usr/lib/swift/iphonesimulator/prebuilt-modules/26.2/System.swiftmodule/arm64-apple-ios-simulator.swiftmodule'
note: a dependency of Swift module 'Darwin': '/Applications/Xcode.app/Contents/Developer/Toolchains/XcodeDefault.xctoolchain/usr/lib/swift/iphonesimulator/prebuilt-modules/26.2/Darwin.swiftmodule/arm64-apple-ios-simulator.swiftmodule'
note: a dependency of Swift module 'Foundation': '/Applications/Xcode.app/Contents/Developer/Toolchains/XcodeDefault.xctoolchain/usr/lib/swift/iphonesimulator/prebuilt-modules/26.2/Foundation.swiftmodule/arm64-apple-ios-simulator.swiftmodule'
note: a dependency of Swift module 'CoreData': '/Applications/Xcode.app/Contents/Developer/Toolchains/XcodeDefault.xctoolchain/usr/lib/swift/iphonesimulator/prebuilt-modules/26.2/CoreData.swiftmodule/arm64-apple-ios-simulator.swiftmodule'
note: a dependency of Swift module 'Combine': '/Applications/Xcode.app/Contents/Developer/Toolchains/XcodeDefault.xctoolchain/usr/lib/swift/iphonesimulator/prebuilt-modules/26.2/Combine.swiftmodule/arm64-apple-ios-simulator.swiftmodule'
note: a dependency of Swift module 'SwiftUI': '/Applications/Xcode.app/Contents/Developer/Toolchains/XcodeDefault.xctoolchain/usr/lib/swift/iphonesimulator/prebuilt-modules/26.2/SwiftUI.swiftmodule/arm64-apple-ios-simulator.swiftmodule'
note: a dependency of main module 'InkOS'
note: a dependency of Swift module 'Darwin': '/Applications/Xcode.app/Contents/Developer/Toolchains/XcodeDefault.xctoolchain/usr/lib/swift/iphonesimulator/prebuilt-modules/26.2/Darwin.swiftmodule/arm64-apple-ios-simulator.swiftmodule'
note: a dependency of Swift module 'Darwin': '/Applications/Xcode.app/Contents/Developer/Toolchains/XcodeDefault.xctoolchain/usr/lib/swift/iphonesimulator/prebuilt-modules/26.2/Darwin.swiftmodule/arm64-apple-ios-simulator.swiftmodule'
note: a dependency of Swift module 'System': '/Applications/Xcode.app/Contents/Developer/Toolchains/XcodeDefault.xctoolchain/usr/lib/swift/iphonesimulator/prebuilt-modules/26.2/System.swiftmodule/arm64-apple-ios-simulator.swiftmodule'
note: a dependency of Swift module 'Darwin': '/Applications/Xcode.app/Contents/Developer/Toolchains/XcodeDefault.xctoolchain/usr/lib/swift/iphonesimulator/prebuilt-modules/26.2/Darwin.swiftmodule/arm64-apple-ios-simulator.swiftmodule'
note: a dependency of Swift module 'Foundation': '/Applications/Xcode.app/Contents/Developer/Toolchains/XcodeDefault.xctoolchain/usr/lib/swift/iphonesimulator/prebuilt-modules/26.2/Foundation.swiftmodule/arm64-apple-ios-simulator.swiftmodule'
note: a dependency of Swift module 'CoreData': '/Applications/Xcode.app/Contents/Developer/Toolchains/XcodeDefault.xctoolchain/usr/lib/swift/iphonesimulator/prebuilt-modules/26.2/CoreData.swiftmodule/arm64-apple-ios-simulator.swiftmodule'
note: a dependency of Swift module 'Combine': '/Applications/Xcode.app/Contents/Developer/Toolchains/XcodeDefault.xctoolchain/usr/lib/swift/iphonesimulator/prebuilt-modules/26.2/Combine.swiftmodule/arm64-apple-ios-simulator.swiftmodule'
note: a dependency of Swift module 'SwiftUI': '/Applications/Xcode.app/Contents/Developer/Toolchains/XcodeDefault.xctoolchain/usr/lib/swift/iphonesimulator/prebuilt-modules/26.2/SwiftUI.swiftmodule/arm64-apple-ios-simulator.swiftmodule'
note: a dependency of main module 'InkOS'
note: a dependency of Swift module 'Darwin': '/Applications/Xcode.app/Contents/Developer/Toolchains/XcodeDefault.xctoolchain/usr/lib/swift/iphonesimulator/prebuilt-modules/26.2/Darwin.swiftmodule/arm64-apple-ios-simulator.swiftmodule'
note: a dependency of Swift module 'Darwin': '/Applications/Xcode.app/Contents/Developer/Toolchains/XcodeDefault.xctoolchain/usr/lib/swift/iphonesimulator/prebuilt-modules/26.2/Darwin.swiftmodule/arm64-apple-ios-simulator.swiftmodule'
note: a dependency of Swift module 'System': '/Applications/Xcode.app/Contents/Developer/Toolchains/XcodeDefault.xctoolchain/usr/lib/swift/iphonesimulator/prebuilt-modules/26.2/System.swiftmodule/arm64-apple-ios-simulator.swiftmodule'
note: a dependency of Swift module 'Darwin': '/Applications/Xcode.app/Contents/Developer/Toolchains/XcodeDefault.xctoolchain/usr/lib/swift/iphonesimulator/prebuilt-modules/26.2/Darwin.swiftmodule/arm64-apple-ios-simulator.swiftmodule'
note: a dependency of Swift module 'Foundation': '/Applications/Xcode.app/Contents/Developer/Toolchains/XcodeDefault.xctoolchain/usr/lib/swift/iphonesimulator/prebuilt-modules/26.2/Foundation.swiftmodule/arm64-apple-ios-simulator.swiftmodule'
note: a dependency of Swift module 'CoreData': '/Applications/Xcode.app/Contents/Developer/Toolchains/XcodeDefault.xctoolchain/usr/lib/swift/iphonesimulator/prebuilt-modules/26.2/CoreData.swiftmodule/arm64-apple-ios-simulator.swiftmodule'
note: a dependency of Swift module 'Combine': '/Applications/Xcode.app/Contents/Developer/Toolchains/XcodeDefault.xctoolchain/usr/lib/swift/iphonesimulator/prebuilt-modules/26.2/Combine.swiftmodule/arm64-apple-ios-simulator.swiftmodule'
note: a dependency of Swift module 'SwiftUI': '/Applications/Xcode.app/Contents/Developer/Toolchains/XcodeDefault.xctoolchain/usr/lib/swift/iphonesimulator/prebuilt-modules/26.2/SwiftUI.swiftmodule/arm64-apple-ios-simulator.swiftmodule'
note: a dependency of main module 'InkOS'
note: a dependency of Swift module 'Darwin': '/Applications/Xcode.app/Contents/Developer/Toolchains/XcodeDefault.xctoolchain/usr/lib/swift/iphonesimulator/prebuilt-modules/26.2/Darwin.swiftmodule/arm64-apple-ios-simulator.swiftmodule'
note: a dependency of Swift module 'System': '/Applications/Xcode.app/Contents/Developer/Toolchains/XcodeDefault.xctoolchain/usr/lib/swift/iphonesimulator/prebuilt-modules/26.2/System.swiftmodule/arm64-apple-ios-simulator.swiftmodule'
note: a dependency of Swift module 'Darwin': '/Applications/Xcode.app/Contents/Developer/Toolchains/XcodeDefault.xctoolchain/usr/lib/swift/iphonesimulator/prebuilt-modules/26.2/Darwin.swiftmodule/arm64-apple-ios-simulator.swiftmodule'
note: a dependency of Swift module 'Foundation': '/Applications/Xcode.app/Contents/Developer/Toolchains/XcodeDefault.xctoolchain/usr/lib/swift/iphonesimulator/prebuilt-modules/26.2/Foundation.swiftmodule/arm64-apple-ios-simulator.swiftmodule'
note: a dependency of Swift module 'CoreData': '/Applications/Xcode.app/Contents/Developer/Toolchains/XcodeDefault.xctoolchain/usr/lib/swift/iphonesimulator/prebuilt-modules/26.2/CoreData.swiftmodule/arm64-apple-ios-simulator.swiftmodule'
note: a dependency of Swift module 'Combine': '/Applications/Xcode.app/Contents/Developer/Toolchains/XcodeDefault.xctoolchain/usr/lib/swift/iphonesimulator/prebuilt-modules/26.2/Combine.swiftmodule/arm64-apple-ios-simulator.swiftmodule'
note: a dependency of Swift module 'SwiftUI': '/Applications/Xcode.app/Contents/Developer/Toolchains/XcodeDefault.xctoolchain/usr/lib/swift/iphonesimulator/prebuilt-modules/26.2/SwiftUI.swiftmodule/arm64-apple-ios-simulator.swiftmodule'
note: a dependency of main module 'InkOS'
note: a dependency of Swift module 'Darwin': '/Applications/Xcode.app/Contents/Developer/Toolchains/XcodeDefault.xctoolchain/usr/lib/swift/iphonesimulator/prebuilt-modules/26.2/Darwin.swiftmodule/arm64-apple-ios-simulator.swiftmodule'
note: a dependency of Swift module 'Foundation': '/Applications/Xcode.app/Contents/Developer/Toolchains/XcodeDefault.xctoolchain/usr/lib/swift/iphonesimulator/prebuilt-modules/26.2/Foundation.swiftmodule/arm64-apple-ios-simulator.swiftmodule'
note: a dependency of Swift module 'CoreData': '/Applications/Xcode.app/Contents/Developer/Toolchains/XcodeDefault.xctoolchain/usr/lib/swift/iphonesimulator/prebuilt-modules/26.2/CoreData.swiftmodule/arm64-apple-ios-simulator.swiftmodule'
note: a dependency of Swift module 'Combine': '/Applications/Xcode.app/Contents/Developer/Toolchains/XcodeDefault.xctoolchain/usr/lib/swift/iphonesimulator/prebuilt-modules/26.2/Combine.swiftmodule/arm64-apple-ios-simulator.swiftmodule'
note: a dependency of Swift module 'SwiftUI': '/Applications/Xcode.app/Contents/Developer/Toolchains/XcodeDefault.xctoolchain/usr/lib/swift/iphonesimulator/prebuilt-modules/26.2/SwiftUI.swiftmodule/arm64-apple-ios-simulator.swiftmodule'
note: a dependency of main module 'InkOS'
note: a dependency of Swift module 'Darwin': '/Applications/Xcode.app/Contents/Developer/Toolchains/XcodeDefault.xctoolchain/usr/lib/swift/iphonesimulator/prebuilt-modules/26.2/Darwin.swiftmodule/arm64-apple-ios-simulator.swiftmodule'
note: a dependency of Swift module 'Combine': '/Applications/Xcode.app/Contents/Developer/Toolchains/XcodeDefault.xctoolchain/usr/lib/swift/iphonesimulator/prebuilt-modules/26.2/Combine.swiftmodule/arm64-apple-ios-simulator.swiftmodule'
note: a dependency of Swift module 'SwiftUI': '/Applications/Xcode.app/Contents/Developer/Toolchains/XcodeDefault.xctoolchain/usr/lib/swift/iphonesimulator/prebuilt-modules/26.2/SwiftUI.swiftmodule/arm64-apple-ios-simulator.swiftmodule'
note: a dependency of main module 'InkOS'
error: Unable to find module dependency: 'sys_types'
note: a dependency of Swift module 'Darwin': '/Applications/Xcode.app/Contents/Developer/Toolchains/XcodeDefault.xctoolchain/usr/lib/swift/iphonesimulator/prebuilt-modules/26.2/Darwin.swiftmodule/arm64-apple-ios-simulator.swiftmodule'
note: a dependency of Swift module 'Darwin': '/Applications/Xcode.app/Contents/Developer/Toolchains/XcodeDefault.xctoolchain/usr/lib/swift/iphonesimulator/prebuilt-modules/26.2/Darwin.swiftmodule/arm64-apple-ios-simulator.swiftmodule'
note: a dependency of Swift module 'Darwin': '/Applications/Xcode.app/Contents/Developer/Toolchains/XcodeDefault.xctoolchain/usr/lib/swift/iphonesimulator/prebuilt-modules/26.2/Darwin.swiftmodule/arm64-apple-ios-simulator.swiftmodule'
note: a dependency of Swift module 'System': '/Applications/Xcode.app/Contents/Developer/Toolchains/XcodeDefault.xctoolchain/usr/lib/swift/iphonesimulator/prebuilt-modules/26.2/System.swiftmodule/arm64-apple-ios-simulator.swiftmodule'
note: a dependency of Swift module 'Darwin': '/Applications/Xcode.app/Contents/Developer/Toolchains/XcodeDefault.xctoolchain/usr/lib/swift/iphonesimulator/prebuilt-modules/26.2/Darwin.swiftmodule/arm64-apple-ios-simulator.swiftmodule'
note: a dependency of Swift module 'Foundation': '/Applications/Xcode.app/Contents/Developer/Toolchains/XcodeDefault.xctoolchain/usr/lib/swift/iphonesimulator/prebuilt-modules/26.2/Foundation.swiftmodule/arm64-apple-ios-simulator.swiftmodule'
note: a dependency of Swift module 'CoreData': '/Applications/Xcode.app/Contents/Developer/Toolchains/XcodeDefault.xctoolchain/usr/lib/swift/iphonesimulator/prebuilt-modules/26.2/CoreData.swiftmodule/arm64-apple-ios-simulator.swiftmodule'
note: a dependency of Swift module 'Combine': '/Applications/Xcode.app/Contents/Developer/Toolchains/XcodeDefault.xctoolchain/usr/lib/swift/iphonesimulator/prebuilt-modules/26.2/Combine.swiftmodule/arm64-apple-ios-simulator.swiftmodule'
note: a dependency of Swift module 'SwiftUI': '/Applications/Xcode.app/Contents/Developer/Toolchains/XcodeDefault.xctoolchain/usr/lib/swift/iphonesimulator/prebuilt-modules/26.2/SwiftUI.swiftmodule/arm64-apple-ios-simulator.swiftmodule'
note: a dependency of main module 'InkOS'
note: a dependency of Swift module 'Darwin': '/Applications/Xcode.app/Contents/Developer/Toolchains/XcodeDefault.xctoolchain/usr/lib/swift/iphonesimulator/prebuilt-modules/26.2/Darwin.swiftmodule/arm64-apple-ios-simulator.swiftmodule'
note: a dependency of Swift module 'Darwin': '/Applications/Xcode.app/Contents/Developer/Toolchains/XcodeDefault.xctoolchain/usr/lib/swift/iphonesimulator/prebuilt-modules/26.2/Darwin.swiftmodule/arm64-apple-ios-simulator.swiftmodule'
note: a dependency of Swift module 'System': '/Applications/Xcode.app/Contents/Developer/Toolchains/XcodeDefault.xctoolchain/usr/lib/swift/iphonesimulator/prebuilt-modules/26.2/System.swiftmodule/arm64-apple-ios-simulator.swiftmodule'
note: a dependency of Swift module 'Darwin': '/Applications/Xcode.app/Contents/Developer/Toolchains/XcodeDefault.xctoolchain/usr/lib/swift/iphonesimulator/prebuilt-modules/26.2/Darwin.swiftmodule/arm64-apple-ios-simulator.swiftmodule'
note: a dependency of Swift module 'Foundation': '/Applications/Xcode.app/Contents/Developer/Toolchains/XcodeDefault.xctoolchain/usr/lib/swift/iphonesimulator/prebuilt-modules/26.2/Foundation.swiftmodule/arm64-apple-ios-simulator.swiftmodule'
note: a dependency of Swift module 'CoreData': '/Applications/Xcode.app/Contents/Developer/Toolchains/XcodeDefault.xctoolchain/usr/lib/swift/iphonesimulator/prebuilt-modules/26.2/CoreData.swiftmodule/arm64-apple-ios-simulator.swiftmodule'
note: a dependency of Swift module 'Combine': '/Applications/Xcode.app/Contents/Developer/Toolchains/XcodeDefault.xctoolchain/usr/lib/swift/iphonesimulator/prebuilt-modules/26.2/Combine.swiftmodule/arm64-apple-ios-simulator.swiftmodule'
note: a dependency of Swift module 'SwiftUI': '/Applications/Xcode.app/Contents/Developer/Toolchains/XcodeDefault.xctoolchain/usr/lib/swift/iphonesimulator/prebuilt-modules/26.2/SwiftUI.swiftmodule/arm64-apple-ios-simulator.swiftmodule'
note: a dependency of main module 'InkOS'
note: a dependency of Swift module 'Darwin': '/Applications/Xcode.app/Contents/Developer/Toolchains/XcodeDefault.xctoolchain/usr/lib/swift/iphonesimulator/prebuilt-modules/26.2/Darwin.swiftmodule/arm64-apple-ios-simulator.swiftmodule'
note: a dependency of Swift module 'Darwin': '/Applications/Xcode.app/Contents/Developer/Toolchains/XcodeDefault.xctoolchain/usr/lib/swift/iphonesimulator/prebuilt-modules/26.2/Darwin.swiftmodule/arm64-apple-ios-simulator.swiftmodule'
note: a dependency of Swift module 'System': '/Applications/Xcode.app/Contents/Developer/Toolchains/XcodeDefault.xctoolchain/usr/lib/swift/iphonesimulator/prebuilt-modules/26.2/System.swiftmodule/arm64-apple-ios-simulator.swiftmodule'
note: a dependency of Swift module 'Darwin': '/Applications/Xcode.app/Contents/Developer/Toolchains/XcodeDefault.xctoolchain/usr/lib/swift/iphonesimulator/prebuilt-modules/26.2/Darwin.swiftmodule/arm64-apple-ios-simulator.swiftmodule'
note: a dependency of Swift module 'Foundation': '/Applications/Xcode.app/Contents/Developer/Toolchains/XcodeDefault.xctoolchain/usr/lib/swift/iphonesimulator/prebuilt-modules/26.2/Foundation.swiftmodule/arm64-apple-ios-simulator.swiftmodule'
note: a dependency of Swift module 'CoreData': '/Applications/Xcode.app/Contents/Developer/Toolchains/XcodeDefault.xctoolchain/usr/lib/swift/iphonesimulator/prebuilt-modules/26.2/CoreData.swiftmodule/arm64-apple-ios-simulator.swiftmodule'
note: a dependency of Swift module 'Combine': '/Applications/Xcode.app/Contents/Developer/Toolchains/XcodeDefault.xctoolchain/usr/lib/swift/iphonesimulator/prebuilt-modules/26.2/Combine.swiftmodule/arm64-apple-ios-simulator.swiftmodule'
note: a dependency of Swift module 'SwiftUI': '/Applications/Xcode.app/Contents/Developer/Toolchains/XcodeDefault.xctoolchain/usr/lib/swift/iphonesimulator/prebuilt-modules/26.2/SwiftUI.swiftmodule/arm64-apple-ios-simulator.swiftmodule'
note: a dependency of main module 'InkOS'
note: a dependency of Swift module 'Darwin': '/Applications/Xcode.app/Contents/Developer/Toolchains/XcodeDefault.xctoolchain/usr/lib/swift/iphonesimulator/prebuilt-modules/26.2/Darwin.swiftmodule/arm64-apple-ios-simulator.swiftmodule'
note: a dependency of Swift module 'System': '/Applications/Xcode.app/Contents/Developer/Toolchains/XcodeDefault.xctoolchain/usr/lib/swift/iphonesimulator/prebuilt-modules/26.2/System.swiftmodule/arm64-apple-ios-simulator.swiftmodule'
note: a dependency of Swift module 'Darwin': '/Applications/Xcode.app/Contents/Developer/Toolchains/XcodeDefault.xctoolchain/usr/lib/swift/iphonesimulator/prebuilt-modules/26.2/Darwin.swiftmodule/arm64-apple-ios-simulator.swiftmodule'
note: a dependency of Swift module 'Foundation': '/Applications/Xcode.app/Contents/Developer/Toolchains/XcodeDefault.xctoolchain/usr/lib/swift/iphonesimulator/prebuilt-modules/26.2/Foundation.swiftmodule/arm64-apple-ios-simulator.swiftmodule'
note: a dependency of Swift module 'CoreData': '/Applications/Xcode.app/Contents/Developer/Toolchains/XcodeDefault.xctoolchain/usr/lib/swift/iphonesimulator/prebuilt-modules/26.2/CoreData.swiftmodule/arm64-apple-ios-simulator.swiftmodule'
note: a dependency of Swift module 'Combine': '/Applications/Xcode.app/Contents/Developer/Toolchains/XcodeDefault.xctoolchain/usr/lib/swift/iphonesimulator/prebuilt-modules/26.2/Combine.swiftmodule/arm64-apple-ios-simulator.swiftmodule'
note: a dependency of Swift module 'SwiftUI': '/Applications/Xcode.app/Contents/Developer/Toolchains/XcodeDefault.xctoolchain/usr/lib/swift/iphonesimulator/prebuilt-modules/26.2/SwiftUI.swiftmodule/arm64-apple-ios-simulator.swiftmodule'
note: a dependency of main module 'InkOS'
note: a dependency of Swift module 'Darwin': '/Applications/Xcode.app/Contents/Developer/Toolchains/XcodeDefault.xctoolchain/usr/lib/swift/iphonesimulator/prebuilt-modules/26.2/Darwin.swiftmodule/arm64-apple-ios-simulator.swiftmodule'
note: a dependency of Swift module 'Foundation': '/Applications/Xcode.app/Contents/Developer/Toolchains/XcodeDefault.xctoolchain/usr/lib/swift/iphonesimulator/prebuilt-modules/26.2/Foundation.swiftmodule/arm64-apple-ios-simulator.swiftmodule'
note: a dependency of Swift module 'CoreData': '/Applications/Xcode.app/Contents/Developer/Toolchains/XcodeDefault.xctoolchain/usr/lib/swift/iphonesimulator/prebuilt-modules/26.2/CoreData.swiftmodule/arm64-apple-ios-simulator.swiftmodule'
note: a dependency of Swift module 'Combine': '/Applications/Xcode.app/Contents/Developer/Toolchains/XcodeDefault.xctoolchain/usr/lib/swift/iphonesimulator/prebuilt-modules/26.2/Combine.swiftmodule/arm64-apple-ios-simulator.swiftmodule'
note: a dependency of Swift module 'SwiftUI': '/Applications/Xcode.app/Contents/Developer/Toolchains/XcodeDefault.xctoolchain/usr/lib/swift/iphonesimulator/prebuilt-modules/26.2/SwiftUI.swiftmodule/arm64-apple-ios-simulator.swiftmodule'
note: a dependency of main module 'InkOS'
note: a dependency of Swift module 'Darwin': '/Applications/Xcode.app/Contents/Developer/Toolchains/XcodeDefault.xctoolchain/usr/lib/swift/iphonesimulator/prebuilt-modules/26.2/Darwin.swiftmodule/arm64-apple-ios-simulator.swiftmodule'
note: a dependency of Swift module 'Combine': '/Applications/Xcode.app/Contents/Developer/Toolchains/XcodeDefault.xctoolchain/usr/lib/swift/iphonesimulator/prebuilt-modules/26.2/Combine.swiftmodule/arm64-apple-ios-simulator.swiftmodule'
note: a dependency of Swift module 'SwiftUI': '/Applications/Xcode.app/Contents/Developer/Toolchains/XcodeDefault.xctoolchain/usr/lib/swift/iphonesimulator/prebuilt-modules/26.2/SwiftUI.swiftmodule/arm64-apple-ios-simulator.swiftmodule'
note: a dependency of main module 'InkOS'
error: Unable to find module dependency: 'ObjectiveC'
note: a dependency of Swift module 'ObjectiveC': '/Applications/Xcode.app/Contents/Developer/Toolchains/XcodeDefault.xctoolchain/usr/lib/swift/iphonesimulator/prebuilt-modules/26.2/ObjectiveC.swiftmodule/arm64-apple-ios-simulator.swiftmodule'
note: a dependency of Swift module 'os': '/Applications/Xcode.app/Contents/Developer/Toolchains/XcodeDefault.xctoolchain/usr/lib/swift/iphonesimulator/prebuilt-modules/26.2/os.swiftmodule/arm64-apple-ios-simulator.swiftmodule'
note: a dependency of Swift module 'Foundation': '/Applications/Xcode.app/Contents/Developer/Toolchains/XcodeDefault.xctoolchain/usr/lib/swift/iphonesimulator/prebuilt-modules/26.2/Foundation.swiftmodule/arm64-apple-ios-simulator.swiftmodule'
note: a dependency of Swift module 'CoreData': '/Applications/Xcode.app/Contents/Developer/Toolchains/XcodeDefault.xctoolchain/usr/lib/swift/iphonesimulator/prebuilt-modules/26.2/CoreData.swiftmodule/arm64-apple-ios-simulator.swiftmodule'
note: a dependency of Swift module 'SwiftUI': '/Applications/Xcode.app/Contents/Developer/Toolchains/XcodeDefault.xctoolchain/usr/lib/swift/iphonesimulator/prebuilt-modules/26.2/SwiftUI.swiftmodule/arm64-apple-ios-simulator.swiftmodule'
note: a dependency of main module 'InkOS'
note: a dependency of Swift module 'ObjectiveC': '/Applications/Xcode.app/Contents/Developer/Toolchains/XcodeDefault.xctoolchain/usr/lib/swift/iphonesimulator/prebuilt-modules/26.2/ObjectiveC.swiftmodule/arm64-apple-ios-simulator.swiftmodule'
note: a dependency of Swift module 'Foundation': '/Applications/Xcode.app/Contents/Developer/Toolchains/XcodeDefault.xctoolchain/usr/lib/swift/iphonesimulator/prebuilt-modules/26.2/Foundation.swiftmodule/arm64-apple-ios-simulator.swiftmodule'
note: a dependency of Swift module 'CoreData': '/Applications/Xcode.app/Contents/Developer/Toolchains/XcodeDefault.xctoolchain/usr/lib/swift/iphonesimulator/prebuilt-modules/26.2/CoreData.swiftmodule/arm64-apple-ios-simulator.swiftmodule'
note: a dependency of Swift module 'SwiftUI': '/Applications/Xcode.app/Contents/Developer/Toolchains/XcodeDefault.xctoolchain/usr/lib/swift/iphonesimulator/prebuilt-modules/26.2/SwiftUI.swiftmodule/arm64-apple-ios-simulator.swiftmodule'
note: a dependency of main module 'InkOS'
error: Unable to find module dependency: '_SwiftConcurrencyShims'
note: a dependency of Swift module 'ObjectiveC': '/Applications/Xcode.app/Contents/Developer/Toolchains/XcodeDefault.xctoolchain/usr/lib/swift/iphonesimulator/prebuilt-modules/26.2/ObjectiveC.swiftmodule/arm64-apple-ios-simulator.swiftmodule'
note: a dependency of Swift module 'os': '/Applications/Xcode.app/Contents/Developer/Toolchains/XcodeDefault.xctoolchain/usr/lib/swift/iphonesimulator/prebuilt-modules/26.2/os.swiftmodule/arm64-apple-ios-simulator.swiftmodule'
note: a dependency of Swift module 'Foundation': '/Applications/Xcode.app/Contents/Developer/Toolchains/XcodeDefault.xctoolchain/usr/lib/swift/iphonesimulator/prebuilt-modules/26.2/Foundation.swiftmodule/arm64-apple-ios-simulator.swiftmodule'
note: a dependency of Swift module 'CoreData': '/Applications/Xcode.app/Contents/Developer/Toolchains/XcodeDefault.xctoolchain/usr/lib/swift/iphonesimulator/prebuilt-modules/26.2/CoreData.swiftmodule/arm64-apple-ios-simulator.swiftmodule'
note: a dependency of Swift module 'SwiftUI': '/Applications/Xcode.app/Contents/Developer/Toolchains/XcodeDefault.xctoolchain/usr/lib/swift/iphonesimulator/prebuilt-modules/26.2/SwiftUI.swiftmodule/arm64-apple-ios-simulator.swiftmodule'
note: a dependency of main module 'InkOS'
note: a dependency of Swift module 'ObjectiveC': '/Applications/Xcode.app/Contents/Developer/Toolchains/XcodeDefault.xctoolchain/usr/lib/swift/iphonesimulator/prebuilt-modules/26.2/ObjectiveC.swiftmodule/arm64-apple-ios-simulator.swiftmodule'
note: a dependency of Swift module 'Foundation': '/Applications/Xcode.app/Contents/Developer/Toolchains/XcodeDefault.xctoolchain/usr/lib/swift/iphonesimulator/prebuilt-modules/26.2/Foundation.swiftmodule/arm64-apple-ios-simulator.swiftmodule'
note: a dependency of Swift module 'CoreData': '/Applications/Xcode.app/Contents/Developer/Toolchains/XcodeDefault.xctoolchain/usr/lib/swift/iphonesimulator/prebuilt-modules/26.2/CoreData.swiftmodule/arm64-apple-ios-simulator.swiftmodule'
note: a dependency of Swift module 'SwiftUI': '/Applications/Xcode.app/Contents/Developer/Toolchains/XcodeDefault.xctoolchain/usr/lib/swift/iphonesimulator/prebuilt-modules/26.2/SwiftUI.swiftmodule/arm64-apple-ios-simulator.swiftmodule'
note: a dependency of main module 'InkOS'
error: Unable to find module dependency: '_SwiftConcurrencyShims'
note: a dependency of Swift module 'System': '/Applications/Xcode.app/Contents/Developer/Toolchains/XcodeDefault.xctoolchain/usr/lib/swift/iphonesimulator/prebuilt-modules/26.2/System.swiftmodule/arm64-apple-ios-simulator.swiftmodule'
note: a dependency of Swift module 'Foundation': '/Applications/Xcode.app/Contents/Developer/Toolchains/XcodeDefault.xctoolchain/usr/lib/swift/iphonesimulator/prebuilt-modules/26.2/Foundation.swiftmodule/arm64-apple-ios-simulator.swiftmodule'
note: a dependency of Swift module 'CoreData': '/Applications/Xcode.app/Contents/Developer/Toolchains/XcodeDefault.xctoolchain/usr/lib/swift/iphonesimulator/prebuilt-modules/26.2/CoreData.swiftmodule/arm64-apple-ios-simulator.swiftmodule'
note: a dependency of Swift module 'SwiftUI': '/Applications/Xcode.app/Contents/Developer/Toolchains/XcodeDefault.xctoolchain/usr/lib/swift/iphonesimulator/prebuilt-modules/26.2/SwiftUI.swiftmodule/arm64-apple-ios-simulator.swiftmodule'
note: a dependency of main module 'InkOS'
error: Unable to find module dependency: '_Builtin_float'
note: a dependency of Swift module '_Builtin_float': '/Applications/Xcode.app/Contents/Developer/Toolchains/XcodeDefault.xctoolchain/usr/lib/swift/iphonesimulator/prebuilt-modules/26.2/_Builtin_float.swiftmodule/arm64-apple-ios-simulator.swiftmodule'
note: a dependency of Swift module 'Darwin': '/Applications/Xcode.app/Contents/Developer/Toolchains/XcodeDefault.xctoolchain/usr/lib/swift/iphonesimulator/prebuilt-modules/26.2/Darwin.swiftmodule/arm64-apple-ios-simulator.swiftmodule'
note: a dependency of Swift module 'Combine': '/Applications/Xcode.app/Contents/Developer/Toolchains/XcodeDefault.xctoolchain/usr/lib/swift/iphonesimulator/prebuilt-modules/26.2/Combine.swiftmodule/arm64-apple-ios-simulator.swiftmodule'
note: a dependency of Swift module 'SwiftUI': '/Applications/Xcode.app/Contents/Developer/Toolchains/XcodeDefault.xctoolchain/usr/lib/swift/iphonesimulator/prebuilt-modules/26.2/SwiftUI.swiftmodule/arm64-apple-ios-simulator.swiftmodule'
note: a dependency of main module 'InkOS'
error: Unable to find module dependency: '_DarwinFoundation1'
note: a dependency of Swift module '_DarwinFoundation1': '/Applications/Xcode.app/Contents/Developer/Toolchains/XcodeDefault.xctoolchain/usr/lib/swift/iphonesimulator/prebuilt-modules/26.2/_DarwinFoundation1.swiftmodule/arm64-apple-ios-simulator.swiftmodule'
note: a dependency of Swift module 'Darwin': '/Applications/Xcode.app/Contents/Developer/Toolchains/XcodeDefault.xctoolchain/usr/lib/swift/iphonesimulator/prebuilt-modules/26.2/Darwin.swiftmodule/arm64-apple-ios-simulator.swiftmodule'
note: a dependency of Swift module 'Combine': '/Applications/Xcode.app/Contents/Developer/Toolchains/XcodeDefault.xctoolchain/usr/lib/swift/iphonesimulator/prebuilt-modules/26.2/Combine.swiftmodule/arm64-apple-ios-simulator.swiftmodule'
note: a dependency of Swift module 'SwiftUI': '/Applications/Xcode.app/Contents/Developer/Toolchains/XcodeDefault.xctoolchain/usr/lib/swift/iphonesimulator/prebuilt-modules/26.2/SwiftUI.swiftmodule/arm64-apple-ios-simulator.swiftmodule'
note: a dependency of main module 'InkOS'
error: Unable to find module dependency: '_DarwinFoundation1'
note: a dependency of Swift module '_DarwinFoundation1': '/Applications/Xcode.app/Contents/Developer/Toolchains/XcodeDefault.xctoolchain/usr/lib/swift/iphonesimulator/prebuilt-modules/26.2/_DarwinFoundation1.swiftmodule/arm64-apple-ios-simulator.swiftmodule'
note: a dependency of Swift module 'Darwin': '/Applications/Xcode.app/Contents/Developer/Toolchains/XcodeDefault.xctoolchain/usr/lib/swift/iphonesimulator/prebuilt-modules/26.2/Darwin.swiftmodule/arm64-apple-ios-simulator.swiftmodule'
note: a dependency of Swift module 'Combine': '/Applications/Xcode.app/Contents/Developer/Toolchains/XcodeDefault.xctoolchain/usr/lib/swift/iphonesimulator/prebuilt-modules/26.2/Combine.swiftmodule/arm64-apple-ios-simulator.swiftmodule'
note: a dependency of Swift module 'SwiftUI': '/Applications/Xcode.app/Contents/Developer/Toolchains/XcodeDefault.xctoolchain/usr/lib/swift/iphonesimulator/prebuilt-modules/26.2/SwiftUI.swiftmodule/arm64-apple-ios-simulator.swiftmodule'
note: a dependency of main module 'InkOS'
error: Unable to find module dependency: '_DarwinFoundation1'
note: a dependency of Swift module '_DarwinFoundation1': '/Applications/Xcode.app/Contents/Developer/Toolchains/XcodeDefault.xctoolchain/usr/lib/swift/iphonesimulator/prebuilt-modules/26.2/_DarwinFoundation1.swiftmodule/arm64-apple-ios-simulator.swiftmodule'
note: a dependency of Swift module 'Darwin': '/Applications/Xcode.app/Contents/Developer/Toolchains/XcodeDefault.xctoolchain/usr/lib/swift/iphonesimulator/prebuilt-modules/26.2/Darwin.swiftmodule/arm64-apple-ios-simulator.swiftmodule'
note: a dependency of Swift module 'Combine': '/Applications/Xcode.app/Contents/Developer/Toolchains/XcodeDefault.xctoolchain/usr/lib/swift/iphonesimulator/prebuilt-modules/26.2/Combine.swiftmodule/arm64-apple-ios-simulator.swiftmodule'
note: a dependency of Swift module 'SwiftUI': '/Applications/Xcode.app/Contents/Developer/Toolchains/XcodeDefault.xctoolchain/usr/lib/swift/iphonesimulator/prebuilt-modules/26.2/SwiftUI.swiftmodule/arm64-apple-ios-simulator.swiftmodule'
note: a dependency of main module 'InkOS'
error: Unable to find module dependency: '_DarwinFoundation2'
note: a dependency of Swift module '_DarwinFoundation2': '/Applications/Xcode.app/Contents/Developer/Toolchains/XcodeDefault.xctoolchain/usr/lib/swift/iphonesimulator/prebuilt-modules/26.2/_DarwinFoundation2.swiftmodule/arm64-apple-ios-simulator.swiftmodule'
note: a dependency of Swift module 'Darwin': '/Applications/Xcode.app/Contents/Developer/Toolchains/XcodeDefault.xctoolchain/usr/lib/swift/iphonesimulator/prebuilt-modules/26.2/Darwin.swiftmodule/arm64-apple-ios-simulator.swiftmodule'
note: a dependency of Swift module 'Combine': '/Applications/Xcode.app/Contents/Developer/Toolchains/XcodeDefault.xctoolchain/usr/lib/swift/iphonesimulator/prebuilt-modules/26.2/Combine.swiftmodule/arm64-apple-ios-simulator.swiftmodule'
note: a dependency of Swift module 'SwiftUI': '/Applications/Xcode.app/Contents/Developer/Toolchains/XcodeDefault.xctoolchain/usr/lib/swift/iphonesimulator/prebuilt-modules/26.2/SwiftUI.swiftmodule/arm64-apple-ios-simulator.swiftmodule'
note: a dependency of main module 'InkOS'
error: Unable to find module dependency: '_DarwinFoundation2'
note: a dependency of Swift module '_DarwinFoundation2': '/Applications/Xcode.app/Contents/Developer/Toolchains/XcodeDefault.xctoolchain/usr/lib/swift/iphonesimulator/prebuilt-modules/26.2/_DarwinFoundation2.swiftmodule/arm64-apple-ios-simulator.swiftmodule'
note: a dependency of Swift module 'Darwin': '/Applications/Xcode.app/Contents/Developer/Toolchains/XcodeDefault.xctoolchain/usr/lib/swift/iphonesimulator/prebuilt-modules/26.2/Darwin.swiftmodule/arm64-apple-ios-simulator.swiftmodule'
note: a dependency of Swift module 'Combine': '/Applications/Xcode.app/Contents/Developer/Toolchains/XcodeDefault.xctoolchain/usr/lib/swift/iphonesimulator/prebuilt-modules/26.2/Combine.swiftmodule/arm64-apple-ios-simulator.swiftmodule'
note: a dependency of Swift module 'SwiftUI': '/Applications/Xcode.app/Contents/Developer/Toolchains/XcodeDefault.xctoolchain/usr/lib/swift/iphonesimulator/prebuilt-modules/26.2/SwiftUI.swiftmodule/arm64-apple-ios-simulator.swiftmodule'
note: a dependency of main module 'InkOS'
error: Unable to find module dependency: '_DarwinFoundation2'
note: a dependency of Swift module '_DarwinFoundation2': '/Applications/Xcode.app/Contents/Developer/Toolchains/XcodeDefault.xctoolchain/usr/lib/swift/iphonesimulator/prebuilt-modules/26.2/_DarwinFoundation2.swiftmodule/arm64-apple-ios-simulator.swiftmodule'
note: a dependency of Swift module 'Darwin': '/Applications/Xcode.app/Contents/Developer/Toolchains/XcodeDefault.xctoolchain/usr/lib/swift/iphonesimulator/prebuilt-modules/26.2/Darwin.swiftmodule/arm64-apple-ios-simulator.swiftmodule'
note: a dependency of Swift module 'Combine': '/Applications/Xcode.app/Contents/Developer/Toolchains/XcodeDefault.xctoolchain/usr/lib/swift/iphonesimulator/prebuilt-modules/26.2/Combine.swiftmodule/arm64-apple-ios-simulator.swiftmodule'
note: a dependency of Swift module 'SwiftUI': '/Applications/Xcode.app/Contents/Developer/Toolchains/XcodeDefault.xctoolchain/usr/lib/swift/iphonesimulator/prebuilt-modules/26.2/SwiftUI.swiftmodule/arm64-apple-ios-simulator.swiftmodule'
note: a dependency of main module 'InkOS'
error: Unable to find module dependency: '_DarwinFoundation2'
note: a dependency of Swift module '_DarwinFoundation2': '/Applications/Xcode.app/Contents/Developer/Toolchains/XcodeDefault.xctoolchain/usr/lib/swift/iphonesimulator/prebuilt-modules/26.2/_DarwinFoundation2.swiftmodule/arm64-apple-ios-simulator.swiftmodule'
note: a dependency of Swift module 'Darwin': '/Applications/Xcode.app/Contents/Developer/Toolchains/XcodeDefault.xctoolchain/usr/lib/swift/iphonesimulator/prebuilt-modules/26.2/Darwin.swiftmodule/arm64-apple-ios-simulator.swiftmodule'
note: a dependency of Swift module 'Combine': '/Applications/Xcode.app/Contents/Developer/Toolchains/XcodeDefault.xctoolchain/usr/lib/swift/iphonesimulator/prebuilt-modules/26.2/Combine.swiftmodule/arm64-apple-ios-simulator.swiftmodule'
note: a dependency of Swift module 'SwiftUI': '/Applications/Xcode.app/Contents/Developer/Toolchains/XcodeDefault.xctoolchain/usr/lib/swift/iphonesimulator/prebuilt-modules/26.2/SwiftUI.swiftmodule/arm64-apple-ios-simulator.swiftmodule'
note: a dependency of main module 'InkOS'
error: Unable to find module dependency: '_DarwinFoundation3'
note: a dependency of Swift module '_DarwinFoundation3': '/Applications/Xcode.app/Contents/Developer/Toolchains/XcodeDefault.xctoolchain/usr/lib/swift/iphonesimulator/prebuilt-modules/26.2/_DarwinFoundation3.swiftmodule/arm64-apple-ios-simulator.swiftmodule'
note: a dependency of Swift module 'Darwin': '/Applications/Xcode.app/Contents/Developer/Toolchains/XcodeDefault.xctoolchain/usr/lib/swift/iphonesimulator/prebuilt-modules/26.2/Darwin.swiftmodule/arm64-apple-ios-simulator.swiftmodule'
note: a dependency of Swift module 'Combine': '/Applications/Xcode.app/Contents/Developer/Toolchains/XcodeDefault.xctoolchain/usr/lib/swift/iphonesimulator/prebuilt-modules/26.2/Combine.swiftmodule/arm64-apple-ios-simulator.swiftmodule'
note: a dependency of Swift module 'SwiftUI': '/Applications/Xcode.app/Contents/Developer/Toolchains/XcodeDefault.xctoolchain/usr/lib/swift/iphonesimulator/prebuilt-modules/26.2/SwiftUI.swiftmodule/arm64-apple-ios-simulator.swiftmodule'
note: a dependency of main module 'InkOS'
error: Unable to find module dependency: '_DarwinFoundation3'
note: a dependency of Swift module '_DarwinFoundation3': '/Applications/Xcode.app/Contents/Developer/Toolchains/XcodeDefault.xctoolchain/usr/lib/swift/iphonesimulator/prebuilt-modules/26.2/_DarwinFoundation3.swiftmodule/arm64-apple-ios-simulator.swiftmodule'
note: a dependency of Swift module 'Darwin': '/Applications/Xcode.app/Contents/Developer/Toolchains/XcodeDefault.xctoolchain/usr/lib/swift/iphonesimulator/prebuilt-modules/26.2/Darwin.swiftmodule/arm64-apple-ios-simulator.swiftmodule'
note: a dependency of Swift module 'Combine': '/Applications/Xcode.app/Contents/Developer/Toolchains/XcodeDefault.xctoolchain/usr/lib/swift/iphonesimulator/prebuilt-modules/26.2/Combine.swiftmodule/arm64-apple-ios-simulator.swiftmodule'
note: a dependency of Swift module 'SwiftUI': '/Applications/Xcode.app/Contents/Developer/Toolchains/XcodeDefault.xctoolchain/usr/lib/swift/iphonesimulator/prebuilt-modules/26.2/SwiftUI.swiftmodule/arm64-apple-ios-simulator.swiftmodule'
note: a dependency of main module 'InkOS'
error: Unable to find module dependency: '_DarwinFoundation3'
note: a dependency of Swift module '_DarwinFoundation3': '/Applications/Xcode.app/Contents/Developer/Toolchains/XcodeDefault.xctoolchain/usr/lib/swift/iphonesimulator/prebuilt-modules/26.2/_DarwinFoundation3.swiftmodule/arm64-apple-ios-simulator.swiftmodule'
note: a dependency of Swift module 'Darwin': '/Applications/Xcode.app/Contents/Developer/Toolchains/XcodeDefault.xctoolchain/usr/lib/swift/iphonesimulator/prebuilt-modules/26.2/Darwin.swiftmodule/arm64-apple-ios-simulator.swiftmodule'
note: a dependency of Swift module 'Combine': '/Applications/Xcode.app/Contents/Developer/Toolchains/XcodeDefault.xctoolchain/usr/lib/swift/iphonesimulator/prebuilt-modules/26.2/Combine.swiftmodule/arm64-apple-ios-simulator.swiftmodule'
note: a dependency of Swift module 'SwiftUI': '/Applications/Xcode.app/Contents/Developer/Toolchains/XcodeDefault.xctoolchain/usr/lib/swift/iphonesimulator/prebuilt-modules/26.2/SwiftUI.swiftmodule/arm64-apple-ios-simulator.swiftmodule'
note: a dependency of main module 'InkOS'
error: Unable to find module dependency: '_DarwinFoundation3'
note: a dependency of Swift module '_DarwinFoundation3': '/Applications/Xcode.app/Contents/Developer/Toolchains/XcodeDefault.xctoolchain/usr/lib/swift/iphonesimulator/prebuilt-modules/26.2/_DarwinFoundation3.swiftmodule/arm64-apple-ios-simulator.swiftmodule'
note: a dependency of Swift module 'Darwin': '/Applications/Xcode.app/Contents/Developer/Toolchains/XcodeDefault.xctoolchain/usr/lib/swift/iphonesimulator/prebuilt-modules/26.2/Darwin.swiftmodule/arm64-apple-ios-simulator.swiftmodule'
note: a dependency of Swift module 'Combine': '/Applications/Xcode.app/Contents/Developer/Toolchains/XcodeDefault.xctoolchain/usr/lib/swift/iphonesimulator/prebuilt-modules/26.2/Combine.swiftmodule/arm64-apple-ios-simulator.swiftmodule'
note: a dependency of Swift module 'SwiftUI': '/Applications/Xcode.app/Contents/Developer/Toolchains/XcodeDefault.xctoolchain/usr/lib/swift/iphonesimulator/prebuilt-modules/26.2/SwiftUI.swiftmodule/arm64-apple-ios-simulator.swiftmodule'
note: a dependency of main module 'InkOS'
error: Bridging header dependency scan failure: fatal error: module map file '/Users/andrewallen/Library/Developer/Xcode/DerivedData/InkOS-hihmbestuurshsgyovxqmygopffq/Build/Products/Debug-iphonesimulator/MyScriptInteractiveInk-Runtime/MyScriptInteractiveInk_Runtime.modulemap' not found
fatal error: module map file '/Users/andrewallen/Library/Developer/Xcode/DerivedData/InkOS-hihmbestuurshsgyovxqmygopffq/Build/Products/Debug-iphonesimulator/MyScriptInteractiveInk-Runtime/MyScriptInteractiveInk_Runtime.modulemap' not found
fatal error: module map file '/Users/andrewallen/Library/Developer/Xcode/DerivedData/InkOS-hihmbestuurshsgyovxqmygopffq/Build/Products/Debug-iphonesimulator/MyScriptInteractiveInk-Runtime/MyScriptInteractiveInk_Runtime.modulemap' not found
fatal error: module map file '/Users/andrewallen/Library/Developer/Xcode/DerivedData/InkOS-hihmbestuurshsgyovxqmygopffq/Build/Products/Debug-iphonesimulator/MyScriptInteractiveInk-Runtime/MyScriptInteractiveInk_Runtime.modulemap' not found
fatal error: module map file '/Users/andrewallen/Library/Developer/Xcode/DerivedData/InkOS-hihmbestuurshsgyovxqmygopffq/Build/Products/Debug-iphonesimulator/MyScriptInteractiveInk-Runtime/MyScriptInteractiveInk_Runtime.modulemap' not found
fatal error: module map file '/Users/andrewallen/Library/Developer/Xcode/DerivedData/InkOS-hihmbestuurshsgyovxqmygopffq/Build/Products/Debug-iphonesimulator/MyScriptInteractiveInk-Runtime/MyScriptInteractiveInk_Runtime.modulemap' not found
fatal error: module map file '/Users/andrewallen/Library/Developer/Xcode/DerivedData/InkOS-hihmbestuurshsgyovxqmygopffq/Build/Products/Debug-iphonesimulator/MyScriptInteractiveInk-Runtime/MyScriptInteractiveInk_Runtime.modulemap' not found
fatal error: module map file '/Users/andrewallen/Library/Developer/Xcode/DerivedData/InkOS-hihmbestuurshsgyovxqmygopffq/Build/Products/Debug-iphonesimulator/MyScriptInteractiveInk-Runtime/MyScriptInteractiveInk_Runtime.modulemap' not found
fatal error: module map file '/Users/andrewallen/Library/Developer/Xcode/DerivedData/InkOS-hihmbestuurshsgyovxqmygopffq/Build/Products/Debug-iphonesimulator/MyScriptInteractiveInk-Runtime/MyScriptInteractiveInk_Runtime.modulemap' not found
fatal error: module map file '/Users/andrewallen/Library/Developer/Xcode/DerivedData/InkOS-hihmbestuurshsgyovxqmygopffq/Build/Products/Debug-iphonesimulator/MyScriptInteractiveInk-Runtime/MyScriptInteractiveInk_Runtime.modulemap' not found
fatal error: module map file '/Users/andrewallen/Library/Developer/Xcode/DerivedData/InkOS-hihmbestuurshsgyovxqmygopffq/Build/Products/Debug-iphonesimulator/MyScriptInteractiveInk-Runtime/MyScriptInteractiveInk_Runtime.modulemap' not found
fatal error: module map file '/Users/andrewallen/Library/Developer/Xcode/DerivedData/InkOS-hihmbestuurshsgyovxqmygopffq/Build/Products/Debug-iphonesimulator/MyScriptInteractiveInk-Runtime/MyScriptInteractiveInk_Runtime.modulemap' not found
fatal error: module map file '/Users/andrewallen/Library/Developer/Xcode/DerivedData/InkOS-hihmbestuurshsgyovxqmygopffq/Build/Products/Debug-iphonesimulator/MyScriptInteractiveInk-Runtime/MyScriptInteractiveInk_Runtime.modulemap' not found
fatal error: module map file '/Users/andrewallen/Library/Developer/Xcode/DerivedData/InkOS-hihmbestuurshsgyovxqmygopffq/Build/Products/Debug-iphonesimulator/MyScriptInteractiveInk-Runtime/MyScriptInteractiveInk_Runtime.modulemap' not found
fatal error: module map file '/Users/andrewallen/Library/Developer/Xcode/DerivedData/InkOS-hihmbestuurshsgyovxqmygopffq/Build/Products/Debug-iphonesimulator/MyScriptInteractiveInk-Runtime/MyScriptInteractiveInk_Runtime.modulemap' not found
fatal error: module map file '/Users/andrewallen/Library/Developer/Xcode/DerivedData/InkOS-hihmbestuurshsgyovxqmygopffq/Build/Products/Debug-iphonesimulator/MyScriptInteractiveInk-Runtime/MyScriptInteractiveInk_Runtime.modulemap' not found
fatal error: module map file '/Users/andrewallen/Library/Developer/Xcode/DerivedData/InkOS-hihmbestuurshsgyovxqmygopffq/Build/Products/Debug-iphonesimulator/MyScriptInteractiveInk-Runtime/MyScriptInteractiveInk_Runtime.modulemap' not found
fatal error: module map file '/Users/andrewallen/Library/Developer/Xcode/DerivedData/InkOS-hihmbestuurshsgyovxqmygopffq/Build/Products/Debug-iphonesimulator/MyScriptInteractiveInk-Runtime/MyScriptInteractiveInk_Runtime.modulemap' not found
fatal error: module map file '/Users/andrewallen/Library/Developer/Xcode/DerivedData/InkOS-hihmbestuurshsgyovxqmygopffq/Build/Products/Debug-iphonesimulator/MyScriptInteractiveInk-Runtime/MyScriptInteractiveInk_Runtime.modulemap' not found
fatal error: module map file '/Users/andrewallen/Library/Developer/Xcode/DerivedData/InkOS-hihmbestuurshsgyovxqmygopffq/Build/Products/Debug-iphonesimulator/MyScriptInteractiveInk-Runtime/MyScriptInteractiveInk_Runtime.modulemap' not found
fatal error: module map file '/Users/andrewallen/Library/Developer/Xcode/DerivedData/InkOS-hihmbestuurshsgyovxqmygopffq/Build/Products/Debug-iphonesimulator/MyScriptInteractiveInk-Runtime/MyScriptInteractiveInk_Runtime.modulemap' not found
fatal error: module map file '/Users/andrewallen/Library/Developer/Xcode/DerivedData/InkOS-hihmbestuurshsgyovxqmygopffq/Build/Products/Debug-iphonesimulator/MyScriptInteractiveInk-Runtime/MyScriptInteractiveInk_Runtime.modulemap' not found
fatal error: module map file '/Users/andrewallen/Library/Developer/Xcode/DerivedData/InkOS-hihmbestuurshsgyovxqmygopffq/Build/Products/Debug-iphonesimulator/MyScriptInteractiveInk-Runtime/MyScriptInteractiveInk_Runtime.modulemap' not found
fatal error: module map file '/Users/andrewallen/Library/Developer/Xcode/DerivedData/InkOS-hihmbestuurshsgyovxqmygopffq/Build/Products/Debug-iphonesimulator/MyScriptInteractiveInk-Runtime/MyScriptInteractiveInk_Runtime.modulemap' not found
fatal error: module map file '/Users/andrewallen/Library/Developer/Xcode/DerivedData/InkOS-hihmbestuurshsgyovxqmygopffq/Build/Products/Debug-iphonesimulator/MyScriptInteractiveInk-Runtime/MyScriptInteractiveInk_Runtime.modulemap' not found
fatal error: module map file '/Users/andrewallen/Library/Developer/Xcode/DerivedData/InkOS-hihmbestuurshsgyovxqmygopffq/Build/Products/Debug-iphonesimulator/MyScriptInteractiveInk-Runtime/MyScriptInteractiveInk_Runtime.modulemap' not found
fatal error: module map file '/Users/andrewallen/Library/Developer/Xcode/DerivedData/InkOS-hihmbestuurshsgyovxqmygopffq/Build/Products/Debug-iphonesimulator/MyScriptInteractiveInk-Runtime/MyScriptInteractiveInk_Runtime.modulemap' not found
fatal error: module map file '/Users/andrewallen/Library/Developer/Xcode/DerivedData/InkOS-hihmbestuurshsgyovxqmygopffq/Build/Products/Debug-iphonesimulator/MyScriptInteractiveInk-Runtime/MyScriptInteractiveInk_Runtime.modulemap' not found
fatal error: module map file '/Users/andrewallen/Library/Developer/Xcode/DerivedData/InkOS-hihmbestuurshsgyovxqmygopffq/Build/Products/Debug-iphonesimulator/MyScriptInteractiveInk-Runtime/MyScriptInteractiveInk_Runtime.modulemap' not found
fatal error: module map file '/Users/andrewallen/Library/Developer/Xcode/DerivedData/InkOS-hihmbestuurshsgyovxqmygopffq/Build/Products/Debug-iphonesimulator/MyScriptInteractiveInk-Runtime/MyScriptInteractiveInk_Runtime.modulemap' not found
fatal error: module map file '/Users/andrewallen/Library/Developer/Xcode/DerivedData/InkOS-hihmbestuurshsgyovxqmygopffq/Build/Products/Debug-iphonesimulator/MyScriptInteractiveInk-Runtime/MyScriptInteractiveInk_Runtime.modulemap' not found
fatal error: module map file '/Users/andrewallen/Library/Developer/Xcode/DerivedData/InkOS-hihmbestuurshsgyovxqmygopffq/Build/Products/Debug-iphonesimulator/MyScriptInteractiveInk-Runtime/MyScriptInteractiveInk_Runtime.modulemap' not found
fatal error: module map file '/Users/andrewallen/Library/Developer/Xcode/DerivedData/InkOS-hihmbestuurshsgyovxqmygopffq/Build/Products/Debug-iphonesimulator/MyScriptInteractiveInk-Runtime/MyScriptInteractiveInk_Runtime.modulemap' not found
fatal error: module map file '/Users/andrewallen/Library/Developer/Xcode/DerivedData/InkOS-hihmbestuurshsgyovxqmygopffq/Build/Products/Debug-iphonesimulator/MyScriptInteractiveInk-Runtime/MyScriptInteractiveInk_Runtime.modulemap' not found
fatal error: module map file '/Users/andrewallen/Library/Developer/Xcode/DerivedData/InkOS-hihmbestuurshsgyovxqmygopffq/Build/Products/Debug-iphonesimulator/MyScriptInteractiveInk-Runtime/MyScriptInteractiveInk_Runtime.modulemap' not found
fatal error: module map file '/Users/andrewallen/Library/Developer/Xcode/DerivedData/InkOS-hihmbestuurshsgyovxqmygopffq/Build/Products/Debug-iphonesimulator/MyScriptInteractiveInk-Runtime/MyScriptInteractiveInk_Runtime.modulemap' not found
fatal error: module map file '/Users/andrewallen/Library/Developer/Xcode/DerivedData/InkOS-hihmbestuurshsgyovxqmygopffq/Build/Products/Debug-iphonesimulator/MyScriptInteractiveInk-Runtime/MyScriptInteractiveInk_Runtime.modulemap' not found
fatal error: module map file '/Users/andrewallen/Library/Developer/Xcode/DerivedData/InkOS-hihmbestuurshsgyovxqmygopffq/Build/Products/Debug-iphonesimulator/MyScriptInteractiveInk-Runtime/MyScriptInteractiveInk_Runtime.modulemap' not found

error: Module map file '/Users/andrewallen/Library/Developer/Xcode/DerivedData/InkOS-hihmbestuurshsgyovxqmygopffq/Build/Products/Debug-iphonesimulator/MyScriptInteractiveInk-Runtime/MyScriptInteractiveInk_Runtime.modulemap' not found (in target 'InkOS' from project 'InkOS')
error: Module map file '/Users/andrewallen/Library/Developer/Xcode/DerivedData/InkOS-hihmbestuurshsgyovxqmygopffq/Build/Products/Debug-iphonesimulator/MyScriptInteractiveInk-Runtime/MyScriptInteractiveInk_Runtime.modulemap' not found (in target 'InkOS' from project 'InkOS')
error: Clang dependency scanner failure: fatal error: module map file '/Users/andrewallen/Library/Developer/Xcode/DerivedData/InkOS-hihmbestuurshsgyovxqmygopffq/Build/Products/Debug-iphonesimulator/MyScriptInteractiveInk-Runtime/MyScriptInteractiveInk_Runtime.modulemap' not found
fatal error: module map file '/Users/andrewallen/Library/Developer/Xcode/DerivedData/InkOS-hihmbestuurshsgyovxqmygopffq/Build/Products/Debug-iphonesimulator/MyScriptInteractiveInk-Runtime/MyScriptInteractiveInk_Runtime.modulemap' not found
fatal error: module map file '/Users/andrewallen/Library/Developer/Xcode/DerivedData/InkOS-hihmbestuurshsgyovxqmygopffq/Build/Products/Debug-iphonesimulator/MyScriptInteractiveInk-Runtime/MyScriptInteractiveInk_Runtime.modulemap' not found
fatal error: module map file '/Users/andrewallen/Library/Developer/Xcode/DerivedData/InkOS-hihmbestuurshsgyovxqmygopffq/Build/Products/Debug-iphonesimulator/MyScriptInteractiveInk-Runtime/MyScriptInteractiveInk_Runtime.modulemap' not found
fatal error: module map file '/Users/andrewallen/Library/Developer/Xcode/DerivedData/InkOS-hihmbestuurshsgyovxqmygopffq/Build/Products/Debug-iphonesimulator/MyScriptInteractiveInk-Runtime/MyScriptInteractiveInk_Runtime.modulemap' not found
fatal error: module map file '/Users/andrewallen/Library/Developer/Xcode/DerivedData/InkOS-hihmbestuurshsgyovxqmygopffq/Build/Products/Debug-iphonesimulator/MyScriptInteractiveInk-Runtime/MyScriptInteractiveInk_Runtime.modulemap' not found
fatal error: module map file '/Users/andrewallen/Library/Developer/Xcode/DerivedData/InkOS-hihmbestuurshsgyovxqmygopffq/Build/Products/Debug-iphonesimulator/MyScriptInteractiveInk-Runtime/MyScriptInteractiveInk_Runtime.modulemap' not found
fatal error: module map file '/Users/andrewallen/Library/Developer/Xcode/DerivedData/InkOS-hihmbestuurshsgyovxqmygopffq/Build/Products/Debug-iphonesimulator/MyScriptInteractiveInk-Runtime/MyScriptInteractiveInk_Runtime.modulemap' not found
 (in target 'InkOS' from project 'InkOS')
error: Clang dependency scanner failure: fatal error: module map file '/Users/andrewallen/Library/Developer/Xcode/DerivedData/InkOS-hihmbestuurshsgyovxqmygopffq/Build/Products/Debug-iphonesimulator/MyScriptInteractiveInk-Runtime/MyScriptInteractiveInk_Runtime.modulemap' not found
fatal error: module map file '/Users/andrewallen/Library/Developer/Xcode/DerivedData/InkOS-hihmbestuurshsgyovxqmygopffq/Build/Products/Debug-iphonesimulator/MyScriptInteractiveInk-Runtime/MyScriptInteractiveInk_Runtime.modulemap' not found
fatal error: module map file '/Users/andrewallen/Library/Developer/Xcode/DerivedData/InkOS-hihmbestuurshsgyovxqmygopffq/Build/Products/Debug-iphonesimulator/MyScriptInteractiveInk-Runtime/MyScriptInteractiveInk_Runtime.modulemap' not found
fatal error: module map file '/Users/andrewallen/Library/Developer/Xcode/DerivedData/InkOS-hihmbestuurshsgyovxqmygopffq/Build/Products/Debug-iphonesimulator/MyScriptInteractiveInk-Runtime/MyScriptInteractiveInk_Runtime.modulemap' not found
fatal error: module map file '/Users/andrewallen/Library/Developer/Xcode/DerivedData/InkOS-hihmbestuurshsgyovxqmygopffq/Build/Products/Debug-iphonesimulator/MyScriptInteractiveInk-Runtime/MyScriptInteractiveInk_Runtime.modulemap' not found
fatal error: module map file '/Users/andrewallen/Library/Developer/Xcode/DerivedData/InkOS-hihmbestuurshsgyovxqmygopffq/Build/Products/Debug-iphonesimulator/MyScriptInteractiveInk-Runtime/MyScriptInteractiveInk_Runtime.modulemap' not found
fatal error: module map file '/Users/andrewallen/Library/Developer/Xcode/DerivedData/InkOS-hihmbestuurshsgyovxqmygopffq/Build/Products/Debug-iphonesimulator/MyScriptInteractiveInk-Runtime/MyScriptInteractiveInk_Runtime.modulemap' not found
fatal error: module map file '/Users/andrewallen/Library/Developer/Xcode/DerivedData/InkOS-hihmbestuurshsgyovxqmygopffq/Build/Products/Debug-iphonesimulator/MyScriptInteractiveInk-Runtime/MyScriptInteractiveInk_Runtime.modulemap' not found
fatal error: module map file '/Users/andrewallen/Library/Developer/Xcode/DerivedData/InkOS-hihmbestuurshsgyovxqmygopffq/Build/Products/Debug-iphonesimulator/MyScriptInteractiveInk-Runtime/MyScriptInteractiveInk_Runtime.modulemap' not found
 (in target 'InkOS' from project 'InkOS')
error: Clang dependency scanner failure: fatal error: module map file '/Users/andrewallen/Library/Developer/Xcode/DerivedData/InkOS-hihmbestuurshsgyovxqmygopffq/Build/Products/Debug-iphonesimulator/MyScriptInteractiveInk-Runtime/MyScriptInteractiveInk_Runtime.modulemap' not found
fatal error: module map file '/Users/andrewallen/Library/Developer/Xcode/DerivedData/InkOS-hihmbestuurshsgyovxqmygopffq/Build/Products/Debug-iphonesimulator/MyScriptInteractiveInk-Runtime/MyScriptInteractiveInk_Runtime.modulemap' not found
 (in target 'InkOS' from project 'InkOS')
error: Clang dependency scanner failure: fatal error: module map file '/Users/andrewallen/Library/Developer/Xcode/DerivedData/InkOS-hihmbestuurshsgyovxqmygopffq/Build/Products/Debug-iphonesimulator/MyScriptInteractiveInk-Runtime/MyScriptInteractiveInk_Runtime.modulemap' not found
fatal error: module map file '/Users/andrewallen/Library/Developer/Xcode/DerivedData/InkOS-hihmbestuurshsgyovxqmygopffq/Build/Products/Debug-iphonesimulator/MyScriptInteractiveInk-Runtime/MyScriptInteractiveInk_Runtime.modulemap' not found
fatal error: module map file '/Users/andrewallen/Library/Developer/Xcode/DerivedData/InkOS-hihmbestuurshsgyovxqmygopffq/Build/Products/Debug-iphonesimulator/MyScriptInteractiveInk-Runtime/MyScriptInteractiveInk_Runtime.modulemap' not found
fatal error: module map file '/Users/andrewallen/Library/Developer/Xcode/DerivedData/InkOS-hihmbestuurshsgyovxqmygopffq/Build/Products/Debug-iphonesimulator/MyScriptInteractiveInk-Runtime/MyScriptInteractiveInk_Runtime.modulemap' not found
fatal error: module map file '/Users/andrewallen/Library/Developer/Xcode/DerivedData/InkOS-hihmbestuurshsgyovxqmygopffq/Build/Products/Debug-iphonesimulator/MyScriptInteractiveInk-Runtime/MyScriptInteractiveInk_Runtime.modulemap' not found
fatal error: module map file '/Users/andrewallen/Library/Developer/Xcode/DerivedData/InkOS-hihmbestuurshsgyovxqmygopffq/Build/Products/Debug-iphonesimulator/MyScriptInteractiveInk-Runtime/MyScriptInteractiveInk_Runtime.modulemap' not found
fatal error: module map file '/Users/andrewallen/Library/Developer/Xcode/DerivedData/InkOS-hihmbestuurshsgyovxqmygopffq/Build/Products/Debug-iphonesimulator/MyScriptInteractiveInk-Runtime/MyScriptInteractiveInk_Runtime.modulemap' not found
fatal error: module map file '/Users/andrewallen/Library/Developer/Xcode/DerivedData/InkOS-hihmbestuurshsgyovxqmygopffq/Build/Products/Debug-iphonesimulator/MyScriptInteractiveInk-Runtime/MyScriptInteractiveInk_Runtime.modulemap' not found
fatal error: module map file '/Users/andrewallen/Library/Developer/Xcode/DerivedData/InkOS-hihmbestuurshsgyovxqmygopffq/Build/Products/Debug-iphonesimulator/MyScriptInteractiveInk-Runtime/MyScriptInteractiveInk_Runtime.modulemap' not found
fatal error: module map file '/Users/andrewallen/Library/Developer/Xcode/DerivedData/InkOS-hihmbestuurshsgyovxqmygopffq/Build/Products/Debug-iphonesimulator/MyScriptInteractiveInk-Runtime/MyScriptInteractiveInk_Runtime.modulemap' not found
fatal error: module map file '/Users/andrewallen/Library/Developer/Xcode/DerivedData/InkOS-hihmbestuurshsgyovxqmygopffq/Build/Products/Debug-iphonesimulator/MyScriptInteractiveInk-Runtime/MyScriptInteractiveInk_Runtime.modulemap' not found
fatal error: module map file '/Users/andrewallen/Library/Developer/Xcode/DerivedData/InkOS-hihmbestuurshsgyovxqmygopffq/Build/Products/Debug-iphonesimulator/MyScriptInteractiveInk-Runtime/MyScriptInteractiveInk_Runtime.modulemap' not found
fatal error: module map file '/Users/andrewallen/Library/Developer/Xcode/DerivedData/InkOS-hihmbestuurshsgyovxqmygopffq/Build/Products/Debug-iphonesimulator/MyScriptInteractiveInk-Runtime/MyScriptInteractiveInk_Runtime.modulemap' not found
 (in target 'InkOS' from project 'InkOS')
error: Clang dependency scanner failure: fatal error: module map file '/Users/andrewallen/Library/Developer/Xcode/DerivedData/InkOS-hihmbestuurshsgyovxqmygopffq/Build/Products/Debug-iphonesimulator/MyScriptInteractiveInk-Runtime/MyScriptInteractiveInk_Runtime.modulemap' not found
fatal error: module map file '/Users/andrewallen/Library/Developer/Xcode/DerivedData/InkOS-hihmbestuurshsgyovxqmygopffq/Build/Products/Debug-iphonesimulator/MyScriptInteractiveInk-Runtime/MyScriptInteractiveInk_Runtime.modulemap' not found
fatal error: module map file '/Users/andrewallen/Library/Developer/Xcode/DerivedData/InkOS-hihmbestuurshsgyovxqmygopffq/Build/Products/Debug-iphonesimulator/MyScriptInteractiveInk-Runtime/MyScriptInteractiveInk_Runtime.modulemap' not found
fatal error: module map file '/Users/andrewallen/Library/Developer/Xcode/DerivedData/InkOS-hihmbestuurshsgyovxqmygopffq/Build/Products/Debug-iphonesimulator/MyScriptInteractiveInk-Runtime/MyScriptInteractiveInk_Runtime.modulemap' not found
fatal error: module map file '/Users/andrewallen/Library/Developer/Xcode/DerivedData/InkOS-hihmbestuurshsgyovxqmygopffq/Build/Products/Debug-iphonesimulator/MyScriptInteractiveInk-Runtime/MyScriptInteractiveInk_Runtime.modulemap' not found
fatal error: module map file '/Users/andrewallen/Library/Developer/Xcode/DerivedData/InkOS-hihmbestuurshsgyovxqmygopffq/Build/Products/Debug-iphonesimulator/MyScriptInteractiveInk-Runtime/MyScriptInteractiveInk_Runtime.modulemap' not found
fatal error: module map file '/Users/andrewallen/Library/Developer/Xcode/DerivedData/InkOS-hihmbestuurshsgyovxqmygopffq/Build/Products/Debug-iphonesimulator/MyScriptInteractiveInk-Runtime/MyScriptInteractiveInk_Runtime.modulemap' not found
fatal error: module map file '/Users/andrewallen/Library/Developer/Xcode/DerivedData/InkOS-hihmbestuurshsgyovxqmygopffq/Build/Products/Debug-iphonesimulator/MyScriptInteractiveInk-Runtime/MyScriptInteractiveInk_Runtime.modulemap' not found
fatal error: module map file '/Users/andrewallen/Library/Developer/Xcode/DerivedData/InkOS-hihmbestuurshsgyovxqmygopffq/Build/Products/Debug-iphonesimulator/MyScriptInteractiveInk-Runtime/MyScriptInteractiveInk_Runtime.modulemap' not found
fatal error: module map file '/Users/andrewallen/Library/Developer/Xcode/DerivedData/InkOS-hihmbestuurshsgyovxqmygopffq/Build/Products/Debug-iphonesimulator/MyScriptInteractiveInk-Runtime/MyScriptInteractiveInk_Runtime.modulemap' not found
fatal error: module map file '/Users/andrewallen/Library/Developer/Xcode/DerivedData/InkOS-hihmbestuurshsgyovxqmygopffq/Build/Products/Debug-iphonesimulator/MyScriptInteractiveInk-Runtime/MyScriptInteractiveInk_Runtime.modulemap' not found
fatal error: module map file '/Users/andrewallen/Library/Developer/Xcode/DerivedData/InkOS-hihmbestuurshsgyovxqmygopffq/Build/Products/Debug-iphonesimulator/MyScriptInteractiveInk-Runtime/MyScriptInteractiveInk_Runtime.modulemap' not found
fatal error: module map file '/Users/andrewallen/Library/Developer/Xcode/DerivedData/InkOS-hihmbestuurshsgyovxqmygopffq/Build/Products/Debug-iphonesimulator/MyScriptInteractiveInk-Runtime/MyScriptInteractiveInk_Runtime.modulemap' not found
fatal error: module map file '/Users/andrewallen/Library/Developer/Xcode/DerivedData/InkOS-hihmbestuurshsgyovxqmygopffq/Build/Products/Debug-iphonesimulator/MyScriptInteractiveInk-Runtime/MyScriptInteractiveInk_Runtime.modulemap' not found
fatal error: module map file '/Users/andrewallen/Library/Developer/Xcode/DerivedData/InkOS-hihmbestuurshsgyovxqmygopffq/Build/Products/Debug-iphonesimulator/MyScriptInteractiveInk-Runtime/MyScriptInteractiveInk_Runtime.modulemap' not found
fatal error: module map file '/Users/andrewallen/Library/Developer/Xcode/DerivedData/InkOS-hihmbestuurshsgyovxqmygopffq/Build/Products/Debug-iphonesimulator/MyScriptInteractiveInk-Runtime/MyScriptInteractiveInk_Runtime.modulemap' not found
fatal error: module map file '/Users/andrewallen/Library/Developer/Xcode/DerivedData/InkOS-hihmbestuurshsgyovxqmygopffq/Build/Products/Debug-iphonesimulator/MyScriptInteractiveInk-Runtime/MyScriptInteractiveInk_Runtime.modulemap' not found
 (in target 'InkOS' from project 'InkOS')
error: Clang dependency scanner failure: fatal error: module map file '/Users/andrewallen/Library/Developer/Xcode/DerivedData/InkOS-hihmbestuurshsgyovxqmygopffq/Build/Products/Debug-iphonesimulator/MyScriptInteractiveInk-Runtime/MyScriptInteractiveInk_Runtime.modulemap' not found
fatal error: module map file '/Users/andrewallen/Library/Developer/Xcode/DerivedData/InkOS-hihmbestuurshsgyovxqmygopffq/Build/Products/Debug-iphonesimulator/MyScriptInteractiveInk-Runtime/MyScriptInteractiveInk_Runtime.modulemap' not found
fatal error: module map file '/Users/andrewallen/Library/Developer/Xcode/DerivedData/InkOS-hihmbestuurshsgyovxqmygopffq/Build/Products/Debug-iphonesimulator/MyScriptInteractiveInk-Runtime/MyScriptInteractiveInk_Runtime.modulemap' not found
fatal error: module map file '/Users/andrewallen/Library/Developer/Xcode/DerivedData/InkOS-hihmbestuurshsgyovxqmygopffq/Build/Products/Debug-iphonesimulator/MyScriptInteractiveInk-Runtime/MyScriptInteractiveInk_Runtime.modulemap' not found
fatal error: module map file '/Users/andrewallen/Library/Developer/Xcode/DerivedData/InkOS-hihmbestuurshsgyovxqmygopffq/Build/Products/Debug-iphonesimulator/MyScriptInteractiveInk-Runtime/MyScriptInteractiveInk_Runtime.modulemap' not found
fatal error: module map file '/Users/andrewallen/Library/Developer/Xcode/DerivedData/InkOS-hihmbestuurshsgyovxqmygopffq/Build/Products/Debug-iphonesimulator/MyScriptInteractiveInk-Runtime/MyScriptInteractiveInk_Runtime.modulemap' not found
fatal error: module map file '/Users/andrewallen/Library/Developer/Xcode/DerivedData/InkOS-hihmbestuurshsgyovxqmygopffq/Build/Products/Debug-iphonesimulator/MyScriptInteractiveInk-Runtime/MyScriptInteractiveInk_Runtime.modulemap' not found
fatal error: module map file '/Users/andrewallen/Library/Developer/Xcode/DerivedData/InkOS-hihmbestuurshsgyovxqmygopffq/Build/Products/Debug-iphonesimulator/MyScriptInteractiveInk-Runtime/MyScriptInteractiveInk_Runtime.modulemap' not found
fatal error: module map file '/Users/andrewallen/Library/Developer/Xcode/DerivedData/InkOS-hihmbestuurshsgyovxqmygopffq/Build/Products/Debug-iphonesimulator/MyScriptInteractiveInk-Runtime/MyScriptInteractiveInk_Runtime.modulemap' not found
fatal error: module map file '/Users/andrewallen/Library/Developer/Xcode/DerivedData/InkOS-hihmbestuurshsgyovxqmygopffq/Build/Products/Debug-iphonesimulator/MyScriptInteractiveInk-Runtime/MyScriptInteractiveInk_Runtime.modulemap' not found
fatal error: module map file '/Users/andrewallen/Library/Developer/Xcode/DerivedData/InkOS-hihmbestuurshsgyovxqmygopffq/Build/Products/Debug-iphonesimulator/MyScriptInteractiveInk-Runtime/MyScriptInteractiveInk_Runtime.modulemap' not found
fatal error: module map file '/Users/andrewallen/Library/Developer/Xcode/DerivedData/InkOS-hihmbestuurshsgyovxqmygopffq/Build/Products/Debug-iphonesimulator/MyScriptInteractiveInk-Runtime/MyScriptInteractiveInk_Runtime.modulemap' not found
fatal error: module map file '/Users/andrewallen/Library/Developer/Xcode/DerivedData/InkOS-hihmbestuurshsgyovxqmygopffq/Build/Products/Debug-iphonesimulator/MyScriptInteractiveInk-Runtime/MyScriptInteractiveInk_Runtime.modulemap' not found
fatal error: module map file '/Users/andrewallen/Library/Developer/Xcode/DerivedData/InkOS-hihmbestuurshsgyovxqmygopffq/Build/Products/Debug-iphonesimulator/MyScriptInteractiveInk-Runtime/MyScriptInteractiveInk_Runtime.modulemap' not found
fatal error: module map file '/Users/andrewallen/Library/Developer/Xcode/DerivedData/InkOS-hihmbestuurshsgyovxqmygopffq/Build/Products/Debug-iphonesimulator/MyScriptInteractiveInk-Runtime/MyScriptInteractiveInk_Runtime.modulemap' not found
fatal error: module map file '/Users/andrewallen/Library/Developer/Xcode/DerivedData/InkOS-hihmbestuurshsgyovxqmygopffq/Build/Products/Debug-iphonesimulator/MyScriptInteractiveInk-Runtime/MyScriptInteractiveInk_Runtime.modulemap' not found
fatal error: module map file '/Users/andrewallen/Library/Developer/Xcode/DerivedData/InkOS-hihmbestuurshsgyovxqmygopffq/Build/Products/Debug-iphonesimulator/MyScriptInteractiveInk-Runtime/MyScriptInteractiveInk_Runtime.modulemap' not found
fatal error: module map file '/Users/andrewallen/Library/Developer/Xcode/DerivedData/InkOS-hihmbestuurshsgyovxqmygopffq/Build/Products/Debug-iphonesimulator/MyScriptInteractiveInk-Runtime/MyScriptInteractiveInk_Runtime.modulemap' not found
fatal error: module map file '/Users/andrewallen/Library/Developer/Xcode/DerivedData/InkOS-hihmbestuurshsgyovxqmygopffq/Build/Products/Debug-iphonesimulator/MyScriptInteractiveInk-Runtime/MyScriptInteractiveInk_Runtime.modulemap' not found
fatal error: module map file '/Users/andrewallen/Library/Developer/Xcode/DerivedData/InkOS-hihmbestuurshsgyovxqmygopffq/Build/Products/Debug-iphonesimulator/MyScriptInteractiveInk-Runtime/MyScriptInteractiveInk_Runtime.modulemap' not found
fatal error: module map file '/Users/andrewallen/Library/Developer/Xcode/DerivedData/InkOS-hihmbestuurshsgyovxqmygopffq/Build/Products/Debug-iphonesimulator/MyScriptInteractiveInk-Runtime/MyScriptInteractiveInk_Runtime.modulemap' not found
 (in target 'InkOS' from project 'InkOS')
error: Clang dependency scanner failure: fatal error: module map file '/Users/andrewallen/Library/Developer/Xcode/DerivedData/InkOS-hihmbestuurshsgyovxqmygopffq/Build/Products/Debug-iphonesimulator/MyScriptInteractiveInk-Runtime/MyScriptInteractiveInk_Runtime.modulemap' not found
fatal error: module map file '/Users/andrewallen/Library/Developer/Xcode/DerivedData/InkOS-hihmbestuurshsgyovxqmygopffq/Build/Products/Debug-iphonesimulator/MyScriptInteractiveInk-Runtime/MyScriptInteractiveInk_Runtime.modulemap' not found
fatal error: module map file '/Users/andrewallen/Library/Developer/Xcode/DerivedData/InkOS-hihmbestuurshsgyovxqmygopffq/Build/Products/Debug-iphonesimulator/MyScriptInteractiveInk-Runtime/MyScriptInteractiveInk_Runtime.modulemap' not found
fatal error: module map file '/Users/andrewallen/Library/Developer/Xcode/DerivedData/InkOS-hihmbestuurshsgyovxqmygopffq/Build/Products/Debug-iphonesimulator/MyScriptInteractiveInk-Runtime/MyScriptInteractiveInk_Runtime.modulemap' not found
fatal error: module map file '/Users/andrewallen/Library/Developer/Xcode/DerivedData/InkOS-hihmbestuurshsgyovxqmygopffq/Build/Products/Debug-iphonesimulator/MyScriptInteractiveInk-Runtime/MyScriptInteractiveInk_Runtime.modulemap' not found
fatal error: module map file '/Users/andrewallen/Library/Developer/Xcode/DerivedData/InkOS-hihmbestuurshsgyovxqmygopffq/Build/Products/Debug-iphonesimulator/MyScriptInteractiveInk-Runtime/MyScriptInteractiveInk_Runtime.modulemap' not found
fatal error: module map file '/Users/andrewallen/Library/Developer/Xcode/DerivedData/InkOS-hihmbestuurshsgyovxqmygopffq/Build/Products/Debug-iphonesimulator/MyScriptInteractiveInk-Runtime/MyScriptInteractiveInk_Runtime.modulemap' not found
fatal error: module map file '/Users/andrewallen/Library/Developer/Xcode/DerivedData/InkOS-hihmbestuurshsgyovxqmygopffq/Build/Products/Debug-iphonesimulator/MyScriptInteractiveInk-Runtime/MyScriptInteractiveInk_Runtime.modulemap' not found
fatal error: module map file '/Users/andrewallen/Library/Developer/Xcode/DerivedData/InkOS-hihmbestuurshsgyovxqmygopffq/Build/Products/Debug-iphonesimulator/MyScriptInteractiveInk-Runtime/MyScriptInteractiveInk_Runtime.modulemap' not found
fatal error: module map file '/Users/andrewallen/Library/Developer/Xcode/DerivedData/InkOS-hihmbestuurshsgyovxqmygopffq/Build/Products/Debug-iphonesimulator/MyScriptInteractiveInk-Runtime/MyScriptInteractiveInk_Runtime.modulemap' not found
fatal error: module map file '/Users/andrewallen/Library/Developer/Xcode/DerivedData/InkOS-hihmbestuurshsgyovxqmygopffq/Build/Products/Debug-iphonesimulator/MyScriptInteractiveInk-Runtime/MyScriptInteractiveInk_Runtime.modulemap' not found
fatal error: module map file '/Users/andrewallen/Library/Developer/Xcode/DerivedData/InkOS-hihmbestuurshsgyovxqmygopffq/Build/Products/Debug-iphonesimulator/MyScriptInteractiveInk-Runtime/MyScriptInteractiveInk_Runtime.modulemap' not found
fatal error: module map file '/Users/andrewallen/Library/Developer/Xcode/DerivedData/InkOS-hihmbestuurshsgyovxqmygopffq/Build/Products/Debug-iphonesimulator/MyScriptInteractiveInk-Runtime/MyScriptInteractiveInk_Runtime.modulemap' not found
fatal error: module map file '/Users/andrewallen/Library/Developer/Xcode/DerivedData/InkOS-hihmbestuurshsgyovxqmygopffq/Build/Products/Debug-iphonesimulator/MyScriptInteractiveInk-Runtime/MyScriptInteractiveInk_Runtime.modulemap' not found
fatal error: module map file '/Users/andrewallen/Library/Developer/Xcode/DerivedData/InkOS-hihmbestuurshsgyovxqmygopffq/Build/Products/Debug-iphonesimulator/MyScriptInteractiveInk-Runtime/MyScriptInteractiveInk_Runtime.modulemap' not found
fatal error: module map file '/Users/andrewallen/Library/Developer/Xcode/DerivedData/InkOS-hihmbestuurshsgyovxqmygopffq/Build/Products/Debug-iphonesimulator/MyScriptInteractiveInk-Runtime/MyScriptInteractiveInk_Runtime.modulemap' not found
fatal error: module map file '/Users/andrewallen/Library/Developer/Xcode/DerivedData/InkOS-hihmbestuurshsgyovxqmygopffq/Build/Products/Debug-iphonesimulator/MyScriptInteractiveInk-Runtime/MyScriptInteractiveInk_Runtime.modulemap' not found
fatal error: module map file '/Users/andrewallen/Library/Developer/Xcode/DerivedData/InkOS-hihmbestuurshsgyovxqmygopffq/Build/Products/Debug-iphonesimulator/MyScriptInteractiveInk-Runtime/MyScriptInteractiveInk_Runtime.modulemap' not found
fatal error: module map file '/Users/andrewallen/Library/Developer/Xcode/DerivedData/InkOS-hihmbestuurshsgyovxqmygopffq/Build/Products/Debug-iphonesimulator/MyScriptInteractiveInk-Runtime/MyScriptInteractiveInk_Runtime.modulemap' not found
fatal error: module map file '/Users/andrewallen/Library/Developer/Xcode/DerivedData/InkOS-hihmbestuurshsgyovxqmygopffq/Build/Products/Debug-iphonesimulator/MyScriptInteractiveInk-Runtime/MyScriptInteractiveInk_Runtime.modulemap' not found
 (in target 'InkOS' from project 'InkOS')
error: Clang dependency scanner failure: fatal error: module map file '/Users/andrewallen/Library/Developer/Xcode/DerivedData/InkOS-hihmbestuurshsgyovxqmygopffq/Build/Products/Debug-iphonesimulator/MyScriptInteractiveInk-Runtime/MyScriptInteractiveInk_Runtime.modulemap' not found
fatal error: module map file '/Users/andrewallen/Library/Developer/Xcode/DerivedData/InkOS-hihmbestuurshsgyovxqmygopffq/Build/Products/Debug-iphonesimulator/MyScriptInteractiveInk-Runtime/MyScriptInteractiveInk_Runtime.modulemap' not found
fatal error: module map file '/Users/andrewallen/Library/Developer/Xcode/DerivedData/InkOS-hihmbestuurshsgyovxqmygopffq/Build/Products/Debug-iphonesimulator/MyScriptInteractiveInk-Runtime/MyScriptInteractiveInk_Runtime.modulemap' not found
fatal error: module map file '/Users/andrewallen/Library/Developer/Xcode/DerivedData/InkOS-hihmbestuurshsgyovxqmygopffq/Build/Products/Debug-iphonesimulator/MyScriptInteractiveInk-Runtime/MyScriptInteractiveInk_Runtime.modulemap' not found
fatal error: module map file '/Users/andrewallen/Library/Developer/Xcode/DerivedData/InkOS-hihmbestuurshsgyovxqmygopffq/Build/Products/Debug-iphonesimulator/MyScriptInteractiveInk-Runtime/MyScriptInteractiveInk_Runtime.modulemap' not found
fatal error: module map file '/Users/andrewallen/Library/Developer/Xcode/DerivedData/InkOS-hihmbestuurshsgyovxqmygopffq/Build/Products/Debug-iphonesimulator/MyScriptInteractiveInk-Runtime/MyScriptInteractiveInk_Runtime.modulemap' not found
fatal error: module map file '/Users/andrewallen/Library/Developer/Xcode/DerivedData/InkOS-hihmbestuurshsgyovxqmygopffq/Build/Products/Debug-iphonesimulator/MyScriptInteractiveInk-Runtime/MyScriptInteractiveInk_Runtime.modulemap' not found
fatal error: module map file '/Users/andrewallen/Library/Developer/Xcode/DerivedData/InkOS-hihmbestuurshsgyovxqmygopffq/Build/Products/Debug-iphonesimulator/MyScriptInteractiveInk-Runtime/MyScriptInteractiveInk_Runtime.modulemap' not found
fatal error: module map file '/Users/andrewallen/Library/Developer/Xcode/DerivedData/InkOS-hihmbestuurshsgyovxqmygopffq/Build/Products/Debug-iphonesimulator/MyScriptInteractiveInk-Runtime/MyScriptInteractiveInk_Runtime.modulemap' not found
fatal error: module map file '/Users/andrewallen/Library/Developer/Xcode/DerivedData/InkOS-hihmbestuurshsgyovxqmygopffq/Build/Products/Debug-iphonesimulator/MyScriptInteractiveInk-Runtime/MyScriptInteractiveInk_Runtime.modulemap' not found
fatal error: module map file '/Users/andrewallen/Library/Developer/Xcode/DerivedData/InkOS-hihmbestuurshsgyovxqmygopffq/Build/Products/Debug-iphonesimulator/MyScriptInteractiveInk-Runtime/MyScriptInteractiveInk_Runtime.modulemap' not found
fatal error: module map file '/Users/andrewallen/Library/Developer/Xcode/DerivedData/InkOS-hihmbestuurshsgyovxqmygopffq/Build/Products/Debug-iphonesimulator/MyScriptInteractiveInk-Runtime/MyScriptInteractiveInk_Runtime.modulemap' not found
fatal error: module map file '/Users/andrewallen/Library/Developer/Xcode/DerivedData/InkOS-hihmbestuurshsgyovxqmygopffq/Build/Products/Debug-iphonesimulator/MyScriptInteractiveInk-Runtime/MyScriptInteractiveInk_Runtime.modulemap' not found
fatal error: module map file '/Users/andrewallen/Library/Developer/Xcode/DerivedData/InkOS-hihmbestuurshsgyovxqmygopffq/Build/Products/Debug-iphonesimulator/MyScriptInteractiveInk-Runtime/MyScriptInteractiveInk_Runtime.modulemap' not found
fatal error: module map file '/Users/andrewallen/Library/Developer/Xcode/DerivedData/InkOS-hihmbestuurshsgyovxqmygopffq/Build/Products/Debug-iphonesimulator/MyScriptInteractiveInk-Runtime/MyScriptInteractiveInk_Runtime.modulemap' not found
fatal error: module map file '/Users/andrewallen/Library/Developer/Xcode/DerivedData/InkOS-hihmbestuurshsgyovxqmygopffq/Build/Products/Debug-iphonesimulator/MyScriptInteractiveInk-Runtime/MyScriptInteractiveInk_Runtime.modulemap' not found
fatal error: module map file '/Users/andrewallen/Library/Developer/Xcode/DerivedData/InkOS-hihmbestuurshsgyovxqmygopffq/Build/Products/Debug-iphonesimulator/MyScriptInteractiveInk-Runtime/MyScriptInteractiveInk_Runtime.modulemap' not found
fatal error: module map file '/Users/andrewallen/Library/Developer/Xcode/DerivedData/InkOS-hihmbestuurshsgyovxqmygopffq/Build/Products/Debug-iphonesimulator/MyScriptInteractiveInk-Runtime/MyScriptInteractiveInk_Runtime.modulemap' not found
fatal error: module map file '/Users/andrewallen/Library/Developer/Xcode/DerivedData/InkOS-hihmbestuurshsgyovxqmygopffq/Build/Products/Debug-iphonesimulator/MyScriptInteractiveInk-Runtime/MyScriptInteractiveInk_Runtime.modulemap' not found
fatal error: module map file '/Users/andrewallen/Library/Developer/Xcode/DerivedData/InkOS-hihmbestuurshsgyovxqmygopffq/Build/Products/Debug-iphonesimulator/MyScriptInteractiveInk-Runtime/MyScriptInteractiveInk_Runtime.modulemap' not found
fatal error: module map file '/Users/andrewallen/Library/Developer/Xcode/DerivedData/InkOS-hihmbestuurshsgyovxqmygopffq/Build/Products/Debug-iphonesimulator/MyScriptInteractiveInk-Runtime/MyScriptInteractiveInk_Runtime.modulemap' not found
fatal error: module map file '/Users/andrewallen/Library/Developer/Xcode/DerivedData/InkOS-hihmbestuurshsgyovxqmygopffq/Build/Products/Debug-iphonesimulator/MyScriptInteractiveInk-Runtime/MyScriptInteractiveInk_Runtime.modulemap' not found
fatal error: module map file '/Users/andrewallen/Library/Developer/Xcode/DerivedData/InkOS-hihmbestuurshsgyovxqmygopffq/Build/Products/Debug-iphonesimulator/MyScriptInteractiveInk-Runtime/MyScriptInteractiveInk_Runtime.modulemap' not found
fatal error: module map file '/Users/andrewallen/Library/Developer/Xcode/DerivedData/InkOS-hihmbestuurshsgyovxqmygopffq/Build/Products/Debug-iphonesimulator/MyScriptInteractiveInk-Runtime/MyScriptInteractiveInk_Runtime.modulemap' not found
fatal error: module map file '/Users/andrewallen/Library/Developer/Xcode/DerivedData/InkOS-hihmbestuurshsgyovxqmygopffq/Build/Products/Debug-iphonesimulator/MyScriptInteractiveInk-Runtime/MyScriptInteractiveInk_Runtime.modulemap' not found
fatal error: module map file '/Users/andrewallen/Library/Developer/Xcode/DerivedData/InkOS-hihmbestuurshsgyovxqmygopffq/Build/Products/Debug-iphonesimulator/MyScriptInteractiveInk-Runtime/MyScriptInteractiveInk_Runtime.modulemap' not found
fatal error: module map file '/Users/andrewallen/Library/Developer/Xcode/DerivedData/InkOS-hihmbestuurshsgyovxqmygopffq/Build/Products/Debug-iphonesimulator/MyScriptInteractiveInk-Runtime/MyScriptInteractiveInk_Runtime.modulemap' not found
fatal error: module map file '/Users/andrewallen/Library/Developer/Xcode/DerivedData/InkOS-hihmbestuurshsgyovxqmygopffq/Build/Products/Debug-iphonesimulator/MyScriptInteractiveInk-Runtime/MyScriptInteractiveInk_Runtime.modulemap' not found
 (in target 'InkOS' from project 'InkOS')
error: Clang dependency scanner failure: fatal error: module map file '/Users/andrewallen/Library/Developer/Xcode/DerivedData/InkOS-hihmbestuurshsgyovxqmygopffq/Build/Products/Debug-iphonesimulator/MyScriptInteractiveInk-Runtime/MyScriptInteractiveInk_Runtime.modulemap' not found
fatal error: module map file '/Users/andrewallen/Library/Developer/Xcode/DerivedData/InkOS-hihmbestuurshsgyovxqmygopffq/Build/Products/Debug-iphonesimulator/MyScriptInteractiveInk-Runtime/MyScriptInteractiveInk_Runtime.modulemap' not found
fatal error: module map file '/Users/andrewallen/Library/Developer/Xcode/DerivedData/InkOS-hihmbestuurshsgyovxqmygopffq/Build/Products/Debug-iphonesimulator/MyScriptInteractiveInk-Runtime/MyScriptInteractiveInk_Runtime.modulemap' not found
fatal error: module map file '/Users/andrewallen/Library/Developer/Xcode/DerivedData/InkOS-hihmbestuurshsgyovxqmygopffq/Build/Products/Debug-iphonesimulator/MyScriptInteractiveInk-Runtime/MyScriptInteractiveInk_Runtime.modulemap' not found
fatal error: module map file '/Users/andrewallen/Library/Developer/Xcode/DerivedData/InkOS-hihmbestuurshsgyovxqmygopffq/Build/Products/Debug-iphonesimulator/MyScriptInteractiveInk-Runtime/MyScriptInteractiveInk_Runtime.modulemap' not found
fatal error: module map file '/Users/andrewallen/Library/Developer/Xcode/DerivedData/InkOS-hihmbestuurshsgyovxqmygopffq/Build/Products/Debug-iphonesimulator/MyScriptInteractiveInk-Runtime/MyScriptInteractiveInk_Runtime.modulemap' not found
fatal error: module map file '/Users/andrewallen/Library/Developer/Xcode/DerivedData/InkOS-hihmbestuurshsgyovxqmygopffq/Build/Products/Debug-iphonesimulator/MyScriptInteractiveInk-Runtime/MyScriptInteractiveInk_Runtime.modulemap' not found
fatal error: module map file '/Users/andrewallen/Library/Developer/Xcode/DerivedData/InkOS-hihmbestuurshsgyovxqmygopffq/Build/Products/Debug-iphonesimulator/MyScriptInteractiveInk-Runtime/MyScriptInteractiveInk_Runtime.modulemap' not found
fatal error: module map file '/Users/andrewallen/Library/Developer/Xcode/DerivedData/InkOS-hihmbestuurshsgyovxqmygopffq/Build/Products/Debug-iphonesimulator/MyScriptInteractiveInk-Runtime/MyScriptInteractiveInk_Runtime.modulemap' not found
fatal error: module map file '/Users/andrewallen/Library/Developer/Xcode/DerivedData/InkOS-hihmbestuurshsgyovxqmygopffq/Build/Products/Debug-iphonesimulator/MyScriptInteractiveInk-Runtime/MyScriptInteractiveInk_Runtime.modulemap' not found
fatal error: module map file '/Users/andrewallen/Library/Developer/Xcode/DerivedData/InkOS-hihmbestuurshsgyovxqmygopffq/Build/Products/Debug-iphonesimulator/MyScriptInteractiveInk-Runtime/MyScriptInteractiveInk_Runtime.modulemap' not found
fatal error: module map file '/Users/andrewallen/Library/Developer/Xcode/DerivedData/InkOS-hihmbestuurshsgyovxqmygopffq/Build/Products/Debug-iphonesimulator/MyScriptInteractiveInk-Runtime/MyScriptInteractiveInk_Runtime.modulemap' not found
fatal error: module map file '/Users/andrewallen/Library/Developer/Xcode/DerivedData/InkOS-hihmbestuurshsgyovxqmygopffq/Build/Products/Debug-iphonesimulator/MyScriptInteractiveInk-Runtime/MyScriptInteractiveInk_Runtime.modulemap' not found
fatal error: module map file '/Users/andrewallen/Library/Developer/Xcode/DerivedData/InkOS-hihmbestuurshsgyovxqmygopffq/Build/Products/Debug-iphonesimulator/MyScriptInteractiveInk-Runtime/MyScriptInteractiveInk_Runtime.modulemap' not found
fatal error: module map file '/Users/andrewallen/Library/Developer/Xcode/DerivedData/InkOS-hihmbestuurshsgyovxqmygopffq/Build/Products/Debug-iphonesimulator/MyScriptInteractiveInk-Runtime/MyScriptInteractiveInk_Runtime.modulemap' not found
fatal error: module map file '/Users/andrewallen/Library/Developer/Xcode/DerivedData/InkOS-hihmbestuurshsgyovxqmygopffq/Build/Products/Debug-iphonesimulator/MyScriptInteractiveInk-Runtime/MyScriptInteractiveInk_Runtime.modulemap' not found
fatal error: module map file '/Users/andrewallen/Library/Developer/Xcode/DerivedData/InkOS-hihmbestuurshsgyovxqmygopffq/Build/Products/Debug-iphonesimulator/MyScriptInteractiveInk-Runtime/MyScriptInteractiveInk_Runtime.modulemap' not found
fatal error: module map file '/Users/andrewallen/Library/Developer/Xcode/DerivedData/InkOS-hihmbestuurshsgyovxqmygopffq/Build/Products/Debug-iphonesimulator/MyScriptInteractiveInk-Runtime/MyScriptInteractiveInk_Runtime.modulemap' not found
fatal error: module map file '/Users/andrewallen/Library/Developer/Xcode/DerivedData/InkOS-hihmbestuurshsgyovxqmygopffq/Build/Products/Debug-iphonesimulator/MyScriptInteractiveInk-Runtime/MyScriptInteractiveInk_Runtime.modulemap' not found
fatal error: module map file '/Users/andrewallen/Library/Developer/Xcode/DerivedData/InkOS-hihmbestuurshsgyovxqmygopffq/Build/Products/Debug-iphonesimulator/MyScriptInteractiveInk-Runtime/MyScriptInteractiveInk_Runtime.modulemap' not found
fatal error: module map file '/Users/andrewallen/Library/Developer/Xcode/DerivedData/InkOS-hihmbestuurshsgyovxqmygopffq/Build/Products/Debug-iphonesimulator/MyScriptInteractiveInk-Runtime/MyScriptInteractiveInk_Runtime.modulemap' not found
 (in target 'InkOS' from project 'InkOS')
error: Clang dependency scanner failure: fatal error: module map file '/Users/andrewallen/Library/Developer/Xcode/DerivedData/InkOS-hihmbestuurshsgyovxqmygopffq/Build/Products/Debug-iphonesimulator/MyScriptInteractiveInk-Runtime/MyScriptInteractiveInk_Runtime.modulemap' not found
fatal error: module map file '/Users/andrewallen/Library/Developer/Xcode/DerivedData/InkOS-hihmbestuurshsgyovxqmygopffq/Build/Products/Debug-iphonesimulator/MyScriptInteractiveInk-Runtime/MyScriptInteractiveInk_Runtime.modulemap' not found
fatal error: module map file '/Users/andrewallen/Library/Developer/Xcode/DerivedData/InkOS-hihmbestuurshsgyovxqmygopffq/Build/Products/Debug-iphonesimulator/MyScriptInteractiveInk-Runtime/MyScriptInteractiveInk_Runtime.modulemap' not found
fatal error: module map file '/Users/andrewallen/Library/Developer/Xcode/DerivedData/InkOS-hihmbestuurshsgyovxqmygopffq/Build/Products/Debug-iphonesimulator/MyScriptInteractiveInk-Runtime/MyScriptInteractiveInk_Runtime.modulemap' not found
fatal error: module map file '/Users/andrewallen/Library/Developer/Xcode/DerivedData/InkOS-hihmbestuurshsgyovxqmygopffq/Build/Products/Debug-iphonesimulator/MyScriptInteractiveInk-Runtime/MyScriptInteractiveInk_Runtime.modulemap' not found
fatal error: module map file '/Users/andrewallen/Library/Developer/Xcode/DerivedData/InkOS-hihmbestuurshsgyovxqmygopffq/Build/Products/Debug-iphonesimulator/MyScriptInteractiveInk-Runtime/MyScriptInteractiveInk_Runtime.modulemap' not found
fatal error: module map file '/Users/andrewallen/Library/Developer/Xcode/DerivedData/InkOS-hihmbestuurshsgyovxqmygopffq/Build/Products/Debug-iphonesimulator/MyScriptInteractiveInk-Runtime/MyScriptInteractiveInk_Runtime.modulemap' not found
fatal error: module map file '/Users/andrewallen/Library/Developer/Xcode/DerivedData/InkOS-hihmbestuurshsgyovxqmygopffq/Build/Products/Debug-iphonesimulator/MyScriptInteractiveInk-Runtime/MyScriptInteractiveInk_Runtime.modulemap' not found
fatal error: module map file '/Users/andrewallen/Library/Developer/Xcode/DerivedData/InkOS-hihmbestuurshsgyovxqmygopffq/Build/Products/Debug-iphonesimulator/MyScriptInteractiveInk-Runtime/MyScriptInteractiveInk_Runtime.modulemap' not found
fatal error: module map file '/Users/andrewallen/Library/Developer/Xcode/DerivedData/InkOS-hihmbestuurshsgyovxqmygopffq/Build/Products/Debug-iphonesimulator/MyScriptInteractiveInk-Runtime/MyScriptInteractiveInk_Runtime.modulemap' not found
fatal error: module map file '/Users/andrewallen/Library/Developer/Xcode/DerivedData/InkOS-hihmbestuurshsgyovxqmygopffq/Build/Products/Debug-iphonesimulator/MyScriptInteractiveInk-Runtime/MyScriptInteractiveInk_Runtime.modulemap' not found
fatal error: module map file '/Users/andrewallen/Library/Developer/Xcode/DerivedData/InkOS-hihmbestuurshsgyovxqmygopffq/Build/Products/Debug-iphonesimulator/MyScriptInteractiveInk-Runtime/MyScriptInteractiveInk_Runtime.modulemap' not found
fatal error: module map file '/Users/andrewallen/Library/Developer/Xcode/DerivedData/InkOS-hihmbestuurshsgyovxqmygopffq/Build/Products/Debug-iphonesimulator/MyScriptInteractiveInk-Runtime/MyScriptInteractiveInk_Runtime.modulemap' not found
fatal error: module map file '/Users/andrewallen/Library/Developer/Xcode/DerivedData/InkOS-hihmbestuurshsgyovxqmygopffq/Build/Products/Debug-iphonesimulator/MyScriptInteractiveInk-Runtime/MyScriptInteractiveInk_Runtime.modulemap' not found
fatal error: module map file '/Users/andrewallen/Library/Developer/Xcode/DerivedData/InkOS-hihmbestuurshsgyovxqmygopffq/Build/Products/Debug-iphonesimulator/MyScriptInteractiveInk-Runtime/MyScriptInteractiveInk_Runtime.modulemap' not found
fatal error: module map file '/Users/andrewallen/Library/Developer/Xcode/DerivedData/InkOS-hihmbestuurshsgyovxqmygopffq/Build/Products/Debug-iphonesimulator/MyScriptInteractiveInk-Runtime/MyScriptInteractiveInk_Runtime.modulemap' not found
fatal error: module map file '/Users/andrewallen/Library/Developer/Xcode/DerivedData/InkOS-hihmbestuurshsgyovxqmygopffq/Build/Products/Debug-iphonesimulator/MyScriptInteractiveInk-Runtime/MyScriptInteractiveInk_Runtime.modulemap' not found
fatal error: module map file '/Users/andrewallen/Library/Developer/Xcode/DerivedData/InkOS-hihmbestuurshsgyovxqmygopffq/Build/Products/Debug-iphonesimulator/MyScriptInteractiveInk-Runtime/MyScriptInteractiveInk_Runtime.modulemap' not found
fatal error: module map file '/Users/andrewallen/Library/Developer/Xcode/DerivedData/InkOS-hihmbestuurshsgyovxqmygopffq/Build/Products/Debug-iphonesimulator/MyScriptInteractiveInk-Runtime/MyScriptInteractiveInk_Runtime.modulemap' not found
fatal error: module map file '/Users/andrewallen/Library/Developer/Xcode/DerivedData/InkOS-hihmbestuurshsgyovxqmygopffq/Build/Products/Debug-iphonesimulator/MyScriptInteractiveInk-Runtime/MyScriptInteractiveInk_Runtime.modulemap' not found
fatal error: module map file '/Users/andrewallen/Library/Developer/Xcode/DerivedData/InkOS-hihmbestuurshsgyovxqmygopffq/Build/Products/Debug-iphonesimulator/MyScriptInteractiveInk-Runtime/MyScriptInteractiveInk_Runtime.modulemap' not found
fatal error: module map file '/Users/andrewallen/Library/Developer/Xcode/DerivedData/InkOS-hihmbestuurshsgyovxqmygopffq/Build/Products/Debug-iphonesimulator/MyScriptInteractiveInk-Runtime/MyScriptInteractiveInk_Runtime.modulemap' not found
 (in target 'InkOS' from project 'InkOS')
error: Clang dependency scanner failure: fatal error: module map file '/Users/andrewallen/Library/Developer/Xcode/DerivedData/InkOS-hihmbestuurshsgyovxqmygopffq/Build/Products/Debug-iphonesimulator/MyScriptInteractiveInk-Runtime/MyScriptInteractiveInk_Runtime.modulemap' not found
fatal error: module map file '/Users/andrewallen/Library/Developer/Xcode/DerivedData/InkOS-hihmbestuurshsgyovxqmygopffq/Build/Products/Debug-iphonesimulator/MyScriptInteractiveInk-Runtime/MyScriptInteractiveInk_Runtime.modulemap' not found
fatal error: module map file '/Users/andrewallen/Library/Developer/Xcode/DerivedData/InkOS-hihmbestuurshsgyovxqmygopffq/Build/Products/Debug-iphonesimulator/MyScriptInteractiveInk-Runtime/MyScriptInteractiveInk_Runtime.modulemap' not found
fatal error: module map file '/Users/andrewallen/Library/Developer/Xcode/DerivedData/InkOS-hihmbestuurshsgyovxqmygopffq/Build/Products/Debug-iphonesimulator/MyScriptInteractiveInk-Runtime/MyScriptInteractiveInk_Runtime.modulemap' not found
 (in target 'InkOS' from project 'InkOS')
error: Clang dependency scanner failure: fatal error: module map file '/Users/andrewallen/Library/Developer/Xcode/DerivedData/InkOS-hihmbestuurshsgyovxqmygopffq/Build/Products/Debug-iphonesimulator/MyScriptInteractiveInk-Runtime/MyScriptInteractiveInk_Runtime.modulemap' not found
fatal error: module map file '/Users/andrewallen/Library/Developer/Xcode/DerivedData/InkOS-hihmbestuurshsgyovxqmygopffq/Build/Products/Debug-iphonesimulator/MyScriptInteractiveInk-Runtime/MyScriptInteractiveInk_Runtime.modulemap' not found
 (in target 'InkOS' from project 'InkOS')
error: Clang dependency scanner failure: fatal error: module map file '/Users/andrewallen/Library/Developer/Xcode/DerivedData/InkOS-hihmbestuurshsgyovxqmygopffq/Build/Products/Debug-iphonesimulator/MyScriptInteractiveInk-Runtime/MyScriptInteractiveInk_Runtime.modulemap' not found
fatal error: module map file '/Users/andrewallen/Library/Developer/Xcode/DerivedData/InkOS-hihmbestuurshsgyovxqmygopffq/Build/Products/Debug-iphonesimulator/MyScriptInteractiveInk-Runtime/MyScriptInteractiveInk_Runtime.modulemap' not found
 (in target 'InkOS' from project 'InkOS')
error: Clang dependency scanner failure: fatal error: module map file '/Users/andrewallen/Library/Developer/Xcode/DerivedData/InkOS-hihmbestuurshsgyovxqmygopffq/Build/Products/Debug-iphonesimulator/MyScriptInteractiveInk-Runtime/MyScriptInteractiveInk_Runtime.modulemap' not found
fatal error: module map file '/Users/andrewallen/Library/Developer/Xcode/DerivedData/InkOS-hihmbestuurshsgyovxqmygopffq/Build/Products/Debug-iphonesimulator/MyScriptInteractiveInk-Runtime/MyScriptInteractiveInk_Runtime.modulemap' not found
fatal error: module map file '/Users/andrewallen/Library/Developer/Xcode/DerivedData/InkOS-hihmbestuurshsgyovxqmygopffq/Build/Products/Debug-iphonesimulator/MyScriptInteractiveInk-Runtime/MyScriptInteractiveInk_Runtime.modulemap' not found
fatal error: module map file '/Users/andrewallen/Library/Developer/Xcode/DerivedData/InkOS-hihmbestuurshsgyovxqmygopffq/Build/Products/Debug-iphonesimulator/MyScriptInteractiveInk-Runtime/MyScriptInteractiveInk_Runtime.modulemap' not found
fatal error: module map file '/Users/andrewallen/Library/Developer/Xcode/DerivedData/InkOS-hihmbestuurshsgyovxqmygopffq/Build/Products/Debug-iphonesimulator/MyScriptInteractiveInk-Runtime/MyScriptInteractiveInk_Runtime.modulemap' not found
fatal error: module map file '/Users/andrewallen/Library/Developer/Xcode/DerivedData/InkOS-hihmbestuurshsgyovxqmygopffq/Build/Products/Debug-iphonesimulator/MyScriptInteractiveInk-Runtime/MyScriptInteractiveInk_Runtime.modulemap' not found
fatal error: module map file '/Users/andrewallen/Library/Developer/Xcode/DerivedData/InkOS-hihmbestuurshsgyovxqmygopffq/Build/Products/Debug-iphonesimulator/MyScriptInteractiveInk-Runtime/MyScriptInteractiveInk_Runtime.modulemap' not found
fatal error: module map file '/Users/andrewallen/Library/Developer/Xcode/DerivedData/InkOS-hihmbestuurshsgyovxqmygopffq/Build/Products/Debug-iphonesimulator/MyScriptInteractiveInk-Runtime/MyScriptInteractiveInk_Runtime.modulemap' not found
fatal error: module map file '/Users/andrewallen/Library/Developer/Xcode/DerivedData/InkOS-hihmbestuurshsgyovxqmygopffq/Build/Products/Debug-iphonesimulator/MyScriptInteractiveInk-Runtime/MyScriptInteractiveInk_Runtime.modulemap' not found
fatal error: module map file '/Users/andrewallen/Library/Developer/Xcode/DerivedData/InkOS-hihmbestuurshsgyovxqmygopffq/Build/Products/Debug-iphonesimulator/MyScriptInteractiveInk-Runtime/MyScriptInteractiveInk_Runtime.modulemap' not found
fatal error: module map file '/Users/andrewallen/Library/Developer/Xcode/DerivedData/InkOS-hihmbestuurshsgyovxqmygopffq/Build/Products/Debug-iphonesimulator/MyScriptInteractiveInk-Runtime/MyScriptInteractiveInk_Runtime.modulemap' not found
fatal error: module map file '/Users/andrewallen/Library/Developer/Xcode/DerivedData/InkOS-hihmbestuurshsgyovxqmygopffq/Build/Products/Debug-iphonesimulator/MyScriptInteractiveInk-Runtime/MyScriptInteractiveInk_Runtime.modulemap' not found
fatal error: module map file '/Users/andrewallen/Library/Developer/Xcode/DerivedData/InkOS-hihmbestuurshsgyovxqmygopffq/Build/Products/Debug-iphonesimulator/MyScriptInteractiveInk-Runtime/MyScriptInteractiveInk_Runtime.modulemap' not found
fatal error: module map file '/Users/andrewallen/Library/Developer/Xcode/DerivedData/InkOS-hihmbestuurshsgyovxqmygopffq/Build/Products/Debug-iphonesimulator/MyScriptInteractiveInk-Runtime/MyScriptInteractiveInk_Runtime.modulemap' not found
fatal error: module map file '/Users/andrewallen/Library/Developer/Xcode/DerivedData/InkOS-hihmbestuurshsgyovxqmygopffq/Build/Products/Debug-iphonesimulator/MyScriptInteractiveInk-Runtime/MyScriptInteractiveInk_Runtime.modulemap' not found
fatal error: module map file '/Users/andrewallen/Library/Developer/Xcode/DerivedData/InkOS-hihmbestuurshsgyovxqmygopffq/Build/Products/Debug-iphonesimulator/MyScriptInteractiveInk-Runtime/MyScriptInteractiveInk_Runtime.modulemap' not found
fatal error: module map file '/Users/andrewallen/Library/Developer/Xcode/DerivedData/InkOS-hihmbestuurshsgyovxqmygopffq/Build/Products/Debug-iphonesimulator/MyScriptInteractiveInk-Runtime/MyScriptInteractiveInk_Runtime.modulemap' not found
fatal error: module map file '/Users/andrewallen/Library/Developer/Xcode/DerivedData/InkOS-hihmbestuurshsgyovxqmygopffq/Build/Products/Debug-iphonesimulator/MyScriptInteractiveInk-Runtime/MyScriptInteractiveInk_Runtime.modulemap' not found
fatal error: module map file '/Users/andrewallen/Library/Developer/Xcode/DerivedData/InkOS-hihmbestuurshsgyovxqmygopffq/Build/Products/Debug-iphonesimulator/MyScriptInteractiveInk-Runtime/MyScriptInteractiveInk_Runtime.modulemap' not found
fatal error: module map file '/Users/andrewallen/Library/Developer/Xcode/DerivedData/InkOS-hihmbestuurshsgyovxqmygopffq/Build/Products/Debug-iphonesimulator/MyScriptInteractiveInk-Runtime/MyScriptInteractiveInk_Runtime.modulemap' not found
fatal error: module map file '/Users/andrewallen/Library/Developer/Xcode/DerivedData/InkOS-hihmbestuurshsgyovxqmygopffq/Build/Products/Debug-iphonesimulator/MyScriptInteractiveInk-Runtime/MyScriptInteractiveInk_Runtime.modulemap' not found
fatal error: module map file '/Users/andrewallen/Library/Developer/Xcode/DerivedData/InkOS-hihmbestuurshsgyovxqmygopffq/Build/Products/Debug-iphonesimulator/MyScriptInteractiveInk-Runtime/MyScriptInteractiveInk_Runtime.modulemap' not found
fatal error: module map file '/Users/andrewallen/Library/Developer/Xcode/DerivedData/InkOS-hihmbestuurshsgyovxqmygopffq/Build/Products/Debug-iphonesimulator/MyScriptInteractiveInk-Runtime/MyScriptInteractiveInk_Runtime.modulemap' not found
fatal error: module map file '/Users/andrewallen/Library/Developer/Xcode/DerivedData/InkOS-hihmbestuurshsgyovxqmygopffq/Build/Products/Debug-iphonesimulator/MyScriptInteractiveInk-Runtime/MyScriptInteractiveInk_Runtime.modulemap' not found
fatal error: module map file '/Users/andrewallen/Library/Developer/Xcode/DerivedData/InkOS-hihmbestuurshsgyovxqmygopffq/Build/Products/Debug-iphonesimulator/MyScriptInteractiveInk-Runtime/MyScriptInteractiveInk_Runtime.modulemap' not found
 (in target 'InkOS' from project 'InkOS')
error: Clang dependency scanner failure: fatal error: module map file '/Users/andrewallen/Library/Developer/Xcode/DerivedData/InkOS-hihmbestuurshsgyovxqmygopffq/Build/Products/Debug-iphonesimulator/MyScriptInteractiveInk-Runtime/MyScriptInteractiveInk_Runtime.modulemap' not found
fatal error: module map file '/Users/andrewallen/Library/Developer/Xcode/DerivedData/InkOS-hihmbestuurshsgyovxqmygopffq/Build/Products/Debug-iphonesimulator/MyScriptInteractiveInk-Runtime/MyScriptInteractiveInk_Runtime.modulemap' not found
fatal error: module map file '/Users/andrewallen/Library/Developer/Xcode/DerivedData/InkOS-hihmbestuurshsgyovxqmygopffq/Build/Products/Debug-iphonesimulator/MyScriptInteractiveInk-Runtime/MyScriptInteractiveInk_Runtime.modulemap' not found
fatal error: module map file '/Users/andrewallen/Library/Developer/Xcode/DerivedData/InkOS-hihmbestuurshsgyovxqmygopffq/Build/Products/Debug-iphonesimulator/MyScriptInteractiveInk-Runtime/MyScriptInteractiveInk_Runtime.modulemap' not found
fatal error: module map file '/Users/andrewallen/Library/Developer/Xcode/DerivedData/InkOS-hihmbestuurshsgyovxqmygopffq/Build/Products/Debug-iphonesimulator/MyScriptInteractiveInk-Runtime/MyScriptInteractiveInk_Runtime.modulemap' not found
fatal error: module map file '/Users/andrewallen/Library/Developer/Xcode/DerivedData/InkOS-hihmbestuurshsgyovxqmygopffq/Build/Products/Debug-iphonesimulator/MyScriptInteractiveInk-Runtime/MyScriptInteractiveInk_Runtime.modulemap' not found
fatal error: module map file '/Users/andrewallen/Library/Developer/Xcode/DerivedData/InkOS-hihmbestuurshsgyovxqmygopffq/Build/Products/Debug-iphonesimulator/MyScriptInteractiveInk-Runtime/MyScriptInteractiveInk_Runtime.modulemap' not found
fatal error: module map file '/Users/andrewallen/Library/Developer/Xcode/DerivedData/InkOS-hihmbestuurshsgyovxqmygopffq/Build/Products/Debug-iphonesimulator/MyScriptInteractiveInk-Runtime/MyScriptInteractiveInk_Runtime.modulemap' not found
fatal error: module map file '/Users/andrewallen/Library/Developer/Xcode/DerivedData/InkOS-hihmbestuurshsgyovxqmygopffq/Build/Products/Debug-iphonesimulator/MyScriptInteractiveInk-Runtime/MyScriptInteractiveInk_Runtime.modulemap' not found
fatal error: module map file '/Users/andrewallen/Library/Developer/Xcode/DerivedData/InkOS-hihmbestuurshsgyovxqmygopffq/Build/Products/Debug-iphonesimulator/MyScriptInteractiveInk-Runtime/MyScriptInteractiveInk_Runtime.modulemap' not found
fatal error: module map file '/Users/andrewallen/Library/Developer/Xcode/DerivedData/InkOS-hihmbestuurshsgyovxqmygopffq/Build/Products/Debug-iphonesimulator/MyScriptInteractiveInk-Runtime/MyScriptInteractiveInk_Runtime.modulemap' not found
fatal error: module map file '/Users/andrewallen/Library/Developer/Xcode/DerivedData/InkOS-hihmbestuurshsgyovxqmygopffq/Build/Products/Debug-iphonesimulator/MyScriptInteractiveInk-Runtime/MyScriptInteractiveInk_Runtime.modulemap' not found
fatal error: module map file '/Users/andrewallen/Library/Developer/Xcode/DerivedData/InkOS-hihmbestuurshsgyovxqmygopffq/Build/Products/Debug-iphonesimulator/MyScriptInteractiveInk-Runtime/MyScriptInteractiveInk_Runtime.modulemap' not found
 (in target 'InkOS' from project 'InkOS')
error: Clang dependency scanner failure: fatal error: module map file '/Users/andrewallen/Library/Developer/Xcode/DerivedData/InkOS-hihmbestuurshsgyovxqmygopffq/Build/Products/Debug-iphonesimulator/MyScriptInteractiveInk-Runtime/MyScriptInteractiveInk_Runtime.modulemap' not found
fatal error: module map file '/Users/andrewallen/Library/Developer/Xcode/DerivedData/InkOS-hihmbestuurshsgyovxqmygopffq/Build/Products/Debug-iphonesimulator/MyScriptInteractiveInk-Runtime/MyScriptInteractiveInk_Runtime.modulemap' not found
fatal error: module map file '/Users/andrewallen/Library/Developer/Xcode/DerivedData/InkOS-hihmbestuurshsgyovxqmygopffq/Build/Products/Debug-iphonesimulator/MyScriptInteractiveInk-Runtime/MyScriptInteractiveInk_Runtime.modulemap' not found
fatal error: module map file '/Users/andrewallen/Library/Developer/Xcode/DerivedData/InkOS-hihmbestuurshsgyovxqmygopffq/Build/Products/Debug-iphonesimulator/MyScriptInteractiveInk-Runtime/MyScriptInteractiveInk_Runtime.modulemap' not found
fatal error: module map file '/Users/andrewallen/Library/Developer/Xcode/DerivedData/InkOS-hihmbestuurshsgyovxqmygopffq/Build/Products/Debug-iphonesimulator/MyScriptInteractiveInk-Runtime/MyScriptInteractiveInk_Runtime.modulemap' not found
fatal error: module map file '/Users/andrewallen/Library/Developer/Xcode/DerivedData/InkOS-hihmbestuurshsgyovxqmygopffq/Build/Products/Debug-iphonesimulator/MyScriptInteractiveInk-Runtime/MyScriptInteractiveInk_Runtime.modulemap' not found
fatal error: module map file '/Users/andrewallen/Library/Developer/Xcode/DerivedData/InkOS-hihmbestuurshsgyovxqmygopffq/Build/Products/Debug-iphonesimulator/MyScriptInteractiveInk-Runtime/MyScriptInteractiveInk_Runtime.modulemap' not found
 (in target 'InkOS' from project 'InkOS')
error: Clang dependency scanner failure: fatal error: module map file '/Users/andrewallen/Library/Developer/Xcode/DerivedData/InkOS-hihmbestuurshsgyovxqmygopffq/Build/Products/Debug-iphonesimulator/MyScriptInteractiveInk-Runtime/MyScriptInteractiveInk_Runtime.modulemap' not found
fatal error: module map file '/Users/andrewallen/Library/Developer/Xcode/DerivedData/InkOS-hihmbestuurshsgyovxqmygopffq/Build/Products/Debug-iphonesimulator/MyScriptInteractiveInk-Runtime/MyScriptInteractiveInk_Runtime.modulemap' not found
fatal error: module map file '/Users/andrewallen/Library/Developer/Xcode/DerivedData/InkOS-hihmbestuurshsgyovxqmygopffq/Build/Products/Debug-iphonesimulator/MyScriptInteractiveInk-Runtime/MyScriptInteractiveInk_Runtime.modulemap' not found
fatal error: module map file '/Users/andrewallen/Library/Developer/Xcode/DerivedData/InkOS-hihmbestuurshsgyovxqmygopffq/Build/Products/Debug-iphonesimulator/MyScriptInteractiveInk-Runtime/MyScriptInteractiveInk_Runtime.modulemap' not found
fatal error: module map file '/Users/andrewallen/Library/Developer/Xcode/DerivedData/InkOS-hihmbestuurshsgyovxqmygopffq/Build/Products/Debug-iphonesimulator/MyScriptInteractiveInk-Runtime/MyScriptInteractiveInk_Runtime.modulemap' not found
fatal error: module map file '/Users/andrewallen/Library/Developer/Xcode/DerivedData/InkOS-hihmbestuurshsgyovxqmygopffq/Build/Products/Debug-iphonesimulator/MyScriptInteractiveInk-Runtime/MyScriptInteractiveInk_Runtime.modulemap' not found
fatal error: module map file '/Users/andrewallen/Library/Developer/Xcode/DerivedData/InkOS-hihmbestuurshsgyovxqmygopffq/Build/Products/Debug-iphonesimulator/MyScriptInteractiveInk-Runtime/MyScriptInteractiveInk_Runtime.modulemap' not found
fatal error: module map file '/Users/andrewallen/Library/Developer/Xcode/DerivedData/InkOS-hihmbestuurshsgyovxqmygopffq/Build/Products/Debug-iphonesimulator/MyScriptInteractiveInk-Runtime/MyScriptInteractiveInk_Runtime.modulemap' not found
fatal error: module map file '/Users/andrewallen/Library/Developer/Xcode/DerivedData/InkOS-hihmbestuurshsgyovxqmygopffq/Build/Products/Debug-iphonesimulator/MyScriptInteractiveInk-Runtime/MyScriptInteractiveInk_Runtime.modulemap' not found
fatal error: module map file '/Users/andrewallen/Library/Developer/Xcode/DerivedData/InkOS-hihmbestuurshsgyovxqmygopffq/Build/Products/Debug-iphonesimulator/MyScriptInteractiveInk-Runtime/MyScriptInteractiveInk_Runtime.modulemap' not found
fatal error: module map file '/Users/andrewallen/Library/Developer/Xcode/DerivedData/InkOS-hihmbestuurshsgyovxqmygopffq/Build/Products/Debug-iphonesimulator/MyScriptInteractiveInk-Runtime/MyScriptInteractiveInk_Runtime.modulemap' not found
fatal error: module map file '/Users/andrewallen/Library/Developer/Xcode/DerivedData/InkOS-hihmbestuurshsgyovxqmygopffq/Build/Products/Debug-iphonesimulator/MyScriptInteractiveInk-Runtime/MyScriptInteractiveInk_Runtime.modulemap' not found
fatal error: module map file '/Users/andrewallen/Library/Developer/Xcode/DerivedData/InkOS-hihmbestuurshsgyovxqmygopffq/Build/Products/Debug-iphonesimulator/MyScriptInteractiveInk-Runtime/MyScriptInteractiveInk_Runtime.modulemap' not found
fatal error: module map file '/Users/andrewallen/Library/Developer/Xcode/DerivedData/InkOS-hihmbestuurshsgyovxqmygopffq/Build/Products/Debug-iphonesimulator/MyScriptInteractiveInk-Runtime/MyScriptInteractiveInk_Runtime.modulemap' not found
 (in target 'InkOS' from project 'InkOS')
error: Clang dependency scanner failure: fatal error: module map file '/Users/andrewallen/Library/Developer/Xcode/DerivedData/InkOS-hihmbestuurshsgyovxqmygopffq/Build/Products/Debug-iphonesimulator/MyScriptInteractiveInk-Runtime/MyScriptInteractiveInk_Runtime.modulemap' not found
fatal error: module map file '/Users/andrewallen/Library/Developer/Xcode/DerivedData/InkOS-hihmbestuurshsgyovxqmygopffq/Build/Products/Debug-iphonesimulator/MyScriptInteractiveInk-Runtime/MyScriptInteractiveInk_Runtime.modulemap' not found
fatal error: module map file '/Users/andrewallen/Library/Developer/Xcode/DerivedData/InkOS-hihmbestuurshsgyovxqmygopffq/Build/Products/Debug-iphonesimulator/MyScriptInteractiveInk-Runtime/MyScriptInteractiveInk_Runtime.modulemap' not found
fatal error: module map file '/Users/andrewallen/Library/Developer/Xcode/DerivedData/InkOS-hihmbestuurshsgyovxqmygopffq/Build/Products/Debug-iphonesimulator/MyScriptInteractiveInk-Runtime/MyScriptInteractiveInk_Runtime.modulemap' not found
fatal error: module map file '/Users/andrewallen/Library/Developer/Xcode/DerivedData/InkOS-hihmbestuurshsgyovxqmygopffq/Build/Products/Debug-iphonesimulator/MyScriptInteractiveInk-Runtime/MyScriptInteractiveInk_Runtime.modulemap' not found
fatal error: module map file '/Users/andrewallen/Library/Developer/Xcode/DerivedData/InkOS-hihmbestuurshsgyovxqmygopffq/Build/Products/Debug-iphonesimulator/MyScriptInteractiveInk-Runtime/MyScriptInteractiveInk_Runtime.modulemap' not found
fatal error: module map file '/Users/andrewallen/Library/Developer/Xcode/DerivedData/InkOS-hihmbestuurshsgyovxqmygopffq/Build/Products/Debug-iphonesimulator/MyScriptInteractiveInk-Runtime/MyScriptInteractiveInk_Runtime.modulemap' not found
fatal error: module map file '/Users/andrewallen/Library/Developer/Xcode/DerivedData/InkOS-hihmbestuurshsgyovxqmygopffq/Build/Products/Debug-iphonesimulator/MyScriptInteractiveInk-Runtime/MyScriptInteractiveInk_Runtime.modulemap' not found
fatal error: module map file '/Users/andrewallen/Library/Developer/Xcode/DerivedData/InkOS-hihmbestuurshsgyovxqmygopffq/Build/Products/Debug-iphonesimulator/MyScriptInteractiveInk-Runtime/MyScriptInteractiveInk_Runtime.modulemap' not found
fatal error: module map file '/Users/andrewallen/Library/Developer/Xcode/DerivedData/InkOS-hihmbestuurshsgyovxqmygopffq/Build/Products/Debug-iphonesimulator/MyScriptInteractiveInk-Runtime/MyScriptInteractiveInk_Runtime.modulemap' not found
fatal error: module map file '/Users/andrewallen/Library/Developer/Xcode/DerivedData/InkOS-hihmbestuurshsgyovxqmygopffq/Build/Products/Debug-iphonesimulator/MyScriptInteractiveInk-Runtime/MyScriptInteractiveInk_Runtime.modulemap' not found
fatal error: module map file '/Users/andrewallen/Library/Developer/Xcode/DerivedData/InkOS-hihmbestuurshsgyovxqmygopffq/Build/Products/Debug-iphonesimulator/MyScriptInteractiveInk-Runtime/MyScriptInteractiveInk_Runtime.modulemap' not found
fatal error: module map file '/Users/andrewallen/Library/Developer/Xcode/DerivedData/InkOS-hihmbestuurshsgyovxqmygopffq/Build/Products/Debug-iphonesimulator/MyScriptInteractiveInk-Runtime/MyScriptInteractiveInk_Runtime.modulemap' not found
fatal error: module map file '/Users/andrewallen/Library/Developer/Xcode/DerivedData/InkOS-hihmbestuurshsgyovxqmygopffq/Build/Products/Debug-iphonesimulator/MyScriptInteractiveInk-Runtime/MyScriptInteractiveInk_Runtime.modulemap' not found
fatal error: module map file '/Users/andrewallen/Library/Developer/Xcode/DerivedData/InkOS-hihmbestuurshsgyovxqmygopffq/Build/Products/Debug-iphonesimulator/MyScriptInteractiveInk-Runtime/MyScriptInteractiveInk_Runtime.modulemap' not found
fatal error: module map file '/Users/andrewallen/Library/Developer/Xcode/DerivedData/InkOS-hihmbestuurshsgyovxqmygopffq/Build/Products/Debug-iphonesimulator/MyScriptInteractiveInk-Runtime/MyScriptInteractiveInk_Runtime.modulemap' not found
fatal error: module map file '/Users/andrewallen/Library/Developer/Xcode/DerivedData/InkOS-hihmbestuurshsgyovxqmygopffq/Build/Products/Debug-iphonesimulator/MyScriptInteractiveInk-Runtime/MyScriptInteractiveInk_Runtime.modulemap' not found
fatal error: module map file '/Users/andrewallen/Library/Developer/Xcode/DerivedData/InkOS-hihmbestuurshsgyovxqmygopffq/Build/Products/Debug-iphonesimulator/MyScriptInteractiveInk-Runtime/MyScriptInteractiveInk_Runtime.modulemap' not found
fatal error: module map file '/Users/andrewallen/Library/Developer/Xcode/DerivedData/InkOS-hihmbestuurshsgyovxqmygopffq/Build/Products/Debug-iphonesimulator/MyScriptInteractiveInk-Runtime/MyScriptInteractiveInk_Runtime.modulemap' not found
fatal error: module map file '/Users/andrewallen/Library/Developer/Xcode/DerivedData/InkOS-hihmbestuurshsgyovxqmygopffq/Build/Products/Debug-iphonesimulator/MyScriptInteractiveInk-Runtime/MyScriptInteractiveInk_Runtime.modulemap' not found
fatal error: module map file '/Users/andrewallen/Library/Developer/Xcode/DerivedData/InkOS-hihmbestuurshsgyovxqmygopffq/Build/Products/Debug-iphonesimulator/MyScriptInteractiveInk-Runtime/MyScriptInteractiveInk_Runtime.modulemap' not found
fatal error: module map file '/Users/andrewallen/Library/Developer/Xcode/DerivedData/InkOS-hihmbestuurshsgyovxqmygopffq/Build/Products/Debug-iphonesimulator/MyScriptInteractiveInk-Runtime/MyScriptInteractiveInk_Runtime.modulemap' not found
fatal error: module map file '/Users/andrewallen/Library/Developer/Xcode/DerivedData/InkOS-hihmbestuurshsgyovxqmygopffq/Build/Products/Debug-iphonesimulator/MyScriptInteractiveInk-Runtime/MyScriptInteractiveInk_Runtime.modulemap' not found
fatal error: module map file '/Users/andrewallen/Library/Developer/Xcode/DerivedData/InkOS-hihmbestuurshsgyovxqmygopffq/Build/Products/Debug-iphonesimulator/MyScriptInteractiveInk-Runtime/MyScriptInteractiveInk_Runtime.modulemap' not found
 (in target 'InkOS' from project 'InkOS')
error: Clang dependency scanner failure: fatal error: module map file '/Users/andrewallen/Library/Developer/Xcode/DerivedData/InkOS-hihmbestuurshsgyovxqmygopffq/Build/Products/Debug-iphonesimulator/MyScriptInteractiveInk-Runtime/MyScriptInteractiveInk_Runtime.modulemap' not found
fatal error: module map file '/Users/andrewallen/Library/Developer/Xcode/DerivedData/InkOS-hihmbestuurshsgyovxqmygopffq/Build/Products/Debug-iphonesimulator/MyScriptInteractiveInk-Runtime/MyScriptInteractiveInk_Runtime.modulemap' not found
 (in target 'InkOS' from project 'InkOS')
error: Clang dependency scanner failure: fatal error: module map file '/Users/andrewallen/Library/Developer/Xcode/DerivedData/InkOS-hihmbestuurshsgyovxqmygopffq/Build/Products/Debug-iphonesimulator/MyScriptInteractiveInk-Runtime/MyScriptInteractiveInk_Runtime.modulemap' not found
fatal error: module map file '/Users/andrewallen/Library/Developer/Xcode/DerivedData/InkOS-hihmbestuurshsgyovxqmygopffq/Build/Products/Debug-iphonesimulator/MyScriptInteractiveInk-Runtime/MyScriptInteractiveInk_Runtime.modulemap' not found
fatal error: module map file '/Users/andrewallen/Library/Developer/Xcode/DerivedData/InkOS-hihmbestuurshsgyovxqmygopffq/Build/Products/Debug-iphonesimulator/MyScriptInteractiveInk-Runtime/MyScriptInteractiveInk_Runtime.modulemap' not found
fatal error: module map file '/Users/andrewallen/Library/Developer/Xcode/DerivedData/InkOS-hihmbestuurshsgyovxqmygopffq/Build/Products/Debug-iphonesimulator/MyScriptInteractiveInk-Runtime/MyScriptInteractiveInk_Runtime.modulemap' not found
fatal error: module map file '/Users/andrewallen/Library/Developer/Xcode/DerivedData/InkOS-hihmbestuurshsgyovxqmygopffq/Build/Products/Debug-iphonesimulator/MyScriptInteractiveInk-Runtime/MyScriptInteractiveInk_Runtime.modulemap' not found
fatal error: module map file '/Users/andrewallen/Library/Developer/Xcode/DerivedData/InkOS-hihmbestuurshsgyovxqmygopffq/Build/Products/Debug-iphonesimulator/MyScriptInteractiveInk-Runtime/MyScriptInteractiveInk_Runtime.modulemap' not found
fatal error: module map file '/Users/andrewallen/Library/Developer/Xcode/DerivedData/InkOS-hihmbestuurshsgyovxqmygopffq/Build/Products/Debug-iphonesimulator/MyScriptInteractiveInk-Runtime/MyScriptInteractiveInk_Runtime.modulemap' not found
fatal error: module map file '/Users/andrewallen/Library/Developer/Xcode/DerivedData/InkOS-hihmbestuurshsgyovxqmygopffq/Build/Products/Debug-iphonesimulator/MyScriptInteractiveInk-Runtime/MyScriptInteractiveInk_Runtime.modulemap' not found
fatal error: module map file '/Users/andrewallen/Library/Developer/Xcode/DerivedData/InkOS-hihmbestuurshsgyovxqmygopffq/Build/Products/Debug-iphonesimulator/MyScriptInteractiveInk-Runtime/MyScriptInteractiveInk_Runtime.modulemap' not found
fatal error: module map file '/Users/andrewallen/Library/Developer/Xcode/DerivedData/InkOS-hihmbestuurshsgyovxqmygopffq/Build/Products/Debug-iphonesimulator/MyScriptInteractiveInk-Runtime/MyScriptInteractiveInk_Runtime.modulemap' not found
fatal error: module map file '/Users/andrewallen/Library/Developer/Xcode/DerivedData/InkOS-hihmbestuurshsgyovxqmygopffq/Build/Products/Debug-iphonesimulator/MyScriptInteractiveInk-Runtime/MyScriptInteractiveInk_Runtime.modulemap' not found
fatal error: module map file '/Users/andrewallen/Library/Developer/Xcode/DerivedData/InkOS-hihmbestuurshsgyovxqmygopffq/Build/Products/Debug-iphonesimulator/MyScriptInteractiveInk-Runtime/MyScriptInteractiveInk_Runtime.modulemap' not found
fatal error: module map file '/Users/andrewallen/Library/Developer/Xcode/DerivedData/InkOS-hihmbestuurshsgyovxqmygopffq/Build/Products/Debug-iphonesimulator/MyScriptInteractiveInk-Runtime/MyScriptInteractiveInk_Runtime.modulemap' not found
fatal error: module map file '/Users/andrewallen/Library/Developer/Xcode/DerivedData/InkOS-hihmbestuurshsgyovxqmygopffq/Build/Products/Debug-iphonesimulator/MyScriptInteractiveInk-Runtime/MyScriptInteractiveInk_Runtime.modulemap' not found
fatal error: module map file '/Users/andrewallen/Library/Developer/Xcode/DerivedData/InkOS-hihmbestuurshsgyovxqmygopffq/Build/Products/Debug-iphonesimulator/MyScriptInteractiveInk-Runtime/MyScriptInteractiveInk_Runtime.modulemap' not found
fatal error: module map file '/Users/andrewallen/Library/Developer/Xcode/DerivedData/InkOS-hihmbestuurshsgyovxqmygopffq/Build/Products/Debug-iphonesimulator/MyScriptInteractiveInk-Runtime/MyScriptInteractiveInk_Runtime.modulemap' not found
fatal error: module map file '/Users/andrewallen/Library/Developer/Xcode/DerivedData/InkOS-hihmbestuurshsgyovxqmygopffq/Build/Products/Debug-iphonesimulator/MyScriptInteractiveInk-Runtime/MyScriptInteractiveInk_Runtime.modulemap' not found
fatal error: module map file '/Users/andrewallen/Library/Developer/Xcode/DerivedData/InkOS-hihmbestuurshsgyovxqmygopffq/Build/Products/Debug-iphonesimulator/MyScriptInteractiveInk-Runtime/MyScriptInteractiveInk_Runtime.modulemap' not found
fatal error: module map file '/Users/andrewallen/Library/Developer/Xcode/DerivedData/InkOS-hihmbestuurshsgyovxqmygopffq/Build/Products/Debug-iphonesimulator/MyScriptInteractiveInk-Runtime/MyScriptInteractiveInk_Runtime.modulemap' not found
fatal error: module map file '/Users/andrewallen/Library/Developer/Xcode/DerivedData/InkOS-hihmbestuurshsgyovxqmygopffq/Build/Products/Debug-iphonesimulator/MyScriptInteractiveInk-Runtime/MyScriptInteractiveInk_Runtime.modulemap' not found
fatal error: module map file '/Users/andrewallen/Library/Developer/Xcode/DerivedData/InkOS-hihmbestuurshsgyovxqmygopffq/Build/Products/Debug-iphonesimulator/MyScriptInteractiveInk-Runtime/MyScriptInteractiveInk_Runtime.modulemap' not found
fatal error: module map file '/Users/andrewallen/Library/Developer/Xcode/DerivedData/InkOS-hihmbestuurshsgyovxqmygopffq/Build/Products/Debug-iphonesimulator/MyScriptInteractiveInk-Runtime/MyScriptInteractiveInk_Runtime.modulemap' not found
fatal error: module map file '/Users/andrewallen/Library/Developer/Xcode/DerivedData/InkOS-hihmbestuurshsgyovxqmygopffq/Build/Products/Debug-iphonesimulator/MyScriptInteractiveInk-Runtime/MyScriptInteractiveInk_Runtime.modulemap' not found
fatal error: module map file '/Users/andrewallen/Library/Developer/Xcode/DerivedData/InkOS-hihmbestuurshsgyovxqmygopffq/Build/Products/Debug-iphonesimulator/MyScriptInteractiveInk-Runtime/MyScriptInteractiveInk_Runtime.modulemap' not found
fatal error: module map file '/Users/andrewallen/Library/Developer/Xcode/DerivedData/InkOS-hihmbestuurshsgyovxqmygopffq/Build/Products/Debug-iphonesimulator/MyScriptInteractiveInk-Runtime/MyScriptInteractiveInk_Runtime.modulemap' not found
 (in target 'InkOS' from project 'InkOS')
error: Clang dependency scanner failure: fatal error: module map file '/Users/andrewallen/Library/Developer/Xcode/DerivedData/InkOS-hihmbestuurshsgyovxqmygopffq/Build/Products/Debug-iphonesimulator/MyScriptInteractiveInk-Runtime/MyScriptInteractiveInk_Runtime.modulemap' not found
fatal error: module map file '/Users/andrewallen/Library/Developer/Xcode/DerivedData/InkOS-hihmbestuurshsgyovxqmygopffq/Build/Products/Debug-iphonesimulator/MyScriptInteractiveInk-Runtime/MyScriptInteractiveInk_Runtime.modulemap' not found
fatal error: module map file '/Users/andrewallen/Library/Developer/Xcode/DerivedData/InkOS-hihmbestuurshsgyovxqmygopffq/Build/Products/Debug-iphonesimulator/MyScriptInteractiveInk-Runtime/MyScriptInteractiveInk_Runtime.modulemap' not found
fatal error: module map file '/Users/andrewallen/Library/Developer/Xcode/DerivedData/InkOS-hihmbestuurshsgyovxqmygopffq/Build/Products/Debug-iphonesimulator/MyScriptInteractiveInk-Runtime/MyScriptInteractiveInk_Runtime.modulemap' not found
fatal error: module map file '/Users/andrewallen/Library/Developer/Xcode/DerivedData/InkOS-hihmbestuurshsgyovxqmygopffq/Build/Products/Debug-iphonesimulator/MyScriptInteractiveInk-Runtime/MyScriptInteractiveInk_Runtime.modulemap' not found
fatal error: module map file '/Users/andrewallen/Library/Developer/Xcode/DerivedData/InkOS-hihmbestuurshsgyovxqmygopffq/Build/Products/Debug-iphonesimulator/MyScriptInteractiveInk-Runtime/MyScriptInteractiveInk_Runtime.modulemap' not found
fatal error: module map file '/Users/andrewallen/Library/Developer/Xcode/DerivedData/InkOS-hihmbestuurshsgyovxqmygopffq/Build/Products/Debug-iphonesimulator/MyScriptInteractiveInk-Runtime/MyScriptInteractiveInk_Runtime.modulemap' not found
fatal error: module map file '/Users/andrewallen/Library/Developer/Xcode/DerivedData/InkOS-hihmbestuurshsgyovxqmygopffq/Build/Products/Debug-iphonesimulator/MyScriptInteractiveInk-Runtime/MyScriptInteractiveInk_Runtime.modulemap' not found
fatal error: module map file '/Users/andrewallen/Library/Developer/Xcode/DerivedData/InkOS-hihmbestuurshsgyovxqmygopffq/Build/Products/Debug-iphonesimulator/MyScriptInteractiveInk-Runtime/MyScriptInteractiveInk_Runtime.modulemap' not found
fatal error: module map file '/Users/andrewallen/Library/Developer/Xcode/DerivedData/InkOS-hihmbestuurshsgyovxqmygopffq/Build/Products/Debug-iphonesimulator/MyScriptInteractiveInk-Runtime/MyScriptInteractiveInk_Runtime.modulemap' not found
fatal error: module map file '/Users/andrewallen/Library/Developer/Xcode/DerivedData/InkOS-hihmbestuurshsgyovxqmygopffq/Build/Products/Debug-iphonesimulator/MyScriptInteractiveInk-Runtime/MyScriptInteractiveInk_Runtime.modulemap' not found
fatal error: module map file '/Users/andrewallen/Library/Developer/Xcode/DerivedData/InkOS-hihmbestuurshsgyovxqmygopffq/Build/Products/Debug-iphonesimulator/MyScriptInteractiveInk-Runtime/MyScriptInteractiveInk_Runtime.modulemap' not found
fatal error: module map file '/Users/andrewallen/Library/Developer/Xcode/DerivedData/InkOS-hihmbestuurshsgyovxqmygopffq/Build/Products/Debug-iphonesimulator/MyScriptInteractiveInk-Runtime/MyScriptInteractiveInk_Runtime.modulemap' not found
fatal error: module map file '/Users/andrewallen/Library/Developer/Xcode/DerivedData/InkOS-hihmbestuurshsgyovxqmygopffq/Build/Products/Debug-iphonesimulator/MyScriptInteractiveInk-Runtime/MyScriptInteractiveInk_Runtime.modulemap' not found
fatal error: module map file '/Users/andrewallen/Library/Developer/Xcode/DerivedData/InkOS-hihmbestuurshsgyovxqmygopffq/Build/Products/Debug-iphonesimulator/MyScriptInteractiveInk-Runtime/MyScriptInteractiveInk_Runtime.modulemap' not found
fatal error: module map file '/Users/andrewallen/Library/Developer/Xcode/DerivedData/InkOS-hihmbestuurshsgyovxqmygopffq/Build/Products/Debug-iphonesimulator/MyScriptInteractiveInk-Runtime/MyScriptInteractiveInk_Runtime.modulemap' not found
fatal error: module map file '/Users/andrewallen/Library/Developer/Xcode/DerivedData/InkOS-hihmbestuurshsgyovxqmygopffq/Build/Products/Debug-iphonesimulator/MyScriptInteractiveInk-Runtime/MyScriptInteractiveInk_Runtime.modulemap' not found
fatal error: module map file '/Users/andrewallen/Library/Developer/Xcode/DerivedData/InkOS-hihmbestuurshsgyovxqmygopffq/Build/Products/Debug-iphonesimulator/MyScriptInteractiveInk-Runtime/MyScriptInteractiveInk_Runtime.modulemap' not found
fatal error: module map file '/Users/andrewallen/Library/Developer/Xcode/DerivedData/InkOS-hihmbestuurshsgyovxqmygopffq/Build/Products/Debug-iphonesimulator/MyScriptInteractiveInk-Runtime/MyScriptInteractiveInk_Runtime.modulemap' not found
fatal error: module map file '/Users/andrewallen/Library/Developer/Xcode/DerivedData/InkOS-hihmbestuurshsgyovxqmygopffq/Build/Products/Debug-iphonesimulator/MyScriptInteractiveInk-Runtime/MyScriptInteractiveInk_Runtime.modulemap' not found
fatal error: module map file '/Users/andrewallen/Library/Developer/Xcode/DerivedData/InkOS-hihmbestuurshsgyovxqmygopffq/Build/Products/Debug-iphonesimulator/MyScriptInteractiveInk-Runtime/MyScriptInteractiveInk_Runtime.modulemap' not found
fatal error: module map file '/Users/andrewallen/Library/Developer/Xcode/DerivedData/InkOS-hihmbestuurshsgyovxqmygopffq/Build/Products/Debug-iphonesimulator/MyScriptInteractiveInk-Runtime/MyScriptInteractiveInk_Runtime.modulemap' not found
fatal error: module map file '/Users/andrewallen/Library/Developer/Xcode/DerivedData/InkOS-hihmbestuurshsgyovxqmygopffq/Build/Products/Debug-iphonesimulator/MyScriptInteractiveInk-Runtime/MyScriptInteractiveInk_Runtime.modulemap' not found
fatal error: module map file '/Users/andrewallen/Library/Developer/Xcode/DerivedData/InkOS-hihmbestuurshsgyovxqmygopffq/Build/Products/Debug-iphonesimulator/MyScriptInteractiveInk-Runtime/MyScriptInteractiveInk_Runtime.modulemap' not found
fatal error: module map file '/Users/andrewallen/Library/Developer/Xcode/DerivedData/InkOS-hihmbestuurshsgyovxqmygopffq/Build/Products/Debug-iphonesimulator/MyScriptInteractiveInk-Runtime/MyScriptInteractiveInk_Runtime.modulemap' not found
 (in target 'InkOS' from project 'InkOS')
error: Clang dependency scanner failure: fatal error: module map file '/Users/andrewallen/Library/Developer/Xcode/DerivedData/InkOS-hihmbestuurshsgyovxqmygopffq/Build/Products/Debug-iphonesimulator/MyScriptInteractiveInk-Runtime/MyScriptInteractiveInk_Runtime.modulemap' not found
fatal error: module map file '/Users/andrewallen/Library/Developer/Xcode/DerivedData/InkOS-hihmbestuurshsgyovxqmygopffq/Build/Products/Debug-iphonesimulator/MyScriptInteractiveInk-Runtime/MyScriptInteractiveInk_Runtime.modulemap' not found
fatal error: module map file '/Users/andrewallen/Library/Developer/Xcode/DerivedData/InkOS-hihmbestuurshsgyovxqmygopffq/Build/Products/Debug-iphonesimulator/MyScriptInteractiveInk-Runtime/MyScriptInteractiveInk_Runtime.modulemap' not found
fatal error: module map file '/Users/andrewallen/Library/Developer/Xcode/DerivedData/InkOS-hihmbestuurshsgyovxqmygopffq/Build/Products/Debug-iphonesimulator/MyScriptInteractiveInk-Runtime/MyScriptInteractiveInk_Runtime.modulemap' not found
fatal error: module map file '/Users/andrewallen/Library/Developer/Xcode/DerivedData/InkOS-hihmbestuurshsgyovxqmygopffq/Build/Products/Debug-iphonesimulator/MyScriptInteractiveInk-Runtime/MyScriptInteractiveInk_Runtime.modulemap' not found
fatal error: module map file '/Users/andrewallen/Library/Developer/Xcode/DerivedData/InkOS-hihmbestuurshsgyovxqmygopffq/Build/Products/Debug-iphonesimulator/MyScriptInteractiveInk-Runtime/MyScriptInteractiveInk_Runtime.modulemap' not found
fatal error: module map file '/Users/andrewallen/Library/Developer/Xcode/DerivedData/InkOS-hihmbestuurshsgyovxqmygopffq/Build/Products/Debug-iphonesimulator/MyScriptInteractiveInk-Runtime/MyScriptInteractiveInk_Runtime.modulemap' not found
fatal error: module map file '/Users/andrewallen/Library/Developer/Xcode/DerivedData/InkOS-hihmbestuurshsgyovxqmygopffq/Build/Products/Debug-iphonesimulator/MyScriptInteractiveInk-Runtime/MyScriptInteractiveInk_Runtime.modulemap' not found
fatal error: module map file '/Users/andrewallen/Library/Developer/Xcode/DerivedData/InkOS-hihmbestuurshsgyovxqmygopffq/Build/Products/Debug-iphonesimulator/MyScriptInteractiveInk-Runtime/MyScriptInteractiveInk_Runtime.modulemap' not found
fatal error: module map file '/Users/andrewallen/Library/Developer/Xcode/DerivedData/InkOS-hihmbestuurshsgyovxqmygopffq/Build/Products/Debug-iphonesimulator/MyScriptInteractiveInk-Runtime/MyScriptInteractiveInk_Runtime.modulemap' not found
fatal error: module map file '/Users/andrewallen/Library/Developer/Xcode/DerivedData/InkOS-hihmbestuurshsgyovxqmygopffq/Build/Products/Debug-iphonesimulator/MyScriptInteractiveInk-Runtime/MyScriptInteractiveInk_Runtime.modulemap' not found
fatal error: module map file '/Users/andrewallen/Library/Developer/Xcode/DerivedData/InkOS-hihmbestuurshsgyovxqmygopffq/Build/Products/Debug-iphonesimulator/MyScriptInteractiveInk-Runtime/MyScriptInteractiveInk_Runtime.modulemap' not found
fatal error: module map file '/Users/andrewallen/Library/Developer/Xcode/DerivedData/InkOS-hihmbestuurshsgyovxqmygopffq/Build/Products/Debug-iphonesimulator/MyScriptInteractiveInk-Runtime/MyScriptInteractiveInk_Runtime.modulemap' not found
fatal error: module map file '/Users/andrewallen/Library/Developer/Xcode/DerivedData/InkOS-hihmbestuurshsgyovxqmygopffq/Build/Products/Debug-iphonesimulator/MyScriptInteractiveInk-Runtime/MyScriptInteractiveInk_Runtime.modulemap' not found
fatal error: module map file '/Users/andrewallen/Library/Developer/Xcode/DerivedData/InkOS-hihmbestuurshsgyovxqmygopffq/Build/Products/Debug-iphonesimulator/MyScriptInteractiveInk-Runtime/MyScriptInteractiveInk_Runtime.modulemap' not found
fatal error: module map file '/Users/andrewallen/Library/Developer/Xcode/DerivedData/InkOS-hihmbestuurshsgyovxqmygopffq/Build/Products/Debug-iphonesimulator/MyScriptInteractiveInk-Runtime/MyScriptInteractiveInk_Runtime.modulemap' not found
fatal error: module map file '/Users/andrewallen/Library/Developer/Xcode/DerivedData/InkOS-hihmbestuurshsgyovxqmygopffq/Build/Products/Debug-iphonesimulator/MyScriptInteractiveInk-Runtime/MyScriptInteractiveInk_Runtime.modulemap' not found
fatal error: module map file '/Users/andrewallen/Library/Developer/Xcode/DerivedData/InkOS-hihmbestuurshsgyovxqmygopffq/Build/Products/Debug-iphonesimulator/MyScriptInteractiveInk-Runtime/MyScriptInteractiveInk_Runtime.modulemap' not found
fatal error: module map file '/Users/andrewallen/Library/Developer/Xcode/DerivedData/InkOS-hihmbestuurshsgyovxqmygopffq/Build/Products/Debug-iphonesimulator/MyScriptInteractiveInk-Runtime/MyScriptInteractiveInk_Runtime.modulemap' not found
fatal error: module map file '/Users/andrewallen/Library/Developer/Xcode/DerivedData/InkOS-hihmbestuurshsgyovxqmygopffq/Build/Products/Debug-iphonesimulator/MyScriptInteractiveInk-Runtime/MyScriptInteractiveInk_Runtime.modulemap' not found
fatal error: module map file '/Users/andrewallen/Library/Developer/Xcode/DerivedData/InkOS-hihmbestuurshsgyovxqmygopffq/Build/Products/Debug-iphonesimulator/MyScriptInteractiveInk-Runtime/MyScriptInteractiveInk_Runtime.modulemap' not found
fatal error: module map file '/Users/andrewallen/Library/Developer/Xcode/DerivedData/InkOS-hihmbestuurshsgyovxqmygopffq/Build/Products/Debug-iphonesimulator/MyScriptInteractiveInk-Runtime/MyScriptInteractiveInk_Runtime.modulemap' not found
fatal error: module map file '/Users/andrewallen/Library/Developer/Xcode/DerivedData/InkOS-hihmbestuurshsgyovxqmygopffq/Build/Products/Debug-iphonesimulator/MyScriptInteractiveInk-Runtime/MyScriptInteractiveInk_Runtime.modulemap' not found
fatal error: module map file '/Users/andrewallen/Library/Developer/Xcode/DerivedData/InkOS-hihmbestuurshsgyovxqmygopffq/Build/Products/Debug-iphonesimulator/MyScriptInteractiveInk-Runtime/MyScriptInteractiveInk_Runtime.modulemap' not found
fatal error: module map file '/Users/andrewallen/Library/Developer/Xcode/DerivedData/InkOS-hihmbestuurshsgyovxqmygopffq/Build/Products/Debug-iphonesimulator/MyScriptInteractiveInk-Runtime/MyScriptInteractiveInk_Runtime.modulemap' not found
 (in target 'InkOS' from project 'InkOS')
error: Clang dependency scanner failure: fatal error: module map file '/Users/andrewallen/Library/Developer/Xcode/DerivedData/InkOS-hihmbestuurshsgyovxqmygopffq/Build/Products/Debug-iphonesimulator/MyScriptInteractiveInk-Runtime/MyScriptInteractiveInk_Runtime.modulemap' not found
fatal error: module map file '/Users/andrewallen/Library/Developer/Xcode/DerivedData/InkOS-hihmbestuurshsgyovxqmygopffq/Build/Products/Debug-iphonesimulator/MyScriptInteractiveInk-Runtime/MyScriptInteractiveInk_Runtime.modulemap' not found
fatal error: module map file '/Users/andrewallen/Library/Developer/Xcode/DerivedData/InkOS-hihmbestuurshsgyovxqmygopffq/Build/Products/Debug-iphonesimulator/MyScriptInteractiveInk-Runtime/MyScriptInteractiveInk_Runtime.modulemap' not found
fatal error: module map file '/Users/andrewallen/Library/Developer/Xcode/DerivedData/InkOS-hihmbestuurshsgyovxqmygopffq/Build/Products/Debug-iphonesimulator/MyScriptInteractiveInk-Runtime/MyScriptInteractiveInk_Runtime.modulemap' not found
fatal error: module map file '/Users/andrewallen/Library/Developer/Xcode/DerivedData/InkOS-hihmbestuurshsgyovxqmygopffq/Build/Products/Debug-iphonesimulator/MyScriptInteractiveInk-Runtime/MyScriptInteractiveInk_Runtime.modulemap' not found
fatal error: module map file '/Users/andrewallen/Library/Developer/Xcode/DerivedData/InkOS-hihmbestuurshsgyovxqmygopffq/Build/Products/Debug-iphonesimulator/MyScriptInteractiveInk-Runtime/MyScriptInteractiveInk_Runtime.modulemap' not found
fatal error: module map file '/Users/andrewallen/Library/Developer/Xcode/DerivedData/InkOS-hihmbestuurshsgyovxqmygopffq/Build/Products/Debug-iphonesimulator/MyScriptInteractiveInk-Runtime/MyScriptInteractiveInk_Runtime.modulemap' not found
fatal error: module map file '/Users/andrewallen/Library/Developer/Xcode/DerivedData/InkOS-hihmbestuurshsgyovxqmygopffq/Build/Products/Debug-iphonesimulator/MyScriptInteractiveInk-Runtime/MyScriptInteractiveInk_Runtime.modulemap' not found
fatal error: module map file '/Users/andrewallen/Library/Developer/Xcode/DerivedData/InkOS-hihmbestuurshsgyovxqmygopffq/Build/Products/Debug-iphonesimulator/MyScriptInteractiveInk-Runtime/MyScriptInteractiveInk_Runtime.modulemap' not found
fatal error: module map file '/Users/andrewallen/Library/Developer/Xcode/DerivedData/InkOS-hihmbestuurshsgyovxqmygopffq/Build/Products/Debug-iphonesimulator/MyScriptInteractiveInk-Runtime/MyScriptInteractiveInk_Runtime.modulemap' not found
fatal error: module map file '/Users/andrewallen/Library/Developer/Xcode/DerivedData/InkOS-hihmbestuurshsgyovxqmygopffq/Build/Products/Debug-iphonesimulator/MyScriptInteractiveInk-Runtime/MyScriptInteractiveInk_Runtime.modulemap' not found
fatal error: module map file '/Users/andrewallen/Library/Developer/Xcode/DerivedData/InkOS-hihmbestuurshsgyovxqmygopffq/Build/Products/Debug-iphonesimulator/MyScriptInteractiveInk-Runtime/MyScriptInteractiveInk_Runtime.modulemap' not found
fatal error: module map file '/Users/andrewallen/Library/Developer/Xcode/DerivedData/InkOS-hihmbestuurshsgyovxqmygopffq/Build/Products/Debug-iphonesimulator/MyScriptInteractiveInk-Runtime/MyScriptInteractiveInk_Runtime.modulemap' not found
fatal error: module map file '/Users/andrewallen/Library/Developer/Xcode/DerivedData/InkOS-hihmbestuurshsgyovxqmygopffq/Build/Products/Debug-iphonesimulator/MyScriptInteractiveInk-Runtime/MyScriptInteractiveInk_Runtime.modulemap' not found
fatal error: module map file '/Users/andrewallen/Library/Developer/Xcode/DerivedData/InkOS-hihmbestuurshsgyovxqmygopffq/Build/Products/Debug-iphonesimulator/MyScriptInteractiveInk-Runtime/MyScriptInteractiveInk_Runtime.modulemap' not found
fatal error: module map file '/Users/andrewallen/Library/Developer/Xcode/DerivedData/InkOS-hihmbestuurshsgyovxqmygopffq/Build/Products/Debug-iphonesimulator/MyScriptInteractiveInk-Runtime/MyScriptInteractiveInk_Runtime.modulemap' not found
fatal error: module map file '/Users/andrewallen/Library/Developer/Xcode/DerivedData/InkOS-hihmbestuurshsgyovxqmygopffq/Build/Products/Debug-iphonesimulator/MyScriptInteractiveInk-Runtime/MyScriptInteractiveInk_Runtime.modulemap' not found
fatal error: module map file '/Users/andrewallen/Library/Developer/Xcode/DerivedData/InkOS-hihmbestuurshsgyovxqmygopffq/Build/Products/Debug-iphonesimulator/MyScriptInteractiveInk-Runtime/MyScriptInteractiveInk_Runtime.modulemap' not found
fatal error: module map file '/Users/andrewallen/Library/Developer/Xcode/DerivedData/InkOS-hihmbestuurshsgyovxqmygopffq/Build/Products/Debug-iphonesimulator/MyScriptInteractiveInk-Runtime/MyScriptInteractiveInk_Runtime.modulemap' not found
fatal error: module map file '/Users/andrewallen/Library/Developer/Xcode/DerivedData/InkOS-hihmbestuurshsgyovxqmygopffq/Build/Products/Debug-iphonesimulator/MyScriptInteractiveInk-Runtime/MyScriptInteractiveInk_Runtime.modulemap' not found
fatal error: module map file '/Users/andrewallen/Library/Developer/Xcode/DerivedData/InkOS-hihmbestuurshsgyovxqmygopffq/Build/Products/Debug-iphonesimulator/MyScriptInteractiveInk-Runtime/MyScriptInteractiveInk_Runtime.modulemap' not found
fatal error: module map file '/Users/andrewallen/Library/Developer/Xcode/DerivedData/InkOS-hihmbestuurshsgyovxqmygopffq/Build/Products/Debug-iphonesimulator/MyScriptInteractiveInk-Runtime/MyScriptInteractiveInk_Runtime.modulemap' not found
fatal error: module map file '/Users/andrewallen/Library/Developer/Xcode/DerivedData/InkOS-hihmbestuurshsgyovxqmygopffq/Build/Products/Debug-iphonesimulator/MyScriptInteractiveInk-Runtime/MyScriptInteractiveInk_Runtime.modulemap' not found
fatal error: module map file '/Users/andrewallen/Library/Developer/Xcode/DerivedData/InkOS-hihmbestuurshsgyovxqmygopffq/Build/Products/Debug-iphonesimulator/MyScriptInteractiveInk-Runtime/MyScriptInteractiveInk_Runtime.modulemap' not found
fatal error: module map file '/Users/andrewallen/Library/Developer/Xcode/DerivedData/InkOS-hihmbestuurshsgyovxqmygopffq/Build/Products/Debug-iphonesimulator/MyScriptInteractiveInk-Runtime/MyScriptInteractiveInk_Runtime.modulemap' not found
fatal error: module map file '/Users/andrewallen/Library/Developer/Xcode/DerivedData/InkOS-hihmbestuurshsgyovxqmygopffq/Build/Products/Debug-iphonesimulator/MyScriptInteractiveInk-Runtime/MyScriptInteractiveInk_Runtime.modulemap' not found
 (in target 'InkOS' from project 'InkOS')
error: Clang dependency scanner failure: fatal error: module map file '/Users/andrewallen/Library/Developer/Xcode/DerivedData/InkOS-hihmbestuurshsgyovxqmygopffq/Build/Products/Debug-iphonesimulator/MyScriptInteractiveInk-Runtime/MyScriptInteractiveInk_Runtime.modulemap' not found
fatal error: module map file '/Users/andrewallen/Library/Developer/Xcode/DerivedData/InkOS-hihmbestuurshsgyovxqmygopffq/Build/Products/Debug-iphonesimulator/MyScriptInteractiveInk-Runtime/MyScriptInteractiveInk_Runtime.modulemap' not found
fatal error: module map file '/Users/andrewallen/Library/Developer/Xcode/DerivedData/InkOS-hihmbestuurshsgyovxqmygopffq/Build/Products/Debug-iphonesimulator/MyScriptInteractiveInk-Runtime/MyScriptInteractiveInk_Runtime.modulemap' not found
fatal error: module map file '/Users/andrewallen/Library/Developer/Xcode/DerivedData/InkOS-hihmbestuurshsgyovxqmygopffq/Build/Products/Debug-iphonesimulator/MyScriptInteractiveInk-Runtime/MyScriptInteractiveInk_Runtime.modulemap' not found
fatal error: module map file '/Users/andrewallen/Library/Developer/Xcode/DerivedData/InkOS-hihmbestuurshsgyovxqmygopffq/Build/Products/Debug-iphonesimulator/MyScriptInteractiveInk-Runtime/MyScriptInteractiveInk_Runtime.modulemap' not found
fatal error: module map file '/Users/andrewallen/Library/Developer/Xcode/DerivedData/InkOS-hihmbestuurshsgyovxqmygopffq/Build/Products/Debug-iphonesimulator/MyScriptInteractiveInk-Runtime/MyScriptInteractiveInk_Runtime.modulemap' not found
fatal error: module map file '/Users/andrewallen/Library/Developer/Xcode/DerivedData/InkOS-hihmbestuurshsgyovxqmygopffq/Build/Products/Debug-iphonesimulator/MyScriptInteractiveInk-Runtime/MyScriptInteractiveInk_Runtime.modulemap' not found
fatal error: module map file '/Users/andrewallen/Library/Developer/Xcode/DerivedData/InkOS-hihmbestuurshsgyovxqmygopffq/Build/Products/Debug-iphonesimulator/MyScriptInteractiveInk-Runtime/MyScriptInteractiveInk_Runtime.modulemap' not found
fatal error: module map file '/Users/andrewallen/Library/Developer/Xcode/DerivedData/InkOS-hihmbestuurshsgyovxqmygopffq/Build/Products/Debug-iphonesimulator/MyScriptInteractiveInk-Runtime/MyScriptInteractiveInk_Runtime.modulemap' not found
fatal error: module map file '/Users/andrewallen/Library/Developer/Xcode/DerivedData/InkOS-hihmbestuurshsgyovxqmygopffq/Build/Products/Debug-iphonesimulator/MyScriptInteractiveInk-Runtime/MyScriptInteractiveInk_Runtime.modulemap' not found
fatal error: module map file '/Users/andrewallen/Library/Developer/Xcode/DerivedData/InkOS-hihmbestuurshsgyovxqmygopffq/Build/Products/Debug-iphonesimulator/MyScriptInteractiveInk-Runtime/MyScriptInteractiveInk_Runtime.modulemap' not found
fatal error: module map file '/Users/andrewallen/Library/Developer/Xcode/DerivedData/InkOS-hihmbestuurshsgyovxqmygopffq/Build/Products/Debug-iphonesimulator/MyScriptInteractiveInk-Runtime/MyScriptInteractiveInk_Runtime.modulemap' not found
fatal error: module map file '/Users/andrewallen/Library/Developer/Xcode/DerivedData/InkOS-hihmbestuurshsgyovxqmygopffq/Build/Products/Debug-iphonesimulator/MyScriptInteractiveInk-Runtime/MyScriptInteractiveInk_Runtime.modulemap' not found
fatal error: module map file '/Users/andrewallen/Library/Developer/Xcode/DerivedData/InkOS-hihmbestuurshsgyovxqmygopffq/Build/Products/Debug-iphonesimulator/MyScriptInteractiveInk-Runtime/MyScriptInteractiveInk_Runtime.modulemap' not found
fatal error: module map file '/Users/andrewallen/Library/Developer/Xcode/DerivedData/InkOS-hihmbestuurshsgyovxqmygopffq/Build/Products/Debug-iphonesimulator/MyScriptInteractiveInk-Runtime/MyScriptInteractiveInk_Runtime.modulemap' not found
fatal error: module map file '/Users/andrewallen/Library/Developer/Xcode/DerivedData/InkOS-hihmbestuurshsgyovxqmygopffq/Build/Products/Debug-iphonesimulator/MyScriptInteractiveInk-Runtime/MyScriptInteractiveInk_Runtime.modulemap' not found
fatal error: module map file '/Users/andrewallen/Library/Developer/Xcode/DerivedData/InkOS-hihmbestuurshsgyovxqmygopffq/Build/Products/Debug-iphonesimulator/MyScriptInteractiveInk-Runtime/MyScriptInteractiveInk_Runtime.modulemap' not found
fatal error: module map file '/Users/andrewallen/Library/Developer/Xcode/DerivedData/InkOS-hihmbestuurshsgyovxqmygopffq/Build/Products/Debug-iphonesimulator/MyScriptInteractiveInk-Runtime/MyScriptInteractiveInk_Runtime.modulemap' not found
fatal error: module map file '/Users/andrewallen/Library/Developer/Xcode/DerivedData/InkOS-hihmbestuurshsgyovxqmygopffq/Build/Products/Debug-iphonesimulator/MyScriptInteractiveInk-Runtime/MyScriptInteractiveInk_Runtime.modulemap' not found
fatal error: module map file '/Users/andrewallen/Library/Developer/Xcode/DerivedData/InkOS-hihmbestuurshsgyovxqmygopffq/Build/Products/Debug-iphonesimulator/MyScriptInteractiveInk-Runtime/MyScriptInteractiveInk_Runtime.modulemap' not found
fatal error: module map file '/Users/andrewallen/Library/Developer/Xcode/DerivedData/InkOS-hihmbestuurshsgyovxqmygopffq/Build/Products/Debug-iphonesimulator/MyScriptInteractiveInk-Runtime/MyScriptInteractiveInk_Runtime.modulemap' not found
fatal error: module map file '/Users/andrewallen/Library/Developer/Xcode/DerivedData/InkOS-hihmbestuurshsgyovxqmygopffq/Build/Products/Debug-iphonesimulator/MyScriptInteractiveInk-Runtime/MyScriptInteractiveInk_Runtime.modulemap' not found
fatal error: module map file '/Users/andrewallen/Library/Developer/Xcode/DerivedData/InkOS-hihmbestuurshsgyovxqmygopffq/Build/Products/Debug-iphonesimulator/MyScriptInteractiveInk-Runtime/MyScriptInteractiveInk_Runtime.modulemap' not found
fatal error: module map file '/Users/andrewallen/Library/Developer/Xcode/DerivedData/InkOS-hihmbestuurshsgyovxqmygopffq/Build/Products/Debug-iphonesimulator/MyScriptInteractiveInk-Runtime/MyScriptInteractiveInk_Runtime.modulemap' not found
fatal error: module map file '/Users/andrewallen/Library/Developer/Xcode/DerivedData/InkOS-hihmbestuurshsgyovxqmygopffq/Build/Products/Debug-iphonesimulator/MyScriptInteractiveInk-Runtime/MyScriptInteractiveInk_Runtime.modulemap' not found
fatal error: module map file '/Users/andrewallen/Library/Developer/Xcode/DerivedData/InkOS-hihmbestuurshsgyovxqmygopffq/Build/Products/Debug-iphonesimulator/MyScriptInteractiveInk-Runtime/MyScriptInteractiveInk_Runtime.modulemap' not found
fatal error: module map file '/Users/andrewallen/Library/Developer/Xcode/DerivedData/InkOS-hihmbestuurshsgyovxqmygopffq/Build/Products/Debug-iphonesimulator/MyScriptInteractiveInk-Runtime/MyScriptInteractiveInk_Runtime.modulemap' not found
fatal error: module map file '/Users/andrewallen/Library/Developer/Xcode/DerivedData/InkOS-hihmbestuurshsgyovxqmygopffq/Build/Products/Debug-iphonesimulator/MyScriptInteractiveInk-Runtime/MyScriptInteractiveInk_Runtime.modulemap' not found
fatal error: module map file '/Users/andrewallen/Library/Developer/Xcode/DerivedData/InkOS-hihmbestuurshsgyovxqmygopffq/Build/Products/Debug-iphonesimulator/MyScriptInteractiveInk-Runtime/MyScriptInteractiveInk_Runtime.modulemap' not found
fatal error: module map file '/Users/andrewallen/Library/Developer/Xcode/DerivedData/InkOS-hihmbestuurshsgyovxqmygopffq/Build/Products/Debug-iphonesimulator/MyScriptInteractiveInk-Runtime/MyScriptInteractiveInk_Runtime.modulemap' not found
 (in target 'InkOS' from project 'InkOS')
error: Clang dependency scanner failure: fatal error: module map file '/Users/andrewallen/Library/Developer/Xcode/DerivedData/InkOS-hihmbestuurshsgyovxqmygopffq/Build/Products/Debug-iphonesimulator/MyScriptInteractiveInk-Runtime/MyScriptInteractiveInk_Runtime.modulemap' not found
fatal error: module map file '/Users/andrewallen/Library/Developer/Xcode/DerivedData/InkOS-hihmbestuurshsgyovxqmygopffq/Build/Products/Debug-iphonesimulator/MyScriptInteractiveInk-Runtime/MyScriptInteractiveInk_Runtime.modulemap' not found
fatal error: module map file '/Users/andrewallen/Library/Developer/Xcode/DerivedData/InkOS-hihmbestuurshsgyovxqmygopffq/Build/Products/Debug-iphonesimulator/MyScriptInteractiveInk-Runtime/MyScriptInteractiveInk_Runtime.modulemap' not found
fatal error: module map file '/Users/andrewallen/Library/Developer/Xcode/DerivedData/InkOS-hihmbestuurshsgyovxqmygopffq/Build/Products/Debug-iphonesimulator/MyScriptInteractiveInk-Runtime/MyScriptInteractiveInk_Runtime.modulemap' not found
fatal error: module map file '/Users/andrewallen/Library/Developer/Xcode/DerivedData/InkOS-hihmbestuurshsgyovxqmygopffq/Build/Products/Debug-iphonesimulator/MyScriptInteractiveInk-Runtime/MyScriptInteractiveInk_Runtime.modulemap' not found
fatal error: module map file '/Users/andrewallen/Library/Developer/Xcode/DerivedData/InkOS-hihmbestuurshsgyovxqmygopffq/Build/Products/Debug-iphonesimulator/MyScriptInteractiveInk-Runtime/MyScriptInteractiveInk_Runtime.modulemap' not found
fatal error: module map file '/Users/andrewallen/Library/Developer/Xcode/DerivedData/InkOS-hihmbestuurshsgyovxqmygopffq/Build/Products/Debug-iphonesimulator/MyScriptInteractiveInk-Runtime/MyScriptInteractiveInk_Runtime.modulemap' not found
fatal error: module map file '/Users/andrewallen/Library/Developer/Xcode/DerivedData/InkOS-hihmbestuurshsgyovxqmygopffq/Build/Products/Debug-iphonesimulator/MyScriptInteractiveInk-Runtime/MyScriptInteractiveInk_Runtime.modulemap' not found
fatal error: module map file '/Users/andrewallen/Library/Developer/Xcode/DerivedData/InkOS-hihmbestuurshsgyovxqmygopffq/Build/Products/Debug-iphonesimulator/MyScriptInteractiveInk-Runtime/MyScriptInteractiveInk_Runtime.modulemap' not found
fatal error: module map file '/Users/andrewallen/Library/Developer/Xcode/DerivedData/InkOS-hihmbestuurshsgyovxqmygopffq/Build/Products/Debug-iphonesimulator/MyScriptInteractiveInk-Runtime/MyScriptInteractiveInk_Runtime.modulemap' not found
fatal error: module map file '/Users/andrewallen/Library/Developer/Xcode/DerivedData/InkOS-hihmbestuurshsgyovxqmygopffq/Build/Products/Debug-iphonesimulator/MyScriptInteractiveInk-Runtime/MyScriptInteractiveInk_Runtime.modulemap' not found
fatal error: module map file '/Users/andrewallen/Library/Developer/Xcode/DerivedData/InkOS-hihmbestuurshsgyovxqmygopffq/Build/Products/Debug-iphonesimulator/MyScriptInteractiveInk-Runtime/MyScriptInteractiveInk_Runtime.modulemap' not found
fatal error: module map file '/Users/andrewallen/Library/Developer/Xcode/DerivedData/InkOS-hihmbestuurshsgyovxqmygopffq/Build/Products/Debug-iphonesimulator/MyScriptInteractiveInk-Runtime/MyScriptInteractiveInk_Runtime.modulemap' not found
fatal error: module map file '/Users/andrewallen/Library/Developer/Xcode/DerivedData/InkOS-hihmbestuurshsgyovxqmygopffq/Build/Products/Debug-iphonesimulator/MyScriptInteractiveInk-Runtime/MyScriptInteractiveInk_Runtime.modulemap' not found
fatal error: module map file '/Users/andrewallen/Library/Developer/Xcode/DerivedData/InkOS-hihmbestuurshsgyovxqmygopffq/Build/Products/Debug-iphonesimulator/MyScriptInteractiveInk-Runtime/MyScriptInteractiveInk_Runtime.modulemap' not found
fatal error: module map file '/Users/andrewallen/Library/Developer/Xcode/DerivedData/InkOS-hihmbestuurshsgyovxqmygopffq/Build/Products/Debug-iphonesimulator/MyScriptInteractiveInk-Runtime/MyScriptInteractiveInk_Runtime.modulemap' not found
fatal error: module map file '/Users/andrewallen/Library/Developer/Xcode/DerivedData/InkOS-hihmbestuurshsgyovxqmygopffq/Build/Products/Debug-iphonesimulator/MyScriptInteractiveInk-Runtime/MyScriptInteractiveInk_Runtime.modulemap' not found
fatal error: module map file '/Users/andrewallen/Library/Developer/Xcode/DerivedData/InkOS-hihmbestuurshsgyovxqmygopffq/Build/Products/Debug-iphonesimulator/MyScriptInteractiveInk-Runtime/MyScriptInteractiveInk_Runtime.modulemap' not found
fatal error: module map file '/Users/andrewallen/Library/Developer/Xcode/DerivedData/InkOS-hihmbestuurshsgyovxqmygopffq/Build/Products/Debug-iphonesimulator/MyScriptInteractiveInk-Runtime/MyScriptInteractiveInk_Runtime.modulemap' not found
fatal error: module map file '/Users/andrewallen/Library/Developer/Xcode/DerivedData/InkOS-hihmbestuurshsgyovxqmygopffq/Build/Products/Debug-iphonesimulator/MyScriptInteractiveInk-Runtime/MyScriptInteractiveInk_Runtime.modulemap' not found
fatal error: module map file '/Users/andrewallen/Library/Developer/Xcode/DerivedData/InkOS-hihmbestuurshsgyovxqmygopffq/Build/Products/Debug-iphonesimulator/MyScriptInteractiveInk-Runtime/MyScriptInteractiveInk_Runtime.modulemap' not found
fatal error: module map file '/Users/andrewallen/Library/Developer/Xcode/DerivedData/InkOS-hihmbestuurshsgyovxqmygopffq/Build/Products/Debug-iphonesimulator/MyScriptInteractiveInk-Runtime/MyScriptInteractiveInk_Runtime.modulemap' not found
fatal error: module map file '/Users/andrewallen/Library/Developer/Xcode/DerivedData/InkOS-hihmbestuurshsgyovxqmygopffq/Build/Products/Debug-iphonesimulator/MyScriptInteractiveInk-Runtime/MyScriptInteractiveInk_Runtime.modulemap' not found
fatal error: module map file '/Users/andrewallen/Library/Developer/Xcode/DerivedData/InkOS-hihmbestuurshsgyovxqmygopffq/Build/Products/Debug-iphonesimulator/MyScriptInteractiveInk-Runtime/MyScriptInteractiveInk_Runtime.modulemap' not found
fatal error: module map file '/Users/andrewallen/Library/Developer/Xcode/DerivedData/InkOS-hihmbestuurshsgyovxqmygopffq/Build/Products/Debug-iphonesimulator/MyScriptInteractiveInk-Runtime/MyScriptInteractiveInk_Runtime.modulemap' not found
fatal error: module map file '/Users/andrewallen/Library/Developer/Xcode/DerivedData/InkOS-hihmbestuurshsgyovxqmygopffq/Build/Products/Debug-iphonesimulator/MyScriptInteractiveInk-Runtime/MyScriptInteractiveInk_Runtime.modulemap' not found
fatal error: module map file '/Users/andrewallen/Library/Developer/Xcode/DerivedData/InkOS-hihmbestuurshsgyovxqmygopffq/Build/Products/Debug-iphonesimulator/MyScriptInteractiveInk-Runtime/MyScriptInteractiveInk_Runtime.modulemap' not found
fatal error: module map file '/Users/andrewallen/Library/Developer/Xcode/DerivedData/InkOS-hihmbestuurshsgyovxqmygopffq/Build/Products/Debug-iphonesimulator/MyScriptInteractiveInk-Runtime/MyScriptInteractiveInk_Runtime.modulemap' not found
fatal error: module map file '/Users/andrewallen/Library/Developer/Xcode/DerivedData/InkOS-hihmbestuurshsgyovxqmygopffq/Build/Products/Debug-iphonesimulator/MyScriptInteractiveInk-Runtime/MyScriptInteractiveInk_Runtime.modulemap' not found
fatal error: module map file '/Users/andrewallen/Library/Developer/Xcode/DerivedData/InkOS-hihmbestuurshsgyovxqmygopffq/Build/Products/Debug-iphonesimulator/MyScriptInteractiveInk-Runtime/MyScriptInteractiveInk_Runtime.modulemap' not found
fatal error: module map file '/Users/andrewallen/Library/Developer/Xcode/DerivedData/InkOS-hihmbestuurshsgyovxqmygopffq/Build/Products/Debug-iphonesimulator/MyScriptInteractiveInk-Runtime/MyScriptInteractiveInk_Runtime.modulemap' not found
fatal error: module map file '/Users/andrewallen/Library/Developer/Xcode/DerivedData/InkOS-hihmbestuurshsgyovxqmygopffq/Build/Products/Debug-iphonesimulator/MyScriptInteractiveInk-Runtime/MyScriptInteractiveInk_Runtime.modulemap' not found
 (in target 'InkOS' from project 'InkOS')
error: Clang dependency scanner failure: fatal error: module map file '/Users/andrewallen/Library/Developer/Xcode/DerivedData/InkOS-hihmbestuurshsgyovxqmygopffq/Build/Products/Debug-iphonesimulator/MyScriptInteractiveInk-Runtime/MyScriptInteractiveInk_Runtime.modulemap' not found
fatal error: module map file '/Users/andrewallen/Library/Developer/Xcode/DerivedData/InkOS-hihmbestuurshsgyovxqmygopffq/Build/Products/Debug-iphonesimulator/MyScriptInteractiveInk-Runtime/MyScriptInteractiveInk_Runtime.modulemap' not found
fatal error: module map file '/Users/andrewallen/Library/Developer/Xcode/DerivedData/InkOS-hihmbestuurshsgyovxqmygopffq/Build/Products/Debug-iphonesimulator/MyScriptInteractiveInk-Runtime/MyScriptInteractiveInk_Runtime.modulemap' not found
fatal error: module map file '/Users/andrewallen/Library/Developer/Xcode/DerivedData/InkOS-hihmbestuurshsgyovxqmygopffq/Build/Products/Debug-iphonesimulator/MyScriptInteractiveInk-Runtime/MyScriptInteractiveInk_Runtime.modulemap' not found
fatal error: module map file '/Users/andrewallen/Library/Developer/Xcode/DerivedData/InkOS-hihmbestuurshsgyovxqmygopffq/Build/Products/Debug-iphonesimulator/MyScriptInteractiveInk-Runtime/MyScriptInteractiveInk_Runtime.modulemap' not found
fatal error: module map file '/Users/andrewallen/Library/Developer/Xcode/DerivedData/InkOS-hihmbestuurshsgyovxqmygopffq/Build/Products/Debug-iphonesimulator/MyScriptInteractiveInk-Runtime/MyScriptInteractiveInk_Runtime.modulemap' not found
fatal error: module map file '/Users/andrewallen/Library/Developer/Xcode/DerivedData/InkOS-hihmbestuurshsgyovxqmygopffq/Build/Products/Debug-iphonesimulator/MyScriptInteractiveInk-Runtime/MyScriptInteractiveInk_Runtime.modulemap' not found
fatal error: module map file '/Users/andrewallen/Library/Developer/Xcode/DerivedData/InkOS-hihmbestuurshsgyovxqmygopffq/Build/Products/Debug-iphonesimulator/MyScriptInteractiveInk-Runtime/MyScriptInteractiveInk_Runtime.modulemap' not found
 (in target 'InkOS' from project 'InkOS')
error: Clang dependency scanner failure: fatal error: module map file '/Users/andrewallen/Library/Developer/Xcode/DerivedData/InkOS-hihmbestuurshsgyovxqmygopffq/Build/Products/Debug-iphonesimulator/MyScriptInteractiveInk-Runtime/MyScriptInteractiveInk_Runtime.modulemap' not found
fatal error: module map file '/Users/andrewallen/Library/Developer/Xcode/DerivedData/InkOS-hihmbestuurshsgyovxqmygopffq/Build/Products/Debug-iphonesimulator/MyScriptInteractiveInk-Runtime/MyScriptInteractiveInk_Runtime.modulemap' not found
fatal error: module map file '/Users/andrewallen/Library/Developer/Xcode/DerivedData/InkOS-hihmbestuurshsgyovxqmygopffq/Build/Products/Debug-iphonesimulator/MyScriptInteractiveInk-Runtime/MyScriptInteractiveInk_Runtime.modulemap' not found
fatal error: module map file '/Users/andrewallen/Library/Developer/Xcode/DerivedData/InkOS-hihmbestuurshsgyovxqmygopffq/Build/Products/Debug-iphonesimulator/MyScriptInteractiveInk-Runtime/MyScriptInteractiveInk_Runtime.modulemap' not found
fatal error: module map file '/Users/andrewallen/Library/Developer/Xcode/DerivedData/InkOS-hihmbestuurshsgyovxqmygopffq/Build/Products/Debug-iphonesimulator/MyScriptInteractiveInk-Runtime/MyScriptInteractiveInk_Runtime.modulemap' not found
fatal error: module map file '/Users/andrewallen/Library/Developer/Xcode/DerivedData/InkOS-hihmbestuurshsgyovxqmygopffq/Build/Products/Debug-iphonesimulator/MyScriptInteractiveInk-Runtime/MyScriptInteractiveInk_Runtime.modulemap' not found
fatal error: module map file '/Users/andrewallen/Library/Developer/Xcode/DerivedData/InkOS-hihmbestuurshsgyovxqmygopffq/Build/Products/Debug-iphonesimulator/MyScriptInteractiveInk-Runtime/MyScriptInteractiveInk_Runtime.modulemap' not found
fatal error: module map file '/Users/andrewallen/Library/Developer/Xcode/DerivedData/InkOS-hihmbestuurshsgyovxqmygopffq/Build/Products/Debug-iphonesimulator/MyScriptInteractiveInk-Runtime/MyScriptInteractiveInk_Runtime.modulemap' not found
fatal error: module map file '/Users/andrewallen/Library/Developer/Xcode/DerivedData/InkOS-hihmbestuurshsgyovxqmygopffq/Build/Products/Debug-iphonesimulator/MyScriptInteractiveInk-Runtime/MyScriptInteractiveInk_Runtime.modulemap' not found
fatal error: module map file '/Users/andrewallen/Library/Developer/Xcode/DerivedData/InkOS-hihmbestuurshsgyovxqmygopffq/Build/Products/Debug-iphonesimulator/MyScriptInteractiveInk-Runtime/MyScriptInteractiveInk_Runtime.modulemap' not found
fatal error: module map file '/Users/andrewallen/Library/Developer/Xcode/DerivedData/InkOS-hihmbestuurshsgyovxqmygopffq/Build/Products/Debug-iphonesimulator/MyScriptInteractiveInk-Runtime/MyScriptInteractiveInk_Runtime.modulemap' not found
fatal error: module map file '/Users/andrewallen/Library/Developer/Xcode/DerivedData/InkOS-hihmbestuurshsgyovxqmygopffq/Build/Products/Debug-iphonesimulator/MyScriptInteractiveInk-Runtime/MyScriptInteractiveInk_Runtime.modulemap' not found
fatal error: module map file '/Users/andrewallen/Library/Developer/Xcode/DerivedData/InkOS-hihmbestuurshsgyovxqmygopffq/Build/Products/Debug-iphonesimulator/MyScriptInteractiveInk-Runtime/MyScriptInteractiveInk_Runtime.modulemap' not found
fatal error: module map file '/Users/andrewallen/Library/Developer/Xcode/DerivedData/InkOS-hihmbestuurshsgyovxqmygopffq/Build/Products/Debug-iphonesimulator/MyScriptInteractiveInk-Runtime/MyScriptInteractiveInk_Runtime.modulemap' not found
fatal error: module map file '/Users/andrewallen/Library/Developer/Xcode/DerivedData/InkOS-hihmbestuurshsgyovxqmygopffq/Build/Products/Debug-iphonesimulator/MyScriptInteractiveInk-Runtime/MyScriptInteractiveInk_Runtime.modulemap' not found
fatal error: module map file '/Users/andrewallen/Library/Developer/Xcode/DerivedData/InkOS-hihmbestuurshsgyovxqmygopffq/Build/Products/Debug-iphonesimulator/MyScriptInteractiveInk-Runtime/MyScriptInteractiveInk_Runtime.modulemap' not found
fatal error: module map file '/Users/andrewallen/Library/Developer/Xcode/DerivedData/InkOS-hihmbestuurshsgyovxqmygopffq/Build/Products/Debug-iphonesimulator/MyScriptInteractiveInk-Runtime/MyScriptInteractiveInk_Runtime.modulemap' not found
fatal error: module map file '/Users/andrewallen/Library/Developer/Xcode/DerivedData/InkOS-hihmbestuurshsgyovxqmygopffq/Build/Products/Debug-iphonesimulator/MyScriptInteractiveInk-Runtime/MyScriptInteractiveInk_Runtime.modulemap' not found
fatal error: module map file '/Users/andrewallen/Library/Developer/Xcode/DerivedData/InkOS-hihmbestuurshsgyovxqmygopffq/Build/Products/Debug-iphonesimulator/MyScriptInteractiveInk-Runtime/MyScriptInteractiveInk_Runtime.modulemap' not found
fatal error: module map file '/Users/andrewallen/Library/Developer/Xcode/DerivedData/InkOS-hihmbestuurshsgyovxqmygopffq/Build/Products/Debug-iphonesimulator/MyScriptInteractiveInk-Runtime/MyScriptInteractiveInk_Runtime.modulemap' not found
fatal error: module map file '/Users/andrewallen/Library/Developer/Xcode/DerivedData/InkOS-hihmbestuurshsgyovxqmygopffq/Build/Products/Debug-iphonesimulator/MyScriptInteractiveInk-Runtime/MyScriptInteractiveInk_Runtime.modulemap' not found
 (in target 'InkOS' from project 'InkOS')
error: Clang dependency scanner failure: fatal error: module map file '/Users/andrewallen/Library/Developer/Xcode/DerivedData/InkOS-hihmbestuurshsgyovxqmygopffq/Build/Products/Debug-iphonesimulator/MyScriptInteractiveInk-Runtime/MyScriptInteractiveInk_Runtime.modulemap' not found
fatal error: module map file '/Users/andrewallen/Library/Developer/Xcode/DerivedData/InkOS-hihmbestuurshsgyovxqmygopffq/Build/Products/Debug-iphonesimulator/MyScriptInteractiveInk-Runtime/MyScriptInteractiveInk_Runtime.modulemap' not found
fatal error: module map file '/Users/andrewallen/Library/Developer/Xcode/DerivedData/InkOS-hihmbestuurshsgyovxqmygopffq/Build/Products/Debug-iphonesimulator/MyScriptInteractiveInk-Runtime/MyScriptInteractiveInk_Runtime.modulemap' not found
fatal error: module map file '/Users/andrewallen/Library/Developer/Xcode/DerivedData/InkOS-hihmbestuurshsgyovxqmygopffq/Build/Products/Debug-iphonesimulator/MyScriptInteractiveInk-Runtime/MyScriptInteractiveInk_Runtime.modulemap' not found
fatal error: module map file '/Users/andrewallen/Library/Developer/Xcode/DerivedData/InkOS-hihmbestuurshsgyovxqmygopffq/Build/Products/Debug-iphonesimulator/MyScriptInteractiveInk-Runtime/MyScriptInteractiveInk_Runtime.modulemap' not found
fatal error: module map file '/Users/andrewallen/Library/Developer/Xcode/DerivedData/InkOS-hihmbestuurshsgyovxqmygopffq/Build/Products/Debug-iphonesimulator/MyScriptInteractiveInk-Runtime/MyScriptInteractiveInk_Runtime.modulemap' not found
fatal error: module map file '/Users/andrewallen/Library/Developer/Xcode/DerivedData/InkOS-hihmbestuurshsgyovxqmygopffq/Build/Products/Debug-iphonesimulator/MyScriptInteractiveInk-Runtime/MyScriptInteractiveInk_Runtime.modulemap' not found
fatal error: module map file '/Users/andrewallen/Library/Developer/Xcode/DerivedData/InkOS-hihmbestuurshsgyovxqmygopffq/Build/Products/Debug-iphonesimulator/MyScriptInteractiveInk-Runtime/MyScriptInteractiveInk_Runtime.modulemap' not found
fatal error: module map file '/Users/andrewallen/Library/Developer/Xcode/DerivedData/InkOS-hihmbestuurshsgyovxqmygopffq/Build/Products/Debug-iphonesimulator/MyScriptInteractiveInk-Runtime/MyScriptInteractiveInk_Runtime.modulemap' not found
fatal error: module map file '/Users/andrewallen/Library/Developer/Xcode/DerivedData/InkOS-hihmbestuurshsgyovxqmygopffq/Build/Products/Debug-iphonesimulator/MyScriptInteractiveInk-Runtime/MyScriptInteractiveInk_Runtime.modulemap' not found
fatal error: module map file '/Users/andrewallen/Library/Developer/Xcode/DerivedData/InkOS-hihmbestuurshsgyovxqmygopffq/Build/Products/Debug-iphonesimulator/MyScriptInteractiveInk-Runtime/MyScriptInteractiveInk_Runtime.modulemap' not found
fatal error: module map file '/Users/andrewallen/Library/Developer/Xcode/DerivedData/InkOS-hihmbestuurshsgyovxqmygopffq/Build/Products/Debug-iphonesimulator/MyScriptInteractiveInk-Runtime/MyScriptInteractiveInk_Runtime.modulemap' not found
fatal error: module map file '/Users/andrewallen/Library/Developer/Xcode/DerivedData/InkOS-hihmbestuurshsgyovxqmygopffq/Build/Products/Debug-iphonesimulator/MyScriptInteractiveInk-Runtime/MyScriptInteractiveInk_Runtime.modulemap' not found
fatal error: module map file '/Users/andrewallen/Library/Developer/Xcode/DerivedData/InkOS-hihmbestuurshsgyovxqmygopffq/Build/Products/Debug-iphonesimulator/MyScriptInteractiveInk-Runtime/MyScriptInteractiveInk_Runtime.modulemap' not found
fatal error: module map file '/Users/andrewallen/Library/Developer/Xcode/DerivedData/InkOS-hihmbestuurshsgyovxqmygopffq/Build/Products/Debug-iphonesimulator/MyScriptInteractiveInk-Runtime/MyScriptInteractiveInk_Runtime.modulemap' not found
fatal error: module map file '/Users/andrewallen/Library/Developer/Xcode/DerivedData/InkOS-hihmbestuurshsgyovxqmygopffq/Build/Products/Debug-iphonesimulator/MyScriptInteractiveInk-Runtime/MyScriptInteractiveInk_Runtime.modulemap' not found
fatal error: module map file '/Users/andrewallen/Library/Developer/Xcode/DerivedData/InkOS-hihmbestuurshsgyovxqmygopffq/Build/Products/Debug-iphonesimulator/MyScriptInteractiveInk-Runtime/MyScriptInteractiveInk_Runtime.modulemap' not found
fatal error: module map file '/Users/andrewallen/Library/Developer/Xcode/DerivedData/InkOS-hihmbestuurshsgyovxqmygopffq/Build/Products/Debug-iphonesimulator/MyScriptInteractiveInk-Runtime/MyScriptInteractiveInk_Runtime.modulemap' not found
fatal error: module map file '/Users/andrewallen/Library/Developer/Xcode/DerivedData/InkOS-hihmbestuurshsgyovxqmygopffq/Build/Products/Debug-iphonesimulator/MyScriptInteractiveInk-Runtime/MyScriptInteractiveInk_Runtime.modulemap' not found
fatal error: module map file '/Users/andrewallen/Library/Developer/Xcode/DerivedData/InkOS-hihmbestuurshsgyovxqmygopffq/Build/Products/Debug-iphonesimulator/MyScriptInteractiveInk-Runtime/MyScriptInteractiveInk_Runtime.modulemap' not found
fatal error: module map file '/Users/andrewallen/Library/Developer/Xcode/DerivedData/InkOS-hihmbestuurshsgyovxqmygopffq/Build/Products/Debug-iphonesimulator/MyScriptInteractiveInk-Runtime/MyScriptInteractiveInk_Runtime.modulemap' not found
fatal error: module map file '/Users/andrewallen/Library/Developer/Xcode/DerivedData/InkOS-hihmbestuurshsgyovxqmygopffq/Build/Products/Debug-iphonesimulator/MyScriptInteractiveInk-Runtime/MyScriptInteractiveInk_Runtime.modulemap' not found
fatal error: module map file '/Users/andrewallen/Library/Developer/Xcode/DerivedData/InkOS-hihmbestuurshsgyovxqmygopffq/Build/Products/Debug-iphonesimulator/MyScriptInteractiveInk-Runtime/MyScriptInteractiveInk_Runtime.modulemap' not found
fatal error: module map file '/Users/andrewallen/Library/Developer/Xcode/DerivedData/InkOS-hihmbestuurshsgyovxqmygopffq/Build/Products/Debug-iphonesimulator/MyScriptInteractiveInk-Runtime/MyScriptInteractiveInk_Runtime.modulemap' not found
fatal error: module map file '/Users/andrewallen/Library/Developer/Xcode/DerivedData/InkOS-hihmbestuurshsgyovxqmygopffq/Build/Products/Debug-iphonesimulator/MyScriptInteractiveInk-Runtime/MyScriptInteractiveInk_Runtime.modulemap' not found
 (in target 'InkOS' from project 'InkOS')
error: Clang dependency scanner failure: fatal error: module map file '/Users/andrewallen/Library/Developer/Xcode/DerivedData/InkOS-hihmbestuurshsgyovxqmygopffq/Build/Products/Debug-iphonesimulator/MyScriptInteractiveInk-Runtime/MyScriptInteractiveInk_Runtime.modulemap' not found
fatal error: module map file '/Users/andrewallen/Library/Developer/Xcode/DerivedData/InkOS-hihmbestuurshsgyovxqmygopffq/Build/Products/Debug-iphonesimulator/MyScriptInteractiveInk-Runtime/MyScriptInteractiveInk_Runtime.modulemap' not found
fatal error: module map file '/Users/andrewallen/Library/Developer/Xcode/DerivedData/InkOS-hihmbestuurshsgyovxqmygopffq/Build/Products/Debug-iphonesimulator/MyScriptInteractiveInk-Runtime/MyScriptInteractiveInk_Runtime.modulemap' not found
fatal error: module map file '/Users/andrewallen/Library/Developer/Xcode/DerivedData/InkOS-hihmbestuurshsgyovxqmygopffq/Build/Products/Debug-iphonesimulator/MyScriptInteractiveInk-Runtime/MyScriptInteractiveInk_Runtime.modulemap' not found
fatal error: module map file '/Users/andrewallen/Library/Developer/Xcode/DerivedData/InkOS-hihmbestuurshsgyovxqmygopffq/Build/Products/Debug-iphonesimulator/MyScriptInteractiveInk-Runtime/MyScriptInteractiveInk_Runtime.modulemap' not found
fatal error: module map file '/Users/andrewallen/Library/Developer/Xcode/DerivedData/InkOS-hihmbestuurshsgyovxqmygopffq/Build/Products/Debug-iphonesimulator/MyScriptInteractiveInk-Runtime/MyScriptInteractiveInk_Runtime.modulemap' not found
fatal error: module map file '/Users/andrewallen/Library/Developer/Xcode/DerivedData/InkOS-hihmbestuurshsgyovxqmygopffq/Build/Products/Debug-iphonesimulator/MyScriptInteractiveInk-Runtime/MyScriptInteractiveInk_Runtime.modulemap' not found
fatal error: module map file '/Users/andrewallen/Library/Developer/Xcode/DerivedData/InkOS-hihmbestuurshsgyovxqmygopffq/Build/Products/Debug-iphonesimulator/MyScriptInteractiveInk-Runtime/MyScriptInteractiveInk_Runtime.modulemap' not found
fatal error: module map file '/Users/andrewallen/Library/Developer/Xcode/DerivedData/InkOS-hihmbestuurshsgyovxqmygopffq/Build/Products/Debug-iphonesimulator/MyScriptInteractiveInk-Runtime/MyScriptInteractiveInk_Runtime.modulemap' not found
 (in target 'InkOS' from project 'InkOS')
error: Clang dependency scanner failure: fatal error: module map file '/Users/andrewallen/Library/Developer/Xcode/DerivedData/InkOS-hihmbestuurshsgyovxqmygopffq/Build/Products/Debug-iphonesimulator/MyScriptInteractiveInk-Runtime/MyScriptInteractiveInk_Runtime.modulemap' not found
fatal error: module map file '/Users/andrewallen/Library/Developer/Xcode/DerivedData/InkOS-hihmbestuurshsgyovxqmygopffq/Build/Products/Debug-iphonesimulator/MyScriptInteractiveInk-Runtime/MyScriptInteractiveInk_Runtime.modulemap' not found
fatal error: module map file '/Users/andrewallen/Library/Developer/Xcode/DerivedData/InkOS-hihmbestuurshsgyovxqmygopffq/Build/Products/Debug-iphonesimulator/MyScriptInteractiveInk-Runtime/MyScriptInteractiveInk_Runtime.modulemap' not found
fatal error: module map file '/Users/andrewallen/Library/Developer/Xcode/DerivedData/InkOS-hihmbestuurshsgyovxqmygopffq/Build/Products/Debug-iphonesimulator/MyScriptInteractiveInk-Runtime/MyScriptInteractiveInk_Runtime.modulemap' not found
fatal error: module map file '/Users/andrewallen/Library/Developer/Xcode/DerivedData/InkOS-hihmbestuurshsgyovxqmygopffq/Build/Products/Debug-iphonesimulator/MyScriptInteractiveInk-Runtime/MyScriptInteractiveInk_Runtime.modulemap' not found
fatal error: module map file '/Users/andrewallen/Library/Developer/Xcode/DerivedData/InkOS-hihmbestuurshsgyovxqmygopffq/Build/Products/Debug-iphonesimulator/MyScriptInteractiveInk-Runtime/MyScriptInteractiveInk_Runtime.modulemap' not found
fatal error: module map file '/Users/andrewallen/Library/Developer/Xcode/DerivedData/InkOS-hihmbestuurshsgyovxqmygopffq/Build/Products/Debug-iphonesimulator/MyScriptInteractiveInk-Runtime/MyScriptInteractiveInk_Runtime.modulemap' not found
fatal error: module map file '/Users/andrewallen/Library/Developer/Xcode/DerivedData/InkOS-hihmbestuurshsgyovxqmygopffq/Build/Products/Debug-iphonesimulator/MyScriptInteractiveInk-Runtime/MyScriptInteractiveInk_Runtime.modulemap' not found
fatal error: module map file '/Users/andrewallen/Library/Developer/Xcode/DerivedData/InkOS-hihmbestuurshsgyovxqmygopffq/Build/Products/Debug-iphonesimulator/MyScriptInteractiveInk-Runtime/MyScriptInteractiveInk_Runtime.modulemap' not found
fatal error: module map file '/Users/andrewallen/Library/Developer/Xcode/DerivedData/InkOS-hihmbestuurshsgyovxqmygopffq/Build/Products/Debug-iphonesimulator/MyScriptInteractiveInk-Runtime/MyScriptInteractiveInk_Runtime.modulemap' not found
fatal error: module map file '/Users/andrewallen/Library/Developer/Xcode/DerivedData/InkOS-hihmbestuurshsgyovxqmygopffq/Build/Products/Debug-iphonesimulator/MyScriptInteractiveInk-Runtime/MyScriptInteractiveInk_Runtime.modulemap' not found
fatal error: module map file '/Users/andrewallen/Library/Developer/Xcode/DerivedData/InkOS-hihmbestuurshsgyovxqmygopffq/Build/Products/Debug-iphonesimulator/MyScriptInteractiveInk-Runtime/MyScriptInteractiveInk_Runtime.modulemap' not found
fatal error: module map file '/Users/andrewallen/Library/Developer/Xcode/DerivedData/InkOS-hihmbestuurshsgyovxqmygopffq/Build/Products/Debug-iphonesimulator/MyScriptInteractiveInk-Runtime/MyScriptInteractiveInk_Runtime.modulemap' not found
fatal error: module map file '/Users/andrewallen/Library/Developer/Xcode/DerivedData/InkOS-hihmbestuurshsgyovxqmygopffq/Build/Products/Debug-iphonesimulator/MyScriptInteractiveInk-Runtime/MyScriptInteractiveInk_Runtime.modulemap' not found
fatal error: module map file '/Users/andrewallen/Library/Developer/Xcode/DerivedData/InkOS-hihmbestuurshsgyovxqmygopffq/Build/Products/Debug-iphonesimulator/MyScriptInteractiveInk-Runtime/MyScriptInteractiveInk_Runtime.modulemap' not found
fatal error: module map file '/Users/andrewallen/Library/Developer/Xcode/DerivedData/InkOS-hihmbestuurshsgyovxqmygopffq/Build/Products/Debug-iphonesimulator/MyScriptInteractiveInk-Runtime/MyScriptInteractiveInk_Runtime.modulemap' not found
fatal error: module map file '/Users/andrewallen/Library/Developer/Xcode/DerivedData/InkOS-hihmbestuurshsgyovxqmygopffq/Build/Products/Debug-iphonesimulator/MyScriptInteractiveInk-Runtime/MyScriptInteractiveInk_Runtime.modulemap' not found
fatal error: module map file '/Users/andrewallen/Library/Developer/Xcode/DerivedData/InkOS-hihmbestuurshsgyovxqmygopffq/Build/Products/Debug-iphonesimulator/MyScriptInteractiveInk-Runtime/MyScriptInteractiveInk_Runtime.modulemap' not found
fatal error: module map file '/Users/andrewallen/Library/Developer/Xcode/DerivedData/InkOS-hihmbestuurshsgyovxqmygopffq/Build/Products/Debug-iphonesimulator/MyScriptInteractiveInk-Runtime/MyScriptInteractiveInk_Runtime.modulemap' not found
fatal error: module map file '/Users/andrewallen/Library/Developer/Xcode/DerivedData/InkOS-hihmbestuurshsgyovxqmygopffq/Build/Products/Debug-iphonesimulator/MyScriptInteractiveInk-Runtime/MyScriptInteractiveInk_Runtime.modulemap' not found
fatal error: module map file '/Users/andrewallen/Library/Developer/Xcode/DerivedData/InkOS-hihmbestuurshsgyovxqmygopffq/Build/Products/Debug-iphonesimulator/MyScriptInteractiveInk-Runtime/MyScriptInteractiveInk_Runtime.modulemap' not found
fatal error: module map file '/Users/andrewallen/Library/Developer/Xcode/DerivedData/InkOS-hihmbestuurshsgyovxqmygopffq/Build/Products/Debug-iphonesimulator/MyScriptInteractiveInk-Runtime/MyScriptInteractiveInk_Runtime.modulemap' not found
fatal error: module map file '/Users/andrewallen/Library/Developer/Xcode/DerivedData/InkOS-hihmbestuurshsgyovxqmygopffq/Build/Products/Debug-iphonesimulator/MyScriptInteractiveInk-Runtime/MyScriptInteractiveInk_Runtime.modulemap' not found
fatal error: module map file '/Users/andrewallen/Library/Developer/Xcode/DerivedData/InkOS-hihmbestuurshsgyovxqmygopffq/Build/Products/Debug-iphonesimulator/MyScriptInteractiveInk-Runtime/MyScriptInteractiveInk_Runtime.modulemap' not found
fatal error: module map file '/Users/andrewallen/Library/Developer/Xcode/DerivedData/InkOS-hihmbestuurshsgyovxqmygopffq/Build/Products/Debug-iphonesimulator/MyScriptInteractiveInk-Runtime/MyScriptInteractiveInk_Runtime.modulemap' not found
fatal error: module map file '/Users/andrewallen/Library/Developer/Xcode/DerivedData/InkOS-hihmbestuurshsgyovxqmygopffq/Build/Products/Debug-iphonesimulator/MyScriptInteractiveInk-Runtime/MyScriptInteractiveInk_Runtime.modulemap' not found
fatal error: module map file '/Users/andrewallen/Library/Developer/Xcode/DerivedData/InkOS-hihmbestuurshsgyovxqmygopffq/Build/Products/Debug-iphonesimulator/MyScriptInteractiveInk-Runtime/MyScriptInteractiveInk_Runtime.modulemap' not found
fatal error: module map file '/Users/andrewallen/Library/Developer/Xcode/DerivedData/InkOS-hihmbestuurshsgyovxqmygopffq/Build/Products/Debug-iphonesimulator/MyScriptInteractiveInk-Runtime/MyScriptInteractiveInk_Runtime.modulemap' not found
fatal error: module map file '/Users/andrewallen/Library/Developer/Xcode/DerivedData/InkOS-hihmbestuurshsgyovxqmygopffq/Build/Products/Debug-iphonesimulator/MyScriptInteractiveInk-Runtime/MyScriptInteractiveInk_Runtime.modulemap' not found
fatal error: module map file '/Users/andrewallen/Library/Developer/Xcode/DerivedData/InkOS-hihmbestuurshsgyovxqmygopffq/Build/Products/Debug-iphonesimulator/MyScriptInteractiveInk-Runtime/MyScriptInteractiveInk_Runtime.modulemap' not found
fatal error: module map file '/Users/andrewallen/Library/Developer/Xcode/DerivedData/InkOS-hihmbestuurshsgyovxqmygopffq/Build/Products/Debug-iphonesimulator/MyScriptInteractiveInk-Runtime/MyScriptInteractiveInk_Runtime.modulemap' not found
fatal error: module map file '/Users/andrewallen/Library/Developer/Xcode/DerivedData/InkOS-hihmbestuurshsgyovxqmygopffq/Build/Products/Debug-iphonesimulator/MyScriptInteractiveInk-Runtime/MyScriptInteractiveInk_Runtime.modulemap' not found
fatal error: module map file '/Users/andrewallen/Library/Developer/Xcode/DerivedData/InkOS-hihmbestuurshsgyovxqmygopffq/Build/Products/Debug-iphonesimulator/MyScriptInteractiveInk-Runtime/MyScriptInteractiveInk_Runtime.modulemap' not found
fatal error: module map file '/Users/andrewallen/Library/Developer/Xcode/DerivedData/InkOS-hihmbestuurshsgyovxqmygopffq/Build/Products/Debug-iphonesimulator/MyScriptInteractiveInk-Runtime/MyScriptInteractiveInk_Runtime.modulemap' not found
fatal error: module map file '/Users/andrewallen/Library/Developer/Xcode/DerivedData/InkOS-hihmbestuurshsgyovxqmygopffq/Build/Products/Debug-iphonesimulator/MyScriptInteractiveInk-Runtime/MyScriptInteractiveInk_Runtime.modulemap' not found
fatal error: module map file '/Users/andrewallen/Library/Developer/Xcode/DerivedData/InkOS-hihmbestuurshsgyovxqmygopffq/Build/Products/Debug-iphonesimulator/MyScriptInteractiveInk-Runtime/MyScriptInteractiveInk_Runtime.modulemap' not found
fatal error: module map file '/Users/andrewallen/Library/Developer/Xcode/DerivedData/InkOS-hihmbestuurshsgyovxqmygopffq/Build/Products/Debug-iphonesimulator/MyScriptInteractiveInk-Runtime/MyScriptInteractiveInk_Runtime.modulemap' not found
fatal error: module map file '/Users/andrewallen/Library/Developer/Xcode/DerivedData/InkOS-hihmbestuurshsgyovxqmygopffq/Build/Products/Debug-iphonesimulator/MyScriptInteractiveInk-Runtime/MyScriptInteractiveInk_Runtime.modulemap' not found
fatal error: module map file '/Users/andrewallen/Library/Developer/Xcode/DerivedData/InkOS-hihmbestuurshsgyovxqmygopffq/Build/Products/Debug-iphonesimulator/MyScriptInteractiveInk-Runtime/MyScriptInteractiveInk_Runtime.modulemap' not found
 (in target 'InkOS' from project 'InkOS')
error: Clang dependency scanner failure: fatal error: module map file '/Users/andrewallen/Library/Developer/Xcode/DerivedData/InkOS-hihmbestuurshsgyovxqmygopffq/Build/Products/Debug-iphonesimulator/MyScriptInteractiveInk-Runtime/MyScriptInteractiveInk_Runtime.modulemap' not found
fatal error: module map file '/Users/andrewallen/Library/Developer/Xcode/DerivedData/InkOS-hihmbestuurshsgyovxqmygopffq/Build/Products/Debug-iphonesimulator/MyScriptInteractiveInk-Runtime/MyScriptInteractiveInk_Runtime.modulemap' not found
 (in target 'InkOS' from project 'InkOS')
error: Clang dependency scanner failure: fatal error: module map file '/Users/andrewallen/Library/Developer/Xcode/DerivedData/InkOS-hihmbestuurshsgyovxqmygopffq/Build/Products/Debug-iphonesimulator/MyScriptInteractiveInk-Runtime/MyScriptInteractiveInk_Runtime.modulemap' not found
fatal error: module map file '/Users/andrewallen/Library/Developer/Xcode/DerivedData/InkOS-hihmbestuurshsgyovxqmygopffq/Build/Products/Debug-iphonesimulator/MyScriptInteractiveInk-Runtime/MyScriptInteractiveInk_Runtime.modulemap' not found
fatal error: module map file '/Users/andrewallen/Library/Developer/Xcode/DerivedData/InkOS-hihmbestuurshsgyovxqmygopffq/Build/Products/Debug-iphonesimulator/MyScriptInteractiveInk-Runtime/MyScriptInteractiveInk_Runtime.modulemap' not found
fatal error: module map file '/Users/andrewallen/Library/Developer/Xcode/DerivedData/InkOS-hihmbestuurshsgyovxqmygopffq/Build/Products/Debug-iphonesimulator/MyScriptInteractiveInk-Runtime/MyScriptInteractiveInk_Runtime.modulemap' not found
fatal error: module map file '/Users/andrewallen/Library/Developer/Xcode/DerivedData/InkOS-hihmbestuurshsgyovxqmygopffq/Build/Products/Debug-iphonesimulator/MyScriptInteractiveInk-Runtime/MyScriptInteractiveInk_Runtime.modulemap' not found
fatal error: module map file '/Users/andrewallen/Library/Developer/Xcode/DerivedData/InkOS-hihmbestuurshsgyovxqmygopffq/Build/Products/Debug-iphonesimulator/MyScriptInteractiveInk-Runtime/MyScriptInteractiveInk_Runtime.modulemap' not found
fatal error: module map file '/Users/andrewallen/Library/Developer/Xcode/DerivedData/InkOS-hihmbestuurshsgyovxqmygopffq/Build/Products/Debug-iphonesimulator/MyScriptInteractiveInk-Runtime/MyScriptInteractiveInk_Runtime.modulemap' not found
fatal error: module map file '/Users/andrewallen/Library/Developer/Xcode/DerivedData/InkOS-hihmbestuurshsgyovxqmygopffq/Build/Products/Debug-iphonesimulator/MyScriptInteractiveInk-Runtime/MyScriptInteractiveInk_Runtime.modulemap' not found
fatal error: module map file '/Users/andrewallen/Library/Developer/Xcode/DerivedData/InkOS-hihmbestuurshsgyovxqmygopffq/Build/Products/Debug-iphonesimulator/MyScriptInteractiveInk-Runtime/MyScriptInteractiveInk_Runtime.modulemap' not found
fatal error: module map file '/Users/andrewallen/Library/Developer/Xcode/DerivedData/InkOS-hihmbestuurshsgyovxqmygopffq/Build/Products/Debug-iphonesimulator/MyScriptInteractiveInk-Runtime/MyScriptInteractiveInk_Runtime.modulemap' not found
fatal error: module map file '/Users/andrewallen/Library/Developer/Xcode/DerivedData/InkOS-hihmbestuurshsgyovxqmygopffq/Build/Products/Debug-iphonesimulator/MyScriptInteractiveInk-Runtime/MyScriptInteractiveInk_Runtime.modulemap' not found
fatal error: module map file '/Users/andrewallen/Library/Developer/Xcode/DerivedData/InkOS-hihmbestuurshsgyovxqmygopffq/Build/Products/Debug-iphonesimulator/MyScriptInteractiveInk-Runtime/MyScriptInteractiveInk_Runtime.modulemap' not found
fatal error: module map file '/Users/andrewallen/Library/Developer/Xcode/DerivedData/InkOS-hihmbestuurshsgyovxqmygopffq/Build/Products/Debug-iphonesimulator/MyScriptInteractiveInk-Runtime/MyScriptInteractiveInk_Runtime.modulemap' not found
 (in target 'InkOS' from project 'InkOS')
error: Clang dependency scanner failure: fatal error: module map file '/Users/andrewallen/Library/Developer/Xcode/DerivedData/InkOS-hihmbestuurshsgyovxqmygopffq/Build/Products/Debug-iphonesimulator/MyScriptInteractiveInk-Runtime/MyScriptInteractiveInk_Runtime.modulemap' not found
fatal error: module map file '/Users/andrewallen/Library/Developer/Xcode/DerivedData/InkOS-hihmbestuurshsgyovxqmygopffq/Build/Products/Debug-iphonesimulator/MyScriptInteractiveInk-Runtime/MyScriptInteractiveInk_Runtime.modulemap' not found
fatal error: module map file '/Users/andrewallen/Library/Developer/Xcode/DerivedData/InkOS-hihmbestuurshsgyovxqmygopffq/Build/Products/Debug-iphonesimulator/MyScriptInteractiveInk-Runtime/MyScriptInteractiveInk_Runtime.modulemap' not found
fatal error: module map file '/Users/andrewallen/Library/Developer/Xcode/DerivedData/InkOS-hihmbestuurshsgyovxqmygopffq/Build/Products/Debug-iphonesimulator/MyScriptInteractiveInk-Runtime/MyScriptInteractiveInk_Runtime.modulemap' not found
fatal error: module map file '/Users/andrewallen/Library/Developer/Xcode/DerivedData/InkOS-hihmbestuurshsgyovxqmygopffq/Build/Products/Debug-iphonesimulator/MyScriptInteractiveInk-Runtime/MyScriptInteractiveInk_Runtime.modulemap' not found
fatal error: module map file '/Users/andrewallen/Library/Developer/Xcode/DerivedData/InkOS-hihmbestuurshsgyovxqmygopffq/Build/Products/Debug-iphonesimulator/MyScriptInteractiveInk-Runtime/MyScriptInteractiveInk_Runtime.modulemap' not found
fatal error: module map file '/Users/andrewallen/Library/Developer/Xcode/DerivedData/InkOS-hihmbestuurshsgyovxqmygopffq/Build/Products/Debug-iphonesimulator/MyScriptInteractiveInk-Runtime/MyScriptInteractiveInk_Runtime.modulemap' not found
fatal error: module map file '/Users/andrewallen/Library/Developer/Xcode/DerivedData/InkOS-hihmbestuurshsgyovxqmygopffq/Build/Products/Debug-iphonesimulator/MyScriptInteractiveInk-Runtime/MyScriptInteractiveInk_Runtime.modulemap' not found
fatal error: module map file '/Users/andrewallen/Library/Developer/Xcode/DerivedData/InkOS-hihmbestuurshsgyovxqmygopffq/Build/Products/Debug-iphonesimulator/MyScriptInteractiveInk-Runtime/MyScriptInteractiveInk_Runtime.modulemap' not found
fatal error: module map file '/Users/andrewallen/Library/Developer/Xcode/DerivedData/InkOS-hihmbestuurshsgyovxqmygopffq/Build/Products/Debug-iphonesimulator/MyScriptInteractiveInk-Runtime/MyScriptInteractiveInk_Runtime.modulemap' not found
fatal error: module map file '/Users/andrewallen/Library/Developer/Xcode/DerivedData/InkOS-hihmbestuurshsgyovxqmygopffq/Build/Products/Debug-iphonesimulator/MyScriptInteractiveInk-Runtime/MyScriptInteractiveInk_Runtime.modulemap' not found
fatal error: module map file '/Users/andrewallen/Library/Developer/Xcode/DerivedData/InkOS-hihmbestuurshsgyovxqmygopffq/Build/Products/Debug-iphonesimulator/MyScriptInteractiveInk-Runtime/MyScriptInteractiveInk_Runtime.modulemap' not found
fatal error: module map file '/Users/andrewallen/Library/Developer/Xcode/DerivedData/InkOS-hihmbestuurshsgyovxqmygopffq/Build/Products/Debug-iphonesimulator/MyScriptInteractiveInk-Runtime/MyScriptInteractiveInk_Runtime.modulemap' not found
fatal error: module map file '/Users/andrewallen/Library/Developer/Xcode/DerivedData/InkOS-hihmbestuurshsgyovxqmygopffq/Build/Products/Debug-iphonesimulator/MyScriptInteractiveInk-Runtime/MyScriptInteractiveInk_Runtime.modulemap' not found
fatal error: module map file '/Users/andrewallen/Library/Developer/Xcode/DerivedData/InkOS-hihmbestuurshsgyovxqmygopffq/Build/Products/Debug-iphonesimulator/MyScriptInteractiveInk-Runtime/MyScriptInteractiveInk_Runtime.modulemap' not found
fatal error: module map file '/Users/andrewallen/Library/Developer/Xcode/DerivedData/InkOS-hihmbestuurshsgyovxqmygopffq/Build/Products/Debug-iphonesimulator/MyScriptInteractiveInk-Runtime/MyScriptInteractiveInk_Runtime.modulemap' not found
fatal error: module map file '/Users/andrewallen/Library/Developer/Xcode/DerivedData/InkOS-hihmbestuurshsgyovxqmygopffq/Build/Products/Debug-iphonesimulator/MyScriptInteractiveInk-Runtime/MyScriptInteractiveInk_Runtime.modulemap' not found
 (in target 'InkOS' from project 'InkOS')
error: Clang dependency scanner failure: fatal error: module map file '/Users/andrewallen/Library/Developer/Xcode/DerivedData/InkOS-hihmbestuurshsgyovxqmygopffq/Build/Products/Debug-iphonesimulator/MyScriptInteractiveInk-Runtime/MyScriptInteractiveInk_Runtime.modulemap' not found
fatal error: module map file '/Users/andrewallen/Library/Developer/Xcode/DerivedData/InkOS-hihmbestuurshsgyovxqmygopffq/Build/Products/Debug-iphonesimulator/MyScriptInteractiveInk-Runtime/MyScriptInteractiveInk_Runtime.modulemap' not found
fatal error: module map file '/Users/andrewallen/Library/Developer/Xcode/DerivedData/InkOS-hihmbestuurshsgyovxqmygopffq/Build/Products/Debug-iphonesimulator/MyScriptInteractiveInk-Runtime/MyScriptInteractiveInk_Runtime.modulemap' not found
fatal error: module map file '/Users/andrewallen/Library/Developer/Xcode/DerivedData/InkOS-hihmbestuurshsgyovxqmygopffq/Build/Products/Debug-iphonesimulator/MyScriptInteractiveInk-Runtime/MyScriptInteractiveInk_Runtime.modulemap' not found
fatal error: module map file '/Users/andrewallen/Library/Developer/Xcode/DerivedData/InkOS-hihmbestuurshsgyovxqmygopffq/Build/Products/Debug-iphonesimulator/MyScriptInteractiveInk-Runtime/MyScriptInteractiveInk_Runtime.modulemap' not found
fatal error: module map file '/Users/andrewallen/Library/Developer/Xcode/DerivedData/InkOS-hihmbestuurshsgyovxqmygopffq/Build/Products/Debug-iphonesimulator/MyScriptInteractiveInk-Runtime/MyScriptInteractiveInk_Runtime.modulemap' not found
fatal error: module map file '/Users/andrewallen/Library/Developer/Xcode/DerivedData/InkOS-hihmbestuurshsgyovxqmygopffq/Build/Products/Debug-iphonesimulator/MyScriptInteractiveInk-Runtime/MyScriptInteractiveInk_Runtime.modulemap' not found
fatal error: module map file '/Users/andrewallen/Library/Developer/Xcode/DerivedData/InkOS-hihmbestuurshsgyovxqmygopffq/Build/Products/Debug-iphonesimulator/MyScriptInteractiveInk-Runtime/MyScriptInteractiveInk_Runtime.modulemap' not found
fatal error: module map file '/Users/andrewallen/Library/Developer/Xcode/DerivedData/InkOS-hihmbestuurshsgyovxqmygopffq/Build/Products/Debug-iphonesimulator/MyScriptInteractiveInk-Runtime/MyScriptInteractiveInk_Runtime.modulemap' not found
fatal error: module map file '/Users/andrewallen/Library/Developer/Xcode/DerivedData/InkOS-hihmbestuurshsgyovxqmygopffq/Build/Products/Debug-iphonesimulator/MyScriptInteractiveInk-Runtime/MyScriptInteractiveInk_Runtime.modulemap' not found
fatal error: module map file '/Users/andrewallen/Library/Developer/Xcode/DerivedData/InkOS-hihmbestuurshsgyovxqmygopffq/Build/Products/Debug-iphonesimulator/MyScriptInteractiveInk-Runtime/MyScriptInteractiveInk_Runtime.modulemap' not found
fatal error: module map file '/Users/andrewallen/Library/Developer/Xcode/DerivedData/InkOS-hihmbestuurshsgyovxqmygopffq/Build/Products/Debug-iphonesimulator/MyScriptInteractiveInk-Runtime/MyScriptInteractiveInk_Runtime.modulemap' not found
fatal error: module map file '/Users/andrewallen/Library/Developer/Xcode/DerivedData/InkOS-hihmbestuurshsgyovxqmygopffq/Build/Products/Debug-iphonesimulator/MyScriptInteractiveInk-Runtime/MyScriptInteractiveInk_Runtime.modulemap' not found
fatal error: module map file '/Users/andrewallen/Library/Developer/Xcode/DerivedData/InkOS-hihmbestuurshsgyovxqmygopffq/Build/Products/Debug-iphonesimulator/MyScriptInteractiveInk-Runtime/MyScriptInteractiveInk_Runtime.modulemap' not found
fatal error: module map file '/Users/andrewallen/Library/Developer/Xcode/DerivedData/InkOS-hihmbestuurshsgyovxqmygopffq/Build/Products/Debug-iphonesimulator/MyScriptInteractiveInk-Runtime/MyScriptInteractiveInk_Runtime.modulemap' not found
fatal error: module map file '/Users/andrewallen/Library/Developer/Xcode/DerivedData/InkOS-hihmbestuurshsgyovxqmygopffq/Build/Products/Debug-iphonesimulator/MyScriptInteractiveInk-Runtime/MyScriptInteractiveInk_Runtime.modulemap' not found
fatal error: module map file '/Users/andrewallen/Library/Developer/Xcode/DerivedData/InkOS-hihmbestuurshsgyovxqmygopffq/Build/Products/Debug-iphonesimulator/MyScriptInteractiveInk-Runtime/MyScriptInteractiveInk_Runtime.modulemap' not found
fatal error: module map file '/Users/andrewallen/Library/Developer/Xcode/DerivedData/InkOS-hihmbestuurshsgyovxqmygopffq/Build/Products/Debug-iphonesimulator/MyScriptInteractiveInk-Runtime/MyScriptInteractiveInk_Runtime.modulemap' not found
fatal error: module map file '/Users/andrewallen/Library/Developer/Xcode/DerivedData/InkOS-hihmbestuurshsgyovxqmygopffq/Build/Products/Debug-iphonesimulator/MyScriptInteractiveInk-Runtime/MyScriptInteractiveInk_Runtime.modulemap' not found
fatal error: module map file '/Users/andrewallen/Library/Developer/Xcode/DerivedData/InkOS-hihmbestuurshsgyovxqmygopffq/Build/Products/Debug-iphonesimulator/MyScriptInteractiveInk-Runtime/MyScriptInteractiveInk_Runtime.modulemap' not found
fatal error: module map file '/Users/andrewallen/Library/Developer/Xcode/DerivedData/InkOS-hihmbestuurshsgyovxqmygopffq/Build/Products/Debug-iphonesimulator/MyScriptInteractiveInk-Runtime/MyScriptInteractiveInk_Runtime.modulemap' not found
 (in target 'InkOS' from project 'InkOS')
error: Clang dependency scanner failure: fatal error: module map file '/Users/andrewallen/Library/Developer/Xcode/DerivedData/InkOS-hihmbestuurshsgyovxqmygopffq/Build/Products/Debug-iphonesimulator/MyScriptInteractiveInk-Runtime/MyScriptInteractiveInk_Runtime.modulemap' not found
fatal error: module map file '/Users/andrewallen/Library/Developer/Xcode/DerivedData/InkOS-hihmbestuurshsgyovxqmygopffq/Build/Products/Debug-iphonesimulator/MyScriptInteractiveInk-Runtime/MyScriptInteractiveInk_Runtime.modulemap' not found
fatal error: module map file '/Users/andrewallen/Library/Developer/Xcode/DerivedData/InkOS-hihmbestuurshsgyovxqmygopffq/Build/Products/Debug-iphonesimulator/MyScriptInteractiveInk-Runtime/MyScriptInteractiveInk_Runtime.modulemap' not found
fatal error: module map file '/Users/andrewallen/Library/Developer/Xcode/DerivedData/InkOS-hihmbestuurshsgyovxqmygopffq/Build/Products/Debug-iphonesimulator/MyScriptInteractiveInk-Runtime/MyScriptInteractiveInk_Runtime.modulemap' not found
fatal error: module map file '/Users/andrewallen/Library/Developer/Xcode/DerivedData/InkOS-hihmbestuurshsgyovxqmygopffq/Build/Products/Debug-iphonesimulator/MyScriptInteractiveInk-Runtime/MyScriptInteractiveInk_Runtime.modulemap' not found
fatal error: module map file '/Users/andrewallen/Library/Developer/Xcode/DerivedData/InkOS-hihmbestuurshsgyovxqmygopffq/Build/Products/Debug-iphonesimulator/MyScriptInteractiveInk-Runtime/MyScriptInteractiveInk_Runtime.modulemap' not found
fatal error: module map file '/Users/andrewallen/Library/Developer/Xcode/DerivedData/InkOS-hihmbestuurshsgyovxqmygopffq/Build/Products/Debug-iphonesimulator/MyScriptInteractiveInk-Runtime/MyScriptInteractiveInk_Runtime.modulemap' not found
fatal error: module map file '/Users/andrewallen/Library/Developer/Xcode/DerivedData/InkOS-hihmbestuurshsgyovxqmygopffq/Build/Products/Debug-iphonesimulator/MyScriptInteractiveInk-Runtime/MyScriptInteractiveInk_Runtime.modulemap' not found
fatal error: module map file '/Users/andrewallen/Library/Developer/Xcode/DerivedData/InkOS-hihmbestuurshsgyovxqmygopffq/Build/Products/Debug-iphonesimulator/MyScriptInteractiveInk-Runtime/MyScriptInteractiveInk_Runtime.modulemap' not found
fatal error: module map file '/Users/andrewallen/Library/Developer/Xcode/DerivedData/InkOS-hihmbestuurshsgyovxqmygopffq/Build/Products/Debug-iphonesimulator/MyScriptInteractiveInk-Runtime/MyScriptInteractiveInk_Runtime.modulemap' not found
fatal error: module map file '/Users/andrewallen/Library/Developer/Xcode/DerivedData/InkOS-hihmbestuurshsgyovxqmygopffq/Build/Products/Debug-iphonesimulator/MyScriptInteractiveInk-Runtime/MyScriptInteractiveInk_Runtime.modulemap' not found
fatal error: module map file '/Users/andrewallen/Library/Developer/Xcode/DerivedData/InkOS-hihmbestuurshsgyovxqmygopffq/Build/Products/Debug-iphonesimulator/MyScriptInteractiveInk-Runtime/MyScriptInteractiveInk_Runtime.modulemap' not found
fatal error: module map file '/Users/andrewallen/Library/Developer/Xcode/DerivedData/InkOS-hihmbestuurshsgyovxqmygopffq/Build/Products/Debug-iphonesimulator/MyScriptInteractiveInk-Runtime/MyScriptInteractiveInk_Runtime.modulemap' not found
fatal error: module map file '/Users/andrewallen/Library/Developer/Xcode/DerivedData/InkOS-hihmbestuurshsgyovxqmygopffq/Build/Products/Debug-iphonesimulator/MyScriptInteractiveInk-Runtime/MyScriptInteractiveInk_Runtime.modulemap' not found
fatal error: module map file '/Users/andrewallen/Library/Developer/Xcode/DerivedData/InkOS-hihmbestuurshsgyovxqmygopffq/Build/Products/Debug-iphonesimulator/MyScriptInteractiveInk-Runtime/MyScriptInteractiveInk_Runtime.modulemap' not found
fatal error: module map file '/Users/andrewallen/Library/Developer/Xcode/DerivedData/InkOS-hihmbestuurshsgyovxqmygopffq/Build/Products/Debug-iphonesimulator/MyScriptInteractiveInk-Runtime/MyScriptInteractiveInk_Runtime.modulemap' not found
fatal error: module map file '/Users/andrewallen/Library/Developer/Xcode/DerivedData/InkOS-hihmbestuurshsgyovxqmygopffq/Build/Products/Debug-iphonesimulator/MyScriptInteractiveInk-Runtime/MyScriptInteractiveInk_Runtime.modulemap' not found
fatal error: module map file '/Users/andrewallen/Library/Developer/Xcode/DerivedData/InkOS-hihmbestuurshsgyovxqmygopffq/Build/Products/Debug-iphonesimulator/MyScriptInteractiveInk-Runtime/MyScriptInteractiveInk_Runtime.modulemap' not found
fatal error: module map file '/Users/andrewallen/Library/Developer/Xcode/DerivedData/InkOS-hihmbestuurshsgyovxqmygopffq/Build/Products/Debug-iphonesimulator/MyScriptInteractiveInk-Runtime/MyScriptInteractiveInk_Runtime.modulemap' not found
fatal error: module map file '/Users/andrewallen/Library/Developer/Xcode/DerivedData/InkOS-hihmbestuurshsgyovxqmygopffq/Build/Products/Debug-iphonesimulator/MyScriptInteractiveInk-Runtime/MyScriptInteractiveInk_Runtime.modulemap' not found
fatal error: module map file '/Users/andrewallen/Library/Developer/Xcode/DerivedData/InkOS-hihmbestuurshsgyovxqmygopffq/Build/Products/Debug-iphonesimulator/MyScriptInteractiveInk-Runtime/MyScriptInteractiveInk_Runtime.modulemap' not found
fatal error: module map file '/Users/andrewallen/Library/Developer/Xcode/DerivedData/InkOS-hihmbestuurshsgyovxqmygopffq/Build/Products/Debug-iphonesimulator/MyScriptInteractiveInk-Runtime/MyScriptInteractiveInk_Runtime.modulemap' not found
 (in target 'InkOS' from project 'InkOS')
error: Clang dependency scanner failure: fatal error: module map file '/Users/andrewallen/Library/Developer/Xcode/DerivedData/InkOS-hihmbestuurshsgyovxqmygopffq/Build/Products/Debug-iphonesimulator/MyScriptInteractiveInk-Runtime/MyScriptInteractiveInk_Runtime.modulemap' not found
fatal error: module map file '/Users/andrewallen/Library/Developer/Xcode/DerivedData/InkOS-hihmbestuurshsgyovxqmygopffq/Build/Products/Debug-iphonesimulator/MyScriptInteractiveInk-Runtime/MyScriptInteractiveInk_Runtime.modulemap' not found
fatal error: module map file '/Users/andrewallen/Library/Developer/Xcode/DerivedData/InkOS-hihmbestuurshsgyovxqmygopffq/Build/Products/Debug-iphonesimulator/MyScriptInteractiveInk-Runtime/MyScriptInteractiveInk_Runtime.modulemap' not found
fatal error: module map file '/Users/andrewallen/Library/Developer/Xcode/DerivedData/InkOS-hihmbestuurshsgyovxqmygopffq/Build/Products/Debug-iphonesimulator/MyScriptInteractiveInk-Runtime/MyScriptInteractiveInk_Runtime.modulemap' not found
fatal error: module map file '/Users/andrewallen/Library/Developer/Xcode/DerivedData/InkOS-hihmbestuurshsgyovxqmygopffq/Build/Products/Debug-iphonesimulator/MyScriptInteractiveInk-Runtime/MyScriptInteractiveInk_Runtime.modulemap' not found
fatal error: module map file '/Users/andrewallen/Library/Developer/Xcode/DerivedData/InkOS-hihmbestuurshsgyovxqmygopffq/Build/Products/Debug-iphonesimulator/MyScriptInteractiveInk-Runtime/MyScriptInteractiveInk_Runtime.modulemap' not found
fatal error: module map file '/Users/andrewallen/Library/Developer/Xcode/DerivedData/InkOS-hihmbestuurshsgyovxqmygopffq/Build/Products/Debug-iphonesimulator/MyScriptInteractiveInk-Runtime/MyScriptInteractiveInk_Runtime.modulemap' not found
fatal error: module map file '/Users/andrewallen/Library/Developer/Xcode/DerivedData/InkOS-hihmbestuurshsgyovxqmygopffq/Build/Products/Debug-iphonesimulator/MyScriptInteractiveInk-Runtime/MyScriptInteractiveInk_Runtime.modulemap' not found
fatal error: module map file '/Users/andrewallen/Library/Developer/Xcode/DerivedData/InkOS-hihmbestuurshsgyovxqmygopffq/Build/Products/Debug-iphonesimulator/MyScriptInteractiveInk-Runtime/MyScriptInteractiveInk_Runtime.modulemap' not found
fatal error: module map file '/Users/andrewallen/Library/Developer/Xcode/DerivedData/InkOS-hihmbestuurshsgyovxqmygopffq/Build/Products/Debug-iphonesimulator/MyScriptInteractiveInk-Runtime/MyScriptInteractiveInk_Runtime.modulemap' not found
fatal error: module map file '/Users/andrewallen/Library/Developer/Xcode/DerivedData/InkOS-hihmbestuurshsgyovxqmygopffq/Build/Products/Debug-iphonesimulator/MyScriptInteractiveInk-Runtime/MyScriptInteractiveInk_Runtime.modulemap' not found
fatal error: module map file '/Users/andrewallen/Library/Developer/Xcode/DerivedData/InkOS-hihmbestuurshsgyovxqmygopffq/Build/Products/Debug-iphonesimulator/MyScriptInteractiveInk-Runtime/MyScriptInteractiveInk_Runtime.modulemap' not found
fatal error: module map file '/Users/andrewallen/Library/Developer/Xcode/DerivedData/InkOS-hihmbestuurshsgyovxqmygopffq/Build/Products/Debug-iphonesimulator/MyScriptInteractiveInk-Runtime/MyScriptInteractiveInk_Runtime.modulemap' not found
fatal error: module map file '/Users/andrewallen/Library/Developer/Xcode/DerivedData/InkOS-hihmbestuurshsgyovxqmygopffq/Build/Products/Debug-iphonesimulator/MyScriptInteractiveInk-Runtime/MyScriptInteractiveInk_Runtime.modulemap' not found
fatal error: module map file '/Users/andrewallen/Library/Developer/Xcode/DerivedData/InkOS-hihmbestuurshsgyovxqmygopffq/Build/Products/Debug-iphonesimulator/MyScriptInteractiveInk-Runtime/MyScriptInteractiveInk_Runtime.modulemap' not found
fatal error: module map file '/Users/andrewallen/Library/Developer/Xcode/DerivedData/InkOS-hihmbestuurshsgyovxqmygopffq/Build/Products/Debug-iphonesimulator/MyScriptInteractiveInk-Runtime/MyScriptInteractiveInk_Runtime.modulemap' not found
fatal error: module map file '/Users/andrewallen/Library/Developer/Xcode/DerivedData/InkOS-hihmbestuurshsgyovxqmygopffq/Build/Products/Debug-iphonesimulator/MyScriptInteractiveInk-Runtime/MyScriptInteractiveInk_Runtime.modulemap' not found
fatal error: module map file '/Users/andrewallen/Library/Developer/Xcode/DerivedData/InkOS-hihmbestuurshsgyovxqmygopffq/Build/Products/Debug-iphonesimulator/MyScriptInteractiveInk-Runtime/MyScriptInteractiveInk_Runtime.modulemap' not found
fatal error: module map file '/Users/andrewallen/Library/Developer/Xcode/DerivedData/InkOS-hihmbestuurshsgyovxqmygopffq/Build/Products/Debug-iphonesimulator/MyScriptInteractiveInk-Runtime/MyScriptInteractiveInk_Runtime.modulemap' not found
fatal error: module map file '/Users/andrewallen/Library/Developer/Xcode/DerivedData/InkOS-hihmbestuurshsgyovxqmygopffq/Build/Products/Debug-iphonesimulator/MyScriptInteractiveInk-Runtime/MyScriptInteractiveInk_Runtime.modulemap' not found
fatal error: module map file '/Users/andrewallen/Library/Developer/Xcode/DerivedData/InkOS-hihmbestuurshsgyovxqmygopffq/Build/Products/Debug-iphonesimulator/MyScriptInteractiveInk-Runtime/MyScriptInteractiveInk_Runtime.modulemap' not found
fatal error: module map file '/Users/andrewallen/Library/Developer/Xcode/DerivedData/InkOS-hihmbestuurshsgyovxqmygopffq/Build/Products/Debug-iphonesimulator/MyScriptInteractiveInk-Runtime/MyScriptInteractiveInk_Runtime.modulemap' not found
fatal error: module map file '/Users/andrewallen/Library/Developer/Xcode/DerivedData/InkOS-hihmbestuurshsgyovxqmygopffq/Build/Products/Debug-iphonesimulator/MyScriptInteractiveInk-Runtime/MyScriptInteractiveInk_Runtime.modulemap' not found
fatal error: module map file '/Users/andrewallen/Library/Developer/Xcode/DerivedData/InkOS-hihmbestuurshsgyovxqmygopffq/Build/Products/Debug-iphonesimulator/MyScriptInteractiveInk-Runtime/MyScriptInteractiveInk_Runtime.modulemap' not found
fatal error: module map file '/Users/andrewallen/Library/Developer/Xcode/DerivedData/InkOS-hihmbestuurshsgyovxqmygopffq/Build/Products/Debug-iphonesimulator/MyScriptInteractiveInk-Runtime/MyScriptInteractiveInk_Runtime.modulemap' not found
fatal error: module map file '/Users/andrewallen/Library/Developer/Xcode/DerivedData/InkOS-hihmbestuurshsgyovxqmygopffq/Build/Products/Debug-iphonesimulator/MyScriptInteractiveInk-Runtime/MyScriptInteractiveInk_Runtime.modulemap' not found
fatal error: module map file '/Users/andrewallen/Library/Developer/Xcode/DerivedData/InkOS-hihmbestuurshsgyovxqmygopffq/Build/Products/Debug-iphonesimulator/MyScriptInteractiveInk-Runtime/MyScriptInteractiveInk_Runtime.modulemap' not found
fatal error: module map file '/Users/andrewallen/Library/Developer/Xcode/DerivedData/InkOS-hihmbestuurshsgyovxqmygopffq/Build/Products/Debug-iphonesimulator/MyScriptInteractiveInk-Runtime/MyScriptInteractiveInk_Runtime.modulemap' not found
 (in target 'InkOS' from project 'InkOS')
error: Clang dependency scanner failure: fatal error: module map file '/Users/andrewallen/Library/Developer/Xcode/DerivedData/InkOS-hihmbestuurshsgyovxqmygopffq/Build/Products/Debug-iphonesimulator/MyScriptInteractiveInk-Runtime/MyScriptInteractiveInk_Runtime.modulemap' not found
fatal error: module map file '/Users/andrewallen/Library/Developer/Xcode/DerivedData/InkOS-hihmbestuurshsgyovxqmygopffq/Build/Products/Debug-iphonesimulator/MyScriptInteractiveInk-Runtime/MyScriptInteractiveInk_Runtime.modulemap' not found
fatal error: module map file '/Users/andrewallen/Library/Developer/Xcode/DerivedData/InkOS-hihmbestuurshsgyovxqmygopffq/Build/Products/Debug-iphonesimulator/MyScriptInteractiveInk-Runtime/MyScriptInteractiveInk_Runtime.modulemap' not found
fatal error: module map file '/Users/andrewallen/Library/Developer/Xcode/DerivedData/InkOS-hihmbestuurshsgyovxqmygopffq/Build/Products/Debug-iphonesimulator/MyScriptInteractiveInk-Runtime/MyScriptInteractiveInk_Runtime.modulemap' not found
fatal error: module map file '/Users/andrewallen/Library/Developer/Xcode/DerivedData/InkOS-hihmbestuurshsgyovxqmygopffq/Build/Products/Debug-iphonesimulator/MyScriptInteractiveInk-Runtime/MyScriptInteractiveInk_Runtime.modulemap' not found
fatal error: module map file '/Users/andrewallen/Library/Developer/Xcode/DerivedData/InkOS-hihmbestuurshsgyovxqmygopffq/Build/Products/Debug-iphonesimulator/MyScriptInteractiveInk-Runtime/MyScriptInteractiveInk_Runtime.modulemap' not found
fatal error: module map file '/Users/andrewallen/Library/Developer/Xcode/DerivedData/InkOS-hihmbestuurshsgyovxqmygopffq/Build/Products/Debug-iphonesimulator/MyScriptInteractiveInk-Runtime/MyScriptInteractiveInk_Runtime.modulemap' not found
fatal error: module map file '/Users/andrewallen/Library/Developer/Xcode/DerivedData/InkOS-hihmbestuurshsgyovxqmygopffq/Build/Products/Debug-iphonesimulator/MyScriptInteractiveInk-Runtime/MyScriptInteractiveInk_Runtime.modulemap' not found
fatal error: module map file '/Users/andrewallen/Library/Developer/Xcode/DerivedData/InkOS-hihmbestuurshsgyovxqmygopffq/Build/Products/Debug-iphonesimulator/MyScriptInteractiveInk-Runtime/MyScriptInteractiveInk_Runtime.modulemap' not found
fatal error: module map file '/Users/andrewallen/Library/Developer/Xcode/DerivedData/InkOS-hihmbestuurshsgyovxqmygopffq/Build/Products/Debug-iphonesimulator/MyScriptInteractiveInk-Runtime/MyScriptInteractiveInk_Runtime.modulemap' not found
fatal error: module map file '/Users/andrewallen/Library/Developer/Xcode/DerivedData/InkOS-hihmbestuurshsgyovxqmygopffq/Build/Products/Debug-iphonesimulator/MyScriptInteractiveInk-Runtime/MyScriptInteractiveInk_Runtime.modulemap' not found
fatal error: module map file '/Users/andrewallen/Library/Developer/Xcode/DerivedData/InkOS-hihmbestuurshsgyovxqmygopffq/Build/Products/Debug-iphonesimulator/MyScriptInteractiveInk-Runtime/MyScriptInteractiveInk_Runtime.modulemap' not found
fatal error: module map file '/Users/andrewallen/Library/Developer/Xcode/DerivedData/InkOS-hihmbestuurshsgyovxqmygopffq/Build/Products/Debug-iphonesimulator/MyScriptInteractiveInk-Runtime/MyScriptInteractiveInk_Runtime.modulemap' not found
fatal error: module map file '/Users/andrewallen/Library/Developer/Xcode/DerivedData/InkOS-hihmbestuurshsgyovxqmygopffq/Build/Products/Debug-iphonesimulator/MyScriptInteractiveInk-Runtime/MyScriptInteractiveInk_Runtime.modulemap' not found
fatal error: module map file '/Users/andrewallen/Library/Developer/Xcode/DerivedData/InkOS-hihmbestuurshsgyovxqmygopffq/Build/Products/Debug-iphonesimulator/MyScriptInteractiveInk-Runtime/MyScriptInteractiveInk_Runtime.modulemap' not found
fatal error: module map file '/Users/andrewallen/Library/Developer/Xcode/DerivedData/InkOS-hihmbestuurshsgyovxqmygopffq/Build/Products/Debug-iphonesimulator/MyScriptInteractiveInk-Runtime/MyScriptInteractiveInk_Runtime.modulemap' not found
fatal error: module map file '/Users/andrewallen/Library/Developer/Xcode/DerivedData/InkOS-hihmbestuurshsgyovxqmygopffq/Build/Products/Debug-iphonesimulator/MyScriptInteractiveInk-Runtime/MyScriptInteractiveInk_Runtime.modulemap' not found
fatal error: module map file '/Users/andrewallen/Library/Developer/Xcode/DerivedData/InkOS-hihmbestuurshsgyovxqmygopffq/Build/Products/Debug-iphonesimulator/MyScriptInteractiveInk-Runtime/MyScriptInteractiveInk_Runtime.modulemap' not found
fatal error: module map file '/Users/andrewallen/Library/Developer/Xcode/DerivedData/InkOS-hihmbestuurshsgyovxqmygopffq/Build/Products/Debug-iphonesimulator/MyScriptInteractiveInk-Runtime/MyScriptInteractiveInk_Runtime.modulemap' not found
fatal error: module map file '/Users/andrewallen/Library/Developer/Xcode/DerivedData/InkOS-hihmbestuurshsgyovxqmygopffq/Build/Products/Debug-iphonesimulator/MyScriptInteractiveInk-Runtime/MyScriptInteractiveInk_Runtime.modulemap' not found
 (in target 'InkOS' from project 'InkOS')
error: Clang dependency scanner failure: fatal error: module map file '/Users/andrewallen/Library/Developer/Xcode/DerivedData/InkOS-hihmbestuurshsgyovxqmygopffq/Build/Products/Debug-iphonesimulator/MyScriptInteractiveInk-Runtime/MyScriptInteractiveInk_Runtime.modulemap' not found
fatal error: module map file '/Users/andrewallen/Library/Developer/Xcode/DerivedData/InkOS-hihmbestuurshsgyovxqmygopffq/Build/Products/Debug-iphonesimulator/MyScriptInteractiveInk-Runtime/MyScriptInteractiveInk_Runtime.modulemap' not found
fatal error: module map file '/Users/andrewallen/Library/Developer/Xcode/DerivedData/InkOS-hihmbestuurshsgyovxqmygopffq/Build/Products/Debug-iphonesimulator/MyScriptInteractiveInk-Runtime/MyScriptInteractiveInk_Runtime.modulemap' not found
fatal error: module map file '/Users/andrewallen/Library/Developer/Xcode/DerivedData/InkOS-hihmbestuurshsgyovxqmygopffq/Build/Products/Debug-iphonesimulator/MyScriptInteractiveInk-Runtime/MyScriptInteractiveInk_Runtime.modulemap' not found
 (in target 'InkOS' from project 'InkOS')
error: Clang dependency scanner failure: fatal error: module map file '/Users/andrewallen/Library/Developer/Xcode/DerivedData/InkOS-hihmbestuurshsgyovxqmygopffq/Build/Products/Debug-iphonesimulator/MyScriptInteractiveInk-Runtime/MyScriptInteractiveInk_Runtime.modulemap' not found
fatal error: module map file '/Users/andrewallen/Library/Developer/Xcode/DerivedData/InkOS-hihmbestuurshsgyovxqmygopffq/Build/Products/Debug-iphonesimulator/MyScriptInteractiveInk-Runtime/MyScriptInteractiveInk_Runtime.modulemap' not found
 (in target 'InkOS' from project 'InkOS')
error: Clang dependency scanner failure: fatal error: module map file '/Users/andrewallen/Library/Developer/Xcode/DerivedData/InkOS-hihmbestuurshsgyovxqmygopffq/Build/Products/Debug-iphonesimulator/MyScriptInteractiveInk-Runtime/MyScriptInteractiveInk_Runtime.modulemap' not found
fatal error: module map file '/Users/andrewallen/Library/Developer/Xcode/DerivedData/InkOS-hihmbestuurshsgyovxqmygopffq/Build/Products/Debug-iphonesimulator/MyScriptInteractiveInk-Runtime/MyScriptInteractiveInk_Runtime.modulemap' not found
fatal error: module map file '/Users/andrewallen/Library/Developer/Xcode/DerivedData/InkOS-hihmbestuurshsgyovxqmygopffq/Build/Products/Debug-iphonesimulator/MyScriptInteractiveInk-Runtime/MyScriptInteractiveInk_Runtime.modulemap' not found
fatal error: module map file '/Users/andrewallen/Library/Developer/Xcode/DerivedData/InkOS-hihmbestuurshsgyovxqmygopffq/Build/Products/Debug-iphonesimulator/MyScriptInteractiveInk-Runtime/MyScriptInteractiveInk_Runtime.modulemap' not found
fatal error: module map file '/Users/andrewallen/Library/Developer/Xcode/DerivedData/InkOS-hihmbestuurshsgyovxqmygopffq/Build/Products/Debug-iphonesimulator/MyScriptInteractiveInk-Runtime/MyScriptInteractiveInk_Runtime.modulemap' not found
fatal error: module map file '/Users/andrewallen/Library/Developer/Xcode/DerivedData/InkOS-hihmbestuurshsgyovxqmygopffq/Build/Products/Debug-iphonesimulator/MyScriptInteractiveInk-Runtime/MyScriptInteractiveInk_Runtime.modulemap' not found
fatal error: module map file '/Users/andrewallen/Library/Developer/Xcode/DerivedData/InkOS-hihmbestuurshsgyovxqmygopffq/Build/Products/Debug-iphonesimulator/MyScriptInteractiveInk-Runtime/MyScriptInteractiveInk_Runtime.modulemap' not found
fatal error: module map file '/Users/andrewallen/Library/Developer/Xcode/DerivedData/InkOS-hihmbestuurshsgyovxqmygopffq/Build/Products/Debug-iphonesimulator/MyScriptInteractiveInk-Runtime/MyScriptInteractiveInk_Runtime.modulemap' not found
fatal error: module map file '/Users/andrewallen/Library/Developer/Xcode/DerivedData/InkOS-hihmbestuurshsgyovxqmygopffq/Build/Products/Debug-iphonesimulator/MyScriptInteractiveInk-Runtime/MyScriptInteractiveInk_Runtime.modulemap' not found
fatal error: module map file '/Users/andrewallen/Library/Developer/Xcode/DerivedData/InkOS-hihmbestuurshsgyovxqmygopffq/Build/Products/Debug-iphonesimulator/MyScriptInteractiveInk-Runtime/MyScriptInteractiveInk_Runtime.modulemap' not found
fatal error: module map file '/Users/andrewallen/Library/Developer/Xcode/DerivedData/InkOS-hihmbestuurshsgyovxqmygopffq/Build/Products/Debug-iphonesimulator/MyScriptInteractiveInk-Runtime/MyScriptInteractiveInk_Runtime.modulemap' not found
fatal error: module map file '/Users/andrewallen/Library/Developer/Xcode/DerivedData/InkOS-hihmbestuurshsgyovxqmygopffq/Build/Products/Debug-iphonesimulator/MyScriptInteractiveInk-Runtime/MyScriptInteractiveInk_Runtime.modulemap' not found
fatal error: module map file '/Users/andrewallen/Library/Developer/Xcode/DerivedData/InkOS-hihmbestuurshsgyovxqmygopffq/Build/Products/Debug-iphonesimulator/MyScriptInteractiveInk-Runtime/MyScriptInteractiveInk_Runtime.modulemap' not found
fatal error: module map file '/Users/andrewallen/Library/Developer/Xcode/DerivedData/InkOS-hihmbestuurshsgyovxqmygopffq/Build/Products/Debug-iphonesimulator/MyScriptInteractiveInk-Runtime/MyScriptInteractiveInk_Runtime.modulemap' not found
fatal error: module map file '/Users/andrewallen/Library/Developer/Xcode/DerivedData/InkOS-hihmbestuurshsgyovxqmygopffq/Build/Products/Debug-iphonesimulator/MyScriptInteractiveInk-Runtime/MyScriptInteractiveInk_Runtime.modulemap' not found
fatal error: module map file '/Users/andrewallen/Library/Developer/Xcode/DerivedData/InkOS-hihmbestuurshsgyovxqmygopffq/Build/Products/Debug-iphonesimulator/MyScriptInteractiveInk-Runtime/MyScriptInteractiveInk_Runtime.modulemap' not found
fatal error: module map file '/Users/andrewallen/Library/Developer/Xcode/DerivedData/InkOS-hihmbestuurshsgyovxqmygopffq/Build/Products/Debug-iphonesimulator/MyScriptInteractiveInk-Runtime/MyScriptInteractiveInk_Runtime.modulemap' not found
fatal error: module map file '/Users/andrewallen/Library/Developer/Xcode/DerivedData/InkOS-hihmbestuurshsgyovxqmygopffq/Build/Products/Debug-iphonesimulator/MyScriptInteractiveInk-Runtime/MyScriptInteractiveInk_Runtime.modulemap' not found
fatal error: module map file '/Users/andrewallen/Library/Developer/Xcode/DerivedData/InkOS-hihmbestuurshsgyovxqmygopffq/Build/Products/Debug-iphonesimulator/MyScriptInteractiveInk-Runtime/MyScriptInteractiveInk_Runtime.modulemap' not found
fatal error: module map file '/Users/andrewallen/Library/Developer/Xcode/DerivedData/InkOS-hihmbestuurshsgyovxqmygopffq/Build/Products/Debug-iphonesimulator/MyScriptInteractiveInk-Runtime/MyScriptInteractiveInk_Runtime.modulemap' not found
fatal error: module map file '/Users/andrewallen/Library/Developer/Xcode/DerivedData/InkOS-hihmbestuurshsgyovxqmygopffq/Build/Products/Debug-iphonesimulator/MyScriptInteractiveInk-Runtime/MyScriptInteractiveInk_Runtime.modulemap' not found
fatal error: module map file '/Users/andrewallen/Library/Developer/Xcode/DerivedData/InkOS-hihmbestuurshsgyovxqmygopffq/Build/Products/Debug-iphonesimulator/MyScriptInteractiveInk-Runtime/MyScriptInteractiveInk_Runtime.modulemap' not found
fatal error: module map file '/Users/andrewallen/Library/Developer/Xcode/DerivedData/InkOS-hihmbestuurshsgyovxqmygopffq/Build/Products/Debug-iphonesimulator/MyScriptInteractiveInk-Runtime/MyScriptInteractiveInk_Runtime.modulemap' not found
fatal error: module map file '/Users/andrewallen/Library/Developer/Xcode/DerivedData/InkOS-hihmbestuurshsgyovxqmygopffq/Build/Products/Debug-iphonesimulator/MyScriptInteractiveInk-Runtime/MyScriptInteractiveInk_Runtime.modulemap' not found
fatal error: module map file '/Users/andrewallen/Library/Developer/Xcode/DerivedData/InkOS-hihmbestuurshsgyovxqmygopffq/Build/Products/Debug-iphonesimulator/MyScriptInteractiveInk-Runtime/MyScriptInteractiveInk_Runtime.modulemap' not found
 (in target 'InkOS' from project 'InkOS')
error: Clang dependency scanner failure: fatal error: module map file '/Users/andrewallen/Library/Developer/Xcode/DerivedData/InkOS-hihmbestuurshsgyovxqmygopffq/Build/Products/Debug-iphonesimulator/MyScriptInteractiveInk-Runtime/MyScriptInteractiveInk_Runtime.modulemap' not found
fatal error: module map file '/Users/andrewallen/Library/Developer/Xcode/DerivedData/InkOS-hihmbestuurshsgyovxqmygopffq/Build/Products/Debug-iphonesimulator/MyScriptInteractiveInk-Runtime/MyScriptInteractiveInk_Runtime.modulemap' not found
 (in target 'InkOS' from project 'InkOS')
error: Clang dependency scanner failure: fatal error: module map file '/Users/andrewallen/Library/Developer/Xcode/DerivedData/InkOS-hihmbestuurshsgyovxqmygopffq/Build/Products/Debug-iphonesimulator/MyScriptInteractiveInk-Runtime/MyScriptInteractiveInk_Runtime.modulemap' not found
fatal error: module map file '/Users/andrewallen/Library/Developer/Xcode/DerivedData/InkOS-hihmbestuurshsgyovxqmygopffq/Build/Products/Debug-iphonesimulator/MyScriptInteractiveInk-Runtime/MyScriptInteractiveInk_Runtime.modulemap' not found
fatal error: module map file '/Users/andrewallen/Library/Developer/Xcode/DerivedData/InkOS-hihmbestuurshsgyovxqmygopffq/Build/Products/Debug-iphonesimulator/MyScriptInteractiveInk-Runtime/MyScriptInteractiveInk_Runtime.modulemap' not found
fatal error: module map file '/Users/andrewallen/Library/Developer/Xcode/DerivedData/InkOS-hihmbestuurshsgyovxqmygopffq/Build/Products/Debug-iphonesimulator/MyScriptInteractiveInk-Runtime/MyScriptInteractiveInk_Runtime.modulemap' not found
fatal error: module map file '/Users/andrewallen/Library/Developer/Xcode/DerivedData/InkOS-hihmbestuurshsgyovxqmygopffq/Build/Products/Debug-iphonesimulator/MyScriptInteractiveInk-Runtime/MyScriptInteractiveInk_Runtime.modulemap' not found
fatal error: module map file '/Users/andrewallen/Library/Developer/Xcode/DerivedData/InkOS-hihmbestuurshsgyovxqmygopffq/Build/Products/Debug-iphonesimulator/MyScriptInteractiveInk-Runtime/MyScriptInteractiveInk_Runtime.modulemap' not found
fatal error: module map file '/Users/andrewallen/Library/Developer/Xcode/DerivedData/InkOS-hihmbestuurshsgyovxqmygopffq/Build/Products/Debug-iphonesimulator/MyScriptInteractiveInk-Runtime/MyScriptInteractiveInk_Runtime.modulemap' not found
fatal error: module map file '/Users/andrewallen/Library/Developer/Xcode/DerivedData/InkOS-hihmbestuurshsgyovxqmygopffq/Build/Products/Debug-iphonesimulator/MyScriptInteractiveInk-Runtime/MyScriptInteractiveInk_Runtime.modulemap' not found
fatal error: module map file '/Users/andrewallen/Library/Developer/Xcode/DerivedData/InkOS-hihmbestuurshsgyovxqmygopffq/Build/Products/Debug-iphonesimulator/MyScriptInteractiveInk-Runtime/MyScriptInteractiveInk_Runtime.modulemap' not found
fatal error: module map file '/Users/andrewallen/Library/Developer/Xcode/DerivedData/InkOS-hihmbestuurshsgyovxqmygopffq/Build/Products/Debug-iphonesimulator/MyScriptInteractiveInk-Runtime/MyScriptInteractiveInk_Runtime.modulemap' not found
fatal error: module map file '/Users/andrewallen/Library/Developer/Xcode/DerivedData/InkOS-hihmbestuurshsgyovxqmygopffq/Build/Products/Debug-iphonesimulator/MyScriptInteractiveInk-Runtime/MyScriptInteractiveInk_Runtime.modulemap' not found
fatal error: module map file '/Users/andrewallen/Library/Developer/Xcode/DerivedData/InkOS-hihmbestuurshsgyovxqmygopffq/Build/Products/Debug-iphonesimulator/MyScriptInteractiveInk-Runtime/MyScriptInteractiveInk_Runtime.modulemap' not found
fatal error: module map file '/Users/andrewallen/Library/Developer/Xcode/DerivedData/InkOS-hihmbestuurshsgyovxqmygopffq/Build/Products/Debug-iphonesimulator/MyScriptInteractiveInk-Runtime/MyScriptInteractiveInk_Runtime.modulemap' not found
 (in target 'InkOS' from project 'InkOS')
error: Clang dependency scanner failure: fatal error: module map file '/Users/andrewallen/Library/Developer/Xcode/DerivedData/InkOS-hihmbestuurshsgyovxqmygopffq/Build/Products/Debug-iphonesimulator/MyScriptInteractiveInk-Runtime/MyScriptInteractiveInk_Runtime.modulemap' not found
fatal error: module map file '/Users/andrewallen/Library/Developer/Xcode/DerivedData/InkOS-hihmbestuurshsgyovxqmygopffq/Build/Products/Debug-iphonesimulator/MyScriptInteractiveInk-Runtime/MyScriptInteractiveInk_Runtime.modulemap' not found
fatal error: module map file '/Users/andrewallen/Library/Developer/Xcode/DerivedData/InkOS-hihmbestuurshsgyovxqmygopffq/Build/Products/Debug-iphonesimulator/MyScriptInteractiveInk-Runtime/MyScriptInteractiveInk_Runtime.modulemap' not found
fatal error: module map file '/Users/andrewallen/Library/Developer/Xcode/DerivedData/InkOS-hihmbestuurshsgyovxqmygopffq/Build/Products/Debug-iphonesimulator/MyScriptInteractiveInk-Runtime/MyScriptInteractiveInk_Runtime.modulemap' not found
fatal error: module map file '/Users/andrewallen/Library/Developer/Xcode/DerivedData/InkOS-hihmbestuurshsgyovxqmygopffq/Build/Products/Debug-iphonesimulator/MyScriptInteractiveInk-Runtime/MyScriptInteractiveInk_Runtime.modulemap' not found
fatal error: module map file '/Users/andrewallen/Library/Developer/Xcode/DerivedData/InkOS-hihmbestuurshsgyovxqmygopffq/Build/Products/Debug-iphonesimulator/MyScriptInteractiveInk-Runtime/MyScriptInteractiveInk_Runtime.modulemap' not found
fatal error: module map file '/Users/andrewallen/Library/Developer/Xcode/DerivedData/InkOS-hihmbestuurshsgyovxqmygopffq/Build/Products/Debug-iphonesimulator/MyScriptInteractiveInk-Runtime/MyScriptInteractiveInk_Runtime.modulemap' not found
 (in target 'InkOS' from project 'InkOS')
error: Clang dependency scanner failure: fatal error: module map file '/Users/andrewallen/Library/Developer/Xcode/DerivedData/InkOS-hihmbestuurshsgyovxqmygopffq/Build/Products/Debug-iphonesimulator/MyScriptInteractiveInk-Runtime/MyScriptInteractiveInk_Runtime.modulemap' not found
fatal error: module map file '/Users/andrewallen/Library/Developer/Xcode/DerivedData/InkOS-hihmbestuurshsgyovxqmygopffq/Build/Products/Debug-iphonesimulator/MyScriptInteractiveInk-Runtime/MyScriptInteractiveInk_Runtime.modulemap' not found
fatal error: module map file '/Users/andrewallen/Library/Developer/Xcode/DerivedData/InkOS-hihmbestuurshsgyovxqmygopffq/Build/Products/Debug-iphonesimulator/MyScriptInteractiveInk-Runtime/MyScriptInteractiveInk_Runtime.modulemap' not found
fatal error: module map file '/Users/andrewallen/Library/Developer/Xcode/DerivedData/InkOS-hihmbestuurshsgyovxqmygopffq/Build/Products/Debug-iphonesimulator/MyScriptInteractiveInk-Runtime/MyScriptInteractiveInk_Runtime.modulemap' not found
fatal error: module map file '/Users/andrewallen/Library/Developer/Xcode/DerivedData/InkOS-hihmbestuurshsgyovxqmygopffq/Build/Products/Debug-iphonesimulator/MyScriptInteractiveInk-Runtime/MyScriptInteractiveInk_Runtime.modulemap' not found
fatal error: module map file '/Users/andrewallen/Library/Developer/Xcode/DerivedData/InkOS-hihmbestuurshsgyovxqmygopffq/Build/Products/Debug-iphonesimulator/MyScriptInteractiveInk-Runtime/MyScriptInteractiveInk_Runtime.modulemap' not found
fatal error: module map file '/Users/andrewallen/Library/Developer/Xcode/DerivedData/InkOS-hihmbestuurshsgyovxqmygopffq/Build/Products/Debug-iphonesimulator/MyScriptInteractiveInk-Runtime/MyScriptInteractiveInk_Runtime.modulemap' not found
fatal error: module map file '/Users/andrewallen/Library/Developer/Xcode/DerivedData/InkOS-hihmbestuurshsgyovxqmygopffq/Build/Products/Debug-iphonesimulator/MyScriptInteractiveInk-Runtime/MyScriptInteractiveInk_Runtime.modulemap' not found
fatal error: module map file '/Users/andrewallen/Library/Developer/Xcode/DerivedData/InkOS-hihmbestuurshsgyovxqmygopffq/Build/Products/Debug-iphonesimulator/MyScriptInteractiveInk-Runtime/MyScriptInteractiveInk_Runtime.modulemap' not found
fatal error: module map file '/Users/andrewallen/Library/Developer/Xcode/DerivedData/InkOS-hihmbestuurshsgyovxqmygopffq/Build/Products/Debug-iphonesimulator/MyScriptInteractiveInk-Runtime/MyScriptInteractiveInk_Runtime.modulemap' not found
fatal error: module map file '/Users/andrewallen/Library/Developer/Xcode/DerivedData/InkOS-hihmbestuurshsgyovxqmygopffq/Build/Products/Debug-iphonesimulator/MyScriptInteractiveInk-Runtime/MyScriptInteractiveInk_Runtime.modulemap' not found
fatal error: module map file '/Users/andrewallen/Library/Developer/Xcode/DerivedData/InkOS-hihmbestuurshsgyovxqmygopffq/Build/Products/Debug-iphonesimulator/MyScriptInteractiveInk-Runtime/MyScriptInteractiveInk_Runtime.modulemap' not found
fatal error: module map file '/Users/andrewallen/Library/Developer/Xcode/DerivedData/InkOS-hihmbestuurshsgyovxqmygopffq/Build/Products/Debug-iphonesimulator/MyScriptInteractiveInk-Runtime/MyScriptInteractiveInk_Runtime.modulemap' not found
fatal error: module map file '/Users/andrewallen/Library/Developer/Xcode/DerivedData/InkOS-hihmbestuurshsgyovxqmygopffq/Build/Products/Debug-iphonesimulator/MyScriptInteractiveInk-Runtime/MyScriptInteractiveInk_Runtime.modulemap' not found
fatal error: module map file '/Users/andrewallen/Library/Developer/Xcode/DerivedData/InkOS-hihmbestuurshsgyovxqmygopffq/Build/Products/Debug-iphonesimulator/MyScriptInteractiveInk-Runtime/MyScriptInteractiveInk_Runtime.modulemap' not found
fatal error: module map file '/Users/andrewallen/Library/Developer/Xcode/DerivedData/InkOS-hihmbestuurshsgyovxqmygopffq/Build/Products/Debug-iphonesimulator/MyScriptInteractiveInk-Runtime/MyScriptInteractiveInk_Runtime.modulemap' not found
fatal error: module map file '/Users/andrewallen/Library/Developer/Xcode/DerivedData/InkOS-hihmbestuurshsgyovxqmygopffq/Build/Products/Debug-iphonesimulator/MyScriptInteractiveInk-Runtime/MyScriptInteractiveInk_Runtime.modulemap' not found
fatal error: module map file '/Users/andrewallen/Library/Developer/Xcode/DerivedData/InkOS-hihmbestuurshsgyovxqmygopffq/Build/Products/Debug-iphonesimulator/MyScriptInteractiveInk-Runtime/MyScriptInteractiveInk_Runtime.modulemap' not found
fatal error: module map file '/Users/andrewallen/Library/Developer/Xcode/DerivedData/InkOS-hihmbestuurshsgyovxqmygopffq/Build/Products/Debug-iphonesimulator/MyScriptInteractiveInk-Runtime/MyScriptInteractiveInk_Runtime.modulemap' not found
fatal error: module map file '/Users/andrewallen/Library/Developer/Xcode/DerivedData/InkOS-hihmbestuurshsgyovxqmygopffq/Build/Products/Debug-iphonesimulator/MyScriptInteractiveInk-Runtime/MyScriptInteractiveInk_Runtime.modulemap' not found
fatal error: module map file '/Users/andrewallen/Library/Developer/Xcode/DerivedData/InkOS-hihmbestuurshsgyovxqmygopffq/Build/Products/Debug-iphonesimulator/MyScriptInteractiveInk-Runtime/MyScriptInteractiveInk_Runtime.modulemap' not found
fatal error: module map file '/Users/andrewallen/Library/Developer/Xcode/DerivedData/InkOS-hihmbestuurshsgyovxqmygopffq/Build/Products/Debug-iphonesimulator/MyScriptInteractiveInk-Runtime/MyScriptInteractiveInk_Runtime.modulemap' not found
fatal error: module map file '/Users/andrewallen/Library/Developer/Xcode/DerivedData/InkOS-hihmbestuurshsgyovxqmygopffq/Build/Products/Debug-iphonesimulator/MyScriptInteractiveInk-Runtime/MyScriptInteractiveInk_Runtime.modulemap' not found
fatal error: module map file '/Users/andrewallen/Library/Developer/Xcode/DerivedData/InkOS-hihmbestuurshsgyovxqmygopffq/Build/Products/Debug-iphonesimulator/MyScriptInteractiveInk-Runtime/MyScriptInteractiveInk_Runtime.modulemap' not found
fatal error: module map file '/Users/andrewallen/Library/Developer/Xcode/DerivedData/InkOS-hihmbestuurshsgyovxqmygopffq/Build/Products/Debug-iphonesimulator/MyScriptInteractiveInk-Runtime/MyScriptInteractiveInk_Runtime.modulemap' not found
 (in target 'InkOS' from project 'InkOS')
error: Clang dependency scanner failure: fatal error: module map file '/Users/andrewallen/Library/Developer/Xcode/DerivedData/InkOS-hihmbestuurshsgyovxqmygopffq/Build/Products/Debug-iphonesimulator/MyScriptInteractiveInk-Runtime/MyScriptInteractiveInk_Runtime.modulemap' not found
fatal error: module map file '/Users/andrewallen/Library/Developer/Xcode/DerivedData/InkOS-hihmbestuurshsgyovxqmygopffq/Build/Products/Debug-iphonesimulator/MyScriptInteractiveInk-Runtime/MyScriptInteractiveInk_Runtime.modulemap' not found
fatal error: module map file '/Users/andrewallen/Library/Developer/Xcode/DerivedData/InkOS-hihmbestuurshsgyovxqmygopffq/Build/Products/Debug-iphonesimulator/MyScriptInteractiveInk-Runtime/MyScriptInteractiveInk_Runtime.modulemap' not found
fatal error: module map file '/Users/andrewallen/Library/Developer/Xcode/DerivedData/InkOS-hihmbestuurshsgyovxqmygopffq/Build/Products/Debug-iphonesimulator/MyScriptInteractiveInk-Runtime/MyScriptInteractiveInk_Runtime.modulemap' not found
fatal error: module map file '/Users/andrewallen/Library/Developer/Xcode/DerivedData/InkOS-hihmbestuurshsgyovxqmygopffq/Build/Products/Debug-iphonesimulator/MyScriptInteractiveInk-Runtime/MyScriptInteractiveInk_Runtime.modulemap' not found
fatal error: module map file '/Users/andrewallen/Library/Developer/Xcode/DerivedData/InkOS-hihmbestuurshsgyovxqmygopffq/Build/Products/Debug-iphonesimulator/MyScriptInteractiveInk-Runtime/MyScriptInteractiveInk_Runtime.modulemap' not found
fatal error: module map file '/Users/andrewallen/Library/Developer/Xcode/DerivedData/InkOS-hihmbestuurshsgyovxqmygopffq/Build/Products/Debug-iphonesimulator/MyScriptInteractiveInk-Runtime/MyScriptInteractiveInk_Runtime.modulemap' not found
fatal error: module map file '/Users/andrewallen/Library/Developer/Xcode/DerivedData/InkOS-hihmbestuurshsgyovxqmygopffq/Build/Products/Debug-iphonesimulator/MyScriptInteractiveInk-Runtime/MyScriptInteractiveInk_Runtime.modulemap' not found
fatal error: module map file '/Users/andrewallen/Library/Developer/Xcode/DerivedData/InkOS-hihmbestuurshsgyovxqmygopffq/Build/Products/Debug-iphonesimulator/MyScriptInteractiveInk-Runtime/MyScriptInteractiveInk_Runtime.modulemap' not found
fatal error: module map file '/Users/andrewallen/Library/Developer/Xcode/DerivedData/InkOS-hihmbestuurshsgyovxqmygopffq/Build/Products/Debug-iphonesimulator/MyScriptInteractiveInk-Runtime/MyScriptInteractiveInk_Runtime.modulemap' not found
fatal error: module map file '/Users/andrewallen/Library/Developer/Xcode/DerivedData/InkOS-hihmbestuurshsgyovxqmygopffq/Build/Products/Debug-iphonesimulator/MyScriptInteractiveInk-Runtime/MyScriptInteractiveInk_Runtime.modulemap' not found
fatal error: module map file '/Users/andrewallen/Library/Developer/Xcode/DerivedData/InkOS-hihmbestuurshsgyovxqmygopffq/Build/Products/Debug-iphonesimulator/MyScriptInteractiveInk-Runtime/MyScriptInteractiveInk_Runtime.modulemap' not found
fatal error: module map file '/Users/andrewallen/Library/Developer/Xcode/DerivedData/InkOS-hihmbestuurshsgyovxqmygopffq/Build/Products/Debug-iphonesimulator/MyScriptInteractiveInk-Runtime/MyScriptInteractiveInk_Runtime.modulemap' not found
fatal error: module map file '/Users/andrewallen/Library/Developer/Xcode/DerivedData/InkOS-hihmbestuurshsgyovxqmygopffq/Build/Products/Debug-iphonesimulator/MyScriptInteractiveInk-Runtime/MyScriptInteractiveInk_Runtime.modulemap' not found
 (in target 'InkOS' from project 'InkOS')
error: Clang dependency scanner failure: fatal error: module map file '/Users/andrewallen/Library/Developer/Xcode/DerivedData/InkOS-hihmbestuurshsgyovxqmygopffq/Build/Products/Debug-iphonesimulator/MyScriptInteractiveInk-Runtime/MyScriptInteractiveInk_Runtime.modulemap' not found
fatal error: module map file '/Users/andrewallen/Library/Developer/Xcode/DerivedData/InkOS-hihmbestuurshsgyovxqmygopffq/Build/Products/Debug-iphonesimulator/MyScriptInteractiveInk-Runtime/MyScriptInteractiveInk_Runtime.modulemap' not found
fatal error: module map file '/Users/andrewallen/Library/Developer/Xcode/DerivedData/InkOS-hihmbestuurshsgyovxqmygopffq/Build/Products/Debug-iphonesimulator/MyScriptInteractiveInk-Runtime/MyScriptInteractiveInk_Runtime.modulemap' not found
fatal error: module map file '/Users/andrewallen/Library/Developer/Xcode/DerivedData/InkOS-hihmbestuurshsgyovxqmygopffq/Build/Products/Debug-iphonesimulator/MyScriptInteractiveInk-Runtime/MyScriptInteractiveInk_Runtime.modulemap' not found
fatal error: module map file '/Users/andrewallen/Library/Developer/Xcode/DerivedData/InkOS-hihmbestuurshsgyovxqmygopffq/Build/Products/Debug-iphonesimulator/MyScriptInteractiveInk-Runtime/MyScriptInteractiveInk_Runtime.modulemap' not found
fatal error: module map file '/Users/andrewallen/Library/Developer/Xcode/DerivedData/InkOS-hihmbestuurshsgyovxqmygopffq/Build/Products/Debug-iphonesimulator/MyScriptInteractiveInk-Runtime/MyScriptInteractiveInk_Runtime.modulemap' not found
fatal error: module map file '/Users/andrewallen/Library/Developer/Xcode/DerivedData/InkOS-hihmbestuurshsgyovxqmygopffq/Build/Products/Debug-iphonesimulator/MyScriptInteractiveInk-Runtime/MyScriptInteractiveInk_Runtime.modulemap' not found
fatal error: module map file '/Users/andrewallen/Library/Developer/Xcode/DerivedData/InkOS-hihmbestuurshsgyovxqmygopffq/Build/Products/Debug-iphonesimulator/MyScriptInteractiveInk-Runtime/MyScriptInteractiveInk_Runtime.modulemap' not found
fatal error: module map file '/Users/andrewallen/Library/Developer/Xcode/DerivedData/InkOS-hihmbestuurshsgyovxqmygopffq/Build/Products/Debug-iphonesimulator/MyScriptInteractiveInk-Runtime/MyScriptInteractiveInk_Runtime.modulemap' not found
fatal error: module map file '/Users/andrewallen/Library/Developer/Xcode/DerivedData/InkOS-hihmbestuurshsgyovxqmygopffq/Build/Products/Debug-iphonesimulator/MyScriptInteractiveInk-Runtime/MyScriptInteractiveInk_Runtime.modulemap' not found
fatal error: module map file '/Users/andrewallen/Library/Developer/Xcode/DerivedData/InkOS-hihmbestuurshsgyovxqmygopffq/Build/Products/Debug-iphonesimulator/MyScriptInteractiveInk-Runtime/MyScriptInteractiveInk_Runtime.modulemap' not found
fatal error: module map file '/Users/andrewallen/Library/Developer/Xcode/DerivedData/InkOS-hihmbestuurshsgyovxqmygopffq/Build/Products/Debug-iphonesimulator/MyScriptInteractiveInk-Runtime/MyScriptInteractiveInk_Runtime.modulemap' not found
fatal error: module map file '/Users/andrewallen/Library/Developer/Xcode/DerivedData/InkOS-hihmbestuurshsgyovxqmygopffq/Build/Products/Debug-iphonesimulator/MyScriptInteractiveInk-Runtime/MyScriptInteractiveInk_Runtime.modulemap' not found
fatal error: module map file '/Users/andrewallen/Library/Developer/Xcode/DerivedData/InkOS-hihmbestuurshsgyovxqmygopffq/Build/Products/Debug-iphonesimulator/MyScriptInteractiveInk-Runtime/MyScriptInteractiveInk_Runtime.modulemap' not found
fatal error: module map file '/Users/andrewallen/Library/Developer/Xcode/DerivedData/InkOS-hihmbestuurshsgyovxqmygopffq/Build/Products/Debug-iphonesimulator/MyScriptInteractiveInk-Runtime/MyScriptInteractiveInk_Runtime.modulemap' not found
fatal error: module map file '/Users/andrewallen/Library/Developer/Xcode/DerivedData/InkOS-hihmbestuurshsgyovxqmygopffq/Build/Products/Debug-iphonesimulator/MyScriptInteractiveInk-Runtime/MyScriptInteractiveInk_Runtime.modulemap' not found
fatal error: module map file '/Users/andrewallen/Library/Developer/Xcode/DerivedData/InkOS-hihmbestuurshsgyovxqmygopffq/Build/Products/Debug-iphonesimulator/MyScriptInteractiveInk-Runtime/MyScriptInteractiveInk_Runtime.modulemap' not found
fatal error: module map file '/Users/andrewallen/Library/Developer/Xcode/DerivedData/InkOS-hihmbestuurshsgyovxqmygopffq/Build/Products/Debug-iphonesimulator/MyScriptInteractiveInk-Runtime/MyScriptInteractiveInk_Runtime.modulemap' not found
fatal error: module map file '/Users/andrewallen/Library/Developer/Xcode/DerivedData/InkOS-hihmbestuurshsgyovxqmygopffq/Build/Products/Debug-iphonesimulator/MyScriptInteractiveInk-Runtime/MyScriptInteractiveInk_Runtime.modulemap' not found
fatal error: module map file '/Users/andrewallen/Library/Developer/Xcode/DerivedData/InkOS-hihmbestuurshsgyovxqmygopffq/Build/Products/Debug-iphonesimulator/MyScriptInteractiveInk-Runtime/MyScriptInteractiveInk_Runtime.modulemap' not found
fatal error: module map file '/Users/andrewallen/Library/Developer/Xcode/DerivedData/InkOS-hihmbestuurshsgyovxqmygopffq/Build/Products/Debug-iphonesimulator/MyScriptInteractiveInk-Runtime/MyScriptInteractiveInk_Runtime.modulemap' not found
fatal error: module map file '/Users/andrewallen/Library/Developer/Xcode/DerivedData/InkOS-hihmbestuurshsgyovxqmygopffq/Build/Products/Debug-iphonesimulator/MyScriptInteractiveInk-Runtime/MyScriptInteractiveInk_Runtime.modulemap' not found
fatal error: module map file '/Users/andrewallen/Library/Developer/Xcode/DerivedData/InkOS-hihmbestuurshsgyovxqmygopffq/Build/Products/Debug-iphonesimulator/MyScriptInteractiveInk-Runtime/MyScriptInteractiveInk_Runtime.modulemap' not found
fatal error: module map file '/Users/andrewallen/Library/Developer/Xcode/DerivedData/InkOS-hihmbestuurshsgyovxqmygopffq/Build/Products/Debug-iphonesimulator/MyScriptInteractiveInk-Runtime/MyScriptInteractiveInk_Runtime.modulemap' not found
 (in target 'InkOS' from project 'InkOS')
error: Clang dependency scanner failure: fatal error: module map file '/Users/andrewallen/Library/Developer/Xcode/DerivedData/InkOS-hihmbestuurshsgyovxqmygopffq/Build/Products/Debug-iphonesimulator/MyScriptInteractiveInk-Runtime/MyScriptInteractiveInk_Runtime.modulemap' not found
fatal error: module map file '/Users/andrewallen/Library/Developer/Xcode/DerivedData/InkOS-hihmbestuurshsgyovxqmygopffq/Build/Products/Debug-iphonesimulator/MyScriptInteractiveInk-Runtime/MyScriptInteractiveInk_Runtime.modulemap' not found
 (in target 'InkOS' from project 'InkOS')
error: Clang dependency scanner failure: fatal error: module map file '/Users/andrewallen/Library/Developer/Xcode/DerivedData/InkOS-hihmbestuurshsgyovxqmygopffq/Build/Products/Debug-iphonesimulator/MyScriptInteractiveInk-Runtime/MyScriptInteractiveInk_Runtime.modulemap' not found
fatal error: module map file '/Users/andrewallen/Library/Developer/Xcode/DerivedData/InkOS-hihmbestuurshsgyovxqmygopffq/Build/Products/Debug-iphonesimulator/MyScriptInteractiveInk-Runtime/MyScriptInteractiveInk_Runtime.modulemap' not found
fatal error: module map file '/Users/andrewallen/Library/Developer/Xcode/DerivedData/InkOS-hihmbestuurshsgyovxqmygopffq/Build/Products/Debug-iphonesimulator/MyScriptInteractiveInk-Runtime/MyScriptInteractiveInk_Runtime.modulemap' not found
fatal error: module map file '/Users/andrewallen/Library/Developer/Xcode/DerivedData/InkOS-hihmbestuurshsgyovxqmygopffq/Build/Products/Debug-iphonesimulator/MyScriptInteractiveInk-Runtime/MyScriptInteractiveInk_Runtime.modulemap' not found
fatal error: module map file '/Users/andrewallen/Library/Developer/Xcode/DerivedData/InkOS-hihmbestuurshsgyovxqmygopffq/Build/Products/Debug-iphonesimulator/MyScriptInteractiveInk-Runtime/MyScriptInteractiveInk_Runtime.modulemap' not found
fatal error: module map file '/Users/andrewallen/Library/Developer/Xcode/DerivedData/InkOS-hihmbestuurshsgyovxqmygopffq/Build/Products/Debug-iphonesimulator/MyScriptInteractiveInk-Runtime/MyScriptInteractiveInk_Runtime.modulemap' not found
fatal error: module map file '/Users/andrewallen/Library/Developer/Xcode/DerivedData/InkOS-hihmbestuurshsgyovxqmygopffq/Build/Products/Debug-iphonesimulator/MyScriptInteractiveInk-Runtime/MyScriptInteractiveInk_Runtime.modulemap' not found
fatal error: module map file '/Users/andrewallen/Library/Developer/Xcode/DerivedData/InkOS-hihmbestuurshsgyovxqmygopffq/Build/Products/Debug-iphonesimulator/MyScriptInteractiveInk-Runtime/MyScriptInteractiveInk_Runtime.modulemap' not found
fatal error: module map file '/Users/andrewallen/Library/Developer/Xcode/DerivedData/InkOS-hihmbestuurshsgyovxqmygopffq/Build/Products/Debug-iphonesimulator/MyScriptInteractiveInk-Runtime/MyScriptInteractiveInk_Runtime.modulemap' not found
fatal error: module map file '/Users/andrewallen/Library/Developer/Xcode/DerivedData/InkOS-hihmbestuurshsgyovxqmygopffq/Build/Products/Debug-iphonesimulator/MyScriptInteractiveInk-Runtime/MyScriptInteractiveInk_Runtime.modulemap' not found
fatal error: module map file '/Users/andrewallen/Library/Developer/Xcode/DerivedData/InkOS-hihmbestuurshsgyovxqmygopffq/Build/Products/Debug-iphonesimulator/MyScriptInteractiveInk-Runtime/MyScriptInteractiveInk_Runtime.modulemap' not found
fatal error: module map file '/Users/andrewallen/Library/Developer/Xcode/DerivedData/InkOS-hihmbestuurshsgyovxqmygopffq/Build/Products/Debug-iphonesimulator/MyScriptInteractiveInk-Runtime/MyScriptInteractiveInk_Runtime.modulemap' not found
fatal error: module map file '/Users/andrewallen/Library/Developer/Xcode/DerivedData/InkOS-hihmbestuurshsgyovxqmygopffq/Build/Products/Debug-iphonesimulator/MyScriptInteractiveInk-Runtime/MyScriptInteractiveInk_Runtime.modulemap' not found
fatal error: module map file '/Users/andrewallen/Library/Developer/Xcode/DerivedData/InkOS-hihmbestuurshsgyovxqmygopffq/Build/Products/Debug-iphonesimulator/MyScriptInteractiveInk-Runtime/MyScriptInteractiveInk_Runtime.modulemap' not found
fatal error: module map file '/Users/andrewallen/Library/Developer/Xcode/DerivedData/InkOS-hihmbestuurshsgyovxqmygopffq/Build/Products/Debug-iphonesimulator/MyScriptInteractiveInk-Runtime/MyScriptInteractiveInk_Runtime.modulemap' not found
fatal error: module map file '/Users/andrewallen/Library/Developer/Xcode/DerivedData/InkOS-hihmbestuurshsgyovxqmygopffq/Build/Products/Debug-iphonesimulator/MyScriptInteractiveInk-Runtime/MyScriptInteractiveInk_Runtime.modulemap' not found
fatal error: module map file '/Users/andrewallen/Library/Developer/Xcode/DerivedData/InkOS-hihmbestuurshsgyovxqmygopffq/Build/Products/Debug-iphonesimulator/MyScriptInteractiveInk-Runtime/MyScriptInteractiveInk_Runtime.modulemap' not found
fatal error: module map file '/Users/andrewallen/Library/Developer/Xcode/DerivedData/InkOS-hihmbestuurshsgyovxqmygopffq/Build/Products/Debug-iphonesimulator/MyScriptInteractiveInk-Runtime/MyScriptInteractiveInk_Runtime.modulemap' not found
fatal error: module map file '/Users/andrewallen/Library/Developer/Xcode/DerivedData/InkOS-hihmbestuurshsgyovxqmygopffq/Build/Products/Debug-iphonesimulator/MyScriptInteractiveInk-Runtime/MyScriptInteractiveInk_Runtime.modulemap' not found
fatal error: module map file '/Users/andrewallen/Library/Developer/Xcode/DerivedData/InkOS-hihmbestuurshsgyovxqmygopffq/Build/Products/Debug-iphonesimulator/MyScriptInteractiveInk-Runtime/MyScriptInteractiveInk_Runtime.modulemap' not found
fatal error: module map file '/Users/andrewallen/Library/Developer/Xcode/DerivedData/InkOS-hihmbestuurshsgyovxqmygopffq/Build/Products/Debug-iphonesimulator/MyScriptInteractiveInk-Runtime/MyScriptInteractiveInk_Runtime.modulemap' not found
fatal error: module map file '/Users/andrewallen/Library/Developer/Xcode/DerivedData/InkOS-hihmbestuurshsgyovxqmygopffq/Build/Products/Debug-iphonesimulator/MyScriptInteractiveInk-Runtime/MyScriptInteractiveInk_Runtime.modulemap' not found
fatal error: module map file '/Users/andrewallen/Library/Developer/Xcode/DerivedData/InkOS-hihmbestuurshsgyovxqmygopffq/Build/Products/Debug-iphonesimulator/MyScriptInteractiveInk-Runtime/MyScriptInteractiveInk_Runtime.modulemap' not found
fatal error: module map file '/Users/andrewallen/Library/Developer/Xcode/DerivedData/InkOS-hihmbestuurshsgyovxqmygopffq/Build/Products/Debug-iphonesimulator/MyScriptInteractiveInk-Runtime/MyScriptInteractiveInk_Runtime.modulemap' not found
fatal error: module map file '/Users/andrewallen/Library/Developer/Xcode/DerivedData/InkOS-hihmbestuurshsgyovxqmygopffq/Build/Products/Debug-iphonesimulator/MyScriptInteractiveInk-Runtime/MyScriptInteractiveInk_Runtime.modulemap' not found
 (in target 'InkOS' from project 'InkOS')
error: Clang dependency scanner failure: fatal error: module map file '/Users/andrewallen/Library/Developer/Xcode/DerivedData/InkOS-hihmbestuurshsgyovxqmygopffq/Build/Products/Debug-iphonesimulator/MyScriptInteractiveInk-Runtime/MyScriptInteractiveInk_Runtime.modulemap' not found
fatal error: module map file '/Users/andrewallen/Library/Developer/Xcode/DerivedData/InkOS-hihmbestuurshsgyovxqmygopffq/Build/Products/Debug-iphonesimulator/MyScriptInteractiveInk-Runtime/MyScriptInteractiveInk_Runtime.modulemap' not found
fatal error: module map file '/Users/andrewallen/Library/Developer/Xcode/DerivedData/InkOS-hihmbestuurshsgyovxqmygopffq/Build/Products/Debug-iphonesimulator/MyScriptInteractiveInk-Runtime/MyScriptInteractiveInk_Runtime.modulemap' not found
fatal error: module map file '/Users/andrewallen/Library/Developer/Xcode/DerivedData/InkOS-hihmbestuurshsgyovxqmygopffq/Build/Products/Debug-iphonesimulator/MyScriptInteractiveInk-Runtime/MyScriptInteractiveInk_Runtime.modulemap' not found
fatal error: module map file '/Users/andrewallen/Library/Developer/Xcode/DerivedData/InkOS-hihmbestuurshsgyovxqmygopffq/Build/Products/Debug-iphonesimulator/MyScriptInteractiveInk-Runtime/MyScriptInteractiveInk_Runtime.modulemap' not found
fatal error: module map file '/Users/andrewallen/Library/Developer/Xcode/DerivedData/InkOS-hihmbestuurshsgyovxqmygopffq/Build/Products/Debug-iphonesimulator/MyScriptInteractiveInk-Runtime/MyScriptInteractiveInk_Runtime.modulemap' not found
fatal error: module map file '/Users/andrewallen/Library/Developer/Xcode/DerivedData/InkOS-hihmbestuurshsgyovxqmygopffq/Build/Products/Debug-iphonesimulator/MyScriptInteractiveInk-Runtime/MyScriptInteractiveInk_Runtime.modulemap' not found
fatal error: module map file '/Users/andrewallen/Library/Developer/Xcode/DerivedData/InkOS-hihmbestuurshsgyovxqmygopffq/Build/Products/Debug-iphonesimulator/MyScriptInteractiveInk-Runtime/MyScriptInteractiveInk_Runtime.modulemap' not found
fatal error: module map file '/Users/andrewallen/Library/Developer/Xcode/DerivedData/InkOS-hihmbestuurshsgyovxqmygopffq/Build/Products/Debug-iphonesimulator/MyScriptInteractiveInk-Runtime/MyScriptInteractiveInk_Runtime.modulemap' not found
fatal error: module map file '/Users/andrewallen/Library/Developer/Xcode/DerivedData/InkOS-hihmbestuurshsgyovxqmygopffq/Build/Products/Debug-iphonesimulator/MyScriptInteractiveInk-Runtime/MyScriptInteractiveInk_Runtime.modulemap' not found
fatal error: module map file '/Users/andrewallen/Library/Developer/Xcode/DerivedData/InkOS-hihmbestuurshsgyovxqmygopffq/Build/Products/Debug-iphonesimulator/MyScriptInteractiveInk-Runtime/MyScriptInteractiveInk_Runtime.modulemap' not found
fatal error: module map file '/Users/andrewallen/Library/Developer/Xcode/DerivedData/InkOS-hihmbestuurshsgyovxqmygopffq/Build/Products/Debug-iphonesimulator/MyScriptInteractiveInk-Runtime/MyScriptInteractiveInk_Runtime.modulemap' not found
fatal error: module map file '/Users/andrewallen/Library/Developer/Xcode/DerivedData/InkOS-hihmbestuurshsgyovxqmygopffq/Build/Products/Debug-iphonesimulator/MyScriptInteractiveInk-Runtime/MyScriptInteractiveInk_Runtime.modulemap' not found
fatal error: module map file '/Users/andrewallen/Library/Developer/Xcode/DerivedData/InkOS-hihmbestuurshsgyovxqmygopffq/Build/Products/Debug-iphonesimulator/MyScriptInteractiveInk-Runtime/MyScriptInteractiveInk_Runtime.modulemap' not found
fatal error: module map file '/Users/andrewallen/Library/Developer/Xcode/DerivedData/InkOS-hihmbestuurshsgyovxqmygopffq/Build/Products/Debug-iphonesimulator/MyScriptInteractiveInk-Runtime/MyScriptInteractiveInk_Runtime.modulemap' not found
fatal error: module map file '/Users/andrewallen/Library/Developer/Xcode/DerivedData/InkOS-hihmbestuurshsgyovxqmygopffq/Build/Products/Debug-iphonesimulator/MyScriptInteractiveInk-Runtime/MyScriptInteractiveInk_Runtime.modulemap' not found
fatal error: module map file '/Users/andrewallen/Library/Developer/Xcode/DerivedData/InkOS-hihmbestuurshsgyovxqmygopffq/Build/Products/Debug-iphonesimulator/MyScriptInteractiveInk-Runtime/MyScriptInteractiveInk_Runtime.modulemap' not found
fatal error: module map file '/Users/andrewallen/Library/Developer/Xcode/DerivedData/InkOS-hihmbestuurshsgyovxqmygopffq/Build/Products/Debug-iphonesimulator/MyScriptInteractiveInk-Runtime/MyScriptInteractiveInk_Runtime.modulemap' not found
fatal error: module map file '/Users/andrewallen/Library/Developer/Xcode/DerivedData/InkOS-hihmbestuurshsgyovxqmygopffq/Build/Products/Debug-iphonesimulator/MyScriptInteractiveInk-Runtime/MyScriptInteractiveInk_Runtime.modulemap' not found
fatal error: module map file '/Users/andrewallen/Library/Developer/Xcode/DerivedData/InkOS-hihmbestuurshsgyovxqmygopffq/Build/Products/Debug-iphonesimulator/MyScriptInteractiveInk-Runtime/MyScriptInteractiveInk_Runtime.modulemap' not found
fatal error: module map file '/Users/andrewallen/Library/Developer/Xcode/DerivedData/InkOS-hihmbestuurshsgyovxqmygopffq/Build/Products/Debug-iphonesimulator/MyScriptInteractiveInk-Runtime/MyScriptInteractiveInk_Runtime.modulemap' not found
fatal error: module map file '/Users/andrewallen/Library/Developer/Xcode/DerivedData/InkOS-hihmbestuurshsgyovxqmygopffq/Build/Products/Debug-iphonesimulator/MyScriptInteractiveInk-Runtime/MyScriptInteractiveInk_Runtime.modulemap' not found
fatal error: module map file '/Users/andrewallen/Library/Developer/Xcode/DerivedData/InkOS-hihmbestuurshsgyovxqmygopffq/Build/Products/Debug-iphonesimulator/MyScriptInteractiveInk-Runtime/MyScriptInteractiveInk_Runtime.modulemap' not found
fatal error: module map file '/Users/andrewallen/Library/Developer/Xcode/DerivedData/InkOS-hihmbestuurshsgyovxqmygopffq/Build/Products/Debug-iphonesimulator/MyScriptInteractiveInk-Runtime/MyScriptInteractiveInk_Runtime.modulemap' not found
fatal error: module map file '/Users/andrewallen/Library/Developer/Xcode/DerivedData/InkOS-hihmbestuurshsgyovxqmygopffq/Build/Products/Debug-iphonesimulator/MyScriptInteractiveInk-Runtime/MyScriptInteractiveInk_Runtime.modulemap' not found
 (in target 'InkOS' from project 'InkOS')
error: Clang dependency scanner failure: fatal error: module map file '/Users/andrewallen/Library/Developer/Xcode/DerivedData/InkOS-hihmbestuurshsgyovxqmygopffq/Build/Products/Debug-iphonesimulator/MyScriptInteractiveInk-Runtime/MyScriptInteractiveInk_Runtime.modulemap' not found
fatal error: module map file '/Users/andrewallen/Library/Developer/Xcode/DerivedData/InkOS-hihmbestuurshsgyovxqmygopffq/Build/Products/Debug-iphonesimulator/MyScriptInteractiveInk-Runtime/MyScriptInteractiveInk_Runtime.modulemap' not found
fatal error: module map file '/Users/andrewallen/Library/Developer/Xcode/DerivedData/InkOS-hihmbestuurshsgyovxqmygopffq/Build/Products/Debug-iphonesimulator/MyScriptInteractiveInk-Runtime/MyScriptInteractiveInk_Runtime.modulemap' not found
fatal error: module map file '/Users/andrewallen/Library/Developer/Xcode/DerivedData/InkOS-hihmbestuurshsgyovxqmygopffq/Build/Products/Debug-iphonesimulator/MyScriptInteractiveInk-Runtime/MyScriptInteractiveInk_Runtime.modulemap' not found
fatal error: module map file '/Users/andrewallen/Library/Developer/Xcode/DerivedData/InkOS-hihmbestuurshsgyovxqmygopffq/Build/Products/Debug-iphonesimulator/MyScriptInteractiveInk-Runtime/MyScriptInteractiveInk_Runtime.modulemap' not found
fatal error: module map file '/Users/andrewallen/Library/Developer/Xcode/DerivedData/InkOS-hihmbestuurshsgyovxqmygopffq/Build/Products/Debug-iphonesimulator/MyScriptInteractiveInk-Runtime/MyScriptInteractiveInk_Runtime.modulemap' not found
fatal error: module map file '/Users/andrewallen/Library/Developer/Xcode/DerivedData/InkOS-hihmbestuurshsgyovxqmygopffq/Build/Products/Debug-iphonesimulator/MyScriptInteractiveInk-Runtime/MyScriptInteractiveInk_Runtime.modulemap' not found
fatal error: module map file '/Users/andrewallen/Library/Developer/Xcode/DerivedData/InkOS-hihmbestuurshsgyovxqmygopffq/Build/Products/Debug-iphonesimulator/MyScriptInteractiveInk-Runtime/MyScriptInteractiveInk_Runtime.modulemap' not found
fatal error: module map file '/Users/andrewallen/Library/Developer/Xcode/DerivedData/InkOS-hihmbestuurshsgyovxqmygopffq/Build/Products/Debug-iphonesimulator/MyScriptInteractiveInk-Runtime/MyScriptInteractiveInk_Runtime.modulemap' not found
fatal error: module map file '/Users/andrewallen/Library/Developer/Xcode/DerivedData/InkOS-hihmbestuurshsgyovxqmygopffq/Build/Products/Debug-iphonesimulator/MyScriptInteractiveInk-Runtime/MyScriptInteractiveInk_Runtime.modulemap' not found
fatal error: module map file '/Users/andrewallen/Library/Developer/Xcode/DerivedData/InkOS-hihmbestuurshsgyovxqmygopffq/Build/Products/Debug-iphonesimulator/MyScriptInteractiveInk-Runtime/MyScriptInteractiveInk_Runtime.modulemap' not found
fatal error: module map file '/Users/andrewallen/Library/Developer/Xcode/DerivedData/InkOS-hihmbestuurshsgyovxqmygopffq/Build/Products/Debug-iphonesimulator/MyScriptInteractiveInk-Runtime/MyScriptInteractiveInk_Runtime.modulemap' not found
fatal error: module map file '/Users/andrewallen/Library/Developer/Xcode/DerivedData/InkOS-hihmbestuurshsgyovxqmygopffq/Build/Products/Debug-iphonesimulator/MyScriptInteractiveInk-Runtime/MyScriptInteractiveInk_Runtime.modulemap' not found
fatal error: module map file '/Users/andrewallen/Library/Developer/Xcode/DerivedData/InkOS-hihmbestuurshsgyovxqmygopffq/Build/Products/Debug-iphonesimulator/MyScriptInteractiveInk-Runtime/MyScriptInteractiveInk_Runtime.modulemap' not found
fatal error: module map file '/Users/andrewallen/Library/Developer/Xcode/DerivedData/InkOS-hihmbestuurshsgyovxqmygopffq/Build/Products/Debug-iphonesimulator/MyScriptInteractiveInk-Runtime/MyScriptInteractiveInk_Runtime.modulemap' not found
fatal error: module map file '/Users/andrewallen/Library/Developer/Xcode/DerivedData/InkOS-hihmbestuurshsgyovxqmygopffq/Build/Products/Debug-iphonesimulator/MyScriptInteractiveInk-Runtime/MyScriptInteractiveInk_Runtime.modulemap' not found
fatal error: module map file '/Users/andrewallen/Library/Developer/Xcode/DerivedData/InkOS-hihmbestuurshsgyovxqmygopffq/Build/Products/Debug-iphonesimulator/MyScriptInteractiveInk-Runtime/MyScriptInteractiveInk_Runtime.modulemap' not found
fatal error: module map file '/Users/andrewallen/Library/Developer/Xcode/DerivedData/InkOS-hihmbestuurshsgyovxqmygopffq/Build/Products/Debug-iphonesimulator/MyScriptInteractiveInk-Runtime/MyScriptInteractiveInk_Runtime.modulemap' not found
fatal error: module map file '/Users/andrewallen/Library/Developer/Xcode/DerivedData/InkOS-hihmbestuurshsgyovxqmygopffq/Build/Products/Debug-iphonesimulator/MyScriptInteractiveInk-Runtime/MyScriptInteractiveInk_Runtime.modulemap' not found
fatal error: module map file '/Users/andrewallen/Library/Developer/Xcode/DerivedData/InkOS-hihmbestuurshsgyovxqmygopffq/Build/Products/Debug-iphonesimulator/MyScriptInteractiveInk-Runtime/MyScriptInteractiveInk_Runtime.modulemap' not found
fatal error: module map file '/Users/andrewallen/Library/Developer/Xcode/DerivedData/InkOS-hihmbestuurshsgyovxqmygopffq/Build/Products/Debug-iphonesimulator/MyScriptInteractiveInk-Runtime/MyScriptInteractiveInk_Runtime.modulemap' not found
fatal error: module map file '/Users/andrewallen/Library/Developer/Xcode/DerivedData/InkOS-hihmbestuurshsgyovxqmygopffq/Build/Products/Debug-iphonesimulator/MyScriptInteractiveInk-Runtime/MyScriptInteractiveInk_Runtime.modulemap' not found
fatal error: module map file '/Users/andrewallen/Library/Developer/Xcode/DerivedData/InkOS-hihmbestuurshsgyovxqmygopffq/Build/Products/Debug-iphonesimulator/MyScriptInteractiveInk-Runtime/MyScriptInteractiveInk_Runtime.modulemap' not found
fatal error: module map file '/Users/andrewallen/Library/Developer/Xcode/DerivedData/InkOS-hihmbestuurshsgyovxqmygopffq/Build/Products/Debug-iphonesimulator/MyScriptInteractiveInk-Runtime/MyScriptInteractiveInk_Runtime.modulemap' not found
fatal error: module map file '/Users/andrewallen/Library/Developer/Xcode/DerivedData/InkOS-hihmbestuurshsgyovxqmygopffq/Build/Products/Debug-iphonesimulator/MyScriptInteractiveInk-Runtime/MyScriptInteractiveInk_Runtime.modulemap' not found
 (in target 'InkOS' from project 'InkOS')
error: Clang dependency scanner failure: fatal error: module map file '/Users/andrewallen/Library/Developer/Xcode/DerivedData/InkOS-hihmbestuurshsgyovxqmygopffq/Build/Products/Debug-iphonesimulator/MyScriptInteractiveInk-Runtime/MyScriptInteractiveInk_Runtime.modulemap' not found
fatal error: module map file '/Users/andrewallen/Library/Developer/Xcode/DerivedData/InkOS-hihmbestuurshsgyovxqmygopffq/Build/Products/Debug-iphonesimulator/MyScriptInteractiveInk-Runtime/MyScriptInteractiveInk_Runtime.modulemap' not found
fatal error: module map file '/Users/andrewallen/Library/Developer/Xcode/DerivedData/InkOS-hihmbestuurshsgyovxqmygopffq/Build/Products/Debug-iphonesimulator/MyScriptInteractiveInk-Runtime/MyScriptInteractiveInk_Runtime.modulemap' not found
fatal error: module map file '/Users/andrewallen/Library/Developer/Xcode/DerivedData/InkOS-hihmbestuurshsgyovxqmygopffq/Build/Products/Debug-iphonesimulator/MyScriptInteractiveInk-Runtime/MyScriptInteractiveInk_Runtime.modulemap' not found
fatal error: module map file '/Users/andrewallen/Library/Developer/Xcode/DerivedData/InkOS-hihmbestuurshsgyovxqmygopffq/Build/Products/Debug-iphonesimulator/MyScriptInteractiveInk-Runtime/MyScriptInteractiveInk_Runtime.modulemap' not found
fatal error: module map file '/Users/andrewallen/Library/Developer/Xcode/DerivedData/InkOS-hihmbestuurshsgyovxqmygopffq/Build/Products/Debug-iphonesimulator/MyScriptInteractiveInk-Runtime/MyScriptInteractiveInk_Runtime.modulemap' not found
fatal error: module map file '/Users/andrewallen/Library/Developer/Xcode/DerivedData/InkOS-hihmbestuurshsgyovxqmygopffq/Build/Products/Debug-iphonesimulator/MyScriptInteractiveInk-Runtime/MyScriptInteractiveInk_Runtime.modulemap' not found
fatal error: module map file '/Users/andrewallen/Library/Developer/Xcode/DerivedData/InkOS-hihmbestuurshsgyovxqmygopffq/Build/Products/Debug-iphonesimulator/MyScriptInteractiveInk-Runtime/MyScriptInteractiveInk_Runtime.modulemap' not found
fatal error: module map file '/Users/andrewallen/Library/Developer/Xcode/DerivedData/InkOS-hihmbestuurshsgyovxqmygopffq/Build/Products/Debug-iphonesimulator/MyScriptInteractiveInk-Runtime/MyScriptInteractiveInk_Runtime.modulemap' not found
fatal error: module map file '/Users/andrewallen/Library/Developer/Xcode/DerivedData/InkOS-hihmbestuurshsgyovxqmygopffq/Build/Products/Debug-iphonesimulator/MyScriptInteractiveInk-Runtime/MyScriptInteractiveInk_Runtime.modulemap' not found
fatal error: module map file '/Users/andrewallen/Library/Developer/Xcode/DerivedData/InkOS-hihmbestuurshsgyovxqmygopffq/Build/Products/Debug-iphonesimulator/MyScriptInteractiveInk-Runtime/MyScriptInteractiveInk_Runtime.modulemap' not found
fatal error: module map file '/Users/andrewallen/Library/Developer/Xcode/DerivedData/InkOS-hihmbestuurshsgyovxqmygopffq/Build/Products/Debug-iphonesimulator/MyScriptInteractiveInk-Runtime/MyScriptInteractiveInk_Runtime.modulemap' not found
fatal error: module map file '/Users/andrewallen/Library/Developer/Xcode/DerivedData/InkOS-hihmbestuurshsgyovxqmygopffq/Build/Products/Debug-iphonesimulator/MyScriptInteractiveInk-Runtime/MyScriptInteractiveInk_Runtime.modulemap' not found
fatal error: module map file '/Users/andrewallen/Library/Developer/Xcode/DerivedData/InkOS-hihmbestuurshsgyovxqmygopffq/Build/Products/Debug-iphonesimulator/MyScriptInteractiveInk-Runtime/MyScriptInteractiveInk_Runtime.modulemap' not found
fatal error: module map file '/Users/andrewallen/Library/Developer/Xcode/DerivedData/InkOS-hihmbestuurshsgyovxqmygopffq/Build/Products/Debug-iphonesimulator/MyScriptInteractiveInk-Runtime/MyScriptInteractiveInk_Runtime.modulemap' not found
fatal error: module map file '/Users/andrewallen/Library/Developer/Xcode/DerivedData/InkOS-hihmbestuurshsgyovxqmygopffq/Build/Products/Debug-iphonesimulator/MyScriptInteractiveInk-Runtime/MyScriptInteractiveInk_Runtime.modulemap' not found
fatal error: module map file '/Users/andrewallen/Library/Developer/Xcode/DerivedData/InkOS-hihmbestuurshsgyovxqmygopffq/Build/Products/Debug-iphonesimulator/MyScriptInteractiveInk-Runtime/MyScriptInteractiveInk_Runtime.modulemap' not found
fatal error: module map file '/Users/andrewallen/Library/Developer/Xcode/DerivedData/InkOS-hihmbestuurshsgyovxqmygopffq/Build/Products/Debug-iphonesimulator/MyScriptInteractiveInk-Runtime/MyScriptInteractiveInk_Runtime.modulemap' not found
fatal error: module map file '/Users/andrewallen/Library/Developer/Xcode/DerivedData/InkOS-hihmbestuurshsgyovxqmygopffq/Build/Products/Debug-iphonesimulator/MyScriptInteractiveInk-Runtime/MyScriptInteractiveInk_Runtime.modulemap' not found
fatal error: module map file '/Users/andrewallen/Library/Developer/Xcode/DerivedData/InkOS-hihmbestuurshsgyovxqmygopffq/Build/Products/Debug-iphonesimulator/MyScriptInteractiveInk-Runtime/MyScriptInteractiveInk_Runtime.modulemap' not found
fatal error: module map file '/Users/andrewallen/Library/Developer/Xcode/DerivedData/InkOS-hihmbestuurshsgyovxqmygopffq/Build/Products/Debug-iphonesimulator/MyScriptInteractiveInk-Runtime/MyScriptInteractiveInk_Runtime.modulemap' not found
fatal error: module map file '/Users/andrewallen/Library/Developer/Xcode/DerivedData/InkOS-hihmbestuurshsgyovxqmygopffq/Build/Products/Debug-iphonesimulator/MyScriptInteractiveInk-Runtime/MyScriptInteractiveInk_Runtime.modulemap' not found
fatal error: module map file '/Users/andrewallen/Library/Developer/Xcode/DerivedData/InkOS-hihmbestuurshsgyovxqmygopffq/Build/Products/Debug-iphonesimulator/MyScriptInteractiveInk-Runtime/MyScriptInteractiveInk_Runtime.modulemap' not found
fatal error: module map file '/Users/andrewallen/Library/Developer/Xcode/DerivedData/InkOS-hihmbestuurshsgyovxqmygopffq/Build/Products/Debug-iphonesimulator/MyScriptInteractiveInk-Runtime/MyScriptInteractiveInk_Runtime.modulemap' not found
fatal error: module map file '/Users/andrewallen/Library/Developer/Xcode/DerivedData/InkOS-hihmbestuurshsgyovxqmygopffq/Build/Products/Debug-iphonesimulator/MyScriptInteractiveInk-Runtime/MyScriptInteractiveInk_Runtime.modulemap' not found
fatal error: module map file '/Users/andrewallen/Library/Developer/Xcode/DerivedData/InkOS-hihmbestuurshsgyovxqmygopffq/Build/Products/Debug-iphonesimulator/MyScriptInteractiveInk-Runtime/MyScriptInteractiveInk_Runtime.modulemap' not found
fatal error: module map file '/Users/andrewallen/Library/Developer/Xcode/DerivedData/InkOS-hihmbestuurshsgyovxqmygopffq/Build/Products/Debug-iphonesimulator/MyScriptInteractiveInk-Runtime/MyScriptInteractiveInk_Runtime.modulemap' not found
fatal error: module map file '/Users/andrewallen/Library/Developer/Xcode/DerivedData/InkOS-hihmbestuurshsgyovxqmygopffq/Build/Products/Debug-iphonesimulator/MyScriptInteractiveInk-Runtime/MyScriptInteractiveInk_Runtime.modulemap' not found
fatal error: module map file '/Users/andrewallen/Library/Developer/Xcode/DerivedData/InkOS-hihmbestuurshsgyovxqmygopffq/Build/Products/Debug-iphonesimulator/MyScriptInteractiveInk-Runtime/MyScriptInteractiveInk_Runtime.modulemap' not found
fatal error: module map file '/Users/andrewallen/Library/Developer/Xcode/DerivedData/InkOS-hihmbestuurshsgyovxqmygopffq/Build/Products/Debug-iphonesimulator/MyScriptInteractiveInk-Runtime/MyScriptInteractiveInk_Runtime.modulemap' not found
 (in target 'InkOS' from project 'InkOS')
error: Clang dependency scanner failure: fatal error: module map file '/Users/andrewallen/Library/Developer/Xcode/DerivedData/InkOS-hihmbestuurshsgyovxqmygopffq/Build/Products/Debug-iphonesimulator/MyScriptInteractiveInk-Runtime/MyScriptInteractiveInk_Runtime.modulemap' not found
fatal error: module map file '/Users/andrewallen/Library/Developer/Xcode/DerivedData/InkOS-hihmbestuurshsgyovxqmygopffq/Build/Products/Debug-iphonesimulator/MyScriptInteractiveInk-Runtime/MyScriptInteractiveInk_Runtime.modulemap' not found
fatal error: module map file '/Users/andrewallen/Library/Developer/Xcode/DerivedData/InkOS-hihmbestuurshsgyovxqmygopffq/Build/Products/Debug-iphonesimulator/MyScriptInteractiveInk-Runtime/MyScriptInteractiveInk_Runtime.modulemap' not found
fatal error: module map file '/Users/andrewallen/Library/Developer/Xcode/DerivedData/InkOS-hihmbestuurshsgyovxqmygopffq/Build/Products/Debug-iphonesimulator/MyScriptInteractiveInk-Runtime/MyScriptInteractiveInk_Runtime.modulemap' not found
fatal error: module map file '/Users/andrewallen/Library/Developer/Xcode/DerivedData/InkOS-hihmbestuurshsgyovxqmygopffq/Build/Products/Debug-iphonesimulator/MyScriptInteractiveInk-Runtime/MyScriptInteractiveInk_Runtime.modulemap' not found
fatal error: module map file '/Users/andrewallen/Library/Developer/Xcode/DerivedData/InkOS-hihmbestuurshsgyovxqmygopffq/Build/Products/Debug-iphonesimulator/MyScriptInteractiveInk-Runtime/MyScriptInteractiveInk_Runtime.modulemap' not found
fatal error: module map file '/Users/andrewallen/Library/Developer/Xcode/DerivedData/InkOS-hihmbestuurshsgyovxqmygopffq/Build/Products/Debug-iphonesimulator/MyScriptInteractiveInk-Runtime/MyScriptInteractiveInk_Runtime.modulemap' not found
fatal error: module map file '/Users/andrewallen/Library/Developer/Xcode/DerivedData/InkOS-hihmbestuurshsgyovxqmygopffq/Build/Products/Debug-iphonesimulator/MyScriptInteractiveInk-Runtime/MyScriptInteractiveInk_Runtime.modulemap' not found
fatal error: module map file '/Users/andrewallen/Library/Developer/Xcode/DerivedData/InkOS-hihmbestuurshsgyovxqmygopffq/Build/Products/Debug-iphonesimulator/MyScriptInteractiveInk-Runtime/MyScriptInteractiveInk_Runtime.modulemap' not found
fatal error: module map file '/Users/andrewallen/Library/Developer/Xcode/DerivedData/InkOS-hihmbestuurshsgyovxqmygopffq/Build/Products/Debug-iphonesimulator/MyScriptInteractiveInk-Runtime/MyScriptInteractiveInk_Runtime.modulemap' not found
fatal error: module map file '/Users/andrewallen/Library/Developer/Xcode/DerivedData/InkOS-hihmbestuurshsgyovxqmygopffq/Build/Products/Debug-iphonesimulator/MyScriptInteractiveInk-Runtime/MyScriptInteractiveInk_Runtime.modulemap' not found
fatal error: module map file '/Users/andrewallen/Library/Developer/Xcode/DerivedData/InkOS-hihmbestuurshsgyovxqmygopffq/Build/Products/Debug-iphonesimulator/MyScriptInteractiveInk-Runtime/MyScriptInteractiveInk_Runtime.modulemap' not found
fatal error: module map file '/Users/andrewallen/Library/Developer/Xcode/DerivedData/InkOS-hihmbestuurshsgyovxqmygopffq/Build/Products/Debug-iphonesimulator/MyScriptInteractiveInk-Runtime/MyScriptInteractiveInk_Runtime.modulemap' not found
fatal error: module map file '/Users/andrewallen/Library/Developer/Xcode/DerivedData/InkOS-hihmbestuurshsgyovxqmygopffq/Build/Products/Debug-iphonesimulator/MyScriptInteractiveInk-Runtime/MyScriptInteractiveInk_Runtime.modulemap' not found
fatal error: module map file '/Users/andrewallen/Library/Developer/Xcode/DerivedData/InkOS-hihmbestuurshsgyovxqmygopffq/Build/Products/Debug-iphonesimulator/MyScriptInteractiveInk-Runtime/MyScriptInteractiveInk_Runtime.modulemap' not found
fatal error: module map file '/Users/andrewallen/Library/Developer/Xcode/DerivedData/InkOS-hihmbestuurshsgyovxqmygopffq/Build/Products/Debug-iphonesimulator/MyScriptInteractiveInk-Runtime/MyScriptInteractiveInk_Runtime.modulemap' not found
fatal error: module map file '/Users/andrewallen/Library/Developer/Xcode/DerivedData/InkOS-hihmbestuurshsgyovxqmygopffq/Build/Products/Debug-iphonesimulator/MyScriptInteractiveInk-Runtime/MyScriptInteractiveInk_Runtime.modulemap' not found
fatal error: module map file '/Users/andrewallen/Library/Developer/Xcode/DerivedData/InkOS-hihmbestuurshsgyovxqmygopffq/Build/Products/Debug-iphonesimulator/MyScriptInteractiveInk-Runtime/MyScriptInteractiveInk_Runtime.modulemap' not found
fatal error: module map file '/Users/andrewallen/Library/Developer/Xcode/DerivedData/InkOS-hihmbestuurshsgyovxqmygopffq/Build/Products/Debug-iphonesimulator/MyScriptInteractiveInk-Runtime/MyScriptInteractiveInk_Runtime.modulemap' not found
fatal error: module map file '/Users/andrewallen/Library/Developer/Xcode/DerivedData/InkOS-hihmbestuurshsgyovxqmygopffq/Build/Products/Debug-iphonesimulator/MyScriptInteractiveInk-Runtime/MyScriptInteractiveInk_Runtime.modulemap' not found
fatal error: module map file '/Users/andrewallen/Library/Developer/Xcode/DerivedData/InkOS-hihmbestuurshsgyovxqmygopffq/Build/Products/Debug-iphonesimulator/MyScriptInteractiveInk-Runtime/MyScriptInteractiveInk_Runtime.modulemap' not found
fatal error: module map file '/Users/andrewallen/Library/Developer/Xcode/DerivedData/InkOS-hihmbestuurshsgyovxqmygopffq/Build/Products/Debug-iphonesimulator/MyScriptInteractiveInk-Runtime/MyScriptInteractiveInk_Runtime.modulemap' not found
fatal error: module map file '/Users/andrewallen/Library/Developer/Xcode/DerivedData/InkOS-hihmbestuurshsgyovxqmygopffq/Build/Products/Debug-iphonesimulator/MyScriptInteractiveInk-Runtime/MyScriptInteractiveInk_Runtime.modulemap' not found
fatal error: module map file '/Users/andrewallen/Library/Developer/Xcode/DerivedData/InkOS-hihmbestuurshsgyovxqmygopffq/Build/Products/Debug-iphonesimulator/MyScriptInteractiveInk-Runtime/MyScriptInteractiveInk_Runtime.modulemap' not found
fatal error: module map file '/Users/andrewallen/Library/Developer/Xcode/DerivedData/InkOS-hihmbestuurshsgyovxqmygopffq/Build/Products/Debug-iphonesimulator/MyScriptInteractiveInk-Runtime/MyScriptInteractiveInk_Runtime.modulemap' not found
fatal error: module map file '/Users/andrewallen/Library/Developer/Xcode/DerivedData/InkOS-hihmbestuurshsgyovxqmygopffq/Build/Products/Debug-iphonesimulator/MyScriptInteractiveInk-Runtime/MyScriptInteractiveInk_Runtime.modulemap' not found
 (in target 'InkOS' from project 'InkOS')
error: Clang dependency scanner failure: fatal error: module map file '/Users/andrewallen/Library/Developer/Xcode/DerivedData/InkOS-hihmbestuurshsgyovxqmygopffq/Build/Products/Debug-iphonesimulator/MyScriptInteractiveInk-Runtime/MyScriptInteractiveInk_Runtime.modulemap' not found
fatal error: module map file '/Users/andrewallen/Library/Developer/Xcode/DerivedData/InkOS-hihmbestuurshsgyovxqmygopffq/Build/Products/Debug-iphonesimulator/MyScriptInteractiveInk-Runtime/MyScriptInteractiveInk_Runtime.modulemap' not found
fatal error: module map file '/Users/andrewallen/Library/Developer/Xcode/DerivedData/InkOS-hihmbestuurshsgyovxqmygopffq/Build/Products/Debug-iphonesimulator/MyScriptInteractiveInk-Runtime/MyScriptInteractiveInk_Runtime.modulemap' not found
fatal error: module map file '/Users/andrewallen/Library/Developer/Xcode/DerivedData/InkOS-hihmbestuurshsgyovxqmygopffq/Build/Products/Debug-iphonesimulator/MyScriptInteractiveInk-Runtime/MyScriptInteractiveInk_Runtime.modulemap' not found
fatal error: module map file '/Users/andrewallen/Library/Developer/Xcode/DerivedData/InkOS-hihmbestuurshsgyovxqmygopffq/Build/Products/Debug-iphonesimulator/MyScriptInteractiveInk-Runtime/MyScriptInteractiveInk_Runtime.modulemap' not found
fatal error: module map file '/Users/andrewallen/Library/Developer/Xcode/DerivedData/InkOS-hihmbestuurshsgyovxqmygopffq/Build/Products/Debug-iphonesimulator/MyScriptInteractiveInk-Runtime/MyScriptInteractiveInk_Runtime.modulemap' not found
fatal error: module map file '/Users/andrewallen/Library/Developer/Xcode/DerivedData/InkOS-hihmbestuurshsgyovxqmygopffq/Build/Products/Debug-iphonesimulator/MyScriptInteractiveInk-Runtime/MyScriptInteractiveInk_Runtime.modulemap' not found
fatal error: module map file '/Users/andrewallen/Library/Developer/Xcode/DerivedData/InkOS-hihmbestuurshsgyovxqmygopffq/Build/Products/Debug-iphonesimulator/MyScriptInteractiveInk-Runtime/MyScriptInteractiveInk_Runtime.modulemap' not found
fatal error: module map file '/Users/andrewallen/Library/Developer/Xcode/DerivedData/InkOS-hihmbestuurshsgyovxqmygopffq/Build/Products/Debug-iphonesimulator/MyScriptInteractiveInk-Runtime/MyScriptInteractiveInk_Runtime.modulemap' not found
fatal error: module map file '/Users/andrewallen/Library/Developer/Xcode/DerivedData/InkOS-hihmbestuurshsgyovxqmygopffq/Build/Products/Debug-iphonesimulator/MyScriptInteractiveInk-Runtime/MyScriptInteractiveInk_Runtime.modulemap' not found
fatal error: module map file '/Users/andrewallen/Library/Developer/Xcode/DerivedData/InkOS-hihmbestuurshsgyovxqmygopffq/Build/Products/Debug-iphonesimulator/MyScriptInteractiveInk-Runtime/MyScriptInteractiveInk_Runtime.modulemap' not found
fatal error: module map file '/Users/andrewallen/Library/Developer/Xcode/DerivedData/InkOS-hihmbestuurshsgyovxqmygopffq/Build/Products/Debug-iphonesimulator/MyScriptInteractiveInk-Runtime/MyScriptInteractiveInk_Runtime.modulemap' not found
fatal error: module map file '/Users/andrewallen/Library/Developer/Xcode/DerivedData/InkOS-hihmbestuurshsgyovxqmygopffq/Build/Products/Debug-iphonesimulator/MyScriptInteractiveInk-Runtime/MyScriptInteractiveInk_Runtime.modulemap' not found
fatal error: module map file '/Users/andrewallen/Library/Developer/Xcode/DerivedData/InkOS-hihmbestuurshsgyovxqmygopffq/Build/Products/Debug-iphonesimulator/MyScriptInteractiveInk-Runtime/MyScriptInteractiveInk_Runtime.modulemap' not found
fatal error: module map file '/Users/andrewallen/Library/Developer/Xcode/DerivedData/InkOS-hihmbestuurshsgyovxqmygopffq/Build/Products/Debug-iphonesimulator/MyScriptInteractiveInk-Runtime/MyScriptInteractiveInk_Runtime.modulemap' not found
fatal error: module map file '/Users/andrewallen/Library/Developer/Xcode/DerivedData/InkOS-hihmbestuurshsgyovxqmygopffq/Build/Products/Debug-iphonesimulator/MyScriptInteractiveInk-Runtime/MyScriptInteractiveInk_Runtime.modulemap' not found
fatal error: module map file '/Users/andrewallen/Library/Developer/Xcode/DerivedData/InkOS-hihmbestuurshsgyovxqmygopffq/Build/Products/Debug-iphonesimulator/MyScriptInteractiveInk-Runtime/MyScriptInteractiveInk_Runtime.modulemap' not found
fatal error: module map file '/Users/andrewallen/Library/Developer/Xcode/DerivedData/InkOS-hihmbestuurshsgyovxqmygopffq/Build/Products/Debug-iphonesimulator/MyScriptInteractiveInk-Runtime/MyScriptInteractiveInk_Runtime.modulemap' not found
fatal error: module map file '/Users/andrewallen/Library/Developer/Xcode/DerivedData/InkOS-hihmbestuurshsgyovxqmygopffq/Build/Products/Debug-iphonesimulator/MyScriptInteractiveInk-Runtime/MyScriptInteractiveInk_Runtime.modulemap' not found
fatal error: module map file '/Users/andrewallen/Library/Developer/Xcode/DerivedData/InkOS-hihmbestuurshsgyovxqmygopffq/Build/Products/Debug-iphonesimulator/MyScriptInteractiveInk-Runtime/MyScriptInteractiveInk_Runtime.modulemap' not found
fatal error: module map file '/Users/andrewallen/Library/Developer/Xcode/DerivedData/InkOS-hihmbestuurshsgyovxqmygopffq/Build/Products/Debug-iphonesimulator/MyScriptInteractiveInk-Runtime/MyScriptInteractiveInk_Runtime.modulemap' not found
fatal error: module map file '/Users/andrewallen/Library/Developer/Xcode/DerivedData/InkOS-hihmbestuurshsgyovxqmygopffq/Build/Products/Debug-iphonesimulator/MyScriptInteractiveInk-Runtime/MyScriptInteractiveInk_Runtime.modulemap' not found
fatal error: module map file '/Users/andrewallen/Library/Developer/Xcode/DerivedData/InkOS-hihmbestuurshsgyovxqmygopffq/Build/Products/Debug-iphonesimulator/MyScriptInteractiveInk-Runtime/MyScriptInteractiveInk_Runtime.modulemap' not found
fatal error: module map file '/Users/andrewallen/Library/Developer/Xcode/DerivedData/InkOS-hihmbestuurshsgyovxqmygopffq/Build/Products/Debug-iphonesimulator/MyScriptInteractiveInk-Runtime/MyScriptInteractiveInk_Runtime.modulemap' not found
fatal error: module map file '/Users/andrewallen/Library/Developer/Xcode/DerivedData/InkOS-hihmbestuurshsgyovxqmygopffq/Build/Products/Debug-iphonesimulator/MyScriptInteractiveInk-Runtime/MyScriptInteractiveInk_Runtime.modulemap' not found
fatal error: module map file '/Users/andrewallen/Library/Developer/Xcode/DerivedData/InkOS-hihmbestuurshsgyovxqmygopffq/Build/Products/Debug-iphonesimulator/MyScriptInteractiveInk-Runtime/MyScriptInteractiveInk_Runtime.modulemap' not found
fatal error: module map file '/Users/andrewallen/Library/Developer/Xcode/DerivedData/InkOS-hihmbestuurshsgyovxqmygopffq/Build/Products/Debug-iphonesimulator/MyScriptInteractiveInk-Runtime/MyScriptInteractiveInk_Runtime.modulemap' not found
fatal error: module map file '/Users/andrewallen/Library/Developer/Xcode/DerivedData/InkOS-hihmbestuurshsgyovxqmygopffq/Build/Products/Debug-iphonesimulator/MyScriptInteractiveInk-Runtime/MyScriptInteractiveInk_Runtime.modulemap' not found
fatal error: module map file '/Users/andrewallen/Library/Developer/Xcode/DerivedData/InkOS-hihmbestuurshsgyovxqmygopffq/Build/Products/Debug-iphonesimulator/MyScriptInteractiveInk-Runtime/MyScriptInteractiveInk_Runtime.modulemap' not found
fatal error: module map file '/Users/andrewallen/Library/Developer/Xcode/DerivedData/InkOS-hihmbestuurshsgyovxqmygopffq/Build/Products/Debug-iphonesimulator/MyScriptInteractiveInk-Runtime/MyScriptInteractiveInk_Runtime.modulemap' not found
fatal error: module map file '/Users/andrewallen/Library/Developer/Xcode/DerivedData/InkOS-hihmbestuurshsgyovxqmygopffq/Build/Products/Debug-iphonesimulator/MyScriptInteractiveInk-Runtime/MyScriptInteractiveInk_Runtime.modulemap' not found
fatal error: module map file '/Users/andrewallen/Library/Developer/Xcode/DerivedData/InkOS-hihmbestuurshsgyovxqmygopffq/Build/Products/Debug-iphonesimulator/MyScriptInteractiveInk-Runtime/MyScriptInteractiveInk_Runtime.modulemap' not found
fatal error: module map file '/Users/andrewallen/Library/Developer/Xcode/DerivedData/InkOS-hihmbestuurshsgyovxqmygopffq/Build/Products/Debug-iphonesimulator/MyScriptInteractiveInk-Runtime/MyScriptInteractiveInk_Runtime.modulemap' not found
fatal error: module map file '/Users/andrewallen/Library/Developer/Xcode/DerivedData/InkOS-hihmbestuurshsgyovxqmygopffq/Build/Products/Debug-iphonesimulator/MyScriptInteractiveInk-Runtime/MyScriptInteractiveInk_Runtime.modulemap' not found
fatal error: module map file '/Users/andrewallen/Library/Developer/Xcode/DerivedData/InkOS-hihmbestuurshsgyovxqmygopffq/Build/Products/Debug-iphonesimulator/MyScriptInteractiveInk-Runtime/MyScriptInteractiveInk_Runtime.modulemap' not found
fatal error: module map file '/Users/andrewallen/Library/Developer/Xcode/DerivedData/InkOS-hihmbestuurshsgyovxqmygopffq/Build/Products/Debug-iphonesimulator/MyScriptInteractiveInk-Runtime/MyScriptInteractiveInk_Runtime.modulemap' not found
fatal error: module map file '/Users/andrewallen/Library/Developer/Xcode/DerivedData/InkOS-hihmbestuurshsgyovxqmygopffq/Build/Products/Debug-iphonesimulator/MyScriptInteractiveInk-Runtime/MyScriptInteractiveInk_Runtime.modulemap' not found
fatal error: module map file '/Users/andrewallen/Library/Developer/Xcode/DerivedData/InkOS-hihmbestuurshsgyovxqmygopffq/Build/Products/Debug-iphonesimulator/MyScriptInteractiveInk-Runtime/MyScriptInteractiveInk_Runtime.modulemap' not found
 (in target 'InkOS' from project 'InkOS')
error: Clang dependency scanner failure: fatal error: module map file '/Users/andrewallen/Library/Developer/Xcode/DerivedData/InkOS-hihmbestuurshsgyovxqmygopffq/Build/Products/Debug-iphonesimulator/MyScriptInteractiveInk-Runtime/MyScriptInteractiveInk_Runtime.modulemap' not found
fatal error: module map file '/Users/andrewallen/Library/Developer/Xcode/DerivedData/InkOS-hihmbestuurshsgyovxqmygopffq/Build/Products/Debug-iphonesimulator/MyScriptInteractiveInk-Runtime/MyScriptInteractiveInk_Runtime.modulemap' not found
fatal error: module map file '/Users/andrewallen/Library/Developer/Xcode/DerivedData/InkOS-hihmbestuurshsgyovxqmygopffq/Build/Products/Debug-iphonesimulator/MyScriptInteractiveInk-Runtime/MyScriptInteractiveInk_Runtime.modulemap' not found
fatal error: module map file '/Users/andrewallen/Library/Developer/Xcode/DerivedData/InkOS-hihmbestuurshsgyovxqmygopffq/Build/Products/Debug-iphonesimulator/MyScriptInteractiveInk-Runtime/MyScriptInteractiveInk_Runtime.modulemap' not found
fatal error: module map file '/Users/andrewallen/Library/Developer/Xcode/DerivedData/InkOS-hihmbestuurshsgyovxqmygopffq/Build/Products/Debug-iphonesimulator/MyScriptInteractiveInk-Runtime/MyScriptInteractiveInk_Runtime.modulemap' not found
fatal error: module map file '/Users/andrewallen/Library/Developer/Xcode/DerivedData/InkOS-hihmbestuurshsgyovxqmygopffq/Build/Products/Debug-iphonesimulator/MyScriptInteractiveInk-Runtime/MyScriptInteractiveInk_Runtime.modulemap' not found
fatal error: module map file '/Users/andrewallen/Library/Developer/Xcode/DerivedData/InkOS-hihmbestuurshsgyovxqmygopffq/Build/Products/Debug-iphonesimulator/MyScriptInteractiveInk-Runtime/MyScriptInteractiveInk_Runtime.modulemap' not found
fatal error: module map file '/Users/andrewallen/Library/Developer/Xcode/DerivedData/InkOS-hihmbestuurshsgyovxqmygopffq/Build/Products/Debug-iphonesimulator/MyScriptInteractiveInk-Runtime/MyScriptInteractiveInk_Runtime.modulemap' not found
fatal error: module map file '/Users/andrewallen/Library/Developer/Xcode/DerivedData/InkOS-hihmbestuurshsgyovxqmygopffq/Build/Products/Debug-iphonesimulator/MyScriptInteractiveInk-Runtime/MyScriptInteractiveInk_Runtime.modulemap' not found
fatal error: module map file '/Users/andrewallen/Library/Developer/Xcode/DerivedData/InkOS-hihmbestuurshsgyovxqmygopffq/Build/Products/Debug-iphonesimulator/MyScriptInteractiveInk-Runtime/MyScriptInteractiveInk_Runtime.modulemap' not found
fatal error: module map file '/Users/andrewallen/Library/Developer/Xcode/DerivedData/InkOS-hihmbestuurshsgyovxqmygopffq/Build/Products/Debug-iphonesimulator/MyScriptInteractiveInk-Runtime/MyScriptInteractiveInk_Runtime.modulemap' not found
fatal error: module map file '/Users/andrewallen/Library/Developer/Xcode/DerivedData/InkOS-hihmbestuurshsgyovxqmygopffq/Build/Products/Debug-iphonesimulator/MyScriptInteractiveInk-Runtime/MyScriptInteractiveInk_Runtime.modulemap' not found
fatal error: module map file '/Users/andrewallen/Library/Developer/Xcode/DerivedData/InkOS-hihmbestuurshsgyovxqmygopffq/Build/Products/Debug-iphonesimulator/MyScriptInteractiveInk-Runtime/MyScriptInteractiveInk_Runtime.modulemap' not found
fatal error: module map file '/Users/andrewallen/Library/Developer/Xcode/DerivedData/InkOS-hihmbestuurshsgyovxqmygopffq/Build/Products/Debug-iphonesimulator/MyScriptInteractiveInk-Runtime/MyScriptInteractiveInk_Runtime.modulemap' not found
fatal error: module map file '/Users/andrewallen/Library/Developer/Xcode/DerivedData/InkOS-hihmbestuurshsgyovxqmygopffq/Build/Products/Debug-iphonesimulator/MyScriptInteractiveInk-Runtime/MyScriptInteractiveInk_Runtime.modulemap' not found
fatal error: module map file '/Users/andrewallen/Library/Developer/Xcode/DerivedData/InkOS-hihmbestuurshsgyovxqmygopffq/Build/Products/Debug-iphonesimulator/MyScriptInteractiveInk-Runtime/MyScriptInteractiveInk_Runtime.modulemap' not found
fatal error: module map file '/Users/andrewallen/Library/Developer/Xcode/DerivedData/InkOS-hihmbestuurshsgyovxqmygopffq/Build/Products/Debug-iphonesimulator/MyScriptInteractiveInk-Runtime/MyScriptInteractiveInk_Runtime.modulemap' not found
fatal error: module map file '/Users/andrewallen/Library/Developer/Xcode/DerivedData/InkOS-hihmbestuurshsgyovxqmygopffq/Build/Products/Debug-iphonesimulator/MyScriptInteractiveInk-Runtime/MyScriptInteractiveInk_Runtime.modulemap' not found
fatal error: module map file '/Users/andrewallen/Library/Developer/Xcode/DerivedData/InkOS-hihmbestuurshsgyovxqmygopffq/Build/Products/Debug-iphonesimulator/MyScriptInteractiveInk-Runtime/MyScriptInteractiveInk_Runtime.modulemap' not found
fatal error: module map file '/Users/andrewallen/Library/Developer/Xcode/DerivedData/InkOS-hihmbestuurshsgyovxqmygopffq/Build/Products/Debug-iphonesimulator/MyScriptInteractiveInk-Runtime/MyScriptInteractiveInk_Runtime.modulemap' not found
fatal error: module map file '/Users/andrewallen/Library/Developer/Xcode/DerivedData/InkOS-hihmbestuurshsgyovxqmygopffq/Build/Products/Debug-iphonesimulator/MyScriptInteractiveInk-Runtime/MyScriptInteractiveInk_Runtime.modulemap' not found
fatal error: module map file '/Users/andrewallen/Library/Developer/Xcode/DerivedData/InkOS-hihmbestuurshsgyovxqmygopffq/Build/Products/Debug-iphonesimulator/MyScriptInteractiveInk-Runtime/MyScriptInteractiveInk_Runtime.modulemap' not found
fatal error: module map file '/Users/andrewallen/Library/Developer/Xcode/DerivedData/InkOS-hihmbestuurshsgyovxqmygopffq/Build/Products/Debug-iphonesimulator/MyScriptInteractiveInk-Runtime/MyScriptInteractiveInk_Runtime.modulemap' not found
fatal error: module map file '/Users/andrewallen/Library/Developer/Xcode/DerivedData/InkOS-hihmbestuurshsgyovxqmygopffq/Build/Products/Debug-iphonesimulator/MyScriptInteractiveInk-Runtime/MyScriptInteractiveInk_Runtime.modulemap' not found
fatal error: module map file '/Users/andrewallen/Library/Developer/Xcode/DerivedData/InkOS-hihmbestuurshsgyovxqmygopffq/Build/Products/Debug-iphonesimulator/MyScriptInteractiveInk-Runtime/MyScriptInteractiveInk_Runtime.modulemap' not found
fatal error: module map file '/Users/andrewallen/Library/Developer/Xcode/DerivedData/InkOS-hihmbestuurshsgyovxqmygopffq/Build/Products/Debug-iphonesimulator/MyScriptInteractiveInk-Runtime/MyScriptInteractiveInk_Runtime.modulemap' not found
fatal error: module map file '/Users/andrewallen/Library/Developer/Xcode/DerivedData/InkOS-hihmbestuurshsgyovxqmygopffq/Build/Products/Debug-iphonesimulator/MyScriptInteractiveInk-Runtime/MyScriptInteractiveInk_Runtime.modulemap' not found
fatal error: module map file '/Users/andrewallen/Library/Developer/Xcode/DerivedData/InkOS-hihmbestuurshsgyovxqmygopffq/Build/Products/Debug-iphonesimulator/MyScriptInteractiveInk-Runtime/MyScriptInteractiveInk_Runtime.modulemap' not found
fatal error: module map file '/Users/andrewallen/Library/Developer/Xcode/DerivedData/InkOS-hihmbestuurshsgyovxqmygopffq/Build/Products/Debug-iphonesimulator/MyScriptInteractiveInk-Runtime/MyScriptInteractiveInk_Runtime.modulemap' not found
fatal error: module map file '/Users/andrewallen/Library/Developer/Xcode/DerivedData/InkOS-hihmbestuurshsgyovxqmygopffq/Build/Products/Debug-iphonesimulator/MyScriptInteractiveInk-Runtime/MyScriptInteractiveInk_Runtime.modulemap' not found
fatal error: module map file '/Users/andrewallen/Library/Developer/Xcode/DerivedData/InkOS-hihmbestuurshsgyovxqmygopffq/Build/Products/Debug-iphonesimulator/MyScriptInteractiveInk-Runtime/MyScriptInteractiveInk_Runtime.modulemap' not found
fatal error: module map file '/Users/andrewallen/Library/Developer/Xcode/DerivedData/InkOS-hihmbestuurshsgyovxqmygopffq/Build/Products/Debug-iphonesimulator/MyScriptInteractiveInk-Runtime/MyScriptInteractiveInk_Runtime.modulemap' not found
 (in target 'InkOS' from project 'InkOS')
error: Clang dependency scanner failure: fatal error: module map file '/Users/andrewallen/Library/Developer/Xcode/DerivedData/InkOS-hihmbestuurshsgyovxqmygopffq/Build/Products/Debug-iphonesimulator/MyScriptInteractiveInk-Runtime/MyScriptInteractiveInk_Runtime.modulemap' not found
fatal error: module map file '/Users/andrewallen/Library/Developer/Xcode/DerivedData/InkOS-hihmbestuurshsgyovxqmygopffq/Build/Products/Debug-iphonesimulator/MyScriptInteractiveInk-Runtime/MyScriptInteractiveInk_Runtime.modulemap' not found
fatal error: module map file '/Users/andrewallen/Library/Developer/Xcode/DerivedData/InkOS-hihmbestuurshsgyovxqmygopffq/Build/Products/Debug-iphonesimulator/MyScriptInteractiveInk-Runtime/MyScriptInteractiveInk_Runtime.modulemap' not found
fatal error: module map file '/Users/andrewallen/Library/Developer/Xcode/DerivedData/InkOS-hihmbestuurshsgyovxqmygopffq/Build/Products/Debug-iphonesimulator/MyScriptInteractiveInk-Runtime/MyScriptInteractiveInk_Runtime.modulemap' not found
fatal error: module map file '/Users/andrewallen/Library/Developer/Xcode/DerivedData/InkOS-hihmbestuurshsgyovxqmygopffq/Build/Products/Debug-iphonesimulator/MyScriptInteractiveInk-Runtime/MyScriptInteractiveInk_Runtime.modulemap' not found
fatal error: module map file '/Users/andrewallen/Library/Developer/Xcode/DerivedData/InkOS-hihmbestuurshsgyovxqmygopffq/Build/Products/Debug-iphonesimulator/MyScriptInteractiveInk-Runtime/MyScriptInteractiveInk_Runtime.modulemap' not found
fatal error: module map file '/Users/andrewallen/Library/Developer/Xcode/DerivedData/InkOS-hihmbestuurshsgyovxqmygopffq/Build/Products/Debug-iphonesimulator/MyScriptInteractiveInk-Runtime/MyScriptInteractiveInk_Runtime.modulemap' not found
fatal error: module map file '/Users/andrewallen/Library/Developer/Xcode/DerivedData/InkOS-hihmbestuurshsgyovxqmygopffq/Build/Products/Debug-iphonesimulator/MyScriptInteractiveInk-Runtime/MyScriptInteractiveInk_Runtime.modulemap' not found
fatal error: module map file '/Users/andrewallen/Library/Developer/Xcode/DerivedData/InkOS-hihmbestuurshsgyovxqmygopffq/Build/Products/Debug-iphonesimulator/MyScriptInteractiveInk-Runtime/MyScriptInteractiveInk_Runtime.modulemap' not found
fatal error: module map file '/Users/andrewallen/Library/Developer/Xcode/DerivedData/InkOS-hihmbestuurshsgyovxqmygopffq/Build/Products/Debug-iphonesimulator/MyScriptInteractiveInk-Runtime/MyScriptInteractiveInk_Runtime.modulemap' not found
fatal error: module map file '/Users/andrewallen/Library/Developer/Xcode/DerivedData/InkOS-hihmbestuurshsgyovxqmygopffq/Build/Products/Debug-iphonesimulator/MyScriptInteractiveInk-Runtime/MyScriptInteractiveInk_Runtime.modulemap' not found
fatal error: module map file '/Users/andrewallen/Library/Developer/Xcode/DerivedData/InkOS-hihmbestuurshsgyovxqmygopffq/Build/Products/Debug-iphonesimulator/MyScriptInteractiveInk-Runtime/MyScriptInteractiveInk_Runtime.modulemap' not found
fatal error: module map file '/Users/andrewallen/Library/Developer/Xcode/DerivedData/InkOS-hihmbestuurshsgyovxqmygopffq/Build/Products/Debug-iphonesimulator/MyScriptInteractiveInk-Runtime/MyScriptInteractiveInk_Runtime.modulemap' not found
fatal error: module map file '/Users/andrewallen/Library/Developer/Xcode/DerivedData/InkOS-hihmbestuurshsgyovxqmygopffq/Build/Products/Debug-iphonesimulator/MyScriptInteractiveInk-Runtime/MyScriptInteractiveInk_Runtime.modulemap' not found
fatal error: module map file '/Users/andrewallen/Library/Developer/Xcode/DerivedData/InkOS-hihmbestuurshsgyovxqmygopffq/Build/Products/Debug-iphonesimulator/MyScriptInteractiveInk-Runtime/MyScriptInteractiveInk_Runtime.modulemap' not found
fatal error: module map file '/Users/andrewallen/Library/Developer/Xcode/DerivedData/InkOS-hihmbestuurshsgyovxqmygopffq/Build/Products/Debug-iphonesimulator/MyScriptInteractiveInk-Runtime/MyScriptInteractiveInk_Runtime.modulemap' not found
fatal error: module map file '/Users/andrewallen/Library/Developer/Xcode/DerivedData/InkOS-hihmbestuurshsgyovxqmygopffq/Build/Products/Debug-iphonesimulator/MyScriptInteractiveInk-Runtime/MyScriptInteractiveInk_Runtime.modulemap' not found
fatal error: module map file '/Users/andrewallen/Library/Developer/Xcode/DerivedData/InkOS-hihmbestuurshsgyovxqmygopffq/Build/Products/Debug-iphonesimulator/MyScriptInteractiveInk-Runtime/MyScriptInteractiveInk_Runtime.modulemap' not found
fatal error: module map file '/Users/andrewallen/Library/Developer/Xcode/DerivedData/InkOS-hihmbestuurshsgyovxqmygopffq/Build/Products/Debug-iphonesimulator/MyScriptInteractiveInk-Runtime/MyScriptInteractiveInk_Runtime.modulemap' not found
fatal error: module map file '/Users/andrewallen/Library/Developer/Xcode/DerivedData/InkOS-hihmbestuurshsgyovxqmygopffq/Build/Products/Debug-iphonesimulator/MyScriptInteractiveInk-Runtime/MyScriptInteractiveInk_Runtime.modulemap' not found
fatal error: module map file '/Users/andrewallen/Library/Developer/Xcode/DerivedData/InkOS-hihmbestuurshsgyovxqmygopffq/Build/Products/Debug-iphonesimulator/MyScriptInteractiveInk-Runtime/MyScriptInteractiveInk_Runtime.modulemap' not found
fatal error: module map file '/Users/andrewallen/Library/Developer/Xcode/DerivedData/InkOS-hihmbestuurshsgyovxqmygopffq/Build/Products/Debug-iphonesimulator/MyScriptInteractiveInk-Runtime/MyScriptInteractiveInk_Runtime.modulemap' not found
fatal error: module map file '/Users/andrewallen/Library/Developer/Xcode/DerivedData/InkOS-hihmbestuurshsgyovxqmygopffq/Build/Products/Debug-iphonesimulator/MyScriptInteractiveInk-Runtime/MyScriptInteractiveInk_Runtime.modulemap' not found
fatal error: module map file '/Users/andrewallen/Library/Developer/Xcode/DerivedData/InkOS-hihmbestuurshsgyovxqmygopffq/Build/Products/Debug-iphonesimulator/MyScriptInteractiveInk-Runtime/MyScriptInteractiveInk_Runtime.modulemap' not found
fatal error: module map file '/Users/andrewallen/Library/Developer/Xcode/DerivedData/InkOS-hihmbestuurshsgyovxqmygopffq/Build/Products/Debug-iphonesimulator/MyScriptInteractiveInk-Runtime/MyScriptInteractiveInk_Runtime.modulemap' not found
fatal error: module map file '/Users/andrewallen/Library/Developer/Xcode/DerivedData/InkOS-hihmbestuurshsgyovxqmygopffq/Build/Products/Debug-iphonesimulator/MyScriptInteractiveInk-Runtime/MyScriptInteractiveInk_Runtime.modulemap' not found
fatal error: module map file '/Users/andrewallen/Library/Developer/Xcode/DerivedData/InkOS-hihmbestuurshsgyovxqmygopffq/Build/Products/Debug-iphonesimulator/MyScriptInteractiveInk-Runtime/MyScriptInteractiveInk_Runtime.modulemap' not found
fatal error: module map file '/Users/andrewallen/Library/Developer/Xcode/DerivedData/InkOS-hihmbestuurshsgyovxqmygopffq/Build/Products/Debug-iphonesimulator/MyScriptInteractiveInk-Runtime/MyScriptInteractiveInk_Runtime.modulemap' not found
fatal error: module map file '/Users/andrewallen/Library/Developer/Xcode/DerivedData/InkOS-hihmbestuurshsgyovxqmygopffq/Build/Products/Debug-iphonesimulator/MyScriptInteractiveInk-Runtime/MyScriptInteractiveInk_Runtime.modulemap' not found
fatal error: module map file '/Users/andrewallen/Library/Developer/Xcode/DerivedData/InkOS-hihmbestuurshsgyovxqmygopffq/Build/Products/Debug-iphonesimulator/MyScriptInteractiveInk-Runtime/MyScriptInteractiveInk_Runtime.modulemap' not found
fatal error: module map file '/Users/andrewallen/Library/Developer/Xcode/DerivedData/InkOS-hihmbestuurshsgyovxqmygopffq/Build/Products/Debug-iphonesimulator/MyScriptInteractiveInk-Runtime/MyScriptInteractiveInk_Runtime.modulemap' not found
fatal error: module map file '/Users/andrewallen/Library/Developer/Xcode/DerivedData/InkOS-hihmbestuurshsgyovxqmygopffq/Build/Products/Debug-iphonesimulator/MyScriptInteractiveInk-Runtime/MyScriptInteractiveInk_Runtime.modulemap' not found
fatal error: module map file '/Users/andrewallen/Library/Developer/Xcode/DerivedData/InkOS-hihmbestuurshsgyovxqmygopffq/Build/Products/Debug-iphonesimulator/MyScriptInteractiveInk-Runtime/MyScriptInteractiveInk_Runtime.modulemap' not found
fatal error: module map file '/Users/andrewallen/Library/Developer/Xcode/DerivedData/InkOS-hihmbestuurshsgyovxqmygopffq/Build/Products/Debug-iphonesimulator/MyScriptInteractiveInk-Runtime/MyScriptInteractiveInk_Runtime.modulemap' not found
fatal error: module map file '/Users/andrewallen/Library/Developer/Xcode/DerivedData/InkOS-hihmbestuurshsgyovxqmygopffq/Build/Products/Debug-iphonesimulator/MyScriptInteractiveInk-Runtime/MyScriptInteractiveInk_Runtime.modulemap' not found
fatal error: module map file '/Users/andrewallen/Library/Developer/Xcode/DerivedData/InkOS-hihmbestuurshsgyovxqmygopffq/Build/Products/Debug-iphonesimulator/MyScriptInteractiveInk-Runtime/MyScriptInteractiveInk_Runtime.modulemap' not found
fatal error: module map file '/Users/andrewallen/Library/Developer/Xcode/DerivedData/InkOS-hihmbestuurshsgyovxqmygopffq/Build/Products/Debug-iphonesimulator/MyScriptInteractiveInk-Runtime/MyScriptInteractiveInk_Runtime.modulemap' not found
fatal error: module map file '/Users/andrewallen/Library/Developer/Xcode/DerivedData/InkOS-hihmbestuurshsgyovxqmygopffq/Build/Products/Debug-iphonesimulator/MyScriptInteractiveInk-Runtime/MyScriptInteractiveInk_Runtime.modulemap' not found
fatal error: module map file '/Users/andrewallen/Library/Developer/Xcode/DerivedData/InkOS-hihmbestuurshsgyovxqmygopffq/Build/Products/Debug-iphonesimulator/MyScriptInteractiveInk-Runtime/MyScriptInteractiveInk_Runtime.modulemap' not found
 (in target 'InkOS' from project 'InkOS')
error: Clang dependency scanner failure: fatal error: module map file '/Users/andrewallen/Library/Developer/Xcode/DerivedData/InkOS-hihmbestuurshsgyovxqmygopffq/Build/Products/Debug-iphonesimulator/MyScriptInteractiveInk-Runtime/MyScriptInteractiveInk_Runtime.modulemap' not found
fatal error: module map file '/Users/andrewallen/Library/Developer/Xcode/DerivedData/InkOS-hihmbestuurshsgyovxqmygopffq/Build/Products/Debug-iphonesimulator/MyScriptInteractiveInk-Runtime/MyScriptInteractiveInk_Runtime.modulemap' not found
fatal error: module map file '/Users/andrewallen/Library/Developer/Xcode/DerivedData/InkOS-hihmbestuurshsgyovxqmygopffq/Build/Products/Debug-iphonesimulator/MyScriptInteractiveInk-Runtime/MyScriptInteractiveInk_Runtime.modulemap' not found
fatal error: module map file '/Users/andrewallen/Library/Developer/Xcode/DerivedData/InkOS-hihmbestuurshsgyovxqmygopffq/Build/Products/Debug-iphonesimulator/MyScriptInteractiveInk-Runtime/MyScriptInteractiveInk_Runtime.modulemap' not found
fatal error: module map file '/Users/andrewallen/Library/Developer/Xcode/DerivedData/InkOS-hihmbestuurshsgyovxqmygopffq/Build/Products/Debug-iphonesimulator/MyScriptInteractiveInk-Runtime/MyScriptInteractiveInk_Runtime.modulemap' not found
fatal error: module map file '/Users/andrewallen/Library/Developer/Xcode/DerivedData/InkOS-hihmbestuurshsgyovxqmygopffq/Build/Products/Debug-iphonesimulator/MyScriptInteractiveInk-Runtime/MyScriptInteractiveInk_Runtime.modulemap' not found
fatal error: module map file '/Users/andrewallen/Library/Developer/Xcode/DerivedData/InkOS-hihmbestuurshsgyovxqmygopffq/Build/Products/Debug-iphonesimulator/MyScriptInteractiveInk-Runtime/MyScriptInteractiveInk_Runtime.modulemap' not found
fatal error: module map file '/Users/andrewallen/Library/Developer/Xcode/DerivedData/InkOS-hihmbestuurshsgyovxqmygopffq/Build/Products/Debug-iphonesimulator/MyScriptInteractiveInk-Runtime/MyScriptInteractiveInk_Runtime.modulemap' not found
fatal error: module map file '/Users/andrewallen/Library/Developer/Xcode/DerivedData/InkOS-hihmbestuurshsgyovxqmygopffq/Build/Products/Debug-iphonesimulator/MyScriptInteractiveInk-Runtime/MyScriptInteractiveInk_Runtime.modulemap' not found
fatal error: module map file '/Users/andrewallen/Library/Developer/Xcode/DerivedData/InkOS-hihmbestuurshsgyovxqmygopffq/Build/Products/Debug-iphonesimulator/MyScriptInteractiveInk-Runtime/MyScriptInteractiveInk_Runtime.modulemap' not found
fatal error: module map file '/Users/andrewallen/Library/Developer/Xcode/DerivedData/InkOS-hihmbestuurshsgyovxqmygopffq/Build/Products/Debug-iphonesimulator/MyScriptInteractiveInk-Runtime/MyScriptInteractiveInk_Runtime.modulemap' not found
fatal error: module map file '/Users/andrewallen/Library/Developer/Xcode/DerivedData/InkOS-hihmbestuurshsgyovxqmygopffq/Build/Products/Debug-iphonesimulator/MyScriptInteractiveInk-Runtime/MyScriptInteractiveInk_Runtime.modulemap' not found
fatal error: module map file '/Users/andrewallen/Library/Developer/Xcode/DerivedData/InkOS-hihmbestuurshsgyovxqmygopffq/Build/Products/Debug-iphonesimulator/MyScriptInteractiveInk-Runtime/MyScriptInteractiveInk_Runtime.modulemap' not found
fatal error: module map file '/Users/andrewallen/Library/Developer/Xcode/DerivedData/InkOS-hihmbestuurshsgyovxqmygopffq/Build/Products/Debug-iphonesimulator/MyScriptInteractiveInk-Runtime/MyScriptInteractiveInk_Runtime.modulemap' not found
fatal error: module map file '/Users/andrewallen/Library/Developer/Xcode/DerivedData/InkOS-hihmbestuurshsgyovxqmygopffq/Build/Products/Debug-iphonesimulator/MyScriptInteractiveInk-Runtime/MyScriptInteractiveInk_Runtime.modulemap' not found
fatal error: module map file '/Users/andrewallen/Library/Developer/Xcode/DerivedData/InkOS-hihmbestuurshsgyovxqmygopffq/Build/Products/Debug-iphonesimulator/MyScriptInteractiveInk-Runtime/MyScriptInteractiveInk_Runtime.modulemap' not found
fatal error: module map file '/Users/andrewallen/Library/Developer/Xcode/DerivedData/InkOS-hihmbestuurshsgyovxqmygopffq/Build/Products/Debug-iphonesimulator/MyScriptInteractiveInk-Runtime/MyScriptInteractiveInk_Runtime.modulemap' not found
fatal error: module map file '/Users/andrewallen/Library/Developer/Xcode/DerivedData/InkOS-hihmbestuurshsgyovxqmygopffq/Build/Products/Debug-iphonesimulator/MyScriptInteractiveInk-Runtime/MyScriptInteractiveInk_Runtime.modulemap' not found
fatal error: module map file '/Users/andrewallen/Library/Developer/Xcode/DerivedData/InkOS-hihmbestuurshsgyovxqmygopffq/Build/Products/Debug-iphonesimulator/MyScriptInteractiveInk-Runtime/MyScriptInteractiveInk_Runtime.modulemap' not found
fatal error: module map file '/Users/andrewallen/Library/Developer/Xcode/DerivedData/InkOS-hihmbestuurshsgyovxqmygopffq/Build/Products/Debug-iphonesimulator/MyScriptInteractiveInk-Runtime/MyScriptInteractiveInk_Runtime.modulemap' not found
fatal error: module map file '/Users/andrewallen/Library/Developer/Xcode/DerivedData/InkOS-hihmbestuurshsgyovxqmygopffq/Build/Products/Debug-iphonesimulator/MyScriptInteractiveInk-Runtime/MyScriptInteractiveInk_Runtime.modulemap' not found
fatal error: module map file '/Users/andrewallen/Library/Developer/Xcode/DerivedData/InkOS-hihmbestuurshsgyovxqmygopffq/Build/Products/Debug-iphonesimulator/MyScriptInteractiveInk-Runtime/MyScriptInteractiveInk_Runtime.modulemap' not found
fatal error: module map file '/Users/andrewallen/Library/Developer/Xcode/DerivedData/InkOS-hihmbestuurshsgyovxqmygopffq/Build/Products/Debug-iphonesimulator/MyScriptInteractiveInk-Runtime/MyScriptInteractiveInk_Runtime.modulemap' not found
fatal error: module map file '/Users/andrewallen/Library/Developer/Xcode/DerivedData/InkOS-hihmbestuurshsgyovxqmygopffq/Build/Products/Debug-iphonesimulator/MyScriptInteractiveInk-Runtime/MyScriptInteractiveInk_Runtime.modulemap' not found
fatal error: module map file '/Users/andrewallen/Library/Developer/Xcode/DerivedData/InkOS-hihmbestuurshsgyovxqmygopffq/Build/Products/Debug-iphonesimulator/MyScriptInteractiveInk-Runtime/MyScriptInteractiveInk_Runtime.modulemap' not found
fatal error: module map file '/Users/andrewallen/Library/Developer/Xcode/DerivedData/InkOS-hihmbestuurshsgyovxqmygopffq/Build/Products/Debug-iphonesimulator/MyScriptInteractiveInk-Runtime/MyScriptInteractiveInk_Runtime.modulemap' not found
fatal error: module map file '/Users/andrewallen/Library/Developer/Xcode/DerivedData/InkOS-hihmbestuurshsgyovxqmygopffq/Build/Products/Debug-iphonesimulator/MyScriptInteractiveInk-Runtime/MyScriptInteractiveInk_Runtime.modulemap' not found
fatal error: module map file '/Users/andrewallen/Library/Developer/Xcode/DerivedData/InkOS-hihmbestuurshsgyovxqmygopffq/Build/Products/Debug-iphonesimulator/MyScriptInteractiveInk-Runtime/MyScriptInteractiveInk_Runtime.modulemap' not found
fatal error: module map file '/Users/andrewallen/Library/Developer/Xcode/DerivedData/InkOS-hihmbestuurshsgyovxqmygopffq/Build/Products/Debug-iphonesimulator/MyScriptInteractiveInk-Runtime/MyScriptInteractiveInk_Runtime.modulemap' not found
fatal error: module map file '/Users/andrewallen/Library/Developer/Xcode/DerivedData/InkOS-hihmbestuurshsgyovxqmygopffq/Build/Products/Debug-iphonesimulator/MyScriptInteractiveInk-Runtime/MyScriptInteractiveInk_Runtime.modulemap' not found
fatal error: module map file '/Users/andrewallen/Library/Developer/Xcode/DerivedData/InkOS-hihmbestuurshsgyovxqmygopffq/Build/Products/Debug-iphonesimulator/MyScriptInteractiveInk-Runtime/MyScriptInteractiveInk_Runtime.modulemap' not found
fatal error: module map file '/Users/andrewallen/Library/Developer/Xcode/DerivedData/InkOS-hihmbestuurshsgyovxqmygopffq/Build/Products/Debug-iphonesimulator/MyScriptInteractiveInk-Runtime/MyScriptInteractiveInk_Runtime.modulemap' not found
fatal error: module map file '/Users/andrewallen/Library/Developer/Xcode/DerivedData/InkOS-hihmbestuurshsgyovxqmygopffq/Build/Products/Debug-iphonesimulator/MyScriptInteractiveInk-Runtime/MyScriptInteractiveInk_Runtime.modulemap' not found
fatal error: module map file '/Users/andrewallen/Library/Developer/Xcode/DerivedData/InkOS-hihmbestuurshsgyovxqmygopffq/Build/Products/Debug-iphonesimulator/MyScriptInteractiveInk-Runtime/MyScriptInteractiveInk_Runtime.modulemap' not found
fatal error: module map file '/Users/andrewallen/Library/Developer/Xcode/DerivedData/InkOS-hihmbestuurshsgyovxqmygopffq/Build/Products/Debug-iphonesimulator/MyScriptInteractiveInk-Runtime/MyScriptInteractiveInk_Runtime.modulemap' not found
fatal error: module map file '/Users/andrewallen/Library/Developer/Xcode/DerivedData/InkOS-hihmbestuurshsgyovxqmygopffq/Build/Products/Debug-iphonesimulator/MyScriptInteractiveInk-Runtime/MyScriptInteractiveInk_Runtime.modulemap' not found
fatal error: module map file '/Users/andrewallen/Library/Developer/Xcode/DerivedData/InkOS-hihmbestuurshsgyovxqmygopffq/Build/Products/Debug-iphonesimulator/MyScriptInteractiveInk-Runtime/MyScriptInteractiveInk_Runtime.modulemap' not found
fatal error: module map file '/Users/andrewallen/Library/Developer/Xcode/DerivedData/InkOS-hihmbestuurshsgyovxqmygopffq/Build/Products/Debug-iphonesimulator/MyScriptInteractiveInk-Runtime/MyScriptInteractiveInk_Runtime.modulemap' not found
 (in target 'InkOS' from project 'InkOS')
error: Unable to find module dependency: '_SwiftConcurrencyShims' (in target 'InkOS' from project 'InkOS')
note: A dependency of main module 'InkOS' (in target 'InkOS' from project 'InkOS')
error: Unable to find module dependency: 'SwiftShims' (in target 'InkOS' from project 'InkOS')
note: A dependency of Swift module 'Swift': '/Applications/Xcode.app/Contents/Developer/Toolchains/XcodeDefault.xctoolchain/usr/lib/swift/iphonesimulator/prebuilt-modules/26.2/Swift.swiftmodule/arm64-apple-ios-simulator.swiftmodule' (in target 'InkOS' from project 'InkOS')
note: A dependency of Swift module 'QuartzCore': '/Applications/Xcode.app/Contents/Developer/Toolchains/XcodeDefault.xctoolchain/usr/lib/swift/iphonesimulator/prebuilt-modules/26.2/QuartzCore.swiftmodule/arm64-apple-ios-simulator.swiftmodule' (in target 'InkOS' from project 'InkOS')
note: A dependency of Swift module 'DataDetection': '/Applications/Xcode.app/Contents/Developer/Toolchains/XcodeDefault.xctoolchain/usr/lib/swift/iphonesimulator/prebuilt-modules/26.2/DataDetection.swiftmodule/arm64-apple-ios-simulator.swiftmodule' (in target 'InkOS' from project 'InkOS')
note: A dependency of Swift module 'CoreText': '/Applications/Xcode.app/Contents/Developer/Toolchains/XcodeDefault.xctoolchain/usr/lib/swift/iphonesimulator/prebuilt-modules/26.2/CoreText.swiftmodule/arm64-apple-ios-simulator.swiftmodule' (in target 'InkOS' from project 'InkOS')
note: A dependency of Swift module 'UIKit': '/Applications/Xcode.app/Contents/Developer/Toolchains/XcodeDefault.xctoolchain/usr/lib/swift/iphonesimulator/prebuilt-modules/26.2/UIKit.swiftmodule/arm64-apple-ios-simulator.swiftmodule' (in target 'InkOS' from project 'InkOS')
note: A dependency of Swift module 'Swift': '/Applications/Xcode.app/Contents/Developer/Toolchains/XcodeDefault.xctoolchain/usr/lib/swift/iphonesimulator/prebuilt-modules/26.2/Swift.swiftmodule/arm64-apple-ios-simulator.swiftmodule' (in target 'InkOS' from project 'InkOS')
note: A dependency of Swift module 'Accessibility': '/Applications/Xcode.app/Contents/Developer/Toolchains/XcodeDefault.xctoolchain/usr/lib/swift/iphonesimulator/prebuilt-modules/26.2/Accessibility.swiftmodule/arm64-apple-ios-simulator.swiftmodule' (in target 'InkOS' from project 'InkOS')
note: A dependency of Swift module 'SwiftUICore': '/Applications/Xcode.app/Contents/Developer/Toolchains/XcodeDefault.xctoolchain/usr/lib/swift/iphonesimulator/prebuilt-modules/26.2/SwiftUICore.swiftmodule/arm64-apple-ios-simulator.swiftmodule' (in target 'InkOS' from project 'InkOS')
note: A dependency of Swift module 'Swift': '/Applications/Xcode.app/Contents/Developer/Toolchains/XcodeDefault.xctoolchain/usr/lib/swift/iphonesimulator/prebuilt-modules/26.2/Swift.swiftmodule/arm64-apple-ios-simulator.swiftmodule' (in target 'InkOS' from project 'InkOS')
note: A dependency of Swift module 'Spatial': '/Applications/Xcode.app/Contents/Developer/Toolchains/XcodeDefault.xctoolchain/usr/lib/swift/iphonesimulator/prebuilt-modules/26.2/Spatial.swiftmodule/arm64-apple-ios-simulator.swiftmodule' (in target 'InkOS' from project 'InkOS')
note: A dependency of Swift module 'OSLog': '/Applications/Xcode.app/Contents/Developer/Toolchains/XcodeDefault.xctoolchain/usr/lib/swift/iphonesimulator/prebuilt-modules/26.2/OSLog.swiftmodule/arm64-apple-ios-simulator.swiftmodule' (in target 'InkOS' from project 'InkOS')
note: A dependency of Swift module 'DeveloperToolsSupport': '/Applications/Xcode.app/Contents/Developer/Toolchains/XcodeDefault.xctoolchain/usr/lib/swift/iphonesimulator/prebuilt-modules/26.2/DeveloperToolsSupport.swiftmodule/arm64-apple-ios-simulator.swiftmodule' (in target 'InkOS' from project 'InkOS')
note: A dependency of Swift module 'Swift': '/Applications/Xcode.app/Contents/Developer/Toolchains/XcodeDefault.xctoolchain/usr/lib/swift/iphonesimulator/prebuilt-modules/26.2/Swift.swiftmodule/arm64-apple-ios-simulator.swiftmodule' (in target 'InkOS' from project 'InkOS')
note: A dependency of Swift module 'CoreTransferable': '/Applications/Xcode.app/Contents/Developer/Toolchains/XcodeDefault.xctoolchain/usr/lib/swift/iphonesimulator/prebuilt-modules/26.2/CoreTransferable.swiftmodule/arm64-apple-ios-simulator.swiftmodule' (in target 'InkOS' from project 'InkOS')
note: A dependency of Swift module 'CoreGraphics': '/Applications/Xcode.app/Contents/Developer/Toolchains/XcodeDefault.xctoolchain/usr/lib/swift/iphonesimulator/prebuilt-modules/26.2/CoreGraphics.swiftmodule/arm64-apple-ios-simulator.swiftmodule' (in target 'InkOS' from project 'InkOS')
note: A dependency of Swift module 'Swift': '/Applications/Xcode.app/Contents/Developer/Toolchains/XcodeDefault.xctoolchain/usr/lib/swift/iphonesimulator/prebuilt-modules/26.2/Swift.swiftmodule/arm64-apple-ios-simulator.swiftmodule' (in target 'InkOS' from project 'InkOS')
note: A dependency of Swift module 'Swift': '/Applications/Xcode.app/Contents/Developer/Toolchains/XcodeDefault.xctoolchain/usr/lib/swift/iphonesimulator/prebuilt-modules/26.2/Swift.swiftmodule/arm64-apple-ios-simulator.swiftmodule' (in target 'InkOS' from project 'InkOS')
note: A dependency of Swift module 'Observation': '/Applications/Xcode.app/Contents/Developer/Toolchains/XcodeDefault.xctoolchain/usr/lib/swift/iphonesimulator/prebuilt-modules/26.2/Observation.swiftmodule/arm64-apple-ios-simulator.swiftmodule' (in target 'InkOS' from project 'InkOS')
note: A dependency of Swift module 'ObjectiveC': '/Applications/Xcode.app/Contents/Developer/Toolchains/XcodeDefault.xctoolchain/usr/lib/swift/iphonesimulator/prebuilt-modules/26.2/ObjectiveC.swiftmodule/arm64-apple-ios-simulator.swiftmodule' (in target 'InkOS' from project 'InkOS')
note: A dependency of Swift module 'Dispatch': '/Applications/Xcode.app/Contents/Developer/Toolchains/XcodeDefault.xctoolchain/usr/lib/swift/iphonesimulator/prebuilt-modules/26.2/Dispatch.swiftmodule/arm64-apple-ios-simulator.swiftmodule' (in target 'InkOS' from project 'InkOS')
note: A dependency of Swift module 'CoreFoundation': '/Applications/Xcode.app/Contents/Developer/Toolchains/XcodeDefault.xctoolchain/usr/lib/swift/iphonesimulator/prebuilt-modules/26.2/CoreFoundation.swiftmodule/arm64-apple-ios-simulator.swiftmodule' (in target 'InkOS' from project 'InkOS')
note: A dependency of Swift module 'Foundation': '/Applications/Xcode.app/Contents/Developer/Toolchains/XcodeDefault.xctoolchain/usr/lib/swift/iphonesimulator/prebuilt-modules/26.2/Foundation.swiftmodule/arm64-apple-ios-simulator.swiftmodule' (in target 'InkOS' from project 'InkOS')
note: A dependency of Swift module 'CoreData': '/Applications/Xcode.app/Contents/Developer/Toolchains/XcodeDefault.xctoolchain/usr/lib/swift/iphonesimulator/prebuilt-modules/26.2/CoreData.swiftmodule/arm64-apple-ios-simulator.swiftmodule' (in target 'InkOS' from project 'InkOS')
note: A dependency of Swift module '_DarwinFoundation2': '/Applications/Xcode.app/Contents/Developer/Toolchains/XcodeDefault.xctoolchain/usr/lib/swift/iphonesimulator/prebuilt-modules/26.2/_DarwinFoundation2.swiftmodule/arm64-apple-ios-simulator.swiftmodule' (in target 'InkOS' from project 'InkOS')
note: A dependency of Swift module '_DarwinFoundation1': '/Applications/Xcode.app/Contents/Developer/Toolchains/XcodeDefault.xctoolchain/usr/lib/swift/iphonesimulator/prebuilt-modules/26.2/_DarwinFoundation1.swiftmodule/arm64-apple-ios-simulator.swiftmodule' (in target 'InkOS' from project 'InkOS')
note: A dependency of Swift module '_Builtin_float': '/Applications/Xcode.app/Contents/Developer/Toolchains/XcodeDefault.xctoolchain/usr/lib/swift/iphonesimulator/prebuilt-modules/26.2/_Builtin_float.swiftmodule/arm64-apple-ios-simulator.swiftmodule' (in target 'InkOS' from project 'InkOS')
note: A dependency of Swift module 'Swift': '/Applications/Xcode.app/Contents/Developer/Toolchains/XcodeDefault.xctoolchain/usr/lib/swift/iphonesimulator/prebuilt-modules/26.2/Swift.swiftmodule/arm64-apple-ios-simulator.swiftmodule' (in target 'InkOS' from project 'InkOS')
note: A dependency of Swift module 'Darwin': '/Applications/Xcode.app/Contents/Developer/Toolchains/XcodeDefault.xctoolchain/usr/lib/swift/iphonesimulator/prebuilt-modules/26.2/Darwin.swiftmodule/arm64-apple-ios-simulator.swiftmodule' (in target 'InkOS' from project 'InkOS')
note: A dependency of Swift module 'Combine': '/Applications/Xcode.app/Contents/Developer/Toolchains/XcodeDefault.xctoolchain/usr/lib/swift/iphonesimulator/prebuilt-modules/26.2/Combine.swiftmodule/arm64-apple-ios-simulator.swiftmodule' (in target 'InkOS' from project 'InkOS')
note: A dependency of Swift module 'SwiftUI': '/Applications/Xcode.app/Contents/Developer/Toolchains/XcodeDefault.xctoolchain/usr/lib/swift/iphonesimulator/prebuilt-modules/26.2/SwiftUI.swiftmodule/arm64-apple-ios-simulator.swiftmodule' (in target 'InkOS' from project 'InkOS')
note: A dependency of Swift module '_StringProcessing': '/Applications/Xcode.app/Contents/Developer/Toolchains/XcodeDefault.xctoolchain/usr/lib/swift/iphonesimulator/prebuilt-modules/26.2/_StringProcessing.swiftmodule/arm64-apple-ios-simulator.swiftmodule' (in target 'InkOS' from project 'InkOS')
note: A dependency of Swift module '_Concurrency': '/Applications/Xcode.app/Contents/Developer/Toolchains/XcodeDefault.xctoolchain/usr/lib/swift/iphonesimulator/prebuilt-modules/26.2/_Concurrency.swiftmodule/arm64-apple-ios-simulator.swiftmodule' (in target 'InkOS' from project 'InkOS')
note: A dependency of Swift module 'SwiftOnoneSupport': '/Applications/Xcode.app/Contents/Developer/Toolchains/XcodeDefault.xctoolchain/usr/lib/swift/iphonesimulator/prebuilt-modules/26.2/SwiftOnoneSupport.swiftmodule/arm64-apple-ios-simulator.swiftmodule' (in target 'InkOS' from project 'InkOS')
note: A dependency of Swift module 'Swift': '/Applications/Xcode.app/Contents/Developer/Toolchains/XcodeDefault.xctoolchain/usr/lib/swift/iphonesimulator/prebuilt-modules/26.2/Swift.swiftmodule/arm64-apple-ios-simulator.swiftmodule' (in target 'InkOS' from project 'InkOS')
note: A dependency of main module 'InkOS' (in target 'InkOS' from project 'InkOS')
note: A dependency of Swift module 'Swift': '/Applications/Xcode.app/Contents/Developer/Toolchains/XcodeDefault.xctoolchain/usr/lib/swift/iphonesimulator/prebuilt-modules/26.2/Swift.swiftmodule/arm64-apple-ios-simulator.swiftmodule' (in target 'InkOS' from project 'InkOS')
note: A dependency of Swift module 'QuartzCore': '/Applications/Xcode.app/Contents/Developer/Toolchains/XcodeDefault.xctoolchain/usr/lib/swift/iphonesimulator/prebuilt-modules/26.2/QuartzCore.swiftmodule/arm64-apple-ios-simulator.swiftmodule' (in target 'InkOS' from project 'InkOS')
note: A dependency of Swift module 'DataDetection': '/Applications/Xcode.app/Contents/Developer/Toolchains/XcodeDefault.xctoolchain/usr/lib/swift/iphonesimulator/prebuilt-modules/26.2/DataDetection.swiftmodule/arm64-apple-ios-simulator.swiftmodule' (in target 'InkOS' from project 'InkOS')
note: A dependency of Swift module 'CoreText': '/Applications/Xcode.app/Contents/Developer/Toolchains/XcodeDefault.xctoolchain/usr/lib/swift/iphonesimulator/prebuilt-modules/26.2/CoreText.swiftmodule/arm64-apple-ios-simulator.swiftmodule' (in target 'InkOS' from project 'InkOS')
note: A dependency of Swift module 'UIKit': '/Applications/Xcode.app/Contents/Developer/Toolchains/XcodeDefault.xctoolchain/usr/lib/swift/iphonesimulator/prebuilt-modules/26.2/UIKit.swiftmodule/arm64-apple-ios-simulator.swiftmodule' (in target 'InkOS' from project 'InkOS')
note: A dependency of Swift module 'Swift': '/Applications/Xcode.app/Contents/Developer/Toolchains/XcodeDefault.xctoolchain/usr/lib/swift/iphonesimulator/prebuilt-modules/26.2/Swift.swiftmodule/arm64-apple-ios-simulator.swiftmodule' (in target 'InkOS' from project 'InkOS')
note: A dependency of Swift module 'Accessibility': '/Applications/Xcode.app/Contents/Developer/Toolchains/XcodeDefault.xctoolchain/usr/lib/swift/iphonesimulator/prebuilt-modules/26.2/Accessibility.swiftmodule/arm64-apple-ios-simulator.swiftmodule' (in target 'InkOS' from project 'InkOS')
note: A dependency of Swift module 'SwiftUICore': '/Applications/Xcode.app/Contents/Developer/Toolchains/XcodeDefault.xctoolchain/usr/lib/swift/iphonesimulator/prebuilt-modules/26.2/SwiftUICore.swiftmodule/arm64-apple-ios-simulator.swiftmodule' (in target 'InkOS' from project 'InkOS')
note: A dependency of Swift module 'Swift': '/Applications/Xcode.app/Contents/Developer/Toolchains/XcodeDefault.xctoolchain/usr/lib/swift/iphonesimulator/prebuilt-modules/26.2/Swift.swiftmodule/arm64-apple-ios-simulator.swiftmodule' (in target 'InkOS' from project 'InkOS')
note: A dependency of Swift module 'Spatial': '/Applications/Xcode.app/Contents/Developer/Toolchains/XcodeDefault.xctoolchain/usr/lib/swift/iphonesimulator/prebuilt-modules/26.2/Spatial.swiftmodule/arm64-apple-ios-simulator.swiftmodule' (in target 'InkOS' from project 'InkOS')
note: A dependency of Swift module 'OSLog': '/Applications/Xcode.app/Contents/Developer/Toolchains/XcodeDefault.xctoolchain/usr/lib/swift/iphonesimulator/prebuilt-modules/26.2/OSLog.swiftmodule/arm64-apple-ios-simulator.swiftmodule' (in target 'InkOS' from project 'InkOS')
note: A dependency of Swift module 'DeveloperToolsSupport': '/Applications/Xcode.app/Contents/Developer/Toolchains/XcodeDefault.xctoolchain/usr/lib/swift/iphonesimulator/prebuilt-modules/26.2/DeveloperToolsSupport.swiftmodule/arm64-apple-ios-simulator.swiftmodule' (in target 'InkOS' from project 'InkOS')
note: A dependency of Swift module 'Swift': '/Applications/Xcode.app/Contents/Developer/Toolchains/XcodeDefault.xctoolchain/usr/lib/swift/iphonesimulator/prebuilt-modules/26.2/Swift.swiftmodule/arm64-apple-ios-simulator.swiftmodule' (in target 'InkOS' from project 'InkOS')
note: A dependency of Swift module 'CoreTransferable': '/Applications/Xcode.app/Contents/Developer/Toolchains/XcodeDefault.xctoolchain/usr/lib/swift/iphonesimulator/prebuilt-modules/26.2/CoreTransferable.swiftmodule/arm64-apple-ios-simulator.swiftmodule' (in target 'InkOS' from project 'InkOS')
note: A dependency of Swift module 'CoreGraphics': '/Applications/Xcode.app/Contents/Developer/Toolchains/XcodeDefault.xctoolchain/usr/lib/swift/iphonesimulator/prebuilt-modules/26.2/CoreGraphics.swiftmodule/arm64-apple-ios-simulator.swiftmodule' (in target 'InkOS' from project 'InkOS')
note: A dependency of Swift module 'Swift': '/Applications/Xcode.app/Contents/Developer/Toolchains/XcodeDefault.xctoolchain/usr/lib/swift/iphonesimulator/prebuilt-modules/26.2/Swift.swiftmodule/arm64-apple-ios-simulator.swiftmodule' (in target 'InkOS' from project 'InkOS')
note: A dependency of Swift module 'Swift': '/Applications/Xcode.app/Contents/Developer/Toolchains/XcodeDefault.xctoolchain/usr/lib/swift/iphonesimulator/prebuilt-modules/26.2/Swift.swiftmodule/arm64-apple-ios-simulator.swiftmodule' (in target 'InkOS' from project 'InkOS')
note: A dependency of Swift module 'Observation': '/Applications/Xcode.app/Contents/Developer/Toolchains/XcodeDefault.xctoolchain/usr/lib/swift/iphonesimulator/prebuilt-modules/26.2/Observation.swiftmodule/arm64-apple-ios-simulator.swiftmodule' (in target 'InkOS' from project 'InkOS')
note: A dependency of Swift module 'ObjectiveC': '/Applications/Xcode.app/Contents/Developer/Toolchains/XcodeDefault.xctoolchain/usr/lib/swift/iphonesimulator/prebuilt-modules/26.2/ObjectiveC.swiftmodule/arm64-apple-ios-simulator.swiftmodule' (in target 'InkOS' from project 'InkOS')
note: A dependency of Swift module 'Dispatch': '/Applications/Xcode.app/Contents/Developer/Toolchains/XcodeDefault.xctoolchain/usr/lib/swift/iphonesimulator/prebuilt-modules/26.2/Dispatch.swiftmodule/arm64-apple-ios-simulator.swiftmodule' (in target 'InkOS' from project 'InkOS')
note: A dependency of Swift module 'CoreFoundation': '/Applications/Xcode.app/Contents/Developer/Toolchains/XcodeDefault.xctoolchain/usr/lib/swift/iphonesimulator/prebuilt-modules/26.2/CoreFoundation.swiftmodule/arm64-apple-ios-simulator.swiftmodule' (in target 'InkOS' from project 'InkOS')
note: A dependency of Swift module 'Foundation': '/Applications/Xcode.app/Contents/Developer/Toolchains/XcodeDefault.xctoolchain/usr/lib/swift/iphonesimulator/prebuilt-modules/26.2/Foundation.swiftmodule/arm64-apple-ios-simulator.swiftmodule' (in target 'InkOS' from project 'InkOS')
note: A dependency of Swift module 'CoreData': '/Applications/Xcode.app/Contents/Developer/Toolchains/XcodeDefault.xctoolchain/usr/lib/swift/iphonesimulator/prebuilt-modules/26.2/CoreData.swiftmodule/arm64-apple-ios-simulator.swiftmodule' (in target 'InkOS' from project 'InkOS')
note: A dependency of Swift module '_DarwinFoundation2': '/Applications/Xcode.app/Contents/Developer/Toolchains/XcodeDefault.xctoolchain/usr/lib/swift/iphonesimulator/prebuilt-modules/26.2/_DarwinFoundation2.swiftmodule/arm64-apple-ios-simulator.swiftmodule' (in target 'InkOS' from project 'InkOS')
note: A dependency of Swift module '_DarwinFoundation1': '/Applications/Xcode.app/Contents/Developer/Toolchains/XcodeDefault.xctoolchain/usr/lib/swift/iphonesimulator/prebuilt-modules/26.2/_DarwinFoundation1.swiftmodule/arm64-apple-ios-simulator.swiftmodule' (in target 'InkOS' from project 'InkOS')
note: A dependency of Swift module '_Builtin_float': '/Applications/Xcode.app/Contents/Developer/Toolchains/XcodeDefault.xctoolchain/usr/lib/swift/iphonesimulator/prebuilt-modules/26.2/_Builtin_float.swiftmodule/arm64-apple-ios-simulator.swiftmodule' (in target 'InkOS' from project 'InkOS')
note: A dependency of Swift module 'Swift': '/Applications/Xcode.app/Contents/Developer/Toolchains/XcodeDefault.xctoolchain/usr/lib/swift/iphonesimulator/prebuilt-modules/26.2/Swift.swiftmodule/arm64-apple-ios-simulator.swiftmodule' (in target 'InkOS' from project 'InkOS')
note: A dependency of Swift module 'Darwin': '/Applications/Xcode.app/Contents/Developer/Toolchains/XcodeDefault.xctoolchain/usr/lib/swift/iphonesimulator/prebuilt-modules/26.2/Darwin.swiftmodule/arm64-apple-ios-simulator.swiftmodule' (in target 'InkOS' from project 'InkOS')
note: A dependency of Swift module 'Combine': '/Applications/Xcode.app/Contents/Developer/Toolchains/XcodeDefault.xctoolchain/usr/lib/swift/iphonesimulator/prebuilt-modules/26.2/Combine.swiftmodule/arm64-apple-ios-simulator.swiftmodule' (in target 'InkOS' from project 'InkOS')
note: A dependency of Swift module 'SwiftUI': '/Applications/Xcode.app/Contents/Developer/Toolchains/XcodeDefault.xctoolchain/usr/lib/swift/iphonesimulator/prebuilt-modules/26.2/SwiftUI.swiftmodule/arm64-apple-ios-simulator.swiftmodule' (in target 'InkOS' from project 'InkOS')
note: A dependency of Swift module '_StringProcessing': '/Applications/Xcode.app/Contents/Developer/Toolchains/XcodeDefault.xctoolchain/usr/lib/swift/iphonesimulator/prebuilt-modules/26.2/_StringProcessing.swiftmodule/arm64-apple-ios-simulator.swiftmodule' (in target 'InkOS' from project 'InkOS')
note: A dependency of Swift module '_Concurrency': '/Applications/Xcode.app/Contents/Developer/Toolchains/XcodeDefault.xctoolchain/usr/lib/swift/iphonesimulator/prebuilt-modules/26.2/_Concurrency.swiftmodule/arm64-apple-ios-simulator.swiftmodule' (in target 'InkOS' from project 'InkOS')
note: A dependency of Swift module 'SwiftOnoneSupport': '/Applications/Xcode.app/Contents/Developer/Toolchains/XcodeDefault.xctoolchain/usr/lib/swift/iphonesimulator/prebuilt-modules/26.2/SwiftOnoneSupport.swiftmodule/arm64-apple-ios-simulator.swiftmodule' (in target 'InkOS' from project 'InkOS')
note: A dependency of Swift module 'Swift': '/Applications/Xcode.app/Contents/Developer/Toolchains/XcodeDefault.xctoolchain/usr/lib/swift/iphonesimulator/prebuilt-modules/26.2/Swift.swiftmodule/arm64-apple-ios-simulator.swiftmodule' (in target 'InkOS' from project 'InkOS')
note: A dependency of main module 'InkOS' (in target 'InkOS' from project 'InkOS')
note: A dependency of Swift module 'Swift': '/Applications/Xcode.app/Contents/Developer/Toolchains/XcodeDefault.xctoolchain/usr/lib/swift/iphonesimulator/prebuilt-modules/26.2/Swift.swiftmodule/arm64-apple-ios-simulator.swiftmodule' (in target 'InkOS' from project 'InkOS')
note: A dependency of Swift module 'DataDetection': '/Applications/Xcode.app/Contents/Developer/Toolchains/XcodeDefault.xctoolchain/usr/lib/swift/iphonesimulator/prebuilt-modules/26.2/DataDetection.swiftmodule/arm64-apple-ios-simulator.swiftmodule' (in target 'InkOS' from project 'InkOS')
note: A dependency of Swift module 'CoreText': '/Applications/Xcode.app/Contents/Developer/Toolchains/XcodeDefault.xctoolchain/usr/lib/swift/iphonesimulator/prebuilt-modules/26.2/CoreText.swiftmodule/arm64-apple-ios-simulator.swiftmodule' (in target 'InkOS' from project 'InkOS')
note: A dependency of Swift module 'UIKit': '/Applications/Xcode.app/Contents/Developer/Toolchains/XcodeDefault.xctoolchain/usr/lib/swift/iphonesimulator/prebuilt-modules/26.2/UIKit.swiftmodule/arm64-apple-ios-simulator.swiftmodule' (in target 'InkOS' from project 'InkOS')
note: A dependency of Swift module 'Swift': '/Applications/Xcode.app/Contents/Developer/Toolchains/XcodeDefault.xctoolchain/usr/lib/swift/iphonesimulator/prebuilt-modules/26.2/Swift.swiftmodule/arm64-apple-ios-simulator.swiftmodule' (in target 'InkOS' from project 'InkOS')
note: A dependency of Swift module 'Accessibility': '/Applications/Xcode.app/Contents/Developer/Toolchains/XcodeDefault.xctoolchain/usr/lib/swift/iphonesimulator/prebuilt-modules/26.2/Accessibility.swiftmodule/arm64-apple-ios-simulator.swiftmodule' (in target 'InkOS' from project 'InkOS')
note: A dependency of Swift module 'SwiftUICore': '/Applications/Xcode.app/Contents/Developer/Toolchains/XcodeDefault.xctoolchain/usr/lib/swift/iphonesimulator/prebuilt-modules/26.2/SwiftUICore.swiftmodule/arm64-apple-ios-simulator.swiftmodule' (in target 'InkOS' from project 'InkOS')
note: A dependency of Swift module 'Swift': '/Applications/Xcode.app/Contents/Developer/Toolchains/XcodeDefault.xctoolchain/usr/lib/swift/iphonesimulator/prebuilt-modules/26.2/Swift.swiftmodule/arm64-apple-ios-simulator.swiftmodule' (in target 'InkOS' from project 'InkOS')
note: A dependency of Swift module 'Spatial': '/Applications/Xcode.app/Contents/Developer/Toolchains/XcodeDefault.xctoolchain/usr/lib/swift/iphonesimulator/prebuilt-modules/26.2/Spatial.swiftmodule/arm64-apple-ios-simulator.swiftmodule' (in target 'InkOS' from project 'InkOS')
note: A dependency of Swift module 'OSLog': '/Applications/Xcode.app/Contents/Developer/Toolchains/XcodeDefault.xctoolchain/usr/lib/swift/iphonesimulator/prebuilt-modules/26.2/OSLog.swiftmodule/arm64-apple-ios-simulator.swiftmodule' (in target 'InkOS' from project 'InkOS')
note: A dependency of Swift module 'DeveloperToolsSupport': '/Applications/Xcode.app/Contents/Developer/Toolchains/XcodeDefault.xctoolchain/usr/lib/swift/iphonesimulator/prebuilt-modules/26.2/DeveloperToolsSupport.swiftmodule/arm64-apple-ios-simulator.swiftmodule' (in target 'InkOS' from project 'InkOS')
note: A dependency of Swift module 'Swift': '/Applications/Xcode.app/Contents/Developer/Toolchains/XcodeDefault.xctoolchain/usr/lib/swift/iphonesimulator/prebuilt-modules/26.2/Swift.swiftmodule/arm64-apple-ios-simulator.swiftmodule' (in target 'InkOS' from project 'InkOS')
note: A dependency of Swift module 'CoreTransferable': '/Applications/Xcode.app/Contents/Developer/Toolchains/XcodeDefault.xctoolchain/usr/lib/swift/iphonesimulator/prebuilt-modules/26.2/CoreTransferable.swiftmodule/arm64-apple-ios-simulator.swiftmodule' (in target 'InkOS' from project 'InkOS')
note: A dependency of Swift module 'CoreGraphics': '/Applications/Xcode.app/Contents/Developer/Toolchains/XcodeDefault.xctoolchain/usr/lib/swift/iphonesimulator/prebuilt-modules/26.2/CoreGraphics.swiftmodule/arm64-apple-ios-simulator.swiftmodule' (in target 'InkOS' from project 'InkOS')
note: A dependency of Swift module 'Swift': '/Applications/Xcode.app/Contents/Developer/Toolchains/XcodeDefault.xctoolchain/usr/lib/swift/iphonesimulator/prebuilt-modules/26.2/Swift.swiftmodule/arm64-apple-ios-simulator.swiftmodule' (in target 'InkOS' from project 'InkOS')
note: A dependency of Swift module 'Swift': '/Applications/Xcode.app/Contents/Developer/Toolchains/XcodeDefault.xctoolchain/usr/lib/swift/iphonesimulator/prebuilt-modules/26.2/Swift.swiftmodule/arm64-apple-ios-simulator.swiftmodule' (in target 'InkOS' from project 'InkOS')
note: A dependency of Swift module 'Observation': '/Applications/Xcode.app/Contents/Developer/Toolchains/XcodeDefault.xctoolchain/usr/lib/swift/iphonesimulator/prebuilt-modules/26.2/Observation.swiftmodule/arm64-apple-ios-simulator.swiftmodule' (in target 'InkOS' from project 'InkOS')
note: A dependency of Swift module 'ObjectiveC': '/Applications/Xcode.app/Contents/Developer/Toolchains/XcodeDefault.xctoolchain/usr/lib/swift/iphonesimulator/prebuilt-modules/26.2/ObjectiveC.swiftmodule/arm64-apple-ios-simulator.swiftmodule' (in target 'InkOS' from project 'InkOS')
note: A dependency of Swift module 'Dispatch': '/Applications/Xcode.app/Contents/Developer/Toolchains/XcodeDefault.xctoolchain/usr/lib/swift/iphonesimulator/prebuilt-modules/26.2/Dispatch.swiftmodule/arm64-apple-ios-simulator.swiftmodule' (in target 'InkOS' from project 'InkOS')
note: A dependency of Swift module 'CoreFoundation': '/Applications/Xcode.app/Contents/Developer/Toolchains/XcodeDefault.xctoolchain/usr/lib/swift/iphonesimulator/prebuilt-modules/26.2/CoreFoundation.swiftmodule/arm64-apple-ios-simulator.swiftmodule' (in target 'InkOS' from project 'InkOS')
note: A dependency of Swift module 'Foundation': '/Applications/Xcode.app/Contents/Developer/Toolchains/XcodeDefault.xctoolchain/usr/lib/swift/iphonesimulator/prebuilt-modules/26.2/Foundation.swiftmodule/arm64-apple-ios-simulator.swiftmodule' (in target 'InkOS' from project 'InkOS')
note: A dependency of Swift module 'CoreData': '/Applications/Xcode.app/Contents/Developer/Toolchains/XcodeDefault.xctoolchain/usr/lib/swift/iphonesimulator/prebuilt-modules/26.2/CoreData.swiftmodule/arm64-apple-ios-simulator.swiftmodule' (in target 'InkOS' from project 'InkOS')
note: A dependency of Swift module '_DarwinFoundation2': '/Applications/Xcode.app/Contents/Developer/Toolchains/XcodeDefault.xctoolchain/usr/lib/swift/iphonesimulator/prebuilt-modules/26.2/_DarwinFoundation2.swiftmodule/arm64-apple-ios-simulator.swiftmodule' (in target 'InkOS' from project 'InkOS')
note: A dependency of Swift module '_DarwinFoundation1': '/Applications/Xcode.app/Contents/Developer/Toolchains/XcodeDefault.xctoolchain/usr/lib/swift/iphonesimulator/prebuilt-modules/26.2/_DarwinFoundation1.swiftmodule/arm64-apple-ios-simulator.swiftmodule' (in target 'InkOS' from project 'InkOS')
note: A dependency of Swift module '_Builtin_float': '/Applications/Xcode.app/Contents/Developer/Toolchains/XcodeDefault.xctoolchain/usr/lib/swift/iphonesimulator/prebuilt-modules/26.2/_Builtin_float.swiftmodule/arm64-apple-ios-simulator.swiftmodule' (in target 'InkOS' from project 'InkOS')
note: A dependency of Swift module 'Swift': '/Applications/Xcode.app/Contents/Developer/Toolchains/XcodeDefault.xctoolchain/usr/lib/swift/iphonesimulator/prebuilt-modules/26.2/Swift.swiftmodule/arm64-apple-ios-simulator.swiftmodule' (in target 'InkOS' from project 'InkOS')
note: A dependency of Swift module 'Darwin': '/Applications/Xcode.app/Contents/Developer/Toolchains/XcodeDefault.xctoolchain/usr/lib/swift/iphonesimulator/prebuilt-modules/26.2/Darwin.swiftmodule/arm64-apple-ios-simulator.swiftmodule' (in target 'InkOS' from project 'InkOS')
note: A dependency of Swift module 'Combine': '/Applications/Xcode.app/Contents/Developer/Toolchains/XcodeDefault.xctoolchain/usr/lib/swift/iphonesimulator/prebuilt-modules/26.2/Combine.swiftmodule/arm64-apple-ios-simulator.swiftmodule' (in target 'InkOS' from project 'InkOS')
note: A dependency of Swift module 'SwiftUI': '/Applications/Xcode.app/Contents/Developer/Toolchains/XcodeDefault.xctoolchain/usr/lib/swift/iphonesimulator/prebuilt-modules/26.2/SwiftUI.swiftmodule/arm64-apple-ios-simulator.swiftmodule' (in target 'InkOS' from project 'InkOS')
note: A dependency of Swift module '_StringProcessing': '/Applications/Xcode.app/Contents/Developer/Toolchains/XcodeDefault.xctoolchain/usr/lib/swift/iphonesimulator/prebuilt-modules/26.2/_StringProcessing.swiftmodule/arm64-apple-ios-simulator.swiftmodule' (in target 'InkOS' from project 'InkOS')
note: A dependency of Swift module '_Concurrency': '/Applications/Xcode.app/Contents/Developer/Toolchains/XcodeDefault.xctoolchain/usr/lib/swift/iphonesimulator/prebuilt-modules/26.2/_Concurrency.swiftmodule/arm64-apple-ios-simulator.swiftmodule' (in target 'InkOS' from project 'InkOS')
note: A dependency of Swift module 'SwiftOnoneSupport': '/Applications/Xcode.app/Contents/Developer/Toolchains/XcodeDefault.xctoolchain/usr/lib/swift/iphonesimulator/prebuilt-modules/26.2/SwiftOnoneSupport.swiftmodule/arm64-apple-ios-simulator.swiftmodule' (in target 'InkOS' from project 'InkOS')
note: A dependency of Swift module 'Swift': '/Applications/Xcode.app/Contents/Developer/Toolchains/XcodeDefault.xctoolchain/usr/lib/swift/iphonesimulator/prebuilt-modules/26.2/Swift.swiftmodule/arm64-apple-ios-simulator.swiftmodule' (in target 'InkOS' from project 'InkOS')
note: A dependency of main module 'InkOS' (in target 'InkOS' from project 'InkOS')
note: A dependency of Swift module 'Swift': '/Applications/Xcode.app/Contents/Developer/Toolchains/XcodeDefault.xctoolchain/usr/lib/swift/iphonesimulator/prebuilt-modules/26.2/Swift.swiftmodule/arm64-apple-ios-simulator.swiftmodule' (in target 'InkOS' from project 'InkOS')
note: A dependency of Swift module 'CoreText': '/Applications/Xcode.app/Contents/Developer/Toolchains/XcodeDefault.xctoolchain/usr/lib/swift/iphonesimulator/prebuilt-modules/26.2/CoreText.swiftmodule/arm64-apple-ios-simulator.swiftmodule' (in target 'InkOS' from project 'InkOS')
note: A dependency of Swift module 'UIKit': '/Applications/Xcode.app/Contents/Developer/Toolchains/XcodeDefault.xctoolchain/usr/lib/swift/iphonesimulator/prebuilt-modules/26.2/UIKit.swiftmodule/arm64-apple-ios-simulator.swiftmodule' (in target 'InkOS' from project 'InkOS')
note: A dependency of Swift module 'Swift': '/Applications/Xcode.app/Contents/Developer/Toolchains/XcodeDefault.xctoolchain/usr/lib/swift/iphonesimulator/prebuilt-modules/26.2/Swift.swiftmodule/arm64-apple-ios-simulator.swiftmodule' (in target 'InkOS' from project 'InkOS')
note: A dependency of Swift module 'Accessibility': '/Applications/Xcode.app/Contents/Developer/Toolchains/XcodeDefault.xctoolchain/usr/lib/swift/iphonesimulator/prebuilt-modules/26.2/Accessibility.swiftmodule/arm64-apple-ios-simulator.swiftmodule' (in target 'InkOS' from project 'InkOS')
note: A dependency of Swift module 'SwiftUICore': '/Applications/Xcode.app/Contents/Developer/Toolchains/XcodeDefault.xctoolchain/usr/lib/swift/iphonesimulator/prebuilt-modules/26.2/SwiftUICore.swiftmodule/arm64-apple-ios-simulator.swiftmodule' (in target 'InkOS' from project 'InkOS')
note: A dependency of Swift module 'Swift': '/Applications/Xcode.app/Contents/Developer/Toolchains/XcodeDefault.xctoolchain/usr/lib/swift/iphonesimulator/prebuilt-modules/26.2/Swift.swiftmodule/arm64-apple-ios-simulator.swiftmodule' (in target 'InkOS' from project 'InkOS')
note: A dependency of Swift module 'Spatial': '/Applications/Xcode.app/Contents/Developer/Toolchains/XcodeDefault.xctoolchain/usr/lib/swift/iphonesimulator/prebuilt-modules/26.2/Spatial.swiftmodule/arm64-apple-ios-simulator.swiftmodule' (in target 'InkOS' from project 'InkOS')
note: A dependency of Swift module 'OSLog': '/Applications/Xcode.app/Contents/Developer/Toolchains/XcodeDefault.xctoolchain/usr/lib/swift/iphonesimulator/prebuilt-modules/26.2/OSLog.swiftmodule/arm64-apple-ios-simulator.swiftmodule' (in target 'InkOS' from project 'InkOS')
note: A dependency of Swift module 'DeveloperToolsSupport': '/Applications/Xcode.app/Contents/Developer/Toolchains/XcodeDefault.xctoolchain/usr/lib/swift/iphonesimulator/prebuilt-modules/26.2/DeveloperToolsSupport.swiftmodule/arm64-apple-ios-simulator.swiftmodule' (in target 'InkOS' from project 'InkOS')
note: A dependency of Swift module 'Swift': '/Applications/Xcode.app/Contents/Developer/Toolchains/XcodeDefault.xctoolchain/usr/lib/swift/iphonesimulator/prebuilt-modules/26.2/Swift.swiftmodule/arm64-apple-ios-simulator.swiftmodule' (in target 'InkOS' from project 'InkOS')
note: A dependency of Swift module 'CoreTransferable': '/Applications/Xcode.app/Contents/Developer/Toolchains/XcodeDefault.xctoolchain/usr/lib/swift/iphonesimulator/prebuilt-modules/26.2/CoreTransferable.swiftmodule/arm64-apple-ios-simulator.swiftmodule' (in target 'InkOS' from project 'InkOS')
note: A dependency of Swift module 'CoreGraphics': '/Applications/Xcode.app/Contents/Developer/Toolchains/XcodeDefault.xctoolchain/usr/lib/swift/iphonesimulator/prebuilt-modules/26.2/CoreGraphics.swiftmodule/arm64-apple-ios-simulator.swiftmodule' (in target 'InkOS' from project 'InkOS')
note: A dependency of Swift module 'Swift': '/Applications/Xcode.app/Contents/Developer/Toolchains/XcodeDefault.xctoolchain/usr/lib/swift/iphonesimulator/prebuilt-modules/26.2/Swift.swiftmodule/arm64-apple-ios-simulator.swiftmodule' (in target 'InkOS' from project 'InkOS')
note: A dependency of Swift module 'Swift': '/Applications/Xcode.app/Contents/Developer/Toolchains/XcodeDefault.xctoolchain/usr/lib/swift/iphonesimulator/prebuilt-modules/26.2/Swift.swiftmodule/arm64-apple-ios-simulator.swiftmodule' (in target 'InkOS' from project 'InkOS')
note: A dependency of Swift module 'Observation': '/Applications/Xcode.app/Contents/Developer/Toolchains/XcodeDefault.xctoolchain/usr/lib/swift/iphonesimulator/prebuilt-modules/26.2/Observation.swiftmodule/arm64-apple-ios-simulator.swiftmodule' (in target 'InkOS' from project 'InkOS')
note: A dependency of Swift module 'ObjectiveC': '/Applications/Xcode.app/Contents/Developer/Toolchains/XcodeDefault.xctoolchain/usr/lib/swift/iphonesimulator/prebuilt-modules/26.2/ObjectiveC.swiftmodule/arm64-apple-ios-simulator.swiftmodule' (in target 'InkOS' from project 'InkOS')
note: A dependency of Swift module 'Dispatch': '/Applications/Xcode.app/Contents/Developer/Toolchains/XcodeDefault.xctoolchain/usr/lib/swift/iphonesimulator/prebuilt-modules/26.2/Dispatch.swiftmodule/arm64-apple-ios-simulator.swiftmodule' (in target 'InkOS' from project 'InkOS')
note: A dependency of Swift module 'CoreFoundation': '/Applications/Xcode.app/Contents/Developer/Toolchains/XcodeDefault.xctoolchain/usr/lib/swift/iphonesimulator/prebuilt-modules/26.2/CoreFoundation.swiftmodule/arm64-apple-ios-simulator.swiftmodule' (in target 'InkOS' from project 'InkOS')
note: A dependency of Swift module 'Foundation': '/Applications/Xcode.app/Contents/Developer/Toolchains/XcodeDefault.xctoolchain/usr/lib/swift/iphonesimulator/prebuilt-modules/26.2/Foundation.swiftmodule/arm64-apple-ios-simulator.swiftmodule' (in target 'InkOS' from project 'InkOS')
note: A dependency of Swift module 'CoreData': '/Applications/Xcode.app/Contents/Developer/Toolchains/XcodeDefault.xctoolchain/usr/lib/swift/iphonesimulator/prebuilt-modules/26.2/CoreData.swiftmodule/arm64-apple-ios-simulator.swiftmodule' (in target 'InkOS' from project 'InkOS')
note: A dependency of Swift module '_DarwinFoundation2': '/Applications/Xcode.app/Contents/Developer/Toolchains/XcodeDefault.xctoolchain/usr/lib/swift/iphonesimulator/prebuilt-modules/26.2/_DarwinFoundation2.swiftmodule/arm64-apple-ios-simulator.swiftmodule' (in target 'InkOS' from project 'InkOS')
note: A dependency of Swift module '_DarwinFoundation1': '/Applications/Xcode.app/Contents/Developer/Toolchains/XcodeDefault.xctoolchain/usr/lib/swift/iphonesimulator/prebuilt-modules/26.2/_DarwinFoundation1.swiftmodule/arm64-apple-ios-simulator.swiftmodule' (in target 'InkOS' from project 'InkOS')
note: A dependency of Swift module '_Builtin_float': '/Applications/Xcode.app/Contents/Developer/Toolchains/XcodeDefault.xctoolchain/usr/lib/swift/iphonesimulator/prebuilt-modules/26.2/_Builtin_float.swiftmodule/arm64-apple-ios-simulator.swiftmodule' (in target 'InkOS' from project 'InkOS')
note: A dependency of Swift module 'Swift': '/Applications/Xcode.app/Contents/Developer/Toolchains/XcodeDefault.xctoolchain/usr/lib/swift/iphonesimulator/prebuilt-modules/26.2/Swift.swiftmodule/arm64-apple-ios-simulator.swiftmodule' (in target 'InkOS' from project 'InkOS')
note: A dependency of Swift module 'Darwin': '/Applications/Xcode.app/Contents/Developer/Toolchains/XcodeDefault.xctoolchain/usr/lib/swift/iphonesimulator/prebuilt-modules/26.2/Darwin.swiftmodule/arm64-apple-ios-simulator.swiftmodule' (in target 'InkOS' from project 'InkOS')
note: A dependency of Swift module 'Combine': '/Applications/Xcode.app/Contents/Developer/Toolchains/XcodeDefault.xctoolchain/usr/lib/swift/iphonesimulator/prebuilt-modules/26.2/Combine.swiftmodule/arm64-apple-ios-simulator.swiftmodule' (in target 'InkOS' from project 'InkOS')
note: A dependency of Swift module 'SwiftUI': '/Applications/Xcode.app/Contents/Developer/Toolchains/XcodeDefault.xctoolchain/usr/lib/swift/iphonesimulator/prebuilt-modules/26.2/SwiftUI.swiftmodule/arm64-apple-ios-simulator.swiftmodule' (in target 'InkOS' from project 'InkOS')
note: A dependency of Swift module '_StringProcessing': '/Applications/Xcode.app/Contents/Developer/Toolchains/XcodeDefault.xctoolchain/usr/lib/swift/iphonesimulator/prebuilt-modules/26.2/_StringProcessing.swiftmodule/arm64-apple-ios-simulator.swiftmodule' (in target 'InkOS' from project 'InkOS')
note: A dependency of Swift module '_Concurrency': '/Applications/Xcode.app/Contents/Developer/Toolchains/XcodeDefault.xctoolchain/usr/lib/swift/iphonesimulator/prebuilt-modules/26.2/_Concurrency.swiftmodule/arm64-apple-ios-simulator.swiftmodule' (in target 'InkOS' from project 'InkOS')
note: A dependency of Swift module 'SwiftOnoneSupport': '/Applications/Xcode.app/Contents/Developer/Toolchains/XcodeDefault.xctoolchain/usr/lib/swift/iphonesimulator/prebuilt-modules/26.2/SwiftOnoneSupport.swiftmodule/arm64-apple-ios-simulator.swiftmodule' (in target 'InkOS' from project 'InkOS')
note: A dependency of Swift module 'Swift': '/Applications/Xcode.app/Contents/Developer/Toolchains/XcodeDefault.xctoolchain/usr/lib/swift/iphonesimulator/prebuilt-modules/26.2/Swift.swiftmodule/arm64-apple-ios-simulator.swiftmodule' (in target 'InkOS' from project 'InkOS')
note: A dependency of main module 'InkOS' (in target 'InkOS' from project 'InkOS')
note: A dependency of Swift module 'Swift': '/Applications/Xcode.app/Contents/Developer/Toolchains/XcodeDefault.xctoolchain/usr/lib/swift/iphonesimulator/prebuilt-modules/26.2/Swift.swiftmodule/arm64-apple-ios-simulator.swiftmodule' (in target 'InkOS' from project 'InkOS')
note: A dependency of Swift module 'Symbols': '/Applications/Xcode.app/Contents/Developer/Toolchains/XcodeDefault.xctoolchain/usr/lib/swift/iphonesimulator/prebuilt-modules/26.2/Symbols.swiftmodule/arm64-apple-ios-simulator.swiftmodule' (in target 'InkOS' from project 'InkOS')
note: A dependency of Swift module 'Swift': '/Applications/Xcode.app/Contents/Developer/Toolchains/XcodeDefault.xctoolchain/usr/lib/swift/iphonesimulator/prebuilt-modules/26.2/Swift.swiftmodule/arm64-apple-ios-simulator.swiftmodule' (in target 'InkOS' from project 'InkOS')
note: A dependency of Swift module 'Accessibility': '/Applications/Xcode.app/Contents/Developer/Toolchains/XcodeDefault.xctoolchain/usr/lib/swift/iphonesimulator/prebuilt-modules/26.2/Accessibility.swiftmodule/arm64-apple-ios-simulator.swiftmodule' (in target 'InkOS' from project 'InkOS')
note: A dependency of Swift module 'SwiftUICore': '/Applications/Xcode.app/Contents/Developer/Toolchains/XcodeDefault.xctoolchain/usr/lib/swift/iphonesimulator/prebuilt-modules/26.2/SwiftUICore.swiftmodule/arm64-apple-ios-simulator.swiftmodule' (in target 'InkOS' from project 'InkOS')
note: A dependency of Swift module 'Swift': '/Applications/Xcode.app/Contents/Developer/Toolchains/XcodeDefault.xctoolchain/usr/lib/swift/iphonesimulator/prebuilt-modules/26.2/Swift.swiftmodule/arm64-apple-ios-simulator.swiftmodule' (in target 'InkOS' from project 'InkOS')
note: A dependency of Swift module 'Spatial': '/Applications/Xcode.app/Contents/Developer/Toolchains/XcodeDefault.xctoolchain/usr/lib/swift/iphonesimulator/prebuilt-modules/26.2/Spatial.swiftmodule/arm64-apple-ios-simulator.swiftmodule' (in target 'InkOS' from project 'InkOS')
note: A dependency of Swift module 'OSLog': '/Applications/Xcode.app/Contents/Developer/Toolchains/XcodeDefault.xctoolchain/usr/lib/swift/iphonesimulator/prebuilt-modules/26.2/OSLog.swiftmodule/arm64-apple-ios-simulator.swiftmodule' (in target 'InkOS' from project 'InkOS')
note: A dependency of Swift module 'DeveloperToolsSupport': '/Applications/Xcode.app/Contents/Developer/Toolchains/XcodeDefault.xctoolchain/usr/lib/swift/iphonesimulator/prebuilt-modules/26.2/DeveloperToolsSupport.swiftmodule/arm64-apple-ios-simulator.swiftmodule' (in target 'InkOS' from project 'InkOS')
note: A dependency of Swift module 'Swift': '/Applications/Xcode.app/Contents/Developer/Toolchains/XcodeDefault.xctoolchain/usr/lib/swift/iphonesimulator/prebuilt-modules/26.2/Swift.swiftmodule/arm64-apple-ios-simulator.swiftmodule' (in target 'InkOS' from project 'InkOS')
note: A dependency of Swift module 'CoreTransferable': '/Applications/Xcode.app/Contents/Developer/Toolchains/XcodeDefault.xctoolchain/usr/lib/swift/iphonesimulator/prebuilt-modules/26.2/CoreTransferable.swiftmodule/arm64-apple-ios-simulator.swiftmodule' (in target 'InkOS' from project 'InkOS')
note: A dependency of Swift module 'CoreGraphics': '/Applications/Xcode.app/Contents/Developer/Toolchains/XcodeDefault.xctoolchain/usr/lib/swift/iphonesimulator/prebuilt-modules/26.2/CoreGraphics.swiftmodule/arm64-apple-ios-simulator.swiftmodule' (in target 'InkOS' from project 'InkOS')
note: A dependency of Swift module 'Swift': '/Applications/Xcode.app/Contents/Developer/Toolchains/XcodeDefault.xctoolchain/usr/lib/swift/iphonesimulator/prebuilt-modules/26.2/Swift.swiftmodule/arm64-apple-ios-simulator.swiftmodule' (in target 'InkOS' from project 'InkOS')
note: A dependency of Swift module 'Swift': '/Applications/Xcode.app/Contents/Developer/Toolchains/XcodeDefault.xctoolchain/usr/lib/swift/iphonesimulator/prebuilt-modules/26.2/Swift.swiftmodule/arm64-apple-ios-simulator.swiftmodule' (in target 'InkOS' from project 'InkOS')
note: A dependency of Swift module 'Observation': '/Applications/Xcode.app/Contents/Developer/Toolchains/XcodeDefault.xctoolchain/usr/lib/swift/iphonesimulator/prebuilt-modules/26.2/Observation.swiftmodule/arm64-apple-ios-simulator.swiftmodule' (in target 'InkOS' from project 'InkOS')
note: A dependency of Swift module 'ObjectiveC': '/Applications/Xcode.app/Contents/Developer/Toolchains/XcodeDefault.xctoolchain/usr/lib/swift/iphonesimulator/prebuilt-modules/26.2/ObjectiveC.swiftmodule/arm64-apple-ios-simulator.swiftmodule' (in target 'InkOS' from project 'InkOS')
note: A dependency of Swift module 'Dispatch': '/Applications/Xcode.app/Contents/Developer/Toolchains/XcodeDefault.xctoolchain/usr/lib/swift/iphonesimulator/prebuilt-modules/26.2/Dispatch.swiftmodule/arm64-apple-ios-simulator.swiftmodule' (in target 'InkOS' from project 'InkOS')
note: A dependency of Swift module 'CoreFoundation': '/Applications/Xcode.app/Contents/Developer/Toolchains/XcodeDefault.xctoolchain/usr/lib/swift/iphonesimulator/prebuilt-modules/26.2/CoreFoundation.swiftmodule/arm64-apple-ios-simulator.swiftmodule' (in target 'InkOS' from project 'InkOS')
note: A dependency of Swift module 'Foundation': '/Applications/Xcode.app/Contents/Developer/Toolchains/XcodeDefault.xctoolchain/usr/lib/swift/iphonesimulator/prebuilt-modules/26.2/Foundation.swiftmodule/arm64-apple-ios-simulator.swiftmodule' (in target 'InkOS' from project 'InkOS')
note: A dependency of Swift module 'CoreData': '/Applications/Xcode.app/Contents/Developer/Toolchains/XcodeDefault.xctoolchain/usr/lib/swift/iphonesimulator/prebuilt-modules/26.2/CoreData.swiftmodule/arm64-apple-ios-simulator.swiftmodule' (in target 'InkOS' from project 'InkOS')
note: A dependency of Swift module '_DarwinFoundation2': '/Applications/Xcode.app/Contents/Developer/Toolchains/XcodeDefault.xctoolchain/usr/lib/swift/iphonesimulator/prebuilt-modules/26.2/_DarwinFoundation2.swiftmodule/arm64-apple-ios-simulator.swiftmodule' (in target 'InkOS' from project 'InkOS')
note: A dependency of Swift module '_DarwinFoundation1': '/Applications/Xcode.app/Contents/Developer/Toolchains/XcodeDefault.xctoolchain/usr/lib/swift/iphonesimulator/prebuilt-modules/26.2/_DarwinFoundation1.swiftmodule/arm64-apple-ios-simulator.swiftmodule' (in target 'InkOS' from project 'InkOS')
note: A dependency of Swift module '_Builtin_float': '/Applications/Xcode.app/Contents/Developer/Toolchains/XcodeDefault.xctoolchain/usr/lib/swift/iphonesimulator/prebuilt-modules/26.2/_Builtin_float.swiftmodule/arm64-apple-ios-simulator.swiftmodule' (in target 'InkOS' from project 'InkOS')
note: A dependency of Swift module 'Swift': '/Applications/Xcode.app/Contents/Developer/Toolchains/XcodeDefault.xctoolchain/usr/lib/swift/iphonesimulator/prebuilt-modules/26.2/Swift.swiftmodule/arm64-apple-ios-simulator.swiftmodule' (in target 'InkOS' from project 'InkOS')
note: A dependency of Swift module 'Darwin': '/Applications/Xcode.app/Contents/Developer/Toolchains/XcodeDefault.xctoolchain/usr/lib/swift/iphonesimulator/prebuilt-modules/26.2/Darwin.swiftmodule/arm64-apple-ios-simulator.swiftmodule' (in target 'InkOS' from project 'InkOS')
note: A dependency of Swift module 'Combine': '/Applications/Xcode.app/Contents/Developer/Toolchains/XcodeDefault.xctoolchain/usr/lib/swift/iphonesimulator/prebuilt-modules/26.2/Combine.swiftmodule/arm64-apple-ios-simulator.swiftmodule' (in target 'InkOS' from project 'InkOS')
note: A dependency of Swift module 'SwiftUI': '/Applications/Xcode.app/Contents/Developer/Toolchains/XcodeDefault.xctoolchain/usr/lib/swift/iphonesimulator/prebuilt-modules/26.2/SwiftUI.swiftmodule/arm64-apple-ios-simulator.swiftmodule' (in target 'InkOS' from project 'InkOS')
note: A dependency of Swift module '_StringProcessing': '/Applications/Xcode.app/Contents/Developer/Toolchains/XcodeDefault.xctoolchain/usr/lib/swift/iphonesimulator/prebuilt-modules/26.2/_StringProcessing.swiftmodule/arm64-apple-ios-simulator.swiftmodule' (in target 'InkOS' from project 'InkOS')
note: A dependency of Swift module '_Concurrency': '/Applications/Xcode.app/Contents/Developer/Toolchains/XcodeDefault.xctoolchain/usr/lib/swift/iphonesimulator/prebuilt-modules/26.2/_Concurrency.swiftmodule/arm64-apple-ios-simulator.swiftmodule' (in target 'InkOS' from project 'InkOS')
note: A dependency of Swift module 'SwiftOnoneSupport': '/Applications/Xcode.app/Contents/Developer/Toolchains/XcodeDefault.xctoolchain/usr/lib/swift/iphonesimulator/prebuilt-modules/26.2/SwiftOnoneSupport.swiftmodule/arm64-apple-ios-simulator.swiftmodule' (in target 'InkOS' from project 'InkOS')
note: A dependency of Swift module 'Swift': '/Applications/Xcode.app/Contents/Developer/Toolchains/XcodeDefault.xctoolchain/usr/lib/swift/iphonesimulator/prebuilt-modules/26.2/Swift.swiftmodule/arm64-apple-ios-simulator.swiftmodule' (in target 'InkOS' from project 'InkOS')
note: A dependency of main module 'InkOS' (in target 'InkOS' from project 'InkOS')
note: A dependency of Swift module 'Swift': '/Applications/Xcode.app/Contents/Developer/Toolchains/XcodeDefault.xctoolchain/usr/lib/swift/iphonesimulator/prebuilt-modules/26.2/Swift.swiftmodule/arm64-apple-ios-simulator.swiftmodule' (in target 'InkOS' from project 'InkOS')
note: A dependency of Swift module 'Accessibility': '/Applications/Xcode.app/Contents/Developer/Toolchains/XcodeDefault.xctoolchain/usr/lib/swift/iphonesimulator/prebuilt-modules/26.2/Accessibility.swiftmodule/arm64-apple-ios-simulator.swiftmodule' (in target 'InkOS' from project 'InkOS')
note: A dependency of Swift module 'SwiftUICore': '/Applications/Xcode.app/Contents/Developer/Toolchains/XcodeDefault.xctoolchain/usr/lib/swift/iphonesimulator/prebuilt-modules/26.2/SwiftUICore.swiftmodule/arm64-apple-ios-simulator.swiftmodule' (in target 'InkOS' from project 'InkOS')
note: A dependency of Swift module 'Swift': '/Applications/Xcode.app/Contents/Developer/Toolchains/XcodeDefault.xctoolchain/usr/lib/swift/iphonesimulator/prebuilt-modules/26.2/Swift.swiftmodule/arm64-apple-ios-simulator.swiftmodule' (in target 'InkOS' from project 'InkOS')
note: A dependency of Swift module 'Spatial': '/Applications/Xcode.app/Contents/Developer/Toolchains/XcodeDefault.xctoolchain/usr/lib/swift/iphonesimulator/prebuilt-modules/26.2/Spatial.swiftmodule/arm64-apple-ios-simulator.swiftmodule' (in target 'InkOS' from project 'InkOS')
note: A dependency of Swift module 'OSLog': '/Applications/Xcode.app/Contents/Developer/Toolchains/XcodeDefault.xctoolchain/usr/lib/swift/iphonesimulator/prebuilt-modules/26.2/OSLog.swiftmodule/arm64-apple-ios-simulator.swiftmodule' (in target 'InkOS' from project 'InkOS')
note: A dependency of Swift module 'DeveloperToolsSupport': '/Applications/Xcode.app/Contents/Developer/Toolchains/XcodeDefault.xctoolchain/usr/lib/swift/iphonesimulator/prebuilt-modules/26.2/DeveloperToolsSupport.swiftmodule/arm64-apple-ios-simulator.swiftmodule' (in target 'InkOS' from project 'InkOS')
note: A dependency of Swift module 'Swift': '/Applications/Xcode.app/Contents/Developer/Toolchains/XcodeDefault.xctoolchain/usr/lib/swift/iphonesimulator/prebuilt-modules/26.2/Swift.swiftmodule/arm64-apple-ios-simulator.swiftmodule' (in target 'InkOS' from project 'InkOS')
note: A dependency of Swift module 'CoreTransferable': '/Applications/Xcode.app/Contents/Developer/Toolchains/XcodeDefault.xctoolchain/usr/lib/swift/iphonesimulator/prebuilt-modules/26.2/CoreTransferable.swiftmodule/arm64-apple-ios-simulator.swiftmodule' (in target 'InkOS' from project 'InkOS')
note: A dependency of Swift module 'CoreGraphics': '/Applications/Xcode.app/Contents/Developer/Toolchains/XcodeDefault.xctoolchain/usr/lib/swift/iphonesimulator/prebuilt-modules/26.2/CoreGraphics.swiftmodule/arm64-apple-ios-simulator.swiftmodule' (in target 'InkOS' from project 'InkOS')
note: A dependency of Swift module 'Swift': '/Applications/Xcode.app/Contents/Developer/Toolchains/XcodeDefault.xctoolchain/usr/lib/swift/iphonesimulator/prebuilt-modules/26.2/Swift.swiftmodule/arm64-apple-ios-simulator.swiftmodule' (in target 'InkOS' from project 'InkOS')
note: A dependency of Swift module 'Swift': '/Applications/Xcode.app/Contents/Developer/Toolchains/XcodeDefault.xctoolchain/usr/lib/swift/iphonesimulator/prebuilt-modules/26.2/Swift.swiftmodule/arm64-apple-ios-simulator.swiftmodule' (in target 'InkOS' from project 'InkOS')
note: A dependency of Swift module 'Observation': '/Applications/Xcode.app/Contents/Developer/Toolchains/XcodeDefault.xctoolchain/usr/lib/swift/iphonesimulator/prebuilt-modules/26.2/Observation.swiftmodule/arm64-apple-ios-simulator.swiftmodule' (in target 'InkOS' from project 'InkOS')
note: A dependency of Swift module 'ObjectiveC': '/Applications/Xcode.app/Contents/Developer/Toolchains/XcodeDefault.xctoolchain/usr/lib/swift/iphonesimulator/prebuilt-modules/26.2/ObjectiveC.swiftmodule/arm64-apple-ios-simulator.swiftmodule' (in target 'InkOS' from project 'InkOS')
note: A dependency of Swift module 'Dispatch': '/Applications/Xcode.app/Contents/Developer/Toolchains/XcodeDefault.xctoolchain/usr/lib/swift/iphonesimulator/prebuilt-modules/26.2/Dispatch.swiftmodule/arm64-apple-ios-simulator.swiftmodule' (in target 'InkOS' from project 'InkOS')
note: A dependency of Swift module 'CoreFoundation': '/Applications/Xcode.app/Contents/Developer/Toolchains/XcodeDefault.xctoolchain/usr/lib/swift/iphonesimulator/prebuilt-modules/26.2/CoreFoundation.swiftmodule/arm64-apple-ios-simulator.swiftmodule' (in target 'InkOS' from project 'InkOS')
note: A dependency of Swift module 'Foundation': '/Applications/Xcode.app/Contents/Developer/Toolchains/XcodeDefault.xctoolchain/usr/lib/swift/iphonesimulator/prebuilt-modules/26.2/Foundation.swiftmodule/arm64-apple-ios-simulator.swiftmodule' (in target 'InkOS' from project 'InkOS')
note: A dependency of Swift module 'CoreData': '/Applications/Xcode.app/Contents/Developer/Toolchains/XcodeDefault.xctoolchain/usr/lib/swift/iphonesimulator/prebuilt-modules/26.2/CoreData.swiftmodule/arm64-apple-ios-simulator.swiftmodule' (in target 'InkOS' from project 'InkOS')
note: A dependency of Swift module '_DarwinFoundation2': '/Applications/Xcode.app/Contents/Developer/Toolchains/XcodeDefault.xctoolchain/usr/lib/swift/iphonesimulator/prebuilt-modules/26.2/_DarwinFoundation2.swiftmodule/arm64-apple-ios-simulator.swiftmodule' (in target 'InkOS' from project 'InkOS')
note: A dependency of Swift module '_DarwinFoundation1': '/Applications/Xcode.app/Contents/Developer/Toolchains/XcodeDefault.xctoolchain/usr/lib/swift/iphonesimulator/prebuilt-modules/26.2/_DarwinFoundation1.swiftmodule/arm64-apple-ios-simulator.swiftmodule' (in target 'InkOS' from project 'InkOS')
note: A dependency of Swift module '_Builtin_float': '/Applications/Xcode.app/Contents/Developer/Toolchains/XcodeDefault.xctoolchain/usr/lib/swift/iphonesimulator/prebuilt-modules/26.2/_Builtin_float.swiftmodule/arm64-apple-ios-simulator.swiftmodule' (in target 'InkOS' from project 'InkOS')
note: A dependency of Swift module 'Swift': '/Applications/Xcode.app/Contents/Developer/Toolchains/XcodeDefault.xctoolchain/usr/lib/swift/iphonesimulator/prebuilt-modules/26.2/Swift.swiftmodule/arm64-apple-ios-simulator.swiftmodule' (in target 'InkOS' from project 'InkOS')
note: A dependency of Swift module 'Darwin': '/Applications/Xcode.app/Contents/Developer/Toolchains/XcodeDefault.xctoolchain/usr/lib/swift/iphonesimulator/prebuilt-modules/26.2/Darwin.swiftmodule/arm64-apple-ios-simulator.swiftmodule' (in target 'InkOS' from project 'InkOS')
note: A dependency of Swift module 'Combine': '/Applications/Xcode.app/Contents/Developer/Toolchains/XcodeDefault.xctoolchain/usr/lib/swift/iphonesimulator/prebuilt-modules/26.2/Combine.swiftmodule/arm64-apple-ios-simulator.swiftmodule' (in target 'InkOS' from project 'InkOS')
note: A dependency of Swift module 'SwiftUI': '/Applications/Xcode.app/Contents/Developer/Toolchains/XcodeDefault.xctoolchain/usr/lib/swift/iphonesimulator/prebuilt-modules/26.2/SwiftUI.swiftmodule/arm64-apple-ios-simulator.swiftmodule' (in target 'InkOS' from project 'InkOS')
note: A dependency of Swift module '_StringProcessing': '/Applications/Xcode.app/Contents/Developer/Toolchains/XcodeDefault.xctoolchain/usr/lib/swift/iphonesimulator/prebuilt-modules/26.2/_StringProcessing.swiftmodule/arm64-apple-ios-simulator.swiftmodule' (in target 'InkOS' from project 'InkOS')
note: A dependency of Swift module '_Concurrency': '/Applications/Xcode.app/Contents/Developer/Toolchains/XcodeDefault.xctoolchain/usr/lib/swift/iphonesimulator/prebuilt-modules/26.2/_Concurrency.swiftmodule/arm64-apple-ios-simulator.swiftmodule' (in target 'InkOS' from project 'InkOS')
note: A dependency of Swift module 'SwiftOnoneSupport': '/Applications/Xcode.app/Contents/Developer/Toolchains/XcodeDefault.xctoolchain/usr/lib/swift/iphonesimulator/prebuilt-modules/26.2/SwiftOnoneSupport.swiftmodule/arm64-apple-ios-simulator.swiftmodule' (in target 'InkOS' from project 'InkOS')
note: A dependency of Swift module 'Swift': '/Applications/Xcode.app/Contents/Developer/Toolchains/XcodeDefault.xctoolchain/usr/lib/swift/iphonesimulator/prebuilt-modules/26.2/Swift.swiftmodule/arm64-apple-ios-simulator.swiftmodule' (in target 'InkOS' from project 'InkOS')
note: A dependency of main module 'InkOS' (in target 'InkOS' from project 'InkOS')
note: A dependency of Swift module 'Swift': '/Applications/Xcode.app/Contents/Developer/Toolchains/XcodeDefault.xctoolchain/usr/lib/swift/iphonesimulator/prebuilt-modules/26.2/Swift.swiftmodule/arm64-apple-ios-simulator.swiftmodule' (in target 'InkOS' from project 'InkOS')
note: A dependency of Swift module 'Accessibility': '/Applications/Xcode.app/Contents/Developer/Toolchains/XcodeDefault.xctoolchain/usr/lib/swift/iphonesimulator/prebuilt-modules/26.2/Accessibility.swiftmodule/arm64-apple-ios-simulator.swiftmodule' (in target 'InkOS' from project 'InkOS')
note: A dependency of Swift module 'SwiftUICore': '/Applications/Xcode.app/Contents/Developer/Toolchains/XcodeDefault.xctoolchain/usr/lib/swift/iphonesimulator/prebuilt-modules/26.2/SwiftUICore.swiftmodule/arm64-apple-ios-simulator.swiftmodule' (in target 'InkOS' from project 'InkOS')
note: A dependency of Swift module 'Swift': '/Applications/Xcode.app/Contents/Developer/Toolchains/XcodeDefault.xctoolchain/usr/lib/swift/iphonesimulator/prebuilt-modules/26.2/Swift.swiftmodule/arm64-apple-ios-simulator.swiftmodule' (in target 'InkOS' from project 'InkOS')
note: A dependency of Swift module 'Spatial': '/Applications/Xcode.app/Contents/Developer/Toolchains/XcodeDefault.xctoolchain/usr/lib/swift/iphonesimulator/prebuilt-modules/26.2/Spatial.swiftmodule/arm64-apple-ios-simulator.swiftmodule' (in target 'InkOS' from project 'InkOS')
note: A dependency of Swift module 'OSLog': '/Applications/Xcode.app/Contents/Developer/Toolchains/XcodeDefault.xctoolchain/usr/lib/swift/iphonesimulator/prebuilt-modules/26.2/OSLog.swiftmodule/arm64-apple-ios-simulator.swiftmodule' (in target 'InkOS' from project 'InkOS')
note: A dependency of Swift module 'DeveloperToolsSupport': '/Applications/Xcode.app/Contents/Developer/Toolchains/XcodeDefault.xctoolchain/usr/lib/swift/iphonesimulator/prebuilt-modules/26.2/DeveloperToolsSupport.swiftmodule/arm64-apple-ios-simulator.swiftmodule' (in target 'InkOS' from project 'InkOS')
note: A dependency of Swift module 'Swift': '/Applications/Xcode.app/Contents/Developer/Toolchains/XcodeDefault.xctoolchain/usr/lib/swift/iphonesimulator/prebuilt-modules/26.2/Swift.swiftmodule/arm64-apple-ios-simulator.swiftmodule' (in target 'InkOS' from project 'InkOS')
note: A dependency of Swift module 'CoreTransferable': '/Applications/Xcode.app/Contents/Developer/Toolchains/XcodeDefault.xctoolchain/usr/lib/swift/iphonesimulator/prebuilt-modules/26.2/CoreTransferable.swiftmodule/arm64-apple-ios-simulator.swiftmodule' (in target 'InkOS' from project 'InkOS')
note: A dependency of Swift module 'CoreGraphics': '/Applications/Xcode.app/Contents/Developer/Toolchains/XcodeDefault.xctoolchain/usr/lib/swift/iphonesimulator/prebuilt-modules/26.2/CoreGraphics.swiftmodule/arm64-apple-ios-simulator.swiftmodule' (in target 'InkOS' from project 'InkOS')
note: A dependency of Swift module 'Swift': '/Applications/Xcode.app/Contents/Developer/Toolchains/XcodeDefault.xctoolchain/usr/lib/swift/iphonesimulator/prebuilt-modules/26.2/Swift.swiftmodule/arm64-apple-ios-simulator.swiftmodule' (in target 'InkOS' from project 'InkOS')
note: A dependency of Swift module 'Swift': '/Applications/Xcode.app/Contents/Developer/Toolchains/XcodeDefault.xctoolchain/usr/lib/swift/iphonesimulator/prebuilt-modules/26.2/Swift.swiftmodule/arm64-apple-ios-simulator.swiftmodule' (in target 'InkOS' from project 'InkOS')
note: A dependency of Swift module 'Observation': '/Applications/Xcode.app/Contents/Developer/Toolchains/XcodeDefault.xctoolchain/usr/lib/swift/iphonesimulator/prebuilt-modules/26.2/Observation.swiftmodule/arm64-apple-ios-simulator.swiftmodule' (in target 'InkOS' from project 'InkOS')
note: A dependency of Swift module 'ObjectiveC': '/Applications/Xcode.app/Contents/Developer/Toolchains/XcodeDefault.xctoolchain/usr/lib/swift/iphonesimulator/prebuilt-modules/26.2/ObjectiveC.swiftmodule/arm64-apple-ios-simulator.swiftmodule' (in target 'InkOS' from project 'InkOS')
note: A dependency of Swift module 'Dispatch': '/Applications/Xcode.app/Contents/Developer/Toolchains/XcodeDefault.xctoolchain/usr/lib/swift/iphonesimulator/prebuilt-modules/26.2/Dispatch.swiftmodule/arm64-apple-ios-simulator.swiftmodule' (in target 'InkOS' from project 'InkOS')
note: A dependency of Swift module 'CoreFoundation': '/Applications/Xcode.app/Contents/Developer/Toolchains/XcodeDefault.xctoolchain/usr/lib/swift/iphonesimulator/prebuilt-modules/26.2/CoreFoundation.swiftmodule/arm64-apple-ios-simulator.swiftmodule' (in target 'InkOS' from project 'InkOS')
note: A dependency of Swift module 'Foundation': '/Applications/Xcode.app/Contents/Developer/Toolchains/XcodeDefault.xctoolchain/usr/lib/swift/iphonesimulator/prebuilt-modules/26.2/Foundation.swiftmodule/arm64-apple-ios-simulator.swiftmodule' (in target 'InkOS' from project 'InkOS')
note: A dependency of Swift module 'CoreData': '/Applications/Xcode.app/Contents/Developer/Toolchains/XcodeDefault.xctoolchain/usr/lib/swift/iphonesimulator/prebuilt-modules/26.2/CoreData.swiftmodule/arm64-apple-ios-simulator.swiftmodule' (in target 'InkOS' from project 'InkOS')
note: A dependency of Swift module '_DarwinFoundation2': '/Applications/Xcode.app/Contents/Developer/Toolchains/XcodeDefault.xctoolchain/usr/lib/swift/iphonesimulator/prebuilt-modules/26.2/_DarwinFoundation2.swiftmodule/arm64-apple-ios-simulator.swiftmodule' (in target 'InkOS' from project 'InkOS')
note: A dependency of Swift module '_DarwinFoundation1': '/Applications/Xcode.app/Contents/Developer/Toolchains/XcodeDefault.xctoolchain/usr/lib/swift/iphonesimulator/prebuilt-modules/26.2/_DarwinFoundation1.swiftmodule/arm64-apple-ios-simulator.swiftmodule' (in target 'InkOS' from project 'InkOS')
note: A dependency of Swift module '_Builtin_float': '/Applications/Xcode.app/Contents/Developer/Toolchains/XcodeDefault.xctoolchain/usr/lib/swift/iphonesimulator/prebuilt-modules/26.2/_Builtin_float.swiftmodule/arm64-apple-ios-simulator.swiftmodule' (in target 'InkOS' from project 'InkOS')
note: A dependency of Swift module 'Swift': '/Applications/Xcode.app/Contents/Developer/Toolchains/XcodeDefault.xctoolchain/usr/lib/swift/iphonesimulator/prebuilt-modules/26.2/Swift.swiftmodule/arm64-apple-ios-simulator.swiftmodule' (in target 'InkOS' from project 'InkOS')
note: A dependency of Swift module 'Darwin': '/Applications/Xcode.app/Contents/Developer/Toolchains/XcodeDefault.xctoolchain/usr/lib/swift/iphonesimulator/prebuilt-modules/26.2/Darwin.swiftmodule/arm64-apple-ios-simulator.swiftmodule' (in target 'InkOS' from project 'InkOS')
note: A dependency of Swift module 'Combine': '/Applications/Xcode.app/Contents/Developer/Toolchains/XcodeDefault.xctoolchain/usr/lib/swift/iphonesimulator/prebuilt-modules/26.2/Combine.swiftmodule/arm64-apple-ios-simulator.swiftmodule' (in target 'InkOS' from project 'InkOS')
note: A dependency of Swift module 'SwiftUI': '/Applications/Xcode.app/Contents/Developer/Toolchains/XcodeDefault.xctoolchain/usr/lib/swift/iphonesimulator/prebuilt-modules/26.2/SwiftUI.swiftmodule/arm64-apple-ios-simulator.swiftmodule' (in target 'InkOS' from project 'InkOS')
note: A dependency of Swift module '_StringProcessing': '/Applications/Xcode.app/Contents/Developer/Toolchains/XcodeDefault.xctoolchain/usr/lib/swift/iphonesimulator/prebuilt-modules/26.2/_StringProcessing.swiftmodule/arm64-apple-ios-simulator.swiftmodule' (in target 'InkOS' from project 'InkOS')
note: A dependency of Swift module '_Concurrency': '/Applications/Xcode.app/Contents/Developer/Toolchains/XcodeDefault.xctoolchain/usr/lib/swift/iphonesimulator/prebuilt-modules/26.2/_Concurrency.swiftmodule/arm64-apple-ios-simulator.swiftmodule' (in target 'InkOS' from project 'InkOS')
note: A dependency of Swift module 'SwiftOnoneSupport': '/Applications/Xcode.app/Contents/Developer/Toolchains/XcodeDefault.xctoolchain/usr/lib/swift/iphonesimulator/prebuilt-modules/26.2/SwiftOnoneSupport.swiftmodule/arm64-apple-ios-simulator.swiftmodule' (in target 'InkOS' from project 'InkOS')
note: A dependency of Swift module 'Swift': '/Applications/Xcode.app/Contents/Developer/Toolchains/XcodeDefault.xctoolchain/usr/lib/swift/iphonesimulator/prebuilt-modules/26.2/Swift.swiftmodule/arm64-apple-ios-simulator.swiftmodule' (in target 'InkOS' from project 'InkOS')
note: A dependency of main module 'InkOS' (in target 'InkOS' from project 'InkOS')
note: A dependency of Swift module 'Swift': '/Applications/Xcode.app/Contents/Developer/Toolchains/XcodeDefault.xctoolchain/usr/lib/swift/iphonesimulator/prebuilt-modules/26.2/Swift.swiftmodule/arm64-apple-ios-simulator.swiftmodule' (in target 'InkOS' from project 'InkOS')
note: A dependency of Swift module 'Spatial': '/Applications/Xcode.app/Contents/Developer/Toolchains/XcodeDefault.xctoolchain/usr/lib/swift/iphonesimulator/prebuilt-modules/26.2/Spatial.swiftmodule/arm64-apple-ios-simulator.swiftmodule' (in target 'InkOS' from project 'InkOS')
note: A dependency of Swift module 'OSLog': '/Applications/Xcode.app/Contents/Developer/Toolchains/XcodeDefault.xctoolchain/usr/lib/swift/iphonesimulator/prebuilt-modules/26.2/OSLog.swiftmodule/arm64-apple-ios-simulator.swiftmodule' (in target 'InkOS' from project 'InkOS')
note: A dependency of Swift module 'DeveloperToolsSupport': '/Applications/Xcode.app/Contents/Developer/Toolchains/XcodeDefault.xctoolchain/usr/lib/swift/iphonesimulator/prebuilt-modules/26.2/DeveloperToolsSupport.swiftmodule/arm64-apple-ios-simulator.swiftmodule' (in target 'InkOS' from project 'InkOS')
note: A dependency of Swift module 'Swift': '/Applications/Xcode.app/Contents/Developer/Toolchains/XcodeDefault.xctoolchain/usr/lib/swift/iphonesimulator/prebuilt-modules/26.2/Swift.swiftmodule/arm64-apple-ios-simulator.swiftmodule' (in target 'InkOS' from project 'InkOS')
note: A dependency of Swift module 'CoreTransferable': '/Applications/Xcode.app/Contents/Developer/Toolchains/XcodeDefault.xctoolchain/usr/lib/swift/iphonesimulator/prebuilt-modules/26.2/CoreTransferable.swiftmodule/arm64-apple-ios-simulator.swiftmodule' (in target 'InkOS' from project 'InkOS')
note: A dependency of Swift module 'CoreGraphics': '/Applications/Xcode.app/Contents/Developer/Toolchains/XcodeDefault.xctoolchain/usr/lib/swift/iphonesimulator/prebuilt-modules/26.2/CoreGraphics.swiftmodule/arm64-apple-ios-simulator.swiftmodule' (in target 'InkOS' from project 'InkOS')
note: A dependency of Swift module 'Swift': '/Applications/Xcode.app/Contents/Developer/Toolchains/XcodeDefault.xctoolchain/usr/lib/swift/iphonesimulator/prebuilt-modules/26.2/Swift.swiftmodule/arm64-apple-ios-simulator.swiftmodule' (in target 'InkOS' from project 'InkOS')
note: A dependency of Swift module 'Swift': '/Applications/Xcode.app/Contents/Developer/Toolchains/XcodeDefault.xctoolchain/usr/lib/swift/iphonesimulator/prebuilt-modules/26.2/Swift.swiftmodule/arm64-apple-ios-simulator.swiftmodule' (in target 'InkOS' from project 'InkOS')
note: A dependency of Swift module 'Observation': '/Applications/Xcode.app/Contents/Developer/Toolchains/XcodeDefault.xctoolchain/usr/lib/swift/iphonesimulator/prebuilt-modules/26.2/Observation.swiftmodule/arm64-apple-ios-simulator.swiftmodule' (in target 'InkOS' from project 'InkOS')
note: A dependency of Swift module 'ObjectiveC': '/Applications/Xcode.app/Contents/Developer/Toolchains/XcodeDefault.xctoolchain/usr/lib/swift/iphonesimulator/prebuilt-modules/26.2/ObjectiveC.swiftmodule/arm64-apple-ios-simulator.swiftmodule' (in target 'InkOS' from project 'InkOS')
note: A dependency of Swift module 'Dispatch': '/Applications/Xcode.app/Contents/Developer/Toolchains/XcodeDefault.xctoolchain/usr/lib/swift/iphonesimulator/prebuilt-modules/26.2/Dispatch.swiftmodule/arm64-apple-ios-simulator.swiftmodule' (in target 'InkOS' from project 'InkOS')
note: A dependency of Swift module 'CoreFoundation': '/Applications/Xcode.app/Contents/Developer/Toolchains/XcodeDefault.xctoolchain/usr/lib/swift/iphonesimulator/prebuilt-modules/26.2/CoreFoundation.swiftmodule/arm64-apple-ios-simulator.swiftmodule' (in target 'InkOS' from project 'InkOS')
note: A dependency of Swift module 'Foundation': '/Applications/Xcode.app/Contents/Developer/Toolchains/XcodeDefault.xctoolchain/usr/lib/swift/iphonesimulator/prebuilt-modules/26.2/Foundation.swiftmodule/arm64-apple-ios-simulator.swiftmodule' (in target 'InkOS' from project 'InkOS')
note: A dependency of Swift module 'CoreData': '/Applications/Xcode.app/Contents/Developer/Toolchains/XcodeDefault.xctoolchain/usr/lib/swift/iphonesimulator/prebuilt-modules/26.2/CoreData.swiftmodule/arm64-apple-ios-simulator.swiftmodule' (in target 'InkOS' from project 'InkOS')
note: A dependency of Swift module '_DarwinFoundation2': '/Applications/Xcode.app/Contents/Developer/Toolchains/XcodeDefault.xctoolchain/usr/lib/swift/iphonesimulator/prebuilt-modules/26.2/_DarwinFoundation2.swiftmodule/arm64-apple-ios-simulator.swiftmodule' (in target 'InkOS' from project 'InkOS')
note: A dependency of Swift module '_DarwinFoundation1': '/Applications/Xcode.app/Contents/Developer/Toolchains/XcodeDefault.xctoolchain/usr/lib/swift/iphonesimulator/prebuilt-modules/26.2/_DarwinFoundation1.swiftmodule/arm64-apple-ios-simulator.swiftmodule' (in target 'InkOS' from project 'InkOS')
note: A dependency of Swift module '_Builtin_float': '/Applications/Xcode.app/Contents/Developer/Toolchains/XcodeDefault.xctoolchain/usr/lib/swift/iphonesimulator/prebuilt-modules/26.2/_Builtin_float.swiftmodule/arm64-apple-ios-simulator.swiftmodule' (in target 'InkOS' from project 'InkOS')
note: A dependency of Swift module 'Swift': '/Applications/Xcode.app/Contents/Developer/Toolchains/XcodeDefault.xctoolchain/usr/lib/swift/iphonesimulator/prebuilt-modules/26.2/Swift.swiftmodule/arm64-apple-ios-simulator.swiftmodule' (in target 'InkOS' from project 'InkOS')
note: A dependency of Swift module 'Darwin': '/Applications/Xcode.app/Contents/Developer/Toolchains/XcodeDefault.xctoolchain/usr/lib/swift/iphonesimulator/prebuilt-modules/26.2/Darwin.swiftmodule/arm64-apple-ios-simulator.swiftmodule' (in target 'InkOS' from project 'InkOS')
note: A dependency of Swift module 'Combine': '/Applications/Xcode.app/Contents/Developer/Toolchains/XcodeDefault.xctoolchain/usr/lib/swift/iphonesimulator/prebuilt-modules/26.2/Combine.swiftmodule/arm64-apple-ios-simulator.swiftmodule' (in target 'InkOS' from project 'InkOS')
note: A dependency of Swift module 'SwiftUI': '/Applications/Xcode.app/Contents/Developer/Toolchains/XcodeDefault.xctoolchain/usr/lib/swift/iphonesimulator/prebuilt-modules/26.2/SwiftUI.swiftmodule/arm64-apple-ios-simulator.swiftmodule' (in target 'InkOS' from project 'InkOS')
note: A dependency of Swift module '_StringProcessing': '/Applications/Xcode.app/Contents/Developer/Toolchains/XcodeDefault.xctoolchain/usr/lib/swift/iphonesimulator/prebuilt-modules/26.2/_StringProcessing.swiftmodule/arm64-apple-ios-simulator.swiftmodule' (in target 'InkOS' from project 'InkOS')
note: A dependency of Swift module '_Concurrency': '/Applications/Xcode.app/Contents/Developer/Toolchains/XcodeDefault.xctoolchain/usr/lib/swift/iphonesimulator/prebuilt-modules/26.2/_Concurrency.swiftmodule/arm64-apple-ios-simulator.swiftmodule' (in target 'InkOS' from project 'InkOS')
note: A dependency of Swift module 'SwiftOnoneSupport': '/Applications/Xcode.app/Contents/Developer/Toolchains/XcodeDefault.xctoolchain/usr/lib/swift/iphonesimulator/prebuilt-modules/26.2/SwiftOnoneSupport.swiftmodule/arm64-apple-ios-simulator.swiftmodule' (in target 'InkOS' from project 'InkOS')
note: A dependency of Swift module 'Swift': '/Applications/Xcode.app/Contents/Developer/Toolchains/XcodeDefault.xctoolchain/usr/lib/swift/iphonesimulator/prebuilt-modules/26.2/Swift.swiftmodule/arm64-apple-ios-simulator.swiftmodule' (in target 'InkOS' from project 'InkOS')
note: A dependency of main module 'InkOS' (in target 'InkOS' from project 'InkOS')
note: A dependency of Swift module 'Swift': '/Applications/Xcode.app/Contents/Developer/Toolchains/XcodeDefault.xctoolchain/usr/lib/swift/iphonesimulator/prebuilt-modules/26.2/Swift.swiftmodule/arm64-apple-ios-simulator.swiftmodule' (in target 'InkOS' from project 'InkOS')
note: A dependency of Swift module 'Spatial': '/Applications/Xcode.app/Contents/Developer/Toolchains/XcodeDefault.xctoolchain/usr/lib/swift/iphonesimulator/prebuilt-modules/26.2/Spatial.swiftmodule/arm64-apple-ios-simulator.swiftmodule' (in target 'InkOS' from project 'InkOS')
note: A dependency of Swift module 'OSLog': '/Applications/Xcode.app/Contents/Developer/Toolchains/XcodeDefault.xctoolchain/usr/lib/swift/iphonesimulator/prebuilt-modules/26.2/OSLog.swiftmodule/arm64-apple-ios-simulator.swiftmodule' (in target 'InkOS' from project 'InkOS')
note: A dependency of Swift module 'DeveloperToolsSupport': '/Applications/Xcode.app/Contents/Developer/Toolchains/XcodeDefault.xctoolchain/usr/lib/swift/iphonesimulator/prebuilt-modules/26.2/DeveloperToolsSupport.swiftmodule/arm64-apple-ios-simulator.swiftmodule' (in target 'InkOS' from project 'InkOS')
note: A dependency of Swift module 'Swift': '/Applications/Xcode.app/Contents/Developer/Toolchains/XcodeDefault.xctoolchain/usr/lib/swift/iphonesimulator/prebuilt-modules/26.2/Swift.swiftmodule/arm64-apple-ios-simulator.swiftmodule' (in target 'InkOS' from project 'InkOS')
note: A dependency of Swift module 'CoreTransferable': '/Applications/Xcode.app/Contents/Developer/Toolchains/XcodeDefault.xctoolchain/usr/lib/swift/iphonesimulator/prebuilt-modules/26.2/CoreTransferable.swiftmodule/arm64-apple-ios-simulator.swiftmodule' (in target 'InkOS' from project 'InkOS')
note: A dependency of Swift module 'CoreGraphics': '/Applications/Xcode.app/Contents/Developer/Toolchains/XcodeDefault.xctoolchain/usr/lib/swift/iphonesimulator/prebuilt-modules/26.2/CoreGraphics.swiftmodule/arm64-apple-ios-simulator.swiftmodule' (in target 'InkOS' from project 'InkOS')
note: A dependency of Swift module 'Swift': '/Applications/Xcode.app/Contents/Developer/Toolchains/XcodeDefault.xctoolchain/usr/lib/swift/iphonesimulator/prebuilt-modules/26.2/Swift.swiftmodule/arm64-apple-ios-simulator.swiftmodule' (in target 'InkOS' from project 'InkOS')
note: A dependency of Swift module 'Swift': '/Applications/Xcode.app/Contents/Developer/Toolchains/XcodeDefault.xctoolchain/usr/lib/swift/iphonesimulator/prebuilt-modules/26.2/Swift.swiftmodule/arm64-apple-ios-simulator.swiftmodule' (in target 'InkOS' from project 'InkOS')
note: A dependency of Swift module 'Observation': '/Applications/Xcode.app/Contents/Developer/Toolchains/XcodeDefault.xctoolchain/usr/lib/swift/iphonesimulator/prebuilt-modules/26.2/Observation.swiftmodule/arm64-apple-ios-simulator.swiftmodule' (in target 'InkOS' from project 'InkOS')
note: A dependency of Swift module 'ObjectiveC': '/Applications/Xcode.app/Contents/Developer/Toolchains/XcodeDefault.xctoolchain/usr/lib/swift/iphonesimulator/prebuilt-modules/26.2/ObjectiveC.swiftmodule/arm64-apple-ios-simulator.swiftmodule' (in target 'InkOS' from project 'InkOS')
note: A dependency of Swift module 'Dispatch': '/Applications/Xcode.app/Contents/Developer/Toolchains/XcodeDefault.xctoolchain/usr/lib/swift/iphonesimulator/prebuilt-modules/26.2/Dispatch.swiftmodule/arm64-apple-ios-simulator.swiftmodule' (in target 'InkOS' from project 'InkOS')
note: A dependency of Swift module 'CoreFoundation': '/Applications/Xcode.app/Contents/Developer/Toolchains/XcodeDefault.xctoolchain/usr/lib/swift/iphonesimulator/prebuilt-modules/26.2/CoreFoundation.swiftmodule/arm64-apple-ios-simulator.swiftmodule' (in target 'InkOS' from project 'InkOS')
note: A dependency of Swift module 'Foundation': '/Applications/Xcode.app/Contents/Developer/Toolchains/XcodeDefault.xctoolchain/usr/lib/swift/iphonesimulator/prebuilt-modules/26.2/Foundation.swiftmodule/arm64-apple-ios-simulator.swiftmodule' (in target 'InkOS' from project 'InkOS')
note: A dependency of Swift module 'CoreData': '/Applications/Xcode.app/Contents/Developer/Toolchains/XcodeDefault.xctoolchain/usr/lib/swift/iphonesimulator/prebuilt-modules/26.2/CoreData.swiftmodule/arm64-apple-ios-simulator.swiftmodule' (in target 'InkOS' from project 'InkOS')
note: A dependency of Swift module '_DarwinFoundation2': '/Applications/Xcode.app/Contents/Developer/Toolchains/XcodeDefault.xctoolchain/usr/lib/swift/iphonesimulator/prebuilt-modules/26.2/_DarwinFoundation2.swiftmodule/arm64-apple-ios-simulator.swiftmodule' (in target 'InkOS' from project 'InkOS')
note: A dependency of Swift module '_DarwinFoundation1': '/Applications/Xcode.app/Contents/Developer/Toolchains/XcodeDefault.xctoolchain/usr/lib/swift/iphonesimulator/prebuilt-modules/26.2/_DarwinFoundation1.swiftmodule/arm64-apple-ios-simulator.swiftmodule' (in target 'InkOS' from project 'InkOS')
note: A dependency of Swift module '_Builtin_float': '/Applications/Xcode.app/Contents/Developer/Toolchains/XcodeDefault.xctoolchain/usr/lib/swift/iphonesimulator/prebuilt-modules/26.2/_Builtin_float.swiftmodule/arm64-apple-ios-simulator.swiftmodule' (in target 'InkOS' from project 'InkOS')
note: A dependency of Swift module 'Swift': '/Applications/Xcode.app/Contents/Developer/Toolchains/XcodeDefault.xctoolchain/usr/lib/swift/iphonesimulator/prebuilt-modules/26.2/Swift.swiftmodule/arm64-apple-ios-simulator.swiftmodule' (in target 'InkOS' from project 'InkOS')
note: A dependency of Swift module 'Darwin': '/Applications/Xcode.app/Contents/Developer/Toolchains/XcodeDefault.xctoolchain/usr/lib/swift/iphonesimulator/prebuilt-modules/26.2/Darwin.swiftmodule/arm64-apple-ios-simulator.swiftmodule' (in target 'InkOS' from project 'InkOS')
note: A dependency of Swift module 'Combine': '/Applications/Xcode.app/Contents/Developer/Toolchains/XcodeDefault.xctoolchain/usr/lib/swift/iphonesimulator/prebuilt-modules/26.2/Combine.swiftmodule/arm64-apple-ios-simulator.swiftmodule' (in target 'InkOS' from project 'InkOS')
note: A dependency of Swift module 'SwiftUI': '/Applications/Xcode.app/Contents/Developer/Toolchains/XcodeDefault.xctoolchain/usr/lib/swift/iphonesimulator/prebuilt-modules/26.2/SwiftUI.swiftmodule/arm64-apple-ios-simulator.swiftmodule' (in target 'InkOS' from project 'InkOS')
note: A dependency of Swift module '_StringProcessing': '/Applications/Xcode.app/Contents/Developer/Toolchains/XcodeDefault.xctoolchain/usr/lib/swift/iphonesimulator/prebuilt-modules/26.2/_StringProcessing.swiftmodule/arm64-apple-ios-simulator.swiftmodule' (in target 'InkOS' from project 'InkOS')
note: A dependency of Swift module '_Concurrency': '/Applications/Xcode.app/Contents/Developer/Toolchains/XcodeDefault.xctoolchain/usr/lib/swift/iphonesimulator/prebuilt-modules/26.2/_Concurrency.swiftmodule/arm64-apple-ios-simulator.swiftmodule' (in target 'InkOS' from project 'InkOS')
note: A dependency of Swift module 'SwiftOnoneSupport': '/Applications/Xcode.app/Contents/Developer/Toolchains/XcodeDefault.xctoolchain/usr/lib/swift/iphonesimulator/prebuilt-modules/26.2/SwiftOnoneSupport.swiftmodule/arm64-apple-ios-simulator.swiftmodule' (in target 'InkOS' from project 'InkOS')
note: A dependency of Swift module 'Swift': '/Applications/Xcode.app/Contents/Developer/Toolchains/XcodeDefault.xctoolchain/usr/lib/swift/iphonesimulator/prebuilt-modules/26.2/Swift.swiftmodule/arm64-apple-ios-simulator.swiftmodule' (in target 'InkOS' from project 'InkOS')
note: A dependency of main module 'InkOS' (in target 'InkOS' from project 'InkOS')
note: A dependency of Swift module 'Swift': '/Applications/Xcode.app/Contents/Developer/Toolchains/XcodeDefault.xctoolchain/usr/lib/swift/iphonesimulator/prebuilt-modules/26.2/Swift.swiftmodule/arm64-apple-ios-simulator.swiftmodule' (in target 'InkOS' from project 'InkOS')
note: A dependency of Swift module 'OSLog': '/Applications/Xcode.app/Contents/Developer/Toolchains/XcodeDefault.xctoolchain/usr/lib/swift/iphonesimulator/prebuilt-modules/26.2/OSLog.swiftmodule/arm64-apple-ios-simulator.swiftmodule' (in target 'InkOS' from project 'InkOS')
note: A dependency of Swift module 'DeveloperToolsSupport': '/Applications/Xcode.app/Contents/Developer/Toolchains/XcodeDefault.xctoolchain/usr/lib/swift/iphonesimulator/prebuilt-modules/26.2/DeveloperToolsSupport.swiftmodule/arm64-apple-ios-simulator.swiftmodule' (in target 'InkOS' from project 'InkOS')
note: A dependency of Swift module 'Swift': '/Applications/Xcode.app/Contents/Developer/Toolchains/XcodeDefault.xctoolchain/usr/lib/swift/iphonesimulator/prebuilt-modules/26.2/Swift.swiftmodule/arm64-apple-ios-simulator.swiftmodule' (in target 'InkOS' from project 'InkOS')
note: A dependency of Swift module 'CoreTransferable': '/Applications/Xcode.app/Contents/Developer/Toolchains/XcodeDefault.xctoolchain/usr/lib/swift/iphonesimulator/prebuilt-modules/26.2/CoreTransferable.swiftmodule/arm64-apple-ios-simulator.swiftmodule' (in target 'InkOS' from project 'InkOS')
note: A dependency of Swift module 'CoreGraphics': '/Applications/Xcode.app/Contents/Developer/Toolchains/XcodeDefault.xctoolchain/usr/lib/swift/iphonesimulator/prebuilt-modules/26.2/CoreGraphics.swiftmodule/arm64-apple-ios-simulator.swiftmodule' (in target 'InkOS' from project 'InkOS')
note: A dependency of Swift module 'Swift': '/Applications/Xcode.app/Contents/Developer/Toolchains/XcodeDefault.xctoolchain/usr/lib/swift/iphonesimulator/prebuilt-modules/26.2/Swift.swiftmodule/arm64-apple-ios-simulator.swiftmodule' (in target 'InkOS' from project 'InkOS')
note: A dependency of Swift module 'Swift': '/Applications/Xcode.app/Contents/Developer/Toolchains/XcodeDefault.xctoolchain/usr/lib/swift/iphonesimulator/prebuilt-modules/26.2/Swift.swiftmodule/arm64-apple-ios-simulator.swiftmodule' (in target 'InkOS' from project 'InkOS')
note: A dependency of Swift module 'Observation': '/Applications/Xcode.app/Contents/Developer/Toolchains/XcodeDefault.xctoolchain/usr/lib/swift/iphonesimulator/prebuilt-modules/26.2/Observation.swiftmodule/arm64-apple-ios-simulator.swiftmodule' (in target 'InkOS' from project 'InkOS')
note: A dependency of Swift module 'ObjectiveC': '/Applications/Xcode.app/Contents/Developer/Toolchains/XcodeDefault.xctoolchain/usr/lib/swift/iphonesimulator/prebuilt-modules/26.2/ObjectiveC.swiftmodule/arm64-apple-ios-simulator.swiftmodule' (in target 'InkOS' from project 'InkOS')
note: A dependency of Swift module 'Dispatch': '/Applications/Xcode.app/Contents/Developer/Toolchains/XcodeDefault.xctoolchain/usr/lib/swift/iphonesimulator/prebuilt-modules/26.2/Dispatch.swiftmodule/arm64-apple-ios-simulator.swiftmodule' (in target 'InkOS' from project 'InkOS')
note: A dependency of Swift module 'CoreFoundation': '/Applications/Xcode.app/Contents/Developer/Toolchains/XcodeDefault.xctoolchain/usr/lib/swift/iphonesimulator/prebuilt-modules/26.2/CoreFoundation.swiftmodule/arm64-apple-ios-simulator.swiftmodule' (in target 'InkOS' from project 'InkOS')
note: A dependency of Swift module 'Foundation': '/Applications/Xcode.app/Contents/Developer/Toolchains/XcodeDefault.xctoolchain/usr/lib/swift/iphonesimulator/prebuilt-modules/26.2/Foundation.swiftmodule/arm64-apple-ios-simulator.swiftmodule' (in target 'InkOS' from project 'InkOS')
note: A dependency of Swift module 'CoreData': '/Applications/Xcode.app/Contents/Developer/Toolchains/XcodeDefault.xctoolchain/usr/lib/swift/iphonesimulator/prebuilt-modules/26.2/CoreData.swiftmodule/arm64-apple-ios-simulator.swiftmodule' (in target 'InkOS' from project 'InkOS')
note: A dependency of Swift module '_DarwinFoundation2': '/Applications/Xcode.app/Contents/Developer/Toolchains/XcodeDefault.xctoolchain/usr/lib/swift/iphonesimulator/prebuilt-modules/26.2/_DarwinFoundation2.swiftmodule/arm64-apple-ios-simulator.swiftmodule' (in target 'InkOS' from project 'InkOS')
note: A dependency of Swift module '_DarwinFoundation1': '/Applications/Xcode.app/Contents/Developer/Toolchains/XcodeDefault.xctoolchain/usr/lib/swift/iphonesimulator/prebuilt-modules/26.2/_DarwinFoundation1.swiftmodule/arm64-apple-ios-simulator.swiftmodule' (in target 'InkOS' from project 'InkOS')
note: A dependency of Swift module '_Builtin_float': '/Applications/Xcode.app/Contents/Developer/Toolchains/XcodeDefault.xctoolchain/usr/lib/swift/iphonesimulator/prebuilt-modules/26.2/_Builtin_float.swiftmodule/arm64-apple-ios-simulator.swiftmodule' (in target 'InkOS' from project 'InkOS')
note: A dependency of Swift module 'Swift': '/Applications/Xcode.app/Contents/Developer/Toolchains/XcodeDefault.xctoolchain/usr/lib/swift/iphonesimulator/prebuilt-modules/26.2/Swift.swiftmodule/arm64-apple-ios-simulator.swiftmodule' (in target 'InkOS' from project 'InkOS')
note: A dependency of Swift module 'Darwin': '/Applications/Xcode.app/Contents/Developer/Toolchains/XcodeDefault.xctoolchain/usr/lib/swift/iphonesimulator/prebuilt-modules/26.2/Darwin.swiftmodule/arm64-apple-ios-simulator.swiftmodule' (in target 'InkOS' from project 'InkOS')
note: A dependency of Swift module 'Combine': '/Applications/Xcode.app/Contents/Developer/Toolchains/XcodeDefault.xctoolchain/usr/lib/swift/iphonesimulator/prebuilt-modules/26.2/Combine.swiftmodule/arm64-apple-ios-simulator.swiftmodule' (in target 'InkOS' from project 'InkOS')
note: A dependency of Swift module 'SwiftUI': '/Applications/Xcode.app/Contents/Developer/Toolchains/XcodeDefault.xctoolchain/usr/lib/swift/iphonesimulator/prebuilt-modules/26.2/SwiftUI.swiftmodule/arm64-apple-ios-simulator.swiftmodule' (in target 'InkOS' from project 'InkOS')
note: A dependency of Swift module '_StringProcessing': '/Applications/Xcode.app/Contents/Developer/Toolchains/XcodeDefault.xctoolchain/usr/lib/swift/iphonesimulator/prebuilt-modules/26.2/_StringProcessing.swiftmodule/arm64-apple-ios-simulator.swiftmodule' (in target 'InkOS' from project 'InkOS')
note: A dependency of Swift module '_Concurrency': '/Applications/Xcode.app/Contents/Developer/Toolchains/XcodeDefault.xctoolchain/usr/lib/swift/iphonesimulator/prebuilt-modules/26.2/_Concurrency.swiftmodule/arm64-apple-ios-simulator.swiftmodule' (in target 'InkOS' from project 'InkOS')
note: A dependency of Swift module 'SwiftOnoneSupport': '/Applications/Xcode.app/Contents/Developer/Toolchains/XcodeDefault.xctoolchain/usr/lib/swift/iphonesimulator/prebuilt-modules/26.2/SwiftOnoneSupport.swiftmodule/arm64-apple-ios-simulator.swiftmodule' (in target 'InkOS' from project 'InkOS')
note: A dependency of Swift module 'Swift': '/Applications/Xcode.app/Contents/Developer/Toolchains/XcodeDefault.xctoolchain/usr/lib/swift/iphonesimulator/prebuilt-modules/26.2/Swift.swiftmodule/arm64-apple-ios-simulator.swiftmodule' (in target 'InkOS' from project 'InkOS')
note: A dependency of main module 'InkOS' (in target 'InkOS' from project 'InkOS')
note: A dependency of Swift module 'Swift': '/Applications/Xcode.app/Contents/Developer/Toolchains/XcodeDefault.xctoolchain/usr/lib/swift/iphonesimulator/prebuilt-modules/26.2/Swift.swiftmodule/arm64-apple-ios-simulator.swiftmodule' (in target 'InkOS' from project 'InkOS')
note: A dependency of Swift module 'DeveloperToolsSupport': '/Applications/Xcode.app/Contents/Developer/Toolchains/XcodeDefault.xctoolchain/usr/lib/swift/iphonesimulator/prebuilt-modules/26.2/DeveloperToolsSupport.swiftmodule/arm64-apple-ios-simulator.swiftmodule' (in target 'InkOS' from project 'InkOS')
note: A dependency of Swift module 'Swift': '/Applications/Xcode.app/Contents/Developer/Toolchains/XcodeDefault.xctoolchain/usr/lib/swift/iphonesimulator/prebuilt-modules/26.2/Swift.swiftmodule/arm64-apple-ios-simulator.swiftmodule' (in target 'InkOS' from project 'InkOS')
note: A dependency of Swift module 'CoreTransferable': '/Applications/Xcode.app/Contents/Developer/Toolchains/XcodeDefault.xctoolchain/usr/lib/swift/iphonesimulator/prebuilt-modules/26.2/CoreTransferable.swiftmodule/arm64-apple-ios-simulator.swiftmodule' (in target 'InkOS' from project 'InkOS')
note: A dependency of Swift module 'CoreGraphics': '/Applications/Xcode.app/Contents/Developer/Toolchains/XcodeDefault.xctoolchain/usr/lib/swift/iphonesimulator/prebuilt-modules/26.2/CoreGraphics.swiftmodule/arm64-apple-ios-simulator.swiftmodule' (in target 'InkOS' from project 'InkOS')
note: A dependency of Swift module 'Swift': '/Applications/Xcode.app/Contents/Developer/Toolchains/XcodeDefault.xctoolchain/usr/lib/swift/iphonesimulator/prebuilt-modules/26.2/Swift.swiftmodule/arm64-apple-ios-simulator.swiftmodule' (in target 'InkOS' from project 'InkOS')
note: A dependency of Swift module 'Swift': '/Applications/Xcode.app/Contents/Developer/Toolchains/XcodeDefault.xctoolchain/usr/lib/swift/iphonesimulator/prebuilt-modules/26.2/Swift.swiftmodule/arm64-apple-ios-simulator.swiftmodule' (in target 'InkOS' from project 'InkOS')
note: A dependency of Swift module 'Observation': '/Applications/Xcode.app/Contents/Developer/Toolchains/XcodeDefault.xctoolchain/usr/lib/swift/iphonesimulator/prebuilt-modules/26.2/Observation.swiftmodule/arm64-apple-ios-simulator.swiftmodule' (in target 'InkOS' from project 'InkOS')
note: A dependency of Swift module 'ObjectiveC': '/Applications/Xcode.app/Contents/Developer/Toolchains/XcodeDefault.xctoolchain/usr/lib/swift/iphonesimulator/prebuilt-modules/26.2/ObjectiveC.swiftmodule/arm64-apple-ios-simulator.swiftmodule' (in target 'InkOS' from project 'InkOS')
note: A dependency of Swift module 'Dispatch': '/Applications/Xcode.app/Contents/Developer/Toolchains/XcodeDefault.xctoolchain/usr/lib/swift/iphonesimulator/prebuilt-modules/26.2/Dispatch.swiftmodule/arm64-apple-ios-simulator.swiftmodule' (in target 'InkOS' from project 'InkOS')
note: A dependency of Swift module 'CoreFoundation': '/Applications/Xcode.app/Contents/Developer/Toolchains/XcodeDefault.xctoolchain/usr/lib/swift/iphonesimulator/prebuilt-modules/26.2/CoreFoundation.swiftmodule/arm64-apple-ios-simulator.swiftmodule' (in target 'InkOS' from project 'InkOS')
note: A dependency of Swift module 'Foundation': '/Applications/Xcode.app/Contents/Developer/Toolchains/XcodeDefault.xctoolchain/usr/lib/swift/iphonesimulator/prebuilt-modules/26.2/Foundation.swiftmodule/arm64-apple-ios-simulator.swiftmodule' (in target 'InkOS' from project 'InkOS')
note: A dependency of Swift module 'CoreData': '/Applications/Xcode.app/Contents/Developer/Toolchains/XcodeDefault.xctoolchain/usr/lib/swift/iphonesimulator/prebuilt-modules/26.2/CoreData.swiftmodule/arm64-apple-ios-simulator.swiftmodule' (in target 'InkOS' from project 'InkOS')
note: A dependency of Swift module '_DarwinFoundation2': '/Applications/Xcode.app/Contents/Developer/Toolchains/XcodeDefault.xctoolchain/usr/lib/swift/iphonesimulator/prebuilt-modules/26.2/_DarwinFoundation2.swiftmodule/arm64-apple-ios-simulator.swiftmodule' (in target 'InkOS' from project 'InkOS')
note: A dependency of Swift module '_DarwinFoundation1': '/Applications/Xcode.app/Contents/Developer/Toolchains/XcodeDefault.xctoolchain/usr/lib/swift/iphonesimulator/prebuilt-modules/26.2/_DarwinFoundation1.swiftmodule/arm64-apple-ios-simulator.swiftmodule' (in target 'InkOS' from project 'InkOS')
note: A dependency of Swift module '_Builtin_float': '/Applications/Xcode.app/Contents/Developer/Toolchains/XcodeDefault.xctoolchain/usr/lib/swift/iphonesimulator/prebuilt-modules/26.2/_Builtin_float.swiftmodule/arm64-apple-ios-simulator.swiftmodule' (in target 'InkOS' from project 'InkOS')
note: A dependency of Swift module 'Swift': '/Applications/Xcode.app/Contents/Developer/Toolchains/XcodeDefault.xctoolchain/usr/lib/swift/iphonesimulator/prebuilt-modules/26.2/Swift.swiftmodule/arm64-apple-ios-simulator.swiftmodule' (in target 'InkOS' from project 'InkOS')
note: A dependency of Swift module 'Darwin': '/Applications/Xcode.app/Contents/Developer/Toolchains/XcodeDefault.xctoolchain/usr/lib/swift/iphonesimulator/prebuilt-modules/26.2/Darwin.swiftmodule/arm64-apple-ios-simulator.swiftmodule' (in target 'InkOS' from project 'InkOS')
note: A dependency of Swift module 'Combine': '/Applications/Xcode.app/Contents/Developer/Toolchains/XcodeDefault.xctoolchain/usr/lib/swift/iphonesimulator/prebuilt-modules/26.2/Combine.swiftmodule/arm64-apple-ios-simulator.swiftmodule' (in target 'InkOS' from project 'InkOS')
note: A dependency of Swift module 'SwiftUI': '/Applications/Xcode.app/Contents/Developer/Toolchains/XcodeDefault.xctoolchain/usr/lib/swift/iphonesimulator/prebuilt-modules/26.2/SwiftUI.swiftmodule/arm64-apple-ios-simulator.swiftmodule' (in target 'InkOS' from project 'InkOS')
note: A dependency of Swift module '_StringProcessing': '/Applications/Xcode.app/Contents/Developer/Toolchains/XcodeDefault.xctoolchain/usr/lib/swift/iphonesimulator/prebuilt-modules/26.2/_StringProcessing.swiftmodule/arm64-apple-ios-simulator.swiftmodule' (in target 'InkOS' from project 'InkOS')
note: A dependency of Swift module '_Concurrency': '/Applications/Xcode.app/Contents/Developer/Toolchains/XcodeDefault.xctoolchain/usr/lib/swift/iphonesimulator/prebuilt-modules/26.2/_Concurrency.swiftmodule/arm64-apple-ios-simulator.swiftmodule' (in target 'InkOS' from project 'InkOS')
note: A dependency of Swift module 'SwiftOnoneSupport': '/Applications/Xcode.app/Contents/Developer/Toolchains/XcodeDefault.xctoolchain/usr/lib/swift/iphonesimulator/prebuilt-modules/26.2/SwiftOnoneSupport.swiftmodule/arm64-apple-ios-simulator.swiftmodule' (in target 'InkOS' from project 'InkOS')
note: A dependency of Swift module 'Swift': '/Applications/Xcode.app/Contents/Developer/Toolchains/XcodeDefault.xctoolchain/usr/lib/swift/iphonesimulator/prebuilt-modules/26.2/Swift.swiftmodule/arm64-apple-ios-simulator.swiftmodule' (in target 'InkOS' from project 'InkOS')
note: A dependency of main module 'InkOS' (in target 'InkOS' from project 'InkOS')
note: A dependency of Swift module 'Swift': '/Applications/Xcode.app/Contents/Developer/Toolchains/XcodeDefault.xctoolchain/usr/lib/swift/iphonesimulator/prebuilt-modules/26.2/Swift.swiftmodule/arm64-apple-ios-simulator.swiftmodule' (in target 'InkOS' from project 'InkOS')
note: A dependency of Swift module 'UniformTypeIdentifiers': '/Applications/Xcode.app/Contents/Developer/Toolchains/XcodeDefault.xctoolchain/usr/lib/swift/iphonesimulator/prebuilt-modules/26.2/UniformTypeIdentifiers.swiftmodule/arm64-apple-ios-simulator.swiftmodule' (in target 'InkOS' from project 'InkOS')
note: A dependency of Swift module 'Swift': '/Applications/Xcode.app/Contents/Developer/Toolchains/XcodeDefault.xctoolchain/usr/lib/swift/iphonesimulator/prebuilt-modules/26.2/Swift.swiftmodule/arm64-apple-ios-simulator.swiftmodule' (in target 'InkOS' from project 'InkOS')
note: A dependency of Swift module 'CoreTransferable': '/Applications/Xcode.app/Contents/Developer/Toolchains/XcodeDefault.xctoolchain/usr/lib/swift/iphonesimulator/prebuilt-modules/26.2/CoreTransferable.swiftmodule/arm64-apple-ios-simulator.swiftmodule' (in target 'InkOS' from project 'InkOS')
note: A dependency of Swift module 'CoreGraphics': '/Applications/Xcode.app/Contents/Developer/Toolchains/XcodeDefault.xctoolchain/usr/lib/swift/iphonesimulator/prebuilt-modules/26.2/CoreGraphics.swiftmodule/arm64-apple-ios-simulator.swiftmodule' (in target 'InkOS' from project 'InkOS')
note: A dependency of Swift module 'Swift': '/Applications/Xcode.app/Contents/Developer/Toolchains/XcodeDefault.xctoolchain/usr/lib/swift/iphonesimulator/prebuilt-modules/26.2/Swift.swiftmodule/arm64-apple-ios-simulator.swiftmodule' (in target 'InkOS' from project 'InkOS')
note: A dependency of Swift module 'Swift': '/Applications/Xcode.app/Contents/Developer/Toolchains/XcodeDefault.xctoolchain/usr/lib/swift/iphonesimulator/prebuilt-modules/26.2/Swift.swiftmodule/arm64-apple-ios-simulator.swiftmodule' (in target 'InkOS' from project 'InkOS')
note: A dependency of Swift module 'Observation': '/Applications/Xcode.app/Contents/Developer/Toolchains/XcodeDefault.xctoolchain/usr/lib/swift/iphonesimulator/prebuilt-modules/26.2/Observation.swiftmodule/arm64-apple-ios-simulator.swiftmodule' (in target 'InkOS' from project 'InkOS')
note: A dependency of Swift module 'ObjectiveC': '/Applications/Xcode.app/Contents/Developer/Toolchains/XcodeDefault.xctoolchain/usr/lib/swift/iphonesimulator/prebuilt-modules/26.2/ObjectiveC.swiftmodule/arm64-apple-ios-simulator.swiftmodule' (in target 'InkOS' from project 'InkOS')
note: A dependency of Swift module 'Dispatch': '/Applications/Xcode.app/Contents/Developer/Toolchains/XcodeDefault.xctoolchain/usr/lib/swift/iphonesimulator/prebuilt-modules/26.2/Dispatch.swiftmodule/arm64-apple-ios-simulator.swiftmodule' (in target 'InkOS' from project 'InkOS')
note: A dependency of Swift module 'CoreFoundation': '/Applications/Xcode.app/Contents/Developer/Toolchains/XcodeDefault.xctoolchain/usr/lib/swift/iphonesimulator/prebuilt-modules/26.2/CoreFoundation.swiftmodule/arm64-apple-ios-simulator.swiftmodule' (in target 'InkOS' from project 'InkOS')
note: A dependency of Swift module 'Foundation': '/Applications/Xcode.app/Contents/Developer/Toolchains/XcodeDefault.xctoolchain/usr/lib/swift/iphonesimulator/prebuilt-modules/26.2/Foundation.swiftmodule/arm64-apple-ios-simulator.swiftmodule' (in target 'InkOS' from project 'InkOS')
note: A dependency of Swift module 'CoreData': '/Applications/Xcode.app/Contents/Developer/Toolchains/XcodeDefault.xctoolchain/usr/lib/swift/iphonesimulator/prebuilt-modules/26.2/CoreData.swiftmodule/arm64-apple-ios-simulator.swiftmodule' (in target 'InkOS' from project 'InkOS')
note: A dependency of Swift module '_DarwinFoundation2': '/Applications/Xcode.app/Contents/Developer/Toolchains/XcodeDefault.xctoolchain/usr/lib/swift/iphonesimulator/prebuilt-modules/26.2/_DarwinFoundation2.swiftmodule/arm64-apple-ios-simulator.swiftmodule' (in target 'InkOS' from project 'InkOS')
note: A dependency of Swift module '_DarwinFoundation1': '/Applications/Xcode.app/Contents/Developer/Toolchains/XcodeDefault.xctoolchain/usr/lib/swift/iphonesimulator/prebuilt-modules/26.2/_DarwinFoundation1.swiftmodule/arm64-apple-ios-simulator.swiftmodule' (in target 'InkOS' from project 'InkOS')
note: A dependency of Swift module '_Builtin_float': '/Applications/Xcode.app/Contents/Developer/Toolchains/XcodeDefault.xctoolchain/usr/lib/swift/iphonesimulator/prebuilt-modules/26.2/_Builtin_float.swiftmodule/arm64-apple-ios-simulator.swiftmodule' (in target 'InkOS' from project 'InkOS')
note: A dependency of Swift module 'Swift': '/Applications/Xcode.app/Contents/Developer/Toolchains/XcodeDefault.xctoolchain/usr/lib/swift/iphonesimulator/prebuilt-modules/26.2/Swift.swiftmodule/arm64-apple-ios-simulator.swiftmodule' (in target 'InkOS' from project 'InkOS')
note: A dependency of Swift module 'Darwin': '/Applications/Xcode.app/Contents/Developer/Toolchains/XcodeDefault.xctoolchain/usr/lib/swift/iphonesimulator/prebuilt-modules/26.2/Darwin.swiftmodule/arm64-apple-ios-simulator.swiftmodule' (in target 'InkOS' from project 'InkOS')
note: A dependency of Swift module 'Combine': '/Applications/Xcode.app/Contents/Developer/Toolchains/XcodeDefault.xctoolchain/usr/lib/swift/iphonesimulator/prebuilt-modules/26.2/Combine.swiftmodule/arm64-apple-ios-simulator.swiftmodule' (in target 'InkOS' from project 'InkOS')
note: A dependency of Swift module 'SwiftUI': '/Applications/Xcode.app/Contents/Developer/Toolchains/XcodeDefault.xctoolchain/usr/lib/swift/iphonesimulator/prebuilt-modules/26.2/SwiftUI.swiftmodule/arm64-apple-ios-simulator.swiftmodule' (in target 'InkOS' from project 'InkOS')
note: A dependency of Swift module '_StringProcessing': '/Applications/Xcode.app/Contents/Developer/Toolchains/XcodeDefault.xctoolchain/usr/lib/swift/iphonesimulator/prebuilt-modules/26.2/_StringProcessing.swiftmodule/arm64-apple-ios-simulator.swiftmodule' (in target 'InkOS' from project 'InkOS')
note: A dependency of Swift module '_Concurrency': '/Applications/Xcode.app/Contents/Developer/Toolchains/XcodeDefault.xctoolchain/usr/lib/swift/iphonesimulator/prebuilt-modules/26.2/_Concurrency.swiftmodule/arm64-apple-ios-simulator.swiftmodule' (in target 'InkOS' from project 'InkOS')
note: A dependency of Swift module 'SwiftOnoneSupport': '/Applications/Xcode.app/Contents/Developer/Toolchains/XcodeDefault.xctoolchain/usr/lib/swift/iphonesimulator/prebuilt-modules/26.2/SwiftOnoneSupport.swiftmodule/arm64-apple-ios-simulator.swiftmodule' (in target 'InkOS' from project 'InkOS')
note: A dependency of Swift module 'Swift': '/Applications/Xcode.app/Contents/Developer/Toolchains/XcodeDefault.xctoolchain/usr/lib/swift/iphonesimulator/prebuilt-modules/26.2/Swift.swiftmodule/arm64-apple-ios-simulator.swiftmodule' (in target 'InkOS' from project 'InkOS')
note: A dependency of main module 'InkOS' (in target 'InkOS' from project 'InkOS')
note: A dependency of Swift module 'Swift': '/Applications/Xcode.app/Contents/Developer/Toolchains/XcodeDefault.xctoolchain/usr/lib/swift/iphonesimulator/prebuilt-modules/26.2/Swift.swiftmodule/arm64-apple-ios-simulator.swiftmodule' (in target 'InkOS' from project 'InkOS')
note: A dependency of Swift module 'CoreTransferable': '/Applications/Xcode.app/Contents/Developer/Toolchains/XcodeDefault.xctoolchain/usr/lib/swift/iphonesimulator/prebuilt-modules/26.2/CoreTransferable.swiftmodule/arm64-apple-ios-simulator.swiftmodule' (in target 'InkOS' from project 'InkOS')
note: A dependency of Swift module 'CoreGraphics': '/Applications/Xcode.app/Contents/Developer/Toolchains/XcodeDefault.xctoolchain/usr/lib/swift/iphonesimulator/prebuilt-modules/26.2/CoreGraphics.swiftmodule/arm64-apple-ios-simulator.swiftmodule' (in target 'InkOS' from project 'InkOS')
note: A dependency of Swift module 'Swift': '/Applications/Xcode.app/Contents/Developer/Toolchains/XcodeDefault.xctoolchain/usr/lib/swift/iphonesimulator/prebuilt-modules/26.2/Swift.swiftmodule/arm64-apple-ios-simulator.swiftmodule' (in target 'InkOS' from project 'InkOS')
note: A dependency of Swift module 'Swift': '/Applications/Xcode.app/Contents/Developer/Toolchains/XcodeDefault.xctoolchain/usr/lib/swift/iphonesimulator/prebuilt-modules/26.2/Swift.swiftmodule/arm64-apple-ios-simulator.swiftmodule' (in target 'InkOS' from project 'InkOS')
note: A dependency of Swift module 'Observation': '/Applications/Xcode.app/Contents/Developer/Toolchains/XcodeDefault.xctoolchain/usr/lib/swift/iphonesimulator/prebuilt-modules/26.2/Observation.swiftmodule/arm64-apple-ios-simulator.swiftmodule' (in target 'InkOS' from project 'InkOS')
note: A dependency of Swift module 'ObjectiveC': '/Applications/Xcode.app/Contents/Developer/Toolchains/XcodeDefault.xctoolchain/usr/lib/swift/iphonesimulator/prebuilt-modules/26.2/ObjectiveC.swiftmodule/arm64-apple-ios-simulator.swiftmodule' (in target 'InkOS' from project 'InkOS')
note: A dependency of Swift module 'Dispatch': '/Applications/Xcode.app/Contents/Developer/Toolchains/XcodeDefault.xctoolchain/usr/lib/swift/iphonesimulator/prebuilt-modules/26.2/Dispatch.swiftmodule/arm64-apple-ios-simulator.swiftmodule' (in target 'InkOS' from project 'InkOS')
note: A dependency of Swift module 'CoreFoundation': '/Applications/Xcode.app/Contents/Developer/Toolchains/XcodeDefault.xctoolchain/usr/lib/swift/iphonesimulator/prebuilt-modules/26.2/CoreFoundation.swiftmodule/arm64-apple-ios-simulator.swiftmodule' (in target 'InkOS' from project 'InkOS')
note: A dependency of Swift module 'Foundation': '/Applications/Xcode.app/Contents/Developer/Toolchains/XcodeDefault.xctoolchain/usr/lib/swift/iphonesimulator/prebuilt-modules/26.2/Foundation.swiftmodule/arm64-apple-ios-simulator.swiftmodule' (in target 'InkOS' from project 'InkOS')
note: A dependency of Swift module 'CoreData': '/Applications/Xcode.app/Contents/Developer/Toolchains/XcodeDefault.xctoolchain/usr/lib/swift/iphonesimulator/prebuilt-modules/26.2/CoreData.swiftmodule/arm64-apple-ios-simulator.swiftmodule' (in target 'InkOS' from project 'InkOS')
note: A dependency of Swift module '_DarwinFoundation2': '/Applications/Xcode.app/Contents/Developer/Toolchains/XcodeDefault.xctoolchain/usr/lib/swift/iphonesimulator/prebuilt-modules/26.2/_DarwinFoundation2.swiftmodule/arm64-apple-ios-simulator.swiftmodule' (in target 'InkOS' from project 'InkOS')
note: A dependency of Swift module '_DarwinFoundation1': '/Applications/Xcode.app/Contents/Developer/Toolchains/XcodeDefault.xctoolchain/usr/lib/swift/iphonesimulator/prebuilt-modules/26.2/_DarwinFoundation1.swiftmodule/arm64-apple-ios-simulator.swiftmodule' (in target 'InkOS' from project 'InkOS')
note: A dependency of Swift module '_Builtin_float': '/Applications/Xcode.app/Contents/Developer/Toolchains/XcodeDefault.xctoolchain/usr/lib/swift/iphonesimulator/prebuilt-modules/26.2/_Builtin_float.swiftmodule/arm64-apple-ios-simulator.swiftmodule' (in target 'InkOS' from project 'InkOS')
note: A dependency of Swift module 'Swift': '/Applications/Xcode.app/Contents/Developer/Toolchains/XcodeDefault.xctoolchain/usr/lib/swift/iphonesimulator/prebuilt-modules/26.2/Swift.swiftmodule/arm64-apple-ios-simulator.swiftmodule' (in target 'InkOS' from project 'InkOS')
note: A dependency of Swift module 'Darwin': '/Applications/Xcode.app/Contents/Developer/Toolchains/XcodeDefault.xctoolchain/usr/lib/swift/iphonesimulator/prebuilt-modules/26.2/Darwin.swiftmodule/arm64-apple-ios-simulator.swiftmodule' (in target 'InkOS' from project 'InkOS')
note: A dependency of Swift module 'Combine': '/Applications/Xcode.app/Contents/Developer/Toolchains/XcodeDefault.xctoolchain/usr/lib/swift/iphonesimulator/prebuilt-modules/26.2/Combine.swiftmodule/arm64-apple-ios-simulator.swiftmodule' (in target 'InkOS' from project 'InkOS')
note: A dependency of Swift module 'SwiftUI': '/Applications/Xcode.app/Contents/Developer/Toolchains/XcodeDefault.xctoolchain/usr/lib/swift/iphonesimulator/prebuilt-modules/26.2/SwiftUI.swiftmodule/arm64-apple-ios-simulator.swiftmodule' (in target 'InkOS' from project 'InkOS')
note: A dependency of Swift module '_StringProcessing': '/Applications/Xcode.app/Contents/Developer/Toolchains/XcodeDefault.xctoolchain/usr/lib/swift/iphonesimulator/prebuilt-modules/26.2/_StringProcessing.swiftmodule/arm64-apple-ios-simulator.swiftmodule' (in target 'InkOS' from project 'InkOS')
note: A dependency of Swift module '_Concurrency': '/Applications/Xcode.app/Contents/Developer/Toolchains/XcodeDefault.xctoolchain/usr/lib/swift/iphonesimulator/prebuilt-modules/26.2/_Concurrency.swiftmodule/arm64-apple-ios-simulator.swiftmodule' (in target 'InkOS' from project 'InkOS')
note: A dependency of Swift module 'SwiftOnoneSupport': '/Applications/Xcode.app/Contents/Developer/Toolchains/XcodeDefault.xctoolchain/usr/lib/swift/iphonesimulator/prebuilt-modules/26.2/SwiftOnoneSupport.swiftmodule/arm64-apple-ios-simulator.swiftmodule' (in target 'InkOS' from project 'InkOS')
note: A dependency of Swift module 'Swift': '/Applications/Xcode.app/Contents/Developer/Toolchains/XcodeDefault.xctoolchain/usr/lib/swift/iphonesimulator/prebuilt-modules/26.2/Swift.swiftmodule/arm64-apple-ios-simulator.swiftmodule' (in target 'InkOS' from project 'InkOS')
note: A dependency of main module 'InkOS' (in target 'InkOS' from project 'InkOS')
note: A dependency of Swift module 'Swift': '/Applications/Xcode.app/Contents/Developer/Toolchains/XcodeDefault.xctoolchain/usr/lib/swift/iphonesimulator/prebuilt-modules/26.2/Swift.swiftmodule/arm64-apple-ios-simulator.swiftmodule' (in target 'InkOS' from project 'InkOS')
note: A dependency of Swift module 'CoreGraphics': '/Applications/Xcode.app/Contents/Developer/Toolchains/XcodeDefault.xctoolchain/usr/lib/swift/iphonesimulator/prebuilt-modules/26.2/CoreGraphics.swiftmodule/arm64-apple-ios-simulator.swiftmodule' (in target 'InkOS' from project 'InkOS')
note: A dependency of Swift module 'Swift': '/Applications/Xcode.app/Contents/Developer/Toolchains/XcodeDefault.xctoolchain/usr/lib/swift/iphonesimulator/prebuilt-modules/26.2/Swift.swiftmodule/arm64-apple-ios-simulator.swiftmodule' (in target 'InkOS' from project 'InkOS')
note: A dependency of Swift module 'Swift': '/Applications/Xcode.app/Contents/Developer/Toolchains/XcodeDefault.xctoolchain/usr/lib/swift/iphonesimulator/prebuilt-modules/26.2/Swift.swiftmodule/arm64-apple-ios-simulator.swiftmodule' (in target 'InkOS' from project 'InkOS')
note: A dependency of Swift module 'Observation': '/Applications/Xcode.app/Contents/Developer/Toolchains/XcodeDefault.xctoolchain/usr/lib/swift/iphonesimulator/prebuilt-modules/26.2/Observation.swiftmodule/arm64-apple-ios-simulator.swiftmodule' (in target 'InkOS' from project 'InkOS')
note: A dependency of Swift module 'ObjectiveC': '/Applications/Xcode.app/Contents/Developer/Toolchains/XcodeDefault.xctoolchain/usr/lib/swift/iphonesimulator/prebuilt-modules/26.2/ObjectiveC.swiftmodule/arm64-apple-ios-simulator.swiftmodule' (in target 'InkOS' from project 'InkOS')
note: A dependency of Swift module 'Dispatch': '/Applications/Xcode.app/Contents/Developer/Toolchains/XcodeDefault.xctoolchain/usr/lib/swift/iphonesimulator/prebuilt-modules/26.2/Dispatch.swiftmodule/arm64-apple-ios-simulator.swiftmodule' (in target 'InkOS' from project 'InkOS')
note: A dependency of Swift module 'CoreFoundation': '/Applications/Xcode.app/Contents/Developer/Toolchains/XcodeDefault.xctoolchain/usr/lib/swift/iphonesimulator/prebuilt-modules/26.2/CoreFoundation.swiftmodule/arm64-apple-ios-simulator.swiftmodule' (in target 'InkOS' from project 'InkOS')
note: A dependency of Swift module 'Foundation': '/Applications/Xcode.app/Contents/Developer/Toolchains/XcodeDefault.xctoolchain/usr/lib/swift/iphonesimulator/prebuilt-modules/26.2/Foundation.swiftmodule/arm64-apple-ios-simulator.swiftmodule' (in target 'InkOS' from project 'InkOS')
note: A dependency of Swift module 'CoreData': '/Applications/Xcode.app/Contents/Developer/Toolchains/XcodeDefault.xctoolchain/usr/lib/swift/iphonesimulator/prebuilt-modules/26.2/CoreData.swiftmodule/arm64-apple-ios-simulator.swiftmodule' (in target 'InkOS' from project 'InkOS')
note: A dependency of Swift module '_DarwinFoundation2': '/Applications/Xcode.app/Contents/Developer/Toolchains/XcodeDefault.xctoolchain/usr/lib/swift/iphonesimulator/prebuilt-modules/26.2/_DarwinFoundation2.swiftmodule/arm64-apple-ios-simulator.swiftmodule' (in target 'InkOS' from project 'InkOS')
note: A dependency of Swift module '_DarwinFoundation1': '/Applications/Xcode.app/Contents/Developer/Toolchains/XcodeDefault.xctoolchain/usr/lib/swift/iphonesimulator/prebuilt-modules/26.2/_DarwinFoundation1.swiftmodule/arm64-apple-ios-simulator.swiftmodule' (in target 'InkOS' from project 'InkOS')
note: A dependency of Swift module '_Builtin_float': '/Applications/Xcode.app/Contents/Developer/Toolchains/XcodeDefault.xctoolchain/usr/lib/swift/iphonesimulator/prebuilt-modules/26.2/_Builtin_float.swiftmodule/arm64-apple-ios-simulator.swiftmodule' (in target 'InkOS' from project 'InkOS')
note: A dependency of Swift module 'Swift': '/Applications/Xcode.app/Contents/Developer/Toolchains/XcodeDefault.xctoolchain/usr/lib/swift/iphonesimulator/prebuilt-modules/26.2/Swift.swiftmodule/arm64-apple-ios-simulator.swiftmodule' (in target 'InkOS' from project 'InkOS')
note: A dependency of Swift module 'Darwin': '/Applications/Xcode.app/Contents/Developer/Toolchains/XcodeDefault.xctoolchain/usr/lib/swift/iphonesimulator/prebuilt-modules/26.2/Darwin.swiftmodule/arm64-apple-ios-simulator.swiftmodule' (in target 'InkOS' from project 'InkOS')
note: A dependency of Swift module 'Combine': '/Applications/Xcode.app/Contents/Developer/Toolchains/XcodeDefault.xctoolchain/usr/lib/swift/iphonesimulator/prebuilt-modules/26.2/Combine.swiftmodule/arm64-apple-ios-simulator.swiftmodule' (in target 'InkOS' from project 'InkOS')
note: A dependency of Swift module 'SwiftUI': '/Applications/Xcode.app/Contents/Developer/Toolchains/XcodeDefault.xctoolchain/usr/lib/swift/iphonesimulator/prebuilt-modules/26.2/SwiftUI.swiftmodule/arm64-apple-ios-simulator.swiftmodule' (in target 'InkOS' from project 'InkOS')
note: A dependency of Swift module '_StringProcessing': '/Applications/Xcode.app/Contents/Developer/Toolchains/XcodeDefault.xctoolchain/usr/lib/swift/iphonesimulator/prebuilt-modules/26.2/_StringProcessing.swiftmodule/arm64-apple-ios-simulator.swiftmodule' (in target 'InkOS' from project 'InkOS')
note: A dependency of Swift module '_Concurrency': '/Applications/Xcode.app/Contents/Developer/Toolchains/XcodeDefault.xctoolchain/usr/lib/swift/iphonesimulator/prebuilt-modules/26.2/_Concurrency.swiftmodule/arm64-apple-ios-simulator.swiftmodule' (in target 'InkOS' from project 'InkOS')
note: A dependency of Swift module 'SwiftOnoneSupport': '/Applications/Xcode.app/Contents/Developer/Toolchains/XcodeDefault.xctoolchain/usr/lib/swift/iphonesimulator/prebuilt-modules/26.2/SwiftOnoneSupport.swiftmodule/arm64-apple-ios-simulator.swiftmodule' (in target 'InkOS' from project 'InkOS')
note: A dependency of Swift module 'Swift': '/Applications/Xcode.app/Contents/Developer/Toolchains/XcodeDefault.xctoolchain/usr/lib/swift/iphonesimulator/prebuilt-modules/26.2/Swift.swiftmodule/arm64-apple-ios-simulator.swiftmodule' (in target 'InkOS' from project 'InkOS')
note: A dependency of main module 'InkOS' (in target 'InkOS' from project 'InkOS')
note: A dependency of Swift module 'Swift': '/Applications/Xcode.app/Contents/Developer/Toolchains/XcodeDefault.xctoolchain/usr/lib/swift/iphonesimulator/prebuilt-modules/26.2/Swift.swiftmodule/arm64-apple-ios-simulator.swiftmodule' (in target 'InkOS' from project 'InkOS')
note: A dependency of Swift module 'os': '/Applications/Xcode.app/Contents/Developer/Toolchains/XcodeDefault.xctoolchain/usr/lib/swift/iphonesimulator/prebuilt-modules/26.2/os.swiftmodule/arm64-apple-ios-simulator.swiftmodule' (in target 'InkOS' from project 'InkOS')
note: A dependency of Swift module 'Swift': '/Applications/Xcode.app/Contents/Developer/Toolchains/XcodeDefault.xctoolchain/usr/lib/swift/iphonesimulator/prebuilt-modules/26.2/Swift.swiftmodule/arm64-apple-ios-simulator.swiftmodule' (in target 'InkOS' from project 'InkOS')
note: A dependency of Swift module 'Swift': '/Applications/Xcode.app/Contents/Developer/Toolchains/XcodeDefault.xctoolchain/usr/lib/swift/iphonesimulator/prebuilt-modules/26.2/Swift.swiftmodule/arm64-apple-ios-simulator.swiftmodule' (in target 'InkOS' from project 'InkOS')
note: A dependency of Swift module 'Observation': '/Applications/Xcode.app/Contents/Developer/Toolchains/XcodeDefault.xctoolchain/usr/lib/swift/iphonesimulator/prebuilt-modules/26.2/Observation.swiftmodule/arm64-apple-ios-simulator.swiftmodule' (in target 'InkOS' from project 'InkOS')
note: A dependency of Swift module 'ObjectiveC': '/Applications/Xcode.app/Contents/Developer/Toolchains/XcodeDefault.xctoolchain/usr/lib/swift/iphonesimulator/prebuilt-modules/26.2/ObjectiveC.swiftmodule/arm64-apple-ios-simulator.swiftmodule' (in target 'InkOS' from project 'InkOS')
note: A dependency of Swift module 'Dispatch': '/Applications/Xcode.app/Contents/Developer/Toolchains/XcodeDefault.xctoolchain/usr/lib/swift/iphonesimulator/prebuilt-modules/26.2/Dispatch.swiftmodule/arm64-apple-ios-simulator.swiftmodule' (in target 'InkOS' from project 'InkOS')
note: A dependency of Swift module 'CoreFoundation': '/Applications/Xcode.app/Contents/Developer/Toolchains/XcodeDefault.xctoolchain/usr/lib/swift/iphonesimulator/prebuilt-modules/26.2/CoreFoundation.swiftmodule/arm64-apple-ios-simulator.swiftmodule' (in target 'InkOS' from project 'InkOS')
note: A dependency of Swift module 'Foundation': '/Applications/Xcode.app/Contents/Developer/Toolchains/XcodeDefault.xctoolchain/usr/lib/swift/iphonesimulator/prebuilt-modules/26.2/Foundation.swiftmodule/arm64-apple-ios-simulator.swiftmodule' (in target 'InkOS' from project 'InkOS')
note: A dependency of Swift module 'CoreData': '/Applications/Xcode.app/Contents/Developer/Toolchains/XcodeDefault.xctoolchain/usr/lib/swift/iphonesimulator/prebuilt-modules/26.2/CoreData.swiftmodule/arm64-apple-ios-simulator.swiftmodule' (in target 'InkOS' from project 'InkOS')
note: A dependency of Swift module '_DarwinFoundation2': '/Applications/Xcode.app/Contents/Developer/Toolchains/XcodeDefault.xctoolchain/usr/lib/swift/iphonesimulator/prebuilt-modules/26.2/_DarwinFoundation2.swiftmodule/arm64-apple-ios-simulator.swiftmodule' (in target 'InkOS' from project 'InkOS')
note: A dependency of Swift module '_DarwinFoundation1': '/Applications/Xcode.app/Contents/Developer/Toolchains/XcodeDefault.xctoolchain/usr/lib/swift/iphonesimulator/prebuilt-modules/26.2/_DarwinFoundation1.swiftmodule/arm64-apple-ios-simulator.swiftmodule' (in target 'InkOS' from project 'InkOS')
note: A dependency of Swift module '_Builtin_float': '/Applications/Xcode.app/Contents/Developer/Toolchains/XcodeDefault.xctoolchain/usr/lib/swift/iphonesimulator/prebuilt-modules/26.2/_Builtin_float.swiftmodule/arm64-apple-ios-simulator.swiftmodule' (in target 'InkOS' from project 'InkOS')
note: A dependency of Swift module 'Swift': '/Applications/Xcode.app/Contents/Developer/Toolchains/XcodeDefault.xctoolchain/usr/lib/swift/iphonesimulator/prebuilt-modules/26.2/Swift.swiftmodule/arm64-apple-ios-simulator.swiftmodule' (in target 'InkOS' from project 'InkOS')
note: A dependency of Swift module 'Darwin': '/Applications/Xcode.app/Contents/Developer/Toolchains/XcodeDefault.xctoolchain/usr/lib/swift/iphonesimulator/prebuilt-modules/26.2/Darwin.swiftmodule/arm64-apple-ios-simulator.swiftmodule' (in target 'InkOS' from project 'InkOS')
note: A dependency of Swift module 'Combine': '/Applications/Xcode.app/Contents/Developer/Toolchains/XcodeDefault.xctoolchain/usr/lib/swift/iphonesimulator/prebuilt-modules/26.2/Combine.swiftmodule/arm64-apple-ios-simulator.swiftmodule' (in target 'InkOS' from project 'InkOS')
note: A dependency of Swift module 'SwiftUI': '/Applications/Xcode.app/Contents/Developer/Toolchains/XcodeDefault.xctoolchain/usr/lib/swift/iphonesimulator/prebuilt-modules/26.2/SwiftUI.swiftmodule/arm64-apple-ios-simulator.swiftmodule' (in target 'InkOS' from project 'InkOS')
note: A dependency of Swift module '_StringProcessing': '/Applications/Xcode.app/Contents/Developer/Toolchains/XcodeDefault.xctoolchain/usr/lib/swift/iphonesimulator/prebuilt-modules/26.2/_StringProcessing.swiftmodule/arm64-apple-ios-simulator.swiftmodule' (in target 'InkOS' from project 'InkOS')
note: A dependency of Swift module '_Concurrency': '/Applications/Xcode.app/Contents/Developer/Toolchains/XcodeDefault.xctoolchain/usr/lib/swift/iphonesimulator/prebuilt-modules/26.2/_Concurrency.swiftmodule/arm64-apple-ios-simulator.swiftmodule' (in target 'InkOS' from project 'InkOS')
note: A dependency of Swift module 'SwiftOnoneSupport': '/Applications/Xcode.app/Contents/Developer/Toolchains/XcodeDefault.xctoolchain/usr/lib/swift/iphonesimulator/prebuilt-modules/26.2/SwiftOnoneSupport.swiftmodule/arm64-apple-ios-simulator.swiftmodule' (in target 'InkOS' from project 'InkOS')
note: A dependency of Swift module 'Swift': '/Applications/Xcode.app/Contents/Developer/Toolchains/XcodeDefault.xctoolchain/usr/lib/swift/iphonesimulator/prebuilt-modules/26.2/Swift.swiftmodule/arm64-apple-ios-simulator.swiftmodule' (in target 'InkOS' from project 'InkOS')
note: A dependency of main module 'InkOS' (in target 'InkOS' from project 'InkOS')
note: A dependency of Swift module 'Swift': '/Applications/Xcode.app/Contents/Developer/Toolchains/XcodeDefault.xctoolchain/usr/lib/swift/iphonesimulator/prebuilt-modules/26.2/Swift.swiftmodule/arm64-apple-ios-simulator.swiftmodule' (in target 'InkOS' from project 'InkOS')
note: A dependency of Swift module 'Swift': '/Applications/Xcode.app/Contents/Developer/Toolchains/XcodeDefault.xctoolchain/usr/lib/swift/iphonesimulator/prebuilt-modules/26.2/Swift.swiftmodule/arm64-apple-ios-simulator.swiftmodule' (in target 'InkOS' from project 'InkOS')
note: A dependency of Swift module 'Observation': '/Applications/Xcode.app/Contents/Developer/Toolchains/XcodeDefault.xctoolchain/usr/lib/swift/iphonesimulator/prebuilt-modules/26.2/Observation.swiftmodule/arm64-apple-ios-simulator.swiftmodule' (in target 'InkOS' from project 'InkOS')
note: A dependency of Swift module 'ObjectiveC': '/Applications/Xcode.app/Contents/Developer/Toolchains/XcodeDefault.xctoolchain/usr/lib/swift/iphonesimulator/prebuilt-modules/26.2/ObjectiveC.swiftmodule/arm64-apple-ios-simulator.swiftmodule' (in target 'InkOS' from project 'InkOS')
note: A dependency of Swift module 'Dispatch': '/Applications/Xcode.app/Contents/Developer/Toolchains/XcodeDefault.xctoolchain/usr/lib/swift/iphonesimulator/prebuilt-modules/26.2/Dispatch.swiftmodule/arm64-apple-ios-simulator.swiftmodule' (in target 'InkOS' from project 'InkOS')
note: A dependency of Swift module 'CoreFoundation': '/Applications/Xcode.app/Contents/Developer/Toolchains/XcodeDefault.xctoolchain/usr/lib/swift/iphonesimulator/prebuilt-modules/26.2/CoreFoundation.swiftmodule/arm64-apple-ios-simulator.swiftmodule' (in target 'InkOS' from project 'InkOS')
note: A dependency of Swift module 'Foundation': '/Applications/Xcode.app/Contents/Developer/Toolchains/XcodeDefault.xctoolchain/usr/lib/swift/iphonesimulator/prebuilt-modules/26.2/Foundation.swiftmodule/arm64-apple-ios-simulator.swiftmodule' (in target 'InkOS' from project 'InkOS')
note: A dependency of Swift module 'CoreData': '/Applications/Xcode.app/Contents/Developer/Toolchains/XcodeDefault.xctoolchain/usr/lib/swift/iphonesimulator/prebuilt-modules/26.2/CoreData.swiftmodule/arm64-apple-ios-simulator.swiftmodule' (in target 'InkOS' from project 'InkOS')
note: A dependency of Swift module '_DarwinFoundation2': '/Applications/Xcode.app/Contents/Developer/Toolchains/XcodeDefault.xctoolchain/usr/lib/swift/iphonesimulator/prebuilt-modules/26.2/_DarwinFoundation2.swiftmodule/arm64-apple-ios-simulator.swiftmodule' (in target 'InkOS' from project 'InkOS')
note: A dependency of Swift module '_DarwinFoundation1': '/Applications/Xcode.app/Contents/Developer/Toolchains/XcodeDefault.xctoolchain/usr/lib/swift/iphonesimulator/prebuilt-modules/26.2/_DarwinFoundation1.swiftmodule/arm64-apple-ios-simulator.swiftmodule' (in target 'InkOS' from project 'InkOS')
note: A dependency of Swift module '_Builtin_float': '/Applications/Xcode.app/Contents/Developer/Toolchains/XcodeDefault.xctoolchain/usr/lib/swift/iphonesimulator/prebuilt-modules/26.2/_Builtin_float.swiftmodule/arm64-apple-ios-simulator.swiftmodule' (in target 'InkOS' from project 'InkOS')
note: A dependency of Swift module 'Swift': '/Applications/Xcode.app/Contents/Developer/Toolchains/XcodeDefault.xctoolchain/usr/lib/swift/iphonesimulator/prebuilt-modules/26.2/Swift.swiftmodule/arm64-apple-ios-simulator.swiftmodule' (in target 'InkOS' from project 'InkOS')
note: A dependency of Swift module 'Darwin': '/Applications/Xcode.app/Contents/Developer/Toolchains/XcodeDefault.xctoolchain/usr/lib/swift/iphonesimulator/prebuilt-modules/26.2/Darwin.swiftmodule/arm64-apple-ios-simulator.swiftmodule' (in target 'InkOS' from project 'InkOS')
note: A dependency of Swift module 'Combine': '/Applications/Xcode.app/Contents/Developer/Toolchains/XcodeDefault.xctoolchain/usr/lib/swift/iphonesimulator/prebuilt-modules/26.2/Combine.swiftmodule/arm64-apple-ios-simulator.swiftmodule' (in target 'InkOS' from project 'InkOS')
note: A dependency of Swift module 'SwiftUI': '/Applications/Xcode.app/Contents/Developer/Toolchains/XcodeDefault.xctoolchain/usr/lib/swift/iphonesimulator/prebuilt-modules/26.2/SwiftUI.swiftmodule/arm64-apple-ios-simulator.swiftmodule' (in target 'InkOS' from project 'InkOS')
note: A dependency of Swift module '_StringProcessing': '/Applications/Xcode.app/Contents/Developer/Toolchains/XcodeDefault.xctoolchain/usr/lib/swift/iphonesimulator/prebuilt-modules/26.2/_StringProcessing.swiftmodule/arm64-apple-ios-simulator.swiftmodule' (in target 'InkOS' from project 'InkOS')
note: A dependency of Swift module '_Concurrency': '/Applications/Xcode.app/Contents/Developer/Toolchains/XcodeDefault.xctoolchain/usr/lib/swift/iphonesimulator/prebuilt-modules/26.2/_Concurrency.swiftmodule/arm64-apple-ios-simulator.swiftmodule' (in target 'InkOS' from project 'InkOS')
note: A dependency of Swift module 'SwiftOnoneSupport': '/Applications/Xcode.app/Contents/Developer/Toolchains/XcodeDefault.xctoolchain/usr/lib/swift/iphonesimulator/prebuilt-modules/26.2/SwiftOnoneSupport.swiftmodule/arm64-apple-ios-simulator.swiftmodule' (in target 'InkOS' from project 'InkOS')
note: A dependency of Swift module 'Swift': '/Applications/Xcode.app/Contents/Developer/Toolchains/XcodeDefault.xctoolchain/usr/lib/swift/iphonesimulator/prebuilt-modules/26.2/Swift.swiftmodule/arm64-apple-ios-simulator.swiftmodule' (in target 'InkOS' from project 'InkOS')
note: A dependency of main module 'InkOS' (in target 'InkOS' from project 'InkOS')
note: A dependency of Swift module 'Swift': '/Applications/Xcode.app/Contents/Developer/Toolchains/XcodeDefault.xctoolchain/usr/lib/swift/iphonesimulator/prebuilt-modules/26.2/Swift.swiftmodule/arm64-apple-ios-simulator.swiftmodule' (in target 'InkOS' from project 'InkOS')
note: A dependency of Swift module 'System': '/Applications/Xcode.app/Contents/Developer/Toolchains/XcodeDefault.xctoolchain/usr/lib/swift/iphonesimulator/prebuilt-modules/26.2/System.swiftmodule/arm64-apple-ios-simulator.swiftmodule' (in target 'InkOS' from project 'InkOS')
note: A dependency of Swift module 'Swift': '/Applications/Xcode.app/Contents/Developer/Toolchains/XcodeDefault.xctoolchain/usr/lib/swift/iphonesimulator/prebuilt-modules/26.2/Swift.swiftmodule/arm64-apple-ios-simulator.swiftmodule' (in target 'InkOS' from project 'InkOS')
note: A dependency of Swift module 'Observation': '/Applications/Xcode.app/Contents/Developer/Toolchains/XcodeDefault.xctoolchain/usr/lib/swift/iphonesimulator/prebuilt-modules/26.2/Observation.swiftmodule/arm64-apple-ios-simulator.swiftmodule' (in target 'InkOS' from project 'InkOS')
note: A dependency of Swift module 'ObjectiveC': '/Applications/Xcode.app/Contents/Developer/Toolchains/XcodeDefault.xctoolchain/usr/lib/swift/iphonesimulator/prebuilt-modules/26.2/ObjectiveC.swiftmodule/arm64-apple-ios-simulator.swiftmodule' (in target 'InkOS' from project 'InkOS')
note: A dependency of Swift module 'Dispatch': '/Applications/Xcode.app/Contents/Developer/Toolchains/XcodeDefault.xctoolchain/usr/lib/swift/iphonesimulator/prebuilt-modules/26.2/Dispatch.swiftmodule/arm64-apple-ios-simulator.swiftmodule' (in target 'InkOS' from project 'InkOS')
note: A dependency of Swift module 'CoreFoundation': '/Applications/Xcode.app/Contents/Developer/Toolchains/XcodeDefault.xctoolchain/usr/lib/swift/iphonesimulator/prebuilt-modules/26.2/CoreFoundation.swiftmodule/arm64-apple-ios-simulator.swiftmodule' (in target 'InkOS' from project 'InkOS')
note: A dependency of Swift module 'Foundation': '/Applications/Xcode.app/Contents/Developer/Toolchains/XcodeDefault.xctoolchain/usr/lib/swift/iphonesimulator/prebuilt-modules/26.2/Foundation.swiftmodule/arm64-apple-ios-simulator.swiftmodule' (in target 'InkOS' from project 'InkOS')
note: A dependency of Swift module 'CoreData': '/Applications/Xcode.app/Contents/Developer/Toolchains/XcodeDefault.xctoolchain/usr/lib/swift/iphonesimulator/prebuilt-modules/26.2/CoreData.swiftmodule/arm64-apple-ios-simulator.swiftmodule' (in target 'InkOS' from project 'InkOS')
note: A dependency of Swift module '_DarwinFoundation2': '/Applications/Xcode.app/Contents/Developer/Toolchains/XcodeDefault.xctoolchain/usr/lib/swift/iphonesimulator/prebuilt-modules/26.2/_DarwinFoundation2.swiftmodule/arm64-apple-ios-simulator.swiftmodule' (in target 'InkOS' from project 'InkOS')
note: A dependency of Swift module '_DarwinFoundation1': '/Applications/Xcode.app/Contents/Developer/Toolchains/XcodeDefault.xctoolchain/usr/lib/swift/iphonesimulator/prebuilt-modules/26.2/_DarwinFoundation1.swiftmodule/arm64-apple-ios-simulator.swiftmodule' (in target 'InkOS' from project 'InkOS')
note: A dependency of Swift module '_Builtin_float': '/Applications/Xcode.app/Contents/Developer/Toolchains/XcodeDefault.xctoolchain/usr/lib/swift/iphonesimulator/prebuilt-modules/26.2/_Builtin_float.swiftmodule/arm64-apple-ios-simulator.swiftmodule' (in target 'InkOS' from project 'InkOS')
note: A dependency of Swift module 'Swift': '/Applications/Xcode.app/Contents/Developer/Toolchains/XcodeDefault.xctoolchain/usr/lib/swift/iphonesimulator/prebuilt-modules/26.2/Swift.swiftmodule/arm64-apple-ios-simulator.swiftmodule' (in target 'InkOS' from project 'InkOS')
note: A dependency of Swift module 'Darwin': '/Applications/Xcode.app/Contents/Developer/Toolchains/XcodeDefault.xctoolchain/usr/lib/swift/iphonesimulator/prebuilt-modules/26.2/Darwin.swiftmodule/arm64-apple-ios-simulator.swiftmodule' (in target 'InkOS' from project 'InkOS')
note: A dependency of Swift module 'Combine': '/Applications/Xcode.app/Contents/Developer/Toolchains/XcodeDefault.xctoolchain/usr/lib/swift/iphonesimulator/prebuilt-modules/26.2/Combine.swiftmodule/arm64-apple-ios-simulator.swiftmodule' (in target 'InkOS' from project 'InkOS')
note: A dependency of Swift module 'SwiftUI': '/Applications/Xcode.app/Contents/Developer/Toolchains/XcodeDefault.xctoolchain/usr/lib/swift/iphonesimulator/prebuilt-modules/26.2/SwiftUI.swiftmodule/arm64-apple-ios-simulator.swiftmodule' (in target 'InkOS' from project 'InkOS')
note: A dependency of Swift module '_StringProcessing': '/Applications/Xcode.app/Contents/Developer/Toolchains/XcodeDefault.xctoolchain/usr/lib/swift/iphonesimulator/prebuilt-modules/26.2/_StringProcessing.swiftmodule/arm64-apple-ios-simulator.swiftmodule' (in target 'InkOS' from project 'InkOS')
note: A dependency of Swift module '_Concurrency': '/Applications/Xcode.app/Contents/Developer/Toolchains/XcodeDefault.xctoolchain/usr/lib/swift/iphonesimulator/prebuilt-modules/26.2/_Concurrency.swiftmodule/arm64-apple-ios-simulator.swiftmodule' (in target 'InkOS' from project 'InkOS')
note: A dependency of Swift module 'SwiftOnoneSupport': '/Applications/Xcode.app/Contents/Developer/Toolchains/XcodeDefault.xctoolchain/usr/lib/swift/iphonesimulator/prebuilt-modules/26.2/SwiftOnoneSupport.swiftmodule/arm64-apple-ios-simulator.swiftmodule' (in target 'InkOS' from project 'InkOS')
note: A dependency of Swift module 'Swift': '/Applications/Xcode.app/Contents/Developer/Toolchains/XcodeDefault.xctoolchain/usr/lib/swift/iphonesimulator/prebuilt-modules/26.2/Swift.swiftmodule/arm64-apple-ios-simulator.swiftmodule' (in target 'InkOS' from project 'InkOS')
note: A dependency of main module 'InkOS' (in target 'InkOS' from project 'InkOS')
note: A dependency of Swift module 'Swift': '/Applications/Xcode.app/Contents/Developer/Toolchains/XcodeDefault.xctoolchain/usr/lib/swift/iphonesimulator/prebuilt-modules/26.2/Swift.swiftmodule/arm64-apple-ios-simulator.swiftmodule' (in target 'InkOS' from project 'InkOS')
note: A dependency of Swift module 'Observation': '/Applications/Xcode.app/Contents/Developer/Toolchains/XcodeDefault.xctoolchain/usr/lib/swift/iphonesimulator/prebuilt-modules/26.2/Observation.swiftmodule/arm64-apple-ios-simulator.swiftmodule' (in target 'InkOS' from project 'InkOS')
note: A dependency of Swift module 'ObjectiveC': '/Applications/Xcode.app/Contents/Developer/Toolchains/XcodeDefault.xctoolchain/usr/lib/swift/iphonesimulator/prebuilt-modules/26.2/ObjectiveC.swiftmodule/arm64-apple-ios-simulator.swiftmodule' (in target 'InkOS' from project 'InkOS')
note: A dependency of Swift module 'Dispatch': '/Applications/Xcode.app/Contents/Developer/Toolchains/XcodeDefault.xctoolchain/usr/lib/swift/iphonesimulator/prebuilt-modules/26.2/Dispatch.swiftmodule/arm64-apple-ios-simulator.swiftmodule' (in target 'InkOS' from project 'InkOS')
note: A dependency of Swift module 'CoreFoundation': '/Applications/Xcode.app/Contents/Developer/Toolchains/XcodeDefault.xctoolchain/usr/lib/swift/iphonesimulator/prebuilt-modules/26.2/CoreFoundation.swiftmodule/arm64-apple-ios-simulator.swiftmodule' (in target 'InkOS' from project 'InkOS')
note: A dependency of Swift module 'Foundation': '/Applications/Xcode.app/Contents/Developer/Toolchains/XcodeDefault.xctoolchain/usr/lib/swift/iphonesimulator/prebuilt-modules/26.2/Foundation.swiftmodule/arm64-apple-ios-simulator.swiftmodule' (in target 'InkOS' from project 'InkOS')
note: A dependency of Swift module 'CoreData': '/Applications/Xcode.app/Contents/Developer/Toolchains/XcodeDefault.xctoolchain/usr/lib/swift/iphonesimulator/prebuilt-modules/26.2/CoreData.swiftmodule/arm64-apple-ios-simulator.swiftmodule' (in target 'InkOS' from project 'InkOS')
note: A dependency of Swift module '_DarwinFoundation2': '/Applications/Xcode.app/Contents/Developer/Toolchains/XcodeDefault.xctoolchain/usr/lib/swift/iphonesimulator/prebuilt-modules/26.2/_DarwinFoundation2.swiftmodule/arm64-apple-ios-simulator.swiftmodule' (in target 'InkOS' from project 'InkOS')
note: A dependency of Swift module '_DarwinFoundation1': '/Applications/Xcode.app/Contents/Developer/Toolchains/XcodeDefault.xctoolchain/usr/lib/swift/iphonesimulator/prebuilt-modules/26.2/_DarwinFoundation1.swiftmodule/arm64-apple-ios-simulator.swiftmodule' (in target 'InkOS' from project 'InkOS')
note: A dependency of Swift module '_Builtin_float': '/Applications/Xcode.app/Contents/Developer/Toolchains/XcodeDefault.xctoolchain/usr/lib/swift/iphonesimulator/prebuilt-modules/26.2/_Builtin_float.swiftmodule/arm64-apple-ios-simulator.swiftmodule' (in target 'InkOS' from project 'InkOS')
note: A dependency of Swift module 'Swift': '/Applications/Xcode.app/Contents/Developer/Toolchains/XcodeDefault.xctoolchain/usr/lib/swift/iphonesimulator/prebuilt-modules/26.2/Swift.swiftmodule/arm64-apple-ios-simulator.swiftmodule' (in target 'InkOS' from project 'InkOS')
note: A dependency of Swift module 'Darwin': '/Applications/Xcode.app/Contents/Developer/Toolchains/XcodeDefault.xctoolchain/usr/lib/swift/iphonesimulator/prebuilt-modules/26.2/Darwin.swiftmodule/arm64-apple-ios-simulator.swiftmodule' (in target 'InkOS' from project 'InkOS')
note: A dependency of Swift module 'Combine': '/Applications/Xcode.app/Contents/Developer/Toolchains/XcodeDefault.xctoolchain/usr/lib/swift/iphonesimulator/prebuilt-modules/26.2/Combine.swiftmodule/arm64-apple-ios-simulator.swiftmodule' (in target 'InkOS' from project 'InkOS')
note: A dependency of Swift module 'SwiftUI': '/Applications/Xcode.app/Contents/Developer/Toolchains/XcodeDefault.xctoolchain/usr/lib/swift/iphonesimulator/prebuilt-modules/26.2/SwiftUI.swiftmodule/arm64-apple-ios-simulator.swiftmodule' (in target 'InkOS' from project 'InkOS')
note: A dependency of Swift module '_StringProcessing': '/Applications/Xcode.app/Contents/Developer/Toolchains/XcodeDefault.xctoolchain/usr/lib/swift/iphonesimulator/prebuilt-modules/26.2/_StringProcessing.swiftmodule/arm64-apple-ios-simulator.swiftmodule' (in target 'InkOS' from project 'InkOS')
note: A dependency of Swift module '_Concurrency': '/Applications/Xcode.app/Contents/Developer/Toolchains/XcodeDefault.xctoolchain/usr/lib/swift/iphonesimulator/prebuilt-modules/26.2/_Concurrency.swiftmodule/arm64-apple-ios-simulator.swiftmodule' (in target 'InkOS' from project 'InkOS')
note: A dependency of Swift module 'SwiftOnoneSupport': '/Applications/Xcode.app/Contents/Developer/Toolchains/XcodeDefault.xctoolchain/usr/lib/swift/iphonesimulator/prebuilt-modules/26.2/SwiftOnoneSupport.swiftmodule/arm64-apple-ios-simulator.swiftmodule' (in target 'InkOS' from project 'InkOS')
note: A dependency of Swift module 'Swift': '/Applications/Xcode.app/Contents/Developer/Toolchains/XcodeDefault.xctoolchain/usr/lib/swift/iphonesimulator/prebuilt-modules/26.2/Swift.swiftmodule/arm64-apple-ios-simulator.swiftmodule' (in target 'InkOS' from project 'InkOS')
note: A dependency of main module 'InkOS' (in target 'InkOS' from project 'InkOS')
note: A dependency of Swift module 'Swift': '/Applications/Xcode.app/Contents/Developer/Toolchains/XcodeDefault.xctoolchain/usr/lib/swift/iphonesimulator/prebuilt-modules/26.2/Swift.swiftmodule/arm64-apple-ios-simulator.swiftmodule' (in target 'InkOS' from project 'InkOS')
note: A dependency of Swift module 'Observation': '/Applications/Xcode.app/Contents/Developer/Toolchains/XcodeDefault.xctoolchain/usr/lib/swift/iphonesimulator/prebuilt-modules/26.2/Observation.swiftmodule/arm64-apple-ios-simulator.swiftmodule' (in target 'InkOS' from project 'InkOS')
note: A dependency of Swift module 'ObjectiveC': '/Applications/Xcode.app/Contents/Developer/Toolchains/XcodeDefault.xctoolchain/usr/lib/swift/iphonesimulator/prebuilt-modules/26.2/ObjectiveC.swiftmodule/arm64-apple-ios-simulator.swiftmodule' (in target 'InkOS' from project 'InkOS')
note: A dependency of Swift module 'Dispatch': '/Applications/Xcode.app/Contents/Developer/Toolchains/XcodeDefault.xctoolchain/usr/lib/swift/iphonesimulator/prebuilt-modules/26.2/Dispatch.swiftmodule/arm64-apple-ios-simulator.swiftmodule' (in target 'InkOS' from project 'InkOS')
note: A dependency of Swift module 'CoreFoundation': '/Applications/Xcode.app/Contents/Developer/Toolchains/XcodeDefault.xctoolchain/usr/lib/swift/iphonesimulator/prebuilt-modules/26.2/CoreFoundation.swiftmodule/arm64-apple-ios-simulator.swiftmodule' (in target 'InkOS' from project 'InkOS')
note: A dependency of Swift module 'Foundation': '/Applications/Xcode.app/Contents/Developer/Toolchains/XcodeDefault.xctoolchain/usr/lib/swift/iphonesimulator/prebuilt-modules/26.2/Foundation.swiftmodule/arm64-apple-ios-simulator.swiftmodule' (in target 'InkOS' from project 'InkOS')
note: A dependency of Swift module 'CoreData': '/Applications/Xcode.app/Contents/Developer/Toolchains/XcodeDefault.xctoolchain/usr/lib/swift/iphonesimulator/prebuilt-modules/26.2/CoreData.swiftmodule/arm64-apple-ios-simulator.swiftmodule' (in target 'InkOS' from project 'InkOS')
note: A dependency of Swift module '_DarwinFoundation2': '/Applications/Xcode.app/Contents/Developer/Toolchains/XcodeDefault.xctoolchain/usr/lib/swift/iphonesimulator/prebuilt-modules/26.2/_DarwinFoundation2.swiftmodule/arm64-apple-ios-simulator.swiftmodule' (in target 'InkOS' from project 'InkOS')
note: A dependency of Swift module '_DarwinFoundation1': '/Applications/Xcode.app/Contents/Developer/Toolchains/XcodeDefault.xctoolchain/usr/lib/swift/iphonesimulator/prebuilt-modules/26.2/_DarwinFoundation1.swiftmodule/arm64-apple-ios-simulator.swiftmodule' (in target 'InkOS' from project 'InkOS')
note: A dependency of Swift module '_Builtin_float': '/Applications/Xcode.app/Contents/Developer/Toolchains/XcodeDefault.xctoolchain/usr/lib/swift/iphonesimulator/prebuilt-modules/26.2/_Builtin_float.swiftmodule/arm64-apple-ios-simulator.swiftmodule' (in target 'InkOS' from project 'InkOS')
note: A dependency of Swift module 'Swift': '/Applications/Xcode.app/Contents/Developer/Toolchains/XcodeDefault.xctoolchain/usr/lib/swift/iphonesimulator/prebuilt-modules/26.2/Swift.swiftmodule/arm64-apple-ios-simulator.swiftmodule' (in target 'InkOS' from project 'InkOS')
note: A dependency of Swift module 'Darwin': '/Applications/Xcode.app/Contents/Developer/Toolchains/XcodeDefault.xctoolchain/usr/lib/swift/iphonesimulator/prebuilt-modules/26.2/Darwin.swiftmodule/arm64-apple-ios-simulator.swiftmodule' (in target 'InkOS' from project 'InkOS')
note: A dependency of Swift module 'Combine': '/Applications/Xcode.app/Contents/Developer/Toolchains/XcodeDefault.xctoolchain/usr/lib/swift/iphonesimulator/prebuilt-modules/26.2/Combine.swiftmodule/arm64-apple-ios-simulator.swiftmodule' (in target 'InkOS' from project 'InkOS')
note: A dependency of Swift module 'SwiftUI': '/Applications/Xcode.app/Contents/Developer/Toolchains/XcodeDefault.xctoolchain/usr/lib/swift/iphonesimulator/prebuilt-modules/26.2/SwiftUI.swiftmodule/arm64-apple-ios-simulator.swiftmodule' (in target 'InkOS' from project 'InkOS')
note: A dependency of Swift module '_StringProcessing': '/Applications/Xcode.app/Contents/Developer/Toolchains/XcodeDefault.xctoolchain/usr/lib/swift/iphonesimulator/prebuilt-modules/26.2/_StringProcessing.swiftmodule/arm64-apple-ios-simulator.swiftmodule' (in target 'InkOS' from project 'InkOS')
note: A dependency of Swift module '_Concurrency': '/Applications/Xcode.app/Contents/Developer/Toolchains/XcodeDefault.xctoolchain/usr/lib/swift/iphonesimulator/prebuilt-modules/26.2/_Concurrency.swiftmodule/arm64-apple-ios-simulator.swiftmodule' (in target 'InkOS' from project 'InkOS')
note: A dependency of Swift module 'SwiftOnoneSupport': '/Applications/Xcode.app/Contents/Developer/Toolchains/XcodeDefault.xctoolchain/usr/lib/swift/iphonesimulator/prebuilt-modules/26.2/SwiftOnoneSupport.swiftmodule/arm64-apple-ios-simulator.swiftmodule' (in target 'InkOS' from project 'InkOS')
note: A dependency of Swift module 'Swift': '/Applications/Xcode.app/Contents/Developer/Toolchains/XcodeDefault.xctoolchain/usr/lib/swift/iphonesimulator/prebuilt-modules/26.2/Swift.swiftmodule/arm64-apple-ios-simulator.swiftmodule' (in target 'InkOS' from project 'InkOS')
note: A dependency of main module 'InkOS' (in target 'InkOS' from project 'InkOS')
note: A dependency of Swift module 'Swift': '/Applications/Xcode.app/Contents/Developer/Toolchains/XcodeDefault.xctoolchain/usr/lib/swift/iphonesimulator/prebuilt-modules/26.2/Swift.swiftmodule/arm64-apple-ios-simulator.swiftmodule' (in target 'InkOS' from project 'InkOS')
note: A dependency of Swift module 'ObjectiveC': '/Applications/Xcode.app/Contents/Developer/Toolchains/XcodeDefault.xctoolchain/usr/lib/swift/iphonesimulator/prebuilt-modules/26.2/ObjectiveC.swiftmodule/arm64-apple-ios-simulator.swiftmodule' (in target 'InkOS' from project 'InkOS')
note: A dependency of Swift module 'Dispatch': '/Applications/Xcode.app/Contents/Developer/Toolchains/XcodeDefault.xctoolchain/usr/lib/swift/iphonesimulator/prebuilt-modules/26.2/Dispatch.swiftmodule/arm64-apple-ios-simulator.swiftmodule' (in target 'InkOS' from project 'InkOS')
note: A dependency of Swift module 'CoreFoundation': '/Applications/Xcode.app/Contents/Developer/Toolchains/XcodeDefault.xctoolchain/usr/lib/swift/iphonesimulator/prebuilt-modules/26.2/CoreFoundation.swiftmodule/arm64-apple-ios-simulator.swiftmodule' (in target 'InkOS' from project 'InkOS')
note: A dependency of Swift module 'Foundation': '/Applications/Xcode.app/Contents/Developer/Toolchains/XcodeDefault.xctoolchain/usr/lib/swift/iphonesimulator/prebuilt-modules/26.2/Foundation.swiftmodule/arm64-apple-ios-simulator.swiftmodule' (in target 'InkOS' from project 'InkOS')
note: A dependency of Swift module 'CoreData': '/Applications/Xcode.app/Contents/Developer/Toolchains/XcodeDefault.xctoolchain/usr/lib/swift/iphonesimulator/prebuilt-modules/26.2/CoreData.swiftmodule/arm64-apple-ios-simulator.swiftmodule' (in target 'InkOS' from project 'InkOS')
note: A dependency of Swift module '_DarwinFoundation2': '/Applications/Xcode.app/Contents/Developer/Toolchains/XcodeDefault.xctoolchain/usr/lib/swift/iphonesimulator/prebuilt-modules/26.2/_DarwinFoundation2.swiftmodule/arm64-apple-ios-simulator.swiftmodule' (in target 'InkOS' from project 'InkOS')
note: A dependency of Swift module '_DarwinFoundation1': '/Applications/Xcode.app/Contents/Developer/Toolchains/XcodeDefault.xctoolchain/usr/lib/swift/iphonesimulator/prebuilt-modules/26.2/_DarwinFoundation1.swiftmodule/arm64-apple-ios-simulator.swiftmodule' (in target 'InkOS' from project 'InkOS')
note: A dependency of Swift module '_Builtin_float': '/Applications/Xcode.app/Contents/Developer/Toolchains/XcodeDefault.xctoolchain/usr/lib/swift/iphonesimulator/prebuilt-modules/26.2/_Builtin_float.swiftmodule/arm64-apple-ios-simulator.swiftmodule' (in target 'InkOS' from project 'InkOS')
note: A dependency of Swift module 'Swift': '/Applications/Xcode.app/Contents/Developer/Toolchains/XcodeDefault.xctoolchain/usr/lib/swift/iphonesimulator/prebuilt-modules/26.2/Swift.swiftmodule/arm64-apple-ios-simulator.swiftmodule' (in target 'InkOS' from project 'InkOS')
note: A dependency of Swift module 'Darwin': '/Applications/Xcode.app/Contents/Developer/Toolchains/XcodeDefault.xctoolchain/usr/lib/swift/iphonesimulator/prebuilt-modules/26.2/Darwin.swiftmodule/arm64-apple-ios-simulator.swiftmodule' (in target 'InkOS' from project 'InkOS')
note: A dependency of Swift module 'Combine': '/Applications/Xcode.app/Contents/Developer/Toolchains/XcodeDefault.xctoolchain/usr/lib/swift/iphonesimulator/prebuilt-modules/26.2/Combine.swiftmodule/arm64-apple-ios-simulator.swiftmodule' (in target 'InkOS' from project 'InkOS')
note: A dependency of Swift module 'SwiftUI': '/Applications/Xcode.app/Contents/Developer/Toolchains/XcodeDefault.xctoolchain/usr/lib/swift/iphonesimulator/prebuilt-modules/26.2/SwiftUI.swiftmodule/arm64-apple-ios-simulator.swiftmodule' (in target 'InkOS' from project 'InkOS')
note: A dependency of Swift module '_StringProcessing': '/Applications/Xcode.app/Contents/Developer/Toolchains/XcodeDefault.xctoolchain/usr/lib/swift/iphonesimulator/prebuilt-modules/26.2/_StringProcessing.swiftmodule/arm64-apple-ios-simulator.swiftmodule' (in target 'InkOS' from project 'InkOS')
note: A dependency of Swift module '_Concurrency': '/Applications/Xcode.app/Contents/Developer/Toolchains/XcodeDefault.xctoolchain/usr/lib/swift/iphonesimulator/prebuilt-modules/26.2/_Concurrency.swiftmodule/arm64-apple-ios-simulator.swiftmodule' (in target 'InkOS' from project 'InkOS')
note: A dependency of Swift module 'SwiftOnoneSupport': '/Applications/Xcode.app/Contents/Developer/Toolchains/XcodeDefault.xctoolchain/usr/lib/swift/iphonesimulator/prebuilt-modules/26.2/SwiftOnoneSupport.swiftmodule/arm64-apple-ios-simulator.swiftmodule' (in target 'InkOS' from project 'InkOS')
note: A dependency of Swift module 'Swift': '/Applications/Xcode.app/Contents/Developer/Toolchains/XcodeDefault.xctoolchain/usr/lib/swift/iphonesimulator/prebuilt-modules/26.2/Swift.swiftmodule/arm64-apple-ios-simulator.swiftmodule' (in target 'InkOS' from project 'InkOS')
note: A dependency of main module 'InkOS' (in target 'InkOS' from project 'InkOS')
note: A dependency of Swift module 'Swift': '/Applications/Xcode.app/Contents/Developer/Toolchains/XcodeDefault.xctoolchain/usr/lib/swift/iphonesimulator/prebuilt-modules/26.2/Swift.swiftmodule/arm64-apple-ios-simulator.swiftmodule' (in target 'InkOS' from project 'InkOS')
note: A dependency of Swift module 'Dispatch': '/Applications/Xcode.app/Contents/Developer/Toolchains/XcodeDefault.xctoolchain/usr/lib/swift/iphonesimulator/prebuilt-modules/26.2/Dispatch.swiftmodule/arm64-apple-ios-simulator.swiftmodule' (in target 'InkOS' from project 'InkOS')
note: A dependency of Swift module 'CoreFoundation': '/Applications/Xcode.app/Contents/Developer/Toolchains/XcodeDefault.xctoolchain/usr/lib/swift/iphonesimulator/prebuilt-modules/26.2/CoreFoundation.swiftmodule/arm64-apple-ios-simulator.swiftmodule' (in target 'InkOS' from project 'InkOS')
note: A dependency of Swift module 'Foundation': '/Applications/Xcode.app/Contents/Developer/Toolchains/XcodeDefault.xctoolchain/usr/lib/swift/iphonesimulator/prebuilt-modules/26.2/Foundation.swiftmodule/arm64-apple-ios-simulator.swiftmodule' (in target 'InkOS' from project 'InkOS')
note: A dependency of Swift module 'CoreData': '/Applications/Xcode.app/Contents/Developer/Toolchains/XcodeDefault.xctoolchain/usr/lib/swift/iphonesimulator/prebuilt-modules/26.2/CoreData.swiftmodule/arm64-apple-ios-simulator.swiftmodule' (in target 'InkOS' from project 'InkOS')
note: A dependency of Swift module '_DarwinFoundation2': '/Applications/Xcode.app/Contents/Developer/Toolchains/XcodeDefault.xctoolchain/usr/lib/swift/iphonesimulator/prebuilt-modules/26.2/_DarwinFoundation2.swiftmodule/arm64-apple-ios-simulator.swiftmodule' (in target 'InkOS' from project 'InkOS')
note: A dependency of Swift module '_DarwinFoundation1': '/Applications/Xcode.app/Contents/Developer/Toolchains/XcodeDefault.xctoolchain/usr/lib/swift/iphonesimulator/prebuilt-modules/26.2/_DarwinFoundation1.swiftmodule/arm64-apple-ios-simulator.swiftmodule' (in target 'InkOS' from project 'InkOS')
note: A dependency of Swift module '_Builtin_float': '/Applications/Xcode.app/Contents/Developer/Toolchains/XcodeDefault.xctoolchain/usr/lib/swift/iphonesimulator/prebuilt-modules/26.2/_Builtin_float.swiftmodule/arm64-apple-ios-simulator.swiftmodule' (in target 'InkOS' from project 'InkOS')
note: A dependency of Swift module 'Swift': '/Applications/Xcode.app/Contents/Developer/Toolchains/XcodeDefault.xctoolchain/usr/lib/swift/iphonesimulator/prebuilt-modules/26.2/Swift.swiftmodule/arm64-apple-ios-simulator.swiftmodule' (in target 'InkOS' from project 'InkOS')
note: A dependency of Swift module 'Darwin': '/Applications/Xcode.app/Contents/Developer/Toolchains/XcodeDefault.xctoolchain/usr/lib/swift/iphonesimulator/prebuilt-modules/26.2/Darwin.swiftmodule/arm64-apple-ios-simulator.swiftmodule' (in target 'InkOS' from project 'InkOS')
note: A dependency of Swift module 'Combine': '/Applications/Xcode.app/Contents/Developer/Toolchains/XcodeDefault.xctoolchain/usr/lib/swift/iphonesimulator/prebuilt-modules/26.2/Combine.swiftmodule/arm64-apple-ios-simulator.swiftmodule' (in target 'InkOS' from project 'InkOS')
note: A dependency of Swift module 'SwiftUI': '/Applications/Xcode.app/Contents/Developer/Toolchains/XcodeDefault.xctoolchain/usr/lib/swift/iphonesimulator/prebuilt-modules/26.2/SwiftUI.swiftmodule/arm64-apple-ios-simulator.swiftmodule' (in target 'InkOS' from project 'InkOS')
note: A dependency of Swift module '_StringProcessing': '/Applications/Xcode.app/Contents/Developer/Toolchains/XcodeDefault.xctoolchain/usr/lib/swift/iphonesimulator/prebuilt-modules/26.2/_StringProcessing.swiftmodule/arm64-apple-ios-simulator.swiftmodule' (in target 'InkOS' from project 'InkOS')
note: A dependency of Swift module '_Concurrency': '/Applications/Xcode.app/Contents/Developer/Toolchains/XcodeDefault.xctoolchain/usr/lib/swift/iphonesimulator/prebuilt-modules/26.2/_Concurrency.swiftmodule/arm64-apple-ios-simulator.swiftmodule' (in target 'InkOS' from project 'InkOS')
note: A dependency of Swift module 'SwiftOnoneSupport': '/Applications/Xcode.app/Contents/Developer/Toolchains/XcodeDefault.xctoolchain/usr/lib/swift/iphonesimulator/prebuilt-modules/26.2/SwiftOnoneSupport.swiftmodule/arm64-apple-ios-simulator.swiftmodule' (in target 'InkOS' from project 'InkOS')
note: A dependency of Swift module 'Swift': '/Applications/Xcode.app/Contents/Developer/Toolchains/XcodeDefault.xctoolchain/usr/lib/swift/iphonesimulator/prebuilt-modules/26.2/Swift.swiftmodule/arm64-apple-ios-simulator.swiftmodule' (in target 'InkOS' from project 'InkOS')
note: A dependency of main module 'InkOS' (in target 'InkOS' from project 'InkOS')
note: A dependency of Swift module 'Swift': '/Applications/Xcode.app/Contents/Developer/Toolchains/XcodeDefault.xctoolchain/usr/lib/swift/iphonesimulator/prebuilt-modules/26.2/Swift.swiftmodule/arm64-apple-ios-simulator.swiftmodule' (in target 'InkOS' from project 'InkOS')
note: A dependency of Swift module 'CoreFoundation': '/Applications/Xcode.app/Contents/Developer/Toolchains/XcodeDefault.xctoolchain/usr/lib/swift/iphonesimulator/prebuilt-modules/26.2/CoreFoundation.swiftmodule/arm64-apple-ios-simulator.swiftmodule' (in target 'InkOS' from project 'InkOS')
note: A dependency of Swift module 'Foundation': '/Applications/Xcode.app/Contents/Developer/Toolchains/XcodeDefault.xctoolchain/usr/lib/swift/iphonesimulator/prebuilt-modules/26.2/Foundation.swiftmodule/arm64-apple-ios-simulator.swiftmodule' (in target 'InkOS' from project 'InkOS')
note: A dependency of Swift module 'CoreData': '/Applications/Xcode.app/Contents/Developer/Toolchains/XcodeDefault.xctoolchain/usr/lib/swift/iphonesimulator/prebuilt-modules/26.2/CoreData.swiftmodule/arm64-apple-ios-simulator.swiftmodule' (in target 'InkOS' from project 'InkOS')
note: A dependency of Swift module '_DarwinFoundation2': '/Applications/Xcode.app/Contents/Developer/Toolchains/XcodeDefault.xctoolchain/usr/lib/swift/iphonesimulator/prebuilt-modules/26.2/_DarwinFoundation2.swiftmodule/arm64-apple-ios-simulator.swiftmodule' (in target 'InkOS' from project 'InkOS')
note: A dependency of Swift module '_DarwinFoundation1': '/Applications/Xcode.app/Contents/Developer/Toolchains/XcodeDefault.xctoolchain/usr/lib/swift/iphonesimulator/prebuilt-modules/26.2/_DarwinFoundation1.swiftmodule/arm64-apple-ios-simulator.swiftmodule' (in target 'InkOS' from project 'InkOS')
note: A dependency of Swift module '_Builtin_float': '/Applications/Xcode.app/Contents/Developer/Toolchains/XcodeDefault.xctoolchain/usr/lib/swift/iphonesimulator/prebuilt-modules/26.2/_Builtin_float.swiftmodule/arm64-apple-ios-simulator.swiftmodule' (in target 'InkOS' from project 'InkOS')
note: A dependency of Swift module 'Swift': '/Applications/Xcode.app/Contents/Developer/Toolchains/XcodeDefault.xctoolchain/usr/lib/swift/iphonesimulator/prebuilt-modules/26.2/Swift.swiftmodule/arm64-apple-ios-simulator.swiftmodule' (in target 'InkOS' from project 'InkOS')
note: A dependency of Swift module 'Darwin': '/Applications/Xcode.app/Contents/Developer/Toolchains/XcodeDefault.xctoolchain/usr/lib/swift/iphonesimulator/prebuilt-modules/26.2/Darwin.swiftmodule/arm64-apple-ios-simulator.swiftmodule' (in target 'InkOS' from project 'InkOS')
note: A dependency of Swift module 'Combine': '/Applications/Xcode.app/Contents/Developer/Toolchains/XcodeDefault.xctoolchain/usr/lib/swift/iphonesimulator/prebuilt-modules/26.2/Combine.swiftmodule/arm64-apple-ios-simulator.swiftmodule' (in target 'InkOS' from project 'InkOS')
note: A dependency of Swift module 'SwiftUI': '/Applications/Xcode.app/Contents/Developer/Toolchains/XcodeDefault.xctoolchain/usr/lib/swift/iphonesimulator/prebuilt-modules/26.2/SwiftUI.swiftmodule/arm64-apple-ios-simulator.swiftmodule' (in target 'InkOS' from project 'InkOS')
note: A dependency of Swift module '_StringProcessing': '/Applications/Xcode.app/Contents/Developer/Toolchains/XcodeDefault.xctoolchain/usr/lib/swift/iphonesimulator/prebuilt-modules/26.2/_StringProcessing.swiftmodule/arm64-apple-ios-simulator.swiftmodule' (in target 'InkOS' from project 'InkOS')
note: A dependency of Swift module '_Concurrency': '/Applications/Xcode.app/Contents/Developer/Toolchains/XcodeDefault.xctoolchain/usr/lib/swift/iphonesimulator/prebuilt-modules/26.2/_Concurrency.swiftmodule/arm64-apple-ios-simulator.swiftmodule' (in target 'InkOS' from project 'InkOS')
note: A dependency of Swift module 'SwiftOnoneSupport': '/Applications/Xcode.app/Contents/Developer/Toolchains/XcodeDefault.xctoolchain/usr/lib/swift/iphonesimulator/prebuilt-modules/26.2/SwiftOnoneSupport.swiftmodule/arm64-apple-ios-simulator.swiftmodule' (in target 'InkOS' from project 'InkOS')
note: A dependency of Swift module 'Swift': '/Applications/Xcode.app/Contents/Developer/Toolchains/XcodeDefault.xctoolchain/usr/lib/swift/iphonesimulator/prebuilt-modules/26.2/Swift.swiftmodule/arm64-apple-ios-simulator.swiftmodule' (in target 'InkOS' from project 'InkOS')
note: A dependency of main module 'InkOS' (in target 'InkOS' from project 'InkOS')
note: A dependency of Swift module 'Swift': '/Applications/Xcode.app/Contents/Developer/Toolchains/XcodeDefault.xctoolchain/usr/lib/swift/iphonesimulator/prebuilt-modules/26.2/Swift.swiftmodule/arm64-apple-ios-simulator.swiftmodule' (in target 'InkOS' from project 'InkOS')
note: A dependency of Swift module '_DarwinFoundation2': '/Applications/Xcode.app/Contents/Developer/Toolchains/XcodeDefault.xctoolchain/usr/lib/swift/iphonesimulator/prebuilt-modules/26.2/_DarwinFoundation2.swiftmodule/arm64-apple-ios-simulator.swiftmodule' (in target 'InkOS' from project 'InkOS')
note: A dependency of Swift module '_DarwinFoundation1': '/Applications/Xcode.app/Contents/Developer/Toolchains/XcodeDefault.xctoolchain/usr/lib/swift/iphonesimulator/prebuilt-modules/26.2/_DarwinFoundation1.swiftmodule/arm64-apple-ios-simulator.swiftmodule' (in target 'InkOS' from project 'InkOS')
note: A dependency of Swift module '_Builtin_float': '/Applications/Xcode.app/Contents/Developer/Toolchains/XcodeDefault.xctoolchain/usr/lib/swift/iphonesimulator/prebuilt-modules/26.2/_Builtin_float.swiftmodule/arm64-apple-ios-simulator.swiftmodule' (in target 'InkOS' from project 'InkOS')
note: A dependency of Swift module 'Swift': '/Applications/Xcode.app/Contents/Developer/Toolchains/XcodeDefault.xctoolchain/usr/lib/swift/iphonesimulator/prebuilt-modules/26.2/Swift.swiftmodule/arm64-apple-ios-simulator.swiftmodule' (in target 'InkOS' from project 'InkOS')
note: A dependency of Swift module 'Darwin': '/Applications/Xcode.app/Contents/Developer/Toolchains/XcodeDefault.xctoolchain/usr/lib/swift/iphonesimulator/prebuilt-modules/26.2/Darwin.swiftmodule/arm64-apple-ios-simulator.swiftmodule' (in target 'InkOS' from project 'InkOS')
note: A dependency of Swift module 'Combine': '/Applications/Xcode.app/Contents/Developer/Toolchains/XcodeDefault.xctoolchain/usr/lib/swift/iphonesimulator/prebuilt-modules/26.2/Combine.swiftmodule/arm64-apple-ios-simulator.swiftmodule' (in target 'InkOS' from project 'InkOS')
note: A dependency of Swift module 'SwiftUI': '/Applications/Xcode.app/Contents/Developer/Toolchains/XcodeDefault.xctoolchain/usr/lib/swift/iphonesimulator/prebuilt-modules/26.2/SwiftUI.swiftmodule/arm64-apple-ios-simulator.swiftmodule' (in target 'InkOS' from project 'InkOS')
note: A dependency of Swift module '_StringProcessing': '/Applications/Xcode.app/Contents/Developer/Toolchains/XcodeDefault.xctoolchain/usr/lib/swift/iphonesimulator/prebuilt-modules/26.2/_StringProcessing.swiftmodule/arm64-apple-ios-simulator.swiftmodule' (in target 'InkOS' from project 'InkOS')
note: A dependency of Swift module '_Concurrency': '/Applications/Xcode.app/Contents/Developer/Toolchains/XcodeDefault.xctoolchain/usr/lib/swift/iphonesimulator/prebuilt-modules/26.2/_Concurrency.swiftmodule/arm64-apple-ios-simulator.swiftmodule' (in target 'InkOS' from project 'InkOS')
note: A dependency of Swift module 'SwiftOnoneSupport': '/Applications/Xcode.app/Contents/Developer/Toolchains/XcodeDefault.xctoolchain/usr/lib/swift/iphonesimulator/prebuilt-modules/26.2/SwiftOnoneSupport.swiftmodule/arm64-apple-ios-simulator.swiftmodule' (in target 'InkOS' from project 'InkOS')
note: A dependency of Swift module 'Swift': '/Applications/Xcode.app/Contents/Developer/Toolchains/XcodeDefault.xctoolchain/usr/lib/swift/iphonesimulator/prebuilt-modules/26.2/Swift.swiftmodule/arm64-apple-ios-simulator.swiftmodule' (in target 'InkOS' from project 'InkOS')
note: A dependency of main module 'InkOS' (in target 'InkOS' from project 'InkOS')
note: A dependency of Swift module 'Swift': '/Applications/Xcode.app/Contents/Developer/Toolchains/XcodeDefault.xctoolchain/usr/lib/swift/iphonesimulator/prebuilt-modules/26.2/Swift.swiftmodule/arm64-apple-ios-simulator.swiftmodule' (in target 'InkOS' from project 'InkOS')
note: A dependency of Swift module '_DarwinFoundation3': '/Applications/Xcode.app/Contents/Developer/Toolchains/XcodeDefault.xctoolchain/usr/lib/swift/iphonesimulator/prebuilt-modules/26.2/_DarwinFoundation3.swiftmodule/arm64-apple-ios-simulator.swiftmodule' (in target 'InkOS' from project 'InkOS')
note: A dependency of Swift module '_DarwinFoundation2': '/Applications/Xcode.app/Contents/Developer/Toolchains/XcodeDefault.xctoolchain/usr/lib/swift/iphonesimulator/prebuilt-modules/26.2/_DarwinFoundation2.swiftmodule/arm64-apple-ios-simulator.swiftmodule' (in target 'InkOS' from project 'InkOS')
note: A dependency of Swift module '_DarwinFoundation1': '/Applications/Xcode.app/Contents/Developer/Toolchains/XcodeDefault.xctoolchain/usr/lib/swift/iphonesimulator/prebuilt-modules/26.2/_DarwinFoundation1.swiftmodule/arm64-apple-ios-simulator.swiftmodule' (in target 'InkOS' from project 'InkOS')
note: A dependency of Swift module '_Builtin_float': '/Applications/Xcode.app/Contents/Developer/Toolchains/XcodeDefault.xctoolchain/usr/lib/swift/iphonesimulator/prebuilt-modules/26.2/_Builtin_float.swiftmodule/arm64-apple-ios-simulator.swiftmodule' (in target 'InkOS' from project 'InkOS')
note: A dependency of Swift module 'Swift': '/Applications/Xcode.app/Contents/Developer/Toolchains/XcodeDefault.xctoolchain/usr/lib/swift/iphonesimulator/prebuilt-modules/26.2/Swift.swiftmodule/arm64-apple-ios-simulator.swiftmodule' (in target 'InkOS' from project 'InkOS')
note: A dependency of Swift module 'Darwin': '/Applications/Xcode.app/Contents/Developer/Toolchains/XcodeDefault.xctoolchain/usr/lib/swift/iphonesimulator/prebuilt-modules/26.2/Darwin.swiftmodule/arm64-apple-ios-simulator.swiftmodule' (in target 'InkOS' from project 'InkOS')
note: A dependency of Swift module 'Combine': '/Applications/Xcode.app/Contents/Developer/Toolchains/XcodeDefault.xctoolchain/usr/lib/swift/iphonesimulator/prebuilt-modules/26.2/Combine.swiftmodule/arm64-apple-ios-simulator.swiftmodule' (in target 'InkOS' from project 'InkOS')
note: A dependency of Swift module 'SwiftUI': '/Applications/Xcode.app/Contents/Developer/Toolchains/XcodeDefault.xctoolchain/usr/lib/swift/iphonesimulator/prebuilt-modules/26.2/SwiftUI.swiftmodule/arm64-apple-ios-simulator.swiftmodule' (in target 'InkOS' from project 'InkOS')
note: A dependency of Swift module '_StringProcessing': '/Applications/Xcode.app/Contents/Developer/Toolchains/XcodeDefault.xctoolchain/usr/lib/swift/iphonesimulator/prebuilt-modules/26.2/_StringProcessing.swiftmodule/arm64-apple-ios-simulator.swiftmodule' (in target 'InkOS' from project 'InkOS')
note: A dependency of Swift module '_Concurrency': '/Applications/Xcode.app/Contents/Developer/Toolchains/XcodeDefault.xctoolchain/usr/lib/swift/iphonesimulator/prebuilt-modules/26.2/_Concurrency.swiftmodule/arm64-apple-ios-simulator.swiftmodule' (in target 'InkOS' from project 'InkOS')
note: A dependency of Swift module 'SwiftOnoneSupport': '/Applications/Xcode.app/Contents/Developer/Toolchains/XcodeDefault.xctoolchain/usr/lib/swift/iphonesimulator/prebuilt-modules/26.2/SwiftOnoneSupport.swiftmodule/arm64-apple-ios-simulator.swiftmodule' (in target 'InkOS' from project 'InkOS')
note: A dependency of Swift module 'Swift': '/Applications/Xcode.app/Contents/Developer/Toolchains/XcodeDefault.xctoolchain/usr/lib/swift/iphonesimulator/prebuilt-modules/26.2/Swift.swiftmodule/arm64-apple-ios-simulator.swiftmodule' (in target 'InkOS' from project 'InkOS')
note: A dependency of main module 'InkOS' (in target 'InkOS' from project 'InkOS')
note: A dependency of Swift module 'Swift': '/Applications/Xcode.app/Contents/Developer/Toolchains/XcodeDefault.xctoolchain/usr/lib/swift/iphonesimulator/prebuilt-modules/26.2/Swift.swiftmodule/arm64-apple-ios-simulator.swiftmodule' (in target 'InkOS' from project 'InkOS')
note: A dependency of Swift module '_DarwinFoundation2': '/Applications/Xcode.app/Contents/Developer/Toolchains/XcodeDefault.xctoolchain/usr/lib/swift/iphonesimulator/prebuilt-modules/26.2/_DarwinFoundation2.swiftmodule/arm64-apple-ios-simulator.swiftmodule' (in target 'InkOS' from project 'InkOS')
note: A dependency of Swift module '_DarwinFoundation1': '/Applications/Xcode.app/Contents/Developer/Toolchains/XcodeDefault.xctoolchain/usr/lib/swift/iphonesimulator/prebuilt-modules/26.2/_DarwinFoundation1.swiftmodule/arm64-apple-ios-simulator.swiftmodule' (in target 'InkOS' from project 'InkOS')
note: A dependency of Swift module '_Builtin_float': '/Applications/Xcode.app/Contents/Developer/Toolchains/XcodeDefault.xctoolchain/usr/lib/swift/iphonesimulator/prebuilt-modules/26.2/_Builtin_float.swiftmodule/arm64-apple-ios-simulator.swiftmodule' (in target 'InkOS' from project 'InkOS')
note: A dependency of Swift module 'Swift': '/Applications/Xcode.app/Contents/Developer/Toolchains/XcodeDefault.xctoolchain/usr/lib/swift/iphonesimulator/prebuilt-modules/26.2/Swift.swiftmodule/arm64-apple-ios-simulator.swiftmodule' (in target 'InkOS' from project 'InkOS')
note: A dependency of Swift module 'Darwin': '/Applications/Xcode.app/Contents/Developer/Toolchains/XcodeDefault.xctoolchain/usr/lib/swift/iphonesimulator/prebuilt-modules/26.2/Darwin.swiftmodule/arm64-apple-ios-simulator.swiftmodule' (in target 'InkOS' from project 'InkOS')
note: A dependency of Swift module 'Combine': '/Applications/Xcode.app/Contents/Developer/Toolchains/XcodeDefault.xctoolchain/usr/lib/swift/iphonesimulator/prebuilt-modules/26.2/Combine.swiftmodule/arm64-apple-ios-simulator.swiftmodule' (in target 'InkOS' from project 'InkOS')
note: A dependency of Swift module 'SwiftUI': '/Applications/Xcode.app/Contents/Developer/Toolchains/XcodeDefault.xctoolchain/usr/lib/swift/iphonesimulator/prebuilt-modules/26.2/SwiftUI.swiftmodule/arm64-apple-ios-simulator.swiftmodule' (in target 'InkOS' from project 'InkOS')
note: A dependency of Swift module '_StringProcessing': '/Applications/Xcode.app/Contents/Developer/Toolchains/XcodeDefault.xctoolchain/usr/lib/swift/iphonesimulator/prebuilt-modules/26.2/_StringProcessing.swiftmodule/arm64-apple-ios-simulator.swiftmodule' (in target 'InkOS' from project 'InkOS')
note: A dependency of Swift module '_Concurrency': '/Applications/Xcode.app/Contents/Developer/Toolchains/XcodeDefault.xctoolchain/usr/lib/swift/iphonesimulator/prebuilt-modules/26.2/_Concurrency.swiftmodule/arm64-apple-ios-simulator.swiftmodule' (in target 'InkOS' from project 'InkOS')
note: A dependency of Swift module 'SwiftOnoneSupport': '/Applications/Xcode.app/Contents/Developer/Toolchains/XcodeDefault.xctoolchain/usr/lib/swift/iphonesimulator/prebuilt-modules/26.2/SwiftOnoneSupport.swiftmodule/arm64-apple-ios-simulator.swiftmodule' (in target 'InkOS' from project 'InkOS')
note: A dependency of Swift module 'Swift': '/Applications/Xcode.app/Contents/Developer/Toolchains/XcodeDefault.xctoolchain/usr/lib/swift/iphonesimulator/prebuilt-modules/26.2/Swift.swiftmodule/arm64-apple-ios-simulator.swiftmodule' (in target 'InkOS' from project 'InkOS')
note: A dependency of main module 'InkOS' (in target 'InkOS' from project 'InkOS')
note: A dependency of Swift module 'Swift': '/Applications/Xcode.app/Contents/Developer/Toolchains/XcodeDefault.xctoolchain/usr/lib/swift/iphonesimulator/prebuilt-modules/26.2/Swift.swiftmodule/arm64-apple-ios-simulator.swiftmodule' (in target 'InkOS' from project 'InkOS')
note: A dependency of Swift module '_DarwinFoundation1': '/Applications/Xcode.app/Contents/Developer/Toolchains/XcodeDefault.xctoolchain/usr/lib/swift/iphonesimulator/prebuilt-modules/26.2/_DarwinFoundation1.swiftmodule/arm64-apple-ios-simulator.swiftmodule' (in target 'InkOS' from project 'InkOS')
note: A dependency of Swift module '_Builtin_float': '/Applications/Xcode.app/Contents/Developer/Toolchains/XcodeDefault.xctoolchain/usr/lib/swift/iphonesimulator/prebuilt-modules/26.2/_Builtin_float.swiftmodule/arm64-apple-ios-simulator.swiftmodule' (in target 'InkOS' from project 'InkOS')
note: A dependency of Swift module 'Swift': '/Applications/Xcode.app/Contents/Developer/Toolchains/XcodeDefault.xctoolchain/usr/lib/swift/iphonesimulator/prebuilt-modules/26.2/Swift.swiftmodule/arm64-apple-ios-simulator.swiftmodule' (in target 'InkOS' from project 'InkOS')
note: A dependency of Swift module 'Darwin': '/Applications/Xcode.app/Contents/Developer/Toolchains/XcodeDefault.xctoolchain/usr/lib/swift/iphonesimulator/prebuilt-modules/26.2/Darwin.swiftmodule/arm64-apple-ios-simulator.swiftmodule' (in target 'InkOS' from project 'InkOS')
note: A dependency of Swift module 'Combine': '/Applications/Xcode.app/Contents/Developer/Toolchains/XcodeDefault.xctoolchain/usr/lib/swift/iphonesimulator/prebuilt-modules/26.2/Combine.swiftmodule/arm64-apple-ios-simulator.swiftmodule' (in target 'InkOS' from project 'InkOS')
note: A dependency of Swift module 'SwiftUI': '/Applications/Xcode.app/Contents/Developer/Toolchains/XcodeDefault.xctoolchain/usr/lib/swift/iphonesimulator/prebuilt-modules/26.2/SwiftUI.swiftmodule/arm64-apple-ios-simulator.swiftmodule' (in target 'InkOS' from project 'InkOS')
note: A dependency of Swift module '_StringProcessing': '/Applications/Xcode.app/Contents/Developer/Toolchains/XcodeDefault.xctoolchain/usr/lib/swift/iphonesimulator/prebuilt-modules/26.2/_StringProcessing.swiftmodule/arm64-apple-ios-simulator.swiftmodule' (in target 'InkOS' from project 'InkOS')
note: A dependency of Swift module '_Concurrency': '/Applications/Xcode.app/Contents/Developer/Toolchains/XcodeDefault.xctoolchain/usr/lib/swift/iphonesimulator/prebuilt-modules/26.2/_Concurrency.swiftmodule/arm64-apple-ios-simulator.swiftmodule' (in target 'InkOS' from project 'InkOS')
note: A dependency of Swift module 'SwiftOnoneSupport': '/Applications/Xcode.app/Contents/Developer/Toolchains/XcodeDefault.xctoolchain/usr/lib/swift/iphonesimulator/prebuilt-modules/26.2/SwiftOnoneSupport.swiftmodule/arm64-apple-ios-simulator.swiftmodule' (in target 'InkOS' from project 'InkOS')
note: A dependency of Swift module 'Swift': '/Applications/Xcode.app/Contents/Developer/Toolchains/XcodeDefault.xctoolchain/usr/lib/swift/iphonesimulator/prebuilt-modules/26.2/Swift.swiftmodule/arm64-apple-ios-simulator.swiftmodule' (in target 'InkOS' from project 'InkOS')
note: A dependency of main module 'InkOS' (in target 'InkOS' from project 'InkOS')
note: A dependency of Swift module 'Swift': '/Applications/Xcode.app/Contents/Developer/Toolchains/XcodeDefault.xctoolchain/usr/lib/swift/iphonesimulator/prebuilt-modules/26.2/Swift.swiftmodule/arm64-apple-ios-simulator.swiftmodule' (in target 'InkOS' from project 'InkOS')
note: A dependency of Swift module '_Builtin_float': '/Applications/Xcode.app/Contents/Developer/Toolchains/XcodeDefault.xctoolchain/usr/lib/swift/iphonesimulator/prebuilt-modules/26.2/_Builtin_float.swiftmodule/arm64-apple-ios-simulator.swiftmodule' (in target 'InkOS' from project 'InkOS')
note: A dependency of Swift module 'Swift': '/Applications/Xcode.app/Contents/Developer/Toolchains/XcodeDefault.xctoolchain/usr/lib/swift/iphonesimulator/prebuilt-modules/26.2/Swift.swiftmodule/arm64-apple-ios-simulator.swiftmodule' (in target 'InkOS' from project 'InkOS')
note: A dependency of Swift module 'Darwin': '/Applications/Xcode.app/Contents/Developer/Toolchains/XcodeDefault.xctoolchain/usr/lib/swift/iphonesimulator/prebuilt-modules/26.2/Darwin.swiftmodule/arm64-apple-ios-simulator.swiftmodule' (in target 'InkOS' from project 'InkOS')
note: A dependency of Swift module 'Combine': '/Applications/Xcode.app/Contents/Developer/Toolchains/XcodeDefault.xctoolchain/usr/lib/swift/iphonesimulator/prebuilt-modules/26.2/Combine.swiftmodule/arm64-apple-ios-simulator.swiftmodule' (in target 'InkOS' from project 'InkOS')
note: A dependency of Swift module 'SwiftUI': '/Applications/Xcode.app/Contents/Developer/Toolchains/XcodeDefault.xctoolchain/usr/lib/swift/iphonesimulator/prebuilt-modules/26.2/SwiftUI.swiftmodule/arm64-apple-ios-simulator.swiftmodule' (in target 'InkOS' from project 'InkOS')
note: A dependency of Swift module '_StringProcessing': '/Applications/Xcode.app/Contents/Developer/Toolchains/XcodeDefault.xctoolchain/usr/lib/swift/iphonesimulator/prebuilt-modules/26.2/_StringProcessing.swiftmodule/arm64-apple-ios-simulator.swiftmodule' (in target 'InkOS' from project 'InkOS')
note: A dependency of Swift module '_Concurrency': '/Applications/Xcode.app/Contents/Developer/Toolchains/XcodeDefault.xctoolchain/usr/lib/swift/iphonesimulator/prebuilt-modules/26.2/_Concurrency.swiftmodule/arm64-apple-ios-simulator.swiftmodule' (in target 'InkOS' from project 'InkOS')
note: A dependency of Swift module 'SwiftOnoneSupport': '/Applications/Xcode.app/Contents/Developer/Toolchains/XcodeDefault.xctoolchain/usr/lib/swift/iphonesimulator/prebuilt-modules/26.2/SwiftOnoneSupport.swiftmodule/arm64-apple-ios-simulator.swiftmodule' (in target 'InkOS' from project 'InkOS')
note: A dependency of Swift module 'Swift': '/Applications/Xcode.app/Contents/Developer/Toolchains/XcodeDefault.xctoolchain/usr/lib/swift/iphonesimulator/prebuilt-modules/26.2/Swift.swiftmodule/arm64-apple-ios-simulator.swiftmodule' (in target 'InkOS' from project 'InkOS')
note: A dependency of main module 'InkOS' (in target 'InkOS' from project 'InkOS')
note: A dependency of Swift module 'Swift': '/Applications/Xcode.app/Contents/Developer/Toolchains/XcodeDefault.xctoolchain/usr/lib/swift/iphonesimulator/prebuilt-modules/26.2/Swift.swiftmodule/arm64-apple-ios-simulator.swiftmodule' (in target 'InkOS' from project 'InkOS')
note: A dependency of Swift module 'Darwin': '/Applications/Xcode.app/Contents/Developer/Toolchains/XcodeDefault.xctoolchain/usr/lib/swift/iphonesimulator/prebuilt-modules/26.2/Darwin.swiftmodule/arm64-apple-ios-simulator.swiftmodule' (in target 'InkOS' from project 'InkOS')
note: A dependency of Swift module 'Combine': '/Applications/Xcode.app/Contents/Developer/Toolchains/XcodeDefault.xctoolchain/usr/lib/swift/iphonesimulator/prebuilt-modules/26.2/Combine.swiftmodule/arm64-apple-ios-simulator.swiftmodule' (in target 'InkOS' from project 'InkOS')
note: A dependency of Swift module 'SwiftUI': '/Applications/Xcode.app/Contents/Developer/Toolchains/XcodeDefault.xctoolchain/usr/lib/swift/iphonesimulator/prebuilt-modules/26.2/SwiftUI.swiftmodule/arm64-apple-ios-simulator.swiftmodule' (in target 'InkOS' from project 'InkOS')
note: A dependency of Swift module '_StringProcessing': '/Applications/Xcode.app/Contents/Developer/Toolchains/XcodeDefault.xctoolchain/usr/lib/swift/iphonesimulator/prebuilt-modules/26.2/_StringProcessing.swiftmodule/arm64-apple-ios-simulator.swiftmodule' (in target 'InkOS' from project 'InkOS')
note: A dependency of Swift module '_Concurrency': '/Applications/Xcode.app/Contents/Developer/Toolchains/XcodeDefault.xctoolchain/usr/lib/swift/iphonesimulator/prebuilt-modules/26.2/_Concurrency.swiftmodule/arm64-apple-ios-simulator.swiftmodule' (in target 'InkOS' from project 'InkOS')
note: A dependency of Swift module 'SwiftOnoneSupport': '/Applications/Xcode.app/Contents/Developer/Toolchains/XcodeDefault.xctoolchain/usr/lib/swift/iphonesimulator/prebuilt-modules/26.2/SwiftOnoneSupport.swiftmodule/arm64-apple-ios-simulator.swiftmodule' (in target 'InkOS' from project 'InkOS')
note: A dependency of Swift module 'Swift': '/Applications/Xcode.app/Contents/Developer/Toolchains/XcodeDefault.xctoolchain/usr/lib/swift/iphonesimulator/prebuilt-modules/26.2/Swift.swiftmodule/arm64-apple-ios-simulator.swiftmodule' (in target 'InkOS' from project 'InkOS')
note: A dependency of main module 'InkOS' (in target 'InkOS' from project 'InkOS')
note: A dependency of Swift module 'Swift': '/Applications/Xcode.app/Contents/Developer/Toolchains/XcodeDefault.xctoolchain/usr/lib/swift/iphonesimulator/prebuilt-modules/26.2/Swift.swiftmodule/arm64-apple-ios-simulator.swiftmodule' (in target 'InkOS' from project 'InkOS')
note: A dependency of Swift module '_StringProcessing': '/Applications/Xcode.app/Contents/Developer/Toolchains/XcodeDefault.xctoolchain/usr/lib/swift/iphonesimulator/prebuilt-modules/26.2/_StringProcessing.swiftmodule/arm64-apple-ios-simulator.swiftmodule' (in target 'InkOS' from project 'InkOS')
note: A dependency of Swift module '_Concurrency': '/Applications/Xcode.app/Contents/Developer/Toolchains/XcodeDefault.xctoolchain/usr/lib/swift/iphonesimulator/prebuilt-modules/26.2/_Concurrency.swiftmodule/arm64-apple-ios-simulator.swiftmodule' (in target 'InkOS' from project 'InkOS')
note: A dependency of Swift module 'SwiftOnoneSupport': '/Applications/Xcode.app/Contents/Developer/Toolchains/XcodeDefault.xctoolchain/usr/lib/swift/iphonesimulator/prebuilt-modules/26.2/SwiftOnoneSupport.swiftmodule/arm64-apple-ios-simulator.swiftmodule' (in target 'InkOS' from project 'InkOS')
note: A dependency of Swift module 'Swift': '/Applications/Xcode.app/Contents/Developer/Toolchains/XcodeDefault.xctoolchain/usr/lib/swift/iphonesimulator/prebuilt-modules/26.2/Swift.swiftmodule/arm64-apple-ios-simulator.swiftmodule' (in target 'InkOS' from project 'InkOS')
note: A dependency of main module 'InkOS' (in target 'InkOS' from project 'InkOS')
note: A dependency of Swift module 'Swift': '/Applications/Xcode.app/Contents/Developer/Toolchains/XcodeDefault.xctoolchain/usr/lib/swift/iphonesimulator/prebuilt-modules/26.2/Swift.swiftmodule/arm64-apple-ios-simulator.swiftmodule' (in target 'InkOS' from project 'InkOS')
note: A dependency of Swift module '_Concurrency': '/Applications/Xcode.app/Contents/Developer/Toolchains/XcodeDefault.xctoolchain/usr/lib/swift/iphonesimulator/prebuilt-modules/26.2/_Concurrency.swiftmodule/arm64-apple-ios-simulator.swiftmodule' (in target 'InkOS' from project 'InkOS')
note: A dependency of Swift module 'SwiftOnoneSupport': '/Applications/Xcode.app/Contents/Developer/Toolchains/XcodeDefault.xctoolchain/usr/lib/swift/iphonesimulator/prebuilt-modules/26.2/SwiftOnoneSupport.swiftmodule/arm64-apple-ios-simulator.swiftmodule' (in target 'InkOS' from project 'InkOS')
note: A dependency of Swift module 'Swift': '/Applications/Xcode.app/Contents/Developer/Toolchains/XcodeDefault.xctoolchain/usr/lib/swift/iphonesimulator/prebuilt-modules/26.2/Swift.swiftmodule/arm64-apple-ios-simulator.swiftmodule' (in target 'InkOS' from project 'InkOS')
note: A dependency of main module 'InkOS' (in target 'InkOS' from project 'InkOS')
note: A dependency of Swift module 'Swift': '/Applications/Xcode.app/Contents/Developer/Toolchains/XcodeDefault.xctoolchain/usr/lib/swift/iphonesimulator/prebuilt-modules/26.2/Swift.swiftmodule/arm64-apple-ios-simulator.swiftmodule' (in target 'InkOS' from project 'InkOS')
note: A dependency of Swift module 'SwiftOnoneSupport': '/Applications/Xcode.app/Contents/Developer/Toolchains/XcodeDefault.xctoolchain/usr/lib/swift/iphonesimulator/prebuilt-modules/26.2/SwiftOnoneSupport.swiftmodule/arm64-apple-ios-simulator.swiftmodule' (in target 'InkOS' from project 'InkOS')
note: A dependency of Swift module 'Swift': '/Applications/Xcode.app/Contents/Developer/Toolchains/XcodeDefault.xctoolchain/usr/lib/swift/iphonesimulator/prebuilt-modules/26.2/Swift.swiftmodule/arm64-apple-ios-simulator.swiftmodule' (in target 'InkOS' from project 'InkOS')
note: A dependency of main module 'InkOS' (in target 'InkOS' from project 'InkOS')
note: A dependency of Swift module 'Swift': '/Applications/Xcode.app/Contents/Developer/Toolchains/XcodeDefault.xctoolchain/usr/lib/swift/iphonesimulator/prebuilt-modules/26.2/Swift.swiftmodule/arm64-apple-ios-simulator.swiftmodule' (in target 'InkOS' from project 'InkOS')
note: A dependency of main module 'InkOS' (in target 'InkOS' from project 'InkOS')
error: Unable to find module dependency: 'SwiftShims' (in target 'InkOS' from project 'InkOS')
note: A dependency of Swift module '_Concurrency': '/Applications/Xcode.app/Contents/Developer/Toolchains/XcodeDefault.xctoolchain/usr/lib/swift/iphonesimulator/prebuilt-modules/26.2/_Concurrency.swiftmodule/arm64-apple-ios-simulator.swiftmodule' (in target 'InkOS' from project 'InkOS')
note: A dependency of Swift module 'QuartzCore': '/Applications/Xcode.app/Contents/Developer/Toolchains/XcodeDefault.xctoolchain/usr/lib/swift/iphonesimulator/prebuilt-modules/26.2/QuartzCore.swiftmodule/arm64-apple-ios-simulator.swiftmodule' (in target 'InkOS' from project 'InkOS')
note: A dependency of Swift module 'DataDetection': '/Applications/Xcode.app/Contents/Developer/Toolchains/XcodeDefault.xctoolchain/usr/lib/swift/iphonesimulator/prebuilt-modules/26.2/DataDetection.swiftmodule/arm64-apple-ios-simulator.swiftmodule' (in target 'InkOS' from project 'InkOS')
note: A dependency of Swift module 'CoreText': '/Applications/Xcode.app/Contents/Developer/Toolchains/XcodeDefault.xctoolchain/usr/lib/swift/iphonesimulator/prebuilt-modules/26.2/CoreText.swiftmodule/arm64-apple-ios-simulator.swiftmodule' (in target 'InkOS' from project 'InkOS')
note: A dependency of Swift module 'UIKit': '/Applications/Xcode.app/Contents/Developer/Toolchains/XcodeDefault.xctoolchain/usr/lib/swift/iphonesimulator/prebuilt-modules/26.2/UIKit.swiftmodule/arm64-apple-ios-simulator.swiftmodule' (in target 'InkOS' from project 'InkOS')
note: A dependency of Swift module 'Symbols': '/Applications/Xcode.app/Contents/Developer/Toolchains/XcodeDefault.xctoolchain/usr/lib/swift/iphonesimulator/prebuilt-modules/26.2/Symbols.swiftmodule/arm64-apple-ios-simulator.swiftmodule' (in target 'InkOS' from project 'InkOS')
note: A dependency of Swift module 'Accessibility': '/Applications/Xcode.app/Contents/Developer/Toolchains/XcodeDefault.xctoolchain/usr/lib/swift/iphonesimulator/prebuilt-modules/26.2/Accessibility.swiftmodule/arm64-apple-ios-simulator.swiftmodule' (in target 'InkOS' from project 'InkOS')
note: A dependency of Swift module 'SwiftUICore': '/Applications/Xcode.app/Contents/Developer/Toolchains/XcodeDefault.xctoolchain/usr/lib/swift/iphonesimulator/prebuilt-modules/26.2/SwiftUICore.swiftmodule/arm64-apple-ios-simulator.swiftmodule' (in target 'InkOS' from project 'InkOS')
note: A dependency of Swift module 'Spatial': '/Applications/Xcode.app/Contents/Developer/Toolchains/XcodeDefault.xctoolchain/usr/lib/swift/iphonesimulator/prebuilt-modules/26.2/Spatial.swiftmodule/arm64-apple-ios-simulator.swiftmodule' (in target 'InkOS' from project 'InkOS')
note: A dependency of Swift module 'OSLog': '/Applications/Xcode.app/Contents/Developer/Toolchains/XcodeDefault.xctoolchain/usr/lib/swift/iphonesimulator/prebuilt-modules/26.2/OSLog.swiftmodule/arm64-apple-ios-simulator.swiftmodule' (in target 'InkOS' from project 'InkOS')
note: A dependency of Swift module 'DeveloperToolsSupport': '/Applications/Xcode.app/Contents/Developer/Toolchains/XcodeDefault.xctoolchain/usr/lib/swift/iphonesimulator/prebuilt-modules/26.2/DeveloperToolsSupport.swiftmodule/arm64-apple-ios-simulator.swiftmodule' (in target 'InkOS' from project 'InkOS')
note: A dependency of Swift module 'UniformTypeIdentifiers': '/Applications/Xcode.app/Contents/Developer/Toolchains/XcodeDefault.xctoolchain/usr/lib/swift/iphonesimulator/prebuilt-modules/26.2/UniformTypeIdentifiers.swiftmodule/arm64-apple-ios-simulator.swiftmodule' (in target 'InkOS' from project 'InkOS')
note: A dependency of Swift module 'CoreTransferable': '/Applications/Xcode.app/Contents/Developer/Toolchains/XcodeDefault.xctoolchain/usr/lib/swift/iphonesimulator/prebuilt-modules/26.2/CoreTransferable.swiftmodule/arm64-apple-ios-simulator.swiftmodule' (in target 'InkOS' from project 'InkOS')
note: A dependency of Swift module 'CoreGraphics': '/Applications/Xcode.app/Contents/Developer/Toolchains/XcodeDefault.xctoolchain/usr/lib/swift/iphonesimulator/prebuilt-modules/26.2/CoreGraphics.swiftmodule/arm64-apple-ios-simulator.swiftmodule' (in target 'InkOS' from project 'InkOS')
note: A dependency of Swift module '_Concurrency': '/Applications/Xcode.app/Contents/Developer/Toolchains/XcodeDefault.xctoolchain/usr/lib/swift/iphonesimulator/prebuilt-modules/26.2/_Concurrency.swiftmodule/arm64-apple-ios-simulator.swiftmodule' (in target 'InkOS' from project 'InkOS')
note: A dependency of Swift module 'System': '/Applications/Xcode.app/Contents/Developer/Toolchains/XcodeDefault.xctoolchain/usr/lib/swift/iphonesimulator/prebuilt-modules/26.2/System.swiftmodule/arm64-apple-ios-simulator.swiftmodule' (in target 'InkOS' from project 'InkOS')
note: A dependency of Swift module 'Observation': '/Applications/Xcode.app/Contents/Developer/Toolchains/XcodeDefault.xctoolchain/usr/lib/swift/iphonesimulator/prebuilt-modules/26.2/Observation.swiftmodule/arm64-apple-ios-simulator.swiftmodule' (in target 'InkOS' from project 'InkOS')
note: A dependency of Swift module 'ObjectiveC': '/Applications/Xcode.app/Contents/Developer/Toolchains/XcodeDefault.xctoolchain/usr/lib/swift/iphonesimulator/prebuilt-modules/26.2/ObjectiveC.swiftmodule/arm64-apple-ios-simulator.swiftmodule' (in target 'InkOS' from project 'InkOS')
note: A dependency of Swift module 'Dispatch': '/Applications/Xcode.app/Contents/Developer/Toolchains/XcodeDefault.xctoolchain/usr/lib/swift/iphonesimulator/prebuilt-modules/26.2/Dispatch.swiftmodule/arm64-apple-ios-simulator.swiftmodule' (in target 'InkOS' from project 'InkOS')
note: A dependency of Swift module 'CoreFoundation': '/Applications/Xcode.app/Contents/Developer/Toolchains/XcodeDefault.xctoolchain/usr/lib/swift/iphonesimulator/prebuilt-modules/26.2/CoreFoundation.swiftmodule/arm64-apple-ios-simulator.swiftmodule' (in target 'InkOS' from project 'InkOS')
note: A dependency of Swift module 'Foundation': '/Applications/Xcode.app/Contents/Developer/Toolchains/XcodeDefault.xctoolchain/usr/lib/swift/iphonesimulator/prebuilt-modules/26.2/Foundation.swiftmodule/arm64-apple-ios-simulator.swiftmodule' (in target 'InkOS' from project 'InkOS')
note: A dependency of Swift module 'CoreData': '/Applications/Xcode.app/Contents/Developer/Toolchains/XcodeDefault.xctoolchain/usr/lib/swift/iphonesimulator/prebuilt-modules/26.2/CoreData.swiftmodule/arm64-apple-ios-simulator.swiftmodule' (in target 'InkOS' from project 'InkOS')
note: A dependency of Swift module 'Combine': '/Applications/Xcode.app/Contents/Developer/Toolchains/XcodeDefault.xctoolchain/usr/lib/swift/iphonesimulator/prebuilt-modules/26.2/Combine.swiftmodule/arm64-apple-ios-simulator.swiftmodule' (in target 'InkOS' from project 'InkOS')
note: A dependency of Swift module 'SwiftUI': '/Applications/Xcode.app/Contents/Developer/Toolchains/XcodeDefault.xctoolchain/usr/lib/swift/iphonesimulator/prebuilt-modules/26.2/SwiftUI.swiftmodule/arm64-apple-ios-simulator.swiftmodule' (in target 'InkOS' from project 'InkOS')
note: A dependency of Swift module '_Concurrency': '/Applications/Xcode.app/Contents/Developer/Toolchains/XcodeDefault.xctoolchain/usr/lib/swift/iphonesimulator/prebuilt-modules/26.2/_Concurrency.swiftmodule/arm64-apple-ios-simulator.swiftmodule' (in target 'InkOS' from project 'InkOS')
note: A dependency of main module 'InkOS' (in target 'InkOS' from project 'InkOS')
note: A dependency of Swift module '_Concurrency': '/Applications/Xcode.app/Contents/Developer/Toolchains/XcodeDefault.xctoolchain/usr/lib/swift/iphonesimulator/prebuilt-modules/26.2/_Concurrency.swiftmodule/arm64-apple-ios-simulator.swiftmodule' (in target 'InkOS' from project 'InkOS')
note: A dependency of Swift module 'QuartzCore': '/Applications/Xcode.app/Contents/Developer/Toolchains/XcodeDefault.xctoolchain/usr/lib/swift/iphonesimulator/prebuilt-modules/26.2/QuartzCore.swiftmodule/arm64-apple-ios-simulator.swiftmodule' (in target 'InkOS' from project 'InkOS')
note: A dependency of Swift module 'DataDetection': '/Applications/Xcode.app/Contents/Developer/Toolchains/XcodeDefault.xctoolchain/usr/lib/swift/iphonesimulator/prebuilt-modules/26.2/DataDetection.swiftmodule/arm64-apple-ios-simulator.swiftmodule' (in target 'InkOS' from project 'InkOS')
note: A dependency of Swift module 'CoreText': '/Applications/Xcode.app/Contents/Developer/Toolchains/XcodeDefault.xctoolchain/usr/lib/swift/iphonesimulator/prebuilt-modules/26.2/CoreText.swiftmodule/arm64-apple-ios-simulator.swiftmodule' (in target 'InkOS' from project 'InkOS')
note: A dependency of Swift module 'UIKit': '/Applications/Xcode.app/Contents/Developer/Toolchains/XcodeDefault.xctoolchain/usr/lib/swift/iphonesimulator/prebuilt-modules/26.2/UIKit.swiftmodule/arm64-apple-ios-simulator.swiftmodule' (in target 'InkOS' from project 'InkOS')
note: A dependency of Swift module 'Symbols': '/Applications/Xcode.app/Contents/Developer/Toolchains/XcodeDefault.xctoolchain/usr/lib/swift/iphonesimulator/prebuilt-modules/26.2/Symbols.swiftmodule/arm64-apple-ios-simulator.swiftmodule' (in target 'InkOS' from project 'InkOS')
note: A dependency of Swift module 'Accessibility': '/Applications/Xcode.app/Contents/Developer/Toolchains/XcodeDefault.xctoolchain/usr/lib/swift/iphonesimulator/prebuilt-modules/26.2/Accessibility.swiftmodule/arm64-apple-ios-simulator.swiftmodule' (in target 'InkOS' from project 'InkOS')
note: A dependency of Swift module 'SwiftUICore': '/Applications/Xcode.app/Contents/Developer/Toolchains/XcodeDefault.xctoolchain/usr/lib/swift/iphonesimulator/prebuilt-modules/26.2/SwiftUICore.swiftmodule/arm64-apple-ios-simulator.swiftmodule' (in target 'InkOS' from project 'InkOS')
note: A dependency of Swift module 'Spatial': '/Applications/Xcode.app/Contents/Developer/Toolchains/XcodeDefault.xctoolchain/usr/lib/swift/iphonesimulator/prebuilt-modules/26.2/Spatial.swiftmodule/arm64-apple-ios-simulator.swiftmodule' (in target 'InkOS' from project 'InkOS')
note: A dependency of Swift module 'OSLog': '/Applications/Xcode.app/Contents/Developer/Toolchains/XcodeDefault.xctoolchain/usr/lib/swift/iphonesimulator/prebuilt-modules/26.2/OSLog.swiftmodule/arm64-apple-ios-simulator.swiftmodule' (in target 'InkOS' from project 'InkOS')
note: A dependency of Swift module 'DeveloperToolsSupport': '/Applications/Xcode.app/Contents/Developer/Toolchains/XcodeDefault.xctoolchain/usr/lib/swift/iphonesimulator/prebuilt-modules/26.2/DeveloperToolsSupport.swiftmodule/arm64-apple-ios-simulator.swiftmodule' (in target 'InkOS' from project 'InkOS')
note: A dependency of Swift module 'UniformTypeIdentifiers': '/Applications/Xcode.app/Contents/Developer/Toolchains/XcodeDefault.xctoolchain/usr/lib/swift/iphonesimulator/prebuilt-modules/26.2/UniformTypeIdentifiers.swiftmodule/arm64-apple-ios-simulator.swiftmodule' (in target 'InkOS' from project 'InkOS')
note: A dependency of Swift module 'CoreTransferable': '/Applications/Xcode.app/Contents/Developer/Toolchains/XcodeDefault.xctoolchain/usr/lib/swift/iphonesimulator/prebuilt-modules/26.2/CoreTransferable.swiftmodule/arm64-apple-ios-simulator.swiftmodule' (in target 'InkOS' from project 'InkOS')
note: A dependency of Swift module 'CoreGraphics': '/Applications/Xcode.app/Contents/Developer/Toolchains/XcodeDefault.xctoolchain/usr/lib/swift/iphonesimulator/prebuilt-modules/26.2/CoreGraphics.swiftmodule/arm64-apple-ios-simulator.swiftmodule' (in target 'InkOS' from project 'InkOS')
note: A dependency of Swift module '_Concurrency': '/Applications/Xcode.app/Contents/Developer/Toolchains/XcodeDefault.xctoolchain/usr/lib/swift/iphonesimulator/prebuilt-modules/26.2/_Concurrency.swiftmodule/arm64-apple-ios-simulator.swiftmodule' (in target 'InkOS' from project 'InkOS')
note: A dependency of Swift module 'System': '/Applications/Xcode.app/Contents/Developer/Toolchains/XcodeDefault.xctoolchain/usr/lib/swift/iphonesimulator/prebuilt-modules/26.2/System.swiftmodule/arm64-apple-ios-simulator.swiftmodule' (in target 'InkOS' from project 'InkOS')
note: A dependency of Swift module 'Observation': '/Applications/Xcode.app/Contents/Developer/Toolchains/XcodeDefault.xctoolchain/usr/lib/swift/iphonesimulator/prebuilt-modules/26.2/Observation.swiftmodule/arm64-apple-ios-simulator.swiftmodule' (in target 'InkOS' from project 'InkOS')
note: A dependency of Swift module 'ObjectiveC': '/Applications/Xcode.app/Contents/Developer/Toolchains/XcodeDefault.xctoolchain/usr/lib/swift/iphonesimulator/prebuilt-modules/26.2/ObjectiveC.swiftmodule/arm64-apple-ios-simulator.swiftmodule' (in target 'InkOS' from project 'InkOS')
note: A dependency of Swift module 'Dispatch': '/Applications/Xcode.app/Contents/Developer/Toolchains/XcodeDefault.xctoolchain/usr/lib/swift/iphonesimulator/prebuilt-modules/26.2/Dispatch.swiftmodule/arm64-apple-ios-simulator.swiftmodule' (in target 'InkOS' from project 'InkOS')
note: A dependency of Swift module 'CoreFoundation': '/Applications/Xcode.app/Contents/Developer/Toolchains/XcodeDefault.xctoolchain/usr/lib/swift/iphonesimulator/prebuilt-modules/26.2/CoreFoundation.swiftmodule/arm64-apple-ios-simulator.swiftmodule' (in target 'InkOS' from project 'InkOS')
note: A dependency of Swift module 'Foundation': '/Applications/Xcode.app/Contents/Developer/Toolchains/XcodeDefault.xctoolchain/usr/lib/swift/iphonesimulator/prebuilt-modules/26.2/Foundation.swiftmodule/arm64-apple-ios-simulator.swiftmodule' (in target 'InkOS' from project 'InkOS')
note: A dependency of Swift module 'CoreData': '/Applications/Xcode.app/Contents/Developer/Toolchains/XcodeDefault.xctoolchain/usr/lib/swift/iphonesimulator/prebuilt-modules/26.2/CoreData.swiftmodule/arm64-apple-ios-simulator.swiftmodule' (in target 'InkOS' from project 'InkOS')
note: A dependency of Swift module 'Combine': '/Applications/Xcode.app/Contents/Developer/Toolchains/XcodeDefault.xctoolchain/usr/lib/swift/iphonesimulator/prebuilt-modules/26.2/Combine.swiftmodule/arm64-apple-ios-simulator.swiftmodule' (in target 'InkOS' from project 'InkOS')
note: A dependency of Swift module 'SwiftUI': '/Applications/Xcode.app/Contents/Developer/Toolchains/XcodeDefault.xctoolchain/usr/lib/swift/iphonesimulator/prebuilt-modules/26.2/SwiftUI.swiftmodule/arm64-apple-ios-simulator.swiftmodule' (in target 'InkOS' from project 'InkOS')
note: A dependency of Swift module '_Concurrency': '/Applications/Xcode.app/Contents/Developer/Toolchains/XcodeDefault.xctoolchain/usr/lib/swift/iphonesimulator/prebuilt-modules/26.2/_Concurrency.swiftmodule/arm64-apple-ios-simulator.swiftmodule' (in target 'InkOS' from project 'InkOS')
note: A dependency of main module 'InkOS' (in target 'InkOS' from project 'InkOS')
note: A dependency of Swift module '_Concurrency': '/Applications/Xcode.app/Contents/Developer/Toolchains/XcodeDefault.xctoolchain/usr/lib/swift/iphonesimulator/prebuilt-modules/26.2/_Concurrency.swiftmodule/arm64-apple-ios-simulator.swiftmodule' (in target 'InkOS' from project 'InkOS')
note: A dependency of Swift module 'QuartzCore': '/Applications/Xcode.app/Contents/Developer/Toolchains/XcodeDefault.xctoolchain/usr/lib/swift/iphonesimulator/prebuilt-modules/26.2/QuartzCore.swiftmodule/arm64-apple-ios-simulator.swiftmodule' (in target 'InkOS' from project 'InkOS')
note: A dependency of Swift module 'DataDetection': '/Applications/Xcode.app/Contents/Developer/Toolchains/XcodeDefault.xctoolchain/usr/lib/swift/iphonesimulator/prebuilt-modules/26.2/DataDetection.swiftmodule/arm64-apple-ios-simulator.swiftmodule' (in target 'InkOS' from project 'InkOS')
note: A dependency of Swift module 'CoreText': '/Applications/Xcode.app/Contents/Developer/Toolchains/XcodeDefault.xctoolchain/usr/lib/swift/iphonesimulator/prebuilt-modules/26.2/CoreText.swiftmodule/arm64-apple-ios-simulator.swiftmodule' (in target 'InkOS' from project 'InkOS')
note: A dependency of Swift module 'UIKit': '/Applications/Xcode.app/Contents/Developer/Toolchains/XcodeDefault.xctoolchain/usr/lib/swift/iphonesimulator/prebuilt-modules/26.2/UIKit.swiftmodule/arm64-apple-ios-simulator.swiftmodule' (in target 'InkOS' from project 'InkOS')
note: A dependency of Swift module 'Symbols': '/Applications/Xcode.app/Contents/Developer/Toolchains/XcodeDefault.xctoolchain/usr/lib/swift/iphonesimulator/prebuilt-modules/26.2/Symbols.swiftmodule/arm64-apple-ios-simulator.swiftmodule' (in target 'InkOS' from project 'InkOS')
note: A dependency of Swift module 'Accessibility': '/Applications/Xcode.app/Contents/Developer/Toolchains/XcodeDefault.xctoolchain/usr/lib/swift/iphonesimulator/prebuilt-modules/26.2/Accessibility.swiftmodule/arm64-apple-ios-simulator.swiftmodule' (in target 'InkOS' from project 'InkOS')
note: A dependency of Swift module 'SwiftUICore': '/Applications/Xcode.app/Contents/Developer/Toolchains/XcodeDefault.xctoolchain/usr/lib/swift/iphonesimulator/prebuilt-modules/26.2/SwiftUICore.swiftmodule/arm64-apple-ios-simulator.swiftmodule' (in target 'InkOS' from project 'InkOS')
note: A dependency of Swift module 'Spatial': '/Applications/Xcode.app/Contents/Developer/Toolchains/XcodeDefault.xctoolchain/usr/lib/swift/iphonesimulator/prebuilt-modules/26.2/Spatial.swiftmodule/arm64-apple-ios-simulator.swiftmodule' (in target 'InkOS' from project 'InkOS')
note: A dependency of Swift module 'OSLog': '/Applications/Xcode.app/Contents/Developer/Toolchains/XcodeDefault.xctoolchain/usr/lib/swift/iphonesimulator/prebuilt-modules/26.2/OSLog.swiftmodule/arm64-apple-ios-simulator.swiftmodule' (in target 'InkOS' from project 'InkOS')
note: A dependency of Swift module 'DeveloperToolsSupport': '/Applications/Xcode.app/Contents/Developer/Toolchains/XcodeDefault.xctoolchain/usr/lib/swift/iphonesimulator/prebuilt-modules/26.2/DeveloperToolsSupport.swiftmodule/arm64-apple-ios-simulator.swiftmodule' (in target 'InkOS' from project 'InkOS')
note: A dependency of Swift module 'UniformTypeIdentifiers': '/Applications/Xcode.app/Contents/Developer/Toolchains/XcodeDefault.xctoolchain/usr/lib/swift/iphonesimulator/prebuilt-modules/26.2/UniformTypeIdentifiers.swiftmodule/arm64-apple-ios-simulator.swiftmodule' (in target 'InkOS' from project 'InkOS')
note: A dependency of Swift module 'CoreTransferable': '/Applications/Xcode.app/Contents/Developer/Toolchains/XcodeDefault.xctoolchain/usr/lib/swift/iphonesimulator/prebuilt-modules/26.2/CoreTransferable.swiftmodule/arm64-apple-ios-simulator.swiftmodule' (in target 'InkOS' from project 'InkOS')
note: A dependency of Swift module 'CoreGraphics': '/Applications/Xcode.app/Contents/Developer/Toolchains/XcodeDefault.xctoolchain/usr/lib/swift/iphonesimulator/prebuilt-modules/26.2/CoreGraphics.swiftmodule/arm64-apple-ios-simulator.swiftmodule' (in target 'InkOS' from project 'InkOS')
note: A dependency of Swift module '_Concurrency': '/Applications/Xcode.app/Contents/Developer/Toolchains/XcodeDefault.xctoolchain/usr/lib/swift/iphonesimulator/prebuilt-modules/26.2/_Concurrency.swiftmodule/arm64-apple-ios-simulator.swiftmodule' (in target 'InkOS' from project 'InkOS')
note: A dependency of Swift module 'System': '/Applications/Xcode.app/Contents/Developer/Toolchains/XcodeDefault.xctoolchain/usr/lib/swift/iphonesimulator/prebuilt-modules/26.2/System.swiftmodule/arm64-apple-ios-simulator.swiftmodule' (in target 'InkOS' from project 'InkOS')
note: A dependency of Swift module 'Observation': '/Applications/Xcode.app/Contents/Developer/Toolchains/XcodeDefault.xctoolchain/usr/lib/swift/iphonesimulator/prebuilt-modules/26.2/Observation.swiftmodule/arm64-apple-ios-simulator.swiftmodule' (in target 'InkOS' from project 'InkOS')
note: A dependency of Swift module 'ObjectiveC': '/Applications/Xcode.app/Contents/Developer/Toolchains/XcodeDefault.xctoolchain/usr/lib/swift/iphonesimulator/prebuilt-modules/26.2/ObjectiveC.swiftmodule/arm64-apple-ios-simulator.swiftmodule' (in target 'InkOS' from project 'InkOS')
note: A dependency of Swift module 'Dispatch': '/Applications/Xcode.app/Contents/Developer/Toolchains/XcodeDefault.xctoolchain/usr/lib/swift/iphonesimulator/prebuilt-modules/26.2/Dispatch.swiftmodule/arm64-apple-ios-simulator.swiftmodule' (in target 'InkOS' from project 'InkOS')
note: A dependency of Swift module 'CoreFoundation': '/Applications/Xcode.app/Contents/Developer/Toolchains/XcodeDefault.xctoolchain/usr/lib/swift/iphonesimulator/prebuilt-modules/26.2/CoreFoundation.swiftmodule/arm64-apple-ios-simulator.swiftmodule' (in target 'InkOS' from project 'InkOS')
note: A dependency of Swift module 'Foundation': '/Applications/Xcode.app/Contents/Developer/Toolchains/XcodeDefault.xctoolchain/usr/lib/swift/iphonesimulator/prebuilt-modules/26.2/Foundation.swiftmodule/arm64-apple-ios-simulator.swiftmodule' (in target 'InkOS' from project 'InkOS')
note: A dependency of Swift module 'CoreData': '/Applications/Xcode.app/Contents/Developer/Toolchains/XcodeDefault.xctoolchain/usr/lib/swift/iphonesimulator/prebuilt-modules/26.2/CoreData.swiftmodule/arm64-apple-ios-simulator.swiftmodule' (in target 'InkOS' from project 'InkOS')
note: A dependency of Swift module 'Combine': '/Applications/Xcode.app/Contents/Developer/Toolchains/XcodeDefault.xctoolchain/usr/lib/swift/iphonesimulator/prebuilt-modules/26.2/Combine.swiftmodule/arm64-apple-ios-simulator.swiftmodule' (in target 'InkOS' from project 'InkOS')
note: A dependency of Swift module 'SwiftUI': '/Applications/Xcode.app/Contents/Developer/Toolchains/XcodeDefault.xctoolchain/usr/lib/swift/iphonesimulator/prebuilt-modules/26.2/SwiftUI.swiftmodule/arm64-apple-ios-simulator.swiftmodule' (in target 'InkOS' from project 'InkOS')
note: A dependency of Swift module '_Concurrency': '/Applications/Xcode.app/Contents/Developer/Toolchains/XcodeDefault.xctoolchain/usr/lib/swift/iphonesimulator/prebuilt-modules/26.2/_Concurrency.swiftmodule/arm64-apple-ios-simulator.swiftmodule' (in target 'InkOS' from project 'InkOS')
note: A dependency of main module 'InkOS' (in target 'InkOS' from project 'InkOS')
note: A dependency of Swift module '_Concurrency': '/Applications/Xcode.app/Contents/Developer/Toolchains/XcodeDefault.xctoolchain/usr/lib/swift/iphonesimulator/prebuilt-modules/26.2/_Concurrency.swiftmodule/arm64-apple-ios-simulator.swiftmodule' (in target 'InkOS' from project 'InkOS')
note: A dependency of Swift module 'DataDetection': '/Applications/Xcode.app/Contents/Developer/Toolchains/XcodeDefault.xctoolchain/usr/lib/swift/iphonesimulator/prebuilt-modules/26.2/DataDetection.swiftmodule/arm64-apple-ios-simulator.swiftmodule' (in target 'InkOS' from project 'InkOS')
note: A dependency of Swift module 'CoreText': '/Applications/Xcode.app/Contents/Developer/Toolchains/XcodeDefault.xctoolchain/usr/lib/swift/iphonesimulator/prebuilt-modules/26.2/CoreText.swiftmodule/arm64-apple-ios-simulator.swiftmodule' (in target 'InkOS' from project 'InkOS')
note: A dependency of Swift module 'UIKit': '/Applications/Xcode.app/Contents/Developer/Toolchains/XcodeDefault.xctoolchain/usr/lib/swift/iphonesimulator/prebuilt-modules/26.2/UIKit.swiftmodule/arm64-apple-ios-simulator.swiftmodule' (in target 'InkOS' from project 'InkOS')
note: A dependency of Swift module 'Symbols': '/Applications/Xcode.app/Contents/Developer/Toolchains/XcodeDefault.xctoolchain/usr/lib/swift/iphonesimulator/prebuilt-modules/26.2/Symbols.swiftmodule/arm64-apple-ios-simulator.swiftmodule' (in target 'InkOS' from project 'InkOS')
note: A dependency of Swift module 'Accessibility': '/Applications/Xcode.app/Contents/Developer/Toolchains/XcodeDefault.xctoolchain/usr/lib/swift/iphonesimulator/prebuilt-modules/26.2/Accessibility.swiftmodule/arm64-apple-ios-simulator.swiftmodule' (in target 'InkOS' from project 'InkOS')
note: A dependency of Swift module 'SwiftUICore': '/Applications/Xcode.app/Contents/Developer/Toolchains/XcodeDefault.xctoolchain/usr/lib/swift/iphonesimulator/prebuilt-modules/26.2/SwiftUICore.swiftmodule/arm64-apple-ios-simulator.swiftmodule' (in target 'InkOS' from project 'InkOS')
note: A dependency of Swift module 'Spatial': '/Applications/Xcode.app/Contents/Developer/Toolchains/XcodeDefault.xctoolchain/usr/lib/swift/iphonesimulator/prebuilt-modules/26.2/Spatial.swiftmodule/arm64-apple-ios-simulator.swiftmodule' (in target 'InkOS' from project 'InkOS')
note: A dependency of Swift module 'OSLog': '/Applications/Xcode.app/Contents/Developer/Toolchains/XcodeDefault.xctoolchain/usr/lib/swift/iphonesimulator/prebuilt-modules/26.2/OSLog.swiftmodule/arm64-apple-ios-simulator.swiftmodule' (in target 'InkOS' from project 'InkOS')
note: A dependency of Swift module 'DeveloperToolsSupport': '/Applications/Xcode.app/Contents/Developer/Toolchains/XcodeDefault.xctoolchain/usr/lib/swift/iphonesimulator/prebuilt-modules/26.2/DeveloperToolsSupport.swiftmodule/arm64-apple-ios-simulator.swiftmodule' (in target 'InkOS' from project 'InkOS')
note: A dependency of Swift module 'UniformTypeIdentifiers': '/Applications/Xcode.app/Contents/Developer/Toolchains/XcodeDefault.xctoolchain/usr/lib/swift/iphonesimulator/prebuilt-modules/26.2/UniformTypeIdentifiers.swiftmodule/arm64-apple-ios-simulator.swiftmodule' (in target 'InkOS' from project 'InkOS')
note: A dependency of Swift module 'CoreTransferable': '/Applications/Xcode.app/Contents/Developer/Toolchains/XcodeDefault.xctoolchain/usr/lib/swift/iphonesimulator/prebuilt-modules/26.2/CoreTransferable.swiftmodule/arm64-apple-ios-simulator.swiftmodule' (in target 'InkOS' from project 'InkOS')
note: A dependency of Swift module 'CoreGraphics': '/Applications/Xcode.app/Contents/Developer/Toolchains/XcodeDefault.xctoolchain/usr/lib/swift/iphonesimulator/prebuilt-modules/26.2/CoreGraphics.swiftmodule/arm64-apple-ios-simulator.swiftmodule' (in target 'InkOS' from project 'InkOS')
note: A dependency of Swift module '_Concurrency': '/Applications/Xcode.app/Contents/Developer/Toolchains/XcodeDefault.xctoolchain/usr/lib/swift/iphonesimulator/prebuilt-modules/26.2/_Concurrency.swiftmodule/arm64-apple-ios-simulator.swiftmodule' (in target 'InkOS' from project 'InkOS')
note: A dependency of Swift module 'System': '/Applications/Xcode.app/Contents/Developer/Toolchains/XcodeDefault.xctoolchain/usr/lib/swift/iphonesimulator/prebuilt-modules/26.2/System.swiftmodule/arm64-apple-ios-simulator.swiftmodule' (in target 'InkOS' from project 'InkOS')
note: A dependency of Swift module 'Observation': '/Applications/Xcode.app/Contents/Developer/Toolchains/XcodeDefault.xctoolchain/usr/lib/swift/iphonesimulator/prebuilt-modules/26.2/Observation.swiftmodule/arm64-apple-ios-simulator.swiftmodule' (in target 'InkOS' from project 'InkOS')
note: A dependency of Swift module 'ObjectiveC': '/Applications/Xcode.app/Contents/Developer/Toolchains/XcodeDefault.xctoolchain/usr/lib/swift/iphonesimulator/prebuilt-modules/26.2/ObjectiveC.swiftmodule/arm64-apple-ios-simulator.swiftmodule' (in target 'InkOS' from project 'InkOS')
note: A dependency of Swift module 'Dispatch': '/Applications/Xcode.app/Contents/Developer/Toolchains/XcodeDefault.xctoolchain/usr/lib/swift/iphonesimulator/prebuilt-modules/26.2/Dispatch.swiftmodule/arm64-apple-ios-simulator.swiftmodule' (in target 'InkOS' from project 'InkOS')
note: A dependency of Swift module 'CoreFoundation': '/Applications/Xcode.app/Contents/Developer/Toolchains/XcodeDefault.xctoolchain/usr/lib/swift/iphonesimulator/prebuilt-modules/26.2/CoreFoundation.swiftmodule/arm64-apple-ios-simulator.swiftmodule' (in target 'InkOS' from project 'InkOS')
note: A dependency of Swift module 'Foundation': '/Applications/Xcode.app/Contents/Developer/Toolchains/XcodeDefault.xctoolchain/usr/lib/swift/iphonesimulator/prebuilt-modules/26.2/Foundation.swiftmodule/arm64-apple-ios-simulator.swiftmodule' (in target 'InkOS' from project 'InkOS')
note: A dependency of Swift module 'CoreData': '/Applications/Xcode.app/Contents/Developer/Toolchains/XcodeDefault.xctoolchain/usr/lib/swift/iphonesimulator/prebuilt-modules/26.2/CoreData.swiftmodule/arm64-apple-ios-simulator.swiftmodule' (in target 'InkOS' from project 'InkOS')
note: A dependency of Swift module 'Combine': '/Applications/Xcode.app/Contents/Developer/Toolchains/XcodeDefault.xctoolchain/usr/lib/swift/iphonesimulator/prebuilt-modules/26.2/Combine.swiftmodule/arm64-apple-ios-simulator.swiftmodule' (in target 'InkOS' from project 'InkOS')
note: A dependency of Swift module 'SwiftUI': '/Applications/Xcode.app/Contents/Developer/Toolchains/XcodeDefault.xctoolchain/usr/lib/swift/iphonesimulator/prebuilt-modules/26.2/SwiftUI.swiftmodule/arm64-apple-ios-simulator.swiftmodule' (in target 'InkOS' from project 'InkOS')
note: A dependency of Swift module '_Concurrency': '/Applications/Xcode.app/Contents/Developer/Toolchains/XcodeDefault.xctoolchain/usr/lib/swift/iphonesimulator/prebuilt-modules/26.2/_Concurrency.swiftmodule/arm64-apple-ios-simulator.swiftmodule' (in target 'InkOS' from project 'InkOS')
note: A dependency of main module 'InkOS' (in target 'InkOS' from project 'InkOS')
note: A dependency of Swift module '_Concurrency': '/Applications/Xcode.app/Contents/Developer/Toolchains/XcodeDefault.xctoolchain/usr/lib/swift/iphonesimulator/prebuilt-modules/26.2/_Concurrency.swiftmodule/arm64-apple-ios-simulator.swiftmodule' (in target 'InkOS' from project 'InkOS')
note: A dependency of Swift module 'CoreText': '/Applications/Xcode.app/Contents/Developer/Toolchains/XcodeDefault.xctoolchain/usr/lib/swift/iphonesimulator/prebuilt-modules/26.2/CoreText.swiftmodule/arm64-apple-ios-simulator.swiftmodule' (in target 'InkOS' from project 'InkOS')
note: A dependency of Swift module 'UIKit': '/Applications/Xcode.app/Contents/Developer/Toolchains/XcodeDefault.xctoolchain/usr/lib/swift/iphonesimulator/prebuilt-modules/26.2/UIKit.swiftmodule/arm64-apple-ios-simulator.swiftmodule' (in target 'InkOS' from project 'InkOS')
note: A dependency of Swift module 'Symbols': '/Applications/Xcode.app/Contents/Developer/Toolchains/XcodeDefault.xctoolchain/usr/lib/swift/iphonesimulator/prebuilt-modules/26.2/Symbols.swiftmodule/arm64-apple-ios-simulator.swiftmodule' (in target 'InkOS' from project 'InkOS')
note: A dependency of Swift module 'Accessibility': '/Applications/Xcode.app/Contents/Developer/Toolchains/XcodeDefault.xctoolchain/usr/lib/swift/iphonesimulator/prebuilt-modules/26.2/Accessibility.swiftmodule/arm64-apple-ios-simulator.swiftmodule' (in target 'InkOS' from project 'InkOS')
note: A dependency of Swift module 'SwiftUICore': '/Applications/Xcode.app/Contents/Developer/Toolchains/XcodeDefault.xctoolchain/usr/lib/swift/iphonesimulator/prebuilt-modules/26.2/SwiftUICore.swiftmodule/arm64-apple-ios-simulator.swiftmodule' (in target 'InkOS' from project 'InkOS')
note: A dependency of Swift module 'Spatial': '/Applications/Xcode.app/Contents/Developer/Toolchains/XcodeDefault.xctoolchain/usr/lib/swift/iphonesimulator/prebuilt-modules/26.2/Spatial.swiftmodule/arm64-apple-ios-simulator.swiftmodule' (in target 'InkOS' from project 'InkOS')
note: A dependency of Swift module 'OSLog': '/Applications/Xcode.app/Contents/Developer/Toolchains/XcodeDefault.xctoolchain/usr/lib/swift/iphonesimulator/prebuilt-modules/26.2/OSLog.swiftmodule/arm64-apple-ios-simulator.swiftmodule' (in target 'InkOS' from project 'InkOS')
note: A dependency of Swift module 'DeveloperToolsSupport': '/Applications/Xcode.app/Contents/Developer/Toolchains/XcodeDefault.xctoolchain/usr/lib/swift/iphonesimulator/prebuilt-modules/26.2/DeveloperToolsSupport.swiftmodule/arm64-apple-ios-simulator.swiftmodule' (in target 'InkOS' from project 'InkOS')
note: A dependency of Swift module 'UniformTypeIdentifiers': '/Applications/Xcode.app/Contents/Developer/Toolchains/XcodeDefault.xctoolchain/usr/lib/swift/iphonesimulator/prebuilt-modules/26.2/UniformTypeIdentifiers.swiftmodule/arm64-apple-ios-simulator.swiftmodule' (in target 'InkOS' from project 'InkOS')
note: A dependency of Swift module 'CoreTransferable': '/Applications/Xcode.app/Contents/Developer/Toolchains/XcodeDefault.xctoolchain/usr/lib/swift/iphonesimulator/prebuilt-modules/26.2/CoreTransferable.swiftmodule/arm64-apple-ios-simulator.swiftmodule' (in target 'InkOS' from project 'InkOS')
note: A dependency of Swift module 'CoreGraphics': '/Applications/Xcode.app/Contents/Developer/Toolchains/XcodeDefault.xctoolchain/usr/lib/swift/iphonesimulator/prebuilt-modules/26.2/CoreGraphics.swiftmodule/arm64-apple-ios-simulator.swiftmodule' (in target 'InkOS' from project 'InkOS')
note: A dependency of Swift module '_Concurrency': '/Applications/Xcode.app/Contents/Developer/Toolchains/XcodeDefault.xctoolchain/usr/lib/swift/iphonesimulator/prebuilt-modules/26.2/_Concurrency.swiftmodule/arm64-apple-ios-simulator.swiftmodule' (in target 'InkOS' from project 'InkOS')
note: A dependency of Swift module 'System': '/Applications/Xcode.app/Contents/Developer/Toolchains/XcodeDefault.xctoolchain/usr/lib/swift/iphonesimulator/prebuilt-modules/26.2/System.swiftmodule/arm64-apple-ios-simulator.swiftmodule' (in target 'InkOS' from project 'InkOS')
note: A dependency of Swift module 'Observation': '/Applications/Xcode.app/Contents/Developer/Toolchains/XcodeDefault.xctoolchain/usr/lib/swift/iphonesimulator/prebuilt-modules/26.2/Observation.swiftmodule/arm64-apple-ios-simulator.swiftmodule' (in target 'InkOS' from project 'InkOS')
note: A dependency of Swift module 'ObjectiveC': '/Applications/Xcode.app/Contents/Developer/Toolchains/XcodeDefault.xctoolchain/usr/lib/swift/iphonesimulator/prebuilt-modules/26.2/ObjectiveC.swiftmodule/arm64-apple-ios-simulator.swiftmodule' (in target 'InkOS' from project 'InkOS')
note: A dependency of Swift module 'Dispatch': '/Applications/Xcode.app/Contents/Developer/Toolchains/XcodeDefault.xctoolchain/usr/lib/swift/iphonesimulator/prebuilt-modules/26.2/Dispatch.swiftmodule/arm64-apple-ios-simulator.swiftmodule' (in target 'InkOS' from project 'InkOS')
note: A dependency of Swift module 'CoreFoundation': '/Applications/Xcode.app/Contents/Developer/Toolchains/XcodeDefault.xctoolchain/usr/lib/swift/iphonesimulator/prebuilt-modules/26.2/CoreFoundation.swiftmodule/arm64-apple-ios-simulator.swiftmodule' (in target 'InkOS' from project 'InkOS')
note: A dependency of Swift module 'Foundation': '/Applications/Xcode.app/Contents/Developer/Toolchains/XcodeDefault.xctoolchain/usr/lib/swift/iphonesimulator/prebuilt-modules/26.2/Foundation.swiftmodule/arm64-apple-ios-simulator.swiftmodule' (in target 'InkOS' from project 'InkOS')
note: A dependency of Swift module 'CoreData': '/Applications/Xcode.app/Contents/Developer/Toolchains/XcodeDefault.xctoolchain/usr/lib/swift/iphonesimulator/prebuilt-modules/26.2/CoreData.swiftmodule/arm64-apple-ios-simulator.swiftmodule' (in target 'InkOS' from project 'InkOS')
note: A dependency of Swift module 'Combine': '/Applications/Xcode.app/Contents/Developer/Toolchains/XcodeDefault.xctoolchain/usr/lib/swift/iphonesimulator/prebuilt-modules/26.2/Combine.swiftmodule/arm64-apple-ios-simulator.swiftmodule' (in target 'InkOS' from project 'InkOS')
note: A dependency of Swift module 'SwiftUI': '/Applications/Xcode.app/Contents/Developer/Toolchains/XcodeDefault.xctoolchain/usr/lib/swift/iphonesimulator/prebuilt-modules/26.2/SwiftUI.swiftmodule/arm64-apple-ios-simulator.swiftmodule' (in target 'InkOS' from project 'InkOS')
note: A dependency of Swift module '_Concurrency': '/Applications/Xcode.app/Contents/Developer/Toolchains/XcodeDefault.xctoolchain/usr/lib/swift/iphonesimulator/prebuilt-modules/26.2/_Concurrency.swiftmodule/arm64-apple-ios-simulator.swiftmodule' (in target 'InkOS' from project 'InkOS')
note: A dependency of main module 'InkOS' (in target 'InkOS' from project 'InkOS')
note: A dependency of Swift module '_Concurrency': '/Applications/Xcode.app/Contents/Developer/Toolchains/XcodeDefault.xctoolchain/usr/lib/swift/iphonesimulator/prebuilt-modules/26.2/_Concurrency.swiftmodule/arm64-apple-ios-simulator.swiftmodule' (in target 'InkOS' from project 'InkOS')
note: A dependency of Swift module 'Symbols': '/Applications/Xcode.app/Contents/Developer/Toolchains/XcodeDefault.xctoolchain/usr/lib/swift/iphonesimulator/prebuilt-modules/26.2/Symbols.swiftmodule/arm64-apple-ios-simulator.swiftmodule' (in target 'InkOS' from project 'InkOS')
note: A dependency of Swift module 'Accessibility': '/Applications/Xcode.app/Contents/Developer/Toolchains/XcodeDefault.xctoolchain/usr/lib/swift/iphonesimulator/prebuilt-modules/26.2/Accessibility.swiftmodule/arm64-apple-ios-simulator.swiftmodule' (in target 'InkOS' from project 'InkOS')
note: A dependency of Swift module 'SwiftUICore': '/Applications/Xcode.app/Contents/Developer/Toolchains/XcodeDefault.xctoolchain/usr/lib/swift/iphonesimulator/prebuilt-modules/26.2/SwiftUICore.swiftmodule/arm64-apple-ios-simulator.swiftmodule' (in target 'InkOS' from project 'InkOS')
note: A dependency of Swift module 'Spatial': '/Applications/Xcode.app/Contents/Developer/Toolchains/XcodeDefault.xctoolchain/usr/lib/swift/iphonesimulator/prebuilt-modules/26.2/Spatial.swiftmodule/arm64-apple-ios-simulator.swiftmodule' (in target 'InkOS' from project 'InkOS')
note: A dependency of Swift module 'OSLog': '/Applications/Xcode.app/Contents/Developer/Toolchains/XcodeDefault.xctoolchain/usr/lib/swift/iphonesimulator/prebuilt-modules/26.2/OSLog.swiftmodule/arm64-apple-ios-simulator.swiftmodule' (in target 'InkOS' from project 'InkOS')
note: A dependency of Swift module 'DeveloperToolsSupport': '/Applications/Xcode.app/Contents/Developer/Toolchains/XcodeDefault.xctoolchain/usr/lib/swift/iphonesimulator/prebuilt-modules/26.2/DeveloperToolsSupport.swiftmodule/arm64-apple-ios-simulator.swiftmodule' (in target 'InkOS' from project 'InkOS')
note: A dependency of Swift module 'UniformTypeIdentifiers': '/Applications/Xcode.app/Contents/Developer/Toolchains/XcodeDefault.xctoolchain/usr/lib/swift/iphonesimulator/prebuilt-modules/26.2/UniformTypeIdentifiers.swiftmodule/arm64-apple-ios-simulator.swiftmodule' (in target 'InkOS' from project 'InkOS')
note: A dependency of Swift module 'CoreTransferable': '/Applications/Xcode.app/Contents/Developer/Toolchains/XcodeDefault.xctoolchain/usr/lib/swift/iphonesimulator/prebuilt-modules/26.2/CoreTransferable.swiftmodule/arm64-apple-ios-simulator.swiftmodule' (in target 'InkOS' from project 'InkOS')
note: A dependency of Swift module 'CoreGraphics': '/Applications/Xcode.app/Contents/Developer/Toolchains/XcodeDefault.xctoolchain/usr/lib/swift/iphonesimulator/prebuilt-modules/26.2/CoreGraphics.swiftmodule/arm64-apple-ios-simulator.swiftmodule' (in target 'InkOS' from project 'InkOS')
note: A dependency of Swift module '_Concurrency': '/Applications/Xcode.app/Contents/Developer/Toolchains/XcodeDefault.xctoolchain/usr/lib/swift/iphonesimulator/prebuilt-modules/26.2/_Concurrency.swiftmodule/arm64-apple-ios-simulator.swiftmodule' (in target 'InkOS' from project 'InkOS')
note: A dependency of Swift module 'System': '/Applications/Xcode.app/Contents/Developer/Toolchains/XcodeDefault.xctoolchain/usr/lib/swift/iphonesimulator/prebuilt-modules/26.2/System.swiftmodule/arm64-apple-ios-simulator.swiftmodule' (in target 'InkOS' from project 'InkOS')
note: A dependency of Swift module 'Observation': '/Applications/Xcode.app/Contents/Developer/Toolchains/XcodeDefault.xctoolchain/usr/lib/swift/iphonesimulator/prebuilt-modules/26.2/Observation.swiftmodule/arm64-apple-ios-simulator.swiftmodule' (in target 'InkOS' from project 'InkOS')
note: A dependency of Swift module 'ObjectiveC': '/Applications/Xcode.app/Contents/Developer/Toolchains/XcodeDefault.xctoolchain/usr/lib/swift/iphonesimulator/prebuilt-modules/26.2/ObjectiveC.swiftmodule/arm64-apple-ios-simulator.swiftmodule' (in target 'InkOS' from project 'InkOS')
note: A dependency of Swift module 'Dispatch': '/Applications/Xcode.app/Contents/Developer/Toolchains/XcodeDefault.xctoolchain/usr/lib/swift/iphonesimulator/prebuilt-modules/26.2/Dispatch.swiftmodule/arm64-apple-ios-simulator.swiftmodule' (in target 'InkOS' from project 'InkOS')
note: A dependency of Swift module 'CoreFoundation': '/Applications/Xcode.app/Contents/Developer/Toolchains/XcodeDefault.xctoolchain/usr/lib/swift/iphonesimulator/prebuilt-modules/26.2/CoreFoundation.swiftmodule/arm64-apple-ios-simulator.swiftmodule' (in target 'InkOS' from project 'InkOS')
note: A dependency of Swift module 'Foundation': '/Applications/Xcode.app/Contents/Developer/Toolchains/XcodeDefault.xctoolchain/usr/lib/swift/iphonesimulator/prebuilt-modules/26.2/Foundation.swiftmodule/arm64-apple-ios-simulator.swiftmodule' (in target 'InkOS' from project 'InkOS')
note: A dependency of Swift module 'CoreData': '/Applications/Xcode.app/Contents/Developer/Toolchains/XcodeDefault.xctoolchain/usr/lib/swift/iphonesimulator/prebuilt-modules/26.2/CoreData.swiftmodule/arm64-apple-ios-simulator.swiftmodule' (in target 'InkOS' from project 'InkOS')
note: A dependency of Swift module 'Combine': '/Applications/Xcode.app/Contents/Developer/Toolchains/XcodeDefault.xctoolchain/usr/lib/swift/iphonesimulator/prebuilt-modules/26.2/Combine.swiftmodule/arm64-apple-ios-simulator.swiftmodule' (in target 'InkOS' from project 'InkOS')
note: A dependency of Swift module 'SwiftUI': '/Applications/Xcode.app/Contents/Developer/Toolchains/XcodeDefault.xctoolchain/usr/lib/swift/iphonesimulator/prebuilt-modules/26.2/SwiftUI.swiftmodule/arm64-apple-ios-simulator.swiftmodule' (in target 'InkOS' from project 'InkOS')
note: A dependency of Swift module '_Concurrency': '/Applications/Xcode.app/Contents/Developer/Toolchains/XcodeDefault.xctoolchain/usr/lib/swift/iphonesimulator/prebuilt-modules/26.2/_Concurrency.swiftmodule/arm64-apple-ios-simulator.swiftmodule' (in target 'InkOS' from project 'InkOS')
note: A dependency of main module 'InkOS' (in target 'InkOS' from project 'InkOS')
note: A dependency of Swift module '_Concurrency': '/Applications/Xcode.app/Contents/Developer/Toolchains/XcodeDefault.xctoolchain/usr/lib/swift/iphonesimulator/prebuilt-modules/26.2/_Concurrency.swiftmodule/arm64-apple-ios-simulator.swiftmodule' (in target 'InkOS' from project 'InkOS')
note: A dependency of Swift module 'Symbols': '/Applications/Xcode.app/Contents/Developer/Toolchains/XcodeDefault.xctoolchain/usr/lib/swift/iphonesimulator/prebuilt-modules/26.2/Symbols.swiftmodule/arm64-apple-ios-simulator.swiftmodule' (in target 'InkOS' from project 'InkOS')
note: A dependency of Swift module 'Accessibility': '/Applications/Xcode.app/Contents/Developer/Toolchains/XcodeDefault.xctoolchain/usr/lib/swift/iphonesimulator/prebuilt-modules/26.2/Accessibility.swiftmodule/arm64-apple-ios-simulator.swiftmodule' (in target 'InkOS' from project 'InkOS')
note: A dependency of Swift module 'SwiftUICore': '/Applications/Xcode.app/Contents/Developer/Toolchains/XcodeDefault.xctoolchain/usr/lib/swift/iphonesimulator/prebuilt-modules/26.2/SwiftUICore.swiftmodule/arm64-apple-ios-simulator.swiftmodule' (in target 'InkOS' from project 'InkOS')
note: A dependency of Swift module 'Spatial': '/Applications/Xcode.app/Contents/Developer/Toolchains/XcodeDefault.xctoolchain/usr/lib/swift/iphonesimulator/prebuilt-modules/26.2/Spatial.swiftmodule/arm64-apple-ios-simulator.swiftmodule' (in target 'InkOS' from project 'InkOS')
note: A dependency of Swift module 'OSLog': '/Applications/Xcode.app/Contents/Developer/Toolchains/XcodeDefault.xctoolchain/usr/lib/swift/iphonesimulator/prebuilt-modules/26.2/OSLog.swiftmodule/arm64-apple-ios-simulator.swiftmodule' (in target 'InkOS' from project 'InkOS')
note: A dependency of Swift module 'DeveloperToolsSupport': '/Applications/Xcode.app/Contents/Developer/Toolchains/XcodeDefault.xctoolchain/usr/lib/swift/iphonesimulator/prebuilt-modules/26.2/DeveloperToolsSupport.swiftmodule/arm64-apple-ios-simulator.swiftmodule' (in target 'InkOS' from project 'InkOS')
note: A dependency of Swift module 'UniformTypeIdentifiers': '/Applications/Xcode.app/Contents/Developer/Toolchains/XcodeDefault.xctoolchain/usr/lib/swift/iphonesimulator/prebuilt-modules/26.2/UniformTypeIdentifiers.swiftmodule/arm64-apple-ios-simulator.swiftmodule' (in target 'InkOS' from project 'InkOS')
note: A dependency of Swift module 'CoreTransferable': '/Applications/Xcode.app/Contents/Developer/Toolchains/XcodeDefault.xctoolchain/usr/lib/swift/iphonesimulator/prebuilt-modules/26.2/CoreTransferable.swiftmodule/arm64-apple-ios-simulator.swiftmodule' (in target 'InkOS' from project 'InkOS')
note: A dependency of Swift module 'CoreGraphics': '/Applications/Xcode.app/Contents/Developer/Toolchains/XcodeDefault.xctoolchain/usr/lib/swift/iphonesimulator/prebuilt-modules/26.2/CoreGraphics.swiftmodule/arm64-apple-ios-simulator.swiftmodule' (in target 'InkOS' from project 'InkOS')
note: A dependency of Swift module '_Concurrency': '/Applications/Xcode.app/Contents/Developer/Toolchains/XcodeDefault.xctoolchain/usr/lib/swift/iphonesimulator/prebuilt-modules/26.2/_Concurrency.swiftmodule/arm64-apple-ios-simulator.swiftmodule' (in target 'InkOS' from project 'InkOS')
note: A dependency of Swift module 'System': '/Applications/Xcode.app/Contents/Developer/Toolchains/XcodeDefault.xctoolchain/usr/lib/swift/iphonesimulator/prebuilt-modules/26.2/System.swiftmodule/arm64-apple-ios-simulator.swiftmodule' (in target 'InkOS' from project 'InkOS')
note: A dependency of Swift module 'Observation': '/Applications/Xcode.app/Contents/Developer/Toolchains/XcodeDefault.xctoolchain/usr/lib/swift/iphonesimulator/prebuilt-modules/26.2/Observation.swiftmodule/arm64-apple-ios-simulator.swiftmodule' (in target 'InkOS' from project 'InkOS')
note: A dependency of Swift module 'ObjectiveC': '/Applications/Xcode.app/Contents/Developer/Toolchains/XcodeDefault.xctoolchain/usr/lib/swift/iphonesimulator/prebuilt-modules/26.2/ObjectiveC.swiftmodule/arm64-apple-ios-simulator.swiftmodule' (in target 'InkOS' from project 'InkOS')
note: A dependency of Swift module 'Dispatch': '/Applications/Xcode.app/Contents/Developer/Toolchains/XcodeDefault.xctoolchain/usr/lib/swift/iphonesimulator/prebuilt-modules/26.2/Dispatch.swiftmodule/arm64-apple-ios-simulator.swiftmodule' (in target 'InkOS' from project 'InkOS')
note: A dependency of Swift module 'CoreFoundation': '/Applications/Xcode.app/Contents/Developer/Toolchains/XcodeDefault.xctoolchain/usr/lib/swift/iphonesimulator/prebuilt-modules/26.2/CoreFoundation.swiftmodule/arm64-apple-ios-simulator.swiftmodule' (in target 'InkOS' from project 'InkOS')
note: A dependency of Swift module 'Foundation': '/Applications/Xcode.app/Contents/Developer/Toolchains/XcodeDefault.xctoolchain/usr/lib/swift/iphonesimulator/prebuilt-modules/26.2/Foundation.swiftmodule/arm64-apple-ios-simulator.swiftmodule' (in target 'InkOS' from project 'InkOS')
note: A dependency of Swift module 'CoreData': '/Applications/Xcode.app/Contents/Developer/Toolchains/XcodeDefault.xctoolchain/usr/lib/swift/iphonesimulator/prebuilt-modules/26.2/CoreData.swiftmodule/arm64-apple-ios-simulator.swiftmodule' (in target 'InkOS' from project 'InkOS')
note: A dependency of Swift module 'Combine': '/Applications/Xcode.app/Contents/Developer/Toolchains/XcodeDefault.xctoolchain/usr/lib/swift/iphonesimulator/prebuilt-modules/26.2/Combine.swiftmodule/arm64-apple-ios-simulator.swiftmodule' (in target 'InkOS' from project 'InkOS')
note: A dependency of Swift module 'SwiftUI': '/Applications/Xcode.app/Contents/Developer/Toolchains/XcodeDefault.xctoolchain/usr/lib/swift/iphonesimulator/prebuilt-modules/26.2/SwiftUI.swiftmodule/arm64-apple-ios-simulator.swiftmodule' (in target 'InkOS' from project 'InkOS')
note: A dependency of Swift module '_Concurrency': '/Applications/Xcode.app/Contents/Developer/Toolchains/XcodeDefault.xctoolchain/usr/lib/swift/iphonesimulator/prebuilt-modules/26.2/_Concurrency.swiftmodule/arm64-apple-ios-simulator.swiftmodule' (in target 'InkOS' from project 'InkOS')
note: A dependency of main module 'InkOS' (in target 'InkOS' from project 'InkOS')
note: A dependency of Swift module '_Concurrency': '/Applications/Xcode.app/Contents/Developer/Toolchains/XcodeDefault.xctoolchain/usr/lib/swift/iphonesimulator/prebuilt-modules/26.2/_Concurrency.swiftmodule/arm64-apple-ios-simulator.swiftmodule' (in target 'InkOS' from project 'InkOS')
note: A dependency of Swift module 'Accessibility': '/Applications/Xcode.app/Contents/Developer/Toolchains/XcodeDefault.xctoolchain/usr/lib/swift/iphonesimulator/prebuilt-modules/26.2/Accessibility.swiftmodule/arm64-apple-ios-simulator.swiftmodule' (in target 'InkOS' from project 'InkOS')
note: A dependency of Swift module 'SwiftUICore': '/Applications/Xcode.app/Contents/Developer/Toolchains/XcodeDefault.xctoolchain/usr/lib/swift/iphonesimulator/prebuilt-modules/26.2/SwiftUICore.swiftmodule/arm64-apple-ios-simulator.swiftmodule' (in target 'InkOS' from project 'InkOS')
note: A dependency of Swift module 'Spatial': '/Applications/Xcode.app/Contents/Developer/Toolchains/XcodeDefault.xctoolchain/usr/lib/swift/iphonesimulator/prebuilt-modules/26.2/Spatial.swiftmodule/arm64-apple-ios-simulator.swiftmodule' (in target 'InkOS' from project 'InkOS')
note: A dependency of Swift module 'OSLog': '/Applications/Xcode.app/Contents/Developer/Toolchains/XcodeDefault.xctoolchain/usr/lib/swift/iphonesimulator/prebuilt-modules/26.2/OSLog.swiftmodule/arm64-apple-ios-simulator.swiftmodule' (in target 'InkOS' from project 'InkOS')
note: A dependency of Swift module 'DeveloperToolsSupport': '/Applications/Xcode.app/Contents/Developer/Toolchains/XcodeDefault.xctoolchain/usr/lib/swift/iphonesimulator/prebuilt-modules/26.2/DeveloperToolsSupport.swiftmodule/arm64-apple-ios-simulator.swiftmodule' (in target 'InkOS' from project 'InkOS')
note: A dependency of Swift module 'UniformTypeIdentifiers': '/Applications/Xcode.app/Contents/Developer/Toolchains/XcodeDefault.xctoolchain/usr/lib/swift/iphonesimulator/prebuilt-modules/26.2/UniformTypeIdentifiers.swiftmodule/arm64-apple-ios-simulator.swiftmodule' (in target 'InkOS' from project 'InkOS')
note: A dependency of Swift module 'CoreTransferable': '/Applications/Xcode.app/Contents/Developer/Toolchains/XcodeDefault.xctoolchain/usr/lib/swift/iphonesimulator/prebuilt-modules/26.2/CoreTransferable.swiftmodule/arm64-apple-ios-simulator.swiftmodule' (in target 'InkOS' from project 'InkOS')
note: A dependency of Swift module 'CoreGraphics': '/Applications/Xcode.app/Contents/Developer/Toolchains/XcodeDefault.xctoolchain/usr/lib/swift/iphonesimulator/prebuilt-modules/26.2/CoreGraphics.swiftmodule/arm64-apple-ios-simulator.swiftmodule' (in target 'InkOS' from project 'InkOS')
note: A dependency of Swift module '_Concurrency': '/Applications/Xcode.app/Contents/Developer/Toolchains/XcodeDefault.xctoolchain/usr/lib/swift/iphonesimulator/prebuilt-modules/26.2/_Concurrency.swiftmodule/arm64-apple-ios-simulator.swiftmodule' (in target 'InkOS' from project 'InkOS')
note: A dependency of Swift module 'System': '/Applications/Xcode.app/Contents/Developer/Toolchains/XcodeDefault.xctoolchain/usr/lib/swift/iphonesimulator/prebuilt-modules/26.2/System.swiftmodule/arm64-apple-ios-simulator.swiftmodule' (in target 'InkOS' from project 'InkOS')
note: A dependency of Swift module 'Observation': '/Applications/Xcode.app/Contents/Developer/Toolchains/XcodeDefault.xctoolchain/usr/lib/swift/iphonesimulator/prebuilt-modules/26.2/Observation.swiftmodule/arm64-apple-ios-simulator.swiftmodule' (in target 'InkOS' from project 'InkOS')
note: A dependency of Swift module 'ObjectiveC': '/Applications/Xcode.app/Contents/Developer/Toolchains/XcodeDefault.xctoolchain/usr/lib/swift/iphonesimulator/prebuilt-modules/26.2/ObjectiveC.swiftmodule/arm64-apple-ios-simulator.swiftmodule' (in target 'InkOS' from project 'InkOS')
note: A dependency of Swift module 'Dispatch': '/Applications/Xcode.app/Contents/Developer/Toolchains/XcodeDefault.xctoolchain/usr/lib/swift/iphonesimulator/prebuilt-modules/26.2/Dispatch.swiftmodule/arm64-apple-ios-simulator.swiftmodule' (in target 'InkOS' from project 'InkOS')
note: A dependency of Swift module 'CoreFoundation': '/Applications/Xcode.app/Contents/Developer/Toolchains/XcodeDefault.xctoolchain/usr/lib/swift/iphonesimulator/prebuilt-modules/26.2/CoreFoundation.swiftmodule/arm64-apple-ios-simulator.swiftmodule' (in target 'InkOS' from project 'InkOS')
note: A dependency of Swift module 'Foundation': '/Applications/Xcode.app/Contents/Developer/Toolchains/XcodeDefault.xctoolchain/usr/lib/swift/iphonesimulator/prebuilt-modules/26.2/Foundation.swiftmodule/arm64-apple-ios-simulator.swiftmodule' (in target 'InkOS' from project 'InkOS')
note: A dependency of Swift module 'CoreData': '/Applications/Xcode.app/Contents/Developer/Toolchains/XcodeDefault.xctoolchain/usr/lib/swift/iphonesimulator/prebuilt-modules/26.2/CoreData.swiftmodule/arm64-apple-ios-simulator.swiftmodule' (in target 'InkOS' from project 'InkOS')
note: A dependency of Swift module 'Combine': '/Applications/Xcode.app/Contents/Developer/Toolchains/XcodeDefault.xctoolchain/usr/lib/swift/iphonesimulator/prebuilt-modules/26.2/Combine.swiftmodule/arm64-apple-ios-simulator.swiftmodule' (in target 'InkOS' from project 'InkOS')
note: A dependency of Swift module 'SwiftUI': '/Applications/Xcode.app/Contents/Developer/Toolchains/XcodeDefault.xctoolchain/usr/lib/swift/iphonesimulator/prebuilt-modules/26.2/SwiftUI.swiftmodule/arm64-apple-ios-simulator.swiftmodule' (in target 'InkOS' from project 'InkOS')
note: A dependency of Swift module '_Concurrency': '/Applications/Xcode.app/Contents/Developer/Toolchains/XcodeDefault.xctoolchain/usr/lib/swift/iphonesimulator/prebuilt-modules/26.2/_Concurrency.swiftmodule/arm64-apple-ios-simulator.swiftmodule' (in target 'InkOS' from project 'InkOS')
note: A dependency of main module 'InkOS' (in target 'InkOS' from project 'InkOS')
note: A dependency of Swift module '_Concurrency': '/Applications/Xcode.app/Contents/Developer/Toolchains/XcodeDefault.xctoolchain/usr/lib/swift/iphonesimulator/prebuilt-modules/26.2/_Concurrency.swiftmodule/arm64-apple-ios-simulator.swiftmodule' (in target 'InkOS' from project 'InkOS')
note: A dependency of Swift module 'Spatial': '/Applications/Xcode.app/Contents/Developer/Toolchains/XcodeDefault.xctoolchain/usr/lib/swift/iphonesimulator/prebuilt-modules/26.2/Spatial.swiftmodule/arm64-apple-ios-simulator.swiftmodule' (in target 'InkOS' from project 'InkOS')
note: A dependency of Swift module 'OSLog': '/Applications/Xcode.app/Contents/Developer/Toolchains/XcodeDefault.xctoolchain/usr/lib/swift/iphonesimulator/prebuilt-modules/26.2/OSLog.swiftmodule/arm64-apple-ios-simulator.swiftmodule' (in target 'InkOS' from project 'InkOS')
note: A dependency of Swift module 'DeveloperToolsSupport': '/Applications/Xcode.app/Contents/Developer/Toolchains/XcodeDefault.xctoolchain/usr/lib/swift/iphonesimulator/prebuilt-modules/26.2/DeveloperToolsSupport.swiftmodule/arm64-apple-ios-simulator.swiftmodule' (in target 'InkOS' from project 'InkOS')
note: A dependency of Swift module 'UniformTypeIdentifiers': '/Applications/Xcode.app/Contents/Developer/Toolchains/XcodeDefault.xctoolchain/usr/lib/swift/iphonesimulator/prebuilt-modules/26.2/UniformTypeIdentifiers.swiftmodule/arm64-apple-ios-simulator.swiftmodule' (in target 'InkOS' from project 'InkOS')
note: A dependency of Swift module 'CoreTransferable': '/Applications/Xcode.app/Contents/Developer/Toolchains/XcodeDefault.xctoolchain/usr/lib/swift/iphonesimulator/prebuilt-modules/26.2/CoreTransferable.swiftmodule/arm64-apple-ios-simulator.swiftmodule' (in target 'InkOS' from project 'InkOS')
note: A dependency of Swift module 'CoreGraphics': '/Applications/Xcode.app/Contents/Developer/Toolchains/XcodeDefault.xctoolchain/usr/lib/swift/iphonesimulator/prebuilt-modules/26.2/CoreGraphics.swiftmodule/arm64-apple-ios-simulator.swiftmodule' (in target 'InkOS' from project 'InkOS')
note: A dependency of Swift module '_Concurrency': '/Applications/Xcode.app/Contents/Developer/Toolchains/XcodeDefault.xctoolchain/usr/lib/swift/iphonesimulator/prebuilt-modules/26.2/_Concurrency.swiftmodule/arm64-apple-ios-simulator.swiftmodule' (in target 'InkOS' from project 'InkOS')
note: A dependency of Swift module 'System': '/Applications/Xcode.app/Contents/Developer/Toolchains/XcodeDefault.xctoolchain/usr/lib/swift/iphonesimulator/prebuilt-modules/26.2/System.swiftmodule/arm64-apple-ios-simulator.swiftmodule' (in target 'InkOS' from project 'InkOS')
note: A dependency of Swift module 'Observation': '/Applications/Xcode.app/Contents/Developer/Toolchains/XcodeDefault.xctoolchain/usr/lib/swift/iphonesimulator/prebuilt-modules/26.2/Observation.swiftmodule/arm64-apple-ios-simulator.swiftmodule' (in target 'InkOS' from project 'InkOS')
note: A dependency of Swift module 'ObjectiveC': '/Applications/Xcode.app/Contents/Developer/Toolchains/XcodeDefault.xctoolchain/usr/lib/swift/iphonesimulator/prebuilt-modules/26.2/ObjectiveC.swiftmodule/arm64-apple-ios-simulator.swiftmodule' (in target 'InkOS' from project 'InkOS')
note: A dependency of Swift module 'Dispatch': '/Applications/Xcode.app/Contents/Developer/Toolchains/XcodeDefault.xctoolchain/usr/lib/swift/iphonesimulator/prebuilt-modules/26.2/Dispatch.swiftmodule/arm64-apple-ios-simulator.swiftmodule' (in target 'InkOS' from project 'InkOS')
note: A dependency of Swift module 'CoreFoundation': '/Applications/Xcode.app/Contents/Developer/Toolchains/XcodeDefault.xctoolchain/usr/lib/swift/iphonesimulator/prebuilt-modules/26.2/CoreFoundation.swiftmodule/arm64-apple-ios-simulator.swiftmodule' (in target 'InkOS' from project 'InkOS')
note: A dependency of Swift module 'Foundation': '/Applications/Xcode.app/Contents/Developer/Toolchains/XcodeDefault.xctoolchain/usr/lib/swift/iphonesimulator/prebuilt-modules/26.2/Foundation.swiftmodule/arm64-apple-ios-simulator.swiftmodule' (in target 'InkOS' from project 'InkOS')
note: A dependency of Swift module 'CoreData': '/Applications/Xcode.app/Contents/Developer/Toolchains/XcodeDefault.xctoolchain/usr/lib/swift/iphonesimulator/prebuilt-modules/26.2/CoreData.swiftmodule/arm64-apple-ios-simulator.swiftmodule' (in target 'InkOS' from project 'InkOS')
note: A dependency of Swift module 'Combine': '/Applications/Xcode.app/Contents/Developer/Toolchains/XcodeDefault.xctoolchain/usr/lib/swift/iphonesimulator/prebuilt-modules/26.2/Combine.swiftmodule/arm64-apple-ios-simulator.swiftmodule' (in target 'InkOS' from project 'InkOS')
note: A dependency of Swift module 'SwiftUI': '/Applications/Xcode.app/Contents/Developer/Toolchains/XcodeDefault.xctoolchain/usr/lib/swift/iphonesimulator/prebuilt-modules/26.2/SwiftUI.swiftmodule/arm64-apple-ios-simulator.swiftmodule' (in target 'InkOS' from project 'InkOS')
note: A dependency of Swift module '_Concurrency': '/Applications/Xcode.app/Contents/Developer/Toolchains/XcodeDefault.xctoolchain/usr/lib/swift/iphonesimulator/prebuilt-modules/26.2/_Concurrency.swiftmodule/arm64-apple-ios-simulator.swiftmodule' (in target 'InkOS' from project 'InkOS')
note: A dependency of main module 'InkOS' (in target 'InkOS' from project 'InkOS')
note: A dependency of Swift module '_Concurrency': '/Applications/Xcode.app/Contents/Developer/Toolchains/XcodeDefault.xctoolchain/usr/lib/swift/iphonesimulator/prebuilt-modules/26.2/_Concurrency.swiftmodule/arm64-apple-ios-simulator.swiftmodule' (in target 'InkOS' from project 'InkOS')
note: A dependency of Swift module 'OSLog': '/Applications/Xcode.app/Contents/Developer/Toolchains/XcodeDefault.xctoolchain/usr/lib/swift/iphonesimulator/prebuilt-modules/26.2/OSLog.swiftmodule/arm64-apple-ios-simulator.swiftmodule' (in target 'InkOS' from project 'InkOS')
note: A dependency of Swift module 'DeveloperToolsSupport': '/Applications/Xcode.app/Contents/Developer/Toolchains/XcodeDefault.xctoolchain/usr/lib/swift/iphonesimulator/prebuilt-modules/26.2/DeveloperToolsSupport.swiftmodule/arm64-apple-ios-simulator.swiftmodule' (in target 'InkOS' from project 'InkOS')
note: A dependency of Swift module 'UniformTypeIdentifiers': '/Applications/Xcode.app/Contents/Developer/Toolchains/XcodeDefault.xctoolchain/usr/lib/swift/iphonesimulator/prebuilt-modules/26.2/UniformTypeIdentifiers.swiftmodule/arm64-apple-ios-simulator.swiftmodule' (in target 'InkOS' from project 'InkOS')
note: A dependency of Swift module 'CoreTransferable': '/Applications/Xcode.app/Contents/Developer/Toolchains/XcodeDefault.xctoolchain/usr/lib/swift/iphonesimulator/prebuilt-modules/26.2/CoreTransferable.swiftmodule/arm64-apple-ios-simulator.swiftmodule' (in target 'InkOS' from project 'InkOS')
note: A dependency of Swift module 'CoreGraphics': '/Applications/Xcode.app/Contents/Developer/Toolchains/XcodeDefault.xctoolchain/usr/lib/swift/iphonesimulator/prebuilt-modules/26.2/CoreGraphics.swiftmodule/arm64-apple-ios-simulator.swiftmodule' (in target 'InkOS' from project 'InkOS')
note: A dependency of Swift module '_Concurrency': '/Applications/Xcode.app/Contents/Developer/Toolchains/XcodeDefault.xctoolchain/usr/lib/swift/iphonesimulator/prebuilt-modules/26.2/_Concurrency.swiftmodule/arm64-apple-ios-simulator.swiftmodule' (in target 'InkOS' from project 'InkOS')
note: A dependency of Swift module 'System': '/Applications/Xcode.app/Contents/Developer/Toolchains/XcodeDefault.xctoolchain/usr/lib/swift/iphonesimulator/prebuilt-modules/26.2/System.swiftmodule/arm64-apple-ios-simulator.swiftmodule' (in target 'InkOS' from project 'InkOS')
note: A dependency of Swift module 'Observation': '/Applications/Xcode.app/Contents/Developer/Toolchains/XcodeDefault.xctoolchain/usr/lib/swift/iphonesimulator/prebuilt-modules/26.2/Observation.swiftmodule/arm64-apple-ios-simulator.swiftmodule' (in target 'InkOS' from project 'InkOS')
note: A dependency of Swift module 'ObjectiveC': '/Applications/Xcode.app/Contents/Developer/Toolchains/XcodeDefault.xctoolchain/usr/lib/swift/iphonesimulator/prebuilt-modules/26.2/ObjectiveC.swiftmodule/arm64-apple-ios-simulator.swiftmodule' (in target 'InkOS' from project 'InkOS')
note: A dependency of Swift module 'Dispatch': '/Applications/Xcode.app/Contents/Developer/Toolchains/XcodeDefault.xctoolchain/usr/lib/swift/iphonesimulator/prebuilt-modules/26.2/Dispatch.swiftmodule/arm64-apple-ios-simulator.swiftmodule' (in target 'InkOS' from project 'InkOS')
note: A dependency of Swift module 'CoreFoundation': '/Applications/Xcode.app/Contents/Developer/Toolchains/XcodeDefault.xctoolchain/usr/lib/swift/iphonesimulator/prebuilt-modules/26.2/CoreFoundation.swiftmodule/arm64-apple-ios-simulator.swiftmodule' (in target 'InkOS' from project 'InkOS')
note: A dependency of Swift module 'Foundation': '/Applications/Xcode.app/Contents/Developer/Toolchains/XcodeDefault.xctoolchain/usr/lib/swift/iphonesimulator/prebuilt-modules/26.2/Foundation.swiftmodule/arm64-apple-ios-simulator.swiftmodule' (in target 'InkOS' from project 'InkOS')
note: A dependency of Swift module 'CoreData': '/Applications/Xcode.app/Contents/Developer/Toolchains/XcodeDefault.xctoolchain/usr/lib/swift/iphonesimulator/prebuilt-modules/26.2/CoreData.swiftmodule/arm64-apple-ios-simulator.swiftmodule' (in target 'InkOS' from project 'InkOS')
note: A dependency of Swift module 'Combine': '/Applications/Xcode.app/Contents/Developer/Toolchains/XcodeDefault.xctoolchain/usr/lib/swift/iphonesimulator/prebuilt-modules/26.2/Combine.swiftmodule/arm64-apple-ios-simulator.swiftmodule' (in target 'InkOS' from project 'InkOS')
note: A dependency of Swift module 'SwiftUI': '/Applications/Xcode.app/Contents/Developer/Toolchains/XcodeDefault.xctoolchain/usr/lib/swift/iphonesimulator/prebuilt-modules/26.2/SwiftUI.swiftmodule/arm64-apple-ios-simulator.swiftmodule' (in target 'InkOS' from project 'InkOS')
note: A dependency of Swift module '_Concurrency': '/Applications/Xcode.app/Contents/Developer/Toolchains/XcodeDefault.xctoolchain/usr/lib/swift/iphonesimulator/prebuilt-modules/26.2/_Concurrency.swiftmodule/arm64-apple-ios-simulator.swiftmodule' (in target 'InkOS' from project 'InkOS')
note: A dependency of main module 'InkOS' (in target 'InkOS' from project 'InkOS')
note: A dependency of Swift module '_Concurrency': '/Applications/Xcode.app/Contents/Developer/Toolchains/XcodeDefault.xctoolchain/usr/lib/swift/iphonesimulator/prebuilt-modules/26.2/_Concurrency.swiftmodule/arm64-apple-ios-simulator.swiftmodule' (in target 'InkOS' from project 'InkOS')
note: A dependency of Swift module 'DeveloperToolsSupport': '/Applications/Xcode.app/Contents/Developer/Toolchains/XcodeDefault.xctoolchain/usr/lib/swift/iphonesimulator/prebuilt-modules/26.2/DeveloperToolsSupport.swiftmodule/arm64-apple-ios-simulator.swiftmodule' (in target 'InkOS' from project 'InkOS')
note: A dependency of Swift module 'UniformTypeIdentifiers': '/Applications/Xcode.app/Contents/Developer/Toolchains/XcodeDefault.xctoolchain/usr/lib/swift/iphonesimulator/prebuilt-modules/26.2/UniformTypeIdentifiers.swiftmodule/arm64-apple-ios-simulator.swiftmodule' (in target 'InkOS' from project 'InkOS')
note: A dependency of Swift module 'CoreTransferable': '/Applications/Xcode.app/Contents/Developer/Toolchains/XcodeDefault.xctoolchain/usr/lib/swift/iphonesimulator/prebuilt-modules/26.2/CoreTransferable.swiftmodule/arm64-apple-ios-simulator.swiftmodule' (in target 'InkOS' from project 'InkOS')
note: A dependency of Swift module 'CoreGraphics': '/Applications/Xcode.app/Contents/Developer/Toolchains/XcodeDefault.xctoolchain/usr/lib/swift/iphonesimulator/prebuilt-modules/26.2/CoreGraphics.swiftmodule/arm64-apple-ios-simulator.swiftmodule' (in target 'InkOS' from project 'InkOS')
note: A dependency of Swift module '_Concurrency': '/Applications/Xcode.app/Contents/Developer/Toolchains/XcodeDefault.xctoolchain/usr/lib/swift/iphonesimulator/prebuilt-modules/26.2/_Concurrency.swiftmodule/arm64-apple-ios-simulator.swiftmodule' (in target 'InkOS' from project 'InkOS')
note: A dependency of Swift module 'System': '/Applications/Xcode.app/Contents/Developer/Toolchains/XcodeDefault.xctoolchain/usr/lib/swift/iphonesimulator/prebuilt-modules/26.2/System.swiftmodule/arm64-apple-ios-simulator.swiftmodule' (in target 'InkOS' from project 'InkOS')
note: A dependency of Swift module 'Observation': '/Applications/Xcode.app/Contents/Developer/Toolchains/XcodeDefault.xctoolchain/usr/lib/swift/iphonesimulator/prebuilt-modules/26.2/Observation.swiftmodule/arm64-apple-ios-simulator.swiftmodule' (in target 'InkOS' from project 'InkOS')
note: A dependency of Swift module 'ObjectiveC': '/Applications/Xcode.app/Contents/Developer/Toolchains/XcodeDefault.xctoolchain/usr/lib/swift/iphonesimulator/prebuilt-modules/26.2/ObjectiveC.swiftmodule/arm64-apple-ios-simulator.swiftmodule' (in target 'InkOS' from project 'InkOS')
note: A dependency of Swift module 'Dispatch': '/Applications/Xcode.app/Contents/Developer/Toolchains/XcodeDefault.xctoolchain/usr/lib/swift/iphonesimulator/prebuilt-modules/26.2/Dispatch.swiftmodule/arm64-apple-ios-simulator.swiftmodule' (in target 'InkOS' from project 'InkOS')
note: A dependency of Swift module 'CoreFoundation': '/Applications/Xcode.app/Contents/Developer/Toolchains/XcodeDefault.xctoolchain/usr/lib/swift/iphonesimulator/prebuilt-modules/26.2/CoreFoundation.swiftmodule/arm64-apple-ios-simulator.swiftmodule' (in target 'InkOS' from project 'InkOS')
note: A dependency of Swift module 'Foundation': '/Applications/Xcode.app/Contents/Developer/Toolchains/XcodeDefault.xctoolchain/usr/lib/swift/iphonesimulator/prebuilt-modules/26.2/Foundation.swiftmodule/arm64-apple-ios-simulator.swiftmodule' (in target 'InkOS' from project 'InkOS')
note: A dependency of Swift module 'CoreData': '/Applications/Xcode.app/Contents/Developer/Toolchains/XcodeDefault.xctoolchain/usr/lib/swift/iphonesimulator/prebuilt-modules/26.2/CoreData.swiftmodule/arm64-apple-ios-simulator.swiftmodule' (in target 'InkOS' from project 'InkOS')
note: A dependency of Swift module 'Combine': '/Applications/Xcode.app/Contents/Developer/Toolchains/XcodeDefault.xctoolchain/usr/lib/swift/iphonesimulator/prebuilt-modules/26.2/Combine.swiftmodule/arm64-apple-ios-simulator.swiftmodule' (in target 'InkOS' from project 'InkOS')
note: A dependency of Swift module 'SwiftUI': '/Applications/Xcode.app/Contents/Developer/Toolchains/XcodeDefault.xctoolchain/usr/lib/swift/iphonesimulator/prebuilt-modules/26.2/SwiftUI.swiftmodule/arm64-apple-ios-simulator.swiftmodule' (in target 'InkOS' from project 'InkOS')
note: A dependency of Swift module '_Concurrency': '/Applications/Xcode.app/Contents/Developer/Toolchains/XcodeDefault.xctoolchain/usr/lib/swift/iphonesimulator/prebuilt-modules/26.2/_Concurrency.swiftmodule/arm64-apple-ios-simulator.swiftmodule' (in target 'InkOS' from project 'InkOS')
note: A dependency of main module 'InkOS' (in target 'InkOS' from project 'InkOS')
note: A dependency of Swift module '_Concurrency': '/Applications/Xcode.app/Contents/Developer/Toolchains/XcodeDefault.xctoolchain/usr/lib/swift/iphonesimulator/prebuilt-modules/26.2/_Concurrency.swiftmodule/arm64-apple-ios-simulator.swiftmodule' (in target 'InkOS' from project 'InkOS')
note: A dependency of Swift module 'UniformTypeIdentifiers': '/Applications/Xcode.app/Contents/Developer/Toolchains/XcodeDefault.xctoolchain/usr/lib/swift/iphonesimulator/prebuilt-modules/26.2/UniformTypeIdentifiers.swiftmodule/arm64-apple-ios-simulator.swiftmodule' (in target 'InkOS' from project 'InkOS')
note: A dependency of Swift module 'CoreTransferable': '/Applications/Xcode.app/Contents/Developer/Toolchains/XcodeDefault.xctoolchain/usr/lib/swift/iphonesimulator/prebuilt-modules/26.2/CoreTransferable.swiftmodule/arm64-apple-ios-simulator.swiftmodule' (in target 'InkOS' from project 'InkOS')
note: A dependency of Swift module 'CoreGraphics': '/Applications/Xcode.app/Contents/Developer/Toolchains/XcodeDefault.xctoolchain/usr/lib/swift/iphonesimulator/prebuilt-modules/26.2/CoreGraphics.swiftmodule/arm64-apple-ios-simulator.swiftmodule' (in target 'InkOS' from project 'InkOS')
note: A dependency of Swift module '_Concurrency': '/Applications/Xcode.app/Contents/Developer/Toolchains/XcodeDefault.xctoolchain/usr/lib/swift/iphonesimulator/prebuilt-modules/26.2/_Concurrency.swiftmodule/arm64-apple-ios-simulator.swiftmodule' (in target 'InkOS' from project 'InkOS')
note: A dependency of Swift module 'System': '/Applications/Xcode.app/Contents/Developer/Toolchains/XcodeDefault.xctoolchain/usr/lib/swift/iphonesimulator/prebuilt-modules/26.2/System.swiftmodule/arm64-apple-ios-simulator.swiftmodule' (in target 'InkOS' from project 'InkOS')
note: A dependency of Swift module 'Observation': '/Applications/Xcode.app/Contents/Developer/Toolchains/XcodeDefault.xctoolchain/usr/lib/swift/iphonesimulator/prebuilt-modules/26.2/Observation.swiftmodule/arm64-apple-ios-simulator.swiftmodule' (in target 'InkOS' from project 'InkOS')
note: A dependency of Swift module 'ObjectiveC': '/Applications/Xcode.app/Contents/Developer/Toolchains/XcodeDefault.xctoolchain/usr/lib/swift/iphonesimulator/prebuilt-modules/26.2/ObjectiveC.swiftmodule/arm64-apple-ios-simulator.swiftmodule' (in target 'InkOS' from project 'InkOS')
note: A dependency of Swift module 'Dispatch': '/Applications/Xcode.app/Contents/Developer/Toolchains/XcodeDefault.xctoolchain/usr/lib/swift/iphonesimulator/prebuilt-modules/26.2/Dispatch.swiftmodule/arm64-apple-ios-simulator.swiftmodule' (in target 'InkOS' from project 'InkOS')
note: A dependency of Swift module 'CoreFoundation': '/Applications/Xcode.app/Contents/Developer/Toolchains/XcodeDefault.xctoolchain/usr/lib/swift/iphonesimulator/prebuilt-modules/26.2/CoreFoundation.swiftmodule/arm64-apple-ios-simulator.swiftmodule' (in target 'InkOS' from project 'InkOS')
note: A dependency of Swift module 'Foundation': '/Applications/Xcode.app/Contents/Developer/Toolchains/XcodeDefault.xctoolchain/usr/lib/swift/iphonesimulator/prebuilt-modules/26.2/Foundation.swiftmodule/arm64-apple-ios-simulator.swiftmodule' (in target 'InkOS' from project 'InkOS')
note: A dependency of Swift module 'CoreData': '/Applications/Xcode.app/Contents/Developer/Toolchains/XcodeDefault.xctoolchain/usr/lib/swift/iphonesimulator/prebuilt-modules/26.2/CoreData.swiftmodule/arm64-apple-ios-simulator.swiftmodule' (in target 'InkOS' from project 'InkOS')
note: A dependency of Swift module 'Combine': '/Applications/Xcode.app/Contents/Developer/Toolchains/XcodeDefault.xctoolchain/usr/lib/swift/iphonesimulator/prebuilt-modules/26.2/Combine.swiftmodule/arm64-apple-ios-simulator.swiftmodule' (in target 'InkOS' from project 'InkOS')
note: A dependency of Swift module 'SwiftUI': '/Applications/Xcode.app/Contents/Developer/Toolchains/XcodeDefault.xctoolchain/usr/lib/swift/iphonesimulator/prebuilt-modules/26.2/SwiftUI.swiftmodule/arm64-apple-ios-simulator.swiftmodule' (in target 'InkOS' from project 'InkOS')
note: A dependency of Swift module '_Concurrency': '/Applications/Xcode.app/Contents/Developer/Toolchains/XcodeDefault.xctoolchain/usr/lib/swift/iphonesimulator/prebuilt-modules/26.2/_Concurrency.swiftmodule/arm64-apple-ios-simulator.swiftmodule' (in target 'InkOS' from project 'InkOS')
note: A dependency of main module 'InkOS' (in target 'InkOS' from project 'InkOS')
note: A dependency of Swift module '_Concurrency': '/Applications/Xcode.app/Contents/Developer/Toolchains/XcodeDefault.xctoolchain/usr/lib/swift/iphonesimulator/prebuilt-modules/26.2/_Concurrency.swiftmodule/arm64-apple-ios-simulator.swiftmodule' (in target 'InkOS' from project 'InkOS')
note: A dependency of Swift module 'UniformTypeIdentifiers': '/Applications/Xcode.app/Contents/Developer/Toolchains/XcodeDefault.xctoolchain/usr/lib/swift/iphonesimulator/prebuilt-modules/26.2/UniformTypeIdentifiers.swiftmodule/arm64-apple-ios-simulator.swiftmodule' (in target 'InkOS' from project 'InkOS')
note: A dependency of Swift module 'CoreTransferable': '/Applications/Xcode.app/Contents/Developer/Toolchains/XcodeDefault.xctoolchain/usr/lib/swift/iphonesimulator/prebuilt-modules/26.2/CoreTransferable.swiftmodule/arm64-apple-ios-simulator.swiftmodule' (in target 'InkOS' from project 'InkOS')
note: A dependency of Swift module 'CoreGraphics': '/Applications/Xcode.app/Contents/Developer/Toolchains/XcodeDefault.xctoolchain/usr/lib/swift/iphonesimulator/prebuilt-modules/26.2/CoreGraphics.swiftmodule/arm64-apple-ios-simulator.swiftmodule' (in target 'InkOS' from project 'InkOS')
note: A dependency of Swift module '_Concurrency': '/Applications/Xcode.app/Contents/Developer/Toolchains/XcodeDefault.xctoolchain/usr/lib/swift/iphonesimulator/prebuilt-modules/26.2/_Concurrency.swiftmodule/arm64-apple-ios-simulator.swiftmodule' (in target 'InkOS' from project 'InkOS')
note: A dependency of Swift module 'System': '/Applications/Xcode.app/Contents/Developer/Toolchains/XcodeDefault.xctoolchain/usr/lib/swift/iphonesimulator/prebuilt-modules/26.2/System.swiftmodule/arm64-apple-ios-simulator.swiftmodule' (in target 'InkOS' from project 'InkOS')
note: A dependency of Swift module 'Observation': '/Applications/Xcode.app/Contents/Developer/Toolchains/XcodeDefault.xctoolchain/usr/lib/swift/iphonesimulator/prebuilt-modules/26.2/Observation.swiftmodule/arm64-apple-ios-simulator.swiftmodule' (in target 'InkOS' from project 'InkOS')
note: A dependency of Swift module 'ObjectiveC': '/Applications/Xcode.app/Contents/Developer/Toolchains/XcodeDefault.xctoolchain/usr/lib/swift/iphonesimulator/prebuilt-modules/26.2/ObjectiveC.swiftmodule/arm64-apple-ios-simulator.swiftmodule' (in target 'InkOS' from project 'InkOS')
note: A dependency of Swift module 'Dispatch': '/Applications/Xcode.app/Contents/Developer/Toolchains/XcodeDefault.xctoolchain/usr/lib/swift/iphonesimulator/prebuilt-modules/26.2/Dispatch.swiftmodule/arm64-apple-ios-simulator.swiftmodule' (in target 'InkOS' from project 'InkOS')
note: A dependency of Swift module 'CoreFoundation': '/Applications/Xcode.app/Contents/Developer/Toolchains/XcodeDefault.xctoolchain/usr/lib/swift/iphonesimulator/prebuilt-modules/26.2/CoreFoundation.swiftmodule/arm64-apple-ios-simulator.swiftmodule' (in target 'InkOS' from project 'InkOS')
note: A dependency of Swift module 'Foundation': '/Applications/Xcode.app/Contents/Developer/Toolchains/XcodeDefault.xctoolchain/usr/lib/swift/iphonesimulator/prebuilt-modules/26.2/Foundation.swiftmodule/arm64-apple-ios-simulator.swiftmodule' (in target 'InkOS' from project 'InkOS')
note: A dependency of Swift module 'CoreData': '/Applications/Xcode.app/Contents/Developer/Toolchains/XcodeDefault.xctoolchain/usr/lib/swift/iphonesimulator/prebuilt-modules/26.2/CoreData.swiftmodule/arm64-apple-ios-simulator.swiftmodule' (in target 'InkOS' from project 'InkOS')
note: A dependency of Swift module 'Combine': '/Applications/Xcode.app/Contents/Developer/Toolchains/XcodeDefault.xctoolchain/usr/lib/swift/iphonesimulator/prebuilt-modules/26.2/Combine.swiftmodule/arm64-apple-ios-simulator.swiftmodule' (in target 'InkOS' from project 'InkOS')
note: A dependency of Swift module 'SwiftUI': '/Applications/Xcode.app/Contents/Developer/Toolchains/XcodeDefault.xctoolchain/usr/lib/swift/iphonesimulator/prebuilt-modules/26.2/SwiftUI.swiftmodule/arm64-apple-ios-simulator.swiftmodule' (in target 'InkOS' from project 'InkOS')
note: A dependency of Swift module '_Concurrency': '/Applications/Xcode.app/Contents/Developer/Toolchains/XcodeDefault.xctoolchain/usr/lib/swift/iphonesimulator/prebuilt-modules/26.2/_Concurrency.swiftmodule/arm64-apple-ios-simulator.swiftmodule' (in target 'InkOS' from project 'InkOS')
note: A dependency of main module 'InkOS' (in target 'InkOS' from project 'InkOS')
note: A dependency of Swift module '_Concurrency': '/Applications/Xcode.app/Contents/Developer/Toolchains/XcodeDefault.xctoolchain/usr/lib/swift/iphonesimulator/prebuilt-modules/26.2/_Concurrency.swiftmodule/arm64-apple-ios-simulator.swiftmodule' (in target 'InkOS' from project 'InkOS')
note: A dependency of Swift module 'CoreGraphics': '/Applications/Xcode.app/Contents/Developer/Toolchains/XcodeDefault.xctoolchain/usr/lib/swift/iphonesimulator/prebuilt-modules/26.2/CoreGraphics.swiftmodule/arm64-apple-ios-simulator.swiftmodule' (in target 'InkOS' from project 'InkOS')
note: A dependency of Swift module '_Concurrency': '/Applications/Xcode.app/Contents/Developer/Toolchains/XcodeDefault.xctoolchain/usr/lib/swift/iphonesimulator/prebuilt-modules/26.2/_Concurrency.swiftmodule/arm64-apple-ios-simulator.swiftmodule' (in target 'InkOS' from project 'InkOS')
note: A dependency of Swift module 'System': '/Applications/Xcode.app/Contents/Developer/Toolchains/XcodeDefault.xctoolchain/usr/lib/swift/iphonesimulator/prebuilt-modules/26.2/System.swiftmodule/arm64-apple-ios-simulator.swiftmodule' (in target 'InkOS' from project 'InkOS')
note: A dependency of Swift module 'Observation': '/Applications/Xcode.app/Contents/Developer/Toolchains/XcodeDefault.xctoolchain/usr/lib/swift/iphonesimulator/prebuilt-modules/26.2/Observation.swiftmodule/arm64-apple-ios-simulator.swiftmodule' (in target 'InkOS' from project 'InkOS')
note: A dependency of Swift module 'ObjectiveC': '/Applications/Xcode.app/Contents/Developer/Toolchains/XcodeDefault.xctoolchain/usr/lib/swift/iphonesimulator/prebuilt-modules/26.2/ObjectiveC.swiftmodule/arm64-apple-ios-simulator.swiftmodule' (in target 'InkOS' from project 'InkOS')
note: A dependency of Swift module 'Dispatch': '/Applications/Xcode.app/Contents/Developer/Toolchains/XcodeDefault.xctoolchain/usr/lib/swift/iphonesimulator/prebuilt-modules/26.2/Dispatch.swiftmodule/arm64-apple-ios-simulator.swiftmodule' (in target 'InkOS' from project 'InkOS')
note: A dependency of Swift module 'CoreFoundation': '/Applications/Xcode.app/Contents/Developer/Toolchains/XcodeDefault.xctoolchain/usr/lib/swift/iphonesimulator/prebuilt-modules/26.2/CoreFoundation.swiftmodule/arm64-apple-ios-simulator.swiftmodule' (in target 'InkOS' from project 'InkOS')
note: A dependency of Swift module 'Foundation': '/Applications/Xcode.app/Contents/Developer/Toolchains/XcodeDefault.xctoolchain/usr/lib/swift/iphonesimulator/prebuilt-modules/26.2/Foundation.swiftmodule/arm64-apple-ios-simulator.swiftmodule' (in target 'InkOS' from project 'InkOS')
note: A dependency of Swift module 'CoreData': '/Applications/Xcode.app/Contents/Developer/Toolchains/XcodeDefault.xctoolchain/usr/lib/swift/iphonesimulator/prebuilt-modules/26.2/CoreData.swiftmodule/arm64-apple-ios-simulator.swiftmodule' (in target 'InkOS' from project 'InkOS')
note: A dependency of Swift module 'Combine': '/Applications/Xcode.app/Contents/Developer/Toolchains/XcodeDefault.xctoolchain/usr/lib/swift/iphonesimulator/prebuilt-modules/26.2/Combine.swiftmodule/arm64-apple-ios-simulator.swiftmodule' (in target 'InkOS' from project 'InkOS')
note: A dependency of Swift module 'SwiftUI': '/Applications/Xcode.app/Contents/Developer/Toolchains/XcodeDefault.xctoolchain/usr/lib/swift/iphonesimulator/prebuilt-modules/26.2/SwiftUI.swiftmodule/arm64-apple-ios-simulator.swiftmodule' (in target 'InkOS' from project 'InkOS')
note: A dependency of Swift module '_Concurrency': '/Applications/Xcode.app/Contents/Developer/Toolchains/XcodeDefault.xctoolchain/usr/lib/swift/iphonesimulator/prebuilt-modules/26.2/_Concurrency.swiftmodule/arm64-apple-ios-simulator.swiftmodule' (in target 'InkOS' from project 'InkOS')
note: A dependency of main module 'InkOS' (in target 'InkOS' from project 'InkOS')
note: A dependency of Swift module '_Concurrency': '/Applications/Xcode.app/Contents/Developer/Toolchains/XcodeDefault.xctoolchain/usr/lib/swift/iphonesimulator/prebuilt-modules/26.2/_Concurrency.swiftmodule/arm64-apple-ios-simulator.swiftmodule' (in target 'InkOS' from project 'InkOS')
note: A dependency of Swift module 'os': '/Applications/Xcode.app/Contents/Developer/Toolchains/XcodeDefault.xctoolchain/usr/lib/swift/iphonesimulator/prebuilt-modules/26.2/os.swiftmodule/arm64-apple-ios-simulator.swiftmodule' (in target 'InkOS' from project 'InkOS')
note: A dependency of Swift module '_Concurrency': '/Applications/Xcode.app/Contents/Developer/Toolchains/XcodeDefault.xctoolchain/usr/lib/swift/iphonesimulator/prebuilt-modules/26.2/_Concurrency.swiftmodule/arm64-apple-ios-simulator.swiftmodule' (in target 'InkOS' from project 'InkOS')
note: A dependency of Swift module 'System': '/Applications/Xcode.app/Contents/Developer/Toolchains/XcodeDefault.xctoolchain/usr/lib/swift/iphonesimulator/prebuilt-modules/26.2/System.swiftmodule/arm64-apple-ios-simulator.swiftmodule' (in target 'InkOS' from project 'InkOS')
note: A dependency of Swift module 'Observation': '/Applications/Xcode.app/Contents/Developer/Toolchains/XcodeDefault.xctoolchain/usr/lib/swift/iphonesimulator/prebuilt-modules/26.2/Observation.swiftmodule/arm64-apple-ios-simulator.swiftmodule' (in target 'InkOS' from project 'InkOS')
note: A dependency of Swift module 'ObjectiveC': '/Applications/Xcode.app/Contents/Developer/Toolchains/XcodeDefault.xctoolchain/usr/lib/swift/iphonesimulator/prebuilt-modules/26.2/ObjectiveC.swiftmodule/arm64-apple-ios-simulator.swiftmodule' (in target 'InkOS' from project 'InkOS')
note: A dependency of Swift module 'Dispatch': '/Applications/Xcode.app/Contents/Developer/Toolchains/XcodeDefault.xctoolchain/usr/lib/swift/iphonesimulator/prebuilt-modules/26.2/Dispatch.swiftmodule/arm64-apple-ios-simulator.swiftmodule' (in target 'InkOS' from project 'InkOS')
note: A dependency of Swift module 'CoreFoundation': '/Applications/Xcode.app/Contents/Developer/Toolchains/XcodeDefault.xctoolchain/usr/lib/swift/iphonesimulator/prebuilt-modules/26.2/CoreFoundation.swiftmodule/arm64-apple-ios-simulator.swiftmodule' (in target 'InkOS' from project 'InkOS')
note: A dependency of Swift module 'Foundation': '/Applications/Xcode.app/Contents/Developer/Toolchains/XcodeDefault.xctoolchain/usr/lib/swift/iphonesimulator/prebuilt-modules/26.2/Foundation.swiftmodule/arm64-apple-ios-simulator.swiftmodule' (in target 'InkOS' from project 'InkOS')
note: A dependency of Swift module 'CoreData': '/Applications/Xcode.app/Contents/Developer/Toolchains/XcodeDefault.xctoolchain/usr/lib/swift/iphonesimulator/prebuilt-modules/26.2/CoreData.swiftmodule/arm64-apple-ios-simulator.swiftmodule' (in target 'InkOS' from project 'InkOS')
note: A dependency of Swift module 'Combine': '/Applications/Xcode.app/Contents/Developer/Toolchains/XcodeDefault.xctoolchain/usr/lib/swift/iphonesimulator/prebuilt-modules/26.2/Combine.swiftmodule/arm64-apple-ios-simulator.swiftmodule' (in target 'InkOS' from project 'InkOS')
note: A dependency of Swift module 'SwiftUI': '/Applications/Xcode.app/Contents/Developer/Toolchains/XcodeDefault.xctoolchain/usr/lib/swift/iphonesimulator/prebuilt-modules/26.2/SwiftUI.swiftmodule/arm64-apple-ios-simulator.swiftmodule' (in target 'InkOS' from project 'InkOS')
note: A dependency of Swift module '_Concurrency': '/Applications/Xcode.app/Contents/Developer/Toolchains/XcodeDefault.xctoolchain/usr/lib/swift/iphonesimulator/prebuilt-modules/26.2/_Concurrency.swiftmodule/arm64-apple-ios-simulator.swiftmodule' (in target 'InkOS' from project 'InkOS')
note: A dependency of main module 'InkOS' (in target 'InkOS' from project 'InkOS')
note: A dependency of Swift module '_Concurrency': '/Applications/Xcode.app/Contents/Developer/Toolchains/XcodeDefault.xctoolchain/usr/lib/swift/iphonesimulator/prebuilt-modules/26.2/_Concurrency.swiftmodule/arm64-apple-ios-simulator.swiftmodule' (in target 'InkOS' from project 'InkOS')
note: A dependency of Swift module 'System': '/Applications/Xcode.app/Contents/Developer/Toolchains/XcodeDefault.xctoolchain/usr/lib/swift/iphonesimulator/prebuilt-modules/26.2/System.swiftmodule/arm64-apple-ios-simulator.swiftmodule' (in target 'InkOS' from project 'InkOS')
note: A dependency of Swift module 'Observation': '/Applications/Xcode.app/Contents/Developer/Toolchains/XcodeDefault.xctoolchain/usr/lib/swift/iphonesimulator/prebuilt-modules/26.2/Observation.swiftmodule/arm64-apple-ios-simulator.swiftmodule' (in target 'InkOS' from project 'InkOS')
note: A dependency of Swift module 'ObjectiveC': '/Applications/Xcode.app/Contents/Developer/Toolchains/XcodeDefault.xctoolchain/usr/lib/swift/iphonesimulator/prebuilt-modules/26.2/ObjectiveC.swiftmodule/arm64-apple-ios-simulator.swiftmodule' (in target 'InkOS' from project 'InkOS')
note: A dependency of Swift module 'Dispatch': '/Applications/Xcode.app/Contents/Developer/Toolchains/XcodeDefault.xctoolchain/usr/lib/swift/iphonesimulator/prebuilt-modules/26.2/Dispatch.swiftmodule/arm64-apple-ios-simulator.swiftmodule' (in target 'InkOS' from project 'InkOS')
note: A dependency of Swift module 'CoreFoundation': '/Applications/Xcode.app/Contents/Developer/Toolchains/XcodeDefault.xctoolchain/usr/lib/swift/iphonesimulator/prebuilt-modules/26.2/CoreFoundation.swiftmodule/arm64-apple-ios-simulator.swiftmodule' (in target 'InkOS' from project 'InkOS')
note: A dependency of Swift module 'Foundation': '/Applications/Xcode.app/Contents/Developer/Toolchains/XcodeDefault.xctoolchain/usr/lib/swift/iphonesimulator/prebuilt-modules/26.2/Foundation.swiftmodule/arm64-apple-ios-simulator.swiftmodule' (in target 'InkOS' from project 'InkOS')
note: A dependency of Swift module 'CoreData': '/Applications/Xcode.app/Contents/Developer/Toolchains/XcodeDefault.xctoolchain/usr/lib/swift/iphonesimulator/prebuilt-modules/26.2/CoreData.swiftmodule/arm64-apple-ios-simulator.swiftmodule' (in target 'InkOS' from project 'InkOS')
note: A dependency of Swift module 'Combine': '/Applications/Xcode.app/Contents/Developer/Toolchains/XcodeDefault.xctoolchain/usr/lib/swift/iphonesimulator/prebuilt-modules/26.2/Combine.swiftmodule/arm64-apple-ios-simulator.swiftmodule' (in target 'InkOS' from project 'InkOS')
note: A dependency of Swift module 'SwiftUI': '/Applications/Xcode.app/Contents/Developer/Toolchains/XcodeDefault.xctoolchain/usr/lib/swift/iphonesimulator/prebuilt-modules/26.2/SwiftUI.swiftmodule/arm64-apple-ios-simulator.swiftmodule' (in target 'InkOS' from project 'InkOS')
note: A dependency of Swift module '_Concurrency': '/Applications/Xcode.app/Contents/Developer/Toolchains/XcodeDefault.xctoolchain/usr/lib/swift/iphonesimulator/prebuilt-modules/26.2/_Concurrency.swiftmodule/arm64-apple-ios-simulator.swiftmodule' (in target 'InkOS' from project 'InkOS')
note: A dependency of main module 'InkOS' (in target 'InkOS' from project 'InkOS')
note: A dependency of Swift module '_Concurrency': '/Applications/Xcode.app/Contents/Developer/Toolchains/XcodeDefault.xctoolchain/usr/lib/swift/iphonesimulator/prebuilt-modules/26.2/_Concurrency.swiftmodule/arm64-apple-ios-simulator.swiftmodule' (in target 'InkOS' from project 'InkOS')
note: A dependency of Swift module 'System': '/Applications/Xcode.app/Contents/Developer/Toolchains/XcodeDefault.xctoolchain/usr/lib/swift/iphonesimulator/prebuilt-modules/26.2/System.swiftmodule/arm64-apple-ios-simulator.swiftmodule' (in target 'InkOS' from project 'InkOS')
note: A dependency of Swift module 'Observation': '/Applications/Xcode.app/Contents/Developer/Toolchains/XcodeDefault.xctoolchain/usr/lib/swift/iphonesimulator/prebuilt-modules/26.2/Observation.swiftmodule/arm64-apple-ios-simulator.swiftmodule' (in target 'InkOS' from project 'InkOS')
note: A dependency of Swift module 'ObjectiveC': '/Applications/Xcode.app/Contents/Developer/Toolchains/XcodeDefault.xctoolchain/usr/lib/swift/iphonesimulator/prebuilt-modules/26.2/ObjectiveC.swiftmodule/arm64-apple-ios-simulator.swiftmodule' (in target 'InkOS' from project 'InkOS')
note: A dependency of Swift module 'Dispatch': '/Applications/Xcode.app/Contents/Developer/Toolchains/XcodeDefault.xctoolchain/usr/lib/swift/iphonesimulator/prebuilt-modules/26.2/Dispatch.swiftmodule/arm64-apple-ios-simulator.swiftmodule' (in target 'InkOS' from project 'InkOS')
note: A dependency of Swift module 'CoreFoundation': '/Applications/Xcode.app/Contents/Developer/Toolchains/XcodeDefault.xctoolchain/usr/lib/swift/iphonesimulator/prebuilt-modules/26.2/CoreFoundation.swiftmodule/arm64-apple-ios-simulator.swiftmodule' (in target 'InkOS' from project 'InkOS')
note: A dependency of Swift module 'Foundation': '/Applications/Xcode.app/Contents/Developer/Toolchains/XcodeDefault.xctoolchain/usr/lib/swift/iphonesimulator/prebuilt-modules/26.2/Foundation.swiftmodule/arm64-apple-ios-simulator.swiftmodule' (in target 'InkOS' from project 'InkOS')
note: A dependency of Swift module 'CoreData': '/Applications/Xcode.app/Contents/Developer/Toolchains/XcodeDefault.xctoolchain/usr/lib/swift/iphonesimulator/prebuilt-modules/26.2/CoreData.swiftmodule/arm64-apple-ios-simulator.swiftmodule' (in target 'InkOS' from project 'InkOS')
note: A dependency of Swift module 'Combine': '/Applications/Xcode.app/Contents/Developer/Toolchains/XcodeDefault.xctoolchain/usr/lib/swift/iphonesimulator/prebuilt-modules/26.2/Combine.swiftmodule/arm64-apple-ios-simulator.swiftmodule' (in target 'InkOS' from project 'InkOS')
note: A dependency of Swift module 'SwiftUI': '/Applications/Xcode.app/Contents/Developer/Toolchains/XcodeDefault.xctoolchain/usr/lib/swift/iphonesimulator/prebuilt-modules/26.2/SwiftUI.swiftmodule/arm64-apple-ios-simulator.swiftmodule' (in target 'InkOS' from project 'InkOS')
note: A dependency of Swift module '_Concurrency': '/Applications/Xcode.app/Contents/Developer/Toolchains/XcodeDefault.xctoolchain/usr/lib/swift/iphonesimulator/prebuilt-modules/26.2/_Concurrency.swiftmodule/arm64-apple-ios-simulator.swiftmodule' (in target 'InkOS' from project 'InkOS')
note: A dependency of main module 'InkOS' (in target 'InkOS' from project 'InkOS')
note: A dependency of Swift module '_Concurrency': '/Applications/Xcode.app/Contents/Developer/Toolchains/XcodeDefault.xctoolchain/usr/lib/swift/iphonesimulator/prebuilt-modules/26.2/_Concurrency.swiftmodule/arm64-apple-ios-simulator.swiftmodule' (in target 'InkOS' from project 'InkOS')
note: A dependency of Swift module 'System': '/Applications/Xcode.app/Contents/Developer/Toolchains/XcodeDefault.xctoolchain/usr/lib/swift/iphonesimulator/prebuilt-modules/26.2/System.swiftmodule/arm64-apple-ios-simulator.swiftmodule' (in target 'InkOS' from project 'InkOS')
note: A dependency of Swift module 'Observation': '/Applications/Xcode.app/Contents/Developer/Toolchains/XcodeDefault.xctoolchain/usr/lib/swift/iphonesimulator/prebuilt-modules/26.2/Observation.swiftmodule/arm64-apple-ios-simulator.swiftmodule' (in target 'InkOS' from project 'InkOS')
note: A dependency of Swift module 'ObjectiveC': '/Applications/Xcode.app/Contents/Developer/Toolchains/XcodeDefault.xctoolchain/usr/lib/swift/iphonesimulator/prebuilt-modules/26.2/ObjectiveC.swiftmodule/arm64-apple-ios-simulator.swiftmodule' (in target 'InkOS' from project 'InkOS')
note: A dependency of Swift module 'Dispatch': '/Applications/Xcode.app/Contents/Developer/Toolchains/XcodeDefault.xctoolchain/usr/lib/swift/iphonesimulator/prebuilt-modules/26.2/Dispatch.swiftmodule/arm64-apple-ios-simulator.swiftmodule' (in target 'InkOS' from project 'InkOS')
note: A dependency of Swift module 'CoreFoundation': '/Applications/Xcode.app/Contents/Developer/Toolchains/XcodeDefault.xctoolchain/usr/lib/swift/iphonesimulator/prebuilt-modules/26.2/CoreFoundation.swiftmodule/arm64-apple-ios-simulator.swiftmodule' (in target 'InkOS' from project 'InkOS')
note: A dependency of Swift module 'Foundation': '/Applications/Xcode.app/Contents/Developer/Toolchains/XcodeDefault.xctoolchain/usr/lib/swift/iphonesimulator/prebuilt-modules/26.2/Foundation.swiftmodule/arm64-apple-ios-simulator.swiftmodule' (in target 'InkOS' from project 'InkOS')
note: A dependency of Swift module 'CoreData': '/Applications/Xcode.app/Contents/Developer/Toolchains/XcodeDefault.xctoolchain/usr/lib/swift/iphonesimulator/prebuilt-modules/26.2/CoreData.swiftmodule/arm64-apple-ios-simulator.swiftmodule' (in target 'InkOS' from project 'InkOS')
note: A dependency of Swift module 'Combine': '/Applications/Xcode.app/Contents/Developer/Toolchains/XcodeDefault.xctoolchain/usr/lib/swift/iphonesimulator/prebuilt-modules/26.2/Combine.swiftmodule/arm64-apple-ios-simulator.swiftmodule' (in target 'InkOS' from project 'InkOS')
note: A dependency of Swift module 'SwiftUI': '/Applications/Xcode.app/Contents/Developer/Toolchains/XcodeDefault.xctoolchain/usr/lib/swift/iphonesimulator/prebuilt-modules/26.2/SwiftUI.swiftmodule/arm64-apple-ios-simulator.swiftmodule' (in target 'InkOS' from project 'InkOS')
note: A dependency of Swift module '_Concurrency': '/Applications/Xcode.app/Contents/Developer/Toolchains/XcodeDefault.xctoolchain/usr/lib/swift/iphonesimulator/prebuilt-modules/26.2/_Concurrency.swiftmodule/arm64-apple-ios-simulator.swiftmodule' (in target 'InkOS' from project 'InkOS')
note: A dependency of main module 'InkOS' (in target 'InkOS' from project 'InkOS')
note: A dependency of Swift module '_Concurrency': '/Applications/Xcode.app/Contents/Developer/Toolchains/XcodeDefault.xctoolchain/usr/lib/swift/iphonesimulator/prebuilt-modules/26.2/_Concurrency.swiftmodule/arm64-apple-ios-simulator.swiftmodule' (in target 'InkOS' from project 'InkOS')
note: A dependency of Swift module 'Observation': '/Applications/Xcode.app/Contents/Developer/Toolchains/XcodeDefault.xctoolchain/usr/lib/swift/iphonesimulator/prebuilt-modules/26.2/Observation.swiftmodule/arm64-apple-ios-simulator.swiftmodule' (in target 'InkOS' from project 'InkOS')
note: A dependency of Swift module 'ObjectiveC': '/Applications/Xcode.app/Contents/Developer/Toolchains/XcodeDefault.xctoolchain/usr/lib/swift/iphonesimulator/prebuilt-modules/26.2/ObjectiveC.swiftmodule/arm64-apple-ios-simulator.swiftmodule' (in target 'InkOS' from project 'InkOS')
note: A dependency of Swift module 'Dispatch': '/Applications/Xcode.app/Contents/Developer/Toolchains/XcodeDefault.xctoolchain/usr/lib/swift/iphonesimulator/prebuilt-modules/26.2/Dispatch.swiftmodule/arm64-apple-ios-simulator.swiftmodule' (in target 'InkOS' from project 'InkOS')
note: A dependency of Swift module 'CoreFoundation': '/Applications/Xcode.app/Contents/Developer/Toolchains/XcodeDefault.xctoolchain/usr/lib/swift/iphonesimulator/prebuilt-modules/26.2/CoreFoundation.swiftmodule/arm64-apple-ios-simulator.swiftmodule' (in target 'InkOS' from project 'InkOS')
note: A dependency of Swift module 'Foundation': '/Applications/Xcode.app/Contents/Developer/Toolchains/XcodeDefault.xctoolchain/usr/lib/swift/iphonesimulator/prebuilt-modules/26.2/Foundation.swiftmodule/arm64-apple-ios-simulator.swiftmodule' (in target 'InkOS' from project 'InkOS')
note: A dependency of Swift module 'CoreData': '/Applications/Xcode.app/Contents/Developer/Toolchains/XcodeDefault.xctoolchain/usr/lib/swift/iphonesimulator/prebuilt-modules/26.2/CoreData.swiftmodule/arm64-apple-ios-simulator.swiftmodule' (in target 'InkOS' from project 'InkOS')
note: A dependency of Swift module 'Combine': '/Applications/Xcode.app/Contents/Developer/Toolchains/XcodeDefault.xctoolchain/usr/lib/swift/iphonesimulator/prebuilt-modules/26.2/Combine.swiftmodule/arm64-apple-ios-simulator.swiftmodule' (in target 'InkOS' from project 'InkOS')
note: A dependency of Swift module 'SwiftUI': '/Applications/Xcode.app/Contents/Developer/Toolchains/XcodeDefault.xctoolchain/usr/lib/swift/iphonesimulator/prebuilt-modules/26.2/SwiftUI.swiftmodule/arm64-apple-ios-simulator.swiftmodule' (in target 'InkOS' from project 'InkOS')
note: A dependency of Swift module '_Concurrency': '/Applications/Xcode.app/Contents/Developer/Toolchains/XcodeDefault.xctoolchain/usr/lib/swift/iphonesimulator/prebuilt-modules/26.2/_Concurrency.swiftmodule/arm64-apple-ios-simulator.swiftmodule' (in target 'InkOS' from project 'InkOS')
note: A dependency of main module 'InkOS' (in target 'InkOS' from project 'InkOS')
note: A dependency of Swift module '_Concurrency': '/Applications/Xcode.app/Contents/Developer/Toolchains/XcodeDefault.xctoolchain/usr/lib/swift/iphonesimulator/prebuilt-modules/26.2/_Concurrency.swiftmodule/arm64-apple-ios-simulator.swiftmodule' (in target 'InkOS' from project 'InkOS')
note: A dependency of Swift module 'ObjectiveC': '/Applications/Xcode.app/Contents/Developer/Toolchains/XcodeDefault.xctoolchain/usr/lib/swift/iphonesimulator/prebuilt-modules/26.2/ObjectiveC.swiftmodule/arm64-apple-ios-simulator.swiftmodule' (in target 'InkOS' from project 'InkOS')
note: A dependency of Swift module 'Dispatch': '/Applications/Xcode.app/Contents/Developer/Toolchains/XcodeDefault.xctoolchain/usr/lib/swift/iphonesimulator/prebuilt-modules/26.2/Dispatch.swiftmodule/arm64-apple-ios-simulator.swiftmodule' (in target 'InkOS' from project 'InkOS')
note: A dependency of Swift module 'CoreFoundation': '/Applications/Xcode.app/Contents/Developer/Toolchains/XcodeDefault.xctoolchain/usr/lib/swift/iphonesimulator/prebuilt-modules/26.2/CoreFoundation.swiftmodule/arm64-apple-ios-simulator.swiftmodule' (in target 'InkOS' from project 'InkOS')
note: A dependency of Swift module 'Foundation': '/Applications/Xcode.app/Contents/Developer/Toolchains/XcodeDefault.xctoolchain/usr/lib/swift/iphonesimulator/prebuilt-modules/26.2/Foundation.swiftmodule/arm64-apple-ios-simulator.swiftmodule' (in target 'InkOS' from project 'InkOS')
note: A dependency of Swift module 'CoreData': '/Applications/Xcode.app/Contents/Developer/Toolchains/XcodeDefault.xctoolchain/usr/lib/swift/iphonesimulator/prebuilt-modules/26.2/CoreData.swiftmodule/arm64-apple-ios-simulator.swiftmodule' (in target 'InkOS' from project 'InkOS')
note: A dependency of Swift module 'Combine': '/Applications/Xcode.app/Contents/Developer/Toolchains/XcodeDefault.xctoolchain/usr/lib/swift/iphonesimulator/prebuilt-modules/26.2/Combine.swiftmodule/arm64-apple-ios-simulator.swiftmodule' (in target 'InkOS' from project 'InkOS')
note: A dependency of Swift module 'SwiftUI': '/Applications/Xcode.app/Contents/Developer/Toolchains/XcodeDefault.xctoolchain/usr/lib/swift/iphonesimulator/prebuilt-modules/26.2/SwiftUI.swiftmodule/arm64-apple-ios-simulator.swiftmodule' (in target 'InkOS' from project 'InkOS')
note: A dependency of Swift module '_Concurrency': '/Applications/Xcode.app/Contents/Developer/Toolchains/XcodeDefault.xctoolchain/usr/lib/swift/iphonesimulator/prebuilt-modules/26.2/_Concurrency.swiftmodule/arm64-apple-ios-simulator.swiftmodule' (in target 'InkOS' from project 'InkOS')
note: A dependency of main module 'InkOS' (in target 'InkOS' from project 'InkOS')
note: A dependency of Swift module '_Concurrency': '/Applications/Xcode.app/Contents/Developer/Toolchains/XcodeDefault.xctoolchain/usr/lib/swift/iphonesimulator/prebuilt-modules/26.2/_Concurrency.swiftmodule/arm64-apple-ios-simulator.swiftmodule' (in target 'InkOS' from project 'InkOS')
note: A dependency of Swift module 'Dispatch': '/Applications/Xcode.app/Contents/Developer/Toolchains/XcodeDefault.xctoolchain/usr/lib/swift/iphonesimulator/prebuilt-modules/26.2/Dispatch.swiftmodule/arm64-apple-ios-simulator.swiftmodule' (in target 'InkOS' from project 'InkOS')
note: A dependency of Swift module 'CoreFoundation': '/Applications/Xcode.app/Contents/Developer/Toolchains/XcodeDefault.xctoolchain/usr/lib/swift/iphonesimulator/prebuilt-modules/26.2/CoreFoundation.swiftmodule/arm64-apple-ios-simulator.swiftmodule' (in target 'InkOS' from project 'InkOS')
note: A dependency of Swift module 'Foundation': '/Applications/Xcode.app/Contents/Developer/Toolchains/XcodeDefault.xctoolchain/usr/lib/swift/iphonesimulator/prebuilt-modules/26.2/Foundation.swiftmodule/arm64-apple-ios-simulator.swiftmodule' (in target 'InkOS' from project 'InkOS')
note: A dependency of Swift module 'CoreData': '/Applications/Xcode.app/Contents/Developer/Toolchains/XcodeDefault.xctoolchain/usr/lib/swift/iphonesimulator/prebuilt-modules/26.2/CoreData.swiftmodule/arm64-apple-ios-simulator.swiftmodule' (in target 'InkOS' from project 'InkOS')
note: A dependency of Swift module 'Combine': '/Applications/Xcode.app/Contents/Developer/Toolchains/XcodeDefault.xctoolchain/usr/lib/swift/iphonesimulator/prebuilt-modules/26.2/Combine.swiftmodule/arm64-apple-ios-simulator.swiftmodule' (in target 'InkOS' from project 'InkOS')
note: A dependency of Swift module 'SwiftUI': '/Applications/Xcode.app/Contents/Developer/Toolchains/XcodeDefault.xctoolchain/usr/lib/swift/iphonesimulator/prebuilt-modules/26.2/SwiftUI.swiftmodule/arm64-apple-ios-simulator.swiftmodule' (in target 'InkOS' from project 'InkOS')
note: A dependency of Swift module '_Concurrency': '/Applications/Xcode.app/Contents/Developer/Toolchains/XcodeDefault.xctoolchain/usr/lib/swift/iphonesimulator/prebuilt-modules/26.2/_Concurrency.swiftmodule/arm64-apple-ios-simulator.swiftmodule' (in target 'InkOS' from project 'InkOS')
note: A dependency of main module 'InkOS' (in target 'InkOS' from project 'InkOS')
note: A dependency of Swift module '_Concurrency': '/Applications/Xcode.app/Contents/Developer/Toolchains/XcodeDefault.xctoolchain/usr/lib/swift/iphonesimulator/prebuilt-modules/26.2/_Concurrency.swiftmodule/arm64-apple-ios-simulator.swiftmodule' (in target 'InkOS' from project 'InkOS')
note: A dependency of Swift module 'CoreFoundation': '/Applications/Xcode.app/Contents/Developer/Toolchains/XcodeDefault.xctoolchain/usr/lib/swift/iphonesimulator/prebuilt-modules/26.2/CoreFoundation.swiftmodule/arm64-apple-ios-simulator.swiftmodule' (in target 'InkOS' from project 'InkOS')
note: A dependency of Swift module 'Foundation': '/Applications/Xcode.app/Contents/Developer/Toolchains/XcodeDefault.xctoolchain/usr/lib/swift/iphonesimulator/prebuilt-modules/26.2/Foundation.swiftmodule/arm64-apple-ios-simulator.swiftmodule' (in target 'InkOS' from project 'InkOS')
note: A dependency of Swift module 'CoreData': '/Applications/Xcode.app/Contents/Developer/Toolchains/XcodeDefault.xctoolchain/usr/lib/swift/iphonesimulator/prebuilt-modules/26.2/CoreData.swiftmodule/arm64-apple-ios-simulator.swiftmodule' (in target 'InkOS' from project 'InkOS')
note: A dependency of Swift module 'Combine': '/Applications/Xcode.app/Contents/Developer/Toolchains/XcodeDefault.xctoolchain/usr/lib/swift/iphonesimulator/prebuilt-modules/26.2/Combine.swiftmodule/arm64-apple-ios-simulator.swiftmodule' (in target 'InkOS' from project 'InkOS')
note: A dependency of Swift module 'SwiftUI': '/Applications/Xcode.app/Contents/Developer/Toolchains/XcodeDefault.xctoolchain/usr/lib/swift/iphonesimulator/prebuilt-modules/26.2/SwiftUI.swiftmodule/arm64-apple-ios-simulator.swiftmodule' (in target 'InkOS' from project 'InkOS')
note: A dependency of Swift module '_Concurrency': '/Applications/Xcode.app/Contents/Developer/Toolchains/XcodeDefault.xctoolchain/usr/lib/swift/iphonesimulator/prebuilt-modules/26.2/_Concurrency.swiftmodule/arm64-apple-ios-simulator.swiftmodule' (in target 'InkOS' from project 'InkOS')
note: A dependency of main module 'InkOS' (in target 'InkOS' from project 'InkOS')
note: A dependency of Swift module '_Concurrency': '/Applications/Xcode.app/Contents/Developer/Toolchains/XcodeDefault.xctoolchain/usr/lib/swift/iphonesimulator/prebuilt-modules/26.2/_Concurrency.swiftmodule/arm64-apple-ios-simulator.swiftmodule' (in target 'InkOS' from project 'InkOS')
note: A dependency of Swift module 'Combine': '/Applications/Xcode.app/Contents/Developer/Toolchains/XcodeDefault.xctoolchain/usr/lib/swift/iphonesimulator/prebuilt-modules/26.2/Combine.swiftmodule/arm64-apple-ios-simulator.swiftmodule' (in target 'InkOS' from project 'InkOS')
note: A dependency of Swift module 'SwiftUI': '/Applications/Xcode.app/Contents/Developer/Toolchains/XcodeDefault.xctoolchain/usr/lib/swift/iphonesimulator/prebuilt-modules/26.2/SwiftUI.swiftmodule/arm64-apple-ios-simulator.swiftmodule' (in target 'InkOS' from project 'InkOS')
note: A dependency of Swift module '_Concurrency': '/Applications/Xcode.app/Contents/Developer/Toolchains/XcodeDefault.xctoolchain/usr/lib/swift/iphonesimulator/prebuilt-modules/26.2/_Concurrency.swiftmodule/arm64-apple-ios-simulator.swiftmodule' (in target 'InkOS' from project 'InkOS')
note: A dependency of main module 'InkOS' (in target 'InkOS' from project 'InkOS')
note: A dependency of Swift module '_Concurrency': '/Applications/Xcode.app/Contents/Developer/Toolchains/XcodeDefault.xctoolchain/usr/lib/swift/iphonesimulator/prebuilt-modules/26.2/_Concurrency.swiftmodule/arm64-apple-ios-simulator.swiftmodule' (in target 'InkOS' from project 'InkOS')
note: A dependency of main module 'InkOS' (in target 'InkOS' from project 'InkOS')
error: Unable to find module dependency: 'SwiftUI' (in target 'InkOS' from project 'InkOS')
note: A dependency of Swift module 'SwiftUI': '/Applications/Xcode.app/Contents/Developer/Toolchains/XcodeDefault.xctoolchain/usr/lib/swift/iphonesimulator/prebuilt-modules/26.2/SwiftUI.swiftmodule/arm64-apple-ios-simulator.swiftmodule' (in target 'InkOS' from project 'InkOS')
note: A dependency of main module 'InkOS' (in target 'InkOS' from project 'InkOS')
error: Unable to find module dependency: '_SwiftConcurrencyShims' (in target 'InkOS' from project 'InkOS')
note: A dependency of Swift module 'SwiftUI': '/Applications/Xcode.app/Contents/Developer/Toolchains/XcodeDefault.xctoolchain/usr/lib/swift/iphonesimulator/prebuilt-modules/26.2/SwiftUI.swiftmodule/arm64-apple-ios-simulator.swiftmodule' (in target 'InkOS' from project 'InkOS')
note: A dependency of main module 'InkOS' (in target 'InkOS' from project 'InkOS')
error: Unable to find module dependency: 'UIKit' (in target 'InkOS' from project 'InkOS')
note: A dependency of Swift module 'UIKit': '/Applications/Xcode.app/Contents/Developer/Toolchains/XcodeDefault.xctoolchain/usr/lib/swift/iphonesimulator/prebuilt-modules/26.2/UIKit.swiftmodule/arm64-apple-ios-simulator.swiftmodule' (in target 'InkOS' from project 'InkOS')
note: A dependency of Swift module 'SwiftUI': '/Applications/Xcode.app/Contents/Developer/Toolchains/XcodeDefault.xctoolchain/usr/lib/swift/iphonesimulator/prebuilt-modules/26.2/SwiftUI.swiftmodule/arm64-apple-ios-simulator.swiftmodule' (in target 'InkOS' from project 'InkOS')
note: A dependency of main module 'InkOS' (in target 'InkOS' from project 'InkOS')
note: A dependency of Swift module 'UIKit': '/Applications/Xcode.app/Contents/Developer/Toolchains/XcodeDefault.xctoolchain/usr/lib/swift/iphonesimulator/prebuilt-modules/26.2/UIKit.swiftmodule/arm64-apple-ios-simulator.swiftmodule' (in target 'InkOS' from project 'InkOS')
note: A dependency of Swift module 'SwiftUI': '/Applications/Xcode.app/Contents/Developer/Toolchains/XcodeDefault.xctoolchain/usr/lib/swift/iphonesimulator/prebuilt-modules/26.2/SwiftUI.swiftmodule/arm64-apple-ios-simulator.swiftmodule' (in target 'InkOS' from project 'InkOS')
note: A dependency of main module 'InkOS' (in target 'InkOS' from project 'InkOS')
error: Unable to find module dependency: 'UIKit' (in target 'InkOS' from project 'InkOS')
note: A dependency of Swift module 'UIKit': '/Applications/Xcode.app/Contents/Developer/Toolchains/XcodeDefault.xctoolchain/usr/lib/swift/iphonesimulator/prebuilt-modules/26.2/UIKit.swiftmodule/arm64-apple-ios-simulator.swiftmodule' (in target 'InkOS' from project 'InkOS')
note: A dependency of Swift module 'SwiftUI': '/Applications/Xcode.app/Contents/Developer/Toolchains/XcodeDefault.xctoolchain/usr/lib/swift/iphonesimulator/prebuilt-modules/26.2/SwiftUI.swiftmodule/arm64-apple-ios-simulator.swiftmodule' (in target 'InkOS' from project 'InkOS')
note: A dependency of main module 'InkOS' (in target 'InkOS' from project 'InkOS')
note: A dependency of Swift module 'UIKit': '/Applications/Xcode.app/Contents/Developer/Toolchains/XcodeDefault.xctoolchain/usr/lib/swift/iphonesimulator/prebuilt-modules/26.2/UIKit.swiftmodule/arm64-apple-ios-simulator.swiftmodule' (in target 'InkOS' from project 'InkOS')
note: A dependency of Swift module 'SwiftUI': '/Applications/Xcode.app/Contents/Developer/Toolchains/XcodeDefault.xctoolchain/usr/lib/swift/iphonesimulator/prebuilt-modules/26.2/SwiftUI.swiftmodule/arm64-apple-ios-simulator.swiftmodule' (in target 'InkOS' from project 'InkOS')
note: A dependency of main module 'InkOS' (in target 'InkOS' from project 'InkOS')
error: Unable to find module dependency: 'UIKit' (in target 'InkOS' from project 'InkOS')
note: A dependency of Swift module 'UIKit': '/Applications/Xcode.app/Contents/Developer/Toolchains/XcodeDefault.xctoolchain/usr/lib/swift/iphonesimulator/prebuilt-modules/26.2/UIKit.swiftmodule/arm64-apple-ios-simulator.swiftmodule' (in target 'InkOS' from project 'InkOS')
note: A dependency of Swift module 'SwiftUI': '/Applications/Xcode.app/Contents/Developer/Toolchains/XcodeDefault.xctoolchain/usr/lib/swift/iphonesimulator/prebuilt-modules/26.2/SwiftUI.swiftmodule/arm64-apple-ios-simulator.swiftmodule' (in target 'InkOS' from project 'InkOS')
note: A dependency of main module 'InkOS' (in target 'InkOS' from project 'InkOS')
note: A dependency of Swift module 'UIKit': '/Applications/Xcode.app/Contents/Developer/Toolchains/XcodeDefault.xctoolchain/usr/lib/swift/iphonesimulator/prebuilt-modules/26.2/UIKit.swiftmodule/arm64-apple-ios-simulator.swiftmodule' (in target 'InkOS' from project 'InkOS')
note: A dependency of Swift module 'SwiftUI': '/Applications/Xcode.app/Contents/Developer/Toolchains/XcodeDefault.xctoolchain/usr/lib/swift/iphonesimulator/prebuilt-modules/26.2/SwiftUI.swiftmodule/arm64-apple-ios-simulator.swiftmodule' (in target 'InkOS' from project 'InkOS')
note: A dependency of main module 'InkOS' (in target 'InkOS' from project 'InkOS')
error: Unable to find module dependency: '_SwiftConcurrencyShims' (in target 'InkOS' from project 'InkOS')
note: A dependency of Swift module 'UIKit': '/Applications/Xcode.app/Contents/Developer/Toolchains/XcodeDefault.xctoolchain/usr/lib/swift/iphonesimulator/prebuilt-modules/26.2/UIKit.swiftmodule/arm64-apple-ios-simulator.swiftmodule' (in target 'InkOS' from project 'InkOS')
note: A dependency of Swift module 'SwiftUI': '/Applications/Xcode.app/Contents/Developer/Toolchains/XcodeDefault.xctoolchain/usr/lib/swift/iphonesimulator/prebuilt-modules/26.2/SwiftUI.swiftmodule/arm64-apple-ios-simulator.swiftmodule' (in target 'InkOS' from project 'InkOS')
note: A dependency of main module 'InkOS' (in target 'InkOS' from project 'InkOS')
note: A dependency of Swift module 'UIKit': '/Applications/Xcode.app/Contents/Developer/Toolchains/XcodeDefault.xctoolchain/usr/lib/swift/iphonesimulator/prebuilt-modules/26.2/UIKit.swiftmodule/arm64-apple-ios-simulator.swiftmodule' (in target 'InkOS' from project 'InkOS')
note: A dependency of Swift module 'SwiftUI': '/Applications/Xcode.app/Contents/Developer/Toolchains/XcodeDefault.xctoolchain/usr/lib/swift/iphonesimulator/prebuilt-modules/26.2/SwiftUI.swiftmodule/arm64-apple-ios-simulator.swiftmodule' (in target 'InkOS' from project 'InkOS')
note: A dependency of main module 'InkOS' (in target 'InkOS' from project 'InkOS')
error: Unable to find module dependency: '_SwiftConcurrencyShims' (in target 'InkOS' from project 'InkOS')
note: A dependency of Swift module 'Combine': '/Applications/Xcode.app/Contents/Developer/Toolchains/XcodeDefault.xctoolchain/usr/lib/swift/iphonesimulator/prebuilt-modules/26.2/Combine.swiftmodule/arm64-apple-ios-simulator.swiftmodule' (in target 'InkOS' from project 'InkOS')
note: A dependency of Swift module 'CoreTransferable': '/Applications/Xcode.app/Contents/Developer/Toolchains/XcodeDefault.xctoolchain/usr/lib/swift/iphonesimulator/prebuilt-modules/26.2/CoreTransferable.swiftmodule/arm64-apple-ios-simulator.swiftmodule' (in target 'InkOS' from project 'InkOS')
note: A dependency of Swift module 'Foundation': '/Applications/Xcode.app/Contents/Developer/Toolchains/XcodeDefault.xctoolchain/usr/lib/swift/iphonesimulator/prebuilt-modules/26.2/Foundation.swiftmodule/arm64-apple-ios-simulator.swiftmodule' (in target 'InkOS' from project 'InkOS')
note: A dependency of Swift module 'Combine': '/Applications/Xcode.app/Contents/Developer/Toolchains/XcodeDefault.xctoolchain/usr/lib/swift/iphonesimulator/prebuilt-modules/26.2/Combine.swiftmodule/arm64-apple-ios-simulator.swiftmodule' (in target 'InkOS' from project 'InkOS')
note: A dependency of Swift module 'CoreData': '/Applications/Xcode.app/Contents/Developer/Toolchains/XcodeDefault.xctoolchain/usr/lib/swift/iphonesimulator/prebuilt-modules/26.2/CoreData.swiftmodule/arm64-apple-ios-simulator.swiftmodule' (in target 'InkOS' from project 'InkOS')
note: A dependency of Swift module 'Combine': '/Applications/Xcode.app/Contents/Developer/Toolchains/XcodeDefault.xctoolchain/usr/lib/swift/iphonesimulator/prebuilt-modules/26.2/Combine.swiftmodule/arm64-apple-ios-simulator.swiftmodule' (in target 'InkOS' from project 'InkOS')
note: A dependency of Swift module 'SwiftUI': '/Applications/Xcode.app/Contents/Developer/Toolchains/XcodeDefault.xctoolchain/usr/lib/swift/iphonesimulator/prebuilt-modules/26.2/SwiftUI.swiftmodule/arm64-apple-ios-simulator.swiftmodule' (in target 'InkOS' from project 'InkOS')
note: A dependency of main module 'InkOS' (in target 'InkOS' from project 'InkOS')
note: A dependency of Swift module 'Combine': '/Applications/Xcode.app/Contents/Developer/Toolchains/XcodeDefault.xctoolchain/usr/lib/swift/iphonesimulator/prebuilt-modules/26.2/Combine.swiftmodule/arm64-apple-ios-simulator.swiftmodule' (in target 'InkOS' from project 'InkOS')
note: A dependency of Swift module 'SwiftUICore': '/Applications/Xcode.app/Contents/Developer/Toolchains/XcodeDefault.xctoolchain/usr/lib/swift/iphonesimulator/prebuilt-modules/26.2/SwiftUICore.swiftmodule/arm64-apple-ios-simulator.swiftmodule' (in target 'InkOS' from project 'InkOS')
note: A dependency of Swift module 'CoreTransferable': '/Applications/Xcode.app/Contents/Developer/Toolchains/XcodeDefault.xctoolchain/usr/lib/swift/iphonesimulator/prebuilt-modules/26.2/CoreTransferable.swiftmodule/arm64-apple-ios-simulator.swiftmodule' (in target 'InkOS' from project 'InkOS')
note: A dependency of Swift module 'Foundation': '/Applications/Xcode.app/Contents/Developer/Toolchains/XcodeDefault.xctoolchain/usr/lib/swift/iphonesimulator/prebuilt-modules/26.2/Foundation.swiftmodule/arm64-apple-ios-simulator.swiftmodule' (in target 'InkOS' from project 'InkOS')
note: A dependency of Swift module 'Combine': '/Applications/Xcode.app/Contents/Developer/Toolchains/XcodeDefault.xctoolchain/usr/lib/swift/iphonesimulator/prebuilt-modules/26.2/Combine.swiftmodule/arm64-apple-ios-simulator.swiftmodule' (in target 'InkOS' from project 'InkOS')
note: A dependency of Swift module 'CoreData': '/Applications/Xcode.app/Contents/Developer/Toolchains/XcodeDefault.xctoolchain/usr/lib/swift/iphonesimulator/prebuilt-modules/26.2/CoreData.swiftmodule/arm64-apple-ios-simulator.swiftmodule' (in target 'InkOS' from project 'InkOS')
note: A dependency of Swift module 'Combine': '/Applications/Xcode.app/Contents/Developer/Toolchains/XcodeDefault.xctoolchain/usr/lib/swift/iphonesimulator/prebuilt-modules/26.2/Combine.swiftmodule/arm64-apple-ios-simulator.swiftmodule' (in target 'InkOS' from project 'InkOS')
note: A dependency of Swift module 'SwiftUI': '/Applications/Xcode.app/Contents/Developer/Toolchains/XcodeDefault.xctoolchain/usr/lib/swift/iphonesimulator/prebuilt-modules/26.2/SwiftUI.swiftmodule/arm64-apple-ios-simulator.swiftmodule' (in target 'InkOS' from project 'InkOS')
note: A dependency of main module 'InkOS' (in target 'InkOS' from project 'InkOS')
note: A dependency of Swift module 'Combine': '/Applications/Xcode.app/Contents/Developer/Toolchains/XcodeDefault.xctoolchain/usr/lib/swift/iphonesimulator/prebuilt-modules/26.2/Combine.swiftmodule/arm64-apple-ios-simulator.swiftmodule' (in target 'InkOS' from project 'InkOS')
note: A dependency of Swift module 'CoreTransferable': '/Applications/Xcode.app/Contents/Developer/Toolchains/XcodeDefault.xctoolchain/usr/lib/swift/iphonesimulator/prebuilt-modules/26.2/CoreTransferable.swiftmodule/arm64-apple-ios-simulator.swiftmodule' (in target 'InkOS' from project 'InkOS')
note: A dependency of Swift module 'Foundation': '/Applications/Xcode.app/Contents/Developer/Toolchains/XcodeDefault.xctoolchain/usr/lib/swift/iphonesimulator/prebuilt-modules/26.2/Foundation.swiftmodule/arm64-apple-ios-simulator.swiftmodule' (in target 'InkOS' from project 'InkOS')
note: A dependency of Swift module 'Combine': '/Applications/Xcode.app/Contents/Developer/Toolchains/XcodeDefault.xctoolchain/usr/lib/swift/iphonesimulator/prebuilt-modules/26.2/Combine.swiftmodule/arm64-apple-ios-simulator.swiftmodule' (in target 'InkOS' from project 'InkOS')
note: A dependency of Swift module 'CoreData': '/Applications/Xcode.app/Contents/Developer/Toolchains/XcodeDefault.xctoolchain/usr/lib/swift/iphonesimulator/prebuilt-modules/26.2/CoreData.swiftmodule/arm64-apple-ios-simulator.swiftmodule' (in target 'InkOS' from project 'InkOS')
note: A dependency of Swift module 'Combine': '/Applications/Xcode.app/Contents/Developer/Toolchains/XcodeDefault.xctoolchain/usr/lib/swift/iphonesimulator/prebuilt-modules/26.2/Combine.swiftmodule/arm64-apple-ios-simulator.swiftmodule' (in target 'InkOS' from project 'InkOS')
note: A dependency of Swift module 'SwiftUI': '/Applications/Xcode.app/Contents/Developer/Toolchains/XcodeDefault.xctoolchain/usr/lib/swift/iphonesimulator/prebuilt-modules/26.2/SwiftUI.swiftmodule/arm64-apple-ios-simulator.swiftmodule' (in target 'InkOS' from project 'InkOS')
note: A dependency of main module 'InkOS' (in target 'InkOS' from project 'InkOS')
note: A dependency of Swift module 'Combine': '/Applications/Xcode.app/Contents/Developer/Toolchains/XcodeDefault.xctoolchain/usr/lib/swift/iphonesimulator/prebuilt-modules/26.2/Combine.swiftmodule/arm64-apple-ios-simulator.swiftmodule' (in target 'InkOS' from project 'InkOS')
note: A dependency of Swift module 'Dispatch': '/Applications/Xcode.app/Contents/Developer/Toolchains/XcodeDefault.xctoolchain/usr/lib/swift/iphonesimulator/prebuilt-modules/26.2/Dispatch.swiftmodule/arm64-apple-ios-simulator.swiftmodule' (in target 'InkOS' from project 'InkOS')
note: A dependency of Swift module 'Combine': '/Applications/Xcode.app/Contents/Developer/Toolchains/XcodeDefault.xctoolchain/usr/lib/swift/iphonesimulator/prebuilt-modules/26.2/Combine.swiftmodule/arm64-apple-ios-simulator.swiftmodule' (in target 'InkOS' from project 'InkOS')
note: A dependency of Swift module 'Foundation': '/Applications/Xcode.app/Contents/Developer/Toolchains/XcodeDefault.xctoolchain/usr/lib/swift/iphonesimulator/prebuilt-modules/26.2/Foundation.swiftmodule/arm64-apple-ios-simulator.swiftmodule' (in target 'InkOS' from project 'InkOS')
note: A dependency of Swift module 'Combine': '/Applications/Xcode.app/Contents/Developer/Toolchains/XcodeDefault.xctoolchain/usr/lib/swift/iphonesimulator/prebuilt-modules/26.2/Combine.swiftmodule/arm64-apple-ios-simulator.swiftmodule' (in target 'InkOS' from project 'InkOS')
note: A dependency of Swift module 'CoreData': '/Applications/Xcode.app/Contents/Developer/Toolchains/XcodeDefault.xctoolchain/usr/lib/swift/iphonesimulator/prebuilt-modules/26.2/CoreData.swiftmodule/arm64-apple-ios-simulator.swiftmodule' (in target 'InkOS' from project 'InkOS')
note: A dependency of Swift module 'Combine': '/Applications/Xcode.app/Contents/Developer/Toolchains/XcodeDefault.xctoolchain/usr/lib/swift/iphonesimulator/prebuilt-modules/26.2/Combine.swiftmodule/arm64-apple-ios-simulator.swiftmodule' (in target 'InkOS' from project 'InkOS')
note: A dependency of Swift module 'SwiftUI': '/Applications/Xcode.app/Contents/Developer/Toolchains/XcodeDefault.xctoolchain/usr/lib/swift/iphonesimulator/prebuilt-modules/26.2/SwiftUI.swiftmodule/arm64-apple-ios-simulator.swiftmodule' (in target 'InkOS' from project 'InkOS')
note: A dependency of main module 'InkOS' (in target 'InkOS' from project 'InkOS')
note: A dependency of Swift module 'Combine': '/Applications/Xcode.app/Contents/Developer/Toolchains/XcodeDefault.xctoolchain/usr/lib/swift/iphonesimulator/prebuilt-modules/26.2/Combine.swiftmodule/arm64-apple-ios-simulator.swiftmodule' (in target 'InkOS' from project 'InkOS')
note: A dependency of Swift module 'Foundation': '/Applications/Xcode.app/Contents/Developer/Toolchains/XcodeDefault.xctoolchain/usr/lib/swift/iphonesimulator/prebuilt-modules/26.2/Foundation.swiftmodule/arm64-apple-ios-simulator.swiftmodule' (in target 'InkOS' from project 'InkOS')
note: A dependency of Swift module 'Combine': '/Applications/Xcode.app/Contents/Developer/Toolchains/XcodeDefault.xctoolchain/usr/lib/swift/iphonesimulator/prebuilt-modules/26.2/Combine.swiftmodule/arm64-apple-ios-simulator.swiftmodule' (in target 'InkOS' from project 'InkOS')
note: A dependency of Swift module 'CoreData': '/Applications/Xcode.app/Contents/Developer/Toolchains/XcodeDefault.xctoolchain/usr/lib/swift/iphonesimulator/prebuilt-modules/26.2/CoreData.swiftmodule/arm64-apple-ios-simulator.swiftmodule' (in target 'InkOS' from project 'InkOS')
note: A dependency of Swift module 'Combine': '/Applications/Xcode.app/Contents/Developer/Toolchains/XcodeDefault.xctoolchain/usr/lib/swift/iphonesimulator/prebuilt-modules/26.2/Combine.swiftmodule/arm64-apple-ios-simulator.swiftmodule' (in target 'InkOS' from project 'InkOS')
note: A dependency of Swift module 'SwiftUI': '/Applications/Xcode.app/Contents/Developer/Toolchains/XcodeDefault.xctoolchain/usr/lib/swift/iphonesimulator/prebuilt-modules/26.2/SwiftUI.swiftmodule/arm64-apple-ios-simulator.swiftmodule' (in target 'InkOS' from project 'InkOS')
note: A dependency of main module 'InkOS' (in target 'InkOS' from project 'InkOS')
note: A dependency of Swift module 'Combine': '/Applications/Xcode.app/Contents/Developer/Toolchains/XcodeDefault.xctoolchain/usr/lib/swift/iphonesimulator/prebuilt-modules/26.2/Combine.swiftmodule/arm64-apple-ios-simulator.swiftmodule' (in target 'InkOS' from project 'InkOS')
note: A dependency of Swift module 'CoreData': '/Applications/Xcode.app/Contents/Developer/Toolchains/XcodeDefault.xctoolchain/usr/lib/swift/iphonesimulator/prebuilt-modules/26.2/CoreData.swiftmodule/arm64-apple-ios-simulator.swiftmodule' (in target 'InkOS' from project 'InkOS')
note: A dependency of Swift module 'Combine': '/Applications/Xcode.app/Contents/Developer/Toolchains/XcodeDefault.xctoolchain/usr/lib/swift/iphonesimulator/prebuilt-modules/26.2/Combine.swiftmodule/arm64-apple-ios-simulator.swiftmodule' (in target 'InkOS' from project 'InkOS')
note: A dependency of Swift module 'SwiftUI': '/Applications/Xcode.app/Contents/Developer/Toolchains/XcodeDefault.xctoolchain/usr/lib/swift/iphonesimulator/prebuilt-modules/26.2/SwiftUI.swiftmodule/arm64-apple-ios-simulator.swiftmodule' (in target 'InkOS' from project 'InkOS')
note: A dependency of main module 'InkOS' (in target 'InkOS' from project 'InkOS')
note: A dependency of Swift module 'Combine': '/Applications/Xcode.app/Contents/Developer/Toolchains/XcodeDefault.xctoolchain/usr/lib/swift/iphonesimulator/prebuilt-modules/26.2/Combine.swiftmodule/arm64-apple-ios-simulator.swiftmodule' (in target 'InkOS' from project 'InkOS')
note: A dependency of Swift module 'SwiftUI': '/Applications/Xcode.app/Contents/Developer/Toolchains/XcodeDefault.xctoolchain/usr/lib/swift/iphonesimulator/prebuilt-modules/26.2/SwiftUI.swiftmodule/arm64-apple-ios-simulator.swiftmodule' (in target 'InkOS' from project 'InkOS')
note: A dependency of main module 'InkOS' (in target 'InkOS' from project 'InkOS')
error: Unable to find module dependency: 'Foundation' (in target 'InkOS' from project 'InkOS')
note: A dependency of Swift module 'Foundation': '/Applications/Xcode.app/Contents/Developer/Toolchains/XcodeDefault.xctoolchain/usr/lib/swift/iphonesimulator/prebuilt-modules/26.2/Foundation.swiftmodule/arm64-apple-ios-simulator.swiftmodule' (in target 'InkOS' from project 'InkOS')
note: A dependency of Swift module 'DataDetection': '/Applications/Xcode.app/Contents/Developer/Toolchains/XcodeDefault.xctoolchain/usr/lib/swift/iphonesimulator/prebuilt-modules/26.2/DataDetection.swiftmodule/arm64-apple-ios-simulator.swiftmodule' (in target 'InkOS' from project 'InkOS')
note: A dependency of Swift module 'CoreText': '/Applications/Xcode.app/Contents/Developer/Toolchains/XcodeDefault.xctoolchain/usr/lib/swift/iphonesimulator/prebuilt-modules/26.2/CoreText.swiftmodule/arm64-apple-ios-simulator.swiftmodule' (in target 'InkOS' from project 'InkOS')
note: A dependency of Swift module 'UIKit': '/Applications/Xcode.app/Contents/Developer/Toolchains/XcodeDefault.xctoolchain/usr/lib/swift/iphonesimulator/prebuilt-modules/26.2/UIKit.swiftmodule/arm64-apple-ios-simulator.swiftmodule' (in target 'InkOS' from project 'InkOS')
note: A dependency of Swift module 'Accessibility': '/Applications/Xcode.app/Contents/Developer/Toolchains/XcodeDefault.xctoolchain/usr/lib/swift/iphonesimulator/prebuilt-modules/26.2/Accessibility.swiftmodule/arm64-apple-ios-simulator.swiftmodule' (in target 'InkOS' from project 'InkOS')
note: A dependency of Swift module 'SwiftUICore': '/Applications/Xcode.app/Contents/Developer/Toolchains/XcodeDefault.xctoolchain/usr/lib/swift/iphonesimulator/prebuilt-modules/26.2/SwiftUICore.swiftmodule/arm64-apple-ios-simulator.swiftmodule' (in target 'InkOS' from project 'InkOS')
note: A dependency of Swift module 'OSLog': '/Applications/Xcode.app/Contents/Developer/Toolchains/XcodeDefault.xctoolchain/usr/lib/swift/iphonesimulator/prebuilt-modules/26.2/OSLog.swiftmodule/arm64-apple-ios-simulator.swiftmodule' (in target 'InkOS' from project 'InkOS')
note: A dependency of Swift module 'Foundation': '/Applications/Xcode.app/Contents/Developer/Toolchains/XcodeDefault.xctoolchain/usr/lib/swift/iphonesimulator/prebuilt-modules/26.2/Foundation.swiftmodule/arm64-apple-ios-simulator.swiftmodule' (in target 'InkOS' from project 'InkOS')
note: A dependency of Swift module 'DeveloperToolsSupport': '/Applications/Xcode.app/Contents/Developer/Toolchains/XcodeDefault.xctoolchain/usr/lib/swift/iphonesimulator/prebuilt-modules/26.2/DeveloperToolsSupport.swiftmodule/arm64-apple-ios-simulator.swiftmodule' (in target 'InkOS' from project 'InkOS')
note: A dependency of Swift module 'Foundation': '/Applications/Xcode.app/Contents/Developer/Toolchains/XcodeDefault.xctoolchain/usr/lib/swift/iphonesimulator/prebuilt-modules/26.2/Foundation.swiftmodule/arm64-apple-ios-simulator.swiftmodule' (in target 'InkOS' from project 'InkOS')
note: A dependency of Swift module 'CoreTransferable': '/Applications/Xcode.app/Contents/Developer/Toolchains/XcodeDefault.xctoolchain/usr/lib/swift/iphonesimulator/prebuilt-modules/26.2/CoreTransferable.swiftmodule/arm64-apple-ios-simulator.swiftmodule' (in target 'InkOS' from project 'InkOS')
note: A dependency of Swift module 'CoreGraphics': '/Applications/Xcode.app/Contents/Developer/Toolchains/XcodeDefault.xctoolchain/usr/lib/swift/iphonesimulator/prebuilt-modules/26.2/CoreGraphics.swiftmodule/arm64-apple-ios-simulator.swiftmodule' (in target 'InkOS' from project 'InkOS')
note: A dependency of Swift module 'CoreData': '/Applications/Xcode.app/Contents/Developer/Toolchains/XcodeDefault.xctoolchain/usr/lib/swift/iphonesimulator/prebuilt-modules/26.2/CoreData.swiftmodule/arm64-apple-ios-simulator.swiftmodule' (in target 'InkOS' from project 'InkOS')
note: A dependency of Swift module 'SwiftUI': '/Applications/Xcode.app/Contents/Developer/Toolchains/XcodeDefault.xctoolchain/usr/lib/swift/iphonesimulator/prebuilt-modules/26.2/SwiftUI.swiftmodule/arm64-apple-ios-simulator.swiftmodule' (in target 'InkOS' from project 'InkOS')
note: A dependency of main module 'InkOS' (in target 'InkOS' from project 'InkOS')
note: A dependency of Swift module 'Foundation': '/Applications/Xcode.app/Contents/Developer/Toolchains/XcodeDefault.xctoolchain/usr/lib/swift/iphonesimulator/prebuilt-modules/26.2/Foundation.swiftmodule/arm64-apple-ios-simulator.swiftmodule' (in target 'InkOS' from project 'InkOS')
note: A dependency of Swift module 'QuartzCore': '/Applications/Xcode.app/Contents/Developer/Toolchains/XcodeDefault.xctoolchain/usr/lib/swift/iphonesimulator/prebuilt-modules/26.2/QuartzCore.swiftmodule/arm64-apple-ios-simulator.swiftmodule' (in target 'InkOS' from project 'InkOS')
note: A dependency of Swift module 'Foundation': '/Applications/Xcode.app/Contents/Developer/Toolchains/XcodeDefault.xctoolchain/usr/lib/swift/iphonesimulator/prebuilt-modules/26.2/Foundation.swiftmodule/arm64-apple-ios-simulator.swiftmodule' (in target 'InkOS' from project 'InkOS')
note: A dependency of Swift module 'DataDetection': '/Applications/Xcode.app/Contents/Developer/Toolchains/XcodeDefault.xctoolchain/usr/lib/swift/iphonesimulator/prebuilt-modules/26.2/DataDetection.swiftmodule/arm64-apple-ios-simulator.swiftmodule' (in target 'InkOS' from project 'InkOS')
note: A dependency of Swift module 'CoreText': '/Applications/Xcode.app/Contents/Developer/Toolchains/XcodeDefault.xctoolchain/usr/lib/swift/iphonesimulator/prebuilt-modules/26.2/CoreText.swiftmodule/arm64-apple-ios-simulator.swiftmodule' (in target 'InkOS' from project 'InkOS')
note: A dependency of Swift module 'UIKit': '/Applications/Xcode.app/Contents/Developer/Toolchains/XcodeDefault.xctoolchain/usr/lib/swift/iphonesimulator/prebuilt-modules/26.2/UIKit.swiftmodule/arm64-apple-ios-simulator.swiftmodule' (in target 'InkOS' from project 'InkOS')
note: A dependency of Swift module 'Accessibility': '/Applications/Xcode.app/Contents/Developer/Toolchains/XcodeDefault.xctoolchain/usr/lib/swift/iphonesimulator/prebuilt-modules/26.2/Accessibility.swiftmodule/arm64-apple-ios-simulator.swiftmodule' (in target 'InkOS' from project 'InkOS')
note: A dependency of Swift module 'SwiftUICore': '/Applications/Xcode.app/Contents/Developer/Toolchains/XcodeDefault.xctoolchain/usr/lib/swift/iphonesimulator/prebuilt-modules/26.2/SwiftUICore.swiftmodule/arm64-apple-ios-simulator.swiftmodule' (in target 'InkOS' from project 'InkOS')
note: A dependency of Swift module 'OSLog': '/Applications/Xcode.app/Contents/Developer/Toolchains/XcodeDefault.xctoolchain/usr/lib/swift/iphonesimulator/prebuilt-modules/26.2/OSLog.swiftmodule/arm64-apple-ios-simulator.swiftmodule' (in target 'InkOS' from project 'InkOS')
note: A dependency of Swift module 'Foundation': '/Applications/Xcode.app/Contents/Developer/Toolchains/XcodeDefault.xctoolchain/usr/lib/swift/iphonesimulator/prebuilt-modules/26.2/Foundation.swiftmodule/arm64-apple-ios-simulator.swiftmodule' (in target 'InkOS' from project 'InkOS')
note: A dependency of Swift module 'DeveloperToolsSupport': '/Applications/Xcode.app/Contents/Developer/Toolchains/XcodeDefault.xctoolchain/usr/lib/swift/iphonesimulator/prebuilt-modules/26.2/DeveloperToolsSupport.swiftmodule/arm64-apple-ios-simulator.swiftmodule' (in target 'InkOS' from project 'InkOS')
note: A dependency of Swift module 'Foundation': '/Applications/Xcode.app/Contents/Developer/Toolchains/XcodeDefault.xctoolchain/usr/lib/swift/iphonesimulator/prebuilt-modules/26.2/Foundation.swiftmodule/arm64-apple-ios-simulator.swiftmodule' (in target 'InkOS' from project 'InkOS')
note: A dependency of Swift module 'CoreTransferable': '/Applications/Xcode.app/Contents/Developer/Toolchains/XcodeDefault.xctoolchain/usr/lib/swift/iphonesimulator/prebuilt-modules/26.2/CoreTransferable.swiftmodule/arm64-apple-ios-simulator.swiftmodule' (in target 'InkOS' from project 'InkOS')
note: A dependency of Swift module 'CoreGraphics': '/Applications/Xcode.app/Contents/Developer/Toolchains/XcodeDefault.xctoolchain/usr/lib/swift/iphonesimulator/prebuilt-modules/26.2/CoreGraphics.swiftmodule/arm64-apple-ios-simulator.swiftmodule' (in target 'InkOS' from project 'InkOS')
note: A dependency of Swift module 'CoreData': '/Applications/Xcode.app/Contents/Developer/Toolchains/XcodeDefault.xctoolchain/usr/lib/swift/iphonesimulator/prebuilt-modules/26.2/CoreData.swiftmodule/arm64-apple-ios-simulator.swiftmodule' (in target 'InkOS' from project 'InkOS')
note: A dependency of Swift module 'SwiftUI': '/Applications/Xcode.app/Contents/Developer/Toolchains/XcodeDefault.xctoolchain/usr/lib/swift/iphonesimulator/prebuilt-modules/26.2/SwiftUI.swiftmodule/arm64-apple-ios-simulator.swiftmodule' (in target 'InkOS' from project 'InkOS')
note: A dependency of main module 'InkOS' (in target 'InkOS' from project 'InkOS')
note: A dependency of Swift module 'Foundation': '/Applications/Xcode.app/Contents/Developer/Toolchains/XcodeDefault.xctoolchain/usr/lib/swift/iphonesimulator/prebuilt-modules/26.2/Foundation.swiftmodule/arm64-apple-ios-simulator.swiftmodule' (in target 'InkOS' from project 'InkOS')
note: A dependency of Swift module 'DataDetection': '/Applications/Xcode.app/Contents/Developer/Toolchains/XcodeDefault.xctoolchain/usr/lib/swift/iphonesimulator/prebuilt-modules/26.2/DataDetection.swiftmodule/arm64-apple-ios-simulator.swiftmodule' (in target 'InkOS' from project 'InkOS')
note: A dependency of Swift module 'CoreText': '/Applications/Xcode.app/Contents/Developer/Toolchains/XcodeDefault.xctoolchain/usr/lib/swift/iphonesimulator/prebuilt-modules/26.2/CoreText.swiftmodule/arm64-apple-ios-simulator.swiftmodule' (in target 'InkOS' from project 'InkOS')
note: A dependency of Swift module 'UIKit': '/Applications/Xcode.app/Contents/Developer/Toolchains/XcodeDefault.xctoolchain/usr/lib/swift/iphonesimulator/prebuilt-modules/26.2/UIKit.swiftmodule/arm64-apple-ios-simulator.swiftmodule' (in target 'InkOS' from project 'InkOS')
note: A dependency of Swift module 'Accessibility': '/Applications/Xcode.app/Contents/Developer/Toolchains/XcodeDefault.xctoolchain/usr/lib/swift/iphonesimulator/prebuilt-modules/26.2/Accessibility.swiftmodule/arm64-apple-ios-simulator.swiftmodule' (in target 'InkOS' from project 'InkOS')
note: A dependency of Swift module 'SwiftUICore': '/Applications/Xcode.app/Contents/Developer/Toolchains/XcodeDefault.xctoolchain/usr/lib/swift/iphonesimulator/prebuilt-modules/26.2/SwiftUICore.swiftmodule/arm64-apple-ios-simulator.swiftmodule' (in target 'InkOS' from project 'InkOS')
note: A dependency of Swift module 'OSLog': '/Applications/Xcode.app/Contents/Developer/Toolchains/XcodeDefault.xctoolchain/usr/lib/swift/iphonesimulator/prebuilt-modules/26.2/OSLog.swiftmodule/arm64-apple-ios-simulator.swiftmodule' (in target 'InkOS' from project 'InkOS')
note: A dependency of Swift module 'Foundation': '/Applications/Xcode.app/Contents/Developer/Toolchains/XcodeDefault.xctoolchain/usr/lib/swift/iphonesimulator/prebuilt-modules/26.2/Foundation.swiftmodule/arm64-apple-ios-simulator.swiftmodule' (in target 'InkOS' from project 'InkOS')
note: A dependency of Swift module 'DeveloperToolsSupport': '/Applications/Xcode.app/Contents/Developer/Toolchains/XcodeDefault.xctoolchain/usr/lib/swift/iphonesimulator/prebuilt-modules/26.2/DeveloperToolsSupport.swiftmodule/arm64-apple-ios-simulator.swiftmodule' (in target 'InkOS' from project 'InkOS')
note: A dependency of Swift module 'Foundation': '/Applications/Xcode.app/Contents/Developer/Toolchains/XcodeDefault.xctoolchain/usr/lib/swift/iphonesimulator/prebuilt-modules/26.2/Foundation.swiftmodule/arm64-apple-ios-simulator.swiftmodule' (in target 'InkOS' from project 'InkOS')
note: A dependency of Swift module 'CoreTransferable': '/Applications/Xcode.app/Contents/Developer/Toolchains/XcodeDefault.xctoolchain/usr/lib/swift/iphonesimulator/prebuilt-modules/26.2/CoreTransferable.swiftmodule/arm64-apple-ios-simulator.swiftmodule' (in target 'InkOS' from project 'InkOS')
note: A dependency of Swift module 'CoreGraphics': '/Applications/Xcode.app/Contents/Developer/Toolchains/XcodeDefault.xctoolchain/usr/lib/swift/iphonesimulator/prebuilt-modules/26.2/CoreGraphics.swiftmodule/arm64-apple-ios-simulator.swiftmodule' (in target 'InkOS' from project 'InkOS')
note: A dependency of Swift module 'CoreData': '/Applications/Xcode.app/Contents/Developer/Toolchains/XcodeDefault.xctoolchain/usr/lib/swift/iphonesimulator/prebuilt-modules/26.2/CoreData.swiftmodule/arm64-apple-ios-simulator.swiftmodule' (in target 'InkOS' from project 'InkOS')
note: A dependency of Swift module 'SwiftUI': '/Applications/Xcode.app/Contents/Developer/Toolchains/XcodeDefault.xctoolchain/usr/lib/swift/iphonesimulator/prebuilt-modules/26.2/SwiftUI.swiftmodule/arm64-apple-ios-simulator.swiftmodule' (in target 'InkOS' from project 'InkOS')
note: A dependency of main module 'InkOS' (in target 'InkOS' from project 'InkOS')
note: A dependency of Swift module 'Foundation': '/Applications/Xcode.app/Contents/Developer/Toolchains/XcodeDefault.xctoolchain/usr/lib/swift/iphonesimulator/prebuilt-modules/26.2/Foundation.swiftmodule/arm64-apple-ios-simulator.swiftmodule' (in target 'InkOS' from project 'InkOS')
note: A dependency of Swift module 'DataDetection': '/Applications/Xcode.app/Contents/Developer/Toolchains/XcodeDefault.xctoolchain/usr/lib/swift/iphonesimulator/prebuilt-modules/26.2/DataDetection.swiftmodule/arm64-apple-ios-simulator.swiftmodule' (in target 'InkOS' from project 'InkOS')
note: A dependency of Swift module 'CoreText': '/Applications/Xcode.app/Contents/Developer/Toolchains/XcodeDefault.xctoolchain/usr/lib/swift/iphonesimulator/prebuilt-modules/26.2/CoreText.swiftmodule/arm64-apple-ios-simulator.swiftmodule' (in target 'InkOS' from project 'InkOS')
note: A dependency of Swift module 'UIKit': '/Applications/Xcode.app/Contents/Developer/Toolchains/XcodeDefault.xctoolchain/usr/lib/swift/iphonesimulator/prebuilt-modules/26.2/UIKit.swiftmodule/arm64-apple-ios-simulator.swiftmodule' (in target 'InkOS' from project 'InkOS')
note: A dependency of Swift module 'Accessibility': '/Applications/Xcode.app/Contents/Developer/Toolchains/XcodeDefault.xctoolchain/usr/lib/swift/iphonesimulator/prebuilt-modules/26.2/Accessibility.swiftmodule/arm64-apple-ios-simulator.swiftmodule' (in target 'InkOS' from project 'InkOS')
note: A dependency of Swift module 'SwiftUICore': '/Applications/Xcode.app/Contents/Developer/Toolchains/XcodeDefault.xctoolchain/usr/lib/swift/iphonesimulator/prebuilt-modules/26.2/SwiftUICore.swiftmodule/arm64-apple-ios-simulator.swiftmodule' (in target 'InkOS' from project 'InkOS')
note: A dependency of Swift module 'OSLog': '/Applications/Xcode.app/Contents/Developer/Toolchains/XcodeDefault.xctoolchain/usr/lib/swift/iphonesimulator/prebuilt-modules/26.2/OSLog.swiftmodule/arm64-apple-ios-simulator.swiftmodule' (in target 'InkOS' from project 'InkOS')
note: A dependency of Swift module 'Foundation': '/Applications/Xcode.app/Contents/Developer/Toolchains/XcodeDefault.xctoolchain/usr/lib/swift/iphonesimulator/prebuilt-modules/26.2/Foundation.swiftmodule/arm64-apple-ios-simulator.swiftmodule' (in target 'InkOS' from project 'InkOS')
note: A dependency of Swift module 'DeveloperToolsSupport': '/Applications/Xcode.app/Contents/Developer/Toolchains/XcodeDefault.xctoolchain/usr/lib/swift/iphonesimulator/prebuilt-modules/26.2/DeveloperToolsSupport.swiftmodule/arm64-apple-ios-simulator.swiftmodule' (in target 'InkOS' from project 'InkOS')
note: A dependency of Swift module 'Foundation': '/Applications/Xcode.app/Contents/Developer/Toolchains/XcodeDefault.xctoolchain/usr/lib/swift/iphonesimulator/prebuilt-modules/26.2/Foundation.swiftmodule/arm64-apple-ios-simulator.swiftmodule' (in target 'InkOS' from project 'InkOS')
note: A dependency of Swift module 'CoreTransferable': '/Applications/Xcode.app/Contents/Developer/Toolchains/XcodeDefault.xctoolchain/usr/lib/swift/iphonesimulator/prebuilt-modules/26.2/CoreTransferable.swiftmodule/arm64-apple-ios-simulator.swiftmodule' (in target 'InkOS' from project 'InkOS')
note: A dependency of Swift module 'CoreGraphics': '/Applications/Xcode.app/Contents/Developer/Toolchains/XcodeDefault.xctoolchain/usr/lib/swift/iphonesimulator/prebuilt-modules/26.2/CoreGraphics.swiftmodule/arm64-apple-ios-simulator.swiftmodule' (in target 'InkOS' from project 'InkOS')
note: A dependency of Swift module 'CoreData': '/Applications/Xcode.app/Contents/Developer/Toolchains/XcodeDefault.xctoolchain/usr/lib/swift/iphonesimulator/prebuilt-modules/26.2/CoreData.swiftmodule/arm64-apple-ios-simulator.swiftmodule' (in target 'InkOS' from project 'InkOS')
note: A dependency of Swift module 'SwiftUI': '/Applications/Xcode.app/Contents/Developer/Toolchains/XcodeDefault.xctoolchain/usr/lib/swift/iphonesimulator/prebuilt-modules/26.2/SwiftUI.swiftmodule/arm64-apple-ios-simulator.swiftmodule' (in target 'InkOS' from project 'InkOS')
note: A dependency of main module 'InkOS' (in target 'InkOS' from project 'InkOS')
note: A dependency of Swift module 'Foundation': '/Applications/Xcode.app/Contents/Developer/Toolchains/XcodeDefault.xctoolchain/usr/lib/swift/iphonesimulator/prebuilt-modules/26.2/Foundation.swiftmodule/arm64-apple-ios-simulator.swiftmodule' (in target 'InkOS' from project 'InkOS')
note: A dependency of Swift module 'CoreText': '/Applications/Xcode.app/Contents/Developer/Toolchains/XcodeDefault.xctoolchain/usr/lib/swift/iphonesimulator/prebuilt-modules/26.2/CoreText.swiftmodule/arm64-apple-ios-simulator.swiftmodule' (in target 'InkOS' from project 'InkOS')
note: A dependency of Swift module 'UIKit': '/Applications/Xcode.app/Contents/Developer/Toolchains/XcodeDefault.xctoolchain/usr/lib/swift/iphonesimulator/prebuilt-modules/26.2/UIKit.swiftmodule/arm64-apple-ios-simulator.swiftmodule' (in target 'InkOS' from project 'InkOS')
note: A dependency of Swift module 'Accessibility': '/Applications/Xcode.app/Contents/Developer/Toolchains/XcodeDefault.xctoolchain/usr/lib/swift/iphonesimulator/prebuilt-modules/26.2/Accessibility.swiftmodule/arm64-apple-ios-simulator.swiftmodule' (in target 'InkOS' from project 'InkOS')
note: A dependency of Swift module 'SwiftUICore': '/Applications/Xcode.app/Contents/Developer/Toolchains/XcodeDefault.xctoolchain/usr/lib/swift/iphonesimulator/prebuilt-modules/26.2/SwiftUICore.swiftmodule/arm64-apple-ios-simulator.swiftmodule' (in target 'InkOS' from project 'InkOS')
note: A dependency of Swift module 'OSLog': '/Applications/Xcode.app/Contents/Developer/Toolchains/XcodeDefault.xctoolchain/usr/lib/swift/iphonesimulator/prebuilt-modules/26.2/OSLog.swiftmodule/arm64-apple-ios-simulator.swiftmodule' (in target 'InkOS' from project 'InkOS')
note: A dependency of Swift module 'Foundation': '/Applications/Xcode.app/Contents/Developer/Toolchains/XcodeDefault.xctoolchain/usr/lib/swift/iphonesimulator/prebuilt-modules/26.2/Foundation.swiftmodule/arm64-apple-ios-simulator.swiftmodule' (in target 'InkOS' from project 'InkOS')
note: A dependency of Swift module 'DeveloperToolsSupport': '/Applications/Xcode.app/Contents/Developer/Toolchains/XcodeDefault.xctoolchain/usr/lib/swift/iphonesimulator/prebuilt-modules/26.2/DeveloperToolsSupport.swiftmodule/arm64-apple-ios-simulator.swiftmodule' (in target 'InkOS' from project 'InkOS')
note: A dependency of Swift module 'Foundation': '/Applications/Xcode.app/Contents/Developer/Toolchains/XcodeDefault.xctoolchain/usr/lib/swift/iphonesimulator/prebuilt-modules/26.2/Foundation.swiftmodule/arm64-apple-ios-simulator.swiftmodule' (in target 'InkOS' from project 'InkOS')
note: A dependency of Swift module 'CoreTransferable': '/Applications/Xcode.app/Contents/Developer/Toolchains/XcodeDefault.xctoolchain/usr/lib/swift/iphonesimulator/prebuilt-modules/26.2/CoreTransferable.swiftmodule/arm64-apple-ios-simulator.swiftmodule' (in target 'InkOS' from project 'InkOS')
note: A dependency of Swift module 'CoreGraphics': '/Applications/Xcode.app/Contents/Developer/Toolchains/XcodeDefault.xctoolchain/usr/lib/swift/iphonesimulator/prebuilt-modules/26.2/CoreGraphics.swiftmodule/arm64-apple-ios-simulator.swiftmodule' (in target 'InkOS' from project 'InkOS')
note: A dependency of Swift module 'CoreData': '/Applications/Xcode.app/Contents/Developer/Toolchains/XcodeDefault.xctoolchain/usr/lib/swift/iphonesimulator/prebuilt-modules/26.2/CoreData.swiftmodule/arm64-apple-ios-simulator.swiftmodule' (in target 'InkOS' from project 'InkOS')
note: A dependency of Swift module 'SwiftUI': '/Applications/Xcode.app/Contents/Developer/Toolchains/XcodeDefault.xctoolchain/usr/lib/swift/iphonesimulator/prebuilt-modules/26.2/SwiftUI.swiftmodule/arm64-apple-ios-simulator.swiftmodule' (in target 'InkOS' from project 'InkOS')
note: A dependency of main module 'InkOS' (in target 'InkOS' from project 'InkOS')
note: A dependency of Swift module 'Foundation': '/Applications/Xcode.app/Contents/Developer/Toolchains/XcodeDefault.xctoolchain/usr/lib/swift/iphonesimulator/prebuilt-modules/26.2/Foundation.swiftmodule/arm64-apple-ios-simulator.swiftmodule' (in target 'InkOS' from project 'InkOS')
note: A dependency of Swift module 'Accessibility': '/Applications/Xcode.app/Contents/Developer/Toolchains/XcodeDefault.xctoolchain/usr/lib/swift/iphonesimulator/prebuilt-modules/26.2/Accessibility.swiftmodule/arm64-apple-ios-simulator.swiftmodule' (in target 'InkOS' from project 'InkOS')
note: A dependency of Swift module 'SwiftUICore': '/Applications/Xcode.app/Contents/Developer/Toolchains/XcodeDefault.xctoolchain/usr/lib/swift/iphonesimulator/prebuilt-modules/26.2/SwiftUICore.swiftmodule/arm64-apple-ios-simulator.swiftmodule' (in target 'InkOS' from project 'InkOS')
note: A dependency of Swift module 'OSLog': '/Applications/Xcode.app/Contents/Developer/Toolchains/XcodeDefault.xctoolchain/usr/lib/swift/iphonesimulator/prebuilt-modules/26.2/OSLog.swiftmodule/arm64-apple-ios-simulator.swiftmodule' (in target 'InkOS' from project 'InkOS')
note: A dependency of Swift module 'Foundation': '/Applications/Xcode.app/Contents/Developer/Toolchains/XcodeDefault.xctoolchain/usr/lib/swift/iphonesimulator/prebuilt-modules/26.2/Foundation.swiftmodule/arm64-apple-ios-simulator.swiftmodule' (in target 'InkOS' from project 'InkOS')
note: A dependency of Swift module 'DeveloperToolsSupport': '/Applications/Xcode.app/Contents/Developer/Toolchains/XcodeDefault.xctoolchain/usr/lib/swift/iphonesimulator/prebuilt-modules/26.2/DeveloperToolsSupport.swiftmodule/arm64-apple-ios-simulator.swiftmodule' (in target 'InkOS' from project 'InkOS')
note: A dependency of Swift module 'Foundation': '/Applications/Xcode.app/Contents/Developer/Toolchains/XcodeDefault.xctoolchain/usr/lib/swift/iphonesimulator/prebuilt-modules/26.2/Foundation.swiftmodule/arm64-apple-ios-simulator.swiftmodule' (in target 'InkOS' from project 'InkOS')
note: A dependency of Swift module 'CoreTransferable': '/Applications/Xcode.app/Contents/Developer/Toolchains/XcodeDefault.xctoolchain/usr/lib/swift/iphonesimulator/prebuilt-modules/26.2/CoreTransferable.swiftmodule/arm64-apple-ios-simulator.swiftmodule' (in target 'InkOS' from project 'InkOS')
note: A dependency of Swift module 'CoreGraphics': '/Applications/Xcode.app/Contents/Developer/Toolchains/XcodeDefault.xctoolchain/usr/lib/swift/iphonesimulator/prebuilt-modules/26.2/CoreGraphics.swiftmodule/arm64-apple-ios-simulator.swiftmodule' (in target 'InkOS' from project 'InkOS')
note: A dependency of Swift module 'CoreData': '/Applications/Xcode.app/Contents/Developer/Toolchains/XcodeDefault.xctoolchain/usr/lib/swift/iphonesimulator/prebuilt-modules/26.2/CoreData.swiftmodule/arm64-apple-ios-simulator.swiftmodule' (in target 'InkOS' from project 'InkOS')
note: A dependency of Swift module 'SwiftUI': '/Applications/Xcode.app/Contents/Developer/Toolchains/XcodeDefault.xctoolchain/usr/lib/swift/iphonesimulator/prebuilt-modules/26.2/SwiftUI.swiftmodule/arm64-apple-ios-simulator.swiftmodule' (in target 'InkOS' from project 'InkOS')
note: A dependency of main module 'InkOS' (in target 'InkOS' from project 'InkOS')
note: A dependency of Swift module 'Foundation': '/Applications/Xcode.app/Contents/Developer/Toolchains/XcodeDefault.xctoolchain/usr/lib/swift/iphonesimulator/prebuilt-modules/26.2/Foundation.swiftmodule/arm64-apple-ios-simulator.swiftmodule' (in target 'InkOS' from project 'InkOS')
note: A dependency of Swift module 'Accessibility': '/Applications/Xcode.app/Contents/Developer/Toolchains/XcodeDefault.xctoolchain/usr/lib/swift/iphonesimulator/prebuilt-modules/26.2/Accessibility.swiftmodule/arm64-apple-ios-simulator.swiftmodule' (in target 'InkOS' from project 'InkOS')
note: A dependency of Swift module 'SwiftUICore': '/Applications/Xcode.app/Contents/Developer/Toolchains/XcodeDefault.xctoolchain/usr/lib/swift/iphonesimulator/prebuilt-modules/26.2/SwiftUICore.swiftmodule/arm64-apple-ios-simulator.swiftmodule' (in target 'InkOS' from project 'InkOS')
note: A dependency of Swift module 'OSLog': '/Applications/Xcode.app/Contents/Developer/Toolchains/XcodeDefault.xctoolchain/usr/lib/swift/iphonesimulator/prebuilt-modules/26.2/OSLog.swiftmodule/arm64-apple-ios-simulator.swiftmodule' (in target 'InkOS' from project 'InkOS')
note: A dependency of Swift module 'Foundation': '/Applications/Xcode.app/Contents/Developer/Toolchains/XcodeDefault.xctoolchain/usr/lib/swift/iphonesimulator/prebuilt-modules/26.2/Foundation.swiftmodule/arm64-apple-ios-simulator.swiftmodule' (in target 'InkOS' from project 'InkOS')
note: A dependency of Swift module 'DeveloperToolsSupport': '/Applications/Xcode.app/Contents/Developer/Toolchains/XcodeDefault.xctoolchain/usr/lib/swift/iphonesimulator/prebuilt-modules/26.2/DeveloperToolsSupport.swiftmodule/arm64-apple-ios-simulator.swiftmodule' (in target 'InkOS' from project 'InkOS')
note: A dependency of Swift module 'Foundation': '/Applications/Xcode.app/Contents/Developer/Toolchains/XcodeDefault.xctoolchain/usr/lib/swift/iphonesimulator/prebuilt-modules/26.2/Foundation.swiftmodule/arm64-apple-ios-simulator.swiftmodule' (in target 'InkOS' from project 'InkOS')
note: A dependency of Swift module 'CoreTransferable': '/Applications/Xcode.app/Contents/Developer/Toolchains/XcodeDefault.xctoolchain/usr/lib/swift/iphonesimulator/prebuilt-modules/26.2/CoreTransferable.swiftmodule/arm64-apple-ios-simulator.swiftmodule' (in target 'InkOS' from project 'InkOS')
note: A dependency of Swift module 'CoreGraphics': '/Applications/Xcode.app/Contents/Developer/Toolchains/XcodeDefault.xctoolchain/usr/lib/swift/iphonesimulator/prebuilt-modules/26.2/CoreGraphics.swiftmodule/arm64-apple-ios-simulator.swiftmodule' (in target 'InkOS' from project 'InkOS')
note: A dependency of Swift module 'CoreData': '/Applications/Xcode.app/Contents/Developer/Toolchains/XcodeDefault.xctoolchain/usr/lib/swift/iphonesimulator/prebuilt-modules/26.2/CoreData.swiftmodule/arm64-apple-ios-simulator.swiftmodule' (in target 'InkOS' from project 'InkOS')
note: A dependency of Swift module 'SwiftUI': '/Applications/Xcode.app/Contents/Developer/Toolchains/XcodeDefault.xctoolchain/usr/lib/swift/iphonesimulator/prebuilt-modules/26.2/SwiftUI.swiftmodule/arm64-apple-ios-simulator.swiftmodule' (in target 'InkOS' from project 'InkOS')
note: A dependency of main module 'InkOS' (in target 'InkOS' from project 'InkOS')
note: A dependency of Swift module 'Foundation': '/Applications/Xcode.app/Contents/Developer/Toolchains/XcodeDefault.xctoolchain/usr/lib/swift/iphonesimulator/prebuilt-modules/26.2/Foundation.swiftmodule/arm64-apple-ios-simulator.swiftmodule' (in target 'InkOS' from project 'InkOS')
note: A dependency of Swift module 'OSLog': '/Applications/Xcode.app/Contents/Developer/Toolchains/XcodeDefault.xctoolchain/usr/lib/swift/iphonesimulator/prebuilt-modules/26.2/OSLog.swiftmodule/arm64-apple-ios-simulator.swiftmodule' (in target 'InkOS' from project 'InkOS')
note: A dependency of Swift module 'Foundation': '/Applications/Xcode.app/Contents/Developer/Toolchains/XcodeDefault.xctoolchain/usr/lib/swift/iphonesimulator/prebuilt-modules/26.2/Foundation.swiftmodule/arm64-apple-ios-simulator.swiftmodule' (in target 'InkOS' from project 'InkOS')
note: A dependency of Swift module 'DeveloperToolsSupport': '/Applications/Xcode.app/Contents/Developer/Toolchains/XcodeDefault.xctoolchain/usr/lib/swift/iphonesimulator/prebuilt-modules/26.2/DeveloperToolsSupport.swiftmodule/arm64-apple-ios-simulator.swiftmodule' (in target 'InkOS' from project 'InkOS')
note: A dependency of Swift module 'Foundation': '/Applications/Xcode.app/Contents/Developer/Toolchains/XcodeDefault.xctoolchain/usr/lib/swift/iphonesimulator/prebuilt-modules/26.2/Foundation.swiftmodule/arm64-apple-ios-simulator.swiftmodule' (in target 'InkOS' from project 'InkOS')
note: A dependency of Swift module 'CoreTransferable': '/Applications/Xcode.app/Contents/Developer/Toolchains/XcodeDefault.xctoolchain/usr/lib/swift/iphonesimulator/prebuilt-modules/26.2/CoreTransferable.swiftmodule/arm64-apple-ios-simulator.swiftmodule' (in target 'InkOS' from project 'InkOS')
note: A dependency of Swift module 'CoreGraphics': '/Applications/Xcode.app/Contents/Developer/Toolchains/XcodeDefault.xctoolchain/usr/lib/swift/iphonesimulator/prebuilt-modules/26.2/CoreGraphics.swiftmodule/arm64-apple-ios-simulator.swiftmodule' (in target 'InkOS' from project 'InkOS')
note: A dependency of Swift module 'CoreData': '/Applications/Xcode.app/Contents/Developer/Toolchains/XcodeDefault.xctoolchain/usr/lib/swift/iphonesimulator/prebuilt-modules/26.2/CoreData.swiftmodule/arm64-apple-ios-simulator.swiftmodule' (in target 'InkOS' from project 'InkOS')
note: A dependency of Swift module 'SwiftUI': '/Applications/Xcode.app/Contents/Developer/Toolchains/XcodeDefault.xctoolchain/usr/lib/swift/iphonesimulator/prebuilt-modules/26.2/SwiftUI.swiftmodule/arm64-apple-ios-simulator.swiftmodule' (in target 'InkOS' from project 'InkOS')
note: A dependency of main module 'InkOS' (in target 'InkOS' from project 'InkOS')
note: A dependency of Swift module 'Foundation': '/Applications/Xcode.app/Contents/Developer/Toolchains/XcodeDefault.xctoolchain/usr/lib/swift/iphonesimulator/prebuilt-modules/26.2/Foundation.swiftmodule/arm64-apple-ios-simulator.swiftmodule' (in target 'InkOS' from project 'InkOS')
note: A dependency of Swift module 'DeveloperToolsSupport': '/Applications/Xcode.app/Contents/Developer/Toolchains/XcodeDefault.xctoolchain/usr/lib/swift/iphonesimulator/prebuilt-modules/26.2/DeveloperToolsSupport.swiftmodule/arm64-apple-ios-simulator.swiftmodule' (in target 'InkOS' from project 'InkOS')
note: A dependency of Swift module 'Foundation': '/Applications/Xcode.app/Contents/Developer/Toolchains/XcodeDefault.xctoolchain/usr/lib/swift/iphonesimulator/prebuilt-modules/26.2/Foundation.swiftmodule/arm64-apple-ios-simulator.swiftmodule' (in target 'InkOS' from project 'InkOS')
note: A dependency of Swift module 'CoreTransferable': '/Applications/Xcode.app/Contents/Developer/Toolchains/XcodeDefault.xctoolchain/usr/lib/swift/iphonesimulator/prebuilt-modules/26.2/CoreTransferable.swiftmodule/arm64-apple-ios-simulator.swiftmodule' (in target 'InkOS' from project 'InkOS')
note: A dependency of Swift module 'CoreGraphics': '/Applications/Xcode.app/Contents/Developer/Toolchains/XcodeDefault.xctoolchain/usr/lib/swift/iphonesimulator/prebuilt-modules/26.2/CoreGraphics.swiftmodule/arm64-apple-ios-simulator.swiftmodule' (in target 'InkOS' from project 'InkOS')
note: A dependency of Swift module 'CoreData': '/Applications/Xcode.app/Contents/Developer/Toolchains/XcodeDefault.xctoolchain/usr/lib/swift/iphonesimulator/prebuilt-modules/26.2/CoreData.swiftmodule/arm64-apple-ios-simulator.swiftmodule' (in target 'InkOS' from project 'InkOS')
note: A dependency of Swift module 'SwiftUI': '/Applications/Xcode.app/Contents/Developer/Toolchains/XcodeDefault.xctoolchain/usr/lib/swift/iphonesimulator/prebuilt-modules/26.2/SwiftUI.swiftmodule/arm64-apple-ios-simulator.swiftmodule' (in target 'InkOS' from project 'InkOS')
note: A dependency of main module 'InkOS' (in target 'InkOS' from project 'InkOS')
note: A dependency of Swift module 'Foundation': '/Applications/Xcode.app/Contents/Developer/Toolchains/XcodeDefault.xctoolchain/usr/lib/swift/iphonesimulator/prebuilt-modules/26.2/Foundation.swiftmodule/arm64-apple-ios-simulator.swiftmodule' (in target 'InkOS' from project 'InkOS')
note: A dependency of Swift module 'DeveloperToolsSupport': '/Applications/Xcode.app/Contents/Developer/Toolchains/XcodeDefault.xctoolchain/usr/lib/swift/iphonesimulator/prebuilt-modules/26.2/DeveloperToolsSupport.swiftmodule/arm64-apple-ios-simulator.swiftmodule' (in target 'InkOS' from project 'InkOS')
note: A dependency of Swift module 'Foundation': '/Applications/Xcode.app/Contents/Developer/Toolchains/XcodeDefault.xctoolchain/usr/lib/swift/iphonesimulator/prebuilt-modules/26.2/Foundation.swiftmodule/arm64-apple-ios-simulator.swiftmodule' (in target 'InkOS' from project 'InkOS')
note: A dependency of Swift module 'CoreTransferable': '/Applications/Xcode.app/Contents/Developer/Toolchains/XcodeDefault.xctoolchain/usr/lib/swift/iphonesimulator/prebuilt-modules/26.2/CoreTransferable.swiftmodule/arm64-apple-ios-simulator.swiftmodule' (in target 'InkOS' from project 'InkOS')
note: A dependency of Swift module 'CoreGraphics': '/Applications/Xcode.app/Contents/Developer/Toolchains/XcodeDefault.xctoolchain/usr/lib/swift/iphonesimulator/prebuilt-modules/26.2/CoreGraphics.swiftmodule/arm64-apple-ios-simulator.swiftmodule' (in target 'InkOS' from project 'InkOS')
note: A dependency of Swift module 'CoreData': '/Applications/Xcode.app/Contents/Developer/Toolchains/XcodeDefault.xctoolchain/usr/lib/swift/iphonesimulator/prebuilt-modules/26.2/CoreData.swiftmodule/arm64-apple-ios-simulator.swiftmodule' (in target 'InkOS' from project 'InkOS')
note: A dependency of Swift module 'SwiftUI': '/Applications/Xcode.app/Contents/Developer/Toolchains/XcodeDefault.xctoolchain/usr/lib/swift/iphonesimulator/prebuilt-modules/26.2/SwiftUI.swiftmodule/arm64-apple-ios-simulator.swiftmodule' (in target 'InkOS' from project 'InkOS')
note: A dependency of main module 'InkOS' (in target 'InkOS' from project 'InkOS')
note: A dependency of Swift module 'Foundation': '/Applications/Xcode.app/Contents/Developer/Toolchains/XcodeDefault.xctoolchain/usr/lib/swift/iphonesimulator/prebuilt-modules/26.2/Foundation.swiftmodule/arm64-apple-ios-simulator.swiftmodule' (in target 'InkOS' from project 'InkOS')
note: A dependency of Swift module 'UniformTypeIdentifiers': '/Applications/Xcode.app/Contents/Developer/Toolchains/XcodeDefault.xctoolchain/usr/lib/swift/iphonesimulator/prebuilt-modules/26.2/UniformTypeIdentifiers.swiftmodule/arm64-apple-ios-simulator.swiftmodule' (in target 'InkOS' from project 'InkOS')
note: A dependency of Swift module 'Foundation': '/Applications/Xcode.app/Contents/Developer/Toolchains/XcodeDefault.xctoolchain/usr/lib/swift/iphonesimulator/prebuilt-modules/26.2/Foundation.swiftmodule/arm64-apple-ios-simulator.swiftmodule' (in target 'InkOS' from project 'InkOS')
note: A dependency of Swift module 'CoreTransferable': '/Applications/Xcode.app/Contents/Developer/Toolchains/XcodeDefault.xctoolchain/usr/lib/swift/iphonesimulator/prebuilt-modules/26.2/CoreTransferable.swiftmodule/arm64-apple-ios-simulator.swiftmodule' (in target 'InkOS' from project 'InkOS')
note: A dependency of Swift module 'CoreGraphics': '/Applications/Xcode.app/Contents/Developer/Toolchains/XcodeDefault.xctoolchain/usr/lib/swift/iphonesimulator/prebuilt-modules/26.2/CoreGraphics.swiftmodule/arm64-apple-ios-simulator.swiftmodule' (in target 'InkOS' from project 'InkOS')
note: A dependency of Swift module 'CoreData': '/Applications/Xcode.app/Contents/Developer/Toolchains/XcodeDefault.xctoolchain/usr/lib/swift/iphonesimulator/prebuilt-modules/26.2/CoreData.swiftmodule/arm64-apple-ios-simulator.swiftmodule' (in target 'InkOS' from project 'InkOS')
note: A dependency of Swift module 'SwiftUI': '/Applications/Xcode.app/Contents/Developer/Toolchains/XcodeDefault.xctoolchain/usr/lib/swift/iphonesimulator/prebuilt-modules/26.2/SwiftUI.swiftmodule/arm64-apple-ios-simulator.swiftmodule' (in target 'InkOS' from project 'InkOS')
note: A dependency of main module 'InkOS' (in target 'InkOS' from project 'InkOS')
note: A dependency of Swift module 'Foundation': '/Applications/Xcode.app/Contents/Developer/Toolchains/XcodeDefault.xctoolchain/usr/lib/swift/iphonesimulator/prebuilt-modules/26.2/Foundation.swiftmodule/arm64-apple-ios-simulator.swiftmodule' (in target 'InkOS' from project 'InkOS')
note: A dependency of Swift module 'CoreTransferable': '/Applications/Xcode.app/Contents/Developer/Toolchains/XcodeDefault.xctoolchain/usr/lib/swift/iphonesimulator/prebuilt-modules/26.2/CoreTransferable.swiftmodule/arm64-apple-ios-simulator.swiftmodule' (in target 'InkOS' from project 'InkOS')
note: A dependency of Swift module 'CoreGraphics': '/Applications/Xcode.app/Contents/Developer/Toolchains/XcodeDefault.xctoolchain/usr/lib/swift/iphonesimulator/prebuilt-modules/26.2/CoreGraphics.swiftmodule/arm64-apple-ios-simulator.swiftmodule' (in target 'InkOS' from project 'InkOS')
note: A dependency of Swift module 'CoreData': '/Applications/Xcode.app/Contents/Developer/Toolchains/XcodeDefault.xctoolchain/usr/lib/swift/iphonesimulator/prebuilt-modules/26.2/CoreData.swiftmodule/arm64-apple-ios-simulator.swiftmodule' (in target 'InkOS' from project 'InkOS')
note: A dependency of Swift module 'SwiftUI': '/Applications/Xcode.app/Contents/Developer/Toolchains/XcodeDefault.xctoolchain/usr/lib/swift/iphonesimulator/prebuilt-modules/26.2/SwiftUI.swiftmodule/arm64-apple-ios-simulator.swiftmodule' (in target 'InkOS' from project 'InkOS')
note: A dependency of main module 'InkOS' (in target 'InkOS' from project 'InkOS')
note: A dependency of Swift module 'Foundation': '/Applications/Xcode.app/Contents/Developer/Toolchains/XcodeDefault.xctoolchain/usr/lib/swift/iphonesimulator/prebuilt-modules/26.2/Foundation.swiftmodule/arm64-apple-ios-simulator.swiftmodule' (in target 'InkOS' from project 'InkOS')
note: A dependency of Swift module 'CoreGraphics': '/Applications/Xcode.app/Contents/Developer/Toolchains/XcodeDefault.xctoolchain/usr/lib/swift/iphonesimulator/prebuilt-modules/26.2/CoreGraphics.swiftmodule/arm64-apple-ios-simulator.swiftmodule' (in target 'InkOS' from project 'InkOS')
note: A dependency of Swift module 'CoreData': '/Applications/Xcode.app/Contents/Developer/Toolchains/XcodeDefault.xctoolchain/usr/lib/swift/iphonesimulator/prebuilt-modules/26.2/CoreData.swiftmodule/arm64-apple-ios-simulator.swiftmodule' (in target 'InkOS' from project 'InkOS')
note: A dependency of Swift module 'SwiftUI': '/Applications/Xcode.app/Contents/Developer/Toolchains/XcodeDefault.xctoolchain/usr/lib/swift/iphonesimulator/prebuilt-modules/26.2/SwiftUI.swiftmodule/arm64-apple-ios-simulator.swiftmodule' (in target 'InkOS' from project 'InkOS')
note: A dependency of main module 'InkOS' (in target 'InkOS' from project 'InkOS')
note: A dependency of Swift module 'Foundation': '/Applications/Xcode.app/Contents/Developer/Toolchains/XcodeDefault.xctoolchain/usr/lib/swift/iphonesimulator/prebuilt-modules/26.2/Foundation.swiftmodule/arm64-apple-ios-simulator.swiftmodule' (in target 'InkOS' from project 'InkOS')
note: A dependency of Swift module 'CoreData': '/Applications/Xcode.app/Contents/Developer/Toolchains/XcodeDefault.xctoolchain/usr/lib/swift/iphonesimulator/prebuilt-modules/26.2/CoreData.swiftmodule/arm64-apple-ios-simulator.swiftmodule' (in target 'InkOS' from project 'InkOS')
note: A dependency of Swift module 'SwiftUI': '/Applications/Xcode.app/Contents/Developer/Toolchains/XcodeDefault.xctoolchain/usr/lib/swift/iphonesimulator/prebuilt-modules/26.2/SwiftUI.swiftmodule/arm64-apple-ios-simulator.swiftmodule' (in target 'InkOS' from project 'InkOS')
note: A dependency of main module 'InkOS' (in target 'InkOS' from project 'InkOS')
error: Unable to find module dependency: '_SwiftConcurrencyShims' (in target 'InkOS' from project 'InkOS')
note: A dependency of Swift module 'Foundation': '/Applications/Xcode.app/Contents/Developer/Toolchains/XcodeDefault.xctoolchain/usr/lib/swift/iphonesimulator/prebuilt-modules/26.2/Foundation.swiftmodule/arm64-apple-ios-simulator.swiftmodule' (in target 'InkOS' from project 'InkOS')
note: A dependency of Swift module 'DataDetection': '/Applications/Xcode.app/Contents/Developer/Toolchains/XcodeDefault.xctoolchain/usr/lib/swift/iphonesimulator/prebuilt-modules/26.2/DataDetection.swiftmodule/arm64-apple-ios-simulator.swiftmodule' (in target 'InkOS' from project 'InkOS')
note: A dependency of Swift module 'CoreText': '/Applications/Xcode.app/Contents/Developer/Toolchains/XcodeDefault.xctoolchain/usr/lib/swift/iphonesimulator/prebuilt-modules/26.2/CoreText.swiftmodule/arm64-apple-ios-simulator.swiftmodule' (in target 'InkOS' from project 'InkOS')
note: A dependency of Swift module 'UIKit': '/Applications/Xcode.app/Contents/Developer/Toolchains/XcodeDefault.xctoolchain/usr/lib/swift/iphonesimulator/prebuilt-modules/26.2/UIKit.swiftmodule/arm64-apple-ios-simulator.swiftmodule' (in target 'InkOS' from project 'InkOS')
note: A dependency of Swift module 'Accessibility': '/Applications/Xcode.app/Contents/Developer/Toolchains/XcodeDefault.xctoolchain/usr/lib/swift/iphonesimulator/prebuilt-modules/26.2/Accessibility.swiftmodule/arm64-apple-ios-simulator.swiftmodule' (in target 'InkOS' from project 'InkOS')
note: A dependency of Swift module 'SwiftUICore': '/Applications/Xcode.app/Contents/Developer/Toolchains/XcodeDefault.xctoolchain/usr/lib/swift/iphonesimulator/prebuilt-modules/26.2/SwiftUICore.swiftmodule/arm64-apple-ios-simulator.swiftmodule' (in target 'InkOS' from project 'InkOS')
note: A dependency of Swift module 'OSLog': '/Applications/Xcode.app/Contents/Developer/Toolchains/XcodeDefault.xctoolchain/usr/lib/swift/iphonesimulator/prebuilt-modules/26.2/OSLog.swiftmodule/arm64-apple-ios-simulator.swiftmodule' (in target 'InkOS' from project 'InkOS')
note: A dependency of Swift module 'Foundation': '/Applications/Xcode.app/Contents/Developer/Toolchains/XcodeDefault.xctoolchain/usr/lib/swift/iphonesimulator/prebuilt-modules/26.2/Foundation.swiftmodule/arm64-apple-ios-simulator.swiftmodule' (in target 'InkOS' from project 'InkOS')
note: A dependency of Swift module 'DeveloperToolsSupport': '/Applications/Xcode.app/Contents/Developer/Toolchains/XcodeDefault.xctoolchain/usr/lib/swift/iphonesimulator/prebuilt-modules/26.2/DeveloperToolsSupport.swiftmodule/arm64-apple-ios-simulator.swiftmodule' (in target 'InkOS' from project 'InkOS')
note: A dependency of Swift module 'Foundation': '/Applications/Xcode.app/Contents/Developer/Toolchains/XcodeDefault.xctoolchain/usr/lib/swift/iphonesimulator/prebuilt-modules/26.2/Foundation.swiftmodule/arm64-apple-ios-simulator.swiftmodule' (in target 'InkOS' from project 'InkOS')
note: A dependency of Swift module 'CoreTransferable': '/Applications/Xcode.app/Contents/Developer/Toolchains/XcodeDefault.xctoolchain/usr/lib/swift/iphonesimulator/prebuilt-modules/26.2/CoreTransferable.swiftmodule/arm64-apple-ios-simulator.swiftmodule' (in target 'InkOS' from project 'InkOS')
note: A dependency of Swift module 'CoreGraphics': '/Applications/Xcode.app/Contents/Developer/Toolchains/XcodeDefault.xctoolchain/usr/lib/swift/iphonesimulator/prebuilt-modules/26.2/CoreGraphics.swiftmodule/arm64-apple-ios-simulator.swiftmodule' (in target 'InkOS' from project 'InkOS')
note: A dependency of Swift module 'CoreData': '/Applications/Xcode.app/Contents/Developer/Toolchains/XcodeDefault.xctoolchain/usr/lib/swift/iphonesimulator/prebuilt-modules/26.2/CoreData.swiftmodule/arm64-apple-ios-simulator.swiftmodule' (in target 'InkOS' from project 'InkOS')
note: A dependency of Swift module 'SwiftUI': '/Applications/Xcode.app/Contents/Developer/Toolchains/XcodeDefault.xctoolchain/usr/lib/swift/iphonesimulator/prebuilt-modules/26.2/SwiftUI.swiftmodule/arm64-apple-ios-simulator.swiftmodule' (in target 'InkOS' from project 'InkOS')
note: A dependency of main module 'InkOS' (in target 'InkOS' from project 'InkOS')
note: A dependency of Swift module 'Foundation': '/Applications/Xcode.app/Contents/Developer/Toolchains/XcodeDefault.xctoolchain/usr/lib/swift/iphonesimulator/prebuilt-modules/26.2/Foundation.swiftmodule/arm64-apple-ios-simulator.swiftmodule' (in target 'InkOS' from project 'InkOS')
note: A dependency of Swift module 'QuartzCore': '/Applications/Xcode.app/Contents/Developer/Toolchains/XcodeDefault.xctoolchain/usr/lib/swift/iphonesimulator/prebuilt-modules/26.2/QuartzCore.swiftmodule/arm64-apple-ios-simulator.swiftmodule' (in target 'InkOS' from project 'InkOS')
note: A dependency of Swift module 'Foundation': '/Applications/Xcode.app/Contents/Developer/Toolchains/XcodeDefault.xctoolchain/usr/lib/swift/iphonesimulator/prebuilt-modules/26.2/Foundation.swiftmodule/arm64-apple-ios-simulator.swiftmodule' (in target 'InkOS' from project 'InkOS')
note: A dependency of Swift module 'DataDetection': '/Applications/Xcode.app/Contents/Developer/Toolchains/XcodeDefault.xctoolchain/usr/lib/swift/iphonesimulator/prebuilt-modules/26.2/DataDetection.swiftmodule/arm64-apple-ios-simulator.swiftmodule' (in target 'InkOS' from project 'InkOS')
note: A dependency of Swift module 'CoreText': '/Applications/Xcode.app/Contents/Developer/Toolchains/XcodeDefault.xctoolchain/usr/lib/swift/iphonesimulator/prebuilt-modules/26.2/CoreText.swiftmodule/arm64-apple-ios-simulator.swiftmodule' (in target 'InkOS' from project 'InkOS')
note: A dependency of Swift module 'UIKit': '/Applications/Xcode.app/Contents/Developer/Toolchains/XcodeDefault.xctoolchain/usr/lib/swift/iphonesimulator/prebuilt-modules/26.2/UIKit.swiftmodule/arm64-apple-ios-simulator.swiftmodule' (in target 'InkOS' from project 'InkOS')
note: A dependency of Swift module 'Accessibility': '/Applications/Xcode.app/Contents/Developer/Toolchains/XcodeDefault.xctoolchain/usr/lib/swift/iphonesimulator/prebuilt-modules/26.2/Accessibility.swiftmodule/arm64-apple-ios-simulator.swiftmodule' (in target 'InkOS' from project 'InkOS')
note: A dependency of Swift module 'SwiftUICore': '/Applications/Xcode.app/Contents/Developer/Toolchains/XcodeDefault.xctoolchain/usr/lib/swift/iphonesimulator/prebuilt-modules/26.2/SwiftUICore.swiftmodule/arm64-apple-ios-simulator.swiftmodule' (in target 'InkOS' from project 'InkOS')
note: A dependency of Swift module 'OSLog': '/Applications/Xcode.app/Contents/Developer/Toolchains/XcodeDefault.xctoolchain/usr/lib/swift/iphonesimulator/prebuilt-modules/26.2/OSLog.swiftmodule/arm64-apple-ios-simulator.swiftmodule' (in target 'InkOS' from project 'InkOS')
note: A dependency of Swift module 'Foundation': '/Applications/Xcode.app/Contents/Developer/Toolchains/XcodeDefault.xctoolchain/usr/lib/swift/iphonesimulator/prebuilt-modules/26.2/Foundation.swiftmodule/arm64-apple-ios-simulator.swiftmodule' (in target 'InkOS' from project 'InkOS')
note: A dependency of Swift module 'DeveloperToolsSupport': '/Applications/Xcode.app/Contents/Developer/Toolchains/XcodeDefault.xctoolchain/usr/lib/swift/iphonesimulator/prebuilt-modules/26.2/DeveloperToolsSupport.swiftmodule/arm64-apple-ios-simulator.swiftmodule' (in target 'InkOS' from project 'InkOS')
note: A dependency of Swift module 'Foundation': '/Applications/Xcode.app/Contents/Developer/Toolchains/XcodeDefault.xctoolchain/usr/lib/swift/iphonesimulator/prebuilt-modules/26.2/Foundation.swiftmodule/arm64-apple-ios-simulator.swiftmodule' (in target 'InkOS' from project 'InkOS')
note: A dependency of Swift module 'CoreTransferable': '/Applications/Xcode.app/Contents/Developer/Toolchains/XcodeDefault.xctoolchain/usr/lib/swift/iphonesimulator/prebuilt-modules/26.2/CoreTransferable.swiftmodule/arm64-apple-ios-simulator.swiftmodule' (in target 'InkOS' from project 'InkOS')
note: A dependency of Swift module 'CoreGraphics': '/Applications/Xcode.app/Contents/Developer/Toolchains/XcodeDefault.xctoolchain/usr/lib/swift/iphonesimulator/prebuilt-modules/26.2/CoreGraphics.swiftmodule/arm64-apple-ios-simulator.swiftmodule' (in target 'InkOS' from project 'InkOS')
note: A dependency of Swift module 'CoreData': '/Applications/Xcode.app/Contents/Developer/Toolchains/XcodeDefault.xctoolchain/usr/lib/swift/iphonesimulator/prebuilt-modules/26.2/CoreData.swiftmodule/arm64-apple-ios-simulator.swiftmodule' (in target 'InkOS' from project 'InkOS')
note: A dependency of Swift module 'SwiftUI': '/Applications/Xcode.app/Contents/Developer/Toolchains/XcodeDefault.xctoolchain/usr/lib/swift/iphonesimulator/prebuilt-modules/26.2/SwiftUI.swiftmodule/arm64-apple-ios-simulator.swiftmodule' (in target 'InkOS' from project 'InkOS')
note: A dependency of main module 'InkOS' (in target 'InkOS' from project 'InkOS')
note: A dependency of Swift module 'Foundation': '/Applications/Xcode.app/Contents/Developer/Toolchains/XcodeDefault.xctoolchain/usr/lib/swift/iphonesimulator/prebuilt-modules/26.2/Foundation.swiftmodule/arm64-apple-ios-simulator.swiftmodule' (in target 'InkOS' from project 'InkOS')
note: A dependency of Swift module 'DataDetection': '/Applications/Xcode.app/Contents/Developer/Toolchains/XcodeDefault.xctoolchain/usr/lib/swift/iphonesimulator/prebuilt-modules/26.2/DataDetection.swiftmodule/arm64-apple-ios-simulator.swiftmodule' (in target 'InkOS' from project 'InkOS')
note: A dependency of Swift module 'CoreText': '/Applications/Xcode.app/Contents/Developer/Toolchains/XcodeDefault.xctoolchain/usr/lib/swift/iphonesimulator/prebuilt-modules/26.2/CoreText.swiftmodule/arm64-apple-ios-simulator.swiftmodule' (in target 'InkOS' from project 'InkOS')
note: A dependency of Swift module 'UIKit': '/Applications/Xcode.app/Contents/Developer/Toolchains/XcodeDefault.xctoolchain/usr/lib/swift/iphonesimulator/prebuilt-modules/26.2/UIKit.swiftmodule/arm64-apple-ios-simulator.swiftmodule' (in target 'InkOS' from project 'InkOS')
note: A dependency of Swift module 'Accessibility': '/Applications/Xcode.app/Contents/Developer/Toolchains/XcodeDefault.xctoolchain/usr/lib/swift/iphonesimulator/prebuilt-modules/26.2/Accessibility.swiftmodule/arm64-apple-ios-simulator.swiftmodule' (in target 'InkOS' from project 'InkOS')
note: A dependency of Swift module 'SwiftUICore': '/Applications/Xcode.app/Contents/Developer/Toolchains/XcodeDefault.xctoolchain/usr/lib/swift/iphonesimulator/prebuilt-modules/26.2/SwiftUICore.swiftmodule/arm64-apple-ios-simulator.swiftmodule' (in target 'InkOS' from project 'InkOS')
note: A dependency of Swift module 'OSLog': '/Applications/Xcode.app/Contents/Developer/Toolchains/XcodeDefault.xctoolchain/usr/lib/swift/iphonesimulator/prebuilt-modules/26.2/OSLog.swiftmodule/arm64-apple-ios-simulator.swiftmodule' (in target 'InkOS' from project 'InkOS')
note: A dependency of Swift module 'Foundation': '/Applications/Xcode.app/Contents/Developer/Toolchains/XcodeDefault.xctoolchain/usr/lib/swift/iphonesimulator/prebuilt-modules/26.2/Foundation.swiftmodule/arm64-apple-ios-simulator.swiftmodule' (in target 'InkOS' from project 'InkOS')
note: A dependency of Swift module 'DeveloperToolsSupport': '/Applications/Xcode.app/Contents/Developer/Toolchains/XcodeDefault.xctoolchain/usr/lib/swift/iphonesimulator/prebuilt-modules/26.2/DeveloperToolsSupport.swiftmodule/arm64-apple-ios-simulator.swiftmodule' (in target 'InkOS' from project 'InkOS')
note: A dependency of Swift module 'Foundation': '/Applications/Xcode.app/Contents/Developer/Toolchains/XcodeDefault.xctoolchain/usr/lib/swift/iphonesimulator/prebuilt-modules/26.2/Foundation.swiftmodule/arm64-apple-ios-simulator.swiftmodule' (in target 'InkOS' from project 'InkOS')
note: A dependency of Swift module 'CoreTransferable': '/Applications/Xcode.app/Contents/Developer/Toolchains/XcodeDefault.xctoolchain/usr/lib/swift/iphonesimulator/prebuilt-modules/26.2/CoreTransferable.swiftmodule/arm64-apple-ios-simulator.swiftmodule' (in target 'InkOS' from project 'InkOS')
note: A dependency of Swift module 'CoreGraphics': '/Applications/Xcode.app/Contents/Developer/Toolchains/XcodeDefault.xctoolchain/usr/lib/swift/iphonesimulator/prebuilt-modules/26.2/CoreGraphics.swiftmodule/arm64-apple-ios-simulator.swiftmodule' (in target 'InkOS' from project 'InkOS')
note: A dependency of Swift module 'CoreData': '/Applications/Xcode.app/Contents/Developer/Toolchains/XcodeDefault.xctoolchain/usr/lib/swift/iphonesimulator/prebuilt-modules/26.2/CoreData.swiftmodule/arm64-apple-ios-simulator.swiftmodule' (in target 'InkOS' from project 'InkOS')
note: A dependency of Swift module 'SwiftUI': '/Applications/Xcode.app/Contents/Developer/Toolchains/XcodeDefault.xctoolchain/usr/lib/swift/iphonesimulator/prebuilt-modules/26.2/SwiftUI.swiftmodule/arm64-apple-ios-simulator.swiftmodule' (in target 'InkOS' from project 'InkOS')
note: A dependency of main module 'InkOS' (in target 'InkOS' from project 'InkOS')
note: A dependency of Swift module 'Foundation': '/Applications/Xcode.app/Contents/Developer/Toolchains/XcodeDefault.xctoolchain/usr/lib/swift/iphonesimulator/prebuilt-modules/26.2/Foundation.swiftmodule/arm64-apple-ios-simulator.swiftmodule' (in target 'InkOS' from project 'InkOS')
note: A dependency of Swift module 'DataDetection': '/Applications/Xcode.app/Contents/Developer/Toolchains/XcodeDefault.xctoolchain/usr/lib/swift/iphonesimulator/prebuilt-modules/26.2/DataDetection.swiftmodule/arm64-apple-ios-simulator.swiftmodule' (in target 'InkOS' from project 'InkOS')
note: A dependency of Swift module 'CoreText': '/Applications/Xcode.app/Contents/Developer/Toolchains/XcodeDefault.xctoolchain/usr/lib/swift/iphonesimulator/prebuilt-modules/26.2/CoreText.swiftmodule/arm64-apple-ios-simulator.swiftmodule' (in target 'InkOS' from project 'InkOS')
note: A dependency of Swift module 'UIKit': '/Applications/Xcode.app/Contents/Developer/Toolchains/XcodeDefault.xctoolchain/usr/lib/swift/iphonesimulator/prebuilt-modules/26.2/UIKit.swiftmodule/arm64-apple-ios-simulator.swiftmodule' (in target 'InkOS' from project 'InkOS')
note: A dependency of Swift module 'Accessibility': '/Applications/Xcode.app/Contents/Developer/Toolchains/XcodeDefault.xctoolchain/usr/lib/swift/iphonesimulator/prebuilt-modules/26.2/Accessibility.swiftmodule/arm64-apple-ios-simulator.swiftmodule' (in target 'InkOS' from project 'InkOS')
note: A dependency of Swift module 'SwiftUICore': '/Applications/Xcode.app/Contents/Developer/Toolchains/XcodeDefault.xctoolchain/usr/lib/swift/iphonesimulator/prebuilt-modules/26.2/SwiftUICore.swiftmodule/arm64-apple-ios-simulator.swiftmodule' (in target 'InkOS' from project 'InkOS')
note: A dependency of Swift module 'OSLog': '/Applications/Xcode.app/Contents/Developer/Toolchains/XcodeDefault.xctoolchain/usr/lib/swift/iphonesimulator/prebuilt-modules/26.2/OSLog.swiftmodule/arm64-apple-ios-simulator.swiftmodule' (in target 'InkOS' from project 'InkOS')
note: A dependency of Swift module 'Foundation': '/Applications/Xcode.app/Contents/Developer/Toolchains/XcodeDefault.xctoolchain/usr/lib/swift/iphonesimulator/prebuilt-modules/26.2/Foundation.swiftmodule/arm64-apple-ios-simulator.swiftmodule' (in target 'InkOS' from project 'InkOS')
note: A dependency of Swift module 'DeveloperToolsSupport': '/Applications/Xcode.app/Contents/Developer/Toolchains/XcodeDefault.xctoolchain/usr/lib/swift/iphonesimulator/prebuilt-modules/26.2/DeveloperToolsSupport.swiftmodule/arm64-apple-ios-simulator.swiftmodule' (in target 'InkOS' from project 'InkOS')
note: A dependency of Swift module 'Foundation': '/Applications/Xcode.app/Contents/Developer/Toolchains/XcodeDefault.xctoolchain/usr/lib/swift/iphonesimulator/prebuilt-modules/26.2/Foundation.swiftmodule/arm64-apple-ios-simulator.swiftmodule' (in target 'InkOS' from project 'InkOS')
note: A dependency of Swift module 'CoreTransferable': '/Applications/Xcode.app/Contents/Developer/Toolchains/XcodeDefault.xctoolchain/usr/lib/swift/iphonesimulator/prebuilt-modules/26.2/CoreTransferable.swiftmodule/arm64-apple-ios-simulator.swiftmodule' (in target 'InkOS' from project 'InkOS')
note: A dependency of Swift module 'CoreGraphics': '/Applications/Xcode.app/Contents/Developer/Toolchains/XcodeDefault.xctoolchain/usr/lib/swift/iphonesimulator/prebuilt-modules/26.2/CoreGraphics.swiftmodule/arm64-apple-ios-simulator.swiftmodule' (in target 'InkOS' from project 'InkOS')
note: A dependency of Swift module 'CoreData': '/Applications/Xcode.app/Contents/Developer/Toolchains/XcodeDefault.xctoolchain/usr/lib/swift/iphonesimulator/prebuilt-modules/26.2/CoreData.swiftmodule/arm64-apple-ios-simulator.swiftmodule' (in target 'InkOS' from project 'InkOS')
note: A dependency of Swift module 'SwiftUI': '/Applications/Xcode.app/Contents/Developer/Toolchains/XcodeDefault.xctoolchain/usr/lib/swift/iphonesimulator/prebuilt-modules/26.2/SwiftUI.swiftmodule/arm64-apple-ios-simulator.swiftmodule' (in target 'InkOS' from project 'InkOS')
note: A dependency of main module 'InkOS' (in target 'InkOS' from project 'InkOS')
note: A dependency of Swift module 'Foundation': '/Applications/Xcode.app/Contents/Developer/Toolchains/XcodeDefault.xctoolchain/usr/lib/swift/iphonesimulator/prebuilt-modules/26.2/Foundation.swiftmodule/arm64-apple-ios-simulator.swiftmodule' (in target 'InkOS' from project 'InkOS')
note: A dependency of Swift module 'CoreText': '/Applications/Xcode.app/Contents/Developer/Toolchains/XcodeDefault.xctoolchain/usr/lib/swift/iphonesimulator/prebuilt-modules/26.2/CoreText.swiftmodule/arm64-apple-ios-simulator.swiftmodule' (in target 'InkOS' from project 'InkOS')
note: A dependency of Swift module 'UIKit': '/Applications/Xcode.app/Contents/Developer/Toolchains/XcodeDefault.xctoolchain/usr/lib/swift/iphonesimulator/prebuilt-modules/26.2/UIKit.swiftmodule/arm64-apple-ios-simulator.swiftmodule' (in target 'InkOS' from project 'InkOS')
note: A dependency of Swift module 'Accessibility': '/Applications/Xcode.app/Contents/Developer/Toolchains/XcodeDefault.xctoolchain/usr/lib/swift/iphonesimulator/prebuilt-modules/26.2/Accessibility.swiftmodule/arm64-apple-ios-simulator.swiftmodule' (in target 'InkOS' from project 'InkOS')
note: A dependency of Swift module 'SwiftUICore': '/Applications/Xcode.app/Contents/Developer/Toolchains/XcodeDefault.xctoolchain/usr/lib/swift/iphonesimulator/prebuilt-modules/26.2/SwiftUICore.swiftmodule/arm64-apple-ios-simulator.swiftmodule' (in target 'InkOS' from project 'InkOS')
note: A dependency of Swift module 'OSLog': '/Applications/Xcode.app/Contents/Developer/Toolchains/XcodeDefault.xctoolchain/usr/lib/swift/iphonesimulator/prebuilt-modules/26.2/OSLog.swiftmodule/arm64-apple-ios-simulator.swiftmodule' (in target 'InkOS' from project 'InkOS')
note: A dependency of Swift module 'Foundation': '/Applications/Xcode.app/Contents/Developer/Toolchains/XcodeDefault.xctoolchain/usr/lib/swift/iphonesimulator/prebuilt-modules/26.2/Foundation.swiftmodule/arm64-apple-ios-simulator.swiftmodule' (in target 'InkOS' from project 'InkOS')
note: A dependency of Swift module 'DeveloperToolsSupport': '/Applications/Xcode.app/Contents/Developer/Toolchains/XcodeDefault.xctoolchain/usr/lib/swift/iphonesimulator/prebuilt-modules/26.2/DeveloperToolsSupport.swiftmodule/arm64-apple-ios-simulator.swiftmodule' (in target 'InkOS' from project 'InkOS')
note: A dependency of Swift module 'Foundation': '/Applications/Xcode.app/Contents/Developer/Toolchains/XcodeDefault.xctoolchain/usr/lib/swift/iphonesimulator/prebuilt-modules/26.2/Foundation.swiftmodule/arm64-apple-ios-simulator.swiftmodule' (in target 'InkOS' from project 'InkOS')
note: A dependency of Swift module 'CoreTransferable': '/Applications/Xcode.app/Contents/Developer/Toolchains/XcodeDefault.xctoolchain/usr/lib/swift/iphonesimulator/prebuilt-modules/26.2/CoreTransferable.swiftmodule/arm64-apple-ios-simulator.swiftmodule' (in target 'InkOS' from project 'InkOS')
note: A dependency of Swift module 'CoreGraphics': '/Applications/Xcode.app/Contents/Developer/Toolchains/XcodeDefault.xctoolchain/usr/lib/swift/iphonesimulator/prebuilt-modules/26.2/CoreGraphics.swiftmodule/arm64-apple-ios-simulator.swiftmodule' (in target 'InkOS' from project 'InkOS')
note: A dependency of Swift module 'CoreData': '/Applications/Xcode.app/Contents/Developer/Toolchains/XcodeDefault.xctoolchain/usr/lib/swift/iphonesimulator/prebuilt-modules/26.2/CoreData.swiftmodule/arm64-apple-ios-simulator.swiftmodule' (in target 'InkOS' from project 'InkOS')
note: A dependency of Swift module 'SwiftUI': '/Applications/Xcode.app/Contents/Developer/Toolchains/XcodeDefault.xctoolchain/usr/lib/swift/iphonesimulator/prebuilt-modules/26.2/SwiftUI.swiftmodule/arm64-apple-ios-simulator.swiftmodule' (in target 'InkOS' from project 'InkOS')
note: A dependency of main module 'InkOS' (in target 'InkOS' from project 'InkOS')
note: A dependency of Swift module 'Foundation': '/Applications/Xcode.app/Contents/Developer/Toolchains/XcodeDefault.xctoolchain/usr/lib/swift/iphonesimulator/prebuilt-modules/26.2/Foundation.swiftmodule/arm64-apple-ios-simulator.swiftmodule' (in target 'InkOS' from project 'InkOS')
note: A dependency of Swift module 'Accessibility': '/Applications/Xcode.app/Contents/Developer/Toolchains/XcodeDefault.xctoolchain/usr/lib/swift/iphonesimulator/prebuilt-modules/26.2/Accessibility.swiftmodule/arm64-apple-ios-simulator.swiftmodule' (in target 'InkOS' from project 'InkOS')
note: A dependency of Swift module 'SwiftUICore': '/Applications/Xcode.app/Contents/Developer/Toolchains/XcodeDefault.xctoolchain/usr/lib/swift/iphonesimulator/prebuilt-modules/26.2/SwiftUICore.swiftmodule/arm64-apple-ios-simulator.swiftmodule' (in target 'InkOS' from project 'InkOS')
note: A dependency of Swift module 'OSLog': '/Applications/Xcode.app/Contents/Developer/Toolchains/XcodeDefault.xctoolchain/usr/lib/swift/iphonesimulator/prebuilt-modules/26.2/OSLog.swiftmodule/arm64-apple-ios-simulator.swiftmodule' (in target 'InkOS' from project 'InkOS')
note: A dependency of Swift module 'Foundation': '/Applications/Xcode.app/Contents/Developer/Toolchains/XcodeDefault.xctoolchain/usr/lib/swift/iphonesimulator/prebuilt-modules/26.2/Foundation.swiftmodule/arm64-apple-ios-simulator.swiftmodule' (in target 'InkOS' from project 'InkOS')
note: A dependency of Swift module 'DeveloperToolsSupport': '/Applications/Xcode.app/Contents/Developer/Toolchains/XcodeDefault.xctoolchain/usr/lib/swift/iphonesimulator/prebuilt-modules/26.2/DeveloperToolsSupport.swiftmodule/arm64-apple-ios-simulator.swiftmodule' (in target 'InkOS' from project 'InkOS')
note: A dependency of Swift module 'Foundation': '/Applications/Xcode.app/Contents/Developer/Toolchains/XcodeDefault.xctoolchain/usr/lib/swift/iphonesimulator/prebuilt-modules/26.2/Foundation.swiftmodule/arm64-apple-ios-simulator.swiftmodule' (in target 'InkOS' from project 'InkOS')
note: A dependency of Swift module 'CoreTransferable': '/Applications/Xcode.app/Contents/Developer/Toolchains/XcodeDefault.xctoolchain/usr/lib/swift/iphonesimulator/prebuilt-modules/26.2/CoreTransferable.swiftmodule/arm64-apple-ios-simulator.swiftmodule' (in target 'InkOS' from project 'InkOS')
note: A dependency of Swift module 'CoreGraphics': '/Applications/Xcode.app/Contents/Developer/Toolchains/XcodeDefault.xctoolchain/usr/lib/swift/iphonesimulator/prebuilt-modules/26.2/CoreGraphics.swiftmodule/arm64-apple-ios-simulator.swiftmodule' (in target 'InkOS' from project 'InkOS')
note: A dependency of Swift module 'CoreData': '/Applications/Xcode.app/Contents/Developer/Toolchains/XcodeDefault.xctoolchain/usr/lib/swift/iphonesimulator/prebuilt-modules/26.2/CoreData.swiftmodule/arm64-apple-ios-simulator.swiftmodule' (in target 'InkOS' from project 'InkOS')
note: A dependency of Swift module 'SwiftUI': '/Applications/Xcode.app/Contents/Developer/Toolchains/XcodeDefault.xctoolchain/usr/lib/swift/iphonesimulator/prebuilt-modules/26.2/SwiftUI.swiftmodule/arm64-apple-ios-simulator.swiftmodule' (in target 'InkOS' from project 'InkOS')
note: A dependency of main module 'InkOS' (in target 'InkOS' from project 'InkOS')
note: A dependency of Swift module 'Foundation': '/Applications/Xcode.app/Contents/Developer/Toolchains/XcodeDefault.xctoolchain/usr/lib/swift/iphonesimulator/prebuilt-modules/26.2/Foundation.swiftmodule/arm64-apple-ios-simulator.swiftmodule' (in target 'InkOS' from project 'InkOS')
note: A dependency of Swift module 'Accessibility': '/Applications/Xcode.app/Contents/Developer/Toolchains/XcodeDefault.xctoolchain/usr/lib/swift/iphonesimulator/prebuilt-modules/26.2/Accessibility.swiftmodule/arm64-apple-ios-simulator.swiftmodule' (in target 'InkOS' from project 'InkOS')
note: A dependency of Swift module 'SwiftUICore': '/Applications/Xcode.app/Contents/Developer/Toolchains/XcodeDefault.xctoolchain/usr/lib/swift/iphonesimulator/prebuilt-modules/26.2/SwiftUICore.swiftmodule/arm64-apple-ios-simulator.swiftmodule' (in target 'InkOS' from project 'InkOS')
note: A dependency of Swift module 'OSLog': '/Applications/Xcode.app/Contents/Developer/Toolchains/XcodeDefault.xctoolchain/usr/lib/swift/iphonesimulator/prebuilt-modules/26.2/OSLog.swiftmodule/arm64-apple-ios-simulator.swiftmodule' (in target 'InkOS' from project 'InkOS')
note: A dependency of Swift module 'Foundation': '/Applications/Xcode.app/Contents/Developer/Toolchains/XcodeDefault.xctoolchain/usr/lib/swift/iphonesimulator/prebuilt-modules/26.2/Foundation.swiftmodule/arm64-apple-ios-simulator.swiftmodule' (in target 'InkOS' from project 'InkOS')
note: A dependency of Swift module 'DeveloperToolsSupport': '/Applications/Xcode.app/Contents/Developer/Toolchains/XcodeDefault.xctoolchain/usr/lib/swift/iphonesimulator/prebuilt-modules/26.2/DeveloperToolsSupport.swiftmodule/arm64-apple-ios-simulator.swiftmodule' (in target 'InkOS' from project 'InkOS')
note: A dependency of Swift module 'Foundation': '/Applications/Xcode.app/Contents/Developer/Toolchains/XcodeDefault.xctoolchain/usr/lib/swift/iphonesimulator/prebuilt-modules/26.2/Foundation.swiftmodule/arm64-apple-ios-simulator.swiftmodule' (in target 'InkOS' from project 'InkOS')
note: A dependency of Swift module 'CoreTransferable': '/Applications/Xcode.app/Contents/Developer/Toolchains/XcodeDefault.xctoolchain/usr/lib/swift/iphonesimulator/prebuilt-modules/26.2/CoreTransferable.swiftmodule/arm64-apple-ios-simulator.swiftmodule' (in target 'InkOS' from project 'InkOS')
note: A dependency of Swift module 'CoreGraphics': '/Applications/Xcode.app/Contents/Developer/Toolchains/XcodeDefault.xctoolchain/usr/lib/swift/iphonesimulator/prebuilt-modules/26.2/CoreGraphics.swiftmodule/arm64-apple-ios-simulator.swiftmodule' (in target 'InkOS' from project 'InkOS')
note: A dependency of Swift module 'CoreData': '/Applications/Xcode.app/Contents/Developer/Toolchains/XcodeDefault.xctoolchain/usr/lib/swift/iphonesimulator/prebuilt-modules/26.2/CoreData.swiftmodule/arm64-apple-ios-simulator.swiftmodule' (in target 'InkOS' from project 'InkOS')
note: A dependency of Swift module 'SwiftUI': '/Applications/Xcode.app/Contents/Developer/Toolchains/XcodeDefault.xctoolchain/usr/lib/swift/iphonesimulator/prebuilt-modules/26.2/SwiftUI.swiftmodule/arm64-apple-ios-simulator.swiftmodule' (in target 'InkOS' from project 'InkOS')
note: A dependency of main module 'InkOS' (in target 'InkOS' from project 'InkOS')
note: A dependency of Swift module 'Foundation': '/Applications/Xcode.app/Contents/Developer/Toolchains/XcodeDefault.xctoolchain/usr/lib/swift/iphonesimulator/prebuilt-modules/26.2/Foundation.swiftmodule/arm64-apple-ios-simulator.swiftmodule' (in target 'InkOS' from project 'InkOS')
note: A dependency of Swift module 'OSLog': '/Applications/Xcode.app/Contents/Developer/Toolchains/XcodeDefault.xctoolchain/usr/lib/swift/iphonesimulator/prebuilt-modules/26.2/OSLog.swiftmodule/arm64-apple-ios-simulator.swiftmodule' (in target 'InkOS' from project 'InkOS')
note: A dependency of Swift module 'Foundation': '/Applications/Xcode.app/Contents/Developer/Toolchains/XcodeDefault.xctoolchain/usr/lib/swift/iphonesimulator/prebuilt-modules/26.2/Foundation.swiftmodule/arm64-apple-ios-simulator.swiftmodule' (in target 'InkOS' from project 'InkOS')
note: A dependency of Swift module 'DeveloperToolsSupport': '/Applications/Xcode.app/Contents/Developer/Toolchains/XcodeDefault.xctoolchain/usr/lib/swift/iphonesimulator/prebuilt-modules/26.2/DeveloperToolsSupport.swiftmodule/arm64-apple-ios-simulator.swiftmodule' (in target 'InkOS' from project 'InkOS')
note: A dependency of Swift module 'Foundation': '/Applications/Xcode.app/Contents/Developer/Toolchains/XcodeDefault.xctoolchain/usr/lib/swift/iphonesimulator/prebuilt-modules/26.2/Foundation.swiftmodule/arm64-apple-ios-simulator.swiftmodule' (in target 'InkOS' from project 'InkOS')
note: A dependency of Swift module 'CoreTransferable': '/Applications/Xcode.app/Contents/Developer/Toolchains/XcodeDefault.xctoolchain/usr/lib/swift/iphonesimulator/prebuilt-modules/26.2/CoreTransferable.swiftmodule/arm64-apple-ios-simulator.swiftmodule' (in target 'InkOS' from project 'InkOS')
note: A dependency of Swift module 'CoreGraphics': '/Applications/Xcode.app/Contents/Developer/Toolchains/XcodeDefault.xctoolchain/usr/lib/swift/iphonesimulator/prebuilt-modules/26.2/CoreGraphics.swiftmodule/arm64-apple-ios-simulator.swiftmodule' (in target 'InkOS' from project 'InkOS')
note: A dependency of Swift module 'CoreData': '/Applications/Xcode.app/Contents/Developer/Toolchains/XcodeDefault.xctoolchain/usr/lib/swift/iphonesimulator/prebuilt-modules/26.2/CoreData.swiftmodule/arm64-apple-ios-simulator.swiftmodule' (in target 'InkOS' from project 'InkOS')
note: A dependency of Swift module 'SwiftUI': '/Applications/Xcode.app/Contents/Developer/Toolchains/XcodeDefault.xctoolchain/usr/lib/swift/iphonesimulator/prebuilt-modules/26.2/SwiftUI.swiftmodule/arm64-apple-ios-simulator.swiftmodule' (in target 'InkOS' from project 'InkOS')
note: A dependency of main module 'InkOS' (in target 'InkOS' from project 'InkOS')
note: A dependency of Swift module 'Foundation': '/Applications/Xcode.app/Contents/Developer/Toolchains/XcodeDefault.xctoolchain/usr/lib/swift/iphonesimulator/prebuilt-modules/26.2/Foundation.swiftmodule/arm64-apple-ios-simulator.swiftmodule' (in target 'InkOS' from project 'InkOS')
note: A dependency of Swift module 'DeveloperToolsSupport': '/Applications/Xcode.app/Contents/Developer/Toolchains/XcodeDefault.xctoolchain/usr/lib/swift/iphonesimulator/prebuilt-modules/26.2/DeveloperToolsSupport.swiftmodule/arm64-apple-ios-simulator.swiftmodule' (in target 'InkOS' from project 'InkOS')
note: A dependency of Swift module 'Foundation': '/Applications/Xcode.app/Contents/Developer/Toolchains/XcodeDefault.xctoolchain/usr/lib/swift/iphonesimulator/prebuilt-modules/26.2/Foundation.swiftmodule/arm64-apple-ios-simulator.swiftmodule' (in target 'InkOS' from project 'InkOS')
note: A dependency of Swift module 'CoreTransferable': '/Applications/Xcode.app/Contents/Developer/Toolchains/XcodeDefault.xctoolchain/usr/lib/swift/iphonesimulator/prebuilt-modules/26.2/CoreTransferable.swiftmodule/arm64-apple-ios-simulator.swiftmodule' (in target 'InkOS' from project 'InkOS')
note: A dependency of Swift module 'CoreGraphics': '/Applications/Xcode.app/Contents/Developer/Toolchains/XcodeDefault.xctoolchain/usr/lib/swift/iphonesimulator/prebuilt-modules/26.2/CoreGraphics.swiftmodule/arm64-apple-ios-simulator.swiftmodule' (in target 'InkOS' from project 'InkOS')
note: A dependency of Swift module 'CoreData': '/Applications/Xcode.app/Contents/Developer/Toolchains/XcodeDefault.xctoolchain/usr/lib/swift/iphonesimulator/prebuilt-modules/26.2/CoreData.swiftmodule/arm64-apple-ios-simulator.swiftmodule' (in target 'InkOS' from project 'InkOS')
note: A dependency of Swift module 'SwiftUI': '/Applications/Xcode.app/Contents/Developer/Toolchains/XcodeDefault.xctoolchain/usr/lib/swift/iphonesimulator/prebuilt-modules/26.2/SwiftUI.swiftmodule/arm64-apple-ios-simulator.swiftmodule' (in target 'InkOS' from project 'InkOS')
note: A dependency of main module 'InkOS' (in target 'InkOS' from project 'InkOS')
note: A dependency of Swift module 'Foundation': '/Applications/Xcode.app/Contents/Developer/Toolchains/XcodeDefault.xctoolchain/usr/lib/swift/iphonesimulator/prebuilt-modules/26.2/Foundation.swiftmodule/arm64-apple-ios-simulator.swiftmodule' (in target 'InkOS' from project 'InkOS')
note: A dependency of Swift module 'DeveloperToolsSupport': '/Applications/Xcode.app/Contents/Developer/Toolchains/XcodeDefault.xctoolchain/usr/lib/swift/iphonesimulator/prebuilt-modules/26.2/DeveloperToolsSupport.swiftmodule/arm64-apple-ios-simulator.swiftmodule' (in target 'InkOS' from project 'InkOS')
note: A dependency of Swift module 'Foundation': '/Applications/Xcode.app/Contents/Developer/Toolchains/XcodeDefault.xctoolchain/usr/lib/swift/iphonesimulator/prebuilt-modules/26.2/Foundation.swiftmodule/arm64-apple-ios-simulator.swiftmodule' (in target 'InkOS' from project 'InkOS')
note: A dependency of Swift module 'CoreTransferable': '/Applications/Xcode.app/Contents/Developer/Toolchains/XcodeDefault.xctoolchain/usr/lib/swift/iphonesimulator/prebuilt-modules/26.2/CoreTransferable.swiftmodule/arm64-apple-ios-simulator.swiftmodule' (in target 'InkOS' from project 'InkOS')
note: A dependency of Swift module 'CoreGraphics': '/Applications/Xcode.app/Contents/Developer/Toolchains/XcodeDefault.xctoolchain/usr/lib/swift/iphonesimulator/prebuilt-modules/26.2/CoreGraphics.swiftmodule/arm64-apple-ios-simulator.swiftmodule' (in target 'InkOS' from project 'InkOS')
note: A dependency of Swift module 'CoreData': '/Applications/Xcode.app/Contents/Developer/Toolchains/XcodeDefault.xctoolchain/usr/lib/swift/iphonesimulator/prebuilt-modules/26.2/CoreData.swiftmodule/arm64-apple-ios-simulator.swiftmodule' (in target 'InkOS' from project 'InkOS')
note: A dependency of Swift module 'SwiftUI': '/Applications/Xcode.app/Contents/Developer/Toolchains/XcodeDefault.xctoolchain/usr/lib/swift/iphonesimulator/prebuilt-modules/26.2/SwiftUI.swiftmodule/arm64-apple-ios-simulator.swiftmodule' (in target 'InkOS' from project 'InkOS')
note: A dependency of main module 'InkOS' (in target 'InkOS' from project 'InkOS')
note: A dependency of Swift module 'Foundation': '/Applications/Xcode.app/Contents/Developer/Toolchains/XcodeDefault.xctoolchain/usr/lib/swift/iphonesimulator/prebuilt-modules/26.2/Foundation.swiftmodule/arm64-apple-ios-simulator.swiftmodule' (in target 'InkOS' from project 'InkOS')
note: A dependency of Swift module 'UniformTypeIdentifiers': '/Applications/Xcode.app/Contents/Developer/Toolchains/XcodeDefault.xctoolchain/usr/lib/swift/iphonesimulator/prebuilt-modules/26.2/UniformTypeIdentifiers.swiftmodule/arm64-apple-ios-simulator.swiftmodule' (in target 'InkOS' from project 'InkOS')
note: A dependency of Swift module 'Foundation': '/Applications/Xcode.app/Contents/Developer/Toolchains/XcodeDefault.xctoolchain/usr/lib/swift/iphonesimulator/prebuilt-modules/26.2/Foundation.swiftmodule/arm64-apple-ios-simulator.swiftmodule' (in target 'InkOS' from project 'InkOS')
note: A dependency of Swift module 'CoreTransferable': '/Applications/Xcode.app/Contents/Developer/Toolchains/XcodeDefault.xctoolchain/usr/lib/swift/iphonesimulator/prebuilt-modules/26.2/CoreTransferable.swiftmodule/arm64-apple-ios-simulator.swiftmodule' (in target 'InkOS' from project 'InkOS')
note: A dependency of Swift module 'CoreGraphics': '/Applications/Xcode.app/Contents/Developer/Toolchains/XcodeDefault.xctoolchain/usr/lib/swift/iphonesimulator/prebuilt-modules/26.2/CoreGraphics.swiftmodule/arm64-apple-ios-simulator.swiftmodule' (in target 'InkOS' from project 'InkOS')
note: A dependency of Swift module 'CoreData': '/Applications/Xcode.app/Contents/Developer/Toolchains/XcodeDefault.xctoolchain/usr/lib/swift/iphonesimulator/prebuilt-modules/26.2/CoreData.swiftmodule/arm64-apple-ios-simulator.swiftmodule' (in target 'InkOS' from project 'InkOS')
note: A dependency of Swift module 'SwiftUI': '/Applications/Xcode.app/Contents/Developer/Toolchains/XcodeDefault.xctoolchain/usr/lib/swift/iphonesimulator/prebuilt-modules/26.2/SwiftUI.swiftmodule/arm64-apple-ios-simulator.swiftmodule' (in target 'InkOS' from project 'InkOS')
note: A dependency of main module 'InkOS' (in target 'InkOS' from project 'InkOS')
note: A dependency of Swift module 'Foundation': '/Applications/Xcode.app/Contents/Developer/Toolchains/XcodeDefault.xctoolchain/usr/lib/swift/iphonesimulator/prebuilt-modules/26.2/Foundation.swiftmodule/arm64-apple-ios-simulator.swiftmodule' (in target 'InkOS' from project 'InkOS')
note: A dependency of Swift module 'CoreTransferable': '/Applications/Xcode.app/Contents/Developer/Toolchains/XcodeDefault.xctoolchain/usr/lib/swift/iphonesimulator/prebuilt-modules/26.2/CoreTransferable.swiftmodule/arm64-apple-ios-simulator.swiftmodule' (in target 'InkOS' from project 'InkOS')
note: A dependency of Swift module 'CoreGraphics': '/Applications/Xcode.app/Contents/Developer/Toolchains/XcodeDefault.xctoolchain/usr/lib/swift/iphonesimulator/prebuilt-modules/26.2/CoreGraphics.swiftmodule/arm64-apple-ios-simulator.swiftmodule' (in target 'InkOS' from project 'InkOS')
note: A dependency of Swift module 'CoreData': '/Applications/Xcode.app/Contents/Developer/Toolchains/XcodeDefault.xctoolchain/usr/lib/swift/iphonesimulator/prebuilt-modules/26.2/CoreData.swiftmodule/arm64-apple-ios-simulator.swiftmodule' (in target 'InkOS' from project 'InkOS')
note: A dependency of Swift module 'SwiftUI': '/Applications/Xcode.app/Contents/Developer/Toolchains/XcodeDefault.xctoolchain/usr/lib/swift/iphonesimulator/prebuilt-modules/26.2/SwiftUI.swiftmodule/arm64-apple-ios-simulator.swiftmodule' (in target 'InkOS' from project 'InkOS')
note: A dependency of main module 'InkOS' (in target 'InkOS' from project 'InkOS')
note: A dependency of Swift module 'Foundation': '/Applications/Xcode.app/Contents/Developer/Toolchains/XcodeDefault.xctoolchain/usr/lib/swift/iphonesimulator/prebuilt-modules/26.2/Foundation.swiftmodule/arm64-apple-ios-simulator.swiftmodule' (in target 'InkOS' from project 'InkOS')
note: A dependency of Swift module 'CoreGraphics': '/Applications/Xcode.app/Contents/Developer/Toolchains/XcodeDefault.xctoolchain/usr/lib/swift/iphonesimulator/prebuilt-modules/26.2/CoreGraphics.swiftmodule/arm64-apple-ios-simulator.swiftmodule' (in target 'InkOS' from project 'InkOS')
note: A dependency of Swift module 'CoreData': '/Applications/Xcode.app/Contents/Developer/Toolchains/XcodeDefault.xctoolchain/usr/lib/swift/iphonesimulator/prebuilt-modules/26.2/CoreData.swiftmodule/arm64-apple-ios-simulator.swiftmodule' (in target 'InkOS' from project 'InkOS')
note: A dependency of Swift module 'SwiftUI': '/Applications/Xcode.app/Contents/Developer/Toolchains/XcodeDefault.xctoolchain/usr/lib/swift/iphonesimulator/prebuilt-modules/26.2/SwiftUI.swiftmodule/arm64-apple-ios-simulator.swiftmodule' (in target 'InkOS' from project 'InkOS')
note: A dependency of main module 'InkOS' (in target 'InkOS' from project 'InkOS')
note: A dependency of Swift module 'Foundation': '/Applications/Xcode.app/Contents/Developer/Toolchains/XcodeDefault.xctoolchain/usr/lib/swift/iphonesimulator/prebuilt-modules/26.2/Foundation.swiftmodule/arm64-apple-ios-simulator.swiftmodule' (in target 'InkOS' from project 'InkOS')
note: A dependency of Swift module 'CoreData': '/Applications/Xcode.app/Contents/Developer/Toolchains/XcodeDefault.xctoolchain/usr/lib/swift/iphonesimulator/prebuilt-modules/26.2/CoreData.swiftmodule/arm64-apple-ios-simulator.swiftmodule' (in target 'InkOS' from project 'InkOS')
note: A dependency of Swift module 'SwiftUI': '/Applications/Xcode.app/Contents/Developer/Toolchains/XcodeDefault.xctoolchain/usr/lib/swift/iphonesimulator/prebuilt-modules/26.2/SwiftUI.swiftmodule/arm64-apple-ios-simulator.swiftmodule' (in target 'InkOS' from project 'InkOS')
note: A dependency of main module 'InkOS' (in target 'InkOS' from project 'InkOS')
error: Unable to find module dependency: 'QuartzCore' (in target 'InkOS' from project 'InkOS')
note: A dependency of Swift module 'QuartzCore': '/Applications/Xcode.app/Contents/Developer/Toolchains/XcodeDefault.xctoolchain/usr/lib/swift/iphonesimulator/prebuilt-modules/26.2/QuartzCore.swiftmodule/arm64-apple-ios-simulator.swiftmodule' (in target 'InkOS' from project 'InkOS')
note: A dependency of Swift module 'SwiftUI': '/Applications/Xcode.app/Contents/Developer/Toolchains/XcodeDefault.xctoolchain/usr/lib/swift/iphonesimulator/prebuilt-modules/26.2/SwiftUI.swiftmodule/arm64-apple-ios-simulator.swiftmodule' (in target 'InkOS' from project 'InkOS')
note: A dependency of main module 'InkOS' (in target 'InkOS' from project 'InkOS')
note: A dependency of Swift module 'QuartzCore': '/Applications/Xcode.app/Contents/Developer/Toolchains/XcodeDefault.xctoolchain/usr/lib/swift/iphonesimulator/prebuilt-modules/26.2/QuartzCore.swiftmodule/arm64-apple-ios-simulator.swiftmodule' (in target 'InkOS' from project 'InkOS')
note: A dependency of Swift module 'UIKit': '/Applications/Xcode.app/Contents/Developer/Toolchains/XcodeDefault.xctoolchain/usr/lib/swift/iphonesimulator/prebuilt-modules/26.2/UIKit.swiftmodule/arm64-apple-ios-simulator.swiftmodule' (in target 'InkOS' from project 'InkOS')
note: A dependency of Swift module 'SwiftUI': '/Applications/Xcode.app/Contents/Developer/Toolchains/XcodeDefault.xctoolchain/usr/lib/swift/iphonesimulator/prebuilt-modules/26.2/SwiftUI.swiftmodule/arm64-apple-ios-simulator.swiftmodule' (in target 'InkOS' from project 'InkOS')
note: A dependency of main module 'InkOS' (in target 'InkOS' from project 'InkOS')
error: Unable to find module dependency: '_SwiftConcurrencyShims' (in target 'InkOS' from project 'InkOS')
note: A dependency of Swift module 'QuartzCore': '/Applications/Xcode.app/Contents/Developer/Toolchains/XcodeDefault.xctoolchain/usr/lib/swift/iphonesimulator/prebuilt-modules/26.2/QuartzCore.swiftmodule/arm64-apple-ios-simulator.swiftmodule' (in target 'InkOS' from project 'InkOS')
note: A dependency of Swift module 'SwiftUI': '/Applications/Xcode.app/Contents/Developer/Toolchains/XcodeDefault.xctoolchain/usr/lib/swift/iphonesimulator/prebuilt-modules/26.2/SwiftUI.swiftmodule/arm64-apple-ios-simulator.swiftmodule' (in target 'InkOS' from project 'InkOS')
note: A dependency of main module 'InkOS' (in target 'InkOS' from project 'InkOS')
note: A dependency of Swift module 'QuartzCore': '/Applications/Xcode.app/Contents/Developer/Toolchains/XcodeDefault.xctoolchain/usr/lib/swift/iphonesimulator/prebuilt-modules/26.2/QuartzCore.swiftmodule/arm64-apple-ios-simulator.swiftmodule' (in target 'InkOS' from project 'InkOS')
note: A dependency of Swift module 'UIKit': '/Applications/Xcode.app/Contents/Developer/Toolchains/XcodeDefault.xctoolchain/usr/lib/swift/iphonesimulator/prebuilt-modules/26.2/UIKit.swiftmodule/arm64-apple-ios-simulator.swiftmodule' (in target 'InkOS' from project 'InkOS')
note: A dependency of Swift module 'SwiftUI': '/Applications/Xcode.app/Contents/Developer/Toolchains/XcodeDefault.xctoolchain/usr/lib/swift/iphonesimulator/prebuilt-modules/26.2/SwiftUI.swiftmodule/arm64-apple-ios-simulator.swiftmodule' (in target 'InkOS' from project 'InkOS')
note: A dependency of main module 'InkOS' (in target 'InkOS' from project 'InkOS')
error: Unable to find module dependency: 'CoreText' (in target 'InkOS' from project 'InkOS')
note: A dependency of Swift module 'CoreText': '/Applications/Xcode.app/Contents/Developer/Toolchains/XcodeDefault.xctoolchain/usr/lib/swift/iphonesimulator/prebuilt-modules/26.2/CoreText.swiftmodule/arm64-apple-ios-simulator.swiftmodule' (in target 'InkOS' from project 'InkOS')
note: A dependency of Swift module 'SwiftUI': '/Applications/Xcode.app/Contents/Developer/Toolchains/XcodeDefault.xctoolchain/usr/lib/swift/iphonesimulator/prebuilt-modules/26.2/SwiftUI.swiftmodule/arm64-apple-ios-simulator.swiftmodule' (in target 'InkOS' from project 'InkOS')
note: A dependency of main module 'InkOS' (in target 'InkOS' from project 'InkOS')
note: A dependency of Swift module 'CoreText': '/Applications/Xcode.app/Contents/Developer/Toolchains/XcodeDefault.xctoolchain/usr/lib/swift/iphonesimulator/prebuilt-modules/26.2/CoreText.swiftmodule/arm64-apple-ios-simulator.swiftmodule' (in target 'InkOS' from project 'InkOS')
note: A dependency of Swift module 'UIKit': '/Applications/Xcode.app/Contents/Developer/Toolchains/XcodeDefault.xctoolchain/usr/lib/swift/iphonesimulator/prebuilt-modules/26.2/UIKit.swiftmodule/arm64-apple-ios-simulator.swiftmodule' (in target 'InkOS' from project 'InkOS')
note: A dependency of Swift module 'SwiftUI': '/Applications/Xcode.app/Contents/Developer/Toolchains/XcodeDefault.xctoolchain/usr/lib/swift/iphonesimulator/prebuilt-modules/26.2/SwiftUI.swiftmodule/arm64-apple-ios-simulator.swiftmodule' (in target 'InkOS' from project 'InkOS')
note: A dependency of main module 'InkOS' (in target 'InkOS' from project 'InkOS')
error: Unable to find module dependency: '_SwiftConcurrencyShims' (in target 'InkOS' from project 'InkOS')
note: A dependency of Swift module 'CoreText': '/Applications/Xcode.app/Contents/Developer/Toolchains/XcodeDefault.xctoolchain/usr/lib/swift/iphonesimulator/prebuilt-modules/26.2/CoreText.swiftmodule/arm64-apple-ios-simulator.swiftmodule' (in target 'InkOS' from project 'InkOS')
note: A dependency of Swift module 'SwiftUI': '/Applications/Xcode.app/Contents/Developer/Toolchains/XcodeDefault.xctoolchain/usr/lib/swift/iphonesimulator/prebuilt-modules/26.2/SwiftUI.swiftmodule/arm64-apple-ios-simulator.swiftmodule' (in target 'InkOS' from project 'InkOS')
note: A dependency of main module 'InkOS' (in target 'InkOS' from project 'InkOS')
note: A dependency of Swift module 'CoreText': '/Applications/Xcode.app/Contents/Developer/Toolchains/XcodeDefault.xctoolchain/usr/lib/swift/iphonesimulator/prebuilt-modules/26.2/CoreText.swiftmodule/arm64-apple-ios-simulator.swiftmodule' (in target 'InkOS' from project 'InkOS')
note: A dependency of Swift module 'UIKit': '/Applications/Xcode.app/Contents/Developer/Toolchains/XcodeDefault.xctoolchain/usr/lib/swift/iphonesimulator/prebuilt-modules/26.2/UIKit.swiftmodule/arm64-apple-ios-simulator.swiftmodule' (in target 'InkOS' from project 'InkOS')
note: A dependency of Swift module 'SwiftUI': '/Applications/Xcode.app/Contents/Developer/Toolchains/XcodeDefault.xctoolchain/usr/lib/swift/iphonesimulator/prebuilt-modules/26.2/SwiftUI.swiftmodule/arm64-apple-ios-simulator.swiftmodule' (in target 'InkOS' from project 'InkOS')
note: A dependency of main module 'InkOS' (in target 'InkOS' from project 'InkOS')
error: Unable to find module dependency: 'DeveloperToolsSupport' (in target 'InkOS' from project 'InkOS')
note: A dependency of Swift module 'DeveloperToolsSupport': '/Applications/Xcode.app/Contents/Developer/Toolchains/XcodeDefault.xctoolchain/usr/lib/swift/iphonesimulator/prebuilt-modules/26.2/DeveloperToolsSupport.swiftmodule/arm64-apple-ios-simulator.swiftmodule' (in target 'InkOS' from project 'InkOS')
note: A dependency of Swift module 'SwiftUICore': '/Applications/Xcode.app/Contents/Developer/Toolchains/XcodeDefault.xctoolchain/usr/lib/swift/iphonesimulator/prebuilt-modules/26.2/SwiftUICore.swiftmodule/arm64-apple-ios-simulator.swiftmodule' (in target 'InkOS' from project 'InkOS')
note: A dependency of Swift module 'DeveloperToolsSupport': '/Applications/Xcode.app/Contents/Developer/Toolchains/XcodeDefault.xctoolchain/usr/lib/swift/iphonesimulator/prebuilt-modules/26.2/DeveloperToolsSupport.swiftmodule/arm64-apple-ios-simulator.swiftmodule' (in target 'InkOS' from project 'InkOS')
note: A dependency of Swift module 'SwiftUI': '/Applications/Xcode.app/Contents/Developer/Toolchains/XcodeDefault.xctoolchain/usr/lib/swift/iphonesimulator/prebuilt-modules/26.2/SwiftUI.swiftmodule/arm64-apple-ios-simulator.swiftmodule' (in target 'InkOS' from project 'InkOS')
note: A dependency of main module 'InkOS' (in target 'InkOS' from project 'InkOS')
note: A dependency of Swift module 'DeveloperToolsSupport': '/Applications/Xcode.app/Contents/Developer/Toolchains/XcodeDefault.xctoolchain/usr/lib/swift/iphonesimulator/prebuilt-modules/26.2/DeveloperToolsSupport.swiftmodule/arm64-apple-ios-simulator.swiftmodule' (in target 'InkOS' from project 'InkOS')
note: A dependency of Swift module 'UIKit': '/Applications/Xcode.app/Contents/Developer/Toolchains/XcodeDefault.xctoolchain/usr/lib/swift/iphonesimulator/prebuilt-modules/26.2/UIKit.swiftmodule/arm64-apple-ios-simulator.swiftmodule' (in target 'InkOS' from project 'InkOS')
note: A dependency of Swift module 'SwiftUICore': '/Applications/Xcode.app/Contents/Developer/Toolchains/XcodeDefault.xctoolchain/usr/lib/swift/iphonesimulator/prebuilt-modules/26.2/SwiftUICore.swiftmodule/arm64-apple-ios-simulator.swiftmodule' (in target 'InkOS' from project 'InkOS')
note: A dependency of Swift module 'DeveloperToolsSupport': '/Applications/Xcode.app/Contents/Developer/Toolchains/XcodeDefault.xctoolchain/usr/lib/swift/iphonesimulator/prebuilt-modules/26.2/DeveloperToolsSupport.swiftmodule/arm64-apple-ios-simulator.swiftmodule' (in target 'InkOS' from project 'InkOS')
note: A dependency of Swift module 'SwiftUI': '/Applications/Xcode.app/Contents/Developer/Toolchains/XcodeDefault.xctoolchain/usr/lib/swift/iphonesimulator/prebuilt-modules/26.2/SwiftUI.swiftmodule/arm64-apple-ios-simulator.swiftmodule' (in target 'InkOS' from project 'InkOS')
note: A dependency of main module 'InkOS' (in target 'InkOS' from project 'InkOS')
note: A dependency of Swift module 'DeveloperToolsSupport': '/Applications/Xcode.app/Contents/Developer/Toolchains/XcodeDefault.xctoolchain/usr/lib/swift/iphonesimulator/prebuilt-modules/26.2/DeveloperToolsSupport.swiftmodule/arm64-apple-ios-simulator.swiftmodule' (in target 'InkOS' from project 'InkOS')
note: A dependency of Swift module 'SwiftUICore': '/Applications/Xcode.app/Contents/Developer/Toolchains/XcodeDefault.xctoolchain/usr/lib/swift/iphonesimulator/prebuilt-modules/26.2/SwiftUICore.swiftmodule/arm64-apple-ios-simulator.swiftmodule' (in target 'InkOS' from project 'InkOS')
note: A dependency of Swift module 'DeveloperToolsSupport': '/Applications/Xcode.app/Contents/Developer/Toolchains/XcodeDefault.xctoolchain/usr/lib/swift/iphonesimulator/prebuilt-modules/26.2/DeveloperToolsSupport.swiftmodule/arm64-apple-ios-simulator.swiftmodule' (in target 'InkOS' from project 'InkOS')
note: A dependency of Swift module 'SwiftUI': '/Applications/Xcode.app/Contents/Developer/Toolchains/XcodeDefault.xctoolchain/usr/lib/swift/iphonesimulator/prebuilt-modules/26.2/SwiftUI.swiftmodule/arm64-apple-ios-simulator.swiftmodule' (in target 'InkOS' from project 'InkOS')
note: A dependency of main module 'InkOS' (in target 'InkOS' from project 'InkOS')
note: A dependency of Swift module 'DeveloperToolsSupport': '/Applications/Xcode.app/Contents/Developer/Toolchains/XcodeDefault.xctoolchain/usr/lib/swift/iphonesimulator/prebuilt-modules/26.2/DeveloperToolsSupport.swiftmodule/arm64-apple-ios-simulator.swiftmodule' (in target 'InkOS' from project 'InkOS')
note: A dependency of Swift module 'SwiftUI': '/Applications/Xcode.app/Contents/Developer/Toolchains/XcodeDefault.xctoolchain/usr/lib/swift/iphonesimulator/prebuilt-modules/26.2/SwiftUI.swiftmodule/arm64-apple-ios-simulator.swiftmodule' (in target 'InkOS' from project 'InkOS')
note: A dependency of main module 'InkOS' (in target 'InkOS' from project 'InkOS')
error: Unable to find module dependency: '_SwiftConcurrencyShims' (in target 'InkOS' from project 'InkOS')
note: A dependency of Swift module 'DeveloperToolsSupport': '/Applications/Xcode.app/Contents/Developer/Toolchains/XcodeDefault.xctoolchain/usr/lib/swift/iphonesimulator/prebuilt-modules/26.2/DeveloperToolsSupport.swiftmodule/arm64-apple-ios-simulator.swiftmodule' (in target 'InkOS' from project 'InkOS')
note: A dependency of Swift module 'SwiftUICore': '/Applications/Xcode.app/Contents/Developer/Toolchains/XcodeDefault.xctoolchain/usr/lib/swift/iphonesimulator/prebuilt-modules/26.2/SwiftUICore.swiftmodule/arm64-apple-ios-simulator.swiftmodule' (in target 'InkOS' from project 'InkOS')
note: A dependency of Swift module 'DeveloperToolsSupport': '/Applications/Xcode.app/Contents/Developer/Toolchains/XcodeDefault.xctoolchain/usr/lib/swift/iphonesimulator/prebuilt-modules/26.2/DeveloperToolsSupport.swiftmodule/arm64-apple-ios-simulator.swiftmodule' (in target 'InkOS' from project 'InkOS')
note: A dependency of Swift module 'SwiftUI': '/Applications/Xcode.app/Contents/Developer/Toolchains/XcodeDefault.xctoolchain/usr/lib/swift/iphonesimulator/prebuilt-modules/26.2/SwiftUI.swiftmodule/arm64-apple-ios-simulator.swiftmodule' (in target 'InkOS' from project 'InkOS')
note: A dependency of main module 'InkOS' (in target 'InkOS' from project 'InkOS')
note: A dependency of Swift module 'DeveloperToolsSupport': '/Applications/Xcode.app/Contents/Developer/Toolchains/XcodeDefault.xctoolchain/usr/lib/swift/iphonesimulator/prebuilt-modules/26.2/DeveloperToolsSupport.swiftmodule/arm64-apple-ios-simulator.swiftmodule' (in target 'InkOS' from project 'InkOS')
note: A dependency of Swift module 'UIKit': '/Applications/Xcode.app/Contents/Developer/Toolchains/XcodeDefault.xctoolchain/usr/lib/swift/iphonesimulator/prebuilt-modules/26.2/UIKit.swiftmodule/arm64-apple-ios-simulator.swiftmodule' (in target 'InkOS' from project 'InkOS')
note: A dependency of Swift module 'SwiftUICore': '/Applications/Xcode.app/Contents/Developer/Toolchains/XcodeDefault.xctoolchain/usr/lib/swift/iphonesimulator/prebuilt-modules/26.2/SwiftUICore.swiftmodule/arm64-apple-ios-simulator.swiftmodule' (in target 'InkOS' from project 'InkOS')
note: A dependency of Swift module 'DeveloperToolsSupport': '/Applications/Xcode.app/Contents/Developer/Toolchains/XcodeDefault.xctoolchain/usr/lib/swift/iphonesimulator/prebuilt-modules/26.2/DeveloperToolsSupport.swiftmodule/arm64-apple-ios-simulator.swiftmodule' (in target 'InkOS' from project 'InkOS')
note: A dependency of Swift module 'SwiftUI': '/Applications/Xcode.app/Contents/Developer/Toolchains/XcodeDefault.xctoolchain/usr/lib/swift/iphonesimulator/prebuilt-modules/26.2/SwiftUI.swiftmodule/arm64-apple-ios-simulator.swiftmodule' (in target 'InkOS' from project 'InkOS')
note: A dependency of main module 'InkOS' (in target 'InkOS' from project 'InkOS')
note: A dependency of Swift module 'DeveloperToolsSupport': '/Applications/Xcode.app/Contents/Developer/Toolchains/XcodeDefault.xctoolchain/usr/lib/swift/iphonesimulator/prebuilt-modules/26.2/DeveloperToolsSupport.swiftmodule/arm64-apple-ios-simulator.swiftmodule' (in target 'InkOS' from project 'InkOS')
note: A dependency of Swift module 'SwiftUICore': '/Applications/Xcode.app/Contents/Developer/Toolchains/XcodeDefault.xctoolchain/usr/lib/swift/iphonesimulator/prebuilt-modules/26.2/SwiftUICore.swiftmodule/arm64-apple-ios-simulator.swiftmodule' (in target 'InkOS' from project 'InkOS')
note: A dependency of Swift module 'DeveloperToolsSupport': '/Applications/Xcode.app/Contents/Developer/Toolchains/XcodeDefault.xctoolchain/usr/lib/swift/iphonesimulator/prebuilt-modules/26.2/DeveloperToolsSupport.swiftmodule/arm64-apple-ios-simulator.swiftmodule' (in target 'InkOS' from project 'InkOS')
note: A dependency of Swift module 'SwiftUI': '/Applications/Xcode.app/Contents/Developer/Toolchains/XcodeDefault.xctoolchain/usr/lib/swift/iphonesimulator/prebuilt-modules/26.2/SwiftUI.swiftmodule/arm64-apple-ios-simulator.swiftmodule' (in target 'InkOS' from project 'InkOS')
note: A dependency of main module 'InkOS' (in target 'InkOS' from project 'InkOS')
note: A dependency of Swift module 'DeveloperToolsSupport': '/Applications/Xcode.app/Contents/Developer/Toolchains/XcodeDefault.xctoolchain/usr/lib/swift/iphonesimulator/prebuilt-modules/26.2/DeveloperToolsSupport.swiftmodule/arm64-apple-ios-simulator.swiftmodule' (in target 'InkOS' from project 'InkOS')
note: A dependency of Swift module 'SwiftUI': '/Applications/Xcode.app/Contents/Developer/Toolchains/XcodeDefault.xctoolchain/usr/lib/swift/iphonesimulator/prebuilt-modules/26.2/SwiftUI.swiftmodule/arm64-apple-ios-simulator.swiftmodule' (in target 'InkOS' from project 'InkOS')
note: A dependency of main module 'InkOS' (in target 'InkOS' from project 'InkOS')
error: Unable to find module dependency: 'CoreData' (in target 'InkOS' from project 'InkOS')
note: A dependency of Swift module 'CoreData': '/Applications/Xcode.app/Contents/Developer/Toolchains/XcodeDefault.xctoolchain/usr/lib/swift/iphonesimulator/prebuilt-modules/26.2/CoreData.swiftmodule/arm64-apple-ios-simulator.swiftmodule' (in target 'InkOS' from project 'InkOS')
note: A dependency of Swift module 'SwiftUI': '/Applications/Xcode.app/Contents/Developer/Toolchains/XcodeDefault.xctoolchain/usr/lib/swift/iphonesimulator/prebuilt-modules/26.2/SwiftUI.swiftmodule/arm64-apple-ios-simulator.swiftmodule' (in target 'InkOS' from project 'InkOS')
note: A dependency of main module 'InkOS' (in target 'InkOS' from project 'InkOS')
error: Unable to find module dependency: '_SwiftConcurrencyShims' (in target 'InkOS' from project 'InkOS')
note: A dependency of Swift module 'CoreData': '/Applications/Xcode.app/Contents/Developer/Toolchains/XcodeDefault.xctoolchain/usr/lib/swift/iphonesimulator/prebuilt-modules/26.2/CoreData.swiftmodule/arm64-apple-ios-simulator.swiftmodule' (in target 'InkOS' from project 'InkOS')
note: A dependency of Swift module 'SwiftUI': '/Applications/Xcode.app/Contents/Developer/Toolchains/XcodeDefault.xctoolchain/usr/lib/swift/iphonesimulator/prebuilt-modules/26.2/SwiftUI.swiftmodule/arm64-apple-ios-simulator.swiftmodule' (in target 'InkOS' from project 'InkOS')
note: A dependency of main module 'InkOS' (in target 'InkOS' from project 'InkOS')
error: Unable to find module dependency: 'CoreFoundation' (in target 'InkOS' from project 'InkOS')
note: A dependency of Swift module 'CoreFoundation': '/Applications/Xcode.app/Contents/Developer/Toolchains/XcodeDefault.xctoolchain/usr/lib/swift/iphonesimulator/prebuilt-modules/26.2/CoreFoundation.swiftmodule/arm64-apple-ios-simulator.swiftmodule' (in target 'InkOS' from project 'InkOS')
note: A dependency of Swift module 'SwiftUICore': '/Applications/Xcode.app/Contents/Developer/Toolchains/XcodeDefault.xctoolchain/usr/lib/swift/iphonesimulator/prebuilt-modules/26.2/SwiftUICore.swiftmodule/arm64-apple-ios-simulator.swiftmodule' (in target 'InkOS' from project 'InkOS')
note: A dependency of Swift module 'CoreGraphics': '/Applications/Xcode.app/Contents/Developer/Toolchains/XcodeDefault.xctoolchain/usr/lib/swift/iphonesimulator/prebuilt-modules/26.2/CoreGraphics.swiftmodule/arm64-apple-ios-simulator.swiftmodule' (in target 'InkOS' from project 'InkOS')
note: A dependency of Swift module 'CoreFoundation': '/Applications/Xcode.app/Contents/Developer/Toolchains/XcodeDefault.xctoolchain/usr/lib/swift/iphonesimulator/prebuilt-modules/26.2/CoreFoundation.swiftmodule/arm64-apple-ios-simulator.swiftmodule' (in target 'InkOS' from project 'InkOS')
note: A dependency of Swift module 'CoreData': '/Applications/Xcode.app/Contents/Developer/Toolchains/XcodeDefault.xctoolchain/usr/lib/swift/iphonesimulator/prebuilt-modules/26.2/CoreData.swiftmodule/arm64-apple-ios-simulator.swiftmodule' (in target 'InkOS' from project 'InkOS')
note: A dependency of Swift module 'SwiftUI': '/Applications/Xcode.app/Contents/Developer/Toolchains/XcodeDefault.xctoolchain/usr/lib/swift/iphonesimulator/prebuilt-modules/26.2/SwiftUI.swiftmodule/arm64-apple-ios-simulator.swiftmodule' (in target 'InkOS' from project 'InkOS')
note: A dependency of main module 'InkOS' (in target 'InkOS' from project 'InkOS')
note: A dependency of Swift module 'CoreFoundation': '/Applications/Xcode.app/Contents/Developer/Toolchains/XcodeDefault.xctoolchain/usr/lib/swift/iphonesimulator/prebuilt-modules/26.2/CoreFoundation.swiftmodule/arm64-apple-ios-simulator.swiftmodule' (in target 'InkOS' from project 'InkOS')
note: A dependency of Swift module 'CoreGraphics': '/Applications/Xcode.app/Contents/Developer/Toolchains/XcodeDefault.xctoolchain/usr/lib/swift/iphonesimulator/prebuilt-modules/26.2/CoreGraphics.swiftmodule/arm64-apple-ios-simulator.swiftmodule' (in target 'InkOS' from project 'InkOS')
note: A dependency of Swift module 'CoreFoundation': '/Applications/Xcode.app/Contents/Developer/Toolchains/XcodeDefault.xctoolchain/usr/lib/swift/iphonesimulator/prebuilt-modules/26.2/CoreFoundation.swiftmodule/arm64-apple-ios-simulator.swiftmodule' (in target 'InkOS' from project 'InkOS')
note: A dependency of Swift module 'CoreData': '/Applications/Xcode.app/Contents/Developer/Toolchains/XcodeDefault.xctoolchain/usr/lib/swift/iphonesimulator/prebuilt-modules/26.2/CoreData.swiftmodule/arm64-apple-ios-simulator.swiftmodule' (in target 'InkOS' from project 'InkOS')
note: A dependency of Swift module 'SwiftUI': '/Applications/Xcode.app/Contents/Developer/Toolchains/XcodeDefault.xctoolchain/usr/lib/swift/iphonesimulator/prebuilt-modules/26.2/SwiftUI.swiftmodule/arm64-apple-ios-simulator.swiftmodule' (in target 'InkOS' from project 'InkOS')
note: A dependency of main module 'InkOS' (in target 'InkOS' from project 'InkOS')
note: A dependency of Swift module 'CoreFoundation': '/Applications/Xcode.app/Contents/Developer/Toolchains/XcodeDefault.xctoolchain/usr/lib/swift/iphonesimulator/prebuilt-modules/26.2/CoreFoundation.swiftmodule/arm64-apple-ios-simulator.swiftmodule' (in target 'InkOS' from project 'InkOS')
note: A dependency of Swift module 'CoreData': '/Applications/Xcode.app/Contents/Developer/Toolchains/XcodeDefault.xctoolchain/usr/lib/swift/iphonesimulator/prebuilt-modules/26.2/CoreData.swiftmodule/arm64-apple-ios-simulator.swiftmodule' (in target 'InkOS' from project 'InkOS')
note: A dependency of Swift module 'SwiftUI': '/Applications/Xcode.app/Contents/Developer/Toolchains/XcodeDefault.xctoolchain/usr/lib/swift/iphonesimulator/prebuilt-modules/26.2/SwiftUI.swiftmodule/arm64-apple-ios-simulator.swiftmodule' (in target 'InkOS' from project 'InkOS')
note: A dependency of main module 'InkOS' (in target 'InkOS' from project 'InkOS')
note: A dependency of Swift module 'CoreFoundation': '/Applications/Xcode.app/Contents/Developer/Toolchains/XcodeDefault.xctoolchain/usr/lib/swift/iphonesimulator/prebuilt-modules/26.2/CoreFoundation.swiftmodule/arm64-apple-ios-simulator.swiftmodule' (in target 'InkOS' from project 'InkOS')
note: A dependency of Swift module 'Foundation': '/Applications/Xcode.app/Contents/Developer/Toolchains/XcodeDefault.xctoolchain/usr/lib/swift/iphonesimulator/prebuilt-modules/26.2/Foundation.swiftmodule/arm64-apple-ios-simulator.swiftmodule' (in target 'InkOS' from project 'InkOS')
note: A dependency of Swift module 'CoreData': '/Applications/Xcode.app/Contents/Developer/Toolchains/XcodeDefault.xctoolchain/usr/lib/swift/iphonesimulator/prebuilt-modules/26.2/CoreData.swiftmodule/arm64-apple-ios-simulator.swiftmodule' (in target 'InkOS' from project 'InkOS')
note: A dependency of Swift module 'SwiftUI': '/Applications/Xcode.app/Contents/Developer/Toolchains/XcodeDefault.xctoolchain/usr/lib/swift/iphonesimulator/prebuilt-modules/26.2/SwiftUI.swiftmodule/arm64-apple-ios-simulator.swiftmodule' (in target 'InkOS' from project 'InkOS')
note: A dependency of main module 'InkOS' (in target 'InkOS' from project 'InkOS')
error: Unable to find module dependency: '_SwiftConcurrencyShims' (in target 'InkOS' from project 'InkOS')
note: A dependency of Swift module 'CoreFoundation': '/Applications/Xcode.app/Contents/Developer/Toolchains/XcodeDefault.xctoolchain/usr/lib/swift/iphonesimulator/prebuilt-modules/26.2/CoreFoundation.swiftmodule/arm64-apple-ios-simulator.swiftmodule' (in target 'InkOS' from project 'InkOS')
note: A dependency of Swift module 'SwiftUICore': '/Applications/Xcode.app/Contents/Developer/Toolchains/XcodeDefault.xctoolchain/usr/lib/swift/iphonesimulator/prebuilt-modules/26.2/SwiftUICore.swiftmodule/arm64-apple-ios-simulator.swiftmodule' (in target 'InkOS' from project 'InkOS')
note: A dependency of Swift module 'CoreGraphics': '/Applications/Xcode.app/Contents/Developer/Toolchains/XcodeDefault.xctoolchain/usr/lib/swift/iphonesimulator/prebuilt-modules/26.2/CoreGraphics.swiftmodule/arm64-apple-ios-simulator.swiftmodule' (in target 'InkOS' from project 'InkOS')
note: A dependency of Swift module 'CoreFoundation': '/Applications/Xcode.app/Contents/Developer/Toolchains/XcodeDefault.xctoolchain/usr/lib/swift/iphonesimulator/prebuilt-modules/26.2/CoreFoundation.swiftmodule/arm64-apple-ios-simulator.swiftmodule' (in target 'InkOS' from project 'InkOS')
note: A dependency of Swift module 'CoreData': '/Applications/Xcode.app/Contents/Developer/Toolchains/XcodeDefault.xctoolchain/usr/lib/swift/iphonesimulator/prebuilt-modules/26.2/CoreData.swiftmodule/arm64-apple-ios-simulator.swiftmodule' (in target 'InkOS' from project 'InkOS')
note: A dependency of Swift module 'SwiftUI': '/Applications/Xcode.app/Contents/Developer/Toolchains/XcodeDefault.xctoolchain/usr/lib/swift/iphonesimulator/prebuilt-modules/26.2/SwiftUI.swiftmodule/arm64-apple-ios-simulator.swiftmodule' (in target 'InkOS' from project 'InkOS')
note: A dependency of main module 'InkOS' (in target 'InkOS' from project 'InkOS')
note: A dependency of Swift module 'CoreFoundation': '/Applications/Xcode.app/Contents/Developer/Toolchains/XcodeDefault.xctoolchain/usr/lib/swift/iphonesimulator/prebuilt-modules/26.2/CoreFoundation.swiftmodule/arm64-apple-ios-simulator.swiftmodule' (in target 'InkOS' from project 'InkOS')
note: A dependency of Swift module 'CoreGraphics': '/Applications/Xcode.app/Contents/Developer/Toolchains/XcodeDefault.xctoolchain/usr/lib/swift/iphonesimulator/prebuilt-modules/26.2/CoreGraphics.swiftmodule/arm64-apple-ios-simulator.swiftmodule' (in target 'InkOS' from project 'InkOS')
note: A dependency of Swift module 'CoreFoundation': '/Applications/Xcode.app/Contents/Developer/Toolchains/XcodeDefault.xctoolchain/usr/lib/swift/iphonesimulator/prebuilt-modules/26.2/CoreFoundation.swiftmodule/arm64-apple-ios-simulator.swiftmodule' (in target 'InkOS' from project 'InkOS')
note: A dependency of Swift module 'CoreData': '/Applications/Xcode.app/Contents/Developer/Toolchains/XcodeDefault.xctoolchain/usr/lib/swift/iphonesimulator/prebuilt-modules/26.2/CoreData.swiftmodule/arm64-apple-ios-simulator.swiftmodule' (in target 'InkOS' from project 'InkOS')
note: A dependency of Swift module 'SwiftUI': '/Applications/Xcode.app/Contents/Developer/Toolchains/XcodeDefault.xctoolchain/usr/lib/swift/iphonesimulator/prebuilt-modules/26.2/SwiftUI.swiftmodule/arm64-apple-ios-simulator.swiftmodule' (in target 'InkOS' from project 'InkOS')
note: A dependency of main module 'InkOS' (in target 'InkOS' from project 'InkOS')
note: A dependency of Swift module 'CoreFoundation': '/Applications/Xcode.app/Contents/Developer/Toolchains/XcodeDefault.xctoolchain/usr/lib/swift/iphonesimulator/prebuilt-modules/26.2/CoreFoundation.swiftmodule/arm64-apple-ios-simulator.swiftmodule' (in target 'InkOS' from project 'InkOS')
note: A dependency of Swift module 'CoreData': '/Applications/Xcode.app/Contents/Developer/Toolchains/XcodeDefault.xctoolchain/usr/lib/swift/iphonesimulator/prebuilt-modules/26.2/CoreData.swiftmodule/arm64-apple-ios-simulator.swiftmodule' (in target 'InkOS' from project 'InkOS')
note: A dependency of Swift module 'SwiftUI': '/Applications/Xcode.app/Contents/Developer/Toolchains/XcodeDefault.xctoolchain/usr/lib/swift/iphonesimulator/prebuilt-modules/26.2/SwiftUI.swiftmodule/arm64-apple-ios-simulator.swiftmodule' (in target 'InkOS' from project 'InkOS')
note: A dependency of main module 'InkOS' (in target 'InkOS' from project 'InkOS')
note: A dependency of Swift module 'CoreFoundation': '/Applications/Xcode.app/Contents/Developer/Toolchains/XcodeDefault.xctoolchain/usr/lib/swift/iphonesimulator/prebuilt-modules/26.2/CoreFoundation.swiftmodule/arm64-apple-ios-simulator.swiftmodule' (in target 'InkOS' from project 'InkOS')
note: A dependency of Swift module 'Foundation': '/Applications/Xcode.app/Contents/Developer/Toolchains/XcodeDefault.xctoolchain/usr/lib/swift/iphonesimulator/prebuilt-modules/26.2/Foundation.swiftmodule/arm64-apple-ios-simulator.swiftmodule' (in target 'InkOS' from project 'InkOS')
note: A dependency of Swift module 'CoreData': '/Applications/Xcode.app/Contents/Developer/Toolchains/XcodeDefault.xctoolchain/usr/lib/swift/iphonesimulator/prebuilt-modules/26.2/CoreData.swiftmodule/arm64-apple-ios-simulator.swiftmodule' (in target 'InkOS' from project 'InkOS')
note: A dependency of Swift module 'SwiftUI': '/Applications/Xcode.app/Contents/Developer/Toolchains/XcodeDefault.xctoolchain/usr/lib/swift/iphonesimulator/prebuilt-modules/26.2/SwiftUI.swiftmodule/arm64-apple-ios-simulator.swiftmodule' (in target 'InkOS' from project 'InkOS')
note: A dependency of main module 'InkOS' (in target 'InkOS' from project 'InkOS')
error: Unable to find module dependency: 'CoreGraphics' (in target 'InkOS' from project 'InkOS')
note: A dependency of Swift module 'CoreGraphics': '/Applications/Xcode.app/Contents/Developer/Toolchains/XcodeDefault.xctoolchain/usr/lib/swift/iphonesimulator/prebuilt-modules/26.2/CoreGraphics.swiftmodule/arm64-apple-ios-simulator.swiftmodule' (in target 'InkOS' from project 'InkOS')
note: A dependency of Swift module 'UIKit': '/Applications/Xcode.app/Contents/Developer/Toolchains/XcodeDefault.xctoolchain/usr/lib/swift/iphonesimulator/prebuilt-modules/26.2/UIKit.swiftmodule/arm64-apple-ios-simulator.swiftmodule' (in target 'InkOS' from project 'InkOS')
note: A dependency of Swift module 'DeveloperToolsSupport': '/Applications/Xcode.app/Contents/Developer/Toolchains/XcodeDefault.xctoolchain/usr/lib/swift/iphonesimulator/prebuilt-modules/26.2/DeveloperToolsSupport.swiftmodule/arm64-apple-ios-simulator.swiftmodule' (in target 'InkOS' from project 'InkOS')
note: A dependency of Swift module 'CoreGraphics': '/Applications/Xcode.app/Contents/Developer/Toolchains/XcodeDefault.xctoolchain/usr/lib/swift/iphonesimulator/prebuilt-modules/26.2/CoreGraphics.swiftmodule/arm64-apple-ios-simulator.swiftmodule' (in target 'InkOS' from project 'InkOS')
note: A dependency of Swift module 'SwiftUI': '/Applications/Xcode.app/Contents/Developer/Toolchains/XcodeDefault.xctoolchain/usr/lib/swift/iphonesimulator/prebuilt-modules/26.2/SwiftUI.swiftmodule/arm64-apple-ios-simulator.swiftmodule' (in target 'InkOS' from project 'InkOS')
note: A dependency of main module 'InkOS' (in target 'InkOS' from project 'InkOS')
note: A dependency of Swift module 'CoreGraphics': '/Applications/Xcode.app/Contents/Developer/Toolchains/XcodeDefault.xctoolchain/usr/lib/swift/iphonesimulator/prebuilt-modules/26.2/CoreGraphics.swiftmodule/arm64-apple-ios-simulator.swiftmodule' (in target 'InkOS' from project 'InkOS')
note: A dependency of Swift module 'DeveloperToolsSupport': '/Applications/Xcode.app/Contents/Developer/Toolchains/XcodeDefault.xctoolchain/usr/lib/swift/iphonesimulator/prebuilt-modules/26.2/DeveloperToolsSupport.swiftmodule/arm64-apple-ios-simulator.swiftmodule' (in target 'InkOS' from project 'InkOS')
note: A dependency of Swift module 'CoreGraphics': '/Applications/Xcode.app/Contents/Developer/Toolchains/XcodeDefault.xctoolchain/usr/lib/swift/iphonesimulator/prebuilt-modules/26.2/CoreGraphics.swiftmodule/arm64-apple-ios-simulator.swiftmodule' (in target 'InkOS' from project 'InkOS')
note: A dependency of Swift module 'SwiftUI': '/Applications/Xcode.app/Contents/Developer/Toolchains/XcodeDefault.xctoolchain/usr/lib/swift/iphonesimulator/prebuilt-modules/26.2/SwiftUI.swiftmodule/arm64-apple-ios-simulator.swiftmodule' (in target 'InkOS' from project 'InkOS')
note: A dependency of main module 'InkOS' (in target 'InkOS' from project 'InkOS')
note: A dependency of Swift module 'CoreGraphics': '/Applications/Xcode.app/Contents/Developer/Toolchains/XcodeDefault.xctoolchain/usr/lib/swift/iphonesimulator/prebuilt-modules/26.2/CoreGraphics.swiftmodule/arm64-apple-ios-simulator.swiftmodule' (in target 'InkOS' from project 'InkOS')
note: A dependency of Swift module 'SwiftUI': '/Applications/Xcode.app/Contents/Developer/Toolchains/XcodeDefault.xctoolchain/usr/lib/swift/iphonesimulator/prebuilt-modules/26.2/SwiftUI.swiftmodule/arm64-apple-ios-simulator.swiftmodule' (in target 'InkOS' from project 'InkOS')
note: A dependency of main module 'InkOS' (in target 'InkOS' from project 'InkOS')
error: Unable to find module dependency: '_SwiftConcurrencyShims' (in target 'InkOS' from project 'InkOS')
note: A dependency of Swift module 'CoreGraphics': '/Applications/Xcode.app/Contents/Developer/Toolchains/XcodeDefault.xctoolchain/usr/lib/swift/iphonesimulator/prebuilt-modules/26.2/CoreGraphics.swiftmodule/arm64-apple-ios-simulator.swiftmodule' (in target 'InkOS' from project 'InkOS')
note: A dependency of Swift module 'UIKit': '/Applications/Xcode.app/Contents/Developer/Toolchains/XcodeDefault.xctoolchain/usr/lib/swift/iphonesimulator/prebuilt-modules/26.2/UIKit.swiftmodule/arm64-apple-ios-simulator.swiftmodule' (in target 'InkOS' from project 'InkOS')
note: A dependency of Swift module 'DeveloperToolsSupport': '/Applications/Xcode.app/Contents/Developer/Toolchains/XcodeDefault.xctoolchain/usr/lib/swift/iphonesimulator/prebuilt-modules/26.2/DeveloperToolsSupport.swiftmodule/arm64-apple-ios-simulator.swiftmodule' (in target 'InkOS' from project 'InkOS')
note: A dependency of Swift module 'CoreGraphics': '/Applications/Xcode.app/Contents/Developer/Toolchains/XcodeDefault.xctoolchain/usr/lib/swift/iphonesimulator/prebuilt-modules/26.2/CoreGraphics.swiftmodule/arm64-apple-ios-simulator.swiftmodule' (in target 'InkOS' from project 'InkOS')
note: A dependency of Swift module 'SwiftUI': '/Applications/Xcode.app/Contents/Developer/Toolchains/XcodeDefault.xctoolchain/usr/lib/swift/iphonesimulator/prebuilt-modules/26.2/SwiftUI.swiftmodule/arm64-apple-ios-simulator.swiftmodule' (in target 'InkOS' from project 'InkOS')
note: A dependency of main module 'InkOS' (in target 'InkOS' from project 'InkOS')
note: A dependency of Swift module 'CoreGraphics': '/Applications/Xcode.app/Contents/Developer/Toolchains/XcodeDefault.xctoolchain/usr/lib/swift/iphonesimulator/prebuilt-modules/26.2/CoreGraphics.swiftmodule/arm64-apple-ios-simulator.swiftmodule' (in target 'InkOS' from project 'InkOS')
note: A dependency of Swift module 'DeveloperToolsSupport': '/Applications/Xcode.app/Contents/Developer/Toolchains/XcodeDefault.xctoolchain/usr/lib/swift/iphonesimulator/prebuilt-modules/26.2/DeveloperToolsSupport.swiftmodule/arm64-apple-ios-simulator.swiftmodule' (in target 'InkOS' from project 'InkOS')
note: A dependency of Swift module 'CoreGraphics': '/Applications/Xcode.app/Contents/Developer/Toolchains/XcodeDefault.xctoolchain/usr/lib/swift/iphonesimulator/prebuilt-modules/26.2/CoreGraphics.swiftmodule/arm64-apple-ios-simulator.swiftmodule' (in target 'InkOS' from project 'InkOS')
note: A dependency of Swift module 'SwiftUI': '/Applications/Xcode.app/Contents/Developer/Toolchains/XcodeDefault.xctoolchain/usr/lib/swift/iphonesimulator/prebuilt-modules/26.2/SwiftUI.swiftmodule/arm64-apple-ios-simulator.swiftmodule' (in target 'InkOS' from project 'InkOS')
note: A dependency of main module 'InkOS' (in target 'InkOS' from project 'InkOS')
note: A dependency of Swift module 'CoreGraphics': '/Applications/Xcode.app/Contents/Developer/Toolchains/XcodeDefault.xctoolchain/usr/lib/swift/iphonesimulator/prebuilt-modules/26.2/CoreGraphics.swiftmodule/arm64-apple-ios-simulator.swiftmodule' (in target 'InkOS' from project 'InkOS')
note: A dependency of Swift module 'SwiftUI': '/Applications/Xcode.app/Contents/Developer/Toolchains/XcodeDefault.xctoolchain/usr/lib/swift/iphonesimulator/prebuilt-modules/26.2/SwiftUI.swiftmodule/arm64-apple-ios-simulator.swiftmodule' (in target 'InkOS' from project 'InkOS')
note: A dependency of main module 'InkOS' (in target 'InkOS' from project 'InkOS')
error: Unable to find module dependency: 'CoreTransferable' (in target 'InkOS' from project 'InkOS')
note: A dependency of Swift module 'CoreTransferable': '/Applications/Xcode.app/Contents/Developer/Toolchains/XcodeDefault.xctoolchain/usr/lib/swift/iphonesimulator/prebuilt-modules/26.2/CoreTransferable.swiftmodule/arm64-apple-ios-simulator.swiftmodule' (in target 'InkOS' from project 'InkOS')
note: A dependency of Swift module 'SwiftUICore': '/Applications/Xcode.app/Contents/Developer/Toolchains/XcodeDefault.xctoolchain/usr/lib/swift/iphonesimulator/prebuilt-modules/26.2/SwiftUICore.swiftmodule/arm64-apple-ios-simulator.swiftmodule' (in target 'InkOS' from project 'InkOS')
note: A dependency of Swift module 'CoreTransferable': '/Applications/Xcode.app/Contents/Developer/Toolchains/XcodeDefault.xctoolchain/usr/lib/swift/iphonesimulator/prebuilt-modules/26.2/CoreTransferable.swiftmodule/arm64-apple-ios-simulator.swiftmodule' (in target 'InkOS' from project 'InkOS')
note: A dependency of Swift module 'SwiftUI': '/Applications/Xcode.app/Contents/Developer/Toolchains/XcodeDefault.xctoolchain/usr/lib/swift/iphonesimulator/prebuilt-modules/26.2/SwiftUI.swiftmodule/arm64-apple-ios-simulator.swiftmodule' (in target 'InkOS' from project 'InkOS')
note: A dependency of main module 'InkOS' (in target 'InkOS' from project 'InkOS')
note: A dependency of Swift module 'CoreTransferable': '/Applications/Xcode.app/Contents/Developer/Toolchains/XcodeDefault.xctoolchain/usr/lib/swift/iphonesimulator/prebuilt-modules/26.2/CoreTransferable.swiftmodule/arm64-apple-ios-simulator.swiftmodule' (in target 'InkOS' from project 'InkOS')
note: A dependency of Swift module 'SwiftUI': '/Applications/Xcode.app/Contents/Developer/Toolchains/XcodeDefault.xctoolchain/usr/lib/swift/iphonesimulator/prebuilt-modules/26.2/SwiftUI.swiftmodule/arm64-apple-ios-simulator.swiftmodule' (in target 'InkOS' from project 'InkOS')
note: A dependency of main module 'InkOS' (in target 'InkOS' from project 'InkOS')
error: Unable to find module dependency: '_SwiftConcurrencyShims' (in target 'InkOS' from project 'InkOS')
note: A dependency of Swift module 'CoreTransferable': '/Applications/Xcode.app/Contents/Developer/Toolchains/XcodeDefault.xctoolchain/usr/lib/swift/iphonesimulator/prebuilt-modules/26.2/CoreTransferable.swiftmodule/arm64-apple-ios-simulator.swiftmodule' (in target 'InkOS' from project 'InkOS')
note: A dependency of Swift module 'SwiftUICore': '/Applications/Xcode.app/Contents/Developer/Toolchains/XcodeDefault.xctoolchain/usr/lib/swift/iphonesimulator/prebuilt-modules/26.2/SwiftUICore.swiftmodule/arm64-apple-ios-simulator.swiftmodule' (in target 'InkOS' from project 'InkOS')
note: A dependency of Swift module 'CoreTransferable': '/Applications/Xcode.app/Contents/Developer/Toolchains/XcodeDefault.xctoolchain/usr/lib/swift/iphonesimulator/prebuilt-modules/26.2/CoreTransferable.swiftmodule/arm64-apple-ios-simulator.swiftmodule' (in target 'InkOS' from project 'InkOS')
note: A dependency of Swift module 'SwiftUI': '/Applications/Xcode.app/Contents/Developer/Toolchains/XcodeDefault.xctoolchain/usr/lib/swift/iphonesimulator/prebuilt-modules/26.2/SwiftUI.swiftmodule/arm64-apple-ios-simulator.swiftmodule' (in target 'InkOS' from project 'InkOS')
note: A dependency of main module 'InkOS' (in target 'InkOS' from project 'InkOS')
note: A dependency of Swift module 'CoreTransferable': '/Applications/Xcode.app/Contents/Developer/Toolchains/XcodeDefault.xctoolchain/usr/lib/swift/iphonesimulator/prebuilt-modules/26.2/CoreTransferable.swiftmodule/arm64-apple-ios-simulator.swiftmodule' (in target 'InkOS' from project 'InkOS')
note: A dependency of Swift module 'SwiftUI': '/Applications/Xcode.app/Contents/Developer/Toolchains/XcodeDefault.xctoolchain/usr/lib/swift/iphonesimulator/prebuilt-modules/26.2/SwiftUI.swiftmodule/arm64-apple-ios-simulator.swiftmodule' (in target 'InkOS' from project 'InkOS')
note: A dependency of main module 'InkOS' (in target 'InkOS' from project 'InkOS')
error: Unable to find module dependency: 'OSLog' (in target 'InkOS' from project 'InkOS')
note: A dependency of Swift module 'OSLog': '/Applications/Xcode.app/Contents/Developer/Toolchains/XcodeDefault.xctoolchain/usr/lib/swift/iphonesimulator/prebuilt-modules/26.2/OSLog.swiftmodule/arm64-apple-ios-simulator.swiftmodule' (in target 'InkOS' from project 'InkOS')
note: A dependency of Swift module 'SwiftUICore': '/Applications/Xcode.app/Contents/Developer/Toolchains/XcodeDefault.xctoolchain/usr/lib/swift/iphonesimulator/prebuilt-modules/26.2/SwiftUICore.swiftmodule/arm64-apple-ios-simulator.swiftmodule' (in target 'InkOS' from project 'InkOS')
note: A dependency of Swift module 'OSLog': '/Applications/Xcode.app/Contents/Developer/Toolchains/XcodeDefault.xctoolchain/usr/lib/swift/iphonesimulator/prebuilt-modules/26.2/OSLog.swiftmodule/arm64-apple-ios-simulator.swiftmodule' (in target 'InkOS' from project 'InkOS')
note: A dependency of Swift module 'SwiftUI': '/Applications/Xcode.app/Contents/Developer/Toolchains/XcodeDefault.xctoolchain/usr/lib/swift/iphonesimulator/prebuilt-modules/26.2/SwiftUI.swiftmodule/arm64-apple-ios-simulator.swiftmodule' (in target 'InkOS' from project 'InkOS')
note: A dependency of main module 'InkOS' (in target 'InkOS' from project 'InkOS')
note: A dependency of Swift module 'OSLog': '/Applications/Xcode.app/Contents/Developer/Toolchains/XcodeDefault.xctoolchain/usr/lib/swift/iphonesimulator/prebuilt-modules/26.2/OSLog.swiftmodule/arm64-apple-ios-simulator.swiftmodule' (in target 'InkOS' from project 'InkOS')
note: A dependency of Swift module 'SwiftUI': '/Applications/Xcode.app/Contents/Developer/Toolchains/XcodeDefault.xctoolchain/usr/lib/swift/iphonesimulator/prebuilt-modules/26.2/SwiftUI.swiftmodule/arm64-apple-ios-simulator.swiftmodule' (in target 'InkOS' from project 'InkOS')
note: A dependency of main module 'InkOS' (in target 'InkOS' from project 'InkOS')
error: Unable to find module dependency: '_SwiftConcurrencyShims' (in target 'InkOS' from project 'InkOS')
note: A dependency of Swift module 'OSLog': '/Applications/Xcode.app/Contents/Developer/Toolchains/XcodeDefault.xctoolchain/usr/lib/swift/iphonesimulator/prebuilt-modules/26.2/OSLog.swiftmodule/arm64-apple-ios-simulator.swiftmodule' (in target 'InkOS' from project 'InkOS')
note: A dependency of Swift module 'SwiftUICore': '/Applications/Xcode.app/Contents/Developer/Toolchains/XcodeDefault.xctoolchain/usr/lib/swift/iphonesimulator/prebuilt-modules/26.2/SwiftUICore.swiftmodule/arm64-apple-ios-simulator.swiftmodule' (in target 'InkOS' from project 'InkOS')
note: A dependency of Swift module 'OSLog': '/Applications/Xcode.app/Contents/Developer/Toolchains/XcodeDefault.xctoolchain/usr/lib/swift/iphonesimulator/prebuilt-modules/26.2/OSLog.swiftmodule/arm64-apple-ios-simulator.swiftmodule' (in target 'InkOS' from project 'InkOS')
note: A dependency of Swift module 'SwiftUI': '/Applications/Xcode.app/Contents/Developer/Toolchains/XcodeDefault.xctoolchain/usr/lib/swift/iphonesimulator/prebuilt-modules/26.2/SwiftUI.swiftmodule/arm64-apple-ios-simulator.swiftmodule' (in target 'InkOS' from project 'InkOS')
note: A dependency of main module 'InkOS' (in target 'InkOS' from project 'InkOS')
note: A dependency of Swift module 'OSLog': '/Applications/Xcode.app/Contents/Developer/Toolchains/XcodeDefault.xctoolchain/usr/lib/swift/iphonesimulator/prebuilt-modules/26.2/OSLog.swiftmodule/arm64-apple-ios-simulator.swiftmodule' (in target 'InkOS' from project 'InkOS')
note: A dependency of Swift module 'SwiftUI': '/Applications/Xcode.app/Contents/Developer/Toolchains/XcodeDefault.xctoolchain/usr/lib/swift/iphonesimulator/prebuilt-modules/26.2/SwiftUI.swiftmodule/arm64-apple-ios-simulator.swiftmodule' (in target 'InkOS' from project 'InkOS')
note: A dependency of main module 'InkOS' (in target 'InkOS' from project 'InkOS')
error: Unable to find module dependency: 'Spatial' (in target 'InkOS' from project 'InkOS')
note: A dependency of Swift module 'Spatial': '/Applications/Xcode.app/Contents/Developer/Toolchains/XcodeDefault.xctoolchain/usr/lib/swift/iphonesimulator/prebuilt-modules/26.2/Spatial.swiftmodule/arm64-apple-ios-simulator.swiftmodule' (in target 'InkOS' from project 'InkOS')
note: A dependency of Swift module 'SwiftUI': '/Applications/Xcode.app/Contents/Developer/Toolchains/XcodeDefault.xctoolchain/usr/lib/swift/iphonesimulator/prebuilt-modules/26.2/SwiftUI.swiftmodule/arm64-apple-ios-simulator.swiftmodule' (in target 'InkOS' from project 'InkOS')
note: A dependency of main module 'InkOS' (in target 'InkOS' from project 'InkOS')
error: Unable to find module dependency: '_SwiftConcurrencyShims' (in target 'InkOS' from project 'InkOS')
note: A dependency of Swift module 'Spatial': '/Applications/Xcode.app/Contents/Developer/Toolchains/XcodeDefault.xctoolchain/usr/lib/swift/iphonesimulator/prebuilt-modules/26.2/Spatial.swiftmodule/arm64-apple-ios-simulator.swiftmodule' (in target 'InkOS' from project 'InkOS')
note: A dependency of Swift module 'SwiftUI': '/Applications/Xcode.app/Contents/Developer/Toolchains/XcodeDefault.xctoolchain/usr/lib/swift/iphonesimulator/prebuilt-modules/26.2/SwiftUI.swiftmodule/arm64-apple-ios-simulator.swiftmodule' (in target 'InkOS' from project 'InkOS')
note: A dependency of main module 'InkOS' (in target 'InkOS' from project 'InkOS')
error: Unable to find module dependency: 'SwiftUICore' (in target 'InkOS' from project 'InkOS')
note: A dependency of Swift module 'SwiftUICore': '/Applications/Xcode.app/Contents/Developer/Toolchains/XcodeDefault.xctoolchain/usr/lib/swift/iphonesimulator/prebuilt-modules/26.2/SwiftUICore.swiftmodule/arm64-apple-ios-simulator.swiftmodule' (in target 'InkOS' from project 'InkOS')
note: A dependency of Swift module 'UIKit': '/Applications/Xcode.app/Contents/Developer/Toolchains/XcodeDefault.xctoolchain/usr/lib/swift/iphonesimulator/prebuilt-modules/26.2/UIKit.swiftmodule/arm64-apple-ios-simulator.swiftmodule' (in target 'InkOS' from project 'InkOS')
note: A dependency of Swift module 'SwiftUICore': '/Applications/Xcode.app/Contents/Developer/Toolchains/XcodeDefault.xctoolchain/usr/lib/swift/iphonesimulator/prebuilt-modules/26.2/SwiftUICore.swiftmodule/arm64-apple-ios-simulator.swiftmodule' (in target 'InkOS' from project 'InkOS')
note: A dependency of Swift module 'SwiftUI': '/Applications/Xcode.app/Contents/Developer/Toolchains/XcodeDefault.xctoolchain/usr/lib/swift/iphonesimulator/prebuilt-modules/26.2/SwiftUI.swiftmodule/arm64-apple-ios-simulator.swiftmodule' (in target 'InkOS' from project 'InkOS')
note: A dependency of main module 'InkOS' (in target 'InkOS' from project 'InkOS')
note: A dependency of Swift module 'SwiftUICore': '/Applications/Xcode.app/Contents/Developer/Toolchains/XcodeDefault.xctoolchain/usr/lib/swift/iphonesimulator/prebuilt-modules/26.2/SwiftUICore.swiftmodule/arm64-apple-ios-simulator.swiftmodule' (in target 'InkOS' from project 'InkOS')
note: A dependency of Swift module 'SwiftUI': '/Applications/Xcode.app/Contents/Developer/Toolchains/XcodeDefault.xctoolchain/usr/lib/swift/iphonesimulator/prebuilt-modules/26.2/SwiftUI.swiftmodule/arm64-apple-ios-simulator.swiftmodule' (in target 'InkOS' from project 'InkOS')
note: A dependency of main module 'InkOS' (in target 'InkOS' from project 'InkOS')
error: Unable to find module dependency: '_SwiftConcurrencyShims' (in target 'InkOS' from project 'InkOS')
note: A dependency of Swift module 'SwiftUICore': '/Applications/Xcode.app/Contents/Developer/Toolchains/XcodeDefault.xctoolchain/usr/lib/swift/iphonesimulator/prebuilt-modules/26.2/SwiftUICore.swiftmodule/arm64-apple-ios-simulator.swiftmodule' (in target 'InkOS' from project 'InkOS')
note: A dependency of Swift module 'UIKit': '/Applications/Xcode.app/Contents/Developer/Toolchains/XcodeDefault.xctoolchain/usr/lib/swift/iphonesimulator/prebuilt-modules/26.2/UIKit.swiftmodule/arm64-apple-ios-simulator.swiftmodule' (in target 'InkOS' from project 'InkOS')
note: A dependency of Swift module 'SwiftUICore': '/Applications/Xcode.app/Contents/Developer/Toolchains/XcodeDefault.xctoolchain/usr/lib/swift/iphonesimulator/prebuilt-modules/26.2/SwiftUICore.swiftmodule/arm64-apple-ios-simulator.swiftmodule' (in target 'InkOS' from project 'InkOS')
note: A dependency of Swift module 'SwiftUI': '/Applications/Xcode.app/Contents/Developer/Toolchains/XcodeDefault.xctoolchain/usr/lib/swift/iphonesimulator/prebuilt-modules/26.2/SwiftUI.swiftmodule/arm64-apple-ios-simulator.swiftmodule' (in target 'InkOS' from project 'InkOS')
note: A dependency of main module 'InkOS' (in target 'InkOS' from project 'InkOS')
note: A dependency of Swift module 'SwiftUICore': '/Applications/Xcode.app/Contents/Developer/Toolchains/XcodeDefault.xctoolchain/usr/lib/swift/iphonesimulator/prebuilt-modules/26.2/SwiftUICore.swiftmodule/arm64-apple-ios-simulator.swiftmodule' (in target 'InkOS' from project 'InkOS')
note: A dependency of Swift module 'SwiftUI': '/Applications/Xcode.app/Contents/Developer/Toolchains/XcodeDefault.xctoolchain/usr/lib/swift/iphonesimulator/prebuilt-modules/26.2/SwiftUI.swiftmodule/arm64-apple-ios-simulator.swiftmodule' (in target 'InkOS' from project 'InkOS')
note: A dependency of main module 'InkOS' (in target 'InkOS' from project 'InkOS')
error: Unable to find module dependency: 'Symbols' (in target 'InkOS' from project 'InkOS')
note: A dependency of Swift module 'Symbols': '/Applications/Xcode.app/Contents/Developer/Toolchains/XcodeDefault.xctoolchain/usr/lib/swift/iphonesimulator/prebuilt-modules/26.2/Symbols.swiftmodule/arm64-apple-ios-simulator.swiftmodule' (in target 'InkOS' from project 'InkOS')
note: A dependency of Swift module 'UIKit': '/Applications/Xcode.app/Contents/Developer/Toolchains/XcodeDefault.xctoolchain/usr/lib/swift/iphonesimulator/prebuilt-modules/26.2/UIKit.swiftmodule/arm64-apple-ios-simulator.swiftmodule' (in target 'InkOS' from project 'InkOS')
note: A dependency of Swift module 'Symbols': '/Applications/Xcode.app/Contents/Developer/Toolchains/XcodeDefault.xctoolchain/usr/lib/swift/iphonesimulator/prebuilt-modules/26.2/Symbols.swiftmodule/arm64-apple-ios-simulator.swiftmodule' (in target 'InkOS' from project 'InkOS')
note: A dependency of Swift module 'SwiftUICore': '/Applications/Xcode.app/Contents/Developer/Toolchains/XcodeDefault.xctoolchain/usr/lib/swift/iphonesimulator/prebuilt-modules/26.2/SwiftUICore.swiftmodule/arm64-apple-ios-simulator.swiftmodule' (in target 'InkOS' from project 'InkOS')
note: A dependency of Swift module 'SwiftUI': '/Applications/Xcode.app/Contents/Developer/Toolchains/XcodeDefault.xctoolchain/usr/lib/swift/iphonesimulator/prebuilt-modules/26.2/SwiftUI.swiftmodule/arm64-apple-ios-simulator.swiftmodule' (in target 'InkOS' from project 'InkOS')
note: A dependency of main module 'InkOS' (in target 'InkOS' from project 'InkOS')
note: A dependency of Swift module 'Symbols': '/Applications/Xcode.app/Contents/Developer/Toolchains/XcodeDefault.xctoolchain/usr/lib/swift/iphonesimulator/prebuilt-modules/26.2/Symbols.swiftmodule/arm64-apple-ios-simulator.swiftmodule' (in target 'InkOS' from project 'InkOS')
note: A dependency of Swift module 'SwiftUICore': '/Applications/Xcode.app/Contents/Developer/Toolchains/XcodeDefault.xctoolchain/usr/lib/swift/iphonesimulator/prebuilt-modules/26.2/SwiftUICore.swiftmodule/arm64-apple-ios-simulator.swiftmodule' (in target 'InkOS' from project 'InkOS')
note: A dependency of Swift module 'SwiftUI': '/Applications/Xcode.app/Contents/Developer/Toolchains/XcodeDefault.xctoolchain/usr/lib/swift/iphonesimulator/prebuilt-modules/26.2/SwiftUI.swiftmodule/arm64-apple-ios-simulator.swiftmodule' (in target 'InkOS' from project 'InkOS')
note: A dependency of main module 'InkOS' (in target 'InkOS' from project 'InkOS')
note: A dependency of Swift module 'Symbols': '/Applications/Xcode.app/Contents/Developer/Toolchains/XcodeDefault.xctoolchain/usr/lib/swift/iphonesimulator/prebuilt-modules/26.2/Symbols.swiftmodule/arm64-apple-ios-simulator.swiftmodule' (in target 'InkOS' from project 'InkOS')
note: A dependency of Swift module 'SwiftUICore': '/Applications/Xcode.app/Contents/Developer/Toolchains/XcodeDefault.xctoolchain/usr/lib/swift/iphonesimulator/prebuilt-modules/26.2/SwiftUICore.swiftmodule/arm64-apple-ios-simulator.swiftmodule' (in target 'InkOS' from project 'InkOS')
note: A dependency of Swift module 'SwiftUI': '/Applications/Xcode.app/Contents/Developer/Toolchains/XcodeDefault.xctoolchain/usr/lib/swift/iphonesimulator/prebuilt-modules/26.2/SwiftUI.swiftmodule/arm64-apple-ios-simulator.swiftmodule' (in target 'InkOS' from project 'InkOS')
note: A dependency of main module 'InkOS' (in target 'InkOS' from project 'InkOS')
error: Unable to find module dependency: '_SwiftConcurrencyShims' (in target 'InkOS' from project 'InkOS')
note: A dependency of Swift module 'Symbols': '/Applications/Xcode.app/Contents/Developer/Toolchains/XcodeDefault.xctoolchain/usr/lib/swift/iphonesimulator/prebuilt-modules/26.2/Symbols.swiftmodule/arm64-apple-ios-simulator.swiftmodule' (in target 'InkOS' from project 'InkOS')
note: A dependency of Swift module 'UIKit': '/Applications/Xcode.app/Contents/Developer/Toolchains/XcodeDefault.xctoolchain/usr/lib/swift/iphonesimulator/prebuilt-modules/26.2/UIKit.swiftmodule/arm64-apple-ios-simulator.swiftmodule' (in target 'InkOS' from project 'InkOS')
note: A dependency of Swift module 'Symbols': '/Applications/Xcode.app/Contents/Developer/Toolchains/XcodeDefault.xctoolchain/usr/lib/swift/iphonesimulator/prebuilt-modules/26.2/Symbols.swiftmodule/arm64-apple-ios-simulator.swiftmodule' (in target 'InkOS' from project 'InkOS')
note: A dependency of Swift module 'SwiftUICore': '/Applications/Xcode.app/Contents/Developer/Toolchains/XcodeDefault.xctoolchain/usr/lib/swift/iphonesimulator/prebuilt-modules/26.2/SwiftUICore.swiftmodule/arm64-apple-ios-simulator.swiftmodule' (in target 'InkOS' from project 'InkOS')
note: A dependency of Swift module 'SwiftUI': '/Applications/Xcode.app/Contents/Developer/Toolchains/XcodeDefault.xctoolchain/usr/lib/swift/iphonesimulator/prebuilt-modules/26.2/SwiftUI.swiftmodule/arm64-apple-ios-simulator.swiftmodule' (in target 'InkOS' from project 'InkOS')
note: A dependency of main module 'InkOS' (in target 'InkOS' from project 'InkOS')
note: A dependency of Swift module 'Symbols': '/Applications/Xcode.app/Contents/Developer/Toolchains/XcodeDefault.xctoolchain/usr/lib/swift/iphonesimulator/prebuilt-modules/26.2/Symbols.swiftmodule/arm64-apple-ios-simulator.swiftmodule' (in target 'InkOS' from project 'InkOS')
note: A dependency of Swift module 'SwiftUICore': '/Applications/Xcode.app/Contents/Developer/Toolchains/XcodeDefault.xctoolchain/usr/lib/swift/iphonesimulator/prebuilt-modules/26.2/SwiftUICore.swiftmodule/arm64-apple-ios-simulator.swiftmodule' (in target 'InkOS' from project 'InkOS')
note: A dependency of Swift module 'SwiftUI': '/Applications/Xcode.app/Contents/Developer/Toolchains/XcodeDefault.xctoolchain/usr/lib/swift/iphonesimulator/prebuilt-modules/26.2/SwiftUI.swiftmodule/arm64-apple-ios-simulator.swiftmodule' (in target 'InkOS' from project 'InkOS')
note: A dependency of main module 'InkOS' (in target 'InkOS' from project 'InkOS')
note: A dependency of Swift module 'Symbols': '/Applications/Xcode.app/Contents/Developer/Toolchains/XcodeDefault.xctoolchain/usr/lib/swift/iphonesimulator/prebuilt-modules/26.2/Symbols.swiftmodule/arm64-apple-ios-simulator.swiftmodule' (in target 'InkOS' from project 'InkOS')
note: A dependency of Swift module 'SwiftUICore': '/Applications/Xcode.app/Contents/Developer/Toolchains/XcodeDefault.xctoolchain/usr/lib/swift/iphonesimulator/prebuilt-modules/26.2/SwiftUICore.swiftmodule/arm64-apple-ios-simulator.swiftmodule' (in target 'InkOS' from project 'InkOS')
note: A dependency of Swift module 'SwiftUI': '/Applications/Xcode.app/Contents/Developer/Toolchains/XcodeDefault.xctoolchain/usr/lib/swift/iphonesimulator/prebuilt-modules/26.2/SwiftUI.swiftmodule/arm64-apple-ios-simulator.swiftmodule' (in target 'InkOS' from project 'InkOS')
note: A dependency of main module 'InkOS' (in target 'InkOS' from project 'InkOS')
error: Unable to find module dependency: 'UniformTypeIdentifiers' (in target 'InkOS' from project 'InkOS')
note: A dependency of Swift module 'UniformTypeIdentifiers': '/Applications/Xcode.app/Contents/Developer/Toolchains/XcodeDefault.xctoolchain/usr/lib/swift/iphonesimulator/prebuilt-modules/26.2/UniformTypeIdentifiers.swiftmodule/arm64-apple-ios-simulator.swiftmodule' (in target 'InkOS' from project 'InkOS')
note: A dependency of Swift module 'UIKit': '/Applications/Xcode.app/Contents/Developer/Toolchains/XcodeDefault.xctoolchain/usr/lib/swift/iphonesimulator/prebuilt-modules/26.2/UIKit.swiftmodule/arm64-apple-ios-simulator.swiftmodule' (in target 'InkOS' from project 'InkOS')
note: A dependency of Swift module 'SwiftUICore': '/Applications/Xcode.app/Contents/Developer/Toolchains/XcodeDefault.xctoolchain/usr/lib/swift/iphonesimulator/prebuilt-modules/26.2/SwiftUICore.swiftmodule/arm64-apple-ios-simulator.swiftmodule' (in target 'InkOS' from project 'InkOS')
note: A dependency of Swift module 'CoreTransferable': '/Applications/Xcode.app/Contents/Developer/Toolchains/XcodeDefault.xctoolchain/usr/lib/swift/iphonesimulator/prebuilt-modules/26.2/CoreTransferable.swiftmodule/arm64-apple-ios-simulator.swiftmodule' (in target 'InkOS' from project 'InkOS')
note: A dependency of Swift module 'SwiftUI': '/Applications/Xcode.app/Contents/Developer/Toolchains/XcodeDefault.xctoolchain/usr/lib/swift/iphonesimulator/prebuilt-modules/26.2/SwiftUI.swiftmodule/arm64-apple-ios-simulator.swiftmodule' (in target 'InkOS' from project 'InkOS')
note: A dependency of main module 'InkOS' (in target 'InkOS' from project 'InkOS')
note: A dependency of Swift module 'UniformTypeIdentifiers': '/Applications/Xcode.app/Contents/Developer/Toolchains/XcodeDefault.xctoolchain/usr/lib/swift/iphonesimulator/prebuilt-modules/26.2/UniformTypeIdentifiers.swiftmodule/arm64-apple-ios-simulator.swiftmodule' (in target 'InkOS' from project 'InkOS')
note: A dependency of Swift module 'CoreText': '/Applications/Xcode.app/Contents/Developer/Toolchains/XcodeDefault.xctoolchain/usr/lib/swift/iphonesimulator/prebuilt-modules/26.2/CoreText.swiftmodule/arm64-apple-ios-simulator.swiftmodule' (in target 'InkOS' from project 'InkOS')
note: A dependency of Swift module 'UIKit': '/Applications/Xcode.app/Contents/Developer/Toolchains/XcodeDefault.xctoolchain/usr/lib/swift/iphonesimulator/prebuilt-modules/26.2/UIKit.swiftmodule/arm64-apple-ios-simulator.swiftmodule' (in target 'InkOS' from project 'InkOS')
note: A dependency of Swift module 'SwiftUICore': '/Applications/Xcode.app/Contents/Developer/Toolchains/XcodeDefault.xctoolchain/usr/lib/swift/iphonesimulator/prebuilt-modules/26.2/SwiftUICore.swiftmodule/arm64-apple-ios-simulator.swiftmodule' (in target 'InkOS' from project 'InkOS')
note: A dependency of Swift module 'CoreTransferable': '/Applications/Xcode.app/Contents/Developer/Toolchains/XcodeDefault.xctoolchain/usr/lib/swift/iphonesimulator/prebuilt-modules/26.2/CoreTransferable.swiftmodule/arm64-apple-ios-simulator.swiftmodule' (in target 'InkOS' from project 'InkOS')
note: A dependency of Swift module 'SwiftUI': '/Applications/Xcode.app/Contents/Developer/Toolchains/XcodeDefault.xctoolchain/usr/lib/swift/iphonesimulator/prebuilt-modules/26.2/SwiftUI.swiftmodule/arm64-apple-ios-simulator.swiftmodule' (in target 'InkOS' from project 'InkOS')
note: A dependency of main module 'InkOS' (in target 'InkOS' from project 'InkOS')
note: A dependency of Swift module 'UniformTypeIdentifiers': '/Applications/Xcode.app/Contents/Developer/Toolchains/XcodeDefault.xctoolchain/usr/lib/swift/iphonesimulator/prebuilt-modules/26.2/UniformTypeIdentifiers.swiftmodule/arm64-apple-ios-simulator.swiftmodule' (in target 'InkOS' from project 'InkOS')
note: A dependency of Swift module 'SwiftUICore': '/Applications/Xcode.app/Contents/Developer/Toolchains/XcodeDefault.xctoolchain/usr/lib/swift/iphonesimulator/prebuilt-modules/26.2/SwiftUICore.swiftmodule/arm64-apple-ios-simulator.swiftmodule' (in target 'InkOS' from project 'InkOS')
note: A dependency of Swift module 'CoreTransferable': '/Applications/Xcode.app/Contents/Developer/Toolchains/XcodeDefault.xctoolchain/usr/lib/swift/iphonesimulator/prebuilt-modules/26.2/CoreTransferable.swiftmodule/arm64-apple-ios-simulator.swiftmodule' (in target 'InkOS' from project 'InkOS')
note: A dependency of Swift module 'SwiftUI': '/Applications/Xcode.app/Contents/Developer/Toolchains/XcodeDefault.xctoolchain/usr/lib/swift/iphonesimulator/prebuilt-modules/26.2/SwiftUI.swiftmodule/arm64-apple-ios-simulator.swiftmodule' (in target 'InkOS' from project 'InkOS')
note: A dependency of main module 'InkOS' (in target 'InkOS' from project 'InkOS')
note: A dependency of Swift module 'UniformTypeIdentifiers': '/Applications/Xcode.app/Contents/Developer/Toolchains/XcodeDefault.xctoolchain/usr/lib/swift/iphonesimulator/prebuilt-modules/26.2/UniformTypeIdentifiers.swiftmodule/arm64-apple-ios-simulator.swiftmodule' (in target 'InkOS' from project 'InkOS')
note: A dependency of Swift module 'CoreTransferable': '/Applications/Xcode.app/Contents/Developer/Toolchains/XcodeDefault.xctoolchain/usr/lib/swift/iphonesimulator/prebuilt-modules/26.2/CoreTransferable.swiftmodule/arm64-apple-ios-simulator.swiftmodule' (in target 'InkOS' from project 'InkOS')
note: A dependency of Swift module 'SwiftUI': '/Applications/Xcode.app/Contents/Developer/Toolchains/XcodeDefault.xctoolchain/usr/lib/swift/iphonesimulator/prebuilt-modules/26.2/SwiftUI.swiftmodule/arm64-apple-ios-simulator.swiftmodule' (in target 'InkOS' from project 'InkOS')
note: A dependency of main module 'InkOS' (in target 'InkOS' from project 'InkOS')
error: Unable to find module dependency: '_SwiftConcurrencyShims' (in target 'InkOS' from project 'InkOS')
note: A dependency of Swift module 'UniformTypeIdentifiers': '/Applications/Xcode.app/Contents/Developer/Toolchains/XcodeDefault.xctoolchain/usr/lib/swift/iphonesimulator/prebuilt-modules/26.2/UniformTypeIdentifiers.swiftmodule/arm64-apple-ios-simulator.swiftmodule' (in target 'InkOS' from project 'InkOS')
note: A dependency of Swift module 'UIKit': '/Applications/Xcode.app/Contents/Developer/Toolchains/XcodeDefault.xctoolchain/usr/lib/swift/iphonesimulator/prebuilt-modules/26.2/UIKit.swiftmodule/arm64-apple-ios-simulator.swiftmodule' (in target 'InkOS' from project 'InkOS')
note: A dependency of Swift module 'SwiftUICore': '/Applications/Xcode.app/Contents/Developer/Toolchains/XcodeDefault.xctoolchain/usr/lib/swift/iphonesimulator/prebuilt-modules/26.2/SwiftUICore.swiftmodule/arm64-apple-ios-simulator.swiftmodule' (in target 'InkOS' from project 'InkOS')
note: A dependency of Swift module 'CoreTransferable': '/Applications/Xcode.app/Contents/Developer/Toolchains/XcodeDefault.xctoolchain/usr/lib/swift/iphonesimulator/prebuilt-modules/26.2/CoreTransferable.swiftmodule/arm64-apple-ios-simulator.swiftmodule' (in target 'InkOS' from project 'InkOS')
note: A dependency of Swift module 'SwiftUI': '/Applications/Xcode.app/Contents/Developer/Toolchains/XcodeDefault.xctoolchain/usr/lib/swift/iphonesimulator/prebuilt-modules/26.2/SwiftUI.swiftmodule/arm64-apple-ios-simulator.swiftmodule' (in target 'InkOS' from project 'InkOS')
note: A dependency of main module 'InkOS' (in target 'InkOS' from project 'InkOS')
note: A dependency of Swift module 'UniformTypeIdentifiers': '/Applications/Xcode.app/Contents/Developer/Toolchains/XcodeDefault.xctoolchain/usr/lib/swift/iphonesimulator/prebuilt-modules/26.2/UniformTypeIdentifiers.swiftmodule/arm64-apple-ios-simulator.swiftmodule' (in target 'InkOS' from project 'InkOS')
note: A dependency of Swift module 'CoreText': '/Applications/Xcode.app/Contents/Developer/Toolchains/XcodeDefault.xctoolchain/usr/lib/swift/iphonesimulator/prebuilt-modules/26.2/CoreText.swiftmodule/arm64-apple-ios-simulator.swiftmodule' (in target 'InkOS' from project 'InkOS')
note: A dependency of Swift module 'UIKit': '/Applications/Xcode.app/Contents/Developer/Toolchains/XcodeDefault.xctoolchain/usr/lib/swift/iphonesimulator/prebuilt-modules/26.2/UIKit.swiftmodule/arm64-apple-ios-simulator.swiftmodule' (in target 'InkOS' from project 'InkOS')
note: A dependency of Swift module 'SwiftUICore': '/Applications/Xcode.app/Contents/Developer/Toolchains/XcodeDefault.xctoolchain/usr/lib/swift/iphonesimulator/prebuilt-modules/26.2/SwiftUICore.swiftmodule/arm64-apple-ios-simulator.swiftmodule' (in target 'InkOS' from project 'InkOS')
note: A dependency of Swift module 'CoreTransferable': '/Applications/Xcode.app/Contents/Developer/Toolchains/XcodeDefault.xctoolchain/usr/lib/swift/iphonesimulator/prebuilt-modules/26.2/CoreTransferable.swiftmodule/arm64-apple-ios-simulator.swiftmodule' (in target 'InkOS' from project 'InkOS')
note: A dependency of Swift module 'SwiftUI': '/Applications/Xcode.app/Contents/Developer/Toolchains/XcodeDefault.xctoolchain/usr/lib/swift/iphonesimulator/prebuilt-modules/26.2/SwiftUI.swiftmodule/arm64-apple-ios-simulator.swiftmodule' (in target 'InkOS' from project 'InkOS')
note: A dependency of main module 'InkOS' (in target 'InkOS' from project 'InkOS')
note: A dependency of Swift module 'UniformTypeIdentifiers': '/Applications/Xcode.app/Contents/Developer/Toolchains/XcodeDefault.xctoolchain/usr/lib/swift/iphonesimulator/prebuilt-modules/26.2/UniformTypeIdentifiers.swiftmodule/arm64-apple-ios-simulator.swiftmodule' (in target 'InkOS' from project 'InkOS')
note: A dependency of Swift module 'SwiftUICore': '/Applications/Xcode.app/Contents/Developer/Toolchains/XcodeDefault.xctoolchain/usr/lib/swift/iphonesimulator/prebuilt-modules/26.2/SwiftUICore.swiftmodule/arm64-apple-ios-simulator.swiftmodule' (in target 'InkOS' from project 'InkOS')
note: A dependency of Swift module 'CoreTransferable': '/Applications/Xcode.app/Contents/Developer/Toolchains/XcodeDefault.xctoolchain/usr/lib/swift/iphonesimulator/prebuilt-modules/26.2/CoreTransferable.swiftmodule/arm64-apple-ios-simulator.swiftmodule' (in target 'InkOS' from project 'InkOS')
note: A dependency of Swift module 'SwiftUI': '/Applications/Xcode.app/Contents/Developer/Toolchains/XcodeDefault.xctoolchain/usr/lib/swift/iphonesimulator/prebuilt-modules/26.2/SwiftUI.swiftmodule/arm64-apple-ios-simulator.swiftmodule' (in target 'InkOS' from project 'InkOS')
note: A dependency of main module 'InkOS' (in target 'InkOS' from project 'InkOS')
note: A dependency of Swift module 'UniformTypeIdentifiers': '/Applications/Xcode.app/Contents/Developer/Toolchains/XcodeDefault.xctoolchain/usr/lib/swift/iphonesimulator/prebuilt-modules/26.2/UniformTypeIdentifiers.swiftmodule/arm64-apple-ios-simulator.swiftmodule' (in target 'InkOS' from project 'InkOS')
note: A dependency of Swift module 'CoreTransferable': '/Applications/Xcode.app/Contents/Developer/Toolchains/XcodeDefault.xctoolchain/usr/lib/swift/iphonesimulator/prebuilt-modules/26.2/CoreTransferable.swiftmodule/arm64-apple-ios-simulator.swiftmodule' (in target 'InkOS' from project 'InkOS')
note: A dependency of Swift module 'SwiftUI': '/Applications/Xcode.app/Contents/Developer/Toolchains/XcodeDefault.xctoolchain/usr/lib/swift/iphonesimulator/prebuilt-modules/26.2/SwiftUI.swiftmodule/arm64-apple-ios-simulator.swiftmodule' (in target 'InkOS' from project 'InkOS')
note: A dependency of main module 'InkOS' (in target 'InkOS' from project 'InkOS')
error: Unable to find module dependency: '_SwiftConcurrencyShims' (in target 'InkOS' from project 'InkOS')
note: A dependency of Swift module 'os': '/Applications/Xcode.app/Contents/Developer/Toolchains/XcodeDefault.xctoolchain/usr/lib/swift/iphonesimulator/prebuilt-modules/26.2/os.swiftmodule/arm64-apple-ios-simulator.swiftmodule' (in target 'InkOS' from project 'InkOS')
note: A dependency of Swift module 'os': '/Applications/Xcode.app/Contents/Developer/Toolchains/XcodeDefault.xctoolchain/usr/lib/swift/iphonesimulator/prebuilt-modules/26.2/os.swiftmodule/arm64-apple-ios-simulator.swiftmodule' (in target 'InkOS' from project 'InkOS')
note: A dependency of Swift module 'os': '/Applications/Xcode.app/Contents/Developer/Toolchains/XcodeDefault.xctoolchain/usr/lib/swift/iphonesimulator/prebuilt-modules/26.2/os.swiftmodule/arm64-apple-ios-simulator.swiftmodule' (in target 'InkOS' from project 'InkOS')
note: A dependency of Swift module 'SwiftUICore': '/Applications/Xcode.app/Contents/Developer/Toolchains/XcodeDefault.xctoolchain/usr/lib/swift/iphonesimulator/prebuilt-modules/26.2/SwiftUICore.swiftmodule/arm64-apple-ios-simulator.swiftmodule' (in target 'InkOS' from project 'InkOS')
note: A dependency of Swift module 'os': '/Applications/Xcode.app/Contents/Developer/Toolchains/XcodeDefault.xctoolchain/usr/lib/swift/iphonesimulator/prebuilt-modules/26.2/os.swiftmodule/arm64-apple-ios-simulator.swiftmodule' (in target 'InkOS' from project 'InkOS')
note: A dependency of Swift module 'CoreTransferable': '/Applications/Xcode.app/Contents/Developer/Toolchains/XcodeDefault.xctoolchain/usr/lib/swift/iphonesimulator/prebuilt-modules/26.2/CoreTransferable.swiftmodule/arm64-apple-ios-simulator.swiftmodule' (in target 'InkOS' from project 'InkOS')
note: A dependency of Swift module 'os': '/Applications/Xcode.app/Contents/Developer/Toolchains/XcodeDefault.xctoolchain/usr/lib/swift/iphonesimulator/prebuilt-modules/26.2/os.swiftmodule/arm64-apple-ios-simulator.swiftmodule' (in target 'InkOS' from project 'InkOS')
note: A dependency of Swift module 'CoreData': '/Applications/Xcode.app/Contents/Developer/Toolchains/XcodeDefault.xctoolchain/usr/lib/swift/iphonesimulator/prebuilt-modules/26.2/CoreData.swiftmodule/arm64-apple-ios-simulator.swiftmodule' (in target 'InkOS' from project 'InkOS')
note: A dependency of Swift module 'SwiftUI': '/Applications/Xcode.app/Contents/Developer/Toolchains/XcodeDefault.xctoolchain/usr/lib/swift/iphonesimulator/prebuilt-modules/26.2/SwiftUI.swiftmodule/arm64-apple-ios-simulator.swiftmodule' (in target 'InkOS' from project 'InkOS')
note: A dependency of main module 'InkOS' (in target 'InkOS' from project 'InkOS')
note: A dependency of Swift module 'os': '/Applications/Xcode.app/Contents/Developer/Toolchains/XcodeDefault.xctoolchain/usr/lib/swift/iphonesimulator/prebuilt-modules/26.2/os.swiftmodule/arm64-apple-ios-simulator.swiftmodule' (in target 'InkOS' from project 'InkOS')
note: A dependency of Swift module 'os': '/Applications/Xcode.app/Contents/Developer/Toolchains/XcodeDefault.xctoolchain/usr/lib/swift/iphonesimulator/prebuilt-modules/26.2/os.swiftmodule/arm64-apple-ios-simulator.swiftmodule' (in target 'InkOS' from project 'InkOS')
note: A dependency of Swift module 'SwiftUICore': '/Applications/Xcode.app/Contents/Developer/Toolchains/XcodeDefault.xctoolchain/usr/lib/swift/iphonesimulator/prebuilt-modules/26.2/SwiftUICore.swiftmodule/arm64-apple-ios-simulator.swiftmodule' (in target 'InkOS' from project 'InkOS')
note: A dependency of Swift module 'os': '/Applications/Xcode.app/Contents/Developer/Toolchains/XcodeDefault.xctoolchain/usr/lib/swift/iphonesimulator/prebuilt-modules/26.2/os.swiftmodule/arm64-apple-ios-simulator.swiftmodule' (in target 'InkOS' from project 'InkOS')
note: A dependency of Swift module 'CoreTransferable': '/Applications/Xcode.app/Contents/Developer/Toolchains/XcodeDefault.xctoolchain/usr/lib/swift/iphonesimulator/prebuilt-modules/26.2/CoreTransferable.swiftmodule/arm64-apple-ios-simulator.swiftmodule' (in target 'InkOS' from project 'InkOS')
note: A dependency of Swift module 'os': '/Applications/Xcode.app/Contents/Developer/Toolchains/XcodeDefault.xctoolchain/usr/lib/swift/iphonesimulator/prebuilt-modules/26.2/os.swiftmodule/arm64-apple-ios-simulator.swiftmodule' (in target 'InkOS' from project 'InkOS')
note: A dependency of Swift module 'CoreData': '/Applications/Xcode.app/Contents/Developer/Toolchains/XcodeDefault.xctoolchain/usr/lib/swift/iphonesimulator/prebuilt-modules/26.2/CoreData.swiftmodule/arm64-apple-ios-simulator.swiftmodule' (in target 'InkOS' from project 'InkOS')
note: A dependency of Swift module 'SwiftUI': '/Applications/Xcode.app/Contents/Developer/Toolchains/XcodeDefault.xctoolchain/usr/lib/swift/iphonesimulator/prebuilt-modules/26.2/SwiftUI.swiftmodule/arm64-apple-ios-simulator.swiftmodule' (in target 'InkOS' from project 'InkOS')
note: A dependency of main module 'InkOS' (in target 'InkOS' from project 'InkOS')
note: A dependency of Swift module 'os': '/Applications/Xcode.app/Contents/Developer/Toolchains/XcodeDefault.xctoolchain/usr/lib/swift/iphonesimulator/prebuilt-modules/26.2/os.swiftmodule/arm64-apple-ios-simulator.swiftmodule' (in target 'InkOS' from project 'InkOS')
note: A dependency of Swift module 'os': '/Applications/Xcode.app/Contents/Developer/Toolchains/XcodeDefault.xctoolchain/usr/lib/swift/iphonesimulator/prebuilt-modules/26.2/os.swiftmodule/arm64-apple-ios-simulator.swiftmodule' (in target 'InkOS' from project 'InkOS')
note: A dependency of Swift module 'SwiftUICore': '/Applications/Xcode.app/Contents/Developer/Toolchains/XcodeDefault.xctoolchain/usr/lib/swift/iphonesimulator/prebuilt-modules/26.2/SwiftUICore.swiftmodule/arm64-apple-ios-simulator.swiftmodule' (in target 'InkOS' from project 'InkOS')
note: A dependency of Swift module 'os': '/Applications/Xcode.app/Contents/Developer/Toolchains/XcodeDefault.xctoolchain/usr/lib/swift/iphonesimulator/prebuilt-modules/26.2/os.swiftmodule/arm64-apple-ios-simulator.swiftmodule' (in target 'InkOS' from project 'InkOS')
note: A dependency of Swift module 'CoreTransferable': '/Applications/Xcode.app/Contents/Developer/Toolchains/XcodeDefault.xctoolchain/usr/lib/swift/iphonesimulator/prebuilt-modules/26.2/CoreTransferable.swiftmodule/arm64-apple-ios-simulator.swiftmodule' (in target 'InkOS' from project 'InkOS')
note: A dependency of Swift module 'os': '/Applications/Xcode.app/Contents/Developer/Toolchains/XcodeDefault.xctoolchain/usr/lib/swift/iphonesimulator/prebuilt-modules/26.2/os.swiftmodule/arm64-apple-ios-simulator.swiftmodule' (in target 'InkOS' from project 'InkOS')
note: A dependency of Swift module 'CoreData': '/Applications/Xcode.app/Contents/Developer/Toolchains/XcodeDefault.xctoolchain/usr/lib/swift/iphonesimulator/prebuilt-modules/26.2/CoreData.swiftmodule/arm64-apple-ios-simulator.swiftmodule' (in target 'InkOS' from project 'InkOS')
note: A dependency of Swift module 'SwiftUI': '/Applications/Xcode.app/Contents/Developer/Toolchains/XcodeDefault.xctoolchain/usr/lib/swift/iphonesimulator/prebuilt-modules/26.2/SwiftUI.swiftmodule/arm64-apple-ios-simulator.swiftmodule' (in target 'InkOS' from project 'InkOS')
note: A dependency of main module 'InkOS' (in target 'InkOS' from project 'InkOS')
note: A dependency of Swift module 'os': '/Applications/Xcode.app/Contents/Developer/Toolchains/XcodeDefault.xctoolchain/usr/lib/swift/iphonesimulator/prebuilt-modules/26.2/os.swiftmodule/arm64-apple-ios-simulator.swiftmodule' (in target 'InkOS' from project 'InkOS')
note: A dependency of Swift module 'SwiftUICore': '/Applications/Xcode.app/Contents/Developer/Toolchains/XcodeDefault.xctoolchain/usr/lib/swift/iphonesimulator/prebuilt-modules/26.2/SwiftUICore.swiftmodule/arm64-apple-ios-simulator.swiftmodule' (in target 'InkOS' from project 'InkOS')
note: A dependency of Swift module 'os': '/Applications/Xcode.app/Contents/Developer/Toolchains/XcodeDefault.xctoolchain/usr/lib/swift/iphonesimulator/prebuilt-modules/26.2/os.swiftmodule/arm64-apple-ios-simulator.swiftmodule' (in target 'InkOS' from project 'InkOS')
note: A dependency of Swift module 'CoreTransferable': '/Applications/Xcode.app/Contents/Developer/Toolchains/XcodeDefault.xctoolchain/usr/lib/swift/iphonesimulator/prebuilt-modules/26.2/CoreTransferable.swiftmodule/arm64-apple-ios-simulator.swiftmodule' (in target 'InkOS' from project 'InkOS')
note: A dependency of Swift module 'os': '/Applications/Xcode.app/Contents/Developer/Toolchains/XcodeDefault.xctoolchain/usr/lib/swift/iphonesimulator/prebuilt-modules/26.2/os.swiftmodule/arm64-apple-ios-simulator.swiftmodule' (in target 'InkOS' from project 'InkOS')
note: A dependency of Swift module 'CoreData': '/Applications/Xcode.app/Contents/Developer/Toolchains/XcodeDefault.xctoolchain/usr/lib/swift/iphonesimulator/prebuilt-modules/26.2/CoreData.swiftmodule/arm64-apple-ios-simulator.swiftmodule' (in target 'InkOS' from project 'InkOS')
note: A dependency of Swift module 'SwiftUI': '/Applications/Xcode.app/Contents/Developer/Toolchains/XcodeDefault.xctoolchain/usr/lib/swift/iphonesimulator/prebuilt-modules/26.2/SwiftUI.swiftmodule/arm64-apple-ios-simulator.swiftmodule' (in target 'InkOS' from project 'InkOS')
note: A dependency of main module 'InkOS' (in target 'InkOS' from project 'InkOS')
note: A dependency of Swift module 'os': '/Applications/Xcode.app/Contents/Developer/Toolchains/XcodeDefault.xctoolchain/usr/lib/swift/iphonesimulator/prebuilt-modules/26.2/os.swiftmodule/arm64-apple-ios-simulator.swiftmodule' (in target 'InkOS' from project 'InkOS')
note: A dependency of Swift module 'os': '/Applications/Xcode.app/Contents/Developer/Toolchains/XcodeDefault.xctoolchain/usr/lib/swift/iphonesimulator/prebuilt-modules/26.2/os.swiftmodule/arm64-apple-ios-simulator.swiftmodule' (in target 'InkOS' from project 'InkOS')
note: A dependency of Swift module 'CoreTransferable': '/Applications/Xcode.app/Contents/Developer/Toolchains/XcodeDefault.xctoolchain/usr/lib/swift/iphonesimulator/prebuilt-modules/26.2/CoreTransferable.swiftmodule/arm64-apple-ios-simulator.swiftmodule' (in target 'InkOS' from project 'InkOS')
note: A dependency of Swift module 'os': '/Applications/Xcode.app/Contents/Developer/Toolchains/XcodeDefault.xctoolchain/usr/lib/swift/iphonesimulator/prebuilt-modules/26.2/os.swiftmodule/arm64-apple-ios-simulator.swiftmodule' (in target 'InkOS' from project 'InkOS')
note: A dependency of Swift module 'CoreData': '/Applications/Xcode.app/Contents/Developer/Toolchains/XcodeDefault.xctoolchain/usr/lib/swift/iphonesimulator/prebuilt-modules/26.2/CoreData.swiftmodule/arm64-apple-ios-simulator.swiftmodule' (in target 'InkOS' from project 'InkOS')
note: A dependency of Swift module 'SwiftUI': '/Applications/Xcode.app/Contents/Developer/Toolchains/XcodeDefault.xctoolchain/usr/lib/swift/iphonesimulator/prebuilt-modules/26.2/SwiftUI.swiftmodule/arm64-apple-ios-simulator.swiftmodule' (in target 'InkOS' from project 'InkOS')
note: A dependency of main module 'InkOS' (in target 'InkOS' from project 'InkOS')
note: A dependency of Swift module 'os': '/Applications/Xcode.app/Contents/Developer/Toolchains/XcodeDefault.xctoolchain/usr/lib/swift/iphonesimulator/prebuilt-modules/26.2/os.swiftmodule/arm64-apple-ios-simulator.swiftmodule' (in target 'InkOS' from project 'InkOS')
note: A dependency of Swift module 'CoreTransferable': '/Applications/Xcode.app/Contents/Developer/Toolchains/XcodeDefault.xctoolchain/usr/lib/swift/iphonesimulator/prebuilt-modules/26.2/CoreTransferable.swiftmodule/arm64-apple-ios-simulator.swiftmodule' (in target 'InkOS' from project 'InkOS')
note: A dependency of Swift module 'os': '/Applications/Xcode.app/Contents/Developer/Toolchains/XcodeDefault.xctoolchain/usr/lib/swift/iphonesimulator/prebuilt-modules/26.2/os.swiftmodule/arm64-apple-ios-simulator.swiftmodule' (in target 'InkOS' from project 'InkOS')
note: A dependency of Swift module 'CoreData': '/Applications/Xcode.app/Contents/Developer/Toolchains/XcodeDefault.xctoolchain/usr/lib/swift/iphonesimulator/prebuilt-modules/26.2/CoreData.swiftmodule/arm64-apple-ios-simulator.swiftmodule' (in target 'InkOS' from project 'InkOS')
note: A dependency of Swift module 'SwiftUI': '/Applications/Xcode.app/Contents/Developer/Toolchains/XcodeDefault.xctoolchain/usr/lib/swift/iphonesimulator/prebuilt-modules/26.2/SwiftUI.swiftmodule/arm64-apple-ios-simulator.swiftmodule' (in target 'InkOS' from project 'InkOS')
note: A dependency of main module 'InkOS' (in target 'InkOS' from project 'InkOS')
note: A dependency of Swift module 'os': '/Applications/Xcode.app/Contents/Developer/Toolchains/XcodeDefault.xctoolchain/usr/lib/swift/iphonesimulator/prebuilt-modules/26.2/os.swiftmodule/arm64-apple-ios-simulator.swiftmodule' (in target 'InkOS' from project 'InkOS')
note: A dependency of Swift module 'os': '/Applications/Xcode.app/Contents/Developer/Toolchains/XcodeDefault.xctoolchain/usr/lib/swift/iphonesimulator/prebuilt-modules/26.2/os.swiftmodule/arm64-apple-ios-simulator.swiftmodule' (in target 'InkOS' from project 'InkOS')
note: A dependency of Swift module 'CoreData': '/Applications/Xcode.app/Contents/Developer/Toolchains/XcodeDefault.xctoolchain/usr/lib/swift/iphonesimulator/prebuilt-modules/26.2/CoreData.swiftmodule/arm64-apple-ios-simulator.swiftmodule' (in target 'InkOS' from project 'InkOS')
note: A dependency of Swift module 'SwiftUI': '/Applications/Xcode.app/Contents/Developer/Toolchains/XcodeDefault.xctoolchain/usr/lib/swift/iphonesimulator/prebuilt-modules/26.2/SwiftUI.swiftmodule/arm64-apple-ios-simulator.swiftmodule' (in target 'InkOS' from project 'InkOS')
note: A dependency of main module 'InkOS' (in target 'InkOS' from project 'InkOS')
note: A dependency of Swift module 'os': '/Applications/Xcode.app/Contents/Developer/Toolchains/XcodeDefault.xctoolchain/usr/lib/swift/iphonesimulator/prebuilt-modules/26.2/os.swiftmodule/arm64-apple-ios-simulator.swiftmodule' (in target 'InkOS' from project 'InkOS')
note: A dependency of Swift module 'CoreData': '/Applications/Xcode.app/Contents/Developer/Toolchains/XcodeDefault.xctoolchain/usr/lib/swift/iphonesimulator/prebuilt-modules/26.2/CoreData.swiftmodule/arm64-apple-ios-simulator.swiftmodule' (in target 'InkOS' from project 'InkOS')
note: A dependency of Swift module 'SwiftUI': '/Applications/Xcode.app/Contents/Developer/Toolchains/XcodeDefault.xctoolchain/usr/lib/swift/iphonesimulator/prebuilt-modules/26.2/SwiftUI.swiftmodule/arm64-apple-ios-simulator.swiftmodule' (in target 'InkOS' from project 'InkOS')
note: A dependency of main module 'InkOS' (in target 'InkOS' from project 'InkOS')
error: Unable to find module dependency: 'os' (in target 'InkOS' from project 'InkOS')
note: A dependency of Swift module 'os': '/Applications/Xcode.app/Contents/Developer/Toolchains/XcodeDefault.xctoolchain/usr/lib/swift/iphonesimulator/prebuilt-modules/26.2/os.swiftmodule/arm64-apple-ios-simulator.swiftmodule' (in target 'InkOS' from project 'InkOS')
note: A dependency of Swift module 'os': '/Applications/Xcode.app/Contents/Developer/Toolchains/XcodeDefault.xctoolchain/usr/lib/swift/iphonesimulator/prebuilt-modules/26.2/os.swiftmodule/arm64-apple-ios-simulator.swiftmodule' (in target 'InkOS' from project 'InkOS')
note: A dependency of Swift module 'os': '/Applications/Xcode.app/Contents/Developer/Toolchains/XcodeDefault.xctoolchain/usr/lib/swift/iphonesimulator/prebuilt-modules/26.2/os.swiftmodule/arm64-apple-ios-simulator.swiftmodule' (in target 'InkOS' from project 'InkOS')
note: A dependency of Swift module 'SwiftUICore': '/Applications/Xcode.app/Contents/Developer/Toolchains/XcodeDefault.xctoolchain/usr/lib/swift/iphonesimulator/prebuilt-modules/26.2/SwiftUICore.swiftmodule/arm64-apple-ios-simulator.swiftmodule' (in target 'InkOS' from project 'InkOS')
note: A dependency of Swift module 'os': '/Applications/Xcode.app/Contents/Developer/Toolchains/XcodeDefault.xctoolchain/usr/lib/swift/iphonesimulator/prebuilt-modules/26.2/os.swiftmodule/arm64-apple-ios-simulator.swiftmodule' (in target 'InkOS' from project 'InkOS')
note: A dependency of Swift module 'CoreTransferable': '/Applications/Xcode.app/Contents/Developer/Toolchains/XcodeDefault.xctoolchain/usr/lib/swift/iphonesimulator/prebuilt-modules/26.2/CoreTransferable.swiftmodule/arm64-apple-ios-simulator.swiftmodule' (in target 'InkOS' from project 'InkOS')
note: A dependency of Swift module 'os': '/Applications/Xcode.app/Contents/Developer/Toolchains/XcodeDefault.xctoolchain/usr/lib/swift/iphonesimulator/prebuilt-modules/26.2/os.swiftmodule/arm64-apple-ios-simulator.swiftmodule' (in target 'InkOS' from project 'InkOS')
note: A dependency of Swift module 'CoreData': '/Applications/Xcode.app/Contents/Developer/Toolchains/XcodeDefault.xctoolchain/usr/lib/swift/iphonesimulator/prebuilt-modules/26.2/CoreData.swiftmodule/arm64-apple-ios-simulator.swiftmodule' (in target 'InkOS' from project 'InkOS')
note: A dependency of Swift module 'SwiftUI': '/Applications/Xcode.app/Contents/Developer/Toolchains/XcodeDefault.xctoolchain/usr/lib/swift/iphonesimulator/prebuilt-modules/26.2/SwiftUI.swiftmodule/arm64-apple-ios-simulator.swiftmodule' (in target 'InkOS' from project 'InkOS')
note: A dependency of main module 'InkOS' (in target 'InkOS' from project 'InkOS')
note: A dependency of Swift module 'os': '/Applications/Xcode.app/Contents/Developer/Toolchains/XcodeDefault.xctoolchain/usr/lib/swift/iphonesimulator/prebuilt-modules/26.2/os.swiftmodule/arm64-apple-ios-simulator.swiftmodule' (in target 'InkOS' from project 'InkOS')
note: A dependency of Swift module 'os': '/Applications/Xcode.app/Contents/Developer/Toolchains/XcodeDefault.xctoolchain/usr/lib/swift/iphonesimulator/prebuilt-modules/26.2/os.swiftmodule/arm64-apple-ios-simulator.swiftmodule' (in target 'InkOS' from project 'InkOS')
note: A dependency of Swift module 'SwiftUICore': '/Applications/Xcode.app/Contents/Developer/Toolchains/XcodeDefault.xctoolchain/usr/lib/swift/iphonesimulator/prebuilt-modules/26.2/SwiftUICore.swiftmodule/arm64-apple-ios-simulator.swiftmodule' (in target 'InkOS' from project 'InkOS')
note: A dependency of Swift module 'os': '/Applications/Xcode.app/Contents/Developer/Toolchains/XcodeDefault.xctoolchain/usr/lib/swift/iphonesimulator/prebuilt-modules/26.2/os.swiftmodule/arm64-apple-ios-simulator.swiftmodule' (in target 'InkOS' from project 'InkOS')
note: A dependency of Swift module 'CoreTransferable': '/Applications/Xcode.app/Contents/Developer/Toolchains/XcodeDefault.xctoolchain/usr/lib/swift/iphonesimulator/prebuilt-modules/26.2/CoreTransferable.swiftmodule/arm64-apple-ios-simulator.swiftmodule' (in target 'InkOS' from project 'InkOS')
note: A dependency of Swift module 'os': '/Applications/Xcode.app/Contents/Developer/Toolchains/XcodeDefault.xctoolchain/usr/lib/swift/iphonesimulator/prebuilt-modules/26.2/os.swiftmodule/arm64-apple-ios-simulator.swiftmodule' (in target 'InkOS' from project 'InkOS')
note: A dependency of Swift module 'CoreData': '/Applications/Xcode.app/Contents/Developer/Toolchains/XcodeDefault.xctoolchain/usr/lib/swift/iphonesimulator/prebuilt-modules/26.2/CoreData.swiftmodule/arm64-apple-ios-simulator.swiftmodule' (in target 'InkOS' from project 'InkOS')
note: A dependency of Swift module 'SwiftUI': '/Applications/Xcode.app/Contents/Developer/Toolchains/XcodeDefault.xctoolchain/usr/lib/swift/iphonesimulator/prebuilt-modules/26.2/SwiftUI.swiftmodule/arm64-apple-ios-simulator.swiftmodule' (in target 'InkOS' from project 'InkOS')
note: A dependency of main module 'InkOS' (in target 'InkOS' from project 'InkOS')
note: A dependency of Swift module 'os': '/Applications/Xcode.app/Contents/Developer/Toolchains/XcodeDefault.xctoolchain/usr/lib/swift/iphonesimulator/prebuilt-modules/26.2/os.swiftmodule/arm64-apple-ios-simulator.swiftmodule' (in target 'InkOS' from project 'InkOS')
note: A dependency of Swift module 'os': '/Applications/Xcode.app/Contents/Developer/Toolchains/XcodeDefault.xctoolchain/usr/lib/swift/iphonesimulator/prebuilt-modules/26.2/os.swiftmodule/arm64-apple-ios-simulator.swiftmodule' (in target 'InkOS' from project 'InkOS')
note: A dependency of Swift module 'SwiftUICore': '/Applications/Xcode.app/Contents/Developer/Toolchains/XcodeDefault.xctoolchain/usr/lib/swift/iphonesimulator/prebuilt-modules/26.2/SwiftUICore.swiftmodule/arm64-apple-ios-simulator.swiftmodule' (in target 'InkOS' from project 'InkOS')
note: A dependency of Swift module 'os': '/Applications/Xcode.app/Contents/Developer/Toolchains/XcodeDefault.xctoolchain/usr/lib/swift/iphonesimulator/prebuilt-modules/26.2/os.swiftmodule/arm64-apple-ios-simulator.swiftmodule' (in target 'InkOS' from project 'InkOS')
note: A dependency of Swift module 'CoreTransferable': '/Applications/Xcode.app/Contents/Developer/Toolchains/XcodeDefault.xctoolchain/usr/lib/swift/iphonesimulator/prebuilt-modules/26.2/CoreTransferable.swiftmodule/arm64-apple-ios-simulator.swiftmodule' (in target 'InkOS' from project 'InkOS')
note: A dependency of Swift module 'os': '/Applications/Xcode.app/Contents/Developer/Toolchains/XcodeDefault.xctoolchain/usr/lib/swift/iphonesimulator/prebuilt-modules/26.2/os.swiftmodule/arm64-apple-ios-simulator.swiftmodule' (in target 'InkOS' from project 'InkOS')
note: A dependency of Swift module 'CoreData': '/Applications/Xcode.app/Contents/Developer/Toolchains/XcodeDefault.xctoolchain/usr/lib/swift/iphonesimulator/prebuilt-modules/26.2/CoreData.swiftmodule/arm64-apple-ios-simulator.swiftmodule' (in target 'InkOS' from project 'InkOS')
note: A dependency of Swift module 'SwiftUI': '/Applications/Xcode.app/Contents/Developer/Toolchains/XcodeDefault.xctoolchain/usr/lib/swift/iphonesimulator/prebuilt-modules/26.2/SwiftUI.swiftmodule/arm64-apple-ios-simulator.swiftmodule' (in target 'InkOS' from project 'InkOS')
note: A dependency of main module 'InkOS' (in target 'InkOS' from project 'InkOS')
note: A dependency of Swift module 'os': '/Applications/Xcode.app/Contents/Developer/Toolchains/XcodeDefault.xctoolchain/usr/lib/swift/iphonesimulator/prebuilt-modules/26.2/os.swiftmodule/arm64-apple-ios-simulator.swiftmodule' (in target 'InkOS' from project 'InkOS')
note: A dependency of Swift module 'SwiftUICore': '/Applications/Xcode.app/Contents/Developer/Toolchains/XcodeDefault.xctoolchain/usr/lib/swift/iphonesimulator/prebuilt-modules/26.2/SwiftUICore.swiftmodule/arm64-apple-ios-simulator.swiftmodule' (in target 'InkOS' from project 'InkOS')
note: A dependency of Swift module 'os': '/Applications/Xcode.app/Contents/Developer/Toolchains/XcodeDefault.xctoolchain/usr/lib/swift/iphonesimulator/prebuilt-modules/26.2/os.swiftmodule/arm64-apple-ios-simulator.swiftmodule' (in target 'InkOS' from project 'InkOS')
note: A dependency of Swift module 'CoreTransferable': '/Applications/Xcode.app/Contents/Developer/Toolchains/XcodeDefault.xctoolchain/usr/lib/swift/iphonesimulator/prebuilt-modules/26.2/CoreTransferable.swiftmodule/arm64-apple-ios-simulator.swiftmodule' (in target 'InkOS' from project 'InkOS')
note: A dependency of Swift module 'os': '/Applications/Xcode.app/Contents/Developer/Toolchains/XcodeDefault.xctoolchain/usr/lib/swift/iphonesimulator/prebuilt-modules/26.2/os.swiftmodule/arm64-apple-ios-simulator.swiftmodule' (in target 'InkOS' from project 'InkOS')
note: A dependency of Swift module 'CoreData': '/Applications/Xcode.app/Contents/Developer/Toolchains/XcodeDefault.xctoolchain/usr/lib/swift/iphonesimulator/prebuilt-modules/26.2/CoreData.swiftmodule/arm64-apple-ios-simulator.swiftmodule' (in target 'InkOS' from project 'InkOS')
note: A dependency of Swift module 'SwiftUI': '/Applications/Xcode.app/Contents/Developer/Toolchains/XcodeDefault.xctoolchain/usr/lib/swift/iphonesimulator/prebuilt-modules/26.2/SwiftUI.swiftmodule/arm64-apple-ios-simulator.swiftmodule' (in target 'InkOS' from project 'InkOS')
note: A dependency of main module 'InkOS' (in target 'InkOS' from project 'InkOS')
note: A dependency of Swift module 'os': '/Applications/Xcode.app/Contents/Developer/Toolchains/XcodeDefault.xctoolchain/usr/lib/swift/iphonesimulator/prebuilt-modules/26.2/os.swiftmodule/arm64-apple-ios-simulator.swiftmodule' (in target 'InkOS' from project 'InkOS')
note: A dependency of Swift module 'os': '/Applications/Xcode.app/Contents/Developer/Toolchains/XcodeDefault.xctoolchain/usr/lib/swift/iphonesimulator/prebuilt-modules/26.2/os.swiftmodule/arm64-apple-ios-simulator.swiftmodule' (in target 'InkOS' from project 'InkOS')
note: A dependency of Swift module 'CoreTransferable': '/Applications/Xcode.app/Contents/Developer/Toolchains/XcodeDefault.xctoolchain/usr/lib/swift/iphonesimulator/prebuilt-modules/26.2/CoreTransferable.swiftmodule/arm64-apple-ios-simulator.swiftmodule' (in target 'InkOS' from project 'InkOS')
note: A dependency of Swift module 'os': '/Applications/Xcode.app/Contents/Developer/Toolchains/XcodeDefault.xctoolchain/usr/lib/swift/iphonesimulator/prebuilt-modules/26.2/os.swiftmodule/arm64-apple-ios-simulator.swiftmodule' (in target 'InkOS' from project 'InkOS')
note: A dependency of Swift module 'CoreData': '/Applications/Xcode.app/Contents/Developer/Toolchains/XcodeDefault.xctoolchain/usr/lib/swift/iphonesimulator/prebuilt-modules/26.2/CoreData.swiftmodule/arm64-apple-ios-simulator.swiftmodule' (in target 'InkOS' from project 'InkOS')
note: A dependency of Swift module 'SwiftUI': '/Applications/Xcode.app/Contents/Developer/Toolchains/XcodeDefault.xctoolchain/usr/lib/swift/iphonesimulator/prebuilt-modules/26.2/SwiftUI.swiftmodule/arm64-apple-ios-simulator.swiftmodule' (in target 'InkOS' from project 'InkOS')
note: A dependency of main module 'InkOS' (in target 'InkOS' from project 'InkOS')
note: A dependency of Swift module 'os': '/Applications/Xcode.app/Contents/Developer/Toolchains/XcodeDefault.xctoolchain/usr/lib/swift/iphonesimulator/prebuilt-modules/26.2/os.swiftmodule/arm64-apple-ios-simulator.swiftmodule' (in target 'InkOS' from project 'InkOS')
note: A dependency of Swift module 'CoreTransferable': '/Applications/Xcode.app/Contents/Developer/Toolchains/XcodeDefault.xctoolchain/usr/lib/swift/iphonesimulator/prebuilt-modules/26.2/CoreTransferable.swiftmodule/arm64-apple-ios-simulator.swiftmodule' (in target 'InkOS' from project 'InkOS')
note: A dependency of Swift module 'os': '/Applications/Xcode.app/Contents/Developer/Toolchains/XcodeDefault.xctoolchain/usr/lib/swift/iphonesimulator/prebuilt-modules/26.2/os.swiftmodule/arm64-apple-ios-simulator.swiftmodule' (in target 'InkOS' from project 'InkOS')
note: A dependency of Swift module 'CoreData': '/Applications/Xcode.app/Contents/Developer/Toolchains/XcodeDefault.xctoolchain/usr/lib/swift/iphonesimulator/prebuilt-modules/26.2/CoreData.swiftmodule/arm64-apple-ios-simulator.swiftmodule' (in target 'InkOS' from project 'InkOS')
note: A dependency of Swift module 'SwiftUI': '/Applications/Xcode.app/Contents/Developer/Toolchains/XcodeDefault.xctoolchain/usr/lib/swift/iphonesimulator/prebuilt-modules/26.2/SwiftUI.swiftmodule/arm64-apple-ios-simulator.swiftmodule' (in target 'InkOS' from project 'InkOS')
note: A dependency of main module 'InkOS' (in target 'InkOS' from project 'InkOS')
note: A dependency of Swift module 'os': '/Applications/Xcode.app/Contents/Developer/Toolchains/XcodeDefault.xctoolchain/usr/lib/swift/iphonesimulator/prebuilt-modules/26.2/os.swiftmodule/arm64-apple-ios-simulator.swiftmodule' (in target 'InkOS' from project 'InkOS')
note: A dependency of Swift module 'os': '/Applications/Xcode.app/Contents/Developer/Toolchains/XcodeDefault.xctoolchain/usr/lib/swift/iphonesimulator/prebuilt-modules/26.2/os.swiftmodule/arm64-apple-ios-simulator.swiftmodule' (in target 'InkOS' from project 'InkOS')
note: A dependency of Swift module 'CoreData': '/Applications/Xcode.app/Contents/Developer/Toolchains/XcodeDefault.xctoolchain/usr/lib/swift/iphonesimulator/prebuilt-modules/26.2/CoreData.swiftmodule/arm64-apple-ios-simulator.swiftmodule' (in target 'InkOS' from project 'InkOS')
note: A dependency of Swift module 'SwiftUI': '/Applications/Xcode.app/Contents/Developer/Toolchains/XcodeDefault.xctoolchain/usr/lib/swift/iphonesimulator/prebuilt-modules/26.2/SwiftUI.swiftmodule/arm64-apple-ios-simulator.swiftmodule' (in target 'InkOS' from project 'InkOS')
note: A dependency of main module 'InkOS' (in target 'InkOS' from project 'InkOS')
note: A dependency of Swift module 'os': '/Applications/Xcode.app/Contents/Developer/Toolchains/XcodeDefault.xctoolchain/usr/lib/swift/iphonesimulator/prebuilt-modules/26.2/os.swiftmodule/arm64-apple-ios-simulator.swiftmodule' (in target 'InkOS' from project 'InkOS')
note: A dependency of Swift module 'CoreData': '/Applications/Xcode.app/Contents/Developer/Toolchains/XcodeDefault.xctoolchain/usr/lib/swift/iphonesimulator/prebuilt-modules/26.2/CoreData.swiftmodule/arm64-apple-ios-simulator.swiftmodule' (in target 'InkOS' from project 'InkOS')
note: A dependency of Swift module 'SwiftUI': '/Applications/Xcode.app/Contents/Developer/Toolchains/XcodeDefault.xctoolchain/usr/lib/swift/iphonesimulator/prebuilt-modules/26.2/SwiftUI.swiftmodule/arm64-apple-ios-simulator.swiftmodule' (in target 'InkOS' from project 'InkOS')
note: A dependency of main module 'InkOS' (in target 'InkOS' from project 'InkOS')
error: Unable to find module dependency: 'os' (in target 'InkOS' from project 'InkOS')
note: A dependency of Swift module 'os': '/Applications/Xcode.app/Contents/Developer/Toolchains/XcodeDefault.xctoolchain/usr/lib/swift/iphonesimulator/prebuilt-modules/26.2/os.swiftmodule/arm64-apple-ios-simulator.swiftmodule' (in target 'InkOS' from project 'InkOS')
note: A dependency of Swift module 'os': '/Applications/Xcode.app/Contents/Developer/Toolchains/XcodeDefault.xctoolchain/usr/lib/swift/iphonesimulator/prebuilt-modules/26.2/os.swiftmodule/arm64-apple-ios-simulator.swiftmodule' (in target 'InkOS' from project 'InkOS')
note: A dependency of Swift module 'os': '/Applications/Xcode.app/Contents/Developer/Toolchains/XcodeDefault.xctoolchain/usr/lib/swift/iphonesimulator/prebuilt-modules/26.2/os.swiftmodule/arm64-apple-ios-simulator.swiftmodule' (in target 'InkOS' from project 'InkOS')
note: A dependency of Swift module 'SwiftUICore': '/Applications/Xcode.app/Contents/Developer/Toolchains/XcodeDefault.xctoolchain/usr/lib/swift/iphonesimulator/prebuilt-modules/26.2/SwiftUICore.swiftmodule/arm64-apple-ios-simulator.swiftmodule' (in target 'InkOS' from project 'InkOS')
note: A dependency of Swift module 'os': '/Applications/Xcode.app/Contents/Developer/Toolchains/XcodeDefault.xctoolchain/usr/lib/swift/iphonesimulator/prebuilt-modules/26.2/os.swiftmodule/arm64-apple-ios-simulator.swiftmodule' (in target 'InkOS' from project 'InkOS')
note: A dependency of Swift module 'CoreTransferable': '/Applications/Xcode.app/Contents/Developer/Toolchains/XcodeDefault.xctoolchain/usr/lib/swift/iphonesimulator/prebuilt-modules/26.2/CoreTransferable.swiftmodule/arm64-apple-ios-simulator.swiftmodule' (in target 'InkOS' from project 'InkOS')
note: A dependency of Swift module 'os': '/Applications/Xcode.app/Contents/Developer/Toolchains/XcodeDefault.xctoolchain/usr/lib/swift/iphonesimulator/prebuilt-modules/26.2/os.swiftmodule/arm64-apple-ios-simulator.swiftmodule' (in target 'InkOS' from project 'InkOS')
note: A dependency of Swift module 'CoreData': '/Applications/Xcode.app/Contents/Developer/Toolchains/XcodeDefault.xctoolchain/usr/lib/swift/iphonesimulator/prebuilt-modules/26.2/CoreData.swiftmodule/arm64-apple-ios-simulator.swiftmodule' (in target 'InkOS' from project 'InkOS')
note: A dependency of Swift module 'SwiftUI': '/Applications/Xcode.app/Contents/Developer/Toolchains/XcodeDefault.xctoolchain/usr/lib/swift/iphonesimulator/prebuilt-modules/26.2/SwiftUI.swiftmodule/arm64-apple-ios-simulator.swiftmodule' (in target 'InkOS' from project 'InkOS')
note: A dependency of main module 'InkOS' (in target 'InkOS' from project 'InkOS')
note: A dependency of Swift module 'os': '/Applications/Xcode.app/Contents/Developer/Toolchains/XcodeDefault.xctoolchain/usr/lib/swift/iphonesimulator/prebuilt-modules/26.2/os.swiftmodule/arm64-apple-ios-simulator.swiftmodule' (in target 'InkOS' from project 'InkOS')
note: A dependency of Swift module 'os': '/Applications/Xcode.app/Contents/Developer/Toolchains/XcodeDefault.xctoolchain/usr/lib/swift/iphonesimulator/prebuilt-modules/26.2/os.swiftmodule/arm64-apple-ios-simulator.swiftmodule' (in target 'InkOS' from project 'InkOS')
note: A dependency of Swift module 'SwiftUICore': '/Applications/Xcode.app/Contents/Developer/Toolchains/XcodeDefault.xctoolchain/usr/lib/swift/iphonesimulator/prebuilt-modules/26.2/SwiftUICore.swiftmodule/arm64-apple-ios-simulator.swiftmodule' (in target 'InkOS' from project 'InkOS')
note: A dependency of Swift module 'os': '/Applications/Xcode.app/Contents/Developer/Toolchains/XcodeDefault.xctoolchain/usr/lib/swift/iphonesimulator/prebuilt-modules/26.2/os.swiftmodule/arm64-apple-ios-simulator.swiftmodule' (in target 'InkOS' from project 'InkOS')
note: A dependency of Swift module 'CoreTransferable': '/Applications/Xcode.app/Contents/Developer/Toolchains/XcodeDefault.xctoolchain/usr/lib/swift/iphonesimulator/prebuilt-modules/26.2/CoreTransferable.swiftmodule/arm64-apple-ios-simulator.swiftmodule' (in target 'InkOS' from project 'InkOS')
note: A dependency of Swift module 'os': '/Applications/Xcode.app/Contents/Developer/Toolchains/XcodeDefault.xctoolchain/usr/lib/swift/iphonesimulator/prebuilt-modules/26.2/os.swiftmodule/arm64-apple-ios-simulator.swiftmodule' (in target 'InkOS' from project 'InkOS')
note: A dependency of Swift module 'CoreData': '/Applications/Xcode.app/Contents/Developer/Toolchains/XcodeDefault.xctoolchain/usr/lib/swift/iphonesimulator/prebuilt-modules/26.2/CoreData.swiftmodule/arm64-apple-ios-simulator.swiftmodule' (in target 'InkOS' from project 'InkOS')
note: A dependency of Swift module 'SwiftUI': '/Applications/Xcode.app/Contents/Developer/Toolchains/XcodeDefault.xctoolchain/usr/lib/swift/iphonesimulator/prebuilt-modules/26.2/SwiftUI.swiftmodule/arm64-apple-ios-simulator.swiftmodule' (in target 'InkOS' from project 'InkOS')
note: A dependency of main module 'InkOS' (in target 'InkOS' from project 'InkOS')
note: A dependency of Swift module 'os': '/Applications/Xcode.app/Contents/Developer/Toolchains/XcodeDefault.xctoolchain/usr/lib/swift/iphonesimulator/prebuilt-modules/26.2/os.swiftmodule/arm64-apple-ios-simulator.swiftmodule' (in target 'InkOS' from project 'InkOS')
note: A dependency of Swift module 'os': '/Applications/Xcode.app/Contents/Developer/Toolchains/XcodeDefault.xctoolchain/usr/lib/swift/iphonesimulator/prebuilt-modules/26.2/os.swiftmodule/arm64-apple-ios-simulator.swiftmodule' (in target 'InkOS' from project 'InkOS')
note: A dependency of Swift module 'SwiftUICore': '/Applications/Xcode.app/Contents/Developer/Toolchains/XcodeDefault.xctoolchain/usr/lib/swift/iphonesimulator/prebuilt-modules/26.2/SwiftUICore.swiftmodule/arm64-apple-ios-simulator.swiftmodule' (in target 'InkOS' from project 'InkOS')
note: A dependency of Swift module 'os': '/Applications/Xcode.app/Contents/Developer/Toolchains/XcodeDefault.xctoolchain/usr/lib/swift/iphonesimulator/prebuilt-modules/26.2/os.swiftmodule/arm64-apple-ios-simulator.swiftmodule' (in target 'InkOS' from project 'InkOS')
note: A dependency of Swift module 'CoreTransferable': '/Applications/Xcode.app/Contents/Developer/Toolchains/XcodeDefault.xctoolchain/usr/lib/swift/iphonesimulator/prebuilt-modules/26.2/CoreTransferable.swiftmodule/arm64-apple-ios-simulator.swiftmodule' (in target 'InkOS' from project 'InkOS')
note: A dependency of Swift module 'os': '/Applications/Xcode.app/Contents/Developer/Toolchains/XcodeDefault.xctoolchain/usr/lib/swift/iphonesimulator/prebuilt-modules/26.2/os.swiftmodule/arm64-apple-ios-simulator.swiftmodule' (in target 'InkOS' from project 'InkOS')
note: A dependency of Swift module 'CoreData': '/Applications/Xcode.app/Contents/Developer/Toolchains/XcodeDefault.xctoolchain/usr/lib/swift/iphonesimulator/prebuilt-modules/26.2/CoreData.swiftmodule/arm64-apple-ios-simulator.swiftmodule' (in target 'InkOS' from project 'InkOS')
note: A dependency of Swift module 'SwiftUI': '/Applications/Xcode.app/Contents/Developer/Toolchains/XcodeDefault.xctoolchain/usr/lib/swift/iphonesimulator/prebuilt-modules/26.2/SwiftUI.swiftmodule/arm64-apple-ios-simulator.swiftmodule' (in target 'InkOS' from project 'InkOS')
note: A dependency of main module 'InkOS' (in target 'InkOS' from project 'InkOS')
note: A dependency of Swift module 'os': '/Applications/Xcode.app/Contents/Developer/Toolchains/XcodeDefault.xctoolchain/usr/lib/swift/iphonesimulator/prebuilt-modules/26.2/os.swiftmodule/arm64-apple-ios-simulator.swiftmodule' (in target 'InkOS' from project 'InkOS')
note: A dependency of Swift module 'SwiftUICore': '/Applications/Xcode.app/Contents/Developer/Toolchains/XcodeDefault.xctoolchain/usr/lib/swift/iphonesimulator/prebuilt-modules/26.2/SwiftUICore.swiftmodule/arm64-apple-ios-simulator.swiftmodule' (in target 'InkOS' from project 'InkOS')
note: A dependency of Swift module 'os': '/Applications/Xcode.app/Contents/Developer/Toolchains/XcodeDefault.xctoolchain/usr/lib/swift/iphonesimulator/prebuilt-modules/26.2/os.swiftmodule/arm64-apple-ios-simulator.swiftmodule' (in target 'InkOS' from project 'InkOS')
note: A dependency of Swift module 'CoreTransferable': '/Applications/Xcode.app/Contents/Developer/Toolchains/XcodeDefault.xctoolchain/usr/lib/swift/iphonesimulator/prebuilt-modules/26.2/CoreTransferable.swiftmodule/arm64-apple-ios-simulator.swiftmodule' (in target 'InkOS' from project 'InkOS')
note: A dependency of Swift module 'os': '/Applications/Xcode.app/Contents/Developer/Toolchains/XcodeDefault.xctoolchain/usr/lib/swift/iphonesimulator/prebuilt-modules/26.2/os.swiftmodule/arm64-apple-ios-simulator.swiftmodule' (in target 'InkOS' from project 'InkOS')
note: A dependency of Swift module 'CoreData': '/Applications/Xcode.app/Contents/Developer/Toolchains/XcodeDefault.xctoolchain/usr/lib/swift/iphonesimulator/prebuilt-modules/26.2/CoreData.swiftmodule/arm64-apple-ios-simulator.swiftmodule' (in target 'InkOS' from project 'InkOS')
note: A dependency of Swift module 'SwiftUI': '/Applications/Xcode.app/Contents/Developer/Toolchains/XcodeDefault.xctoolchain/usr/lib/swift/iphonesimulator/prebuilt-modules/26.2/SwiftUI.swiftmodule/arm64-apple-ios-simulator.swiftmodule' (in target 'InkOS' from project 'InkOS')
note: A dependency of main module 'InkOS' (in target 'InkOS' from project 'InkOS')
note: A dependency of Swift module 'os': '/Applications/Xcode.app/Contents/Developer/Toolchains/XcodeDefault.xctoolchain/usr/lib/swift/iphonesimulator/prebuilt-modules/26.2/os.swiftmodule/arm64-apple-ios-simulator.swiftmodule' (in target 'InkOS' from project 'InkOS')
note: A dependency of Swift module 'os': '/Applications/Xcode.app/Contents/Developer/Toolchains/XcodeDefault.xctoolchain/usr/lib/swift/iphonesimulator/prebuilt-modules/26.2/os.swiftmodule/arm64-apple-ios-simulator.swiftmodule' (in target 'InkOS' from project 'InkOS')
note: A dependency of Swift module 'CoreTransferable': '/Applications/Xcode.app/Contents/Developer/Toolchains/XcodeDefault.xctoolchain/usr/lib/swift/iphonesimulator/prebuilt-modules/26.2/CoreTransferable.swiftmodule/arm64-apple-ios-simulator.swiftmodule' (in target 'InkOS' from project 'InkOS')
note: A dependency of Swift module 'os': '/Applications/Xcode.app/Contents/Developer/Toolchains/XcodeDefault.xctoolchain/usr/lib/swift/iphonesimulator/prebuilt-modules/26.2/os.swiftmodule/arm64-apple-ios-simulator.swiftmodule' (in target 'InkOS' from project 'InkOS')
note: A dependency of Swift module 'CoreData': '/Applications/Xcode.app/Contents/Developer/Toolchains/XcodeDefault.xctoolchain/usr/lib/swift/iphonesimulator/prebuilt-modules/26.2/CoreData.swiftmodule/arm64-apple-ios-simulator.swiftmodule' (in target 'InkOS' from project 'InkOS')
note: A dependency of Swift module 'SwiftUI': '/Applications/Xcode.app/Contents/Developer/Toolchains/XcodeDefault.xctoolchain/usr/lib/swift/iphonesimulator/prebuilt-modules/26.2/SwiftUI.swiftmodule/arm64-apple-ios-simulator.swiftmodule' (in target 'InkOS' from project 'InkOS')
note: A dependency of main module 'InkOS' (in target 'InkOS' from project 'InkOS')
note: A dependency of Swift module 'os': '/Applications/Xcode.app/Contents/Developer/Toolchains/XcodeDefault.xctoolchain/usr/lib/swift/iphonesimulator/prebuilt-modules/26.2/os.swiftmodule/arm64-apple-ios-simulator.swiftmodule' (in target 'InkOS' from project 'InkOS')
note: A dependency of Swift module 'CoreTransferable': '/Applications/Xcode.app/Contents/Developer/Toolchains/XcodeDefault.xctoolchain/usr/lib/swift/iphonesimulator/prebuilt-modules/26.2/CoreTransferable.swiftmodule/arm64-apple-ios-simulator.swiftmodule' (in target 'InkOS' from project 'InkOS')
note: A dependency of Swift module 'os': '/Applications/Xcode.app/Contents/Developer/Toolchains/XcodeDefault.xctoolchain/usr/lib/swift/iphonesimulator/prebuilt-modules/26.2/os.swiftmodule/arm64-apple-ios-simulator.swiftmodule' (in target 'InkOS' from project 'InkOS')
note: A dependency of Swift module 'CoreData': '/Applications/Xcode.app/Contents/Developer/Toolchains/XcodeDefault.xctoolchain/usr/lib/swift/iphonesimulator/prebuilt-modules/26.2/CoreData.swiftmodule/arm64-apple-ios-simulator.swiftmodule' (in target 'InkOS' from project 'InkOS')
note: A dependency of Swift module 'SwiftUI': '/Applications/Xcode.app/Contents/Developer/Toolchains/XcodeDefault.xctoolchain/usr/lib/swift/iphonesimulator/prebuilt-modules/26.2/SwiftUI.swiftmodule/arm64-apple-ios-simulator.swiftmodule' (in target 'InkOS' from project 'InkOS')
note: A dependency of main module 'InkOS' (in target 'InkOS' from project 'InkOS')
note: A dependency of Swift module 'os': '/Applications/Xcode.app/Contents/Developer/Toolchains/XcodeDefault.xctoolchain/usr/lib/swift/iphonesimulator/prebuilt-modules/26.2/os.swiftmodule/arm64-apple-ios-simulator.swiftmodule' (in target 'InkOS' from project 'InkOS')
note: A dependency of Swift module 'os': '/Applications/Xcode.app/Contents/Developer/Toolchains/XcodeDefault.xctoolchain/usr/lib/swift/iphonesimulator/prebuilt-modules/26.2/os.swiftmodule/arm64-apple-ios-simulator.swiftmodule' (in target 'InkOS' from project 'InkOS')
note: A dependency of Swift module 'CoreData': '/Applications/Xcode.app/Contents/Developer/Toolchains/XcodeDefault.xctoolchain/usr/lib/swift/iphonesimulator/prebuilt-modules/26.2/CoreData.swiftmodule/arm64-apple-ios-simulator.swiftmodule' (in target 'InkOS' from project 'InkOS')
note: A dependency of Swift module 'SwiftUI': '/Applications/Xcode.app/Contents/Developer/Toolchains/XcodeDefault.xctoolchain/usr/lib/swift/iphonesimulator/prebuilt-modules/26.2/SwiftUI.swiftmodule/arm64-apple-ios-simulator.swiftmodule' (in target 'InkOS' from project 'InkOS')
note: A dependency of main module 'InkOS' (in target 'InkOS' from project 'InkOS')
note: A dependency of Swift module 'os': '/Applications/Xcode.app/Contents/Developer/Toolchains/XcodeDefault.xctoolchain/usr/lib/swift/iphonesimulator/prebuilt-modules/26.2/os.swiftmodule/arm64-apple-ios-simulator.swiftmodule' (in target 'InkOS' from project 'InkOS')
note: A dependency of Swift module 'CoreData': '/Applications/Xcode.app/Contents/Developer/Toolchains/XcodeDefault.xctoolchain/usr/lib/swift/iphonesimulator/prebuilt-modules/26.2/CoreData.swiftmodule/arm64-apple-ios-simulator.swiftmodule' (in target 'InkOS' from project 'InkOS')
note: A dependency of Swift module 'SwiftUI': '/Applications/Xcode.app/Contents/Developer/Toolchains/XcodeDefault.xctoolchain/usr/lib/swift/iphonesimulator/prebuilt-modules/26.2/SwiftUI.swiftmodule/arm64-apple-ios-simulator.swiftmodule' (in target 'InkOS' from project 'InkOS')
note: A dependency of main module 'InkOS' (in target 'InkOS' from project 'InkOS')
error: Unable to find module dependency: 'os' (in target 'InkOS' from project 'InkOS')
note: A dependency of Swift module 'os': '/Applications/Xcode.app/Contents/Developer/Toolchains/XcodeDefault.xctoolchain/usr/lib/swift/iphonesimulator/prebuilt-modules/26.2/os.swiftmodule/arm64-apple-ios-simulator.swiftmodule' (in target 'InkOS' from project 'InkOS')
note: A dependency of Swift module 'os': '/Applications/Xcode.app/Contents/Developer/Toolchains/XcodeDefault.xctoolchain/usr/lib/swift/iphonesimulator/prebuilt-modules/26.2/os.swiftmodule/arm64-apple-ios-simulator.swiftmodule' (in target 'InkOS' from project 'InkOS')
note: A dependency of Swift module 'os': '/Applications/Xcode.app/Contents/Developer/Toolchains/XcodeDefault.xctoolchain/usr/lib/swift/iphonesimulator/prebuilt-modules/26.2/os.swiftmodule/arm64-apple-ios-simulator.swiftmodule' (in target 'InkOS' from project 'InkOS')
note: A dependency of Swift module 'SwiftUICore': '/Applications/Xcode.app/Contents/Developer/Toolchains/XcodeDefault.xctoolchain/usr/lib/swift/iphonesimulator/prebuilt-modules/26.2/SwiftUICore.swiftmodule/arm64-apple-ios-simulator.swiftmodule' (in target 'InkOS' from project 'InkOS')
note: A dependency of Swift module 'os': '/Applications/Xcode.app/Contents/Developer/Toolchains/XcodeDefault.xctoolchain/usr/lib/swift/iphonesimulator/prebuilt-modules/26.2/os.swiftmodule/arm64-apple-ios-simulator.swiftmodule' (in target 'InkOS' from project 'InkOS')
note: A dependency of Swift module 'CoreTransferable': '/Applications/Xcode.app/Contents/Developer/Toolchains/XcodeDefault.xctoolchain/usr/lib/swift/iphonesimulator/prebuilt-modules/26.2/CoreTransferable.swiftmodule/arm64-apple-ios-simulator.swiftmodule' (in target 'InkOS' from project 'InkOS')
note: A dependency of Swift module 'os': '/Applications/Xcode.app/Contents/Developer/Toolchains/XcodeDefault.xctoolchain/usr/lib/swift/iphonesimulator/prebuilt-modules/26.2/os.swiftmodule/arm64-apple-ios-simulator.swiftmodule' (in target 'InkOS' from project 'InkOS')
note: A dependency of Swift module 'CoreData': '/Applications/Xcode.app/Contents/Developer/Toolchains/XcodeDefault.xctoolchain/usr/lib/swift/iphonesimulator/prebuilt-modules/26.2/CoreData.swiftmodule/arm64-apple-ios-simulator.swiftmodule' (in target 'InkOS' from project 'InkOS')
note: A dependency of Swift module 'SwiftUI': '/Applications/Xcode.app/Contents/Developer/Toolchains/XcodeDefault.xctoolchain/usr/lib/swift/iphonesimulator/prebuilt-modules/26.2/SwiftUI.swiftmodule/arm64-apple-ios-simulator.swiftmodule' (in target 'InkOS' from project 'InkOS')
note: A dependency of main module 'InkOS' (in target 'InkOS' from project 'InkOS')
note: A dependency of Swift module 'os': '/Applications/Xcode.app/Contents/Developer/Toolchains/XcodeDefault.xctoolchain/usr/lib/swift/iphonesimulator/prebuilt-modules/26.2/os.swiftmodule/arm64-apple-ios-simulator.swiftmodule' (in target 'InkOS' from project 'InkOS')
note: A dependency of Swift module 'os': '/Applications/Xcode.app/Contents/Developer/Toolchains/XcodeDefault.xctoolchain/usr/lib/swift/iphonesimulator/prebuilt-modules/26.2/os.swiftmodule/arm64-apple-ios-simulator.swiftmodule' (in target 'InkOS' from project 'InkOS')
note: A dependency of Swift module 'SwiftUICore': '/Applications/Xcode.app/Contents/Developer/Toolchains/XcodeDefault.xctoolchain/usr/lib/swift/iphonesimulator/prebuilt-modules/26.2/SwiftUICore.swiftmodule/arm64-apple-ios-simulator.swiftmodule' (in target 'InkOS' from project 'InkOS')
note: A dependency of Swift module 'os': '/Applications/Xcode.app/Contents/Developer/Toolchains/XcodeDefault.xctoolchain/usr/lib/swift/iphonesimulator/prebuilt-modules/26.2/os.swiftmodule/arm64-apple-ios-simulator.swiftmodule' (in target 'InkOS' from project 'InkOS')
note: A dependency of Swift module 'CoreTransferable': '/Applications/Xcode.app/Contents/Developer/Toolchains/XcodeDefault.xctoolchain/usr/lib/swift/iphonesimulator/prebuilt-modules/26.2/CoreTransferable.swiftmodule/arm64-apple-ios-simulator.swiftmodule' (in target 'InkOS' from project 'InkOS')
note: A dependency of Swift module 'os': '/Applications/Xcode.app/Contents/Developer/Toolchains/XcodeDefault.xctoolchain/usr/lib/swift/iphonesimulator/prebuilt-modules/26.2/os.swiftmodule/arm64-apple-ios-simulator.swiftmodule' (in target 'InkOS' from project 'InkOS')
note: A dependency of Swift module 'CoreData': '/Applications/Xcode.app/Contents/Developer/Toolchains/XcodeDefault.xctoolchain/usr/lib/swift/iphonesimulator/prebuilt-modules/26.2/CoreData.swiftmodule/arm64-apple-ios-simulator.swiftmodule' (in target 'InkOS' from project 'InkOS')
note: A dependency of Swift module 'SwiftUI': '/Applications/Xcode.app/Contents/Developer/Toolchains/XcodeDefault.xctoolchain/usr/lib/swift/iphonesimulator/prebuilt-modules/26.2/SwiftUI.swiftmodule/arm64-apple-ios-simulator.swiftmodule' (in target 'InkOS' from project 'InkOS')
note: A dependency of main module 'InkOS' (in target 'InkOS' from project 'InkOS')
note: A dependency of Swift module 'os': '/Applications/Xcode.app/Contents/Developer/Toolchains/XcodeDefault.xctoolchain/usr/lib/swift/iphonesimulator/prebuilt-modules/26.2/os.swiftmodule/arm64-apple-ios-simulator.swiftmodule' (in target 'InkOS' from project 'InkOS')
note: A dependency of Swift module 'os': '/Applications/Xcode.app/Contents/Developer/Toolchains/XcodeDefault.xctoolchain/usr/lib/swift/iphonesimulator/prebuilt-modules/26.2/os.swiftmodule/arm64-apple-ios-simulator.swiftmodule' (in target 'InkOS' from project 'InkOS')
note: A dependency of Swift module 'SwiftUICore': '/Applications/Xcode.app/Contents/Developer/Toolchains/XcodeDefault.xctoolchain/usr/lib/swift/iphonesimulator/prebuilt-modules/26.2/SwiftUICore.swiftmodule/arm64-apple-ios-simulator.swiftmodule' (in target 'InkOS' from project 'InkOS')
note: A dependency of Swift module 'os': '/Applications/Xcode.app/Contents/Developer/Toolchains/XcodeDefault.xctoolchain/usr/lib/swift/iphonesimulator/prebuilt-modules/26.2/os.swiftmodule/arm64-apple-ios-simulator.swiftmodule' (in target 'InkOS' from project 'InkOS')
note: A dependency of Swift module 'CoreTransferable': '/Applications/Xcode.app/Contents/Developer/Toolchains/XcodeDefault.xctoolchain/usr/lib/swift/iphonesimulator/prebuilt-modules/26.2/CoreTransferable.swiftmodule/arm64-apple-ios-simulator.swiftmodule' (in target 'InkOS' from project 'InkOS')
note: A dependency of Swift module 'os': '/Applications/Xcode.app/Contents/Developer/Toolchains/XcodeDefault.xctoolchain/usr/lib/swift/iphonesimulator/prebuilt-modules/26.2/os.swiftmodule/arm64-apple-ios-simulator.swiftmodule' (in target 'InkOS' from project 'InkOS')
note: A dependency of Swift module 'CoreData': '/Applications/Xcode.app/Contents/Developer/Toolchains/XcodeDefault.xctoolchain/usr/lib/swift/iphonesimulator/prebuilt-modules/26.2/CoreData.swiftmodule/arm64-apple-ios-simulator.swiftmodule' (in target 'InkOS' from project 'InkOS')
note: A dependency of Swift module 'SwiftUI': '/Applications/Xcode.app/Contents/Developer/Toolchains/XcodeDefault.xctoolchain/usr/lib/swift/iphonesimulator/prebuilt-modules/26.2/SwiftUI.swiftmodule/arm64-apple-ios-simulator.swiftmodule' (in target 'InkOS' from project 'InkOS')
note: A dependency of main module 'InkOS' (in target 'InkOS' from project 'InkOS')
note: A dependency of Swift module 'os': '/Applications/Xcode.app/Contents/Developer/Toolchains/XcodeDefault.xctoolchain/usr/lib/swift/iphonesimulator/prebuilt-modules/26.2/os.swiftmodule/arm64-apple-ios-simulator.swiftmodule' (in target 'InkOS' from project 'InkOS')
note: A dependency of Swift module 'SwiftUICore': '/Applications/Xcode.app/Contents/Developer/Toolchains/XcodeDefault.xctoolchain/usr/lib/swift/iphonesimulator/prebuilt-modules/26.2/SwiftUICore.swiftmodule/arm64-apple-ios-simulator.swiftmodule' (in target 'InkOS' from project 'InkOS')
note: A dependency of Swift module 'os': '/Applications/Xcode.app/Contents/Developer/Toolchains/XcodeDefault.xctoolchain/usr/lib/swift/iphonesimulator/prebuilt-modules/26.2/os.swiftmodule/arm64-apple-ios-simulator.swiftmodule' (in target 'InkOS' from project 'InkOS')
note: A dependency of Swift module 'CoreTransferable': '/Applications/Xcode.app/Contents/Developer/Toolchains/XcodeDefault.xctoolchain/usr/lib/swift/iphonesimulator/prebuilt-modules/26.2/CoreTransferable.swiftmodule/arm64-apple-ios-simulator.swiftmodule' (in target 'InkOS' from project 'InkOS')
note: A dependency of Swift module 'os': '/Applications/Xcode.app/Contents/Developer/Toolchains/XcodeDefault.xctoolchain/usr/lib/swift/iphonesimulator/prebuilt-modules/26.2/os.swiftmodule/arm64-apple-ios-simulator.swiftmodule' (in target 'InkOS' from project 'InkOS')
note: A dependency of Swift module 'CoreData': '/Applications/Xcode.app/Contents/Developer/Toolchains/XcodeDefault.xctoolchain/usr/lib/swift/iphonesimulator/prebuilt-modules/26.2/CoreData.swiftmodule/arm64-apple-ios-simulator.swiftmodule' (in target 'InkOS' from project 'InkOS')
note: A dependency of Swift module 'SwiftUI': '/Applications/Xcode.app/Contents/Developer/Toolchains/XcodeDefault.xctoolchain/usr/lib/swift/iphonesimulator/prebuilt-modules/26.2/SwiftUI.swiftmodule/arm64-apple-ios-simulator.swiftmodule' (in target 'InkOS' from project 'InkOS')
note: A dependency of main module 'InkOS' (in target 'InkOS' from project 'InkOS')
note: A dependency of Swift module 'os': '/Applications/Xcode.app/Contents/Developer/Toolchains/XcodeDefault.xctoolchain/usr/lib/swift/iphonesimulator/prebuilt-modules/26.2/os.swiftmodule/arm64-apple-ios-simulator.swiftmodule' (in target 'InkOS' from project 'InkOS')
note: A dependency of Swift module 'os': '/Applications/Xcode.app/Contents/Developer/Toolchains/XcodeDefault.xctoolchain/usr/lib/swift/iphonesimulator/prebuilt-modules/26.2/os.swiftmodule/arm64-apple-ios-simulator.swiftmodule' (in target 'InkOS' from project 'InkOS')
note: A dependency of Swift module 'CoreTransferable': '/Applications/Xcode.app/Contents/Developer/Toolchains/XcodeDefault.xctoolchain/usr/lib/swift/iphonesimulator/prebuilt-modules/26.2/CoreTransferable.swiftmodule/arm64-apple-ios-simulator.swiftmodule' (in target 'InkOS' from project 'InkOS')
note: A dependency of Swift module 'os': '/Applications/Xcode.app/Contents/Developer/Toolchains/XcodeDefault.xctoolchain/usr/lib/swift/iphonesimulator/prebuilt-modules/26.2/os.swiftmodule/arm64-apple-ios-simulator.swiftmodule' (in target 'InkOS' from project 'InkOS')
note: A dependency of Swift module 'CoreData': '/Applications/Xcode.app/Contents/Developer/Toolchains/XcodeDefault.xctoolchain/usr/lib/swift/iphonesimulator/prebuilt-modules/26.2/CoreData.swiftmodule/arm64-apple-ios-simulator.swiftmodule' (in target 'InkOS' from project 'InkOS')
note: A dependency of Swift module 'SwiftUI': '/Applications/Xcode.app/Contents/Developer/Toolchains/XcodeDefault.xctoolchain/usr/lib/swift/iphonesimulator/prebuilt-modules/26.2/SwiftUI.swiftmodule/arm64-apple-ios-simulator.swiftmodule' (in target 'InkOS' from project 'InkOS')
note: A dependency of main module 'InkOS' (in target 'InkOS' from project 'InkOS')
note: A dependency of Swift module 'os': '/Applications/Xcode.app/Contents/Developer/Toolchains/XcodeDefault.xctoolchain/usr/lib/swift/iphonesimulator/prebuilt-modules/26.2/os.swiftmodule/arm64-apple-ios-simulator.swiftmodule' (in target 'InkOS' from project 'InkOS')
note: A dependency of Swift module 'CoreTransferable': '/Applications/Xcode.app/Contents/Developer/Toolchains/XcodeDefault.xctoolchain/usr/lib/swift/iphonesimulator/prebuilt-modules/26.2/CoreTransferable.swiftmodule/arm64-apple-ios-simulator.swiftmodule' (in target 'InkOS' from project 'InkOS')
note: A dependency of Swift module 'os': '/Applications/Xcode.app/Contents/Developer/Toolchains/XcodeDefault.xctoolchain/usr/lib/swift/iphonesimulator/prebuilt-modules/26.2/os.swiftmodule/arm64-apple-ios-simulator.swiftmodule' (in target 'InkOS' from project 'InkOS')
note: A dependency of Swift module 'CoreData': '/Applications/Xcode.app/Contents/Developer/Toolchains/XcodeDefault.xctoolchain/usr/lib/swift/iphonesimulator/prebuilt-modules/26.2/CoreData.swiftmodule/arm64-apple-ios-simulator.swiftmodule' (in target 'InkOS' from project 'InkOS')
note: A dependency of Swift module 'SwiftUI': '/Applications/Xcode.app/Contents/Developer/Toolchains/XcodeDefault.xctoolchain/usr/lib/swift/iphonesimulator/prebuilt-modules/26.2/SwiftUI.swiftmodule/arm64-apple-ios-simulator.swiftmodule' (in target 'InkOS' from project 'InkOS')
note: A dependency of main module 'InkOS' (in target 'InkOS' from project 'InkOS')
note: A dependency of Swift module 'os': '/Applications/Xcode.app/Contents/Developer/Toolchains/XcodeDefault.xctoolchain/usr/lib/swift/iphonesimulator/prebuilt-modules/26.2/os.swiftmodule/arm64-apple-ios-simulator.swiftmodule' (in target 'InkOS' from project 'InkOS')
note: A dependency of Swift module 'os': '/Applications/Xcode.app/Contents/Developer/Toolchains/XcodeDefault.xctoolchain/usr/lib/swift/iphonesimulator/prebuilt-modules/26.2/os.swiftmodule/arm64-apple-ios-simulator.swiftmodule' (in target 'InkOS' from project 'InkOS')
note: A dependency of Swift module 'CoreData': '/Applications/Xcode.app/Contents/Developer/Toolchains/XcodeDefault.xctoolchain/usr/lib/swift/iphonesimulator/prebuilt-modules/26.2/CoreData.swiftmodule/arm64-apple-ios-simulator.swiftmodule' (in target 'InkOS' from project 'InkOS')
note: A dependency of Swift module 'SwiftUI': '/Applications/Xcode.app/Contents/Developer/Toolchains/XcodeDefault.xctoolchain/usr/lib/swift/iphonesimulator/prebuilt-modules/26.2/SwiftUI.swiftmodule/arm64-apple-ios-simulator.swiftmodule' (in target 'InkOS' from project 'InkOS')
note: A dependency of main module 'InkOS' (in target 'InkOS' from project 'InkOS')
note: A dependency of Swift module 'os': '/Applications/Xcode.app/Contents/Developer/Toolchains/XcodeDefault.xctoolchain/usr/lib/swift/iphonesimulator/prebuilt-modules/26.2/os.swiftmodule/arm64-apple-ios-simulator.swiftmodule' (in target 'InkOS' from project 'InkOS')
note: A dependency of Swift module 'CoreData': '/Applications/Xcode.app/Contents/Developer/Toolchains/XcodeDefault.xctoolchain/usr/lib/swift/iphonesimulator/prebuilt-modules/26.2/CoreData.swiftmodule/arm64-apple-ios-simulator.swiftmodule' (in target 'InkOS' from project 'InkOS')
note: A dependency of Swift module 'SwiftUI': '/Applications/Xcode.app/Contents/Developer/Toolchains/XcodeDefault.xctoolchain/usr/lib/swift/iphonesimulator/prebuilt-modules/26.2/SwiftUI.swiftmodule/arm64-apple-ios-simulator.swiftmodule' (in target 'InkOS' from project 'InkOS')
note: A dependency of main module 'InkOS' (in target 'InkOS' from project 'InkOS')
error: Unable to find module dependency: 'os' (in target 'InkOS' from project 'InkOS')
note: A dependency of Swift module 'os': '/Applications/Xcode.app/Contents/Developer/Toolchains/XcodeDefault.xctoolchain/usr/lib/swift/iphonesimulator/prebuilt-modules/26.2/os.swiftmodule/arm64-apple-ios-simulator.swiftmodule' (in target 'InkOS' from project 'InkOS')
note: A dependency of Swift module 'os': '/Applications/Xcode.app/Contents/Developer/Toolchains/XcodeDefault.xctoolchain/usr/lib/swift/iphonesimulator/prebuilt-modules/26.2/os.swiftmodule/arm64-apple-ios-simulator.swiftmodule' (in target 'InkOS' from project 'InkOS')
note: A dependency of Swift module 'os': '/Applications/Xcode.app/Contents/Developer/Toolchains/XcodeDefault.xctoolchain/usr/lib/swift/iphonesimulator/prebuilt-modules/26.2/os.swiftmodule/arm64-apple-ios-simulator.swiftmodule' (in target 'InkOS' from project 'InkOS')
note: A dependency of Swift module 'SwiftUICore': '/Applications/Xcode.app/Contents/Developer/Toolchains/XcodeDefault.xctoolchain/usr/lib/swift/iphonesimulator/prebuilt-modules/26.2/SwiftUICore.swiftmodule/arm64-apple-ios-simulator.swiftmodule' (in target 'InkOS' from project 'InkOS')
note: A dependency of Swift module 'os': '/Applications/Xcode.app/Contents/Developer/Toolchains/XcodeDefault.xctoolchain/usr/lib/swift/iphonesimulator/prebuilt-modules/26.2/os.swiftmodule/arm64-apple-ios-simulator.swiftmodule' (in target 'InkOS' from project 'InkOS')
note: A dependency of Swift module 'CoreTransferable': '/Applications/Xcode.app/Contents/Developer/Toolchains/XcodeDefault.xctoolchain/usr/lib/swift/iphonesimulator/prebuilt-modules/26.2/CoreTransferable.swiftmodule/arm64-apple-ios-simulator.swiftmodule' (in target 'InkOS' from project 'InkOS')
note: A dependency of Swift module 'os': '/Applications/Xcode.app/Contents/Developer/Toolchains/XcodeDefault.xctoolchain/usr/lib/swift/iphonesimulator/prebuilt-modules/26.2/os.swiftmodule/arm64-apple-ios-simulator.swiftmodule' (in target 'InkOS' from project 'InkOS')
note: A dependency of Swift module 'CoreData': '/Applications/Xcode.app/Contents/Developer/Toolchains/XcodeDefault.xctoolchain/usr/lib/swift/iphonesimulator/prebuilt-modules/26.2/CoreData.swiftmodule/arm64-apple-ios-simulator.swiftmodule' (in target 'InkOS' from project 'InkOS')
note: A dependency of Swift module 'SwiftUI': '/Applications/Xcode.app/Contents/Developer/Toolchains/XcodeDefault.xctoolchain/usr/lib/swift/iphonesimulator/prebuilt-modules/26.2/SwiftUI.swiftmodule/arm64-apple-ios-simulator.swiftmodule' (in target 'InkOS' from project 'InkOS')
note: A dependency of main module 'InkOS' (in target 'InkOS' from project 'InkOS')
note: A dependency of Swift module 'os': '/Applications/Xcode.app/Contents/Developer/Toolchains/XcodeDefault.xctoolchain/usr/lib/swift/iphonesimulator/prebuilt-modules/26.2/os.swiftmodule/arm64-apple-ios-simulator.swiftmodule' (in target 'InkOS' from project 'InkOS')
note: A dependency of Swift module 'os': '/Applications/Xcode.app/Contents/Developer/Toolchains/XcodeDefault.xctoolchain/usr/lib/swift/iphonesimulator/prebuilt-modules/26.2/os.swiftmodule/arm64-apple-ios-simulator.swiftmodule' (in target 'InkOS' from project 'InkOS')
note: A dependency of Swift module 'SwiftUICore': '/Applications/Xcode.app/Contents/Developer/Toolchains/XcodeDefault.xctoolchain/usr/lib/swift/iphonesimulator/prebuilt-modules/26.2/SwiftUICore.swiftmodule/arm64-apple-ios-simulator.swiftmodule' (in target 'InkOS' from project 'InkOS')
note: A dependency of Swift module 'os': '/Applications/Xcode.app/Contents/Developer/Toolchains/XcodeDefault.xctoolchain/usr/lib/swift/iphonesimulator/prebuilt-modules/26.2/os.swiftmodule/arm64-apple-ios-simulator.swiftmodule' (in target 'InkOS' from project 'InkOS')
note: A dependency of Swift module 'CoreTransferable': '/Applications/Xcode.app/Contents/Developer/Toolchains/XcodeDefault.xctoolchain/usr/lib/swift/iphonesimulator/prebuilt-modules/26.2/CoreTransferable.swiftmodule/arm64-apple-ios-simulator.swiftmodule' (in target 'InkOS' from project 'InkOS')
note: A dependency of Swift module 'os': '/Applications/Xcode.app/Contents/Developer/Toolchains/XcodeDefault.xctoolchain/usr/lib/swift/iphonesimulator/prebuilt-modules/26.2/os.swiftmodule/arm64-apple-ios-simulator.swiftmodule' (in target 'InkOS' from project 'InkOS')
note: A dependency of Swift module 'CoreData': '/Applications/Xcode.app/Contents/Developer/Toolchains/XcodeDefault.xctoolchain/usr/lib/swift/iphonesimulator/prebuilt-modules/26.2/CoreData.swiftmodule/arm64-apple-ios-simulator.swiftmodule' (in target 'InkOS' from project 'InkOS')
note: A dependency of Swift module 'SwiftUI': '/Applications/Xcode.app/Contents/Developer/Toolchains/XcodeDefault.xctoolchain/usr/lib/swift/iphonesimulator/prebuilt-modules/26.2/SwiftUI.swiftmodule/arm64-apple-ios-simulator.swiftmodule' (in target 'InkOS' from project 'InkOS')
note: A dependency of main module 'InkOS' (in target 'InkOS' from project 'InkOS')
note: A dependency of Swift module 'os': '/Applications/Xcode.app/Contents/Developer/Toolchains/XcodeDefault.xctoolchain/usr/lib/swift/iphonesimulator/prebuilt-modules/26.2/os.swiftmodule/arm64-apple-ios-simulator.swiftmodule' (in target 'InkOS' from project 'InkOS')
note: A dependency of Swift module 'os': '/Applications/Xcode.app/Contents/Developer/Toolchains/XcodeDefault.xctoolchain/usr/lib/swift/iphonesimulator/prebuilt-modules/26.2/os.swiftmodule/arm64-apple-ios-simulator.swiftmodule' (in target 'InkOS' from project 'InkOS')
note: A dependency of Swift module 'SwiftUICore': '/Applications/Xcode.app/Contents/Developer/Toolchains/XcodeDefault.xctoolchain/usr/lib/swift/iphonesimulator/prebuilt-modules/26.2/SwiftUICore.swiftmodule/arm64-apple-ios-simulator.swiftmodule' (in target 'InkOS' from project 'InkOS')
note: A dependency of Swift module 'os': '/Applications/Xcode.app/Contents/Developer/Toolchains/XcodeDefault.xctoolchain/usr/lib/swift/iphonesimulator/prebuilt-modules/26.2/os.swiftmodule/arm64-apple-ios-simulator.swiftmodule' (in target 'InkOS' from project 'InkOS')
note: A dependency of Swift module 'CoreTransferable': '/Applications/Xcode.app/Contents/Developer/Toolchains/XcodeDefault.xctoolchain/usr/lib/swift/iphonesimulator/prebuilt-modules/26.2/CoreTransferable.swiftmodule/arm64-apple-ios-simulator.swiftmodule' (in target 'InkOS' from project 'InkOS')
note: A dependency of Swift module 'os': '/Applications/Xcode.app/Contents/Developer/Toolchains/XcodeDefault.xctoolchain/usr/lib/swift/iphonesimulator/prebuilt-modules/26.2/os.swiftmodule/arm64-apple-ios-simulator.swiftmodule' (in target 'InkOS' from project 'InkOS')
note: A dependency of Swift module 'CoreData': '/Applications/Xcode.app/Contents/Developer/Toolchains/XcodeDefault.xctoolchain/usr/lib/swift/iphonesimulator/prebuilt-modules/26.2/CoreData.swiftmodule/arm64-apple-ios-simulator.swiftmodule' (in target 'InkOS' from project 'InkOS')
note: A dependency of Swift module 'SwiftUI': '/Applications/Xcode.app/Contents/Developer/Toolchains/XcodeDefault.xctoolchain/usr/lib/swift/iphonesimulator/prebuilt-modules/26.2/SwiftUI.swiftmodule/arm64-apple-ios-simulator.swiftmodule' (in target 'InkOS' from project 'InkOS')
note: A dependency of main module 'InkOS' (in target 'InkOS' from project 'InkOS')
note: A dependency of Swift module 'os': '/Applications/Xcode.app/Contents/Developer/Toolchains/XcodeDefault.xctoolchain/usr/lib/swift/iphonesimulator/prebuilt-modules/26.2/os.swiftmodule/arm64-apple-ios-simulator.swiftmodule' (in target 'InkOS' from project 'InkOS')
note: A dependency of Swift module 'SwiftUICore': '/Applications/Xcode.app/Contents/Developer/Toolchains/XcodeDefault.xctoolchain/usr/lib/swift/iphonesimulator/prebuilt-modules/26.2/SwiftUICore.swiftmodule/arm64-apple-ios-simulator.swiftmodule' (in target 'InkOS' from project 'InkOS')
note: A dependency of Swift module 'os': '/Applications/Xcode.app/Contents/Developer/Toolchains/XcodeDefault.xctoolchain/usr/lib/swift/iphonesimulator/prebuilt-modules/26.2/os.swiftmodule/arm64-apple-ios-simulator.swiftmodule' (in target 'InkOS' from project 'InkOS')
note: A dependency of Swift module 'CoreTransferable': '/Applications/Xcode.app/Contents/Developer/Toolchains/XcodeDefault.xctoolchain/usr/lib/swift/iphonesimulator/prebuilt-modules/26.2/CoreTransferable.swiftmodule/arm64-apple-ios-simulator.swiftmodule' (in target 'InkOS' from project 'InkOS')
note: A dependency of Swift module 'os': '/Applications/Xcode.app/Contents/Developer/Toolchains/XcodeDefault.xctoolchain/usr/lib/swift/iphonesimulator/prebuilt-modules/26.2/os.swiftmodule/arm64-apple-ios-simulator.swiftmodule' (in target 'InkOS' from project 'InkOS')
note: A dependency of Swift module 'CoreData': '/Applications/Xcode.app/Contents/Developer/Toolchains/XcodeDefault.xctoolchain/usr/lib/swift/iphonesimulator/prebuilt-modules/26.2/CoreData.swiftmodule/arm64-apple-ios-simulator.swiftmodule' (in target 'InkOS' from project 'InkOS')
note: A dependency of Swift module 'SwiftUI': '/Applications/Xcode.app/Contents/Developer/Toolchains/XcodeDefault.xctoolchain/usr/lib/swift/iphonesimulator/prebuilt-modules/26.2/SwiftUI.swiftmodule/arm64-apple-ios-simulator.swiftmodule' (in target 'InkOS' from project 'InkOS')
note: A dependency of main module 'InkOS' (in target 'InkOS' from project 'InkOS')
note: A dependency of Swift module 'os': '/Applications/Xcode.app/Contents/Developer/Toolchains/XcodeDefault.xctoolchain/usr/lib/swift/iphonesimulator/prebuilt-modules/26.2/os.swiftmodule/arm64-apple-ios-simulator.swiftmodule' (in target 'InkOS' from project 'InkOS')
note: A dependency of Swift module 'os': '/Applications/Xcode.app/Contents/Developer/Toolchains/XcodeDefault.xctoolchain/usr/lib/swift/iphonesimulator/prebuilt-modules/26.2/os.swiftmodule/arm64-apple-ios-simulator.swiftmodule' (in target 'InkOS' from project 'InkOS')
note: A dependency of Swift module 'CoreTransferable': '/Applications/Xcode.app/Contents/Developer/Toolchains/XcodeDefault.xctoolchain/usr/lib/swift/iphonesimulator/prebuilt-modules/26.2/CoreTransferable.swiftmodule/arm64-apple-ios-simulator.swiftmodule' (in target 'InkOS' from project 'InkOS')
note: A dependency of Swift module 'os': '/Applications/Xcode.app/Contents/Developer/Toolchains/XcodeDefault.xctoolchain/usr/lib/swift/iphonesimulator/prebuilt-modules/26.2/os.swiftmodule/arm64-apple-ios-simulator.swiftmodule' (in target 'InkOS' from project 'InkOS')
note: A dependency of Swift module 'CoreData': '/Applications/Xcode.app/Contents/Developer/Toolchains/XcodeDefault.xctoolchain/usr/lib/swift/iphonesimulator/prebuilt-modules/26.2/CoreData.swiftmodule/arm64-apple-ios-simulator.swiftmodule' (in target 'InkOS' from project 'InkOS')
note: A dependency of Swift module 'SwiftUI': '/Applications/Xcode.app/Contents/Developer/Toolchains/XcodeDefault.xctoolchain/usr/lib/swift/iphonesimulator/prebuilt-modules/26.2/SwiftUI.swiftmodule/arm64-apple-ios-simulator.swiftmodule' (in target 'InkOS' from project 'InkOS')
note: A dependency of main module 'InkOS' (in target 'InkOS' from project 'InkOS')
note: A dependency of Swift module 'os': '/Applications/Xcode.app/Contents/Developer/Toolchains/XcodeDefault.xctoolchain/usr/lib/swift/iphonesimulator/prebuilt-modules/26.2/os.swiftmodule/arm64-apple-ios-simulator.swiftmodule' (in target 'InkOS' from project 'InkOS')
note: A dependency of Swift module 'CoreTransferable': '/Applications/Xcode.app/Contents/Developer/Toolchains/XcodeDefault.xctoolchain/usr/lib/swift/iphonesimulator/prebuilt-modules/26.2/CoreTransferable.swiftmodule/arm64-apple-ios-simulator.swiftmodule' (in target 'InkOS' from project 'InkOS')
note: A dependency of Swift module 'os': '/Applications/Xcode.app/Contents/Developer/Toolchains/XcodeDefault.xctoolchain/usr/lib/swift/iphonesimulator/prebuilt-modules/26.2/os.swiftmodule/arm64-apple-ios-simulator.swiftmodule' (in target 'InkOS' from project 'InkOS')
note: A dependency of Swift module 'CoreData': '/Applications/Xcode.app/Contents/Developer/Toolchains/XcodeDefault.xctoolchain/usr/lib/swift/iphonesimulator/prebuilt-modules/26.2/CoreData.swiftmodule/arm64-apple-ios-simulator.swiftmodule' (in target 'InkOS' from project 'InkOS')
note: A dependency of Swift module 'SwiftUI': '/Applications/Xcode.app/Contents/Developer/Toolchains/XcodeDefault.xctoolchain/usr/lib/swift/iphonesimulator/prebuilt-modules/26.2/SwiftUI.swiftmodule/arm64-apple-ios-simulator.swiftmodule' (in target 'InkOS' from project 'InkOS')
note: A dependency of main module 'InkOS' (in target 'InkOS' from project 'InkOS')
note: A dependency of Swift module 'os': '/Applications/Xcode.app/Contents/Developer/Toolchains/XcodeDefault.xctoolchain/usr/lib/swift/iphonesimulator/prebuilt-modules/26.2/os.swiftmodule/arm64-apple-ios-simulator.swiftmodule' (in target 'InkOS' from project 'InkOS')
note: A dependency of Swift module 'os': '/Applications/Xcode.app/Contents/Developer/Toolchains/XcodeDefault.xctoolchain/usr/lib/swift/iphonesimulator/prebuilt-modules/26.2/os.swiftmodule/arm64-apple-ios-simulator.swiftmodule' (in target 'InkOS' from project 'InkOS')
note: A dependency of Swift module 'CoreData': '/Applications/Xcode.app/Contents/Developer/Toolchains/XcodeDefault.xctoolchain/usr/lib/swift/iphonesimulator/prebuilt-modules/26.2/CoreData.swiftmodule/arm64-apple-ios-simulator.swiftmodule' (in target 'InkOS' from project 'InkOS')
note: A dependency of Swift module 'SwiftUI': '/Applications/Xcode.app/Contents/Developer/Toolchains/XcodeDefault.xctoolchain/usr/lib/swift/iphonesimulator/prebuilt-modules/26.2/SwiftUI.swiftmodule/arm64-apple-ios-simulator.swiftmodule' (in target 'InkOS' from project 'InkOS')
note: A dependency of main module 'InkOS' (in target 'InkOS' from project 'InkOS')
note: A dependency of Swift module 'os': '/Applications/Xcode.app/Contents/Developer/Toolchains/XcodeDefault.xctoolchain/usr/lib/swift/iphonesimulator/prebuilt-modules/26.2/os.swiftmodule/arm64-apple-ios-simulator.swiftmodule' (in target 'InkOS' from project 'InkOS')
note: A dependency of Swift module 'CoreData': '/Applications/Xcode.app/Contents/Developer/Toolchains/XcodeDefault.xctoolchain/usr/lib/swift/iphonesimulator/prebuilt-modules/26.2/CoreData.swiftmodule/arm64-apple-ios-simulator.swiftmodule' (in target 'InkOS' from project 'InkOS')
note: A dependency of Swift module 'SwiftUI': '/Applications/Xcode.app/Contents/Developer/Toolchains/XcodeDefault.xctoolchain/usr/lib/swift/iphonesimulator/prebuilt-modules/26.2/SwiftUI.swiftmodule/arm64-apple-ios-simulator.swiftmodule' (in target 'InkOS' from project 'InkOS')
note: A dependency of main module 'InkOS' (in target 'InkOS' from project 'InkOS')
error: Unable to find module dependency: 'Accessibility' (in target 'InkOS' from project 'InkOS')
note: A dependency of Swift module 'Accessibility': '/Applications/Xcode.app/Contents/Developer/Toolchains/XcodeDefault.xctoolchain/usr/lib/swift/iphonesimulator/prebuilt-modules/26.2/Accessibility.swiftmodule/arm64-apple-ios-simulator.swiftmodule' (in target 'InkOS' from project 'InkOS')
note: A dependency of Swift module 'UIKit': '/Applications/Xcode.app/Contents/Developer/Toolchains/XcodeDefault.xctoolchain/usr/lib/swift/iphonesimulator/prebuilt-modules/26.2/UIKit.swiftmodule/arm64-apple-ios-simulator.swiftmodule' (in target 'InkOS' from project 'InkOS')
note: A dependency of Swift module 'SwiftUICore': '/Applications/Xcode.app/Contents/Developer/Toolchains/XcodeDefault.xctoolchain/usr/lib/swift/iphonesimulator/prebuilt-modules/26.2/SwiftUICore.swiftmodule/arm64-apple-ios-simulator.swiftmodule' (in target 'InkOS' from project 'InkOS')
note: A dependency of Swift module 'SwiftUI': '/Applications/Xcode.app/Contents/Developer/Toolchains/XcodeDefault.xctoolchain/usr/lib/swift/iphonesimulator/prebuilt-modules/26.2/SwiftUI.swiftmodule/arm64-apple-ios-simulator.swiftmodule' (in target 'InkOS' from project 'InkOS')
note: A dependency of main module 'InkOS' (in target 'InkOS' from project 'InkOS')
note: A dependency of Swift module 'Accessibility': '/Applications/Xcode.app/Contents/Developer/Toolchains/XcodeDefault.xctoolchain/usr/lib/swift/iphonesimulator/prebuilt-modules/26.2/Accessibility.swiftmodule/arm64-apple-ios-simulator.swiftmodule' (in target 'InkOS' from project 'InkOS')
note: A dependency of Swift module 'SwiftUICore': '/Applications/Xcode.app/Contents/Developer/Toolchains/XcodeDefault.xctoolchain/usr/lib/swift/iphonesimulator/prebuilt-modules/26.2/SwiftUICore.swiftmodule/arm64-apple-ios-simulator.swiftmodule' (in target 'InkOS' from project 'InkOS')
note: A dependency of Swift module 'SwiftUI': '/Applications/Xcode.app/Contents/Developer/Toolchains/XcodeDefault.xctoolchain/usr/lib/swift/iphonesimulator/prebuilt-modules/26.2/SwiftUI.swiftmodule/arm64-apple-ios-simulator.swiftmodule' (in target 'InkOS' from project 'InkOS')
note: A dependency of main module 'InkOS' (in target 'InkOS' from project 'InkOS')
error: Unable to find module dependency: '_SwiftConcurrencyShims' (in target 'InkOS' from project 'InkOS')
note: A dependency of Swift module 'Accessibility': '/Applications/Xcode.app/Contents/Developer/Toolchains/XcodeDefault.xctoolchain/usr/lib/swift/iphonesimulator/prebuilt-modules/26.2/Accessibility.swiftmodule/arm64-apple-ios-simulator.swiftmodule' (in target 'InkOS' from project 'InkOS')
note: A dependency of Swift module 'UIKit': '/Applications/Xcode.app/Contents/Developer/Toolchains/XcodeDefault.xctoolchain/usr/lib/swift/iphonesimulator/prebuilt-modules/26.2/UIKit.swiftmodule/arm64-apple-ios-simulator.swiftmodule' (in target 'InkOS' from project 'InkOS')
note: A dependency of Swift module 'SwiftUICore': '/Applications/Xcode.app/Contents/Developer/Toolchains/XcodeDefault.xctoolchain/usr/lib/swift/iphonesimulator/prebuilt-modules/26.2/SwiftUICore.swiftmodule/arm64-apple-ios-simulator.swiftmodule' (in target 'InkOS' from project 'InkOS')
note: A dependency of Swift module 'SwiftUI': '/Applications/Xcode.app/Contents/Developer/Toolchains/XcodeDefault.xctoolchain/usr/lib/swift/iphonesimulator/prebuilt-modules/26.2/SwiftUI.swiftmodule/arm64-apple-ios-simulator.swiftmodule' (in target 'InkOS' from project 'InkOS')
note: A dependency of main module 'InkOS' (in target 'InkOS' from project 'InkOS')
note: A dependency of Swift module 'Accessibility': '/Applications/Xcode.app/Contents/Developer/Toolchains/XcodeDefault.xctoolchain/usr/lib/swift/iphonesimulator/prebuilt-modules/26.2/Accessibility.swiftmodule/arm64-apple-ios-simulator.swiftmodule' (in target 'InkOS' from project 'InkOS')
note: A dependency of Swift module 'SwiftUICore': '/Applications/Xcode.app/Contents/Developer/Toolchains/XcodeDefault.xctoolchain/usr/lib/swift/iphonesimulator/prebuilt-modules/26.2/SwiftUICore.swiftmodule/arm64-apple-ios-simulator.swiftmodule' (in target 'InkOS' from project 'InkOS')
note: A dependency of Swift module 'SwiftUI': '/Applications/Xcode.app/Contents/Developer/Toolchains/XcodeDefault.xctoolchain/usr/lib/swift/iphonesimulator/prebuilt-modules/26.2/SwiftUI.swiftmodule/arm64-apple-ios-simulator.swiftmodule' (in target 'InkOS' from project 'InkOS')
note: A dependency of main module 'InkOS' (in target 'InkOS' from project 'InkOS')
error: Unable to find module dependency: 'DataDetection' (in target 'InkOS' from project 'InkOS')
note: A dependency of Swift module 'DataDetection': '/Applications/Xcode.app/Contents/Developer/Toolchains/XcodeDefault.xctoolchain/usr/lib/swift/iphonesimulator/prebuilt-modules/26.2/DataDetection.swiftmodule/arm64-apple-ios-simulator.swiftmodule' (in target 'InkOS' from project 'InkOS')
note: A dependency of Swift module 'UIKit': '/Applications/Xcode.app/Contents/Developer/Toolchains/XcodeDefault.xctoolchain/usr/lib/swift/iphonesimulator/prebuilt-modules/26.2/UIKit.swiftmodule/arm64-apple-ios-simulator.swiftmodule' (in target 'InkOS' from project 'InkOS')
note: A dependency of Swift module 'SwiftUI': '/Applications/Xcode.app/Contents/Developer/Toolchains/XcodeDefault.xctoolchain/usr/lib/swift/iphonesimulator/prebuilt-modules/26.2/SwiftUI.swiftmodule/arm64-apple-ios-simulator.swiftmodule' (in target 'InkOS' from project 'InkOS')
note: A dependency of main module 'InkOS' (in target 'InkOS' from project 'InkOS')
error: Unable to find module dependency: '_SwiftConcurrencyShims' (in target 'InkOS' from project 'InkOS')
note: A dependency of Swift module 'DataDetection': '/Applications/Xcode.app/Contents/Developer/Toolchains/XcodeDefault.xctoolchain/usr/lib/swift/iphonesimulator/prebuilt-modules/26.2/DataDetection.swiftmodule/arm64-apple-ios-simulator.swiftmodule' (in target 'InkOS' from project 'InkOS')
note: A dependency of Swift module 'UIKit': '/Applications/Xcode.app/Contents/Developer/Toolchains/XcodeDefault.xctoolchain/usr/lib/swift/iphonesimulator/prebuilt-modules/26.2/UIKit.swiftmodule/arm64-apple-ios-simulator.swiftmodule' (in target 'InkOS' from project 'InkOS')
note: A dependency of Swift module 'SwiftUI': '/Applications/Xcode.app/Contents/Developer/Toolchains/XcodeDefault.xctoolchain/usr/lib/swift/iphonesimulator/prebuilt-modules/26.2/SwiftUI.swiftmodule/arm64-apple-ios-simulator.swiftmodule' (in target 'InkOS' from project 'InkOS')
note: A dependency of main module 'InkOS' (in target 'InkOS' from project 'InkOS')
error: Unable to find module dependency: 'Dispatch' (in target 'InkOS' from project 'InkOS')
note: A dependency of Swift module 'Dispatch': '/Applications/Xcode.app/Contents/Developer/Toolchains/XcodeDefault.xctoolchain/usr/lib/swift/iphonesimulator/prebuilt-modules/26.2/Dispatch.swiftmodule/arm64-apple-ios-simulator.swiftmodule' (in target 'InkOS' from project 'InkOS')
note: A dependency of Swift module 'UIKit': '/Applications/Xcode.app/Contents/Developer/Toolchains/XcodeDefault.xctoolchain/usr/lib/swift/iphonesimulator/prebuilt-modules/26.2/UIKit.swiftmodule/arm64-apple-ios-simulator.swiftmodule' (in target 'InkOS' from project 'InkOS')
note: A dependency of Swift module 'CoreData': '/Applications/Xcode.app/Contents/Developer/Toolchains/XcodeDefault.xctoolchain/usr/lib/swift/iphonesimulator/prebuilt-modules/26.2/CoreData.swiftmodule/arm64-apple-ios-simulator.swiftmodule' (in target 'InkOS' from project 'InkOS')
note: A dependency of Swift module 'SwiftUI': '/Applications/Xcode.app/Contents/Developer/Toolchains/XcodeDefault.xctoolchain/usr/lib/swift/iphonesimulator/prebuilt-modules/26.2/SwiftUI.swiftmodule/arm64-apple-ios-simulator.swiftmodule' (in target 'InkOS' from project 'InkOS')
note: A dependency of main module 'InkOS' (in target 'InkOS' from project 'InkOS')
note: A dependency of Swift module 'Dispatch': '/Applications/Xcode.app/Contents/Developer/Toolchains/XcodeDefault.xctoolchain/usr/lib/swift/iphonesimulator/prebuilt-modules/26.2/Dispatch.swiftmodule/arm64-apple-ios-simulator.swiftmodule' (in target 'InkOS' from project 'InkOS')
note: A dependency of Swift module 'Foundation': '/Applications/Xcode.app/Contents/Developer/Toolchains/XcodeDefault.xctoolchain/usr/lib/swift/iphonesimulator/prebuilt-modules/26.2/Foundation.swiftmodule/arm64-apple-ios-simulator.swiftmodule' (in target 'InkOS' from project 'InkOS')
note: A dependency of Swift module 'CoreData': '/Applications/Xcode.app/Contents/Developer/Toolchains/XcodeDefault.xctoolchain/usr/lib/swift/iphonesimulator/prebuilt-modules/26.2/CoreData.swiftmodule/arm64-apple-ios-simulator.swiftmodule' (in target 'InkOS' from project 'InkOS')
note: A dependency of Swift module 'SwiftUI': '/Applications/Xcode.app/Contents/Developer/Toolchains/XcodeDefault.xctoolchain/usr/lib/swift/iphonesimulator/prebuilt-modules/26.2/SwiftUI.swiftmodule/arm64-apple-ios-simulator.swiftmodule' (in target 'InkOS' from project 'InkOS')
note: A dependency of main module 'InkOS' (in target 'InkOS' from project 'InkOS')
error: Unable to find module dependency: '_SwiftConcurrencyShims' (in target 'InkOS' from project 'InkOS')
note: A dependency of Swift module 'Dispatch': '/Applications/Xcode.app/Contents/Developer/Toolchains/XcodeDefault.xctoolchain/usr/lib/swift/iphonesimulator/prebuilt-modules/26.2/Dispatch.swiftmodule/arm64-apple-ios-simulator.swiftmodule' (in target 'InkOS' from project 'InkOS')
note: A dependency of Swift module 'UIKit': '/Applications/Xcode.app/Contents/Developer/Toolchains/XcodeDefault.xctoolchain/usr/lib/swift/iphonesimulator/prebuilt-modules/26.2/UIKit.swiftmodule/arm64-apple-ios-simulator.swiftmodule' (in target 'InkOS' from project 'InkOS')
note: A dependency of Swift module 'CoreData': '/Applications/Xcode.app/Contents/Developer/Toolchains/XcodeDefault.xctoolchain/usr/lib/swift/iphonesimulator/prebuilt-modules/26.2/CoreData.swiftmodule/arm64-apple-ios-simulator.swiftmodule' (in target 'InkOS' from project 'InkOS')
note: A dependency of Swift module 'SwiftUI': '/Applications/Xcode.app/Contents/Developer/Toolchains/XcodeDefault.xctoolchain/usr/lib/swift/iphonesimulator/prebuilt-modules/26.2/SwiftUI.swiftmodule/arm64-apple-ios-simulator.swiftmodule' (in target 'InkOS' from project 'InkOS')
note: A dependency of main module 'InkOS' (in target 'InkOS' from project 'InkOS')
note: A dependency of Swift module 'Dispatch': '/Applications/Xcode.app/Contents/Developer/Toolchains/XcodeDefault.xctoolchain/usr/lib/swift/iphonesimulator/prebuilt-modules/26.2/Dispatch.swiftmodule/arm64-apple-ios-simulator.swiftmodule' (in target 'InkOS' from project 'InkOS')
note: A dependency of Swift module 'Foundation': '/Applications/Xcode.app/Contents/Developer/Toolchains/XcodeDefault.xctoolchain/usr/lib/swift/iphonesimulator/prebuilt-modules/26.2/Foundation.swiftmodule/arm64-apple-ios-simulator.swiftmodule' (in target 'InkOS' from project 'InkOS')
note: A dependency of Swift module 'CoreData': '/Applications/Xcode.app/Contents/Developer/Toolchains/XcodeDefault.xctoolchain/usr/lib/swift/iphonesimulator/prebuilt-modules/26.2/CoreData.swiftmodule/arm64-apple-ios-simulator.swiftmodule' (in target 'InkOS' from project 'InkOS')
note: A dependency of Swift module 'SwiftUI': '/Applications/Xcode.app/Contents/Developer/Toolchains/XcodeDefault.xctoolchain/usr/lib/swift/iphonesimulator/prebuilt-modules/26.2/SwiftUI.swiftmodule/arm64-apple-ios-simulator.swiftmodule' (in target 'InkOS' from project 'InkOS')
note: A dependency of main module 'InkOS' (in target 'InkOS' from project 'InkOS')
error: Unable to find module dependency: 'Darwin' (in target 'InkOS' from project 'InkOS')
note: A dependency of Swift module 'Darwin': '/Applications/Xcode.app/Contents/Developer/Toolchains/XcodeDefault.xctoolchain/usr/lib/swift/iphonesimulator/prebuilt-modules/26.2/Darwin.swiftmodule/arm64-apple-ios-simulator.swiftmodule' (in target 'InkOS' from project 'InkOS')
note: A dependency of Swift module 'Darwin': '/Applications/Xcode.app/Contents/Developer/Toolchains/XcodeDefault.xctoolchain/usr/lib/swift/iphonesimulator/prebuilt-modules/26.2/Darwin.swiftmodule/arm64-apple-ios-simulator.swiftmodule' (in target 'InkOS' from project 'InkOS')
note: A dependency of Swift module 'Darwin': '/Applications/Xcode.app/Contents/Developer/Toolchains/XcodeDefault.xctoolchain/usr/lib/swift/iphonesimulator/prebuilt-modules/26.2/Darwin.swiftmodule/arm64-apple-ios-simulator.swiftmodule' (in target 'InkOS' from project 'InkOS')
note: A dependency of Swift module 'System': '/Applications/Xcode.app/Contents/Developer/Toolchains/XcodeDefault.xctoolchain/usr/lib/swift/iphonesimulator/prebuilt-modules/26.2/System.swiftmodule/arm64-apple-ios-simulator.swiftmodule' (in target 'InkOS' from project 'InkOS')
note: A dependency of Swift module 'Darwin': '/Applications/Xcode.app/Contents/Developer/Toolchains/XcodeDefault.xctoolchain/usr/lib/swift/iphonesimulator/prebuilt-modules/26.2/Darwin.swiftmodule/arm64-apple-ios-simulator.swiftmodule' (in target 'InkOS' from project 'InkOS')
note: A dependency of Swift module 'Foundation': '/Applications/Xcode.app/Contents/Developer/Toolchains/XcodeDefault.xctoolchain/usr/lib/swift/iphonesimulator/prebuilt-modules/26.2/Foundation.swiftmodule/arm64-apple-ios-simulator.swiftmodule' (in target 'InkOS' from project 'InkOS')
note: A dependency of Swift module 'CoreData': '/Applications/Xcode.app/Contents/Developer/Toolchains/XcodeDefault.xctoolchain/usr/lib/swift/iphonesimulator/prebuilt-modules/26.2/CoreData.swiftmodule/arm64-apple-ios-simulator.swiftmodule' (in target 'InkOS' from project 'InkOS')
note: A dependency of Swift module 'Combine': '/Applications/Xcode.app/Contents/Developer/Toolchains/XcodeDefault.xctoolchain/usr/lib/swift/iphonesimulator/prebuilt-modules/26.2/Combine.swiftmodule/arm64-apple-ios-simulator.swiftmodule' (in target 'InkOS' from project 'InkOS')
note: A dependency of Swift module 'SwiftUI': '/Applications/Xcode.app/Contents/Developer/Toolchains/XcodeDefault.xctoolchain/usr/lib/swift/iphonesimulator/prebuilt-modules/26.2/SwiftUI.swiftmodule/arm64-apple-ios-simulator.swiftmodule' (in target 'InkOS' from project 'InkOS')
note: A dependency of main module 'InkOS' (in target 'InkOS' from project 'InkOS')
note: A dependency of Swift module 'Darwin': '/Applications/Xcode.app/Contents/Developer/Toolchains/XcodeDefault.xctoolchain/usr/lib/swift/iphonesimulator/prebuilt-modules/26.2/Darwin.swiftmodule/arm64-apple-ios-simulator.swiftmodule' (in target 'InkOS' from project 'InkOS')
note: A dependency of Swift module 'Darwin': '/Applications/Xcode.app/Contents/Developer/Toolchains/XcodeDefault.xctoolchain/usr/lib/swift/iphonesimulator/prebuilt-modules/26.2/Darwin.swiftmodule/arm64-apple-ios-simulator.swiftmodule' (in target 'InkOS' from project 'InkOS')
note: A dependency of Swift module 'System': '/Applications/Xcode.app/Contents/Developer/Toolchains/XcodeDefault.xctoolchain/usr/lib/swift/iphonesimulator/prebuilt-modules/26.2/System.swiftmodule/arm64-apple-ios-simulator.swiftmodule' (in target 'InkOS' from project 'InkOS')
note: A dependency of Swift module 'Darwin': '/Applications/Xcode.app/Contents/Developer/Toolchains/XcodeDefault.xctoolchain/usr/lib/swift/iphonesimulator/prebuilt-modules/26.2/Darwin.swiftmodule/arm64-apple-ios-simulator.swiftmodule' (in target 'InkOS' from project 'InkOS')
note: A dependency of Swift module 'Foundation': '/Applications/Xcode.app/Contents/Developer/Toolchains/XcodeDefault.xctoolchain/usr/lib/swift/iphonesimulator/prebuilt-modules/26.2/Foundation.swiftmodule/arm64-apple-ios-simulator.swiftmodule' (in target 'InkOS' from project 'InkOS')
note: A dependency of Swift module 'CoreData': '/Applications/Xcode.app/Contents/Developer/Toolchains/XcodeDefault.xctoolchain/usr/lib/swift/iphonesimulator/prebuilt-modules/26.2/CoreData.swiftmodule/arm64-apple-ios-simulator.swiftmodule' (in target 'InkOS' from project 'InkOS')
note: A dependency of Swift module 'Combine': '/Applications/Xcode.app/Contents/Developer/Toolchains/XcodeDefault.xctoolchain/usr/lib/swift/iphonesimulator/prebuilt-modules/26.2/Combine.swiftmodule/arm64-apple-ios-simulator.swiftmodule' (in target 'InkOS' from project 'InkOS')
note: A dependency of Swift module 'SwiftUI': '/Applications/Xcode.app/Contents/Developer/Toolchains/XcodeDefault.xctoolchain/usr/lib/swift/iphonesimulator/prebuilt-modules/26.2/SwiftUI.swiftmodule/arm64-apple-ios-simulator.swiftmodule' (in target 'InkOS' from project 'InkOS')
note: A dependency of main module 'InkOS' (in target 'InkOS' from project 'InkOS')
note: A dependency of Swift module 'Darwin': '/Applications/Xcode.app/Contents/Developer/Toolchains/XcodeDefault.xctoolchain/usr/lib/swift/iphonesimulator/prebuilt-modules/26.2/Darwin.swiftmodule/arm64-apple-ios-simulator.swiftmodule' (in target 'InkOS' from project 'InkOS')
note: A dependency of Swift module 'Darwin': '/Applications/Xcode.app/Contents/Developer/Toolchains/XcodeDefault.xctoolchain/usr/lib/swift/iphonesimulator/prebuilt-modules/26.2/Darwin.swiftmodule/arm64-apple-ios-simulator.swiftmodule' (in target 'InkOS' from project 'InkOS')
note: A dependency of Swift module 'System': '/Applications/Xcode.app/Contents/Developer/Toolchains/XcodeDefault.xctoolchain/usr/lib/swift/iphonesimulator/prebuilt-modules/26.2/System.swiftmodule/arm64-apple-ios-simulator.swiftmodule' (in target 'InkOS' from project 'InkOS')
note: A dependency of Swift module 'Darwin': '/Applications/Xcode.app/Contents/Developer/Toolchains/XcodeDefault.xctoolchain/usr/lib/swift/iphonesimulator/prebuilt-modules/26.2/Darwin.swiftmodule/arm64-apple-ios-simulator.swiftmodule' (in target 'InkOS' from project 'InkOS')
note: A dependency of Swift module 'Foundation': '/Applications/Xcode.app/Contents/Developer/Toolchains/XcodeDefault.xctoolchain/usr/lib/swift/iphonesimulator/prebuilt-modules/26.2/Foundation.swiftmodule/arm64-apple-ios-simulator.swiftmodule' (in target 'InkOS' from project 'InkOS')
note: A dependency of Swift module 'CoreData': '/Applications/Xcode.app/Contents/Developer/Toolchains/XcodeDefault.xctoolchain/usr/lib/swift/iphonesimulator/prebuilt-modules/26.2/CoreData.swiftmodule/arm64-apple-ios-simulator.swiftmodule' (in target 'InkOS' from project 'InkOS')
note: A dependency of Swift module 'Combine': '/Applications/Xcode.app/Contents/Developer/Toolchains/XcodeDefault.xctoolchain/usr/lib/swift/iphonesimulator/prebuilt-modules/26.2/Combine.swiftmodule/arm64-apple-ios-simulator.swiftmodule' (in target 'InkOS' from project 'InkOS')
note: A dependency of Swift module 'SwiftUI': '/Applications/Xcode.app/Contents/Developer/Toolchains/XcodeDefault.xctoolchain/usr/lib/swift/iphonesimulator/prebuilt-modules/26.2/SwiftUI.swiftmodule/arm64-apple-ios-simulator.swiftmodule' (in target 'InkOS' from project 'InkOS')
note: A dependency of main module 'InkOS' (in target 'InkOS' from project 'InkOS')
note: A dependency of Swift module 'Darwin': '/Applications/Xcode.app/Contents/Developer/Toolchains/XcodeDefault.xctoolchain/usr/lib/swift/iphonesimulator/prebuilt-modules/26.2/Darwin.swiftmodule/arm64-apple-ios-simulator.swiftmodule' (in target 'InkOS' from project 'InkOS')
note: A dependency of Swift module 'System': '/Applications/Xcode.app/Contents/Developer/Toolchains/XcodeDefault.xctoolchain/usr/lib/swift/iphonesimulator/prebuilt-modules/26.2/System.swiftmodule/arm64-apple-ios-simulator.swiftmodule' (in target 'InkOS' from project 'InkOS')
note: A dependency of Swift module 'Darwin': '/Applications/Xcode.app/Contents/Developer/Toolchains/XcodeDefault.xctoolchain/usr/lib/swift/iphonesimulator/prebuilt-modules/26.2/Darwin.swiftmodule/arm64-apple-ios-simulator.swiftmodule' (in target 'InkOS' from project 'InkOS')
note: A dependency of Swift module 'Foundation': '/Applications/Xcode.app/Contents/Developer/Toolchains/XcodeDefault.xctoolchain/usr/lib/swift/iphonesimulator/prebuilt-modules/26.2/Foundation.swiftmodule/arm64-apple-ios-simulator.swiftmodule' (in target 'InkOS' from project 'InkOS')
note: A dependency of Swift module 'CoreData': '/Applications/Xcode.app/Contents/Developer/Toolchains/XcodeDefault.xctoolchain/usr/lib/swift/iphonesimulator/prebuilt-modules/26.2/CoreData.swiftmodule/arm64-apple-ios-simulator.swiftmodule' (in target 'InkOS' from project 'InkOS')
note: A dependency of Swift module 'Combine': '/Applications/Xcode.app/Contents/Developer/Toolchains/XcodeDefault.xctoolchain/usr/lib/swift/iphonesimulator/prebuilt-modules/26.2/Combine.swiftmodule/arm64-apple-ios-simulator.swiftmodule' (in target 'InkOS' from project 'InkOS')
note: A dependency of Swift module 'SwiftUI': '/Applications/Xcode.app/Contents/Developer/Toolchains/XcodeDefault.xctoolchain/usr/lib/swift/iphonesimulator/prebuilt-modules/26.2/SwiftUI.swiftmodule/arm64-apple-ios-simulator.swiftmodule' (in target 'InkOS' from project 'InkOS')
note: A dependency of main module 'InkOS' (in target 'InkOS' from project 'InkOS')
note: A dependency of Swift module 'Darwin': '/Applications/Xcode.app/Contents/Developer/Toolchains/XcodeDefault.xctoolchain/usr/lib/swift/iphonesimulator/prebuilt-modules/26.2/Darwin.swiftmodule/arm64-apple-ios-simulator.swiftmodule' (in target 'InkOS' from project 'InkOS')
note: A dependency of Swift module 'Foundation': '/Applications/Xcode.app/Contents/Developer/Toolchains/XcodeDefault.xctoolchain/usr/lib/swift/iphonesimulator/prebuilt-modules/26.2/Foundation.swiftmodule/arm64-apple-ios-simulator.swiftmodule' (in target 'InkOS' from project 'InkOS')
note: A dependency of Swift module 'CoreData': '/Applications/Xcode.app/Contents/Developer/Toolchains/XcodeDefault.xctoolchain/usr/lib/swift/iphonesimulator/prebuilt-modules/26.2/CoreData.swiftmodule/arm64-apple-ios-simulator.swiftmodule' (in target 'InkOS' from project 'InkOS')
note: A dependency of Swift module 'Combine': '/Applications/Xcode.app/Contents/Developer/Toolchains/XcodeDefault.xctoolchain/usr/lib/swift/iphonesimulator/prebuilt-modules/26.2/Combine.swiftmodule/arm64-apple-ios-simulator.swiftmodule' (in target 'InkOS' from project 'InkOS')
note: A dependency of Swift module 'SwiftUI': '/Applications/Xcode.app/Contents/Developer/Toolchains/XcodeDefault.xctoolchain/usr/lib/swift/iphonesimulator/prebuilt-modules/26.2/SwiftUI.swiftmodule/arm64-apple-ios-simulator.swiftmodule' (in target 'InkOS' from project 'InkOS')
note: A dependency of main module 'InkOS' (in target 'InkOS' from project 'InkOS')
note: A dependency of Swift module 'Darwin': '/Applications/Xcode.app/Contents/Developer/Toolchains/XcodeDefault.xctoolchain/usr/lib/swift/iphonesimulator/prebuilt-modules/26.2/Darwin.swiftmodule/arm64-apple-ios-simulator.swiftmodule' (in target 'InkOS' from project 'InkOS')
note: A dependency of Swift module 'Combine': '/Applications/Xcode.app/Contents/Developer/Toolchains/XcodeDefault.xctoolchain/usr/lib/swift/iphonesimulator/prebuilt-modules/26.2/Combine.swiftmodule/arm64-apple-ios-simulator.swiftmodule' (in target 'InkOS' from project 'InkOS')
note: A dependency of Swift module 'SwiftUI': '/Applications/Xcode.app/Contents/Developer/Toolchains/XcodeDefault.xctoolchain/usr/lib/swift/iphonesimulator/prebuilt-modules/26.2/SwiftUI.swiftmodule/arm64-apple-ios-simulator.swiftmodule' (in target 'InkOS' from project 'InkOS')
note: A dependency of main module 'InkOS' (in target 'InkOS' from project 'InkOS')
error: Unable to find module dependency: 'Darwin' (in target 'InkOS' from project 'InkOS')
note: A dependency of Swift module 'Darwin': '/Applications/Xcode.app/Contents/Developer/Toolchains/XcodeDefault.xctoolchain/usr/lib/swift/iphonesimulator/prebuilt-modules/26.2/Darwin.swiftmodule/arm64-apple-ios-simulator.swiftmodule' (in target 'InkOS' from project 'InkOS')
note: A dependency of Swift module 'Darwin': '/Applications/Xcode.app/Contents/Developer/Toolchains/XcodeDefault.xctoolchain/usr/lib/swift/iphonesimulator/prebuilt-modules/26.2/Darwin.swiftmodule/arm64-apple-ios-simulator.swiftmodule' (in target 'InkOS' from project 'InkOS')
note: A dependency of Swift module 'Darwin': '/Applications/Xcode.app/Contents/Developer/Toolchains/XcodeDefault.xctoolchain/usr/lib/swift/iphonesimulator/prebuilt-modules/26.2/Darwin.swiftmodule/arm64-apple-ios-simulator.swiftmodule' (in target 'InkOS' from project 'InkOS')
note: A dependency of Swift module 'System': '/Applications/Xcode.app/Contents/Developer/Toolchains/XcodeDefault.xctoolchain/usr/lib/swift/iphonesimulator/prebuilt-modules/26.2/System.swiftmodule/arm64-apple-ios-simulator.swiftmodule' (in target 'InkOS' from project 'InkOS')
note: A dependency of Swift module 'Darwin': '/Applications/Xcode.app/Contents/Developer/Toolchains/XcodeDefault.xctoolchain/usr/lib/swift/iphonesimulator/prebuilt-modules/26.2/Darwin.swiftmodule/arm64-apple-ios-simulator.swiftmodule' (in target 'InkOS' from project 'InkOS')
note: A dependency of Swift module 'Foundation': '/Applications/Xcode.app/Contents/Developer/Toolchains/XcodeDefault.xctoolchain/usr/lib/swift/iphonesimulator/prebuilt-modules/26.2/Foundation.swiftmodule/arm64-apple-ios-simulator.swiftmodule' (in target 'InkOS' from project 'InkOS')
note: A dependency of Swift module 'CoreData': '/Applications/Xcode.app/Contents/Developer/Toolchains/XcodeDefault.xctoolchain/usr/lib/swift/iphonesimulator/prebuilt-modules/26.2/CoreData.swiftmodule/arm64-apple-ios-simulator.swiftmodule' (in target 'InkOS' from project 'InkOS')
note: A dependency of Swift module 'Combine': '/Applications/Xcode.app/Contents/Developer/Toolchains/XcodeDefault.xctoolchain/usr/lib/swift/iphonesimulator/prebuilt-modules/26.2/Combine.swiftmodule/arm64-apple-ios-simulator.swiftmodule' (in target 'InkOS' from project 'InkOS')
note: A dependency of Swift module 'SwiftUI': '/Applications/Xcode.app/Contents/Developer/Toolchains/XcodeDefault.xctoolchain/usr/lib/swift/iphonesimulator/prebuilt-modules/26.2/SwiftUI.swiftmodule/arm64-apple-ios-simulator.swiftmodule' (in target 'InkOS' from project 'InkOS')
note: A dependency of main module 'InkOS' (in target 'InkOS' from project 'InkOS')
note: A dependency of Swift module 'Darwin': '/Applications/Xcode.app/Contents/Developer/Toolchains/XcodeDefault.xctoolchain/usr/lib/swift/iphonesimulator/prebuilt-modules/26.2/Darwin.swiftmodule/arm64-apple-ios-simulator.swiftmodule' (in target 'InkOS' from project 'InkOS')
note: A dependency of Swift module 'Darwin': '/Applications/Xcode.app/Contents/Developer/Toolchains/XcodeDefault.xctoolchain/usr/lib/swift/iphonesimulator/prebuilt-modules/26.2/Darwin.swiftmodule/arm64-apple-ios-simulator.swiftmodule' (in target 'InkOS' from project 'InkOS')
note: A dependency of Swift module 'System': '/Applications/Xcode.app/Contents/Developer/Toolchains/XcodeDefault.xctoolchain/usr/lib/swift/iphonesimulator/prebuilt-modules/26.2/System.swiftmodule/arm64-apple-ios-simulator.swiftmodule' (in target 'InkOS' from project 'InkOS')
note: A dependency of Swift module 'Darwin': '/Applications/Xcode.app/Contents/Developer/Toolchains/XcodeDefault.xctoolchain/usr/lib/swift/iphonesimulator/prebuilt-modules/26.2/Darwin.swiftmodule/arm64-apple-ios-simulator.swiftmodule' (in target 'InkOS' from project 'InkOS')
note: A dependency of Swift module 'Foundation': '/Applications/Xcode.app/Contents/Developer/Toolchains/XcodeDefault.xctoolchain/usr/lib/swift/iphonesimulator/prebuilt-modules/26.2/Foundation.swiftmodule/arm64-apple-ios-simulator.swiftmodule' (in target 'InkOS' from project 'InkOS')
note: A dependency of Swift module 'CoreData': '/Applications/Xcode.app/Contents/Developer/Toolchains/XcodeDefault.xctoolchain/usr/lib/swift/iphonesimulator/prebuilt-modules/26.2/CoreData.swiftmodule/arm64-apple-ios-simulator.swiftmodule' (in target 'InkOS' from project 'InkOS')
note: A dependency of Swift module 'Combine': '/Applications/Xcode.app/Contents/Developer/Toolchains/XcodeDefault.xctoolchain/usr/lib/swift/iphonesimulator/prebuilt-modules/26.2/Combine.swiftmodule/arm64-apple-ios-simulator.swiftmodule' (in target 'InkOS' from project 'InkOS')
note: A dependency of Swift module 'SwiftUI': '/Applications/Xcode.app/Contents/Developer/Toolchains/XcodeDefault.xctoolchain/usr/lib/swift/iphonesimulator/prebuilt-modules/26.2/SwiftUI.swiftmodule/arm64-apple-ios-simulator.swiftmodule' (in target 'InkOS' from project 'InkOS')
note: A dependency of main module 'InkOS' (in target 'InkOS' from project 'InkOS')
note: A dependency of Swift module 'Darwin': '/Applications/Xcode.app/Contents/Developer/Toolchains/XcodeDefault.xctoolchain/usr/lib/swift/iphonesimulator/prebuilt-modules/26.2/Darwin.swiftmodule/arm64-apple-ios-simulator.swiftmodule' (in target 'InkOS' from project 'InkOS')
note: A dependency of Swift module 'Darwin': '/Applications/Xcode.app/Contents/Developer/Toolchains/XcodeDefault.xctoolchain/usr/lib/swift/iphonesimulator/prebuilt-modules/26.2/Darwin.swiftmodule/arm64-apple-ios-simulator.swiftmodule' (in target 'InkOS' from project 'InkOS')
note: A dependency of Swift module 'System': '/Applications/Xcode.app/Contents/Developer/Toolchains/XcodeDefault.xctoolchain/usr/lib/swift/iphonesimulator/prebuilt-modules/26.2/System.swiftmodule/arm64-apple-ios-simulator.swiftmodule' (in target 'InkOS' from project 'InkOS')
note: A dependency of Swift module 'Darwin': '/Applications/Xcode.app/Contents/Developer/Toolchains/XcodeDefault.xctoolchain/usr/lib/swift/iphonesimulator/prebuilt-modules/26.2/Darwin.swiftmodule/arm64-apple-ios-simulator.swiftmodule' (in target 'InkOS' from project 'InkOS')
note: A dependency of Swift module 'Foundation': '/Applications/Xcode.app/Contents/Developer/Toolchains/XcodeDefault.xctoolchain/usr/lib/swift/iphonesimulator/prebuilt-modules/26.2/Foundation.swiftmodule/arm64-apple-ios-simulator.swiftmodule' (in target 'InkOS' from project 'InkOS')
note: A dependency of Swift module 'CoreData': '/Applications/Xcode.app/Contents/Developer/Toolchains/XcodeDefault.xctoolchain/usr/lib/swift/iphonesimulator/prebuilt-modules/26.2/CoreData.swiftmodule/arm64-apple-ios-simulator.swiftmodule' (in target 'InkOS' from project 'InkOS')
note: A dependency of Swift module 'Combine': '/Applications/Xcode.app/Contents/Developer/Toolchains/XcodeDefault.xctoolchain/usr/lib/swift/iphonesimulator/prebuilt-modules/26.2/Combine.swiftmodule/arm64-apple-ios-simulator.swiftmodule' (in target 'InkOS' from project 'InkOS')
note: A dependency of Swift module 'SwiftUI': '/Applications/Xcode.app/Contents/Developer/Toolchains/XcodeDefault.xctoolchain/usr/lib/swift/iphonesimulator/prebuilt-modules/26.2/SwiftUI.swiftmodule/arm64-apple-ios-simulator.swiftmodule' (in target 'InkOS' from project 'InkOS')
note: A dependency of main module 'InkOS' (in target 'InkOS' from project 'InkOS')
note: A dependency of Swift module 'Darwin': '/Applications/Xcode.app/Contents/Developer/Toolchains/XcodeDefault.xctoolchain/usr/lib/swift/iphonesimulator/prebuilt-modules/26.2/Darwin.swiftmodule/arm64-apple-ios-simulator.swiftmodule' (in target 'InkOS' from project 'InkOS')
note: A dependency of Swift module 'System': '/Applications/Xcode.app/Contents/Developer/Toolchains/XcodeDefault.xctoolchain/usr/lib/swift/iphonesimulator/prebuilt-modules/26.2/System.swiftmodule/arm64-apple-ios-simulator.swiftmodule' (in target 'InkOS' from project 'InkOS')
note: A dependency of Swift module 'Darwin': '/Applications/Xcode.app/Contents/Developer/Toolchains/XcodeDefault.xctoolchain/usr/lib/swift/iphonesimulator/prebuilt-modules/26.2/Darwin.swiftmodule/arm64-apple-ios-simulator.swiftmodule' (in target 'InkOS' from project 'InkOS')
note: A dependency of Swift module 'Foundation': '/Applications/Xcode.app/Contents/Developer/Toolchains/XcodeDefault.xctoolchain/usr/lib/swift/iphonesimulator/prebuilt-modules/26.2/Foundation.swiftmodule/arm64-apple-ios-simulator.swiftmodule' (in target 'InkOS' from project 'InkOS')
note: A dependency of Swift module 'CoreData': '/Applications/Xcode.app/Contents/Developer/Toolchains/XcodeDefault.xctoolchain/usr/lib/swift/iphonesimulator/prebuilt-modules/26.2/CoreData.swiftmodule/arm64-apple-ios-simulator.swiftmodule' (in target 'InkOS' from project 'InkOS')
note: A dependency of Swift module 'Combine': '/Applications/Xcode.app/Contents/Developer/Toolchains/XcodeDefault.xctoolchain/usr/lib/swift/iphonesimulator/prebuilt-modules/26.2/Combine.swiftmodule/arm64-apple-ios-simulator.swiftmodule' (in target 'InkOS' from project 'InkOS')
note: A dependency of Swift module 'SwiftUI': '/Applications/Xcode.app/Contents/Developer/Toolchains/XcodeDefault.xctoolchain/usr/lib/swift/iphonesimulator/prebuilt-modules/26.2/SwiftUI.swiftmodule/arm64-apple-ios-simulator.swiftmodule' (in target 'InkOS' from project 'InkOS')
note: A dependency of main module 'InkOS' (in target 'InkOS' from project 'InkOS')
note: A dependency of Swift module 'Darwin': '/Applications/Xcode.app/Contents/Developer/Toolchains/XcodeDefault.xctoolchain/usr/lib/swift/iphonesimulator/prebuilt-modules/26.2/Darwin.swiftmodule/arm64-apple-ios-simulator.swiftmodule' (in target 'InkOS' from project 'InkOS')
note: A dependency of Swift module 'Foundation': '/Applications/Xcode.app/Contents/Developer/Toolchains/XcodeDefault.xctoolchain/usr/lib/swift/iphonesimulator/prebuilt-modules/26.2/Foundation.swiftmodule/arm64-apple-ios-simulator.swiftmodule' (in target 'InkOS' from project 'InkOS')
note: A dependency of Swift module 'CoreData': '/Applications/Xcode.app/Contents/Developer/Toolchains/XcodeDefault.xctoolchain/usr/lib/swift/iphonesimulator/prebuilt-modules/26.2/CoreData.swiftmodule/arm64-apple-ios-simulator.swiftmodule' (in target 'InkOS' from project 'InkOS')
note: A dependency of Swift module 'Combine': '/Applications/Xcode.app/Contents/Developer/Toolchains/XcodeDefault.xctoolchain/usr/lib/swift/iphonesimulator/prebuilt-modules/26.2/Combine.swiftmodule/arm64-apple-ios-simulator.swiftmodule' (in target 'InkOS' from project 'InkOS')
note: A dependency of Swift module 'SwiftUI': '/Applications/Xcode.app/Contents/Developer/Toolchains/XcodeDefault.xctoolchain/usr/lib/swift/iphonesimulator/prebuilt-modules/26.2/SwiftUI.swiftmodule/arm64-apple-ios-simulator.swiftmodule' (in target 'InkOS' from project 'InkOS')
note: A dependency of main module 'InkOS' (in target 'InkOS' from project 'InkOS')
note: A dependency of Swift module 'Darwin': '/Applications/Xcode.app/Contents/Developer/Toolchains/XcodeDefault.xctoolchain/usr/lib/swift/iphonesimulator/prebuilt-modules/26.2/Darwin.swiftmodule/arm64-apple-ios-simulator.swiftmodule' (in target 'InkOS' from project 'InkOS')
note: A dependency of Swift module 'Combine': '/Applications/Xcode.app/Contents/Developer/Toolchains/XcodeDefault.xctoolchain/usr/lib/swift/iphonesimulator/prebuilt-modules/26.2/Combine.swiftmodule/arm64-apple-ios-simulator.swiftmodule' (in target 'InkOS' from project 'InkOS')
note: A dependency of Swift module 'SwiftUI': '/Applications/Xcode.app/Contents/Developer/Toolchains/XcodeDefault.xctoolchain/usr/lib/swift/iphonesimulator/prebuilt-modules/26.2/SwiftUI.swiftmodule/arm64-apple-ios-simulator.swiftmodule' (in target 'InkOS' from project 'InkOS')
note: A dependency of main module 'InkOS' (in target 'InkOS' from project 'InkOS')
error: Unable to find module dependency: 'sys_types' (in target 'InkOS' from project 'InkOS')
note: A dependency of Swift module 'Darwin': '/Applications/Xcode.app/Contents/Developer/Toolchains/XcodeDefault.xctoolchain/usr/lib/swift/iphonesimulator/prebuilt-modules/26.2/Darwin.swiftmodule/arm64-apple-ios-simulator.swiftmodule' (in target 'InkOS' from project 'InkOS')
note: A dependency of Swift module 'Darwin': '/Applications/Xcode.app/Contents/Developer/Toolchains/XcodeDefault.xctoolchain/usr/lib/swift/iphonesimulator/prebuilt-modules/26.2/Darwin.swiftmodule/arm64-apple-ios-simulator.swiftmodule' (in target 'InkOS' from project 'InkOS')
note: A dependency of Swift module 'Darwin': '/Applications/Xcode.app/Contents/Developer/Toolchains/XcodeDefault.xctoolchain/usr/lib/swift/iphonesimulator/prebuilt-modules/26.2/Darwin.swiftmodule/arm64-apple-ios-simulator.swiftmodule' (in target 'InkOS' from project 'InkOS')
note: A dependency of Swift module 'System': '/Applications/Xcode.app/Contents/Developer/Toolchains/XcodeDefault.xctoolchain/usr/lib/swift/iphonesimulator/prebuilt-modules/26.2/System.swiftmodule/arm64-apple-ios-simulator.swiftmodule' (in target 'InkOS' from project 'InkOS')
note: A dependency of Swift module 'Darwin': '/Applications/Xcode.app/Contents/Developer/Toolchains/XcodeDefault.xctoolchain/usr/lib/swift/iphonesimulator/prebuilt-modules/26.2/Darwin.swiftmodule/arm64-apple-ios-simulator.swiftmodule' (in target 'InkOS' from project 'InkOS')
note: A dependency of Swift module 'Foundation': '/Applications/Xcode.app/Contents/Developer/Toolchains/XcodeDefault.xctoolchain/usr/lib/swift/iphonesimulator/prebuilt-modules/26.2/Foundation.swiftmodule/arm64-apple-ios-simulator.swiftmodule' (in target 'InkOS' from project 'InkOS')
note: A dependency of Swift module 'CoreData': '/Applications/Xcode.app/Contents/Developer/Toolchains/XcodeDefault.xctoolchain/usr/lib/swift/iphonesimulator/prebuilt-modules/26.2/CoreData.swiftmodule/arm64-apple-ios-simulator.swiftmodule' (in target 'InkOS' from project 'InkOS')
note: A dependency of Swift module 'Combine': '/Applications/Xcode.app/Contents/Developer/Toolchains/XcodeDefault.xctoolchain/usr/lib/swift/iphonesimulator/prebuilt-modules/26.2/Combine.swiftmodule/arm64-apple-ios-simulator.swiftmodule' (in target 'InkOS' from project 'InkOS')
note: A dependency of Swift module 'SwiftUI': '/Applications/Xcode.app/Contents/Developer/Toolchains/XcodeDefault.xctoolchain/usr/lib/swift/iphonesimulator/prebuilt-modules/26.2/SwiftUI.swiftmodule/arm64-apple-ios-simulator.swiftmodule' (in target 'InkOS' from project 'InkOS')
note: A dependency of main module 'InkOS' (in target 'InkOS' from project 'InkOS')
note: A dependency of Swift module 'Darwin': '/Applications/Xcode.app/Contents/Developer/Toolchains/XcodeDefault.xctoolchain/usr/lib/swift/iphonesimulator/prebuilt-modules/26.2/Darwin.swiftmodule/arm64-apple-ios-simulator.swiftmodule' (in target 'InkOS' from project 'InkOS')
note: A dependency of Swift module 'Darwin': '/Applications/Xcode.app/Contents/Developer/Toolchains/XcodeDefault.xctoolchain/usr/lib/swift/iphonesimulator/prebuilt-modules/26.2/Darwin.swiftmodule/arm64-apple-ios-simulator.swiftmodule' (in target 'InkOS' from project 'InkOS')
note: A dependency of Swift module 'System': '/Applications/Xcode.app/Contents/Developer/Toolchains/XcodeDefault.xctoolchain/usr/lib/swift/iphonesimulator/prebuilt-modules/26.2/System.swiftmodule/arm64-apple-ios-simulator.swiftmodule' (in target 'InkOS' from project 'InkOS')
note: A dependency of Swift module 'Darwin': '/Applications/Xcode.app/Contents/Developer/Toolchains/XcodeDefault.xctoolchain/usr/lib/swift/iphonesimulator/prebuilt-modules/26.2/Darwin.swiftmodule/arm64-apple-ios-simulator.swiftmodule' (in target 'InkOS' from project 'InkOS')
note: A dependency of Swift module 'Foundation': '/Applications/Xcode.app/Contents/Developer/Toolchains/XcodeDefault.xctoolchain/usr/lib/swift/iphonesimulator/prebuilt-modules/26.2/Foundation.swiftmodule/arm64-apple-ios-simulator.swiftmodule' (in target 'InkOS' from project 'InkOS')
note: A dependency of Swift module 'CoreData': '/Applications/Xcode.app/Contents/Developer/Toolchains/XcodeDefault.xctoolchain/usr/lib/swift/iphonesimulator/prebuilt-modules/26.2/CoreData.swiftmodule/arm64-apple-ios-simulator.swiftmodule' (in target 'InkOS' from project 'InkOS')
note: A dependency of Swift module 'Combine': '/Applications/Xcode.app/Contents/Developer/Toolchains/XcodeDefault.xctoolchain/usr/lib/swift/iphonesimulator/prebuilt-modules/26.2/Combine.swiftmodule/arm64-apple-ios-simulator.swiftmodule' (in target 'InkOS' from project 'InkOS')
note: A dependency of Swift module 'SwiftUI': '/Applications/Xcode.app/Contents/Developer/Toolchains/XcodeDefault.xctoolchain/usr/lib/swift/iphonesimulator/prebuilt-modules/26.2/SwiftUI.swiftmodule/arm64-apple-ios-simulator.swiftmodule' (in target 'InkOS' from project 'InkOS')
note: A dependency of main module 'InkOS' (in target 'InkOS' from project 'InkOS')
note: A dependency of Swift module 'Darwin': '/Applications/Xcode.app/Contents/Developer/Toolchains/XcodeDefault.xctoolchain/usr/lib/swift/iphonesimulator/prebuilt-modules/26.2/Darwin.swiftmodule/arm64-apple-ios-simulator.swiftmodule' (in target 'InkOS' from project 'InkOS')
note: A dependency of Swift module 'Darwin': '/Applications/Xcode.app/Contents/Developer/Toolchains/XcodeDefault.xctoolchain/usr/lib/swift/iphonesimulator/prebuilt-modules/26.2/Darwin.swiftmodule/arm64-apple-ios-simulator.swiftmodule' (in target 'InkOS' from project 'InkOS')
note: A dependency of Swift module 'System': '/Applications/Xcode.app/Contents/Developer/Toolchains/XcodeDefault.xctoolchain/usr/lib/swift/iphonesimulator/prebuilt-modules/26.2/System.swiftmodule/arm64-apple-ios-simulator.swiftmodule' (in target 'InkOS' from project 'InkOS')
note: A dependency of Swift module 'Darwin': '/Applications/Xcode.app/Contents/Developer/Toolchains/XcodeDefault.xctoolchain/usr/lib/swift/iphonesimulator/prebuilt-modules/26.2/Darwin.swiftmodule/arm64-apple-ios-simulator.swiftmodule' (in target 'InkOS' from project 'InkOS')
note: A dependency of Swift module 'Foundation': '/Applications/Xcode.app/Contents/Developer/Toolchains/XcodeDefault.xctoolchain/usr/lib/swift/iphonesimulator/prebuilt-modules/26.2/Foundation.swiftmodule/arm64-apple-ios-simulator.swiftmodule' (in target 'InkOS' from project 'InkOS')
note: A dependency of Swift module 'CoreData': '/Applications/Xcode.app/Contents/Developer/Toolchains/XcodeDefault.xctoolchain/usr/lib/swift/iphonesimulator/prebuilt-modules/26.2/CoreData.swiftmodule/arm64-apple-ios-simulator.swiftmodule' (in target 'InkOS' from project 'InkOS')
note: A dependency of Swift module 'Combine': '/Applications/Xcode.app/Contents/Developer/Toolchains/XcodeDefault.xctoolchain/usr/lib/swift/iphonesimulator/prebuilt-modules/26.2/Combine.swiftmodule/arm64-apple-ios-simulator.swiftmodule' (in target 'InkOS' from project 'InkOS')
note: A dependency of Swift module 'SwiftUI': '/Applications/Xcode.app/Contents/Developer/Toolchains/XcodeDefault.xctoolchain/usr/lib/swift/iphonesimulator/prebuilt-modules/26.2/SwiftUI.swiftmodule/arm64-apple-ios-simulator.swiftmodule' (in target 'InkOS' from project 'InkOS')
note: A dependency of main module 'InkOS' (in target 'InkOS' from project 'InkOS')
note: A dependency of Swift module 'Darwin': '/Applications/Xcode.app/Contents/Developer/Toolchains/XcodeDefault.xctoolchain/usr/lib/swift/iphonesimulator/prebuilt-modules/26.2/Darwin.swiftmodule/arm64-apple-ios-simulator.swiftmodule' (in target 'InkOS' from project 'InkOS')
note: A dependency of Swift module 'System': '/Applications/Xcode.app/Contents/Developer/Toolchains/XcodeDefault.xctoolchain/usr/lib/swift/iphonesimulator/prebuilt-modules/26.2/System.swiftmodule/arm64-apple-ios-simulator.swiftmodule' (in target 'InkOS' from project 'InkOS')
note: A dependency of Swift module 'Darwin': '/Applications/Xcode.app/Contents/Developer/Toolchains/XcodeDefault.xctoolchain/usr/lib/swift/iphonesimulator/prebuilt-modules/26.2/Darwin.swiftmodule/arm64-apple-ios-simulator.swiftmodule' (in target 'InkOS' from project 'InkOS')
note: A dependency of Swift module 'Foundation': '/Applications/Xcode.app/Contents/Developer/Toolchains/XcodeDefault.xctoolchain/usr/lib/swift/iphonesimulator/prebuilt-modules/26.2/Foundation.swiftmodule/arm64-apple-ios-simulator.swiftmodule' (in target 'InkOS' from project 'InkOS')
note: A dependency of Swift module 'CoreData': '/Applications/Xcode.app/Contents/Developer/Toolchains/XcodeDefault.xctoolchain/usr/lib/swift/iphonesimulator/prebuilt-modules/26.2/CoreData.swiftmodule/arm64-apple-ios-simulator.swiftmodule' (in target 'InkOS' from project 'InkOS')
note: A dependency of Swift module 'Combine': '/Applications/Xcode.app/Contents/Developer/Toolchains/XcodeDefault.xctoolchain/usr/lib/swift/iphonesimulator/prebuilt-modules/26.2/Combine.swiftmodule/arm64-apple-ios-simulator.swiftmodule' (in target 'InkOS' from project 'InkOS')
note: A dependency of Swift module 'SwiftUI': '/Applications/Xcode.app/Contents/Developer/Toolchains/XcodeDefault.xctoolchain/usr/lib/swift/iphonesimulator/prebuilt-modules/26.2/SwiftUI.swiftmodule/arm64-apple-ios-simulator.swiftmodule' (in target 'InkOS' from project 'InkOS')
note: A dependency of main module 'InkOS' (in target 'InkOS' from project 'InkOS')
note: A dependency of Swift module 'Darwin': '/Applications/Xcode.app/Contents/Developer/Toolchains/XcodeDefault.xctoolchain/usr/lib/swift/iphonesimulator/prebuilt-modules/26.2/Darwin.swiftmodule/arm64-apple-ios-simulator.swiftmodule' (in target 'InkOS' from project 'InkOS')
note: A dependency of Swift module 'Foundation': '/Applications/Xcode.app/Contents/Developer/Toolchains/XcodeDefault.xctoolchain/usr/lib/swift/iphonesimulator/prebuilt-modules/26.2/Foundation.swiftmodule/arm64-apple-ios-simulator.swiftmodule' (in target 'InkOS' from project 'InkOS')
note: A dependency of Swift module 'CoreData': '/Applications/Xcode.app/Contents/Developer/Toolchains/XcodeDefault.xctoolchain/usr/lib/swift/iphonesimulator/prebuilt-modules/26.2/CoreData.swiftmodule/arm64-apple-ios-simulator.swiftmodule' (in target 'InkOS' from project 'InkOS')
note: A dependency of Swift module 'Combine': '/Applications/Xcode.app/Contents/Developer/Toolchains/XcodeDefault.xctoolchain/usr/lib/swift/iphonesimulator/prebuilt-modules/26.2/Combine.swiftmodule/arm64-apple-ios-simulator.swiftmodule' (in target 'InkOS' from project 'InkOS')
note: A dependency of Swift module 'SwiftUI': '/Applications/Xcode.app/Contents/Developer/Toolchains/XcodeDefault.xctoolchain/usr/lib/swift/iphonesimulator/prebuilt-modules/26.2/SwiftUI.swiftmodule/arm64-apple-ios-simulator.swiftmodule' (in target 'InkOS' from project 'InkOS')
note: A dependency of main module 'InkOS' (in target 'InkOS' from project 'InkOS')
note: A dependency of Swift module 'Darwin': '/Applications/Xcode.app/Contents/Developer/Toolchains/XcodeDefault.xctoolchain/usr/lib/swift/iphonesimulator/prebuilt-modules/26.2/Darwin.swiftmodule/arm64-apple-ios-simulator.swiftmodule' (in target 'InkOS' from project 'InkOS')
note: A dependency of Swift module 'Combine': '/Applications/Xcode.app/Contents/Developer/Toolchains/XcodeDefault.xctoolchain/usr/lib/swift/iphonesimulator/prebuilt-modules/26.2/Combine.swiftmodule/arm64-apple-ios-simulator.swiftmodule' (in target 'InkOS' from project 'InkOS')
note: A dependency of Swift module 'SwiftUI': '/Applications/Xcode.app/Contents/Developer/Toolchains/XcodeDefault.xctoolchain/usr/lib/swift/iphonesimulator/prebuilt-modules/26.2/SwiftUI.swiftmodule/arm64-apple-ios-simulator.swiftmodule' (in target 'InkOS' from project 'InkOS')
note: A dependency of main module 'InkOS' (in target 'InkOS' from project 'InkOS')
error: Unable to find module dependency: 'ObjectiveC' (in target 'InkOS' from project 'InkOS')
note: A dependency of Swift module 'ObjectiveC': '/Applications/Xcode.app/Contents/Developer/Toolchains/XcodeDefault.xctoolchain/usr/lib/swift/iphonesimulator/prebuilt-modules/26.2/ObjectiveC.swiftmodule/arm64-apple-ios-simulator.swiftmodule' (in target 'InkOS' from project 'InkOS')
note: A dependency of Swift module 'os': '/Applications/Xcode.app/Contents/Developer/Toolchains/XcodeDefault.xctoolchain/usr/lib/swift/iphonesimulator/prebuilt-modules/26.2/os.swiftmodule/arm64-apple-ios-simulator.swiftmodule' (in target 'InkOS' from project 'InkOS')
note: A dependency of Swift module 'Foundation': '/Applications/Xcode.app/Contents/Developer/Toolchains/XcodeDefault.xctoolchain/usr/lib/swift/iphonesimulator/prebuilt-modules/26.2/Foundation.swiftmodule/arm64-apple-ios-simulator.swiftmodule' (in target 'InkOS' from project 'InkOS')
note: A dependency of Swift module 'CoreData': '/Applications/Xcode.app/Contents/Developer/Toolchains/XcodeDefault.xctoolchain/usr/lib/swift/iphonesimulator/prebuilt-modules/26.2/CoreData.swiftmodule/arm64-apple-ios-simulator.swiftmodule' (in target 'InkOS' from project 'InkOS')
note: A dependency of Swift module 'SwiftUI': '/Applications/Xcode.app/Contents/Developer/Toolchains/XcodeDefault.xctoolchain/usr/lib/swift/iphonesimulator/prebuilt-modules/26.2/SwiftUI.swiftmodule/arm64-apple-ios-simulator.swiftmodule' (in target 'InkOS' from project 'InkOS')
note: A dependency of main module 'InkOS' (in target 'InkOS' from project 'InkOS')
note: A dependency of Swift module 'ObjectiveC': '/Applications/Xcode.app/Contents/Developer/Toolchains/XcodeDefault.xctoolchain/usr/lib/swift/iphonesimulator/prebuilt-modules/26.2/ObjectiveC.swiftmodule/arm64-apple-ios-simulator.swiftmodule' (in target 'InkOS' from project 'InkOS')
note: A dependency of Swift module 'Foundation': '/Applications/Xcode.app/Contents/Developer/Toolchains/XcodeDefault.xctoolchain/usr/lib/swift/iphonesimulator/prebuilt-modules/26.2/Foundation.swiftmodule/arm64-apple-ios-simulator.swiftmodule' (in target 'InkOS' from project 'InkOS')
note: A dependency of Swift module 'CoreData': '/Applications/Xcode.app/Contents/Developer/Toolchains/XcodeDefault.xctoolchain/usr/lib/swift/iphonesimulator/prebuilt-modules/26.2/CoreData.swiftmodule/arm64-apple-ios-simulator.swiftmodule' (in target 'InkOS' from project 'InkOS')
note: A dependency of Swift module 'SwiftUI': '/Applications/Xcode.app/Contents/Developer/Toolchains/XcodeDefault.xctoolchain/usr/lib/swift/iphonesimulator/prebuilt-modules/26.2/SwiftUI.swiftmodule/arm64-apple-ios-simulator.swiftmodule' (in target 'InkOS' from project 'InkOS')
note: A dependency of main module 'InkOS' (in target 'InkOS' from project 'InkOS')
error: Unable to find module dependency: '_SwiftConcurrencyShims' (in target 'InkOS' from project 'InkOS')
note: A dependency of Swift module 'ObjectiveC': '/Applications/Xcode.app/Contents/Developer/Toolchains/XcodeDefault.xctoolchain/usr/lib/swift/iphonesimulator/prebuilt-modules/26.2/ObjectiveC.swiftmodule/arm64-apple-ios-simulator.swiftmodule' (in target 'InkOS' from project 'InkOS')
note: A dependency of Swift module 'os': '/Applications/Xcode.app/Contents/Developer/Toolchains/XcodeDefault.xctoolchain/usr/lib/swift/iphonesimulator/prebuilt-modules/26.2/os.swiftmodule/arm64-apple-ios-simulator.swiftmodule' (in target 'InkOS' from project 'InkOS')
note: A dependency of Swift module 'Foundation': '/Applications/Xcode.app/Contents/Developer/Toolchains/XcodeDefault.xctoolchain/usr/lib/swift/iphonesimulator/prebuilt-modules/26.2/Foundation.swiftmodule/arm64-apple-ios-simulator.swiftmodule' (in target 'InkOS' from project 'InkOS')
note: A dependency of Swift module 'CoreData': '/Applications/Xcode.app/Contents/Developer/Toolchains/XcodeDefault.xctoolchain/usr/lib/swift/iphonesimulator/prebuilt-modules/26.2/CoreData.swiftmodule/arm64-apple-ios-simulator.swiftmodule' (in target 'InkOS' from project 'InkOS')
note: A dependency of Swift module 'SwiftUI': '/Applications/Xcode.app/Contents/Developer/Toolchains/XcodeDefault.xctoolchain/usr/lib/swift/iphonesimulator/prebuilt-modules/26.2/SwiftUI.swiftmodule/arm64-apple-ios-simulator.swiftmodule' (in target 'InkOS' from project 'InkOS')
note: A dependency of main module 'InkOS' (in target 'InkOS' from project 'InkOS')
note: A dependency of Swift module 'ObjectiveC': '/Applications/Xcode.app/Contents/Developer/Toolchains/XcodeDefault.xctoolchain/usr/lib/swift/iphonesimulator/prebuilt-modules/26.2/ObjectiveC.swiftmodule/arm64-apple-ios-simulator.swiftmodule' (in target 'InkOS' from project 'InkOS')
note: A dependency of Swift module 'Foundation': '/Applications/Xcode.app/Contents/Developer/Toolchains/XcodeDefault.xctoolchain/usr/lib/swift/iphonesimulator/prebuilt-modules/26.2/Foundation.swiftmodule/arm64-apple-ios-simulator.swiftmodule' (in target 'InkOS' from project 'InkOS')
note: A dependency of Swift module 'CoreData': '/Applications/Xcode.app/Contents/Developer/Toolchains/XcodeDefault.xctoolchain/usr/lib/swift/iphonesimulator/prebuilt-modules/26.2/CoreData.swiftmodule/arm64-apple-ios-simulator.swiftmodule' (in target 'InkOS' from project 'InkOS')
note: A dependency of Swift module 'SwiftUI': '/Applications/Xcode.app/Contents/Developer/Toolchains/XcodeDefault.xctoolchain/usr/lib/swift/iphonesimulator/prebuilt-modules/26.2/SwiftUI.swiftmodule/arm64-apple-ios-simulator.swiftmodule' (in target 'InkOS' from project 'InkOS')
note: A dependency of main module 'InkOS' (in target 'InkOS' from project 'InkOS')
error: Unable to find module dependency: '_SwiftConcurrencyShims' (in target 'InkOS' from project 'InkOS')
note: A dependency of Swift module 'System': '/Applications/Xcode.app/Contents/Developer/Toolchains/XcodeDefault.xctoolchain/usr/lib/swift/iphonesimulator/prebuilt-modules/26.2/System.swiftmodule/arm64-apple-ios-simulator.swiftmodule' (in target 'InkOS' from project 'InkOS')
note: A dependency of Swift module 'Foundation': '/Applications/Xcode.app/Contents/Developer/Toolchains/XcodeDefault.xctoolchain/usr/lib/swift/iphonesimulator/prebuilt-modules/26.2/Foundation.swiftmodule/arm64-apple-ios-simulator.swiftmodule' (in target 'InkOS' from project 'InkOS')
note: A dependency of Swift module 'CoreData': '/Applications/Xcode.app/Contents/Developer/Toolchains/XcodeDefault.xctoolchain/usr/lib/swift/iphonesimulator/prebuilt-modules/26.2/CoreData.swiftmodule/arm64-apple-ios-simulator.swiftmodule' (in target 'InkOS' from project 'InkOS')
note: A dependency of Swift module 'SwiftUI': '/Applications/Xcode.app/Contents/Developer/Toolchains/XcodeDefault.xctoolchain/usr/lib/swift/iphonesimulator/prebuilt-modules/26.2/SwiftUI.swiftmodule/arm64-apple-ios-simulator.swiftmodule' (in target 'InkOS' from project 'InkOS')
note: A dependency of main module 'InkOS' (in target 'InkOS' from project 'InkOS')
error: Unable to find module dependency: '_Builtin_float' (in target 'InkOS' from project 'InkOS')
note: A dependency of Swift module '_Builtin_float': '/Applications/Xcode.app/Contents/Developer/Toolchains/XcodeDefault.xctoolchain/usr/lib/swift/iphonesimulator/prebuilt-modules/26.2/_Builtin_float.swiftmodule/arm64-apple-ios-simulator.swiftmodule' (in target 'InkOS' from project 'InkOS')
note: A dependency of Swift module 'Darwin': '/Applications/Xcode.app/Contents/Developer/Toolchains/XcodeDefault.xctoolchain/usr/lib/swift/iphonesimulator/prebuilt-modules/26.2/Darwin.swiftmodule/arm64-apple-ios-simulator.swiftmodule' (in target 'InkOS' from project 'InkOS')
note: A dependency of Swift module 'Combine': '/Applications/Xcode.app/Contents/Developer/Toolchains/XcodeDefault.xctoolchain/usr/lib/swift/iphonesimulator/prebuilt-modules/26.2/Combine.swiftmodule/arm64-apple-ios-simulator.swiftmodule' (in target 'InkOS' from project 'InkOS')
note: A dependency of Swift module 'SwiftUI': '/Applications/Xcode.app/Contents/Developer/Toolchains/XcodeDefault.xctoolchain/usr/lib/swift/iphonesimulator/prebuilt-modules/26.2/SwiftUI.swiftmodule/arm64-apple-ios-simulator.swiftmodule' (in target 'InkOS' from project 'InkOS')
note: A dependency of main module 'InkOS' (in target 'InkOS' from project 'InkOS')
error: Unable to find module dependency: '_DarwinFoundation1' (in target 'InkOS' from project 'InkOS')
note: A dependency of Swift module '_DarwinFoundation1': '/Applications/Xcode.app/Contents/Developer/Toolchains/XcodeDefault.xctoolchain/usr/lib/swift/iphonesimulator/prebuilt-modules/26.2/_DarwinFoundation1.swiftmodule/arm64-apple-ios-simulator.swiftmodule' (in target 'InkOS' from project 'InkOS')
note: A dependency of Swift module 'Darwin': '/Applications/Xcode.app/Contents/Developer/Toolchains/XcodeDefault.xctoolchain/usr/lib/swift/iphonesimulator/prebuilt-modules/26.2/Darwin.swiftmodule/arm64-apple-ios-simulator.swiftmodule' (in target 'InkOS' from project 'InkOS')
note: A dependency of Swift module 'Combine': '/Applications/Xcode.app/Contents/Developer/Toolchains/XcodeDefault.xctoolchain/usr/lib/swift/iphonesimulator/prebuilt-modules/26.2/Combine.swiftmodule/arm64-apple-ios-simulator.swiftmodule' (in target 'InkOS' from project 'InkOS')
note: A dependency of Swift module 'SwiftUI': '/Applications/Xcode.app/Contents/Developer/Toolchains/XcodeDefault.xctoolchain/usr/lib/swift/iphonesimulator/prebuilt-modules/26.2/SwiftUI.swiftmodule/arm64-apple-ios-simulator.swiftmodule' (in target 'InkOS' from project 'InkOS')
note: A dependency of main module 'InkOS' (in target 'InkOS' from project 'InkOS')
error: Unable to find module dependency: '_DarwinFoundation1' (in target 'InkOS' from project 'InkOS')
note: A dependency of Swift module '_DarwinFoundation1': '/Applications/Xcode.app/Contents/Developer/Toolchains/XcodeDefault.xctoolchain/usr/lib/swift/iphonesimulator/prebuilt-modules/26.2/_DarwinFoundation1.swiftmodule/arm64-apple-ios-simulator.swiftmodule' (in target 'InkOS' from project 'InkOS')
note: A dependency of Swift module 'Darwin': '/Applications/Xcode.app/Contents/Developer/Toolchains/XcodeDefault.xctoolchain/usr/lib/swift/iphonesimulator/prebuilt-modules/26.2/Darwin.swiftmodule/arm64-apple-ios-simulator.swiftmodule' (in target 'InkOS' from project 'InkOS')
note: A dependency of Swift module 'Combine': '/Applications/Xcode.app/Contents/Developer/Toolchains/XcodeDefault.xctoolchain/usr/lib/swift/iphonesimulator/prebuilt-modules/26.2/Combine.swiftmodule/arm64-apple-ios-simulator.swiftmodule' (in target 'InkOS' from project 'InkOS')
note: A dependency of Swift module 'SwiftUI': '/Applications/Xcode.app/Contents/Developer/Toolchains/XcodeDefault.xctoolchain/usr/lib/swift/iphonesimulator/prebuilt-modules/26.2/SwiftUI.swiftmodule/arm64-apple-ios-simulator.swiftmodule' (in target 'InkOS' from project 'InkOS')
note: A dependency of main module 'InkOS' (in target 'InkOS' from project 'InkOS')
error: Unable to find module dependency: '_DarwinFoundation1' (in target 'InkOS' from project 'InkOS')
note: A dependency of Swift module '_DarwinFoundation1': '/Applications/Xcode.app/Contents/Developer/Toolchains/XcodeDefault.xctoolchain/usr/lib/swift/iphonesimulator/prebuilt-modules/26.2/_DarwinFoundation1.swiftmodule/arm64-apple-ios-simulator.swiftmodule' (in target 'InkOS' from project 'InkOS')
note: A dependency of Swift module 'Darwin': '/Applications/Xcode.app/Contents/Developer/Toolchains/XcodeDefault.xctoolchain/usr/lib/swift/iphonesimulator/prebuilt-modules/26.2/Darwin.swiftmodule/arm64-apple-ios-simulator.swiftmodule' (in target 'InkOS' from project 'InkOS')
note: A dependency of Swift module 'Combine': '/Applications/Xcode.app/Contents/Developer/Toolchains/XcodeDefault.xctoolchain/usr/lib/swift/iphonesimulator/prebuilt-modules/26.2/Combine.swiftmodule/arm64-apple-ios-simulator.swiftmodule' (in target 'InkOS' from project 'InkOS')
note: A dependency of Swift module 'SwiftUI': '/Applications/Xcode.app/Contents/Developer/Toolchains/XcodeDefault.xctoolchain/usr/lib/swift/iphonesimulator/prebuilt-modules/26.2/SwiftUI.swiftmodule/arm64-apple-ios-simulator.swiftmodule' (in target 'InkOS' from project 'InkOS')
note: A dependency of main module 'InkOS' (in target 'InkOS' from project 'InkOS')
error: Unable to find module dependency: '_DarwinFoundation2' (in target 'InkOS' from project 'InkOS')
note: A dependency of Swift module '_DarwinFoundation2': '/Applications/Xcode.app/Contents/Developer/Toolchains/XcodeDefault.xctoolchain/usr/lib/swift/iphonesimulator/prebuilt-modules/26.2/_DarwinFoundation2.swiftmodule/arm64-apple-ios-simulator.swiftmodule' (in target 'InkOS' from project 'InkOS')
note: A dependency of Swift module 'Darwin': '/Applications/Xcode.app/Contents/Developer/Toolchains/XcodeDefault.xctoolchain/usr/lib/swift/iphonesimulator/prebuilt-modules/26.2/Darwin.swiftmodule/arm64-apple-ios-simulator.swiftmodule' (in target 'InkOS' from project 'InkOS')
note: A dependency of Swift module 'Combine': '/Applications/Xcode.app/Contents/Developer/Toolchains/XcodeDefault.xctoolchain/usr/lib/swift/iphonesimulator/prebuilt-modules/26.2/Combine.swiftmodule/arm64-apple-ios-simulator.swiftmodule' (in target 'InkOS' from project 'InkOS')
note: A dependency of Swift module 'SwiftUI': '/Applications/Xcode.app/Contents/Developer/Toolchains/XcodeDefault.xctoolchain/usr/lib/swift/iphonesimulator/prebuilt-modules/26.2/SwiftUI.swiftmodule/arm64-apple-ios-simulator.swiftmodule' (in target 'InkOS' from project 'InkOS')
note: A dependency of main module 'InkOS' (in target 'InkOS' from project 'InkOS')
error: Unable to find module dependency: '_DarwinFoundation2' (in target 'InkOS' from project 'InkOS')
note: A dependency of Swift module '_DarwinFoundation2': '/Applications/Xcode.app/Contents/Developer/Toolchains/XcodeDefault.xctoolchain/usr/lib/swift/iphonesimulator/prebuilt-modules/26.2/_DarwinFoundation2.swiftmodule/arm64-apple-ios-simulator.swiftmodule' (in target 'InkOS' from project 'InkOS')
note: A dependency of Swift module 'Darwin': '/Applications/Xcode.app/Contents/Developer/Toolchains/XcodeDefault.xctoolchain/usr/lib/swift/iphonesimulator/prebuilt-modules/26.2/Darwin.swiftmodule/arm64-apple-ios-simulator.swiftmodule' (in target 'InkOS' from project 'InkOS')
note: A dependency of Swift module 'Combine': '/Applications/Xcode.app/Contents/Developer/Toolchains/XcodeDefault.xctoolchain/usr/lib/swift/iphonesimulator/prebuilt-modules/26.2/Combine.swiftmodule/arm64-apple-ios-simulator.swiftmodule' (in target 'InkOS' from project 'InkOS')
note: A dependency of Swift module 'SwiftUI': '/Applications/Xcode.app/Contents/Developer/Toolchains/XcodeDefault.xctoolchain/usr/lib/swift/iphonesimulator/prebuilt-modules/26.2/SwiftUI.swiftmodule/arm64-apple-ios-simulator.swiftmodule' (in target 'InkOS' from project 'InkOS')
note: A dependency of main module 'InkOS' (in target 'InkOS' from project 'InkOS')
error: Unable to find module dependency: '_DarwinFoundation2' (in target 'InkOS' from project 'InkOS')
note: A dependency of Swift module '_DarwinFoundation2': '/Applications/Xcode.app/Contents/Developer/Toolchains/XcodeDefault.xctoolchain/usr/lib/swift/iphonesimulator/prebuilt-modules/26.2/_DarwinFoundation2.swiftmodule/arm64-apple-ios-simulator.swiftmodule' (in target 'InkOS' from project 'InkOS')
note: A dependency of Swift module 'Darwin': '/Applications/Xcode.app/Contents/Developer/Toolchains/XcodeDefault.xctoolchain/usr/lib/swift/iphonesimulator/prebuilt-modules/26.2/Darwin.swiftmodule/arm64-apple-ios-simulator.swiftmodule' (in target 'InkOS' from project 'InkOS')
note: A dependency of Swift module 'Combine': '/Applications/Xcode.app/Contents/Developer/Toolchains/XcodeDefault.xctoolchain/usr/lib/swift/iphonesimulator/prebuilt-modules/26.2/Combine.swiftmodule/arm64-apple-ios-simulator.swiftmodule' (in target 'InkOS' from project 'InkOS')
note: A dependency of Swift module 'SwiftUI': '/Applications/Xcode.app/Contents/Developer/Toolchains/XcodeDefault.xctoolchain/usr/lib/swift/iphonesimulator/prebuilt-modules/26.2/SwiftUI.swiftmodule/arm64-apple-ios-simulator.swiftmodule' (in target 'InkOS' from project 'InkOS')
note: A dependency of main module 'InkOS' (in target 'InkOS' from project 'InkOS')
error: Unable to find module dependency: '_DarwinFoundation2' (in target 'InkOS' from project 'InkOS')
note: A dependency of Swift module '_DarwinFoundation2': '/Applications/Xcode.app/Contents/Developer/Toolchains/XcodeDefault.xctoolchain/usr/lib/swift/iphonesimulator/prebuilt-modules/26.2/_DarwinFoundation2.swiftmodule/arm64-apple-ios-simulator.swiftmodule' (in target 'InkOS' from project 'InkOS')
note: A dependency of Swift module 'Darwin': '/Applications/Xcode.app/Contents/Developer/Toolchains/XcodeDefault.xctoolchain/usr/lib/swift/iphonesimulator/prebuilt-modules/26.2/Darwin.swiftmodule/arm64-apple-ios-simulator.swiftmodule' (in target 'InkOS' from project 'InkOS')
note: A dependency of Swift module 'Combine': '/Applications/Xcode.app/Contents/Developer/Toolchains/XcodeDefault.xctoolchain/usr/lib/swift/iphonesimulator/prebuilt-modules/26.2/Combine.swiftmodule/arm64-apple-ios-simulator.swiftmodule' (in target 'InkOS' from project 'InkOS')
note: A dependency of Swift module 'SwiftUI': '/Applications/Xcode.app/Contents/Developer/Toolchains/XcodeDefault.xctoolchain/usr/lib/swift/iphonesimulator/prebuilt-modules/26.2/SwiftUI.swiftmodule/arm64-apple-ios-simulator.swiftmodule' (in target 'InkOS' from project 'InkOS')
note: A dependency of main module 'InkOS' (in target 'InkOS' from project 'InkOS')
error: Unable to find module dependency: '_DarwinFoundation3' (in target 'InkOS' from project 'InkOS')
note: A dependency of Swift module '_DarwinFoundation3': '/Applications/Xcode.app/Contents/Developer/Toolchains/XcodeDefault.xctoolchain/usr/lib/swift/iphonesimulator/prebuilt-modules/26.2/_DarwinFoundation3.swiftmodule/arm64-apple-ios-simulator.swiftmodule' (in target 'InkOS' from project 'InkOS')
note: A dependency of Swift module 'Darwin': '/Applications/Xcode.app/Contents/Developer/Toolchains/XcodeDefault.xctoolchain/usr/lib/swift/iphonesimulator/prebuilt-modules/26.2/Darwin.swiftmodule/arm64-apple-ios-simulator.swiftmodule' (in target 'InkOS' from project 'InkOS')
note: A dependency of Swift module 'Combine': '/Applications/Xcode.app/Contents/Developer/Toolchains/XcodeDefault.xctoolchain/usr/lib/swift/iphonesimulator/prebuilt-modules/26.2/Combine.swiftmodule/arm64-apple-ios-simulator.swiftmodule' (in target 'InkOS' from project 'InkOS')
note: A dependency of Swift module 'SwiftUI': '/Applications/Xcode.app/Contents/Developer/Toolchains/XcodeDefault.xctoolchain/usr/lib/swift/iphonesimulator/prebuilt-modules/26.2/SwiftUI.swiftmodule/arm64-apple-ios-simulator.swiftmodule' (in target 'InkOS' from project 'InkOS')
note: A dependency of main module 'InkOS' (in target 'InkOS' from project 'InkOS')
error: Unable to find module dependency: '_DarwinFoundation3' (in target 'InkOS' from project 'InkOS')
note: A dependency of Swift module '_DarwinFoundation3': '/Applications/Xcode.app/Contents/Developer/Toolchains/XcodeDefault.xctoolchain/usr/lib/swift/iphonesimulator/prebuilt-modules/26.2/_DarwinFoundation3.swiftmodule/arm64-apple-ios-simulator.swiftmodule' (in target 'InkOS' from project 'InkOS')
note: A dependency of Swift module 'Darwin': '/Applications/Xcode.app/Contents/Developer/Toolchains/XcodeDefault.xctoolchain/usr/lib/swift/iphonesimulator/prebuilt-modules/26.2/Darwin.swiftmodule/arm64-apple-ios-simulator.swiftmodule' (in target 'InkOS' from project 'InkOS')
note: A dependency of Swift module 'Combine': '/Applications/Xcode.app/Contents/Developer/Toolchains/XcodeDefault.xctoolchain/usr/lib/swift/iphonesimulator/prebuilt-modules/26.2/Combine.swiftmodule/arm64-apple-ios-simulator.swiftmodule' (in target 'InkOS' from project 'InkOS')
note: A dependency of Swift module 'SwiftUI': '/Applications/Xcode.app/Contents/Developer/Toolchains/XcodeDefault.xctoolchain/usr/lib/swift/iphonesimulator/prebuilt-modules/26.2/SwiftUI.swiftmodule/arm64-apple-ios-simulator.swiftmodule' (in target 'InkOS' from project 'InkOS')
note: A dependency of main module 'InkOS' (in target 'InkOS' from project 'InkOS')
error: Unable to find module dependency: '_DarwinFoundation3' (in target 'InkOS' from project 'InkOS')
note: A dependency of Swift module '_DarwinFoundation3': '/Applications/Xcode.app/Contents/Developer/Toolchains/XcodeDefault.xctoolchain/usr/lib/swift/iphonesimulator/prebuilt-modules/26.2/_DarwinFoundation3.swiftmodule/arm64-apple-ios-simulator.swiftmodule' (in target 'InkOS' from project 'InkOS')
note: A dependency of Swift module 'Darwin': '/Applications/Xcode.app/Contents/Developer/Toolchains/XcodeDefault.xctoolchain/usr/lib/swift/iphonesimulator/prebuilt-modules/26.2/Darwin.swiftmodule/arm64-apple-ios-simulator.swiftmodule' (in target 'InkOS' from project 'InkOS')
note: A dependency of Swift module 'Combine': '/Applications/Xcode.app/Contents/Developer/Toolchains/XcodeDefault.xctoolchain/usr/lib/swift/iphonesimulator/prebuilt-modules/26.2/Combine.swiftmodule/arm64-apple-ios-simulator.swiftmodule' (in target 'InkOS' from project 'InkOS')
note: A dependency of Swift module 'SwiftUI': '/Applications/Xcode.app/Contents/Developer/Toolchains/XcodeDefault.xctoolchain/usr/lib/swift/iphonesimulator/prebuilt-modules/26.2/SwiftUI.swiftmodule/arm64-apple-ios-simulator.swiftmodule' (in target 'InkOS' from project 'InkOS')
note: A dependency of main module 'InkOS' (in target 'InkOS' from project 'InkOS')
error: Unable to find module dependency: '_DarwinFoundation3' (in target 'InkOS' from project 'InkOS')
note: A dependency of Swift module '_DarwinFoundation3': '/Applications/Xcode.app/Contents/Developer/Toolchains/XcodeDefault.xctoolchain/usr/lib/swift/iphonesimulator/prebuilt-modules/26.2/_DarwinFoundation3.swiftmodule/arm64-apple-ios-simulator.swiftmodule' (in target 'InkOS' from project 'InkOS')
note: A dependency of Swift module 'Darwin': '/Applications/Xcode.app/Contents/Developer/Toolchains/XcodeDefault.xctoolchain/usr/lib/swift/iphonesimulator/prebuilt-modules/26.2/Darwin.swiftmodule/arm64-apple-ios-simulator.swiftmodule' (in target 'InkOS' from project 'InkOS')
note: A dependency of Swift module 'Combine': '/Applications/Xcode.app/Contents/Developer/Toolchains/XcodeDefault.xctoolchain/usr/lib/swift/iphonesimulator/prebuilt-modules/26.2/Combine.swiftmodule/arm64-apple-ios-simulator.swiftmodule' (in target 'InkOS' from project 'InkOS')
note: A dependency of Swift module 'SwiftUI': '/Applications/Xcode.app/Contents/Developer/Toolchains/XcodeDefault.xctoolchain/usr/lib/swift/iphonesimulator/prebuilt-modules/26.2/SwiftUI.swiftmodule/arm64-apple-ios-simulator.swiftmodule' (in target 'InkOS' from project 'InkOS')
note: A dependency of main module 'InkOS' (in target 'InkOS' from project 'InkOS')
error: Bridging header dependency scan failure: fatal error: module map file '/Users/andrewallen/Library/Developer/Xcode/DerivedData/InkOS-hihmbestuurshsgyovxqmygopffq/Build/Products/Debug-iphonesimulator/MyScriptInteractiveInk-Runtime/MyScriptInteractiveInk_Runtime.modulemap' not found
fatal error: module map file '/Users/andrewallen/Library/Developer/Xcode/DerivedData/InkOS-hihmbestuurshsgyovxqmygopffq/Build/Products/Debug-iphonesimulator/MyScriptInteractiveInk-Runtime/MyScriptInteractiveInk_Runtime.modulemap' not found
fatal error: module map file '/Users/andrewallen/Library/Developer/Xcode/DerivedData/InkOS-hihmbestuurshsgyovxqmygopffq/Build/Products/Debug-iphonesimulator/MyScriptInteractiveInk-Runtime/MyScriptInteractiveInk_Runtime.modulemap' not found
fatal error: module map file '/Users/andrewallen/Library/Developer/Xcode/DerivedData/InkOS-hihmbestuurshsgyovxqmygopffq/Build/Products/Debug-iphonesimulator/MyScriptInteractiveInk-Runtime/MyScriptInteractiveInk_Runtime.modulemap' not found
fatal error: module map file '/Users/andrewallen/Library/Developer/Xcode/DerivedData/InkOS-hihmbestuurshsgyovxqmygopffq/Build/Products/Debug-iphonesimulator/MyScriptInteractiveInk-Runtime/MyScriptInteractiveInk_Runtime.modulemap' not found
fatal error: module map file '/Users/andrewallen/Library/Developer/Xcode/DerivedData/InkOS-hihmbestuurshsgyovxqmygopffq/Build/Products/Debug-iphonesimulator/MyScriptInteractiveInk-Runtime/MyScriptInteractiveInk_Runtime.modulemap' not found
fatal error: module map file '/Users/andrewallen/Library/Developer/Xcode/DerivedData/InkOS-hihmbestuurshsgyovxqmygopffq/Build/Products/Debug-iphonesimulator/MyScriptInteractiveInk-Runtime/MyScriptInteractiveInk_Runtime.modulemap' not found
fatal error: module map file '/Users/andrewallen/Library/Developer/Xcode/DerivedData/InkOS-hihmbestuurshsgyovxqmygopffq/Build/Products/Debug-iphonesimulator/MyScriptInteractiveInk-Runtime/MyScriptInteractiveInk_Runtime.modulemap' not found
fatal error: module map file '/Users/andrewallen/Library/Developer/Xcode/DerivedData/InkOS-hihmbestuurshsgyovxqmygopffq/Build/Products/Debug-iphonesimulator/MyScriptInteractiveInk-Runtime/MyScriptInteractiveInk_Runtime.modulemap' not found
fatal error: module map file '/Users/andrewallen/Library/Developer/Xcode/DerivedData/InkOS-hihmbestuurshsgyovxqmygopffq/Build/Products/Debug-iphonesimulator/MyScriptInteractiveInk-Runtime/MyScriptInteractiveInk_Runtime.modulemap' not found
fatal error: module map file '/Users/andrewallen/Library/Developer/Xcode/DerivedData/InkOS-hihmbestuurshsgyovxqmygopffq/Build/Products/Debug-iphonesimulator/MyScriptInteractiveInk-Runtime/MyScriptInteractiveInk_Runtime.modulemap' not found
fatal error: module map file '/Users/andrewallen/Library/Developer/Xcode/DerivedData/InkOS-hihmbestuurshsgyovxqmygopffq/Build/Products/Debug-iphonesimulator/MyScriptInteractiveInk-Runtime/MyScriptInteractiveInk_Runtime.modulemap' not found
fatal error: module map file '/Users/andrewallen/Library/Developer/Xcode/DerivedData/InkOS-hihmbestuurshsgyovxqmygopffq/Build/Products/Debug-iphonesimulator/MyScriptInteractiveInk-Runtime/MyScriptInteractiveInk_Runtime.modulemap' not found
fatal error: module map file '/Users/andrewallen/Library/Developer/Xcode/DerivedData/InkOS-hihmbestuurshsgyovxqmygopffq/Build/Products/Debug-iphonesimulator/MyScriptInteractiveInk-Runtime/MyScriptInteractiveInk_Runtime.modulemap' not found
fatal error: module map file '/Users/andrewallen/Library/Developer/Xcode/DerivedData/InkOS-hihmbestuurshsgyovxqmygopffq/Build/Products/Debug-iphonesimulator/MyScriptInteractiveInk-Runtime/MyScriptInteractiveInk_Runtime.modulemap' not found
fatal error: module map file '/Users/andrewallen/Library/Developer/Xcode/DerivedData/InkOS-hihmbestuurshsgyovxqmygopffq/Build/Products/Debug-iphonesimulator/MyScriptInteractiveInk-Runtime/MyScriptInteractiveInk_Runtime.modulemap' not found
fatal error: module map file '/Users/andrewallen/Library/Developer/Xcode/DerivedData/InkOS-hihmbestuurshsgyovxqmygopffq/Build/Products/Debug-iphonesimulator/MyScriptInteractiveInk-Runtime/MyScriptInteractiveInk_Runtime.modulemap' not found
fatal error: module map file '/Users/andrewallen/Library/Developer/Xcode/DerivedData/InkOS-hihmbestuurshsgyovxqmygopffq/Build/Products/Debug-iphonesimulator/MyScriptInteractiveInk-Runtime/MyScriptInteractiveInk_Runtime.modulemap' not found
fatal error: module map file '/Users/andrewallen/Library/Developer/Xcode/DerivedData/InkOS-hihmbestuurshsgyovxqmygopffq/Build/Products/Debug-iphonesimulator/MyScriptInteractiveInk-Runtime/MyScriptInteractiveInk_Runtime.modulemap' not found
fatal error: module map file '/Users/andrewallen/Library/Developer/Xcode/DerivedData/InkOS-hihmbestuurshsgyovxqmygopffq/Build/Products/Debug-iphonesimulator/MyScriptInteractiveInk-Runtime/MyScriptInteractiveInk_Runtime.modulemap' not found
fatal error: module map file '/Users/andrewallen/Library/Developer/Xcode/DerivedData/InkOS-hihmbestuurshsgyovxqmygopffq/Build/Products/Debug-iphonesimulator/MyScriptInteractiveInk-Runtime/MyScriptInteractiveInk_Runtime.modulemap' not found
fatal error: module map file '/Users/andrewallen/Library/Developer/Xcode/DerivedData/InkOS-hihmbestuurshsgyovxqmygopffq/Build/Products/Debug-iphonesimulator/MyScriptInteractiveInk-Runtime/MyScriptInteractiveInk_Runtime.modulemap' not found
fatal error: module map file '/Users/andrewallen/Library/Developer/Xcode/DerivedData/InkOS-hihmbestuurshsgyovxqmygopffq/Build/Products/Debug-iphonesimulator/MyScriptInteractiveInk-Runtime/MyScriptInteractiveInk_Runtime.modulemap' not found
fatal error: module map file '/Users/andrewallen/Library/Developer/Xcode/DerivedData/InkOS-hihmbestuurshsgyovxqmygopffq/Build/Products/Debug-iphonesimulator/MyScriptInteractiveInk-Runtime/MyScriptInteractiveInk_Runtime.modulemap' not found
fatal error: module map file '/Users/andrewallen/Library/Developer/Xcode/DerivedData/InkOS-hihmbestuurshsgyovxqmygopffq/Build/Products/Debug-iphonesimulator/MyScriptInteractiveInk-Runtime/MyScriptInteractiveInk_Runtime.modulemap' not found
fatal error: module map file '/Users/andrewallen/Library/Developer/Xcode/DerivedData/InkOS-hihmbestuurshsgyovxqmygopffq/Build/Products/Debug-iphonesimulator/MyScriptInteractiveInk-Runtime/MyScriptInteractiveInk_Runtime.modulemap' not found
fatal error: module map file '/Users/andrewallen/Library/Developer/Xcode/DerivedData/InkOS-hihmbestuurshsgyovxqmygopffq/Build/Products/Debug-iphonesimulator/MyScriptInteractiveInk-Runtime/MyScriptInteractiveInk_Runtime.modulemap' not found
fatal error: module map file '/Users/andrewallen/Library/Developer/Xcode/DerivedData/InkOS-hihmbestuurshsgyovxqmygopffq/Build/Products/Debug-iphonesimulator/MyScriptInteractiveInk-Runtime/MyScriptInteractiveInk_Runtime.modulemap' not found
fatal error: module map file '/Users/andrewallen/Library/Developer/Xcode/DerivedData/InkOS-hihmbestuurshsgyovxqmygopffq/Build/Products/Debug-iphonesimulator/MyScriptInteractiveInk-Runtime/MyScriptInteractiveInk_Runtime.modulemap' not found
fatal error: module map file '/Users/andrewallen/Library/Developer/Xcode/DerivedData/InkOS-hihmbestuurshsgyovxqmygopffq/Build/Products/Debug-iphonesimulator/MyScriptInteractiveInk-Runtime/MyScriptInteractiveInk_Runtime.modulemap' not found
fatal error: module map file '/Users/andrewallen/Library/Developer/Xcode/DerivedData/InkOS-hihmbestuurshsgyovxqmygopffq/Build/Products/Debug-iphonesimulator/MyScriptInteractiveInk-Runtime/MyScriptInteractiveInk_Runtime.modulemap' not found
fatal error: module map file '/Users/andrewallen/Library/Developer/Xcode/DerivedData/InkOS-hihmbestuurshsgyovxqmygopffq/Build/Products/Debug-iphonesimulator/MyScriptInteractiveInk-Runtime/MyScriptInteractiveInk_Runtime.modulemap' not found
fatal error: module map file '/Users/andrewallen/Library/Developer/Xcode/DerivedData/InkOS-hihmbestuurshsgyovxqmygopffq/Build/Products/Debug-iphonesimulator/MyScriptInteractiveInk-Runtime/MyScriptInteractiveInk_Runtime.modulemap' not found
fatal error: module map file '/Users/andrewallen/Library/Developer/Xcode/DerivedData/InkOS-hihmbestuurshsgyovxqmygopffq/Build/Products/Debug-iphonesimulator/MyScriptInteractiveInk-Runtime/MyScriptInteractiveInk_Runtime.modulemap' not found
fatal error: module map file '/Users/andrewallen/Library/Developer/Xcode/DerivedData/InkOS-hihmbestuurshsgyovxqmygopffq/Build/Products/Debug-iphonesimulator/MyScriptInteractiveInk-Runtime/MyScriptInteractiveInk_Runtime.modulemap' not found
fatal error: module map file '/Users/andrewallen/Library/Developer/Xcode/DerivedData/InkOS-hihmbestuurshsgyovxqmygopffq/Build/Products/Debug-iphonesimulator/MyScriptInteractiveInk-Runtime/MyScriptInteractiveInk_Runtime.modulemap' not found
fatal error: module map file '/Users/andrewallen/Library/Developer/Xcode/DerivedData/InkOS-hihmbestuurshsgyovxqmygopffq/Build/Products/Debug-iphonesimulator/MyScriptInteractiveInk-Runtime/MyScriptInteractiveInk_Runtime.modulemap' not found
fatal error: module map file '/Users/andrewallen/Library/Developer/Xcode/DerivedData/InkOS-hihmbestuurshsgyovxqmygopffq/Build/Products/Debug-iphonesimulator/MyScriptInteractiveInk-Runtime/MyScriptInteractiveInk_Runtime.modulemap' not found
 (in target 'InkOS' from project 'InkOS')

LinkAssetCatalog /Users/andrewallen/Desktop/swift_projects/InkOS-testing/InkOS/Assets.xcassets (in target 'InkOS' from project 'InkOS')
    cd /Users/andrewallen/Desktop/swift_projects/InkOS-testing
    builtin-linkAssetCatalog --thinned /Users/andrewallen/Library/Developer/Xcode/DerivedData/InkOS-hihmbestuurshsgyovxqmygopffq/Build/Intermediates.noindex/InkOS.build/Debug-iphonesimulator/InkOS.build/assetcatalog_output/thinned --thinned-dependencies /Users/andrewallen/Library/Developer/Xcode/DerivedData/InkOS-hihmbestuurshsgyovxqmygopffq/Build/Intermediates.noindex/InkOS.build/Debug-iphonesimulator/InkOS.build/assetcatalog_dependencies_thinned --thinned-info-plist-content /Users/andrewallen/Library/Developer/Xcode/DerivedData/InkOS-hihmbestuurshsgyovxqmygopffq/Build/Intermediates.noindex/InkOS.build/Debug-iphonesimulator/InkOS.build/assetcatalog_generated_info.plist_thinned --unthinned /Users/andrewallen/Library/Developer/Xcode/DerivedData/InkOS-hihmbestuurshsgyovxqmygopffq/Build/Intermediates.noindex/InkOS.build/Debug-iphonesimulator/InkOS.build/assetcatalog_output/unthinned --unthinned-dependencies /Users/andrewallen/Library/Developer/Xcode/DerivedData/InkOS-hihmbestuurshsgyovxqmygopffq/Build/Intermediates.noindex/InkOS.build/Debug-iphonesimulator/InkOS.build/assetcatalog_dependencies_unthinned --unthinned-info-plist-content /Users/andrewallen/Library/Developer/Xcode/DerivedData/InkOS-hihmbestuurshsgyovxqmygopffq/Build/Intermediates.noindex/InkOS.build/Debug-iphonesimulator/InkOS.build/assetcatalog_generated_info.plist_unthinned --output /Users/andrewallen/Library/Developer/Xcode/DerivedData/InkOS-hihmbestuurshsgyovxqmygopffq/Build/Products/Debug-iphonesimulator/InkOS.app --plist-output /Users/andrewallen/Library/Developer/Xcode/DerivedData/InkOS-hihmbestuurshsgyovxqmygopffq/Build/Intermediates.noindex/InkOS.build/Debug-iphonesimulator/InkOS.build/assetcatalog_generated_info.plist

ProcessInfoPlistFile /Users/andrewallen/Library/Developer/Xcode/DerivedData/InkOS-hihmbestuurshsgyovxqmygopffq/Build/Products/Debug-iphonesimulator/InkOS.app/Info.plist /Users/andrewallen/Desktop/swift_projects/InkOS-testing/InkOS/Info.plist (in target 'InkOS' from project 'InkOS')
    cd /Users/andrewallen/Desktop/swift_projects/InkOS-testing
    builtin-infoPlistUtility /Users/andrewallen/Desktop/swift_projects/InkOS-testing/InkOS/Info.plist -producttype com.apple.product-type.application -genpkginfo /Users/andrewallen/Library/Developer/Xcode/DerivedData/InkOS-hihmbestuurshsgyovxqmygopffq/Build/Products/Debug-iphonesimulator/InkOS.app/PkgInfo -expandbuildsettings -format binary -platform iphonesimulator -additionalcontentfile /Users/andrewallen/Library/Developer/Xcode/DerivedData/InkOS-hihmbestuurshsgyovxqmygopffq/Build/Intermediates.noindex/InkOS.build/Debug-iphonesimulator/InkOS.build/assetcatalog_generated_info.plist -o /Users/andrewallen/Library/Developer/Xcode/DerivedData/InkOS-hihmbestuurshsgyovxqmygopffq/Build/Products/Debug-iphonesimulator/InkOS.app/Info.plist

SwiftDriver\ Compilation\ Requirements InkOS normal arm64 com.apple.xcode.tools.swift.compiler (in target 'InkOS' from project 'InkOS')
    cd /Users/andrewallen/Desktop/swift_projects/InkOS-testing
    builtin-Swift-Compilation-Requirements -- /Applications/Xcode.app/Contents/Developer/Toolchains/XcodeDefault.xctoolchain/usr/bin/swiftc -module-name InkOS -Onone -enforce-exclusivity\=checked @/Users/andrewallen/Library/Developer/Xcode/DerivedData/InkOS-hihmbestuurshsgyovxqmygopffq/Build/Intermediates.noindex/InkOS.build/Debug-iphonesimulator/InkOS.build/Objects-normal/arm64/InkOS.SwiftFileList -DDEBUG -D COCOAPODS -Xcc -fmodule-map-file\=/Users/andrewallen/Library/Developer/Xcode/DerivedData/InkOS-hihmbestuurshsgyovxqmygopffq/Build/Products/Debug-iphonesimulator/MyScriptInteractiveInk-Runtime/MyScriptInteractiveInk_Runtime.modulemap -enable-bare-slash-regex -enable-upcoming-feature DisableOutwardActorInference -enable-upcoming-feature InferSendableFromCaptures -enable-upcoming-feature GlobalActorIsolatedTypesUsability -enable-upcoming-feature MemberImportVisibility -enable-upcoming-feature InferIsolatedConformances -enable-upcoming-feature NonisolatedNonsendingByDefault -enable-experimental-feature DebugDescriptionMacro -sdk /Applications/Xcode.app/Contents/Developer/Platforms/iPhoneSimulator.platform/Developer/SDKs/iPhoneSimulator26.2.sdk -target arm64-apple-ios26.2-simulator -g -module-cache-path /Users/andrewallen/Library/Developer/Xcode/DerivedData/ModuleCache.noindex -Xfrontend -serialize-debugging-options -enable-testing -index-store-path /Users/andrewallen/Library/Developer/Xcode/DerivedData/InkOS-hihmbestuurshsgyovxqmygopffq/Index.noindex/DataStore -Xcc -D_LIBCPP_HARDENING_MODE\=_LIBCPP_HARDENING_MODE_DEBUG -swift-version 5 -I /Users/andrewallen/Library/Developer/Xcode/DerivedData/InkOS-hihmbestuurshsgyovxqmygopffq/Build/Products/Debug-iphonesimulator -I /Users/andrewallen/Library/Developer/Xcode/DerivedData/InkOS-hihmbestuurshsgyovxqmygopffq/Build/Products/Debug-iphonesimulator/MyScriptInteractiveInk-Runtime -F /Users/andrewallen/Library/Developer/Xcode/DerivedData/InkOS-hihmbestuurshsgyovxqmygopffq/Build/Products/Debug-iphonesimulator -F /Users/andrewallen/Desktop/swift_projects/InkOS-testing/Pods/MyScriptInteractiveInk-Runtime -emit-localized-strings -emit-localized-strings-path /Users/andrewallen/Library/Developer/Xcode/DerivedData/InkOS-hihmbestuurshsgyovxqmygopffq/Build/Intermediates.noindex/InkOS.build/Debug-iphonesimulator/InkOS.build/Objects-normal/arm64 -c -j8 -enable-batch-mode -incremental -Xcc -ivfsstatcache -Xcc /Users/andrewallen/Library/Developer/Xcode/DerivedData/SDKStatCaches.noindex/iphonesimulator26.2-23C53-3885c01c3e6b6a337905948deab2002e7d00a8b37fbd7999ea79df8ebc024bf0.sdkstatcache -output-file-map /Users/andrewallen/Library/Developer/Xcode/DerivedData/InkOS-hihmbestuurshsgyovxqmygopffq/Build/Intermediates.noindex/InkOS.build/Debug-iphonesimulator/InkOS.build/Objects-normal/arm64/InkOS-OutputFileMap.json -use-frontend-parseable-output -save-temps -no-color-diagnostics -explicit-module-build -module-cache-path /Users/andrewallen/Library/Developer/Xcode/DerivedData/InkOS-hihmbestuurshsgyovxqmygopffq/Build/Intermediates.noindex/SwiftExplicitPrecompiledModules -clang-scanner-module-cache-path /Users/andrewallen/Library/Developer/Xcode/DerivedData/ModuleCache.noindex -sdk-module-cache-path /Users/andrewallen/Library/Developer/Xcode/DerivedData/ModuleCache.noindex -serialize-diagnostics -emit-dependencies -emit-module -emit-module-path /Users/andrewallen/Library/Developer/Xcode/DerivedData/InkOS-hihmbestuurshsgyovxqmygopffq/Build/Intermediates.noindex/InkOS.build/Debug-iphonesimulator/InkOS.build/Objects-normal/arm64/InkOS.swiftmodule -validate-clang-modules-once -clang-build-session-file /Users/andrewallen/Library/Developer/Xcode/DerivedData/ModuleCache.noindex/Session.modulevalidation -Xcc -I/Users/andrewallen/Library/Developer/Xcode/DerivedData/InkOS-hihmbestuurshsgyovxqmygopffq/Build/Intermediates.noindex/InkOS.build/Debug-iphonesimulator/InkOS.build/swift-overrides.hmap -emit-const-values -Xfrontend -const-gather-protocols-file -Xfrontend /Users/andrewallen/Library/Developer/Xcode/DerivedData/InkOS-hihmbestuurshsgyovxqmygopffq/Build/Intermediates.noindex/InkOS.build/Debug-iphonesimulator/InkOS.build/Objects-normal/arm64/InkOS_const_extract_protocols.json -Xcc -iquote -Xcc /Users/andrewallen/Library/Developer/Xcode/DerivedData/InkOS-hihmbestuurshsgyovxqmygopffq/Build/Intermediates.noindex/InkOS.build/Debug-iphonesimulator/InkOS.build/InkOS-generated-files.hmap -Xcc -I/Users/andrewallen/Library/Developer/Xcode/DerivedData/InkOS-hihmbestuurshsgyovxqmygopffq/Build/Intermediates.noindex/InkOS.build/Debug-iphonesimulator/InkOS.build/InkOS-own-target-headers.hmap -Xcc -I/Users/andrewallen/Library/Developer/Xcode/DerivedData/InkOS-hihmbestuurshsgyovxqmygopffq/Build/Intermediates.noindex/InkOS.build/Debug-iphonesimulator/InkOS.build/InkOS-all-target-headers.hmap -Xcc -iquote -Xcc /Users/andrewallen/Library/Developer/Xcode/DerivedData/InkOS-hihmbestuurshsgyovxqmygopffq/Build/Intermediates.noindex/InkOS.build/Debug-iphonesimulator/InkOS.build/InkOS-project-headers.hmap -Xcc -iquote -Xcc /Users/andrewallen/Desktop/swift_projects/InkOS-testing/Pods/MyScriptInteractiveInk-Runtime/Frameworks/iink.framework/Headers -Xcc -I/Users/andrewallen/Library/Developer/Xcode/DerivedData/InkOS-hihmbestuurshsgyovxqmygopffq/Build/Products/Debug-iphonesimulator/include -Xcc -I/Users/andrewallen/Desktop/swift_projects/InkOS-testing/Pods/Headers/Public -Xcc -I/Users/andrewallen/Desktop/swift_projects/InkOS-testing/Pods/Headers/Public/MyScriptInteractiveInk-Runtime -Xcc -I/Users/andrewallen/Library/Developer/Xcode/DerivedData/InkOS-hihmbestuurshsgyovxqmygopffq/Build/Products/Debug-iphonesimulator/XCFrameworkIntermediates/MyScriptInteractiveInk-Runtime/Headers -Xcc -I/Users/andrewallen/Library/Developer/Xcode/DerivedData/InkOS-hihmbestuurshsgyovxqmygopffq/Build/Products/Debug-iphonesimulator/MyScriptInteractiveInk-Runtime/MyScriptInteractiveInk_Runtime.framework/Headers -Xcc -I/Users/andrewallen/Library/Developer/Xcode/DerivedData/InkOS-hihmbestuurshsgyovxqmygopffq/Build/Products/Debug-iphonesimulator/XCFrameworkIntermediates/MyScriptInteractiveInk-Runtime/Headers -Xcc -I/Users/andrewallen/Desktop/swift_projects/InkOS-testing/Pods/MyScriptInteractiveInk-Runtime/Frameworks/iink.framework/Headers -Xcc -I/Users/andrewallen/Desktop/swift_projects/InkOS-testing/InkOS/Frameworks -Xcc -I/Users/andrewallen/Desktop/swift_projects/InkOS-testing/Pods/Headers/Public -Xcc -I/Users/andrewallen/Desktop/swift_projects/InkOS-testing/Pods/Headers/Public/MyScriptInteractiveInk-Runtime -Xcc -I/Users/andrewallen/Library/Developer/Xcode/DerivedData/InkOS-hihmbestuurshsgyovxqmygopffq/Build/Products/Debug-iphonesimulator/XCFrameworkIntermediates/MyScriptInteractiveInk-Runtime/Headers -Xcc -I/Users/andrewallen/Library/Developer/Xcode/DerivedData/InkOS-hihmbestuurshsgyovxqmygopffq/Build/Intermediates.noindex/InkOS.build/Debug-iphonesimulator/InkOS.build/DerivedSources-normal/arm64 -Xcc -I/Users/andrewallen/Library/Developer/Xcode/DerivedData/InkOS-hihmbestuurshsgyovxqmygopffq/Build/Intermediates.noindex/InkOS.build/Debug-iphonesimulator/InkOS.build/DerivedSources/arm64 -Xcc -I/Users/andrewallen/Library/Developer/Xcode/DerivedData/InkOS-hihmbestuurshsgyovxqmygopffq/Build/Intermediates.noindex/InkOS.build/Debug-iphonesimulator/InkOS.build/DerivedSources -Xcc -DDEBUG\=1 -Xcc -DCOCOAPODS\=1 -Xcc -DGET_STARTED\=1 -emit-objc-header -emit-objc-header-path /Users/andrewallen/Library/Developer/Xcode/DerivedData/InkOS-hihmbestuurshsgyovxqmygopffq/Build/Intermediates.noindex/InkOS.build/Debug-iphonesimulator/InkOS.build/Objects-normal/arm64/InkOS-Swift.h -import-objc-header /Users/andrewallen/Desktop/swift_projects/InkOS-testing/InkOS/InkOS-Bridging-Header.h -working-directory /Users/andrewallen/Desktop/swift_projects/InkOS-testing -experimental-emit-module-separately -disable-cmo

SwiftDriver\ Compilation InkOS normal arm64 com.apple.xcode.tools.swift.compiler (in target 'InkOS' from project 'InkOS')
    cd /Users/andrewallen/Desktop/swift_projects/InkOS-testing
    builtin-Swift-Compilation -- /Applications/Xcode.app/Contents/Developer/Toolchains/XcodeDefault.xctoolchain/usr/bin/swiftc -module-name InkOS -Onone -enforce-exclusivity\=checked @/Users/andrewallen/Library/Developer/Xcode/DerivedData/InkOS-hihmbestuurshsgyovxqmygopffq/Build/Intermediates.noindex/InkOS.build/Debug-iphonesimulator/InkOS.build/Objects-normal/arm64/InkOS.SwiftFileList -DDEBUG -D COCOAPODS -Xcc -fmodule-map-file\=/Users/andrewallen/Library/Developer/Xcode/DerivedData/InkOS-hihmbestuurshsgyovxqmygopffq/Build/Products/Debug-iphonesimulator/MyScriptInteractiveInk-Runtime/MyScriptInteractiveInk_Runtime.modulemap -enable-bare-slash-regex -enable-upcoming-feature DisableOutwardActorInference -enable-upcoming-feature InferSendableFromCaptures -enable-upcoming-feature GlobalActorIsolatedTypesUsability -enable-upcoming-feature MemberImportVisibility -enable-upcoming-feature InferIsolatedConformances -enable-upcoming-feature NonisolatedNonsendingByDefault -enable-experimental-feature DebugDescriptionMacro -sdk /Applications/Xcode.app/Contents/Developer/Platforms/iPhoneSimulator.platform/Developer/SDKs/iPhoneSimulator26.2.sdk -target arm64-apple-ios26.2-simulator -g -module-cache-path /Users/andrewallen/Library/Developer/Xcode/DerivedData/ModuleCache.noindex -Xfrontend -serialize-debugging-options -enable-testing -index-store-path /Users/andrewallen/Library/Developer/Xcode/DerivedData/InkOS-hihmbestuurshsgyovxqmygopffq/Index.noindex/DataStore -Xcc -D_LIBCPP_HARDENING_MODE\=_LIBCPP_HARDENING_MODE_DEBUG -swift-version 5 -I /Users/andrewallen/Library/Developer/Xcode/DerivedData/InkOS-hihmbestuurshsgyovxqmygopffq/Build/Products/Debug-iphonesimulator -I /Users/andrewallen/Library/Developer/Xcode/DerivedData/InkOS-hihmbestuurshsgyovxqmygopffq/Build/Products/Debug-iphonesimulator/MyScriptInteractiveInk-Runtime -F /Users/andrewallen/Library/Developer/Xcode/DerivedData/InkOS-hihmbestuurshsgyovxqmygopffq/Build/Products/Debug-iphonesimulator -F /Users/andrewallen/Desktop/swift_projects/InkOS-testing/Pods/MyScriptInteractiveInk-Runtime -emit-localized-strings -emit-localized-strings-path /Users/andrewallen/Library/Developer/Xcode/DerivedData/InkOS-hihmbestuurshsgyovxqmygopffq/Build/Intermediates.noindex/InkOS.build/Debug-iphonesimulator/InkOS.build/Objects-normal/arm64 -c -j8 -enable-batch-mode -incremental -Xcc -ivfsstatcache -Xcc /Users/andrewallen/Library/Developer/Xcode/DerivedData/SDKStatCaches.noindex/iphonesimulator26.2-23C53-3885c01c3e6b6a337905948deab2002e7d00a8b37fbd7999ea79df8ebc024bf0.sdkstatcache -output-file-map /Users/andrewallen/Library/Developer/Xcode/DerivedData/InkOS-hihmbestuurshsgyovxqmygopffq/Build/Intermediates.noindex/InkOS.build/Debug-iphonesimulator/InkOS.build/Objects-normal/arm64/InkOS-OutputFileMap.json -use-frontend-parseable-output -save-temps -no-color-diagnostics -explicit-module-build -module-cache-path /Users/andrewallen/Library/Developer/Xcode/DerivedData/InkOS-hihmbestuurshsgyovxqmygopffq/Build/Intermediates.noindex/SwiftExplicitPrecompiledModules -clang-scanner-module-cache-path /Users/andrewallen/Library/Developer/Xcode/DerivedData/ModuleCache.noindex -sdk-module-cache-path /Users/andrewallen/Library/Developer/Xcode/DerivedData/ModuleCache.noindex -serialize-diagnostics -emit-dependencies -emit-module -emit-module-path /Users/andrewallen/Library/Developer/Xcode/DerivedData/InkOS-hihmbestuurshsgyovxqmygopffq/Build/Intermediates.noindex/InkOS.build/Debug-iphonesimulator/InkOS.build/Objects-normal/arm64/InkOS.swiftmodule -validate-clang-modules-once -clang-build-session-file /Users/andrewallen/Library/Developer/Xcode/DerivedData/ModuleCache.noindex/Session.modulevalidation -Xcc -I/Users/andrewallen/Library/Developer/Xcode/DerivedData/InkOS-hihmbestuurshsgyovxqmygopffq/Build/Intermediates.noindex/InkOS.build/Debug-iphonesimulator/InkOS.build/swift-overrides.hmap -emit-const-values -Xfrontend -const-gather-protocols-file -Xfrontend /Users/andrewallen/Library/Developer/Xcode/DerivedData/InkOS-hihmbestuurshsgyovxqmygopffq/Build/Intermediates.noindex/InkOS.build/Debug-iphonesimulator/InkOS.build/Objects-normal/arm64/InkOS_const_extract_protocols.json -Xcc -iquote -Xcc /Users/andrewallen/Library/Developer/Xcode/DerivedData/InkOS-hihmbestuurshsgyovxqmygopffq/Build/Intermediates.noindex/InkOS.build/Debug-iphonesimulator/InkOS.build/InkOS-generated-files.hmap -Xcc -I/Users/andrewallen/Library/Developer/Xcode/DerivedData/InkOS-hihmbestuurshsgyovxqmygopffq/Build/Intermediates.noindex/InkOS.build/Debug-iphonesimulator/InkOS.build/InkOS-own-target-headers.hmap -Xcc -I/Users/andrewallen/Library/Developer/Xcode/DerivedData/InkOS-hihmbestuurshsgyovxqmygopffq/Build/Intermediates.noindex/InkOS.build/Debug-iphonesimulator/InkOS.build/InkOS-all-target-headers.hmap -Xcc -iquote -Xcc /Users/andrewallen/Library/Developer/Xcode/DerivedData/InkOS-hihmbestuurshsgyovxqmygopffq/Build/Intermediates.noindex/InkOS.build/Debug-iphonesimulator/InkOS.build/InkOS-project-headers.hmap -Xcc -iquote -Xcc /Users/andrewallen/Desktop/swift_projects/InkOS-testing/Pods/MyScriptInteractiveInk-Runtime/Frameworks/iink.framework/Headers -Xcc -I/Users/andrewallen/Library/Developer/Xcode/DerivedData/InkOS-hihmbestuurshsgyovxqmygopffq/Build/Products/Debug-iphonesimulator/include -Xcc -I/Users/andrewallen/Desktop/swift_projects/InkOS-testing/Pods/Headers/Public -Xcc -I/Users/andrewallen/Desktop/swift_projects/InkOS-testing/Pods/Headers/Public/MyScriptInteractiveInk-Runtime -Xcc -I/Users/andrewallen/Library/Developer/Xcode/DerivedData/InkOS-hihmbestuurshsgyovxqmygopffq/Build/Products/Debug-iphonesimulator/XCFrameworkIntermediates/MyScriptInteractiveInk-Runtime/Headers -Xcc -I/Users/andrewallen/Library/Developer/Xcode/DerivedData/InkOS-hihmbestuurshsgyovxqmygopffq/Build/Products/Debug-iphonesimulator/MyScriptInteractiveInk-Runtime/MyScriptInteractiveInk_Runtime.framework/Headers -Xcc -I/Users/andrewallen/Library/Developer/Xcode/DerivedData/InkOS-hihmbestuurshsgyovxqmygopffq/Build/Products/Debug-iphonesimulator/XCFrameworkIntermediates/MyScriptInteractiveInk-Runtime/Headers -Xcc -I/Users/andrewallen/Desktop/swift_projects/InkOS-testing/Pods/MyScriptInteractiveInk-Runtime/Frameworks/iink.framework/Headers -Xcc -I/Users/andrewallen/Desktop/swift_projects/InkOS-testing/InkOS/Frameworks -Xcc -I/Users/andrewallen/Desktop/swift_projects/InkOS-testing/Pods/Headers/Public -Xcc -I/Users/andrewallen/Desktop/swift_projects/InkOS-testing/Pods/Headers/Public/MyScriptInteractiveInk-Runtime -Xcc -I/Users/andrewallen/Library/Developer/Xcode/DerivedData/InkOS-hihmbestuurshsgyovxqmygopffq/Build/Products/Debug-iphonesimulator/XCFrameworkIntermediates/MyScriptInteractiveInk-Runtime/Headers -Xcc -I/Users/andrewallen/Library/Developer/Xcode/DerivedData/InkOS-hihmbestuurshsgyovxqmygopffq/Build/Intermediates.noindex/InkOS.build/Debug-iphonesimulator/InkOS.build/DerivedSources-normal/arm64 -Xcc -I/Users/andrewallen/Library/Developer/Xcode/DerivedData/InkOS-hihmbestuurshsgyovxqmygopffq/Build/Intermediates.noindex/InkOS.build/Debug-iphonesimulator/InkOS.build/DerivedSources/arm64 -Xcc -I/Users/andrewallen/Library/Developer/Xcode/DerivedData/InkOS-hihmbestuurshsgyovxqmygopffq/Build/Intermediates.noindex/InkOS.build/Debug-iphonesimulator/InkOS.build/DerivedSources -Xcc -DDEBUG\=1 -Xcc -DCOCOAPODS\=1 -Xcc -DGET_STARTED\=1 -emit-objc-header -emit-objc-header-path /Users/andrewallen/Library/Developer/Xcode/DerivedData/InkOS-hihmbestuurshsgyovxqmygopffq/Build/Intermediates.noindex/InkOS.build/Debug-iphonesimulator/InkOS.build/Objects-normal/arm64/InkOS-Swift.h -import-objc-header /Users/andrewallen/Desktop/swift_projects/InkOS-testing/InkOS/InkOS-Bridging-Header.h -working-directory /Users/andrewallen/Desktop/swift_projects/InkOS-testing -experimental-emit-module-separately -disable-cmo

note: Run script build phase 'Copy Recognition Assets' will be run during every build because the option to run the script phase "Based on dependency analysis" is unchecked. (in target 'InkOS' from project 'InkOS')

Test session results, code coverage, and logs:
	/Users/andrewallen/Library/Developer/Xcode/DerivedData/InkOS-hihmbestuurshsgyovxqmygopffq/Logs/Test/Test-InkOS-2025.12.29_17-51-12--0500.xcresult

Testing failed:
	Module map file '/Users/andrewallen/Library/Developer/Xcode/DerivedData/InkOS-hihmbestuurshsgyovxqmygopffq/Build/Products/Debug-iphonesimulator/MyScriptInteractiveInk-Runtime/MyScriptInteractiveInk_Runtime.modulemap' not found
	Clang dependency scanner failure: fatal error: module map file '/Users/andrewallen/Library/Developer/Xcode/DerivedData/InkOS-hihmbestuurshsgyovxqmygopffq/Build/Products/Debug-iphonesimulator/MyScriptInteractiveInk-Runtime/MyScriptInteractiveInk_Runtime.modulemap' not found
fatal error: module map file '/Users/andrewallen/Library/Developer/Xcode/DerivedData/InkOS-hihmbestuurshsgyovxqmygopffq/Build/Products/Debug-iphonesimulator/MyScriptInteractiveInk-Runtime/MyScriptInteractiveInk_Runtime.modulemap' not found
fatal error: module map file '/Users/andrewallen/Library/Developer/Xcode/DerivedData/InkOS-hihmbestuurshsgyovxqmygopffq/Build/Products/Debug-iphonesimulator/MyScriptInteractiveInk-Runtime/MyScriptInteractiveInk_Runtime.modulemap' not found
fatal error: module map file '/Users/andrewallen/Library/Developer/Xcode/DerivedData/InkOS-hihmbestuurshsgyovxqmygopffq/Build/Products/Debug-iphonesimulator/MyScriptInteractiveInk-Runtime/MyScriptInteractiveInk_Runtime.modulemap' not found
fatal error: module map file '/Users/andrewallen/Library/Developer/Xcode/DerivedData/InkOS-hihmbestuurshsgyovxqmygopffq/Build/Products/Debug-iphonesimulator/MyScriptInteractiveInk-Runtime/MyScriptInteractiveInk_Runtime.modulemap' not found
fatal error: module map file '/Users/andrewallen/Library/Developer/Xcode/DerivedData/InkOS-hihmbestuurshsgyovxqmygopffq/Build/Products/Debug-iphonesimulator/MyScriptInteractiveInk-Runtime/MyScriptInteractiveInk_Runtime.modulemap' not found
fatal error: module map file '/Users/andrewallen/Library/Developer/Xcode/DerivedData/InkOS-hihmbestuurshsgyovxqmygopffq/Build/Products/Debug-iphonesimulator/MyScriptInteractiveInk-Runtime/MyScriptInteractiveInk_Runtime.modulemap' not found
fatal error: module map file '/Users/andrewallen/Library/Developer/Xcode/DerivedData/InkOS-hihmbestuurshsgyovxqmygopffq/Build/Products/Debug-iphonesimulator/MyScriptInteractiveInk-Runtime/MyScriptInteractiveInk_Runtime.modulemap' not found

	Clang dependency scanner failure: fatal error: module map file '/Users/andrewallen/Library/Developer/Xcode/DerivedData/InkOS-hihmbestuurshsgyovxqmygopffq/Build/Products/Debug-iphonesimulator/MyScriptInteractiveInk-Runtime/MyScriptInteractiveInk_Runtime.modulemap' not found
fatal error: module map file '/Users/andrewallen/Library/Developer/Xcode/DerivedData/InkOS-hihmbestuurshsgyovxqmygopffq/Build/Products/Debug-iphonesimulator/MyScriptInteractiveInk-Runtime/MyScriptInteractiveInk_Runtime.modulemap' not found
fatal error: module map file '/Users/andrewallen/Library/Developer/Xcode/DerivedData/InkOS-hihmbestuurshsgyovxqmygopffq/Build/Products/Debug-iphonesimulator/MyScriptInteractiveInk-Runtime/MyScriptInteractiveInk_Runtime.modulemap' not found
fatal error: module map file '/Users/andrewallen/Library/Developer/Xcode/DerivedData/InkOS-hihmbestuurshsgyovxqmygopffq/Build/Products/Debug-iphonesimulator/MyScriptInteractiveInk-Runtime/MyScriptInteractiveInk_Runtime.modulemap' not found
fatal error: module map file '/Users/andrewallen/Library/Developer/Xcode/DerivedData/InkOS-hihmbestuurshsgyovxqmygopffq/Build/Products/Debug-iphonesimulator/MyScriptInteractiveInk-Runtime/MyScriptInteractiveInk_Runtime.modulemap' not found
fatal error: module map file '/Users/andrewallen/Library/Developer/Xcode/DerivedData/InkOS-hihmbestuurshsgyovxqmygopffq/Build/Products/Debug-iphonesimulator/MyScriptInteractiveInk-Runtime/MyScriptInteractiveInk_Runtime.modulemap' not found
fatal error: module map file '/Users/andrewallen/Library/Developer/Xcode/DerivedData/InkOS-hihmbestuurshsgyovxqmygopffq/Build/Products/Debug-iphonesimulator/MyScriptInteractiveInk-Runtime/MyScriptInteractiveInk_Runtime.modulemap' not found
fatal error: module map file '/Users/andrewallen/Library/Developer/Xcode/DerivedData/InkOS-hihmbestuurshsgyovxqmygopffq/Build/Products/Debug-iphonesimulator/MyScriptInteractiveInk-Runtime/MyScriptInteractiveInk_Runtime.modulemap' not found
fatal error: module map file '/Users/andrewallen/Library/Developer/Xcode/DerivedData/InkOS-hihmbestuurshsgyovxqmygopffq/Build/Products/Debug-iphonesimulator/MyScriptInteractiveInk-Runtime/MyScriptInteractiveInk_Runtime.modulemap' not found

	Clang dependency scanner failure: fatal error: module map file '/Users/andrewallen/Library/Developer/Xcode/DerivedData/InkOS-hihmbestuurshsgyovxqmygopffq/Build/Products/Debug-iphonesimulator/MyScriptInteractiveInk-Runtime/MyScriptInteractiveInk_Runtime.modulemap' not found
fatal error: module map file '/Users/andrewallen/Library/Developer/Xcode/DerivedData/InkOS-hihmbestuurshsgyovxqmygopffq/Build/Products/Debug-iphonesimulator/MyScriptInteractiveInk-Runtime/MyScriptInteractiveInk_Runtime.modulemap' not found

	Clang dependency scanner failure: fatal error: module map file '/Users/andrewallen/Library/Developer/Xcode/DerivedData/InkOS-hihmbestuurshsgyovxqmygopffq/Build/Products/Debug-iphonesimulator/MyScriptInteractiveInk-Runtime/MyScriptInteractiveInk_Runtime.modulemap' not found
fatal error: module map file '/Users/andrewallen/Library/Developer/Xcode/DerivedData/InkOS-hihmbestuurshsgyovxqmygopffq/Build/Products/Debug-iphonesimulator/MyScriptInteractiveInk-Runtime/MyScriptInteractiveInk_Runtime.modulemap' not found
fatal error: module map file '/Users/andrewallen/Library/Developer/Xcode/DerivedData/InkOS-hihmbestuurshsgyovxqmygopffq/Build/Products/Debug-iphonesimulator/MyScriptInteractiveInk-Runtime/MyScriptInteractiveInk_Runtime.modulemap' not found
fatal error: module map file '/Users/andrewallen/Library/Developer/Xcode/DerivedData/InkOS-hihmbestuurshsgyovxqmygopffq/Build/Products/Debug-iphonesimulator/MyScriptInteractiveInk-Runtime/MyScriptInteractiveInk_Runtime.modulemap' not found
fatal error: module map file '/Users/andrewallen/Library/Developer/Xcode/DerivedData/InkOS-hihmbestuurshsgyovxqmygopffq/Build/Products/Debug-iphonesimulator/MyScriptInteractiveInk-Runtime/MyScriptInteractiveInk_Runtime.modulemap' not found
fatal error: module map file '/Users/andrewallen/Library/Developer/Xcode/DerivedData/InkOS-hihmbestuurshsgyovxqmygopffq/Build/Products/Debug-iphonesimulator/MyScriptInteractiveInk-Runtime/MyScriptInteractiveInk_Runtime.modulemap' not found
fatal error: module map file '/Users/andrewallen/Library/Developer/Xcode/DerivedData/InkOS-hihmbestuurshsgyovxqmygopffq/Build/Products/Debug-iphonesimulator/MyScriptInteractiveInk-Runtime/MyScriptInteractiveInk_Runtime.modulemap' not found
fatal error: module map file '/Users/andrewallen/Library/Developer/Xcode/DerivedData/InkOS-hihmbestuurshsgyovxqmygopffq/Build/Products/Debug-iphonesimulator/MyScriptInteractiveInk-Runtime/MyScriptInteractiveInk_Runtime.modulemap' not found
fatal error: module map file '/Users/andrewallen/Library/Developer/Xcode/DerivedData/InkOS-hihmbestuurshsgyovxqmygopffq/Build/Products/Debug-iphonesimulator/MyScriptInteractiveInk-Runtime/MyScriptInteractiveInk_Runtime.modulemap' not found
fatal error: module map file '/Users/andrewallen/Library/Developer/Xcode/DerivedData/InkOS-hihmbestuurshsgyovxqmygopffq/Build/Products/Debug-iphonesimulator/MyScriptInteractiveInk-Runtime/MyScriptInteractiveInk_Runtime.modulemap' not found
fatal error: module map file '/Users/andrewallen/Library/Developer/Xcode/DerivedData/InkOS-hihmbestuurshsgyovxqmygopffq/Build/Products/Debug-iphonesimulator/MyScriptInteractiveInk-Runtime/MyScriptInteractiveInk_Runtime.modulemap' not found
fatal error: module map file '/Users/andrewallen/Library/Developer/Xcode/DerivedData/InkOS-hihmbestuurshsgyovxqmygopffq/Build/Products/Debug-iphonesimulator/MyScriptInteractiveInk-Runtime/MyScriptInteractiveInk_Runtime.modulemap' not found
fatal error: module map file '/Users/andrewallen/Library/Developer/Xcode/DerivedData/InkOS-hihmbestuurshsgyovxqmygopffq/Build/Products/Debug-iphonesimulator/MyScriptInteractiveInk-Runtime/MyScriptInteractiveInk_Runtime.modulemap' not found

	Clang dependency scanner failure: fatal error: module map file '/Users/andrewallen/Library/Developer/Xcode/DerivedData/InkOS-hihmbestuurshsgyovxqmygopffq/Build/Products/Debug-iphonesimulator/MyScriptInteractiveInk-Runtime/MyScriptInteractiveInk_Runtime.modulemap' not found
fatal error: module map file '/Users/andrewallen/Library/Developer/Xcode/DerivedData/InkOS-hihmbestuurshsgyovxqmygopffq/Build/Products/Debug-iphonesimulator/MyScriptInteractiveInk-Runtime/MyScriptInteractiveInk_Runtime.modulemap' not found
fatal error: module map file '/Users/andrewallen/Library/Developer/Xcode/DerivedData/InkOS-hihmbestuurshsgyovxqmygopffq/Build/Products/Debug-iphonesimulator/MyScriptInteractiveInk-Runtime/MyScriptInteractiveInk_Runtime.modulemap' not found
fatal error: module map file '/Users/andrewallen/Library/Developer/Xcode/DerivedData/InkOS-hihmbestuurshsgyovxqmygopffq/Build/Products/Debug-iphonesimulator/MyScriptInteractiveInk-Runtime/MyScriptInteractiveInk_Runtime.modulemap' not found
fatal error: module map file '/Users/andrewallen/Library/Developer/Xcode/DerivedData/InkOS-hihmbestuurshsgyovxqmygopffq/Build/Products/Debug-iphonesimulator/MyScriptInteractiveInk-Runtime/MyScriptInteractiveInk_Runtime.modulemap' not found
fatal error: module map file '/Users/andrewallen/Library/Developer/Xcode/DerivedData/InkOS-hihmbestuurshsgyovxqmygopffq/Build/Products/Debug-iphonesimulator/MyScriptInteractiveInk-Runtime/MyScriptInteractiveInk_Runtime.modulemap' not found
fatal error: module map file '/Users/andrewallen/Library/Developer/Xcode/DerivedData/InkOS-hihmbestuurshsgyovxqmygopffq/Build/Products/Debug-iphonesimulator/MyScriptInteractiveInk-Runtime/MyScriptInteractiveInk_Runtime.modulemap' not found
fatal error: module map file '/Users/andrewallen/Library/Developer/Xcode/DerivedData/InkOS-hihmbestuurshsgyovxqmygopffq/Build/Products/Debug-iphonesimulator/MyScriptInteractiveInk-Runtime/MyScriptInteractiveInk_Runtime.modulemap' not found
fatal error: module map file '/Users/andrewallen/Library/Developer/Xcode/DerivedData/InkOS-hihmbestuurshsgyovxqmygopffq/Build/Products/Debug-iphonesimulator/MyScriptInteractiveInk-Runtime/MyScriptInteractiveInk_Runtime.modulemap' not found
fatal error: module map file '/Users/andrewallen/Library/Developer/Xcode/DerivedData/InkOS-hihmbestuurshsgyovxqmygopffq/Build/Products/Debug-iphonesimulator/MyScriptInteractiveInk-Runtime/MyScriptInteractiveInk_Runtime.modulemap' not found
fatal error: module map file '/Users/andrewallen/Library/Developer/Xcode/DerivedData/InkOS-hihmbestuurshsgyovxqmygopffq/Build/Products/Debug-iphonesimulator/MyScriptInteractiveInk-Runtime/MyScriptInteractiveInk_Runtime.modulemap' not found
fatal error: module map file '/Users/andrewallen/Library/Developer/Xcode/DerivedData/InkOS-hihmbestuurshsgyovxqmygopffq/Build/Products/Debug-iphonesimulator/MyScriptInteractiveInk-Runtime/MyScriptInteractiveInk_Runtime.modulemap' not found
fatal error: module map file '/Users/andrewallen/Library/Developer/Xcode/DerivedData/InkOS-hihmbestuurshsgyovxqmygopffq/Build/Products/Debug-iphonesimulator/MyScriptInteractiveInk-Runtime/MyScriptInteractiveInk_Runtime.modulemap' not found
fatal error: module map file '/Users/andrewallen/Library/Developer/Xcode/DerivedData/InkOS-hihmbestuurshsgyovxqmygopffq/Build/Products/Debug-iphonesimulator/MyScriptInteractiveInk-Runtime/MyScriptInteractiveInk_Runtime.modulemap' not found
fatal error: module map file '/Users/andrewallen/Library/Developer/Xcode/DerivedData/InkOS-hihmbestuurshsgyovxqmygopffq/Build/Products/Debug-iphonesimulator/MyScriptInteractiveInk-Runtime/MyScriptInteractiveInk_Runtime.modulemap' not found
fatal error: module map file '/Users/andrewallen/Library/Developer/Xcode/DerivedData/InkOS-hihmbestuurshsgyovxqmygopffq/Build/Products/Debug-iphonesimulator/MyScriptInteractiveInk-Runtime/MyScriptInteractiveInk_Runtime.modulemap' not found
fatal error: module map file '/Users/andrewallen/Library/Developer/Xcode/DerivedData/InkOS-hihmbestuurshsgyovxqmygopffq/Build/Products/Debug-iphonesimulator/MyScriptInteractiveInk-Runtime/MyScriptInteractiveInk_Runtime.modulemap' not found

	Clang dependency scanner failure: fatal error: module map file '/Users/andrewallen/Library/Developer/Xcode/DerivedData/InkOS-hihmbestuurshsgyovxqmygopffq/Build/Products/Debug-iphonesimulator/MyScriptInteractiveInk-Runtime/MyScriptInteractiveInk_Runtime.modulemap' not found
fatal error: module map file '/Users/andrewallen/Library/Developer/Xcode/DerivedData/InkOS-hihmbestuurshsgyovxqmygopffq/Build/Products/Debug-iphonesimulator/MyScriptInteractiveInk-Runtime/MyScriptInteractiveInk_Runtime.modulemap' not found
fatal error: module map file '/Users/andrewallen/Library/Developer/Xcode/DerivedData/InkOS-hihmbestuurshsgyovxqmygopffq/Build/Products/Debug-iphonesimulator/MyScriptInteractiveInk-Runtime/MyScriptInteractiveInk_Runtime.modulemap' not found
fatal error: module map file '/Users/andrewallen/Library/Developer/Xcode/DerivedData/InkOS-hihmbestuurshsgyovxqmygopffq/Build/Products/Debug-iphonesimulator/MyScriptInteractiveInk-Runtime/MyScriptInteractiveInk_Runtime.modulemap' not found
fatal error: module map file '/Users/andrewallen/Library/Developer/Xcode/DerivedData/InkOS-hihmbestuurshsgyovxqmygopffq/Build/Products/Debug-iphonesimulator/MyScriptInteractiveInk-Runtime/MyScriptInteractiveInk_Runtime.modulemap' not found
fatal error: module map file '/Users/andrewallen/Library/Developer/Xcode/DerivedData/InkOS-hihmbestuurshsgyovxqmygopffq/Build/Products/Debug-iphonesimulator/MyScriptInteractiveInk-Runtime/MyScriptInteractiveInk_Runtime.modulemap' not found
fatal error: module map file '/Users/andrewallen/Library/Developer/Xcode/DerivedData/InkOS-hihmbestuurshsgyovxqmygopffq/Build/Products/Debug-iphonesimulator/MyScriptInteractiveInk-Runtime/MyScriptInteractiveInk_Runtime.modulemap' not found
fatal error: module map file '/Users/andrewallen/Library/Developer/Xcode/DerivedData/InkOS-hihmbestuurshsgyovxqmygopffq/Build/Products/Debug-iphonesimulator/MyScriptInteractiveInk-Runtime/MyScriptInteractiveInk_Runtime.modulemap' not found
fatal error: module map file '/Users/andrewallen/Library/Developer/Xcode/DerivedData/InkOS-hihmbestuurshsgyovxqmygopffq/Build/Products/Debug-iphonesimulator/MyScriptInteractiveInk-Runtime/MyScriptInteractiveInk_Runtime.modulemap' not found
fatal error: module map file '/Users/andrewallen/Library/Developer/Xcode/DerivedData/InkOS-hihmbestuurshsgyovxqmygopffq/Build/Products/Debug-iphonesimulator/MyScriptInteractiveInk-Runtime/MyScriptInteractiveInk_Runtime.modulemap' not found
fatal error: module map file '/Users/andrewallen/Library/Developer/Xcode/DerivedData/InkOS-hihmbestuurshsgyovxqmygopffq/Build/Products/Debug-iphonesimulator/MyScriptInteractiveInk-Runtime/MyScriptInteractiveInk_Runtime.modulemap' not found
fatal error: module map file '/Users/andrewallen/Library/Developer/Xcode/DerivedData/InkOS-hihmbestuurshsgyovxqmygopffq/Build/Products/Debug-iphonesimulator/MyScriptInteractiveInk-Runtime/MyScriptInteractiveInk_Runtime.modulemap' not found
fatal error: module map file '/Users/andrewallen/Library/Developer/Xcode/DerivedData/InkOS-hihmbestuurshsgyovxqmygopffq/Build/Products/Debug-iphonesimulator/MyScriptInteractiveInk-Runtime/MyScriptInteractiveInk_Runtime.modulemap' not found
fatal error: module map file '/Users/andrewallen/Library/Developer/Xcode/DerivedData/InkOS-hihmbestuurshsgyovxqmygopffq/Build/Products/Debug-iphonesimulator/MyScriptInteractiveInk-Runtime/MyScriptInteractiveInk_Runtime.modulemap' not found
fatal error: module map file '/Users/andrewallen/Library/Developer/Xcode/DerivedData/InkOS-hihmbestuurshsgyovxqmygopffq/Build/Products/Debug-iphonesimulator/MyScriptInteractiveInk-Runtime/MyScriptInteractiveInk_Runtime.modulemap' not found
fatal error: module map file '/Users/andrewallen/Library/Developer/Xcode/DerivedData/InkOS-hihmbestuurshsgyovxqmygopffq/Build/Products/Debug-iphonesimulator/MyScriptInteractiveInk-Runtime/MyScriptInteractiveInk_Runtime.modulemap' not found
fatal error: module map file '/Users/andrewallen/Library/Developer/Xcode/DerivedData/InkOS-hihmbestuurshsgyovxqmygopffq/Build/Products/Debug-iphonesimulator/MyScriptInteractiveInk-Runtime/MyScriptInteractiveInk_Runtime.modulemap' not found
fatal error: module map file '/Users/andrewallen/Library/Developer/Xcode/DerivedData/InkOS-hihmbestuurshsgyovxqmygopffq/Build/Products/Debug-iphonesimulator/MyScriptInteractiveInk-Runtime/MyScriptInteractiveInk_Runtime.modulemap' not found
fatal error: module map file '/Users/andrewallen/Library/Developer/Xcode/DerivedData/InkOS-hihmbestuurshsgyovxqmygopffq/Build/Products/Debug-iphonesimulator/MyScriptInteractiveInk-Runtime/MyScriptInteractiveInk_Runtime.modulemap' not found
fatal error: module map file '/Users/andrewallen/Library/Developer/Xcode/DerivedData/InkOS-hihmbestuurshsgyovxqmygopffq/Build/Products/Debug-iphonesimulator/MyScriptInteractiveInk-Runtime/MyScriptInteractiveInk_Runtime.modulemap' not found
fatal error: module map file '/Users/andrewallen/Library/Developer/Xcode/DerivedData/InkOS-hihmbestuurshsgyovxqmygopffq/Build/Products/Debug-iphonesimulator/MyScriptInteractiveInk-Runtime/MyScriptInteractiveInk_Runtime.modulemap' not found

	Clang dependency scanner failure: fatal error: module map file '/Users/andrewallen/Library/Developer/Xcode/DerivedData/InkOS-hihmbestuurshsgyovxqmygopffq/Build/Products/Debug-iphonesimulator/MyScriptInteractiveInk-Runtime/MyScriptInteractiveInk_Runtime.modulemap' not found
fatal error: module map file '/Users/andrewallen/Library/Developer/Xcode/DerivedData/InkOS-hihmbestuurshsgyovxqmygopffq/Build/Products/Debug-iphonesimulator/MyScriptInteractiveInk-Runtime/MyScriptInteractiveInk_Runtime.modulemap' not found
fatal error: module map file '/Users/andrewallen/Library/Developer/Xcode/DerivedData/InkOS-hihmbestuurshsgyovxqmygopffq/Build/Products/Debug-iphonesimulator/MyScriptInteractiveInk-Runtime/MyScriptInteractiveInk_Runtime.modulemap' not found
fatal error: module map file '/Users/andrewallen/Library/Developer/Xcode/DerivedData/InkOS-hihmbestuurshsgyovxqmygopffq/Build/Products/Debug-iphonesimulator/MyScriptInteractiveInk-Runtime/MyScriptInteractiveInk_Runtime.modulemap' not found
fatal error: module map file '/Users/andrewallen/Library/Developer/Xcode/DerivedData/InkOS-hihmbestuurshsgyovxqmygopffq/Build/Products/Debug-iphonesimulator/MyScriptInteractiveInk-Runtime/MyScriptInteractiveInk_Runtime.modulemap' not found
fatal error: module map file '/Users/andrewallen/Library/Developer/Xcode/DerivedData/InkOS-hihmbestuurshsgyovxqmygopffq/Build/Products/Debug-iphonesimulator/MyScriptInteractiveInk-Runtime/MyScriptInteractiveInk_Runtime.modulemap' not found
fatal error: module map file '/Users/andrewallen/Library/Developer/Xcode/DerivedData/InkOS-hihmbestuurshsgyovxqmygopffq/Build/Products/Debug-iphonesimulator/MyScriptInteractiveInk-Runtime/MyScriptInteractiveInk_Runtime.modulemap' not found
fatal error: module map file '/Users/andrewallen/Library/Developer/Xcode/DerivedData/InkOS-hihmbestuurshsgyovxqmygopffq/Build/Products/Debug-iphonesimulator/MyScriptInteractiveInk-Runtime/MyScriptInteractiveInk_Runtime.modulemap' not found
fatal error: module map file '/Users/andrewallen/Library/Developer/Xcode/DerivedData/InkOS-hihmbestuurshsgyovxqmygopffq/Build/Products/Debug-iphonesimulator/MyScriptInteractiveInk-Runtime/MyScriptInteractiveInk_Runtime.modulemap' not found
fatal error: module map file '/Users/andrewallen/Library/Developer/Xcode/DerivedData/InkOS-hihmbestuurshsgyovxqmygopffq/Build/Products/Debug-iphonesimulator/MyScriptInteractiveInk-Runtime/MyScriptInteractiveInk_Runtime.modulemap' not found
fatal error: module map file '/Users/andrewallen/Library/Developer/Xcode/DerivedData/InkOS-hihmbestuurshsgyovxqmygopffq/Build/Products/Debug-iphonesimulator/MyScriptInteractiveInk-Runtime/MyScriptInteractiveInk_Runtime.modulemap' not found
fatal error: module map file '/Users/andrewallen/Library/Developer/Xcode/DerivedData/InkOS-hihmbestuurshsgyovxqmygopffq/Build/Products/Debug-iphonesimulator/MyScriptInteractiveInk-Runtime/MyScriptInteractiveInk_Runtime.modulemap' not found
fatal error: module map file '/Users/andrewallen/Library/Developer/Xcode/DerivedData/InkOS-hihmbestuurshsgyovxqmygopffq/Build/Products/Debug-iphonesimulator/MyScriptInteractiveInk-Runtime/MyScriptInteractiveInk_Runtime.modulemap' not found
fatal error: module map file '/Users/andrewallen/Library/Developer/Xcode/DerivedData/InkOS-hihmbestuurshsgyovxqmygopffq/Build/Products/Debug-iphonesimulator/MyScriptInteractiveInk-Runtime/MyScriptInteractiveInk_Runtime.modulemap' not found
fatal error: module map file '/Users/andrewallen/Library/Developer/Xcode/DerivedData/InkOS-hihmbestuurshsgyovxqmygopffq/Build/Products/Debug-iphonesimulator/MyScriptInteractiveInk-Runtime/MyScriptInteractiveInk_Runtime.modulemap' not found
fatal error: module map file '/Users/andrewallen/Library/Developer/Xcode/DerivedData/InkOS-hihmbestuurshsgyovxqmygopffq/Build/Products/Debug-iphonesimulator/MyScriptInteractiveInk-Runtime/MyScriptInteractiveInk_Runtime.modulemap' not found
fatal error: module map file '/Users/andrewallen/Library/Developer/Xcode/DerivedData/InkOS-hihmbestuurshsgyovxqmygopffq/Build/Products/Debug-iphonesimulator/MyScriptInteractiveInk-Runtime/MyScriptInteractiveInk_Runtime.modulemap' not found
fatal error: module map file '/Users/andrewallen/Library/Developer/Xcode/DerivedData/InkOS-hihmbestuurshsgyovxqmygopffq/Build/Products/Debug-iphonesimulator/MyScriptInteractiveInk-Runtime/MyScriptInteractiveInk_Runtime.modulemap' not found
fatal error: module map file '/Users/andrewallen/Library/Developer/Xcode/DerivedData/InkOS-hihmbestuurshsgyovxqmygopffq/Build/Products/Debug-iphonesimulator/MyScriptInteractiveInk-Runtime/MyScriptInteractiveInk_Runtime.modulemap' not found
fatal error: module map file '/Users/andrewallen/Library/Developer/Xcode/DerivedData/InkOS-hihmbestuurshsgyovxqmygopffq/Build/Products/Debug-iphonesimulator/MyScriptInteractiveInk-Runtime/MyScriptInteractiveInk_Runtime.modulemap' not found

	Clang dependency scanner failure: fatal error: module map file '/Users/andrewallen/Library/Developer/Xcode/DerivedData/InkOS-hihmbestuurshsgyovxqmygopffq/Build/Products/Debug-iphonesimulator/MyScriptInteractiveInk-Runtime/MyScriptInteractiveInk_Runtime.modulemap' not found
fatal error: module map file '/Users/andrewallen/Library/Developer/Xcode/DerivedData/InkOS-hihmbestuurshsgyovxqmygopffq/Build/Products/Debug-iphonesimulator/MyScriptInteractiveInk-Runtime/MyScriptInteractiveInk_Runtime.modulemap' not found
fatal error: module map file '/Users/andrewallen/Library/Developer/Xcode/DerivedData/InkOS-hihmbestuurshsgyovxqmygopffq/Build/Products/Debug-iphonesimulator/MyScriptInteractiveInk-Runtime/MyScriptInteractiveInk_Runtime.modulemap' not found
fatal error: module map file '/Users/andrewallen/Library/Developer/Xcode/DerivedData/InkOS-hihmbestuurshsgyovxqmygopffq/Build/Products/Debug-iphonesimulator/MyScriptInteractiveInk-Runtime/MyScriptInteractiveInk_Runtime.modulemap' not found
fatal error: module map file '/Users/andrewallen/Library/Developer/Xcode/DerivedData/InkOS-hihmbestuurshsgyovxqmygopffq/Build/Products/Debug-iphonesimulator/MyScriptInteractiveInk-Runtime/MyScriptInteractiveInk_Runtime.modulemap' not found
fatal error: module map file '/Users/andrewallen/Library/Developer/Xcode/DerivedData/InkOS-hihmbestuurshsgyovxqmygopffq/Build/Products/Debug-iphonesimulator/MyScriptInteractiveInk-Runtime/MyScriptInteractiveInk_Runtime.modulemap' not found
fatal error: module map file '/Users/andrewallen/Library/Developer/Xcode/DerivedData/InkOS-hihmbestuurshsgyovxqmygopffq/Build/Products/Debug-iphonesimulator/MyScriptInteractiveInk-Runtime/MyScriptInteractiveInk_Runtime.modulemap' not found
fatal error: module map file '/Users/andrewallen/Library/Developer/Xcode/DerivedData/InkOS-hihmbestuurshsgyovxqmygopffq/Build/Products/Debug-iphonesimulator/MyScriptInteractiveInk-Runtime/MyScriptInteractiveInk_Runtime.modulemap' not found
fatal error: module map file '/Users/andrewallen/Library/Developer/Xcode/DerivedData/InkOS-hihmbestuurshsgyovxqmygopffq/Build/Products/Debug-iphonesimulator/MyScriptInteractiveInk-Runtime/MyScriptInteractiveInk_Runtime.modulemap' not found
fatal error: module map file '/Users/andrewallen/Library/Developer/Xcode/DerivedData/InkOS-hihmbestuurshsgyovxqmygopffq/Build/Products/Debug-iphonesimulator/MyScriptInteractiveInk-Runtime/MyScriptInteractiveInk_Runtime.modulemap' not found
fatal error: module map file '/Users/andrewallen/Library/Developer/Xcode/DerivedData/InkOS-hihmbestuurshsgyovxqmygopffq/Build/Products/Debug-iphonesimulator/MyScriptInteractiveInk-Runtime/MyScriptInteractiveInk_Runtime.modulemap' not found
fatal error: module map file '/Users/andrewallen/Library/Developer/Xcode/DerivedData/InkOS-hihmbestuurshsgyovxqmygopffq/Build/Products/Debug-iphonesimulator/MyScriptInteractiveInk-Runtime/MyScriptInteractiveInk_Runtime.modulemap' not found
fatal error: module map file '/Users/andrewallen/Library/Developer/Xcode/DerivedData/InkOS-hihmbestuurshsgyovxqmygopffq/Build/Products/Debug-iphonesimulator/MyScriptInteractiveInk-Runtime/MyScriptInteractiveInk_Runtime.modulemap' not found
fatal error: module map file '/Users/andrewallen/Library/Developer/Xcode/DerivedData/InkOS-hihmbestuurshsgyovxqmygopffq/Build/Products/Debug-iphonesimulator/MyScriptInteractiveInk-Runtime/MyScriptInteractiveInk_Runtime.modulemap' not found
fatal error: module map file '/Users/andrewallen/Library/Developer/Xcode/DerivedData/InkOS-hihmbestuurshsgyovxqmygopffq/Build/Products/Debug-iphonesimulator/MyScriptInteractiveInk-Runtime/MyScriptInteractiveInk_Runtime.modulemap' not found
fatal error: module map file '/Users/andrewallen/Library/Developer/Xcode/DerivedData/InkOS-hihmbestuurshsgyovxqmygopffq/Build/Products/Debug-iphonesimulator/MyScriptInteractiveInk-Runtime/MyScriptInteractiveInk_Runtime.modulemap' not found
fatal error: module map file '/Users/andrewallen/Library/Developer/Xcode/DerivedData/InkOS-hihmbestuurshsgyovxqmygopffq/Build/Products/Debug-iphonesimulator/MyScriptInteractiveInk-Runtime/MyScriptInteractiveInk_Runtime.modulemap' not found
fatal error: module map file '/Users/andrewallen/Library/Developer/Xcode/DerivedData/InkOS-hihmbestuurshsgyovxqmygopffq/Build/Products/Debug-iphonesimulator/MyScriptInteractiveInk-Runtime/MyScriptInteractiveInk_Runtime.modulemap' not found
fatal error: module map file '/Users/andrewallen/Library/Developer/Xcode/DerivedData/InkOS-hihmbestuurshsgyovxqmygopffq/Build/Products/Debug-iphonesimulator/MyScriptInteractiveInk-Runtime/MyScriptInteractiveInk_Runtime.modulemap' not found
fatal error: module map file '/Users/andrewallen/Library/Developer/Xcode/DerivedData/InkOS-hihmbestuurshsgyovxqmygopffq/Build/Products/Debug-iphonesimulator/MyScriptInteractiveInk-Runtime/MyScriptInteractiveInk_Runtime.modulemap' not found
fatal error: module map file '/Users/andrewallen/Library/Developer/Xcode/DerivedData/InkOS-hihmbestuurshsgyovxqmygopffq/Build/Products/Debug-iphonesimulator/MyScriptInteractiveInk-Runtime/MyScriptInteractiveInk_Runtime.modulemap' not found
fatal error: module map file '/Users/andrewallen/Library/Developer/Xcode/DerivedData/InkOS-hihmbestuurshsgyovxqmygopffq/Build/Products/Debug-iphonesimulator/MyScriptInteractiveInk-Runtime/MyScriptInteractiveInk_Runtime.modulemap' not found
fatal error: module map file '/Users/andrewallen/Library/Developer/Xcode/DerivedData/InkOS-hihmbestuurshsgyovxqmygopffq/Build/Products/Debug-iphonesimulator/MyScriptInteractiveInk-Runtime/MyScriptInteractiveInk_Runtime.modulemap' not found
fatal error: module map file '/Users/andrewallen/Library/Developer/Xcode/DerivedData/InkOS-hihmbestuurshsgyovxqmygopffq/Build/Products/Debug-iphonesimulator/MyScriptInteractiveInk-Runtime/MyScriptInteractiveInk_Runtime.modulemap' not found
fatal error: module map file '/Users/andrewallen/Library/Developer/Xcode/DerivedData/InkOS-hihmbestuurshsgyovxqmygopffq/Build/Products/Debug-iphonesimulator/MyScriptInteractiveInk-Runtime/MyScriptInteractiveInk_Runtime.modulemap' not found
fatal error: module map file '/Users/andrewallen/Library/Developer/Xcode/DerivedData/InkOS-hihmbestuurshsgyovxqmygopffq/Build/Products/Debug-iphonesimulator/MyScriptInteractiveInk-Runtime/MyScriptInteractiveInk_Runtime.modulemap' not found
fatal error: module map file '/Users/andrewallen/Library/Developer/Xcode/DerivedData/InkOS-hihmbestuurshsgyovxqmygopffq/Build/Products/Debug-iphonesimulator/MyScriptInteractiveInk-Runtime/MyScriptInteractiveInk_Runtime.modulemap' not found
fatal error: module map file '/Users/andrewallen/Library/Developer/Xcode/DerivedData/InkOS-hihmbestuurshsgyovxqmygopffq/Build/Products/Debug-iphonesimulator/MyScriptInteractiveInk-Runtime/MyScriptInteractiveInk_Runtime.modulemap' not found

	Clang dependency scanner failure: fatal error: module map file '/Users/andrewallen/Library/Developer/Xcode/DerivedData/InkOS-hihmbestuurshsgyovxqmygopffq/Build/Products/Debug-iphonesimulator/MyScriptInteractiveInk-Runtime/MyScriptInteractiveInk_Runtime.modulemap' not found
fatal error: module map file '/Users/andrewallen/Library/Developer/Xcode/DerivedData/InkOS-hihmbestuurshsgyovxqmygopffq/Build/Products/Debug-iphonesimulator/MyScriptInteractiveInk-Runtime/MyScriptInteractiveInk_Runtime.modulemap' not found
fatal error: module map file '/Users/andrewallen/Library/Developer/Xcode/DerivedData/InkOS-hihmbestuurshsgyovxqmygopffq/Build/Products/Debug-iphonesimulator/MyScriptInteractiveInk-Runtime/MyScriptInteractiveInk_Runtime.modulemap' not found
fatal error: module map file '/Users/andrewallen/Library/Developer/Xcode/DerivedData/InkOS-hihmbestuurshsgyovxqmygopffq/Build/Products/Debug-iphonesimulator/MyScriptInteractiveInk-Runtime/MyScriptInteractiveInk_Runtime.modulemap' not found
fatal error: module map file '/Users/andrewallen/Library/Developer/Xcode/DerivedData/InkOS-hihmbestuurshsgyovxqmygopffq/Build/Products/Debug-iphonesimulator/MyScriptInteractiveInk-Runtime/MyScriptInteractiveInk_Runtime.modulemap' not found
fatal error: module map file '/Users/andrewallen/Library/Developer/Xcode/DerivedData/InkOS-hihmbestuurshsgyovxqmygopffq/Build/Products/Debug-iphonesimulator/MyScriptInteractiveInk-Runtime/MyScriptInteractiveInk_Runtime.modulemap' not found
fatal error: module map file '/Users/andrewallen/Library/Developer/Xcode/DerivedData/InkOS-hihmbestuurshsgyovxqmygopffq/Build/Products/Debug-iphonesimulator/MyScriptInteractiveInk-Runtime/MyScriptInteractiveInk_Runtime.modulemap' not found
fatal error: module map file '/Users/andrewallen/Library/Developer/Xcode/DerivedData/InkOS-hihmbestuurshsgyovxqmygopffq/Build/Products/Debug-iphonesimulator/MyScriptInteractiveInk-Runtime/MyScriptInteractiveInk_Runtime.modulemap' not found
fatal error: module map file '/Users/andrewallen/Library/Developer/Xcode/DerivedData/InkOS-hihmbestuurshsgyovxqmygopffq/Build/Products/Debug-iphonesimulator/MyScriptInteractiveInk-Runtime/MyScriptInteractiveInk_Runtime.modulemap' not found
fatal error: module map file '/Users/andrewallen/Library/Developer/Xcode/DerivedData/InkOS-hihmbestuurshsgyovxqmygopffq/Build/Products/Debug-iphonesimulator/MyScriptInteractiveInk-Runtime/MyScriptInteractiveInk_Runtime.modulemap' not found
fatal error: module map file '/Users/andrewallen/Library/Developer/Xcode/DerivedData/InkOS-hihmbestuurshsgyovxqmygopffq/Build/Products/Debug-iphonesimulator/MyScriptInteractiveInk-Runtime/MyScriptInteractiveInk_Runtime.modulemap' not found
fatal error: module map file '/Users/andrewallen/Library/Developer/Xcode/DerivedData/InkOS-hihmbestuurshsgyovxqmygopffq/Build/Products/Debug-iphonesimulator/MyScriptInteractiveInk-Runtime/MyScriptInteractiveInk_Runtime.modulemap' not found
fatal error: module map file '/Users/andrewallen/Library/Developer/Xcode/DerivedData/InkOS-hihmbestuurshsgyovxqmygopffq/Build/Products/Debug-iphonesimulator/MyScriptInteractiveInk-Runtime/MyScriptInteractiveInk_Runtime.modulemap' not found
fatal error: module map file '/Users/andrewallen/Library/Developer/Xcode/DerivedData/InkOS-hihmbestuurshsgyovxqmygopffq/Build/Products/Debug-iphonesimulator/MyScriptInteractiveInk-Runtime/MyScriptInteractiveInk_Runtime.modulemap' not found
fatal error: module map file '/Users/andrewallen/Library/Developer/Xcode/DerivedData/InkOS-hihmbestuurshsgyovxqmygopffq/Build/Products/Debug-iphonesimulator/MyScriptInteractiveInk-Runtime/MyScriptInteractiveInk_Runtime.modulemap' not found
fatal error: module map file '/Users/andrewallen/Library/Developer/Xcode/DerivedData/InkOS-hihmbestuurshsgyovxqmygopffq/Build/Products/Debug-iphonesimulator/MyScriptInteractiveInk-Runtime/MyScriptInteractiveInk_Runtime.modulemap' not found
fatal error: module map file '/Users/andrewallen/Library/Developer/Xcode/DerivedData/InkOS-hihmbestuurshsgyovxqmygopffq/Build/Products/Debug-iphonesimulator/MyScriptInteractiveInk-Runtime/MyScriptInteractiveInk_Runtime.modulemap' not found
fatal error: module map file '/Users/andrewallen/Library/Developer/Xcode/DerivedData/InkOS-hihmbestuurshsgyovxqmygopffq/Build/Products/Debug-iphonesimulator/MyScriptInteractiveInk-Runtime/MyScriptInteractiveInk_Runtime.modulemap' not found
fatal error: module map file '/Users/andrewallen/Library/Developer/Xcode/DerivedData/InkOS-hihmbestuurshsgyovxqmygopffq/Build/Products/Debug-iphonesimulator/MyScriptInteractiveInk-Runtime/MyScriptInteractiveInk_Runtime.modulemap' not found
fatal error: module map file '/Users/andrewallen/Library/Developer/Xcode/DerivedData/InkOS-hihmbestuurshsgyovxqmygopffq/Build/Products/Debug-iphonesimulator/MyScriptInteractiveInk-Runtime/MyScriptInteractiveInk_Runtime.modulemap' not found
fatal error: module map file '/Users/andrewallen/Library/Developer/Xcode/DerivedData/InkOS-hihmbestuurshsgyovxqmygopffq/Build/Products/Debug-iphonesimulator/MyScriptInteractiveInk-Runtime/MyScriptInteractiveInk_Runtime.modulemap' not found
fatal error: module map file '/Users/andrewallen/Library/Developer/Xcode/DerivedData/InkOS-hihmbestuurshsgyovxqmygopffq/Build/Products/Debug-iphonesimulator/MyScriptInteractiveInk-Runtime/MyScriptInteractiveInk_Runtime.modulemap' not found

	Clang dependency scanner failure: fatal error: module map file '/Users/andrewallen/Library/Developer/Xcode/DerivedData/InkOS-hihmbestuurshsgyovxqmygopffq/Build/Products/Debug-iphonesimulator/MyScriptInteractiveInk-Runtime/MyScriptInteractiveInk_Runtime.modulemap' not found
fatal error: module map file '/Users/andrewallen/Library/Developer/Xcode/DerivedData/InkOS-hihmbestuurshsgyovxqmygopffq/Build/Products/Debug-iphonesimulator/MyScriptInteractiveInk-Runtime/MyScriptInteractiveInk_Runtime.modulemap' not found
fatal error: module map file '/Users/andrewallen/Library/Developer/Xcode/DerivedData/InkOS-hihmbestuurshsgyovxqmygopffq/Build/Products/Debug-iphonesimulator/MyScriptInteractiveInk-Runtime/MyScriptInteractiveInk_Runtime.modulemap' not found
fatal error: module map file '/Users/andrewallen/Library/Developer/Xcode/DerivedData/InkOS-hihmbestuurshsgyovxqmygopffq/Build/Products/Debug-iphonesimulator/MyScriptInteractiveInk-Runtime/MyScriptInteractiveInk_Runtime.modulemap' not found

	Clang dependency scanner failure: fatal error: module map file '/Users/andrewallen/Library/Developer/Xcode/DerivedData/InkOS-hihmbestuurshsgyovxqmygopffq/Build/Products/Debug-iphonesimulator/MyScriptInteractiveInk-Runtime/MyScriptInteractiveInk_Runtime.modulemap' not found
fatal error: module map file '/Users/andrewallen/Library/Developer/Xcode/DerivedData/InkOS-hihmbestuurshsgyovxqmygopffq/Build/Products/Debug-iphonesimulator/MyScriptInteractiveInk-Runtime/MyScriptInteractiveInk_Runtime.modulemap' not found
fatal error: module map file '/Users/andrewallen/Library/Developer/Xcode/DerivedData/InkOS-hihmbestuurshsgyovxqmygopffq/Build/Products/Debug-iphonesimulator/MyScriptInteractiveInk-Runtime/MyScriptInteractiveInk_Runtime.modulemap' not found
fatal error: module map file '/Users/andrewallen/Library/Developer/Xcode/DerivedData/InkOS-hihmbestuurshsgyovxqmygopffq/Build/Products/Debug-iphonesimulator/MyScriptInteractiveInk-Runtime/MyScriptInteractiveInk_Runtime.modulemap' not found
fatal error: module map file '/Users/andrewallen/Library/Developer/Xcode/DerivedData/InkOS-hihmbestuurshsgyovxqmygopffq/Build/Products/Debug-iphonesimulator/MyScriptInteractiveInk-Runtime/MyScriptInteractiveInk_Runtime.modulemap' not found
fatal error: module map file '/Users/andrewallen/Library/Developer/Xcode/DerivedData/InkOS-hihmbestuurshsgyovxqmygopffq/Build/Products/Debug-iphonesimulator/MyScriptInteractiveInk-Runtime/MyScriptInteractiveInk_Runtime.modulemap' not found
fatal error: module map file '/Users/andrewallen/Library/Developer/Xcode/DerivedData/InkOS-hihmbestuurshsgyovxqmygopffq/Build/Products/Debug-iphonesimulator/MyScriptInteractiveInk-Runtime/MyScriptInteractiveInk_Runtime.modulemap' not found
fatal error: module map file '/Users/andrewallen/Library/Developer/Xcode/DerivedData/InkOS-hihmbestuurshsgyovxqmygopffq/Build/Products/Debug-iphonesimulator/MyScriptInteractiveInk-Runtime/MyScriptInteractiveInk_Runtime.modulemap' not found
fatal error: module map file '/Users/andrewallen/Library/Developer/Xcode/DerivedData/InkOS-hihmbestuurshsgyovxqmygopffq/Build/Products/Debug-iphonesimulator/MyScriptInteractiveInk-Runtime/MyScriptInteractiveInk_Runtime.modulemap' not found
fatal error: module map file '/Users/andrewallen/Library/Developer/Xcode/DerivedData/InkOS-hihmbestuurshsgyovxqmygopffq/Build/Products/Debug-iphonesimulator/MyScriptInteractiveInk-Runtime/MyScriptInteractiveInk_Runtime.modulemap' not found
fatal error: module map file '/Users/andrewallen/Library/Developer/Xcode/DerivedData/InkOS-hihmbestuurshsgyovxqmygopffq/Build/Products/Debug-iphonesimulator/MyScriptInteractiveInk-Runtime/MyScriptInteractiveInk_Runtime.modulemap' not found
fatal error: module map file '/Users/andrewallen/Library/Developer/Xcode/DerivedData/InkOS-hihmbestuurshsgyovxqmygopffq/Build/Products/Debug-iphonesimulator/MyScriptInteractiveInk-Runtime/MyScriptInteractiveInk_Runtime.modulemap' not found
fatal error: module map file '/Users/andrewallen/Library/Developer/Xcode/DerivedData/InkOS-hihmbestuurshsgyovxqmygopffq/Build/Products/Debug-iphonesimulator/MyScriptInteractiveInk-Runtime/MyScriptInteractiveInk_Runtime.modulemap' not found
fatal error: module map file '/Users/andrewallen/Library/Developer/Xcode/DerivedData/InkOS-hihmbestuurshsgyovxqmygopffq/Build/Products/Debug-iphonesimulator/MyScriptInteractiveInk-Runtime/MyScriptInteractiveInk_Runtime.modulemap' not found
fatal error: module map file '/Users/andrewallen/Library/Developer/Xcode/DerivedData/InkOS-hihmbestuurshsgyovxqmygopffq/Build/Products/Debug-iphonesimulator/MyScriptInteractiveInk-Runtime/MyScriptInteractiveInk_Runtime.modulemap' not found
fatal error: module map file '/Users/andrewallen/Library/Developer/Xcode/DerivedData/InkOS-hihmbestuurshsgyovxqmygopffq/Build/Products/Debug-iphonesimulator/MyScriptInteractiveInk-Runtime/MyScriptInteractiveInk_Runtime.modulemap' not found
fatal error: module map file '/Users/andrewallen/Library/Developer/Xcode/DerivedData/InkOS-hihmbestuurshsgyovxqmygopffq/Build/Products/Debug-iphonesimulator/MyScriptInteractiveInk-Runtime/MyScriptInteractiveInk_Runtime.modulemap' not found
fatal error: module map file '/Users/andrewallen/Library/Developer/Xcode/DerivedData/InkOS-hihmbestuurshsgyovxqmygopffq/Build/Products/Debug-iphonesimulator/MyScriptInteractiveInk-Runtime/MyScriptInteractiveInk_Runtime.modulemap' not found
fatal error: module map file '/Users/andrewallen/Library/Developer/Xcode/DerivedData/InkOS-hihmbestuurshsgyovxqmygopffq/Build/Products/Debug-iphonesimulator/MyScriptInteractiveInk-Runtime/MyScriptInteractiveInk_Runtime.modulemap' not found
fatal error: module map file '/Users/andrewallen/Library/Developer/Xcode/DerivedData/InkOS-hihmbestuurshsgyovxqmygopffq/Build/Products/Debug-iphonesimulator/MyScriptInteractiveInk-Runtime/MyScriptInteractiveInk_Runtime.modulemap' not found
fatal error: module map file '/Users/andrewallen/Library/Developer/Xcode/DerivedData/InkOS-hihmbestuurshsgyovxqmygopffq/Build/Products/Debug-iphonesimulator/MyScriptInteractiveInk-Runtime/MyScriptInteractiveInk_Runtime.modulemap' not found
fatal error: module map file '/Users/andrewallen/Library/Developer/Xcode/DerivedData/InkOS-hihmbestuurshsgyovxqmygopffq/Build/Products/Debug-iphonesimulator/MyScriptInteractiveInk-Runtime/MyScriptInteractiveInk_Runtime.modulemap' not found
fatal error: module map file '/Users/andrewallen/Library/Developer/Xcode/DerivedData/InkOS-hihmbestuurshsgyovxqmygopffq/Build/Products/Debug-iphonesimulator/MyScriptInteractiveInk-Runtime/MyScriptInteractiveInk_Runtime.modulemap' not found
fatal error: module map file '/Users/andrewallen/Library/Developer/Xcode/DerivedData/InkOS-hihmbestuurshsgyovxqmygopffq/Build/Products/Debug-iphonesimulator/MyScriptInteractiveInk-Runtime/MyScriptInteractiveInk_Runtime.modulemap' not found
fatal error: module map file '/Users/andrewallen/Library/Developer/Xcode/DerivedData/InkOS-hihmbestuurshsgyovxqmygopffq/Build/Products/Debug-iphonesimulator/MyScriptInteractiveInk-Runtime/MyScriptInteractiveInk_Runtime.modulemap' not found

	Clang dependency scanner failure: fatal error: module map file '/Users/andrewallen/Library/Developer/Xcode/DerivedData/InkOS-hihmbestuurshsgyovxqmygopffq/Build/Products/Debug-iphonesimulator/MyScriptInteractiveInk-Runtime/MyScriptInteractiveInk_Runtime.modulemap' not found
fatal error: module map file '/Users/andrewallen/Library/Developer/Xcode/DerivedData/InkOS-hihmbestuurshsgyovxqmygopffq/Build/Products/Debug-iphonesimulator/MyScriptInteractiveInk-Runtime/MyScriptInteractiveInk_Runtime.modulemap' not found
fatal error: module map file '/Users/andrewallen/Library/Developer/Xcode/DerivedData/InkOS-hihmbestuurshsgyovxqmygopffq/Build/Products/Debug-iphonesimulator/MyScriptInteractiveInk-Runtime/MyScriptInteractiveInk_Runtime.modulemap' not found
fatal error: module map file '/Users/andrewallen/Library/Developer/Xcode/DerivedData/InkOS-hihmbestuurshsgyovxqmygopffq/Build/Products/Debug-iphonesimulator/MyScriptInteractiveInk-Runtime/MyScriptInteractiveInk_Runtime.modulemap' not found
fatal error: module map file '/Users/andrewallen/Library/Developer/Xcode/DerivedData/InkOS-hihmbestuurshsgyovxqmygopffq/Build/Products/Debug-iphonesimulator/MyScriptInteractiveInk-Runtime/MyScriptInteractiveInk_Runtime.modulemap' not found
fatal error: module map file '/Users/andrewallen/Library/Developer/Xcode/DerivedData/InkOS-hihmbestuurshsgyovxqmygopffq/Build/Products/Debug-iphonesimulator/MyScriptInteractiveInk-Runtime/MyScriptInteractiveInk_Runtime.modulemap' not found
fatal error: module map file '/Users/andrewallen/Library/Developer/Xcode/DerivedData/InkOS-hihmbestuurshsgyovxqmygopffq/Build/Products/Debug-iphonesimulator/MyScriptInteractiveInk-Runtime/MyScriptInteractiveInk_Runtime.modulemap' not found

	Clang dependency scanner failure: fatal error: module map file '/Users/andrewallen/Library/Developer/Xcode/DerivedData/InkOS-hihmbestuurshsgyovxqmygopffq/Build/Products/Debug-iphonesimulator/MyScriptInteractiveInk-Runtime/MyScriptInteractiveInk_Runtime.modulemap' not found
fatal error: module map file '/Users/andrewallen/Library/Developer/Xcode/DerivedData/InkOS-hihmbestuurshsgyovxqmygopffq/Build/Products/Debug-iphonesimulator/MyScriptInteractiveInk-Runtime/MyScriptInteractiveInk_Runtime.modulemap' not found
fatal error: module map file '/Users/andrewallen/Library/Developer/Xcode/DerivedData/InkOS-hihmbestuurshsgyovxqmygopffq/Build/Products/Debug-iphonesimulator/MyScriptInteractiveInk-Runtime/MyScriptInteractiveInk_Runtime.modulemap' not found
fatal error: module map file '/Users/andrewallen/Library/Developer/Xcode/DerivedData/InkOS-hihmbestuurshsgyovxqmygopffq/Build/Products/Debug-iphonesimulator/MyScriptInteractiveInk-Runtime/MyScriptInteractiveInk_Runtime.modulemap' not found
fatal error: module map file '/Users/andrewallen/Library/Developer/Xcode/DerivedData/InkOS-hihmbestuurshsgyovxqmygopffq/Build/Products/Debug-iphonesimulator/MyScriptInteractiveInk-Runtime/MyScriptInteractiveInk_Runtime.modulemap' not found
fatal error: module map file '/Users/andrewallen/Library/Developer/Xcode/DerivedData/InkOS-hihmbestuurshsgyovxqmygopffq/Build/Products/Debug-iphonesimulator/MyScriptInteractiveInk-Runtime/MyScriptInteractiveInk_Runtime.modulemap' not found
fatal error: module map file '/Users/andrewallen/Library/Developer/Xcode/DerivedData/InkOS-hihmbestuurshsgyovxqmygopffq/Build/Products/Debug-iphonesimulator/MyScriptInteractiveInk-Runtime/MyScriptInteractiveInk_Runtime.modulemap' not found
fatal error: module map file '/Users/andrewallen/Library/Developer/Xcode/DerivedData/InkOS-hihmbestuurshsgyovxqmygopffq/Build/Products/Debug-iphonesimulator/MyScriptInteractiveInk-Runtime/MyScriptInteractiveInk_Runtime.modulemap' not found
fatal error: module map file '/Users/andrewallen/Library/Developer/Xcode/DerivedData/InkOS-hihmbestuurshsgyovxqmygopffq/Build/Products/Debug-iphonesimulator/MyScriptInteractiveInk-Runtime/MyScriptInteractiveInk_Runtime.modulemap' not found
fatal error: module map file '/Users/andrewallen/Library/Developer/Xcode/DerivedData/InkOS-hihmbestuurshsgyovxqmygopffq/Build/Products/Debug-iphonesimulator/MyScriptInteractiveInk-Runtime/MyScriptInteractiveInk_Runtime.modulemap' not found
fatal error: module map file '/Users/andrewallen/Library/Developer/Xcode/DerivedData/InkOS-hihmbestuurshsgyovxqmygopffq/Build/Products/Debug-iphonesimulator/MyScriptInteractiveInk-Runtime/MyScriptInteractiveInk_Runtime.modulemap' not found
fatal error: module map file '/Users/andrewallen/Library/Developer/Xcode/DerivedData/InkOS-hihmbestuurshsgyovxqmygopffq/Build/Products/Debug-iphonesimulator/MyScriptInteractiveInk-Runtime/MyScriptInteractiveInk_Runtime.modulemap' not found
fatal error: module map file '/Users/andrewallen/Library/Developer/Xcode/DerivedData/InkOS-hihmbestuurshsgyovxqmygopffq/Build/Products/Debug-iphonesimulator/MyScriptInteractiveInk-Runtime/MyScriptInteractiveInk_Runtime.modulemap' not found
fatal error: module map file '/Users/andrewallen/Library/Developer/Xcode/DerivedData/InkOS-hihmbestuurshsgyovxqmygopffq/Build/Products/Debug-iphonesimulator/MyScriptInteractiveInk-Runtime/MyScriptInteractiveInk_Runtime.modulemap' not found

	Clang dependency scanner failure: fatal error: module map file '/Users/andrewallen/Library/Developer/Xcode/DerivedData/InkOS-hihmbestuurshsgyovxqmygopffq/Build/Products/Debug-iphonesimulator/MyScriptInteractiveInk-Runtime/MyScriptInteractiveInk_Runtime.modulemap' not found
fatal error: module map file '/Users/andrewallen/Library/Developer/Xcode/DerivedData/InkOS-hihmbestuurshsgyovxqmygopffq/Build/Products/Debug-iphonesimulator/MyScriptInteractiveInk-Runtime/MyScriptInteractiveInk_Runtime.modulemap' not found
fatal error: module map file '/Users/andrewallen/Library/Developer/Xcode/DerivedData/InkOS-hihmbestuurshsgyovxqmygopffq/Build/Products/Debug-iphonesimulator/MyScriptInteractiveInk-Runtime/MyScriptInteractiveInk_Runtime.modulemap' not found
fatal error: module map file '/Users/andrewallen/Library/Developer/Xcode/DerivedData/InkOS-hihmbestuurshsgyovxqmygopffq/Build/Products/Debug-iphonesimulator/MyScriptInteractiveInk-Runtime/MyScriptInteractiveInk_Runtime.modulemap' not found
fatal error: module map file '/Users/andrewallen/Library/Developer/Xcode/DerivedData/InkOS-hihmbestuurshsgyovxqmygopffq/Build/Products/Debug-iphonesimulator/MyScriptInteractiveInk-Runtime/MyScriptInteractiveInk_Runtime.modulemap' not found
fatal error: module map file '/Users/andrewallen/Library/Developer/Xcode/DerivedData/InkOS-hihmbestuurshsgyovxqmygopffq/Build/Products/Debug-iphonesimulator/MyScriptInteractiveInk-Runtime/MyScriptInteractiveInk_Runtime.modulemap' not found
fatal error: module map file '/Users/andrewallen/Library/Developer/Xcode/DerivedData/InkOS-hihmbestuurshsgyovxqmygopffq/Build/Products/Debug-iphonesimulator/MyScriptInteractiveInk-Runtime/MyScriptInteractiveInk_Runtime.modulemap' not found
fatal error: module map file '/Users/andrewallen/Library/Developer/Xcode/DerivedData/InkOS-hihmbestuurshsgyovxqmygopffq/Build/Products/Debug-iphonesimulator/MyScriptInteractiveInk-Runtime/MyScriptInteractiveInk_Runtime.modulemap' not found
fatal error: module map file '/Users/andrewallen/Library/Developer/Xcode/DerivedData/InkOS-hihmbestuurshsgyovxqmygopffq/Build/Products/Debug-iphonesimulator/MyScriptInteractiveInk-Runtime/MyScriptInteractiveInk_Runtime.modulemap' not found
fatal error: module map file '/Users/andrewallen/Library/Developer/Xcode/DerivedData/InkOS-hihmbestuurshsgyovxqmygopffq/Build/Products/Debug-iphonesimulator/MyScriptInteractiveInk-Runtime/MyScriptInteractiveInk_Runtime.modulemap' not found
fatal error: module map file '/Users/andrewallen/Library/Developer/Xcode/DerivedData/InkOS-hihmbestuurshsgyovxqmygopffq/Build/Products/Debug-iphonesimulator/MyScriptInteractiveInk-Runtime/MyScriptInteractiveInk_Runtime.modulemap' not found
fatal error: module map file '/Users/andrewallen/Library/Developer/Xcode/DerivedData/InkOS-hihmbestuurshsgyovxqmygopffq/Build/Products/Debug-iphonesimulator/MyScriptInteractiveInk-Runtime/MyScriptInteractiveInk_Runtime.modulemap' not found
fatal error: module map file '/Users/andrewallen/Library/Developer/Xcode/DerivedData/InkOS-hihmbestuurshsgyovxqmygopffq/Build/Products/Debug-iphonesimulator/MyScriptInteractiveInk-Runtime/MyScriptInteractiveInk_Runtime.modulemap' not found
fatal error: module map file '/Users/andrewallen/Library/Developer/Xcode/DerivedData/InkOS-hihmbestuurshsgyovxqmygopffq/Build/Products/Debug-iphonesimulator/MyScriptInteractiveInk-Runtime/MyScriptInteractiveInk_Runtime.modulemap' not found
fatal error: module map file '/Users/andrewallen/Library/Developer/Xcode/DerivedData/InkOS-hihmbestuurshsgyovxqmygopffq/Build/Products/Debug-iphonesimulator/MyScriptInteractiveInk-Runtime/MyScriptInteractiveInk_Runtime.modulemap' not found
fatal error: module map file '/Users/andrewallen/Library/Developer/Xcode/DerivedData/InkOS-hihmbestuurshsgyovxqmygopffq/Build/Products/Debug-iphonesimulator/MyScriptInteractiveInk-Runtime/MyScriptInteractiveInk_Runtime.modulemap' not found
fatal error: module map file '/Users/andrewallen/Library/Developer/Xcode/DerivedData/InkOS-hihmbestuurshsgyovxqmygopffq/Build/Products/Debug-iphonesimulator/MyScriptInteractiveInk-Runtime/MyScriptInteractiveInk_Runtime.modulemap' not found
fatal error: module map file '/Users/andrewallen/Library/Developer/Xcode/DerivedData/InkOS-hihmbestuurshsgyovxqmygopffq/Build/Products/Debug-iphonesimulator/MyScriptInteractiveInk-Runtime/MyScriptInteractiveInk_Runtime.modulemap' not found
fatal error: module map file '/Users/andrewallen/Library/Developer/Xcode/DerivedData/InkOS-hihmbestuurshsgyovxqmygopffq/Build/Products/Debug-iphonesimulator/MyScriptInteractiveInk-Runtime/MyScriptInteractiveInk_Runtime.modulemap' not found
fatal error: module map file '/Users/andrewallen/Library/Developer/Xcode/DerivedData/InkOS-hihmbestuurshsgyovxqmygopffq/Build/Products/Debug-iphonesimulator/MyScriptInteractiveInk-Runtime/MyScriptInteractiveInk_Runtime.modulemap' not found
fatal error: module map file '/Users/andrewallen/Library/Developer/Xcode/DerivedData/InkOS-hihmbestuurshsgyovxqmygopffq/Build/Products/Debug-iphonesimulator/MyScriptInteractiveInk-Runtime/MyScriptInteractiveInk_Runtime.modulemap' not found
fatal error: module map file '/Users/andrewallen/Library/Developer/Xcode/DerivedData/InkOS-hihmbestuurshsgyovxqmygopffq/Build/Products/Debug-iphonesimulator/MyScriptInteractiveInk-Runtime/MyScriptInteractiveInk_Runtime.modulemap' not found
fatal error: module map file '/Users/andrewallen/Library/Developer/Xcode/DerivedData/InkOS-hihmbestuurshsgyovxqmygopffq/Build/Products/Debug-iphonesimulator/MyScriptInteractiveInk-Runtime/MyScriptInteractiveInk_Runtime.modulemap' not found
fatal error: module map file '/Users/andrewallen/Library/Developer/Xcode/DerivedData/InkOS-hihmbestuurshsgyovxqmygopffq/Build/Products/Debug-iphonesimulator/MyScriptInteractiveInk-Runtime/MyScriptInteractiveInk_Runtime.modulemap' not found

	Clang dependency scanner failure: fatal error: module map file '/Users/andrewallen/Library/Developer/Xcode/DerivedData/InkOS-hihmbestuurshsgyovxqmygopffq/Build/Products/Debug-iphonesimulator/MyScriptInteractiveInk-Runtime/MyScriptInteractiveInk_Runtime.modulemap' not found
fatal error: module map file '/Users/andrewallen/Library/Developer/Xcode/DerivedData/InkOS-hihmbestuurshsgyovxqmygopffq/Build/Products/Debug-iphonesimulator/MyScriptInteractiveInk-Runtime/MyScriptInteractiveInk_Runtime.modulemap' not found
fatal error: module map file '/Users/andrewallen/Library/Developer/Xcode/DerivedData/InkOS-hihmbestuurshsgyovxqmygopffq/Build/Products/Debug-iphonesimulator/MyScriptInteractiveInk-Runtime/MyScriptInteractiveInk_Runtime.modulemap' not found
fatal error: module map file '/Users/andrewallen/Library/Developer/Xcode/DerivedData/InkOS-hihmbestuurshsgyovxqmygopffq/Build/Products/Debug-iphonesimulator/MyScriptInteractiveInk-Runtime/MyScriptInteractiveInk_Runtime.modulemap' not found
fatal error: module map file '/Users/andrewallen/Library/Developer/Xcode/DerivedData/InkOS-hihmbestuurshsgyovxqmygopffq/Build/Products/Debug-iphonesimulator/MyScriptInteractiveInk-Runtime/MyScriptInteractiveInk_Runtime.modulemap' not found
fatal error: module map file '/Users/andrewallen/Library/Developer/Xcode/DerivedData/InkOS-hihmbestuurshsgyovxqmygopffq/Build/Products/Debug-iphonesimulator/MyScriptInteractiveInk-Runtime/MyScriptInteractiveInk_Runtime.modulemap' not found
fatal error: module map file '/Users/andrewallen/Library/Developer/Xcode/DerivedData/InkOS-hihmbestuurshsgyovxqmygopffq/Build/Products/Debug-iphonesimulator/MyScriptInteractiveInk-Runtime/MyScriptInteractiveInk_Runtime.modulemap' not found
fatal error: module map file '/Users/andrewallen/Library/Developer/Xcode/DerivedData/InkOS-hihmbestuurshsgyovxqmygopffq/Build/Products/Debug-iphonesimulator/MyScriptInteractiveInk-Runtime/MyScriptInteractiveInk_Runtime.modulemap' not found
fatal error: module map file '/Users/andrewallen/Library/Developer/Xcode/DerivedData/InkOS-hihmbestuurshsgyovxqmygopffq/Build/Products/Debug-iphonesimulator/MyScriptInteractiveInk-Runtime/MyScriptInteractiveInk_Runtime.modulemap' not found
fatal error: module map file '/Users/andrewallen/Library/Developer/Xcode/DerivedData/InkOS-hihmbestuurshsgyovxqmygopffq/Build/Products/Debug-iphonesimulator/MyScriptInteractiveInk-Runtime/MyScriptInteractiveInk_Runtime.modulemap' not found
fatal error: module map file '/Users/andrewallen/Library/Developer/Xcode/DerivedData/InkOS-hihmbestuurshsgyovxqmygopffq/Build/Products/Debug-iphonesimulator/MyScriptInteractiveInk-Runtime/MyScriptInteractiveInk_Runtime.modulemap' not found
fatal error: module map file '/Users/andrewallen/Library/Developer/Xcode/DerivedData/InkOS-hihmbestuurshsgyovxqmygopffq/Build/Products/Debug-iphonesimulator/MyScriptInteractiveInk-Runtime/MyScriptInteractiveInk_Runtime.modulemap' not found
fatal error: module map file '/Users/andrewallen/Library/Developer/Xcode/DerivedData/InkOS-hihmbestuurshsgyovxqmygopffq/Build/Products/Debug-iphonesimulator/MyScriptInteractiveInk-Runtime/MyScriptInteractiveInk_Runtime.modulemap' not found
fatal error: module map file '/Users/andrewallen/Library/Developer/Xcode/DerivedData/InkOS-hihmbestuurshsgyovxqmygopffq/Build/Products/Debug-iphonesimulator/MyScriptInteractiveInk-Runtime/MyScriptInteractiveInk_Runtime.modulemap' not found
fatal error: module map file '/Users/andrewallen/Library/Developer/Xcode/DerivedData/InkOS-hihmbestuurshsgyovxqmygopffq/Build/Products/Debug-iphonesimulator/MyScriptInteractiveInk-Runtime/MyScriptInteractiveInk_Runtime.modulemap' not found
fatal error: module map file '/Users/andrewallen/Library/Developer/Xcode/DerivedData/InkOS-hihmbestuurshsgyovxqmygopffq/Build/Products/Debug-iphonesimulator/MyScriptInteractiveInk-Runtime/MyScriptInteractiveInk_Runtime.modulemap' not found
fatal error: module map file '/Users/andrewallen/Library/Developer/Xcode/DerivedData/InkOS-hihmbestuurshsgyovxqmygopffq/Build/Products/Debug-iphonesimulator/MyScriptInteractiveInk-Runtime/MyScriptInteractiveInk_Runtime.modulemap' not found
fatal error: module map file '/Users/andrewallen/Library/Developer/Xcode/DerivedData/InkOS-hihmbestuurshsgyovxqmygopffq/Build/Products/Debug-iphonesimulator/MyScriptInteractiveInk-Runtime/MyScriptInteractiveInk_Runtime.modulemap' not found
fatal error: module map file '/Users/andrewallen/Library/Developer/Xcode/DerivedData/InkOS-hihmbestuurshsgyovxqmygopffq/Build/Products/Debug-iphonesimulator/MyScriptInteractiveInk-Runtime/MyScriptInteractiveInk_Runtime.modulemap' not found
fatal error: module map file '/Users/andrewallen/Library/Developer/Xcode/DerivedData/InkOS-hihmbestuurshsgyovxqmygopffq/Build/Products/Debug-iphonesimulator/MyScriptInteractiveInk-Runtime/MyScriptInteractiveInk_Runtime.modulemap' not found
fatal error: module map file '/Users/andrewallen/Library/Developer/Xcode/DerivedData/InkOS-hihmbestuurshsgyovxqmygopffq/Build/Products/Debug-iphonesimulator/MyScriptInteractiveInk-Runtime/MyScriptInteractiveInk_Runtime.modulemap' not found
fatal error: module map file '/Users/andrewallen/Library/Developer/Xcode/DerivedData/InkOS-hihmbestuurshsgyovxqmygopffq/Build/Products/Debug-iphonesimulator/MyScriptInteractiveInk-Runtime/MyScriptInteractiveInk_Runtime.modulemap' not found
fatal error: module map file '/Users/andrewallen/Library/Developer/Xcode/DerivedData/InkOS-hihmbestuurshsgyovxqmygopffq/Build/Products/Debug-iphonesimulator/MyScriptInteractiveInk-Runtime/MyScriptInteractiveInk_Runtime.modulemap' not found
fatal error: module map file '/Users/andrewallen/Library/Developer/Xcode/DerivedData/InkOS-hihmbestuurshsgyovxqmygopffq/Build/Products/Debug-iphonesimulator/MyScriptInteractiveInk-Runtime/MyScriptInteractiveInk_Runtime.modulemap' not found
fatal error: module map file '/Users/andrewallen/Library/Developer/Xcode/DerivedData/InkOS-hihmbestuurshsgyovxqmygopffq/Build/Products/Debug-iphonesimulator/MyScriptInteractiveInk-Runtime/MyScriptInteractiveInk_Runtime.modulemap' not found
fatal error: module map file '/Users/andrewallen/Library/Developer/Xcode/DerivedData/InkOS-hihmbestuurshsgyovxqmygopffq/Build/Products/Debug-iphonesimulator/MyScriptInteractiveInk-Runtime/MyScriptInteractiveInk_Runtime.modulemap' not found

	Clang dependency scanner failure: fatal error: module map file '/Users/andrewallen/Library/Developer/Xcode/DerivedData/InkOS-hihmbestuurshsgyovxqmygopffq/Build/Products/Debug-iphonesimulator/MyScriptInteractiveInk-Runtime/MyScriptInteractiveInk_Runtime.modulemap' not found
fatal error: module map file '/Users/andrewallen/Library/Developer/Xcode/DerivedData/InkOS-hihmbestuurshsgyovxqmygopffq/Build/Products/Debug-iphonesimulator/MyScriptInteractiveInk-Runtime/MyScriptInteractiveInk_Runtime.modulemap' not found
fatal error: module map file '/Users/andrewallen/Library/Developer/Xcode/DerivedData/InkOS-hihmbestuurshsgyovxqmygopffq/Build/Products/Debug-iphonesimulator/MyScriptInteractiveInk-Runtime/MyScriptInteractiveInk_Runtime.modulemap' not found
fatal error: module map file '/Users/andrewallen/Library/Developer/Xcode/DerivedData/InkOS-hihmbestuurshsgyovxqmygopffq/Build/Products/Debug-iphonesimulator/MyScriptInteractiveInk-Runtime/MyScriptInteractiveInk_Runtime.modulemap' not found
fatal error: module map file '/Users/andrewallen/Library/Developer/Xcode/DerivedData/InkOS-hihmbestuurshsgyovxqmygopffq/Build/Products/Debug-iphonesimulator/MyScriptInteractiveInk-Runtime/MyScriptInteractiveInk_Runtime.modulemap' not found
fatal error: module map file '/Users/andrewallen/Library/Developer/Xcode/DerivedData/InkOS-hihmbestuurshsgyovxqmygopffq/Build/Products/Debug-iphonesimulator/MyScriptInteractiveInk-Runtime/MyScriptInteractiveInk_Runtime.modulemap' not found
fatal error: module map file '/Users/andrewallen/Library/Developer/Xcode/DerivedData/InkOS-hihmbestuurshsgyovxqmygopffq/Build/Products/Debug-iphonesimulator/MyScriptInteractiveInk-Runtime/MyScriptInteractiveInk_Runtime.modulemap' not found
fatal error: module map file '/Users/andrewallen/Library/Developer/Xcode/DerivedData/InkOS-hihmbestuurshsgyovxqmygopffq/Build/Products/Debug-iphonesimulator/MyScriptInteractiveInk-Runtime/MyScriptInteractiveInk_Runtime.modulemap' not found
fatal error: module map file '/Users/andrewallen/Library/Developer/Xcode/DerivedData/InkOS-hihmbestuurshsgyovxqmygopffq/Build/Products/Debug-iphonesimulator/MyScriptInteractiveInk-Runtime/MyScriptInteractiveInk_Runtime.modulemap' not found
fatal error: module map file '/Users/andrewallen/Library/Developer/Xcode/DerivedData/InkOS-hihmbestuurshsgyovxqmygopffq/Build/Products/Debug-iphonesimulator/MyScriptInteractiveInk-Runtime/MyScriptInteractiveInk_Runtime.modulemap' not found
fatal error: module map file '/Users/andrewallen/Library/Developer/Xcode/DerivedData/InkOS-hihmbestuurshsgyovxqmygopffq/Build/Products/Debug-iphonesimulator/MyScriptInteractiveInk-Runtime/MyScriptInteractiveInk_Runtime.modulemap' not found
fatal error: module map file '/Users/andrewallen/Library/Developer/Xcode/DerivedData/InkOS-hihmbestuurshsgyovxqmygopffq/Build/Products/Debug-iphonesimulator/MyScriptInteractiveInk-Runtime/MyScriptInteractiveInk_Runtime.modulemap' not found
fatal error: module map file '/Users/andrewallen/Library/Developer/Xcode/DerivedData/InkOS-hihmbestuurshsgyovxqmygopffq/Build/Products/Debug-iphonesimulator/MyScriptInteractiveInk-Runtime/MyScriptInteractiveInk_Runtime.modulemap' not found
fatal error: module map file '/Users/andrewallen/Library/Developer/Xcode/DerivedData/InkOS-hihmbestuurshsgyovxqmygopffq/Build/Products/Debug-iphonesimulator/MyScriptInteractiveInk-Runtime/MyScriptInteractiveInk_Runtime.modulemap' not found
fatal error: module map file '/Users/andrewallen/Library/Developer/Xcode/DerivedData/InkOS-hihmbestuurshsgyovxqmygopffq/Build/Products/Debug-iphonesimulator/MyScriptInteractiveInk-Runtime/MyScriptInteractiveInk_Runtime.modulemap' not found
fatal error: module map file '/Users/andrewallen/Library/Developer/Xcode/DerivedData/InkOS-hihmbestuurshsgyovxqmygopffq/Build/Products/Debug-iphonesimulator/MyScriptInteractiveInk-Runtime/MyScriptInteractiveInk_Runtime.modulemap' not found
fatal error: module map file '/Users/andrewallen/Library/Developer/Xcode/DerivedData/InkOS-hihmbestuurshsgyovxqmygopffq/Build/Products/Debug-iphonesimulator/MyScriptInteractiveInk-Runtime/MyScriptInteractiveInk_Runtime.modulemap' not found
fatal error: module map file '/Users/andrewallen/Library/Developer/Xcode/DerivedData/InkOS-hihmbestuurshsgyovxqmygopffq/Build/Products/Debug-iphonesimulator/MyScriptInteractiveInk-Runtime/MyScriptInteractiveInk_Runtime.modulemap' not found
fatal error: module map file '/Users/andrewallen/Library/Developer/Xcode/DerivedData/InkOS-hihmbestuurshsgyovxqmygopffq/Build/Products/Debug-iphonesimulator/MyScriptInteractiveInk-Runtime/MyScriptInteractiveInk_Runtime.modulemap' not found
fatal error: module map file '/Users/andrewallen/Library/Developer/Xcode/DerivedData/InkOS-hihmbestuurshsgyovxqmygopffq/Build/Products/Debug-iphonesimulator/MyScriptInteractiveInk-Runtime/MyScriptInteractiveInk_Runtime.modulemap' not found
fatal error: module map file '/Users/andrewallen/Library/Developer/Xcode/DerivedData/InkOS-hihmbestuurshsgyovxqmygopffq/Build/Products/Debug-iphonesimulator/MyScriptInteractiveInk-Runtime/MyScriptInteractiveInk_Runtime.modulemap' not found
fatal error: module map file '/Users/andrewallen/Library/Developer/Xcode/DerivedData/InkOS-hihmbestuurshsgyovxqmygopffq/Build/Products/Debug-iphonesimulator/MyScriptInteractiveInk-Runtime/MyScriptInteractiveInk_Runtime.modulemap' not found
fatal error: module map file '/Users/andrewallen/Library/Developer/Xcode/DerivedData/InkOS-hihmbestuurshsgyovxqmygopffq/Build/Products/Debug-iphonesimulator/MyScriptInteractiveInk-Runtime/MyScriptInteractiveInk_Runtime.modulemap' not found
fatal error: module map file '/Users/andrewallen/Library/Developer/Xcode/DerivedData/InkOS-hihmbestuurshsgyovxqmygopffq/Build/Products/Debug-iphonesimulator/MyScriptInteractiveInk-Runtime/MyScriptInteractiveInk_Runtime.modulemap' not found
fatal error: module map file '/Users/andrewallen/Library/Developer/Xcode/DerivedData/InkOS-hihmbestuurshsgyovxqmygopffq/Build/Products/Debug-iphonesimulator/MyScriptInteractiveInk-Runtime/MyScriptInteractiveInk_Runtime.modulemap' not found
fatal error: module map file '/Users/andrewallen/Library/Developer/Xcode/DerivedData/InkOS-hihmbestuurshsgyovxqmygopffq/Build/Products/Debug-iphonesimulator/MyScriptInteractiveInk-Runtime/MyScriptInteractiveInk_Runtime.modulemap' not found
fatal error: module map file '/Users/andrewallen/Library/Developer/Xcode/DerivedData/InkOS-hihmbestuurshsgyovxqmygopffq/Build/Products/Debug-iphonesimulator/MyScriptInteractiveInk-Runtime/MyScriptInteractiveInk_Runtime.modulemap' not found
fatal error: module map file '/Users/andrewallen/Library/Developer/Xcode/DerivedData/InkOS-hihmbestuurshsgyovxqmygopffq/Build/Products/Debug-iphonesimulator/MyScriptInteractiveInk-Runtime/MyScriptInteractiveInk_Runtime.modulemap' not found
fatal error: module map file '/Users/andrewallen/Library/Developer/Xcode/DerivedData/InkOS-hihmbestuurshsgyovxqmygopffq/Build/Products/Debug-iphonesimulator/MyScriptInteractiveInk-Runtime/MyScriptInteractiveInk_Runtime.modulemap' not found
fatal error: module map file '/Users/andrewallen/Library/Developer/Xcode/DerivedData/InkOS-hihmbestuurshsgyovxqmygopffq/Build/Products/Debug-iphonesimulator/MyScriptInteractiveInk-Runtime/MyScriptInteractiveInk_Runtime.modulemap' not found

	Clang dependency scanner failure: fatal error: module map file '/Users/andrewallen/Library/Developer/Xcode/DerivedData/InkOS-hihmbestuurshsgyovxqmygopffq/Build/Products/Debug-iphonesimulator/MyScriptInteractiveInk-Runtime/MyScriptInteractiveInk_Runtime.modulemap' not found
fatal error: module map file '/Users/andrewallen/Library/Developer/Xcode/DerivedData/InkOS-hihmbestuurshsgyovxqmygopffq/Build/Products/Debug-iphonesimulator/MyScriptInteractiveInk-Runtime/MyScriptInteractiveInk_Runtime.modulemap' not found
fatal error: module map file '/Users/andrewallen/Library/Developer/Xcode/DerivedData/InkOS-hihmbestuurshsgyovxqmygopffq/Build/Products/Debug-iphonesimulator/MyScriptInteractiveInk-Runtime/MyScriptInteractiveInk_Runtime.modulemap' not found
fatal error: module map file '/Users/andrewallen/Library/Developer/Xcode/DerivedData/InkOS-hihmbestuurshsgyovxqmygopffq/Build/Products/Debug-iphonesimulator/MyScriptInteractiveInk-Runtime/MyScriptInteractiveInk_Runtime.modulemap' not found
fatal error: module map file '/Users/andrewallen/Library/Developer/Xcode/DerivedData/InkOS-hihmbestuurshsgyovxqmygopffq/Build/Products/Debug-iphonesimulator/MyScriptInteractiveInk-Runtime/MyScriptInteractiveInk_Runtime.modulemap' not found
fatal error: module map file '/Users/andrewallen/Library/Developer/Xcode/DerivedData/InkOS-hihmbestuurshsgyovxqmygopffq/Build/Products/Debug-iphonesimulator/MyScriptInteractiveInk-Runtime/MyScriptInteractiveInk_Runtime.modulemap' not found
fatal error: module map file '/Users/andrewallen/Library/Developer/Xcode/DerivedData/InkOS-hihmbestuurshsgyovxqmygopffq/Build/Products/Debug-iphonesimulator/MyScriptInteractiveInk-Runtime/MyScriptInteractiveInk_Runtime.modulemap' not found
fatal error: module map file '/Users/andrewallen/Library/Developer/Xcode/DerivedData/InkOS-hihmbestuurshsgyovxqmygopffq/Build/Products/Debug-iphonesimulator/MyScriptInteractiveInk-Runtime/MyScriptInteractiveInk_Runtime.modulemap' not found
fatal error: module map file '/Users/andrewallen/Library/Developer/Xcode/DerivedData/InkOS-hihmbestuurshsgyovxqmygopffq/Build/Products/Debug-iphonesimulator/MyScriptInteractiveInk-Runtime/MyScriptInteractiveInk_Runtime.modulemap' not found
fatal error: module map file '/Users/andrewallen/Library/Developer/Xcode/DerivedData/InkOS-hihmbestuurshsgyovxqmygopffq/Build/Products/Debug-iphonesimulator/MyScriptInteractiveInk-Runtime/MyScriptInteractiveInk_Runtime.modulemap' not found
fatal error: module map file '/Users/andrewallen/Library/Developer/Xcode/DerivedData/InkOS-hihmbestuurshsgyovxqmygopffq/Build/Products/Debug-iphonesimulator/MyScriptInteractiveInk-Runtime/MyScriptInteractiveInk_Runtime.modulemap' not found
fatal error: module map file '/Users/andrewallen/Library/Developer/Xcode/DerivedData/InkOS-hihmbestuurshsgyovxqmygopffq/Build/Products/Debug-iphonesimulator/MyScriptInteractiveInk-Runtime/MyScriptInteractiveInk_Runtime.modulemap' not found
fatal error: module map file '/Users/andrewallen/Library/Developer/Xcode/DerivedData/InkOS-hihmbestuurshsgyovxqmygopffq/Build/Products/Debug-iphonesimulator/MyScriptInteractiveInk-Runtime/MyScriptInteractiveInk_Runtime.modulemap' not found
fatal error: module map file '/Users/andrewallen/Library/Developer/Xcode/DerivedData/InkOS-hihmbestuurshsgyovxqmygopffq/Build/Products/Debug-iphonesimulator/MyScriptInteractiveInk-Runtime/MyScriptInteractiveInk_Runtime.modulemap' not found
fatal error: module map file '/Users/andrewallen/Library/Developer/Xcode/DerivedData/InkOS-hihmbestuurshsgyovxqmygopffq/Build/Products/Debug-iphonesimulator/MyScriptInteractiveInk-Runtime/MyScriptInteractiveInk_Runtime.modulemap' not found
fatal error: module map file '/Users/andrewallen/Library/Developer/Xcode/DerivedData/InkOS-hihmbestuurshsgyovxqmygopffq/Build/Products/Debug-iphonesimulator/MyScriptInteractiveInk-Runtime/MyScriptInteractiveInk_Runtime.modulemap' not found
fatal error: module map file '/Users/andrewallen/Library/Developer/Xcode/DerivedData/InkOS-hihmbestuurshsgyovxqmygopffq/Build/Products/Debug-iphonesimulator/MyScriptInteractiveInk-Runtime/MyScriptInteractiveInk_Runtime.modulemap' not found
fatal error: module map file '/Users/andrewallen/Library/Developer/Xcode/DerivedData/InkOS-hihmbestuurshsgyovxqmygopffq/Build/Products/Debug-iphonesimulator/MyScriptInteractiveInk-Runtime/MyScriptInteractiveInk_Runtime.modulemap' not found
fatal error: module map file '/Users/andrewallen/Library/Developer/Xcode/DerivedData/InkOS-hihmbestuurshsgyovxqmygopffq/Build/Products/Debug-iphonesimulator/MyScriptInteractiveInk-Runtime/MyScriptInteractiveInk_Runtime.modulemap' not found
fatal error: module map file '/Users/andrewallen/Library/Developer/Xcode/DerivedData/InkOS-hihmbestuurshsgyovxqmygopffq/Build/Products/Debug-iphonesimulator/MyScriptInteractiveInk-Runtime/MyScriptInteractiveInk_Runtime.modulemap' not found
fatal error: module map file '/Users/andrewallen/Library/Developer/Xcode/DerivedData/InkOS-hihmbestuurshsgyovxqmygopffq/Build/Products/Debug-iphonesimulator/MyScriptInteractiveInk-Runtime/MyScriptInteractiveInk_Runtime.modulemap' not found
fatal error: module map file '/Users/andrewallen/Library/Developer/Xcode/DerivedData/InkOS-hihmbestuurshsgyovxqmygopffq/Build/Products/Debug-iphonesimulator/MyScriptInteractiveInk-Runtime/MyScriptInteractiveInk_Runtime.modulemap' not found
fatal error: module map file '/Users/andrewallen/Library/Developer/Xcode/DerivedData/InkOS-hihmbestuurshsgyovxqmygopffq/Build/Products/Debug-iphonesimulator/MyScriptInteractiveInk-Runtime/MyScriptInteractiveInk_Runtime.modulemap' not found
fatal error: module map file '/Users/andrewallen/Library/Developer/Xcode/DerivedData/InkOS-hihmbestuurshsgyovxqmygopffq/Build/Products/Debug-iphonesimulator/MyScriptInteractiveInk-Runtime/MyScriptInteractiveInk_Runtime.modulemap' not found
fatal error: module map file '/Users/andrewallen/Library/Developer/Xcode/DerivedData/InkOS-hihmbestuurshsgyovxqmygopffq/Build/Products/Debug-iphonesimulator/MyScriptInteractiveInk-Runtime/MyScriptInteractiveInk_Runtime.modulemap' not found
fatal error: module map file '/Users/andrewallen/Library/Developer/Xcode/DerivedData/InkOS-hihmbestuurshsgyovxqmygopffq/Build/Products/Debug-iphonesimulator/MyScriptInteractiveInk-Runtime/MyScriptInteractiveInk_Runtime.modulemap' not found
fatal error: module map file '/Users/andrewallen/Library/Developer/Xcode/DerivedData/InkOS-hihmbestuurshsgyovxqmygopffq/Build/Products/Debug-iphonesimulator/MyScriptInteractiveInk-Runtime/MyScriptInteractiveInk_Runtime.modulemap' not found
fatal error: module map file '/Users/andrewallen/Library/Developer/Xcode/DerivedData/InkOS-hihmbestuurshsgyovxqmygopffq/Build/Products/Debug-iphonesimulator/MyScriptInteractiveInk-Runtime/MyScriptInteractiveInk_Runtime.modulemap' not found
fatal error: module map file '/Users/andrewallen/Library/Developer/Xcode/DerivedData/InkOS-hihmbestuurshsgyovxqmygopffq/Build/Products/Debug-iphonesimulator/MyScriptInteractiveInk-Runtime/MyScriptInteractiveInk_Runtime.modulemap' not found
fatal error: module map file '/Users/andrewallen/Library/Developer/Xcode/DerivedData/InkOS-hihmbestuurshsgyovxqmygopffq/Build/Products/Debug-iphonesimulator/MyScriptInteractiveInk-Runtime/MyScriptInteractiveInk_Runtime.modulemap' not found
fatal error: module map file '/Users/andrewallen/Library/Developer/Xcode/DerivedData/InkOS-hihmbestuurshsgyovxqmygopffq/Build/Products/Debug-iphonesimulator/MyScriptInteractiveInk-Runtime/MyScriptInteractiveInk_Runtime.modulemap' not found
fatal error: module map file '/Users/andrewallen/Library/Developer/Xcode/DerivedData/InkOS-hihmbestuurshsgyovxqmygopffq/Build/Products/Debug-iphonesimulator/MyScriptInteractiveInk-Runtime/MyScriptInteractiveInk_Runtime.modulemap' not found

	Clang dependency scanner failure: fatal error: module map file '/Users/andrewallen/Library/Developer/Xcode/DerivedData/InkOS-hihmbestuurshsgyovxqmygopffq/Build/Products/Debug-iphonesimulator/MyScriptInteractiveInk-Runtime/MyScriptInteractiveInk_Runtime.modulemap' not found
fatal error: module map file '/Users/andrewallen/Library/Developer/Xcode/DerivedData/InkOS-hihmbestuurshsgyovxqmygopffq/Build/Products/Debug-iphonesimulator/MyScriptInteractiveInk-Runtime/MyScriptInteractiveInk_Runtime.modulemap' not found
fatal error: module map file '/Users/andrewallen/Library/Developer/Xcode/DerivedData/InkOS-hihmbestuurshsgyovxqmygopffq/Build/Products/Debug-iphonesimulator/MyScriptInteractiveInk-Runtime/MyScriptInteractiveInk_Runtime.modulemap' not found
fatal error: module map file '/Users/andrewallen/Library/Developer/Xcode/DerivedData/InkOS-hihmbestuurshsgyovxqmygopffq/Build/Products/Debug-iphonesimulator/MyScriptInteractiveInk-Runtime/MyScriptInteractiveInk_Runtime.modulemap' not found
fatal error: module map file '/Users/andrewallen/Library/Developer/Xcode/DerivedData/InkOS-hihmbestuurshsgyovxqmygopffq/Build/Products/Debug-iphonesimulator/MyScriptInteractiveInk-Runtime/MyScriptInteractiveInk_Runtime.modulemap' not found
fatal error: module map file '/Users/andrewallen/Library/Developer/Xcode/DerivedData/InkOS-hihmbestuurshsgyovxqmygopffq/Build/Products/Debug-iphonesimulator/MyScriptInteractiveInk-Runtime/MyScriptInteractiveInk_Runtime.modulemap' not found
fatal error: module map file '/Users/andrewallen/Library/Developer/Xcode/DerivedData/InkOS-hihmbestuurshsgyovxqmygopffq/Build/Products/Debug-iphonesimulator/MyScriptInteractiveInk-Runtime/MyScriptInteractiveInk_Runtime.modulemap' not found
fatal error: module map file '/Users/andrewallen/Library/Developer/Xcode/DerivedData/InkOS-hihmbestuurshsgyovxqmygopffq/Build/Products/Debug-iphonesimulator/MyScriptInteractiveInk-Runtime/MyScriptInteractiveInk_Runtime.modulemap' not found
fatal error: module map file '/Users/andrewallen/Library/Developer/Xcode/DerivedData/InkOS-hihmbestuurshsgyovxqmygopffq/Build/Products/Debug-iphonesimulator/MyScriptInteractiveInk-Runtime/MyScriptInteractiveInk_Runtime.modulemap' not found
fatal error: module map file '/Users/andrewallen/Library/Developer/Xcode/DerivedData/InkOS-hihmbestuurshsgyovxqmygopffq/Build/Products/Debug-iphonesimulator/MyScriptInteractiveInk-Runtime/MyScriptInteractiveInk_Runtime.modulemap' not found
fatal error: module map file '/Users/andrewallen/Library/Developer/Xcode/DerivedData/InkOS-hihmbestuurshsgyovxqmygopffq/Build/Products/Debug-iphonesimulator/MyScriptInteractiveInk-Runtime/MyScriptInteractiveInk_Runtime.modulemap' not found
fatal error: module map file '/Users/andrewallen/Library/Developer/Xcode/DerivedData/InkOS-hihmbestuurshsgyovxqmygopffq/Build/Products/Debug-iphonesimulator/MyScriptInteractiveInk-Runtime/MyScriptInteractiveInk_Runtime.modulemap' not found
fatal error: module map file '/Users/andrewallen/Library/Developer/Xcode/DerivedData/InkOS-hihmbestuurshsgyovxqmygopffq/Build/Products/Debug-iphonesimulator/MyScriptInteractiveInk-Runtime/MyScriptInteractiveInk_Runtime.modulemap' not found
fatal error: module map file '/Users/andrewallen/Library/Developer/Xcode/DerivedData/InkOS-hihmbestuurshsgyovxqmygopffq/Build/Products/Debug-iphonesimulator/MyScriptInteractiveInk-Runtime/MyScriptInteractiveInk_Runtime.modulemap' not found
fatal error: module map file '/Users/andrewallen/Library/Developer/Xcode/DerivedData/InkOS-hihmbestuurshsgyovxqmygopffq/Build/Products/Debug-iphonesimulator/MyScriptInteractiveInk-Runtime/MyScriptInteractiveInk_Runtime.modulemap' not found
fatal error: module map file '/Users/andrewallen/Library/Developer/Xcode/DerivedData/InkOS-hihmbestuurshsgyovxqmygopffq/Build/Products/Debug-iphonesimulator/MyScriptInteractiveInk-Runtime/MyScriptInteractiveInk_Runtime.modulemap' not found
fatal error: module map file '/Users/andrewallen/Library/Developer/Xcode/DerivedData/InkOS-hihmbestuurshsgyovxqmygopffq/Build/Products/Debug-iphonesimulator/MyScriptInteractiveInk-Runtime/MyScriptInteractiveInk_Runtime.modulemap' not found
fatal error: module map file '/Users/andrewallen/Library/Developer/Xcode/DerivedData/InkOS-hihmbestuurshsgyovxqmygopffq/Build/Products/Debug-iphonesimulator/MyScriptInteractiveInk-Runtime/MyScriptInteractiveInk_Runtime.modulemap' not found
fatal error: module map file '/Users/andrewallen/Library/Developer/Xcode/DerivedData/InkOS-hihmbestuurshsgyovxqmygopffq/Build/Products/Debug-iphonesimulator/MyScriptInteractiveInk-Runtime/MyScriptInteractiveInk_Runtime.modulemap' not found
fatal error: module map file '/Users/andrewallen/Library/Developer/Xcode/DerivedData/InkOS-hihmbestuurshsgyovxqmygopffq/Build/Products/Debug-iphonesimulator/MyScriptInteractiveInk-Runtime/MyScriptInteractiveInk_Runtime.modulemap' not found
fatal error: module map file '/Users/andrewallen/Library/Developer/Xcode/DerivedData/InkOS-hihmbestuurshsgyovxqmygopffq/Build/Products/Debug-iphonesimulator/MyScriptInteractiveInk-Runtime/MyScriptInteractiveInk_Runtime.modulemap' not found
fatal error: module map file '/Users/andrewallen/Library/Developer/Xcode/DerivedData/InkOS-hihmbestuurshsgyovxqmygopffq/Build/Products/Debug-iphonesimulator/MyScriptInteractiveInk-Runtime/MyScriptInteractiveInk_Runtime.modulemap' not found
fatal error: module map file '/Users/andrewallen/Library/Developer/Xcode/DerivedData/InkOS-hihmbestuurshsgyovxqmygopffq/Build/Products/Debug-iphonesimulator/MyScriptInteractiveInk-Runtime/MyScriptInteractiveInk_Runtime.modulemap' not found
fatal error: module map file '/Users/andrewallen/Library/Developer/Xcode/DerivedData/InkOS-hihmbestuurshsgyovxqmygopffq/Build/Products/Debug-iphonesimulator/MyScriptInteractiveInk-Runtime/MyScriptInteractiveInk_Runtime.modulemap' not found
fatal error: module map file '/Users/andrewallen/Library/Developer/Xcode/DerivedData/InkOS-hihmbestuurshsgyovxqmygopffq/Build/Products/Debug-iphonesimulator/MyScriptInteractiveInk-Runtime/MyScriptInteractiveInk_Runtime.modulemap' not found
fatal error: module map file '/Users/andrewallen/Library/Developer/Xcode/DerivedData/InkOS-hihmbestuurshsgyovxqmygopffq/Build/Products/Debug-iphonesimulator/MyScriptInteractiveInk-Runtime/MyScriptInteractiveInk_Runtime.modulemap' not found
fatal error: module map file '/Users/andrewallen/Library/Developer/Xcode/DerivedData/InkOS-hihmbestuurshsgyovxqmygopffq/Build/Products/Debug-iphonesimulator/MyScriptInteractiveInk-Runtime/MyScriptInteractiveInk_Runtime.modulemap' not found
fatal error: module map file '/Users/andrewallen/Library/Developer/Xcode/DerivedData/InkOS-hihmbestuurshsgyovxqmygopffq/Build/Products/Debug-iphonesimulator/MyScriptInteractiveInk-Runtime/MyScriptInteractiveInk_Runtime.modulemap' not found
fatal error: module map file '/Users/andrewallen/Library/Developer/Xcode/DerivedData/InkOS-hihmbestuurshsgyovxqmygopffq/Build/Products/Debug-iphonesimulator/MyScriptInteractiveInk-Runtime/MyScriptInteractiveInk_Runtime.modulemap' not found
fatal error: module map file '/Users/andrewallen/Library/Developer/Xcode/DerivedData/InkOS-hihmbestuurshsgyovxqmygopffq/Build/Products/Debug-iphonesimulator/MyScriptInteractiveInk-Runtime/MyScriptInteractiveInk_Runtime.modulemap' not found
fatal error: module map file '/Users/andrewallen/Library/Developer/Xcode/DerivedData/InkOS-hihmbestuurshsgyovxqmygopffq/Build/Products/Debug-iphonesimulator/MyScriptInteractiveInk-Runtime/MyScriptInteractiveInk_Runtime.modulemap' not found
fatal error: module map file '/Users/andrewallen/Library/Developer/Xcode/DerivedData/InkOS-hihmbestuurshsgyovxqmygopffq/Build/Products/Debug-iphonesimulator/MyScriptInteractiveInk-Runtime/MyScriptInteractiveInk_Runtime.modulemap' not found
fatal error: module map file '/Users/andrewallen/Library/Developer/Xcode/DerivedData/InkOS-hihmbestuurshsgyovxqmygopffq/Build/Products/Debug-iphonesimulator/MyScriptInteractiveInk-Runtime/MyScriptInteractiveInk_Runtime.modulemap' not found
fatal error: module map file '/Users/andrewallen/Library/Developer/Xcode/DerivedData/InkOS-hihmbestuurshsgyovxqmygopffq/Build/Products/Debug-iphonesimulator/MyScriptInteractiveInk-Runtime/MyScriptInteractiveInk_Runtime.modulemap' not found
fatal error: module map file '/Users/andrewallen/Library/Developer/Xcode/DerivedData/InkOS-hihmbestuurshsgyovxqmygopffq/Build/Products/Debug-iphonesimulator/MyScriptInteractiveInk-Runtime/MyScriptInteractiveInk_Runtime.modulemap' not found
fatal error: module map file '/Users/andrewallen/Library/Developer/Xcode/DerivedData/InkOS-hihmbestuurshsgyovxqmygopffq/Build/Products/Debug-iphonesimulator/MyScriptInteractiveInk-Runtime/MyScriptInteractiveInk_Runtime.modulemap' not found
fatal error: module map file '/Users/andrewallen/Library/Developer/Xcode/DerivedData/InkOS-hihmbestuurshsgyovxqmygopffq/Build/Products/Debug-iphonesimulator/MyScriptInteractiveInk-Runtime/MyScriptInteractiveInk_Runtime.modulemap' not found
fatal error: module map file '/Users/andrewallen/Library/Developer/Xcode/DerivedData/InkOS-hihmbestuurshsgyovxqmygopffq/Build/Products/Debug-iphonesimulator/MyScriptInteractiveInk-Runtime/MyScriptInteractiveInk_Runtime.modulemap' not found
fatal error: module map file '/Users/andrewallen/Library/Developer/Xcode/DerivedData/InkOS-hihmbestuurshsgyovxqmygopffq/Build/Products/Debug-iphonesimulator/MyScriptInteractiveInk-Runtime/MyScriptInteractiveInk_Runtime.modulemap' not found

	Clang dependency scanner failure: fatal error: module map file '/Users/andrewallen/Library/Developer/Xcode/DerivedData/InkOS-hihmbestuurshsgyovxqmygopffq/Build/Products/Debug-iphonesimulator/MyScriptInteractiveInk-Runtime/MyScriptInteractiveInk_Runtime.modulemap' not found
fatal error: module map file '/Users/andrewallen/Library/Developer/Xcode/DerivedData/InkOS-hihmbestuurshsgyovxqmygopffq/Build/Products/Debug-iphonesimulator/MyScriptInteractiveInk-Runtime/MyScriptInteractiveInk_Runtime.modulemap' not found
fatal error: module map file '/Users/andrewallen/Library/Developer/Xcode/DerivedData/InkOS-hihmbestuurshsgyovxqmygopffq/Build/Products/Debug-iphonesimulator/MyScriptInteractiveInk-Runtime/MyScriptInteractiveInk_Runtime.modulemap' not found
fatal error: module map file '/Users/andrewallen/Library/Developer/Xcode/DerivedData/InkOS-hihmbestuurshsgyovxqmygopffq/Build/Products/Debug-iphonesimulator/MyScriptInteractiveInk-Runtime/MyScriptInteractiveInk_Runtime.modulemap' not found
fatal error: module map file '/Users/andrewallen/Library/Developer/Xcode/DerivedData/InkOS-hihmbestuurshsgyovxqmygopffq/Build/Products/Debug-iphonesimulator/MyScriptInteractiveInk-Runtime/MyScriptInteractiveInk_Runtime.modulemap' not found
fatal error: module map file '/Users/andrewallen/Library/Developer/Xcode/DerivedData/InkOS-hihmbestuurshsgyovxqmygopffq/Build/Products/Debug-iphonesimulator/MyScriptInteractiveInk-Runtime/MyScriptInteractiveInk_Runtime.modulemap' not found
fatal error: module map file '/Users/andrewallen/Library/Developer/Xcode/DerivedData/InkOS-hihmbestuurshsgyovxqmygopffq/Build/Products/Debug-iphonesimulator/MyScriptInteractiveInk-Runtime/MyScriptInteractiveInk_Runtime.modulemap' not found
fatal error: module map file '/Users/andrewallen/Library/Developer/Xcode/DerivedData/InkOS-hihmbestuurshsgyovxqmygopffq/Build/Products/Debug-iphonesimulator/MyScriptInteractiveInk-Runtime/MyScriptInteractiveInk_Runtime.modulemap' not found
fatal error: module map file '/Users/andrewallen/Library/Developer/Xcode/DerivedData/InkOS-hihmbestuurshsgyovxqmygopffq/Build/Products/Debug-iphonesimulator/MyScriptInteractiveInk-Runtime/MyScriptInteractiveInk_Runtime.modulemap' not found
fatal error: module map file '/Users/andrewallen/Library/Developer/Xcode/DerivedData/InkOS-hihmbestuurshsgyovxqmygopffq/Build/Products/Debug-iphonesimulator/MyScriptInteractiveInk-Runtime/MyScriptInteractiveInk_Runtime.modulemap' not found
fatal error: module map file '/Users/andrewallen/Library/Developer/Xcode/DerivedData/InkOS-hihmbestuurshsgyovxqmygopffq/Build/Products/Debug-iphonesimulator/MyScriptInteractiveInk-Runtime/MyScriptInteractiveInk_Runtime.modulemap' not found
fatal error: module map file '/Users/andrewallen/Library/Developer/Xcode/DerivedData/InkOS-hihmbestuurshsgyovxqmygopffq/Build/Products/Debug-iphonesimulator/MyScriptInteractiveInk-Runtime/MyScriptInteractiveInk_Runtime.modulemap' not found
fatal error: module map file '/Users/andrewallen/Library/Developer/Xcode/DerivedData/InkOS-hihmbestuurshsgyovxqmygopffq/Build/Products/Debug-iphonesimulator/MyScriptInteractiveInk-Runtime/MyScriptInteractiveInk_Runtime.modulemap' not found
fatal error: module map file '/Users/andrewallen/Library/Developer/Xcode/DerivedData/InkOS-hihmbestuurshsgyovxqmygopffq/Build/Products/Debug-iphonesimulator/MyScriptInteractiveInk-Runtime/MyScriptInteractiveInk_Runtime.modulemap' not found
fatal error: module map file '/Users/andrewallen/Library/Developer/Xcode/DerivedData/InkOS-hihmbestuurshsgyovxqmygopffq/Build/Products/Debug-iphonesimulator/MyScriptInteractiveInk-Runtime/MyScriptInteractiveInk_Runtime.modulemap' not found
fatal error: module map file '/Users/andrewallen/Library/Developer/Xcode/DerivedData/InkOS-hihmbestuurshsgyovxqmygopffq/Build/Products/Debug-iphonesimulator/MyScriptInteractiveInk-Runtime/MyScriptInteractiveInk_Runtime.modulemap' not found
fatal error: module map file '/Users/andrewallen/Library/Developer/Xcode/DerivedData/InkOS-hihmbestuurshsgyovxqmygopffq/Build/Products/Debug-iphonesimulator/MyScriptInteractiveInk-Runtime/MyScriptInteractiveInk_Runtime.modulemap' not found
fatal error: module map file '/Users/andrewallen/Library/Developer/Xcode/DerivedData/InkOS-hihmbestuurshsgyovxqmygopffq/Build/Products/Debug-iphonesimulator/MyScriptInteractiveInk-Runtime/MyScriptInteractiveInk_Runtime.modulemap' not found
fatal error: module map file '/Users/andrewallen/Library/Developer/Xcode/DerivedData/InkOS-hihmbestuurshsgyovxqmygopffq/Build/Products/Debug-iphonesimulator/MyScriptInteractiveInk-Runtime/MyScriptInteractiveInk_Runtime.modulemap' not found
fatal error: module map file '/Users/andrewallen/Library/Developer/Xcode/DerivedData/InkOS-hihmbestuurshsgyovxqmygopffq/Build/Products/Debug-iphonesimulator/MyScriptInteractiveInk-Runtime/MyScriptInteractiveInk_Runtime.modulemap' not found
fatal error: module map file '/Users/andrewallen/Library/Developer/Xcode/DerivedData/InkOS-hihmbestuurshsgyovxqmygopffq/Build/Products/Debug-iphonesimulator/MyScriptInteractiveInk-Runtime/MyScriptInteractiveInk_Runtime.modulemap' not found
fatal error: module map file '/Users/andrewallen/Library/Developer/Xcode/DerivedData/InkOS-hihmbestuurshsgyovxqmygopffq/Build/Products/Debug-iphonesimulator/MyScriptInteractiveInk-Runtime/MyScriptInteractiveInk_Runtime.modulemap' not found
fatal error: module map file '/Users/andrewallen/Library/Developer/Xcode/DerivedData/InkOS-hihmbestuurshsgyovxqmygopffq/Build/Products/Debug-iphonesimulator/MyScriptInteractiveInk-Runtime/MyScriptInteractiveInk_Runtime.modulemap' not found
fatal error: module map file '/Users/andrewallen/Library/Developer/Xcode/DerivedData/InkOS-hihmbestuurshsgyovxqmygopffq/Build/Products/Debug-iphonesimulator/MyScriptInteractiveInk-Runtime/MyScriptInteractiveInk_Runtime.modulemap' not found
fatal error: module map file '/Users/andrewallen/Library/Developer/Xcode/DerivedData/InkOS-hihmbestuurshsgyovxqmygopffq/Build/Products/Debug-iphonesimulator/MyScriptInteractiveInk-Runtime/MyScriptInteractiveInk_Runtime.modulemap' not found
fatal error: module map file '/Users/andrewallen/Library/Developer/Xcode/DerivedData/InkOS-hihmbestuurshsgyovxqmygopffq/Build/Products/Debug-iphonesimulator/MyScriptInteractiveInk-Runtime/MyScriptInteractiveInk_Runtime.modulemap' not found
fatal error: module map file '/Users/andrewallen/Library/Developer/Xcode/DerivedData/InkOS-hihmbestuurshsgyovxqmygopffq/Build/Products/Debug-iphonesimulator/MyScriptInteractiveInk-Runtime/MyScriptInteractiveInk_Runtime.modulemap' not found
fatal error: module map file '/Users/andrewallen/Library/Developer/Xcode/DerivedData/InkOS-hihmbestuurshsgyovxqmygopffq/Build/Products/Debug-iphonesimulator/MyScriptInteractiveInk-Runtime/MyScriptInteractiveInk_Runtime.modulemap' not found
fatal error: module map file '/Users/andrewallen/Library/Developer/Xcode/DerivedData/InkOS-hihmbestuurshsgyovxqmygopffq/Build/Products/Debug-iphonesimulator/MyScriptInteractiveInk-Runtime/MyScriptInteractiveInk_Runtime.modulemap' not found
fatal error: module map file '/Users/andrewallen/Library/Developer/Xcode/DerivedData/InkOS-hihmbestuurshsgyovxqmygopffq/Build/Products/Debug-iphonesimulator/MyScriptInteractiveInk-Runtime/MyScriptInteractiveInk_Runtime.modulemap' not found
fatal error: module map file '/Users/andrewallen/Library/Developer/Xcode/DerivedData/InkOS-hihmbestuurshsgyovxqmygopffq/Build/Products/Debug-iphonesimulator/MyScriptInteractiveInk-Runtime/MyScriptInteractiveInk_Runtime.modulemap' not found
fatal error: module map file '/Users/andrewallen/Library/Developer/Xcode/DerivedData/InkOS-hihmbestuurshsgyovxqmygopffq/Build/Products/Debug-iphonesimulator/MyScriptInteractiveInk-Runtime/MyScriptInteractiveInk_Runtime.modulemap' not found
fatal error: module map file '/Users/andrewallen/Library/Developer/Xcode/DerivedData/InkOS-hihmbestuurshsgyovxqmygopffq/Build/Products/Debug-iphonesimulator/MyScriptInteractiveInk-Runtime/MyScriptInteractiveInk_Runtime.modulemap' not found
fatal error: module map file '/Users/andrewallen/Library/Developer/Xcode/DerivedData/InkOS-hihmbestuurshsgyovxqmygopffq/Build/Products/Debug-iphonesimulator/MyScriptInteractiveInk-Runtime/MyScriptInteractiveInk_Runtime.modulemap' not found
fatal error: module map file '/Users/andrewallen/Library/Developer/Xcode/DerivedData/InkOS-hihmbestuurshsgyovxqmygopffq/Build/Products/Debug-iphonesimulator/MyScriptInteractiveInk-Runtime/MyScriptInteractiveInk_Runtime.modulemap' not found
fatal error: module map file '/Users/andrewallen/Library/Developer/Xcode/DerivedData/InkOS-hihmbestuurshsgyovxqmygopffq/Build/Products/Debug-iphonesimulator/MyScriptInteractiveInk-Runtime/MyScriptInteractiveInk_Runtime.modulemap' not found
fatal error: module map file '/Users/andrewallen/Library/Developer/Xcode/DerivedData/InkOS-hihmbestuurshsgyovxqmygopffq/Build/Products/Debug-iphonesimulator/MyScriptInteractiveInk-Runtime/MyScriptInteractiveInk_Runtime.modulemap' not found
fatal error: module map file '/Users/andrewallen/Library/Developer/Xcode/DerivedData/InkOS-hihmbestuurshsgyovxqmygopffq/Build/Products/Debug-iphonesimulator/MyScriptInteractiveInk-Runtime/MyScriptInteractiveInk_Runtime.modulemap' not found

	Unable to find module dependency: '_SwiftConcurrencyShims'
	Unable to find module dependency: 'SwiftShims'
	Unable to find module dependency: 'SwiftUI'
	Unable to find module dependency: 'UIKit'
	Unable to find module dependency: 'Foundation'
	Unable to find module dependency: 'QuartzCore'
	Unable to find module dependency: 'CoreText'
	Unable to find module dependency: 'DeveloperToolsSupport'
	Unable to find module dependency: 'CoreData'
	Unable to find module dependency: 'CoreFoundation'
	Unable to find module dependency: 'CoreGraphics'
	Unable to find module dependency: 'CoreTransferable'
	Unable to find module dependency: 'OSLog'
	Unable to find module dependency: 'Spatial'
	Unable to find module dependency: 'SwiftUICore'
	Unable to find module dependency: 'Symbols'
	Unable to find module dependency: 'UniformTypeIdentifiers'
	Unable to find module dependency: 'os'
	Unable to find module dependency: 'Accessibility'
	Unable to find module dependency: 'DataDetection'
	Unable to find module dependency: 'Dispatch'
	Unable to find module dependency: 'Darwin'
	Unable to find module dependency: 'sys_types'
	Unable to find module dependency: 'ObjectiveC'
	Unable to find module dependency: '_Builtin_float'
	Unable to find module dependency: '_DarwinFoundation1'
	Unable to find module dependency: '_DarwinFoundation2'
	Unable to find module dependency: '_DarwinFoundation3'
	Bridging header dependency scan failure: fatal error: module map file '/Users/andrewallen/Library/Developer/Xcode/DerivedData/InkOS-hihmbestuurshsgyovxqmygopffq/Build/Products/Debug-iphonesimulator/MyScriptInteractiveInk-Runtime/MyScriptInteractiveInk_Runtime.modulemap' not found
fatal error: module map file '/Users/andrewallen/Library/Developer/Xcode/DerivedData/InkOS-hihmbestuurshsgyovxqmygopffq/Build/Products/Debug-iphonesimulator/MyScriptInteractiveInk-Runtime/MyScriptInteractiveInk_Runtime.modulemap' not found
fatal error: module map file '/Users/andrewallen/Library/Developer/Xcode/DerivedData/InkOS-hihmbestuurshsgyovxqmygopffq/Build/Products/Debug-iphonesimulator/MyScriptInteractiveInk-Runtime/MyScriptInteractiveInk_Runtime.modulemap' not found
fatal error: module map file '/Users/andrewallen/Library/Developer/Xcode/DerivedData/InkOS-hihmbestuurshsgyovxqmygopffq/Build/Products/Debug-iphonesimulator/MyScriptInteractiveInk-Runtime/MyScriptInteractiveInk_Runtime.modulemap' not found
fatal error: module map file '/Users/andrewallen/Library/Developer/Xcode/DerivedData/InkOS-hihmbestuurshsgyovxqmygopffq/Build/Products/Debug-iphonesimulator/MyScriptInteractiveInk-Runtime/MyScriptInteractiveInk_Runtime.modulemap' not found
fatal error: module map file '/Users/andrewallen/Library/Developer/Xcode/DerivedData/InkOS-hihmbestuurshsgyovxqmygopffq/Build/Products/Debug-iphonesimulator/MyScriptInteractiveInk-Runtime/MyScriptInteractiveInk_Runtime.modulemap' not found
fatal error: module map file '/Users/andrewallen/Library/Developer/Xcode/DerivedData/InkOS-hihmbestuurshsgyovxqmygopffq/Build/Products/Debug-iphonesimulator/MyScriptInteractiveInk-Runtime/MyScriptInteractiveInk_Runtime.modulemap' not found
fatal error: module map file '/Users/andrewallen/Library/Developer/Xcode/DerivedData/InkOS-hihmbestuurshsgyovxqmygopffq/Build/Products/Debug-iphonesimulator/MyScriptInteractiveInk-Runtime/MyScriptInteractiveInk_Runtime.modulemap' not found
fatal error: module map file '/Users/andrewallen/Library/Developer/Xcode/DerivedData/InkOS-hihmbestuurshsgyovxqmygopffq/Build/Products/Debug-iphonesimulator/MyScriptInteractiveInk-Runtime/MyScriptInteractiveInk_Runtime.modulemap' not found
fatal error: module map file '/Users/andrewallen/Library/Developer/Xcode/DerivedData/InkOS-hihmbestuurshsgyovxqmygopffq/Build/Products/Debug-iphonesimulator/MyScriptInteractiveInk-Runtime/MyScriptInteractiveInk_Runtime.modulemap' not found
fatal error: module map file '/Users/andrewallen/Library/Developer/Xcode/DerivedData/InkOS-hihmbestuurshsgyovxqmygopffq/Build/Products/Debug-iphonesimulator/MyScriptInteractiveInk-Runtime/MyScriptInteractiveInk_Runtime.modulemap' not found
fatal error: module map file '/Users/andrewallen/Library/Developer/Xcode/DerivedData/InkOS-hihmbestuurshsgyovxqmygopffq/Build/Products/Debug-iphonesimulator/MyScriptInteractiveInk-Runtime/MyScriptInteractiveInk_Runtime.modulemap' not found
fatal error: module map file '/Users/andrewallen/Library/Developer/Xcode/DerivedData/InkOS-hihmbestuurshsgyovxqmygopffq/Build/Products/Debug-iphonesimulator/MyScriptInteractiveInk-Runtime/MyScriptInteractiveInk_Runtime.modulemap' not found
fatal error: module map file '/Users/andrewallen/Library/Developer/Xcode/DerivedData/InkOS-hihmbestuurshsgyovxqmygopffq/Build/Products/Debug-iphonesimulator/MyScriptInteractiveInk-Runtime/MyScriptInteractiveInk_Runtime.modulemap' not found
fatal error: module map file '/Users/andrewallen/Library/Developer/Xcode/DerivedData/InkOS-hihmbestuurshsgyovxqmygopffq/Build/Products/Debug-iphonesimulator/MyScriptInteractiveInk-Runtime/MyScriptInteractiveInk_Runtime.modulemap' not found
fatal error: module map file '/Users/andrewallen/Library/Developer/Xcode/DerivedData/InkOS-hihmbestuurshsgyovxqmygopffq/Build/Products/Debug-iphonesimulator/MyScriptInteractiveInk-Runtime/MyScriptInteractiveInk_Runtime.modulemap' not found
fatal error: module map file '/Users/andrewallen/Library/Developer/Xcode/DerivedData/InkOS-hihmbestuurshsgyovxqmygopffq/Build/Products/Debug-iphonesimulator/MyScriptInteractiveInk-Runtime/MyScriptInteractiveInk_Runtime.modulemap' not found
fatal error: module map file '/Users/andrewallen/Library/Developer/Xcode/DerivedData/InkOS-hihmbestuurshsgyovxqmygopffq/Build/Products/Debug-iphonesimulator/MyScriptInteractiveInk-Runtime/MyScriptInteractiveInk_Runtime.modulemap' not found
fatal error: module map file '/Users/andrewallen/Library/Developer/Xcode/DerivedData/InkOS-hihmbestuurshsgyovxqmygopffq/Build/Products/Debug-iphonesimulator/MyScriptInteractiveInk-Runtime/MyScriptInteractiveInk_Runtime.modulemap' not found
fatal error: module map file '/Users/andrewallen/Library/Developer/Xcode/DerivedData/InkOS-hihmbestuurshsgyovxqmygopffq/Build/Products/Debug-iphonesimulator/MyScriptInteractiveInk-Runtime/MyScriptInteractiveInk_Runtime.modulemap' not found
fatal error: module map file '/Users/andrewallen/Library/Developer/Xcode/DerivedData/InkOS-hihmbestuurshsgyovxqmygopffq/Build/Products/Debug-iphonesimulator/MyScriptInteractiveInk-Runtime/MyScriptInteractiveInk_Runtime.modulemap' not found
fatal error: module map file '/Users/andrewallen/Library/Developer/Xcode/DerivedData/InkOS-hihmbestuurshsgyovxqmygopffq/Build/Products/Debug-iphonesimulator/MyScriptInteractiveInk-Runtime/MyScriptInteractiveInk_Runtime.modulemap' not found
fatal error: module map file '/Users/andrewallen/Library/Developer/Xcode/DerivedData/InkOS-hihmbestuurshsgyovxqmygopffq/Build/Products/Debug-iphonesimulator/MyScriptInteractiveInk-Runtime/MyScriptInteractiveInk_Runtime.modulemap' not found
fatal error: module map file '/Users/andrewallen/Library/Developer/Xcode/DerivedData/InkOS-hihmbestuurshsgyovxqmygopffq/Build/Products/Debug-iphonesimulator/MyScriptInteractiveInk-Runtime/MyScriptInteractiveInk_Runtime.modulemap' not found
fatal error: module map file '/Users/andrewallen/Library/Developer/Xcode/DerivedData/InkOS-hihmbestuurshsgyovxqmygopffq/Build/Products/Debug-iphonesimulator/MyScriptInteractiveInk-Runtime/MyScriptInteractiveInk_Runtime.modulemap' not found
fatal error: module map file '/Users/andrewallen/Library/Developer/Xcode/DerivedData/InkOS-hihmbestuurshsgyovxqmygopffq/Build/Products/Debug-iphonesimulator/MyScriptInteractiveInk-Runtime/MyScriptInteractiveInk_Runtime.modulemap' not found
fatal error: module map file '/Users/andrewallen/Library/Developer/Xcode/DerivedData/InkOS-hihmbestuurshsgyovxqmygopffq/Build/Products/Debug-iphonesimulator/MyScriptInteractiveInk-Runtime/MyScriptInteractiveInk_Runtime.modulemap' not found
fatal error: module map file '/Users/andrewallen/Library/Developer/Xcode/DerivedData/InkOS-hihmbestuurshsgyovxqmygopffq/Build/Products/Debug-iphonesimulator/MyScriptInteractiveInk-Runtime/MyScriptInteractiveInk_Runtime.modulemap' not found
fatal error: module map file '/Users/andrewallen/Library/Developer/Xcode/DerivedData/InkOS-hihmbestuurshsgyovxqmygopffq/Build/Products/Debug-iphonesimulator/MyScriptInteractiveInk-Runtime/MyScriptInteractiveInk_Runtime.modulemap' not found
fatal error: module map file '/Users/andrewallen/Library/Developer/Xcode/DerivedData/InkOS-hihmbestuurshsgyovxqmygopffq/Build/Products/Debug-iphonesimulator/MyScriptInteractiveInk-Runtime/MyScriptInteractiveInk_Runtime.modulemap' not found
fatal error: module map file '/Users/andrewallen/Library/Developer/Xcode/DerivedData/InkOS-hihmbestuurshsgyovxqmygopffq/Build/Products/Debug-iphonesimulator/MyScriptInteractiveInk-Runtime/MyScriptInteractiveInk_Runtime.modulemap' not found
fatal error: module map file '/Users/andrewallen/Library/Developer/Xcode/DerivedData/InkOS-hihmbestuurshsgyovxqmygopffq/Build/Products/Debug-iphonesimulator/MyScriptInteractiveInk-Runtime/MyScriptInteractiveInk_Runtime.modulemap' not found
fatal error: module map file '/Users/andrewallen/Library/Developer/Xcode/DerivedData/InkOS-hihmbestuurshsgyovxqmygopffq/Build/Products/Debug-iphonesimulator/MyScriptInteractiveInk-Runtime/MyScriptInteractiveInk_Runtime.modulemap' not found
fatal error: module map file '/Users/andrewallen/Library/Developer/Xcode/DerivedData/InkOS-hihmbestuurshsgyovxqmygopffq/Build/Products/Debug-iphonesimulator/MyScriptInteractiveInk-Runtime/MyScriptInteractiveInk_Runtime.modulemap' not found
fatal error: module map file '/Users/andrewallen/Library/Developer/Xcode/DerivedData/InkOS-hihmbestuurshsgyovxqmygopffq/Build/Products/Debug-iphonesimulator/MyScriptInteractiveInk-Runtime/MyScriptInteractiveInk_Runtime.modulemap' not found
fatal error: module map file '/Users/andrewallen/Library/Developer/Xcode/DerivedData/InkOS-hihmbestuurshsgyovxqmygopffq/Build/Products/Debug-iphonesimulator/MyScriptInteractiveInk-Runtime/MyScriptInteractiveInk_Runtime.modulemap' not found
fatal error: module map file '/Users/andrewallen/Library/Developer/Xcode/DerivedData/InkOS-hihmbestuurshsgyovxqmygopffq/Build/Products/Debug-iphonesimulator/MyScriptInteractiveInk-Runtime/MyScriptInteractiveInk_Runtime.modulemap' not found
fatal error: module map file '/Users/andrewallen/Library/Developer/Xcode/DerivedData/InkOS-hihmbestuurshsgyovxqmygopffq/Build/Products/Debug-iphonesimulator/MyScriptInteractiveInk-Runtime/MyScriptInteractiveInk_Runtime.modulemap' not found

	Testing cancelled because the build failed.

** TEST FAILED **


The following build commands failed:
	SwiftDriver InkOS normal arm64 com.apple.xcode.tools.swift.compiler (in target 'InkOS' from project 'InkOS')
	Testing project InkOS with scheme InkOS
(2 failures)
